I/APP     ( 2902): I 02/13/2013 12:15:56:612 00000b6c           HttpServer| GC End.
I/APP     ( 2902): I 02/13/2013 12:15:56:721 00000b6c           HttpServer| Process URI: '/app/Settings/get_data'
I/APP     ( 2902): I 02/13/2013 12:15:56:726 00000b6c                  APP| RHO serve: /app/Settings/get_data
I/APP     ( 2902): I 02/13/2013 12:15:56:765 00000b56       SimpleMainView| Cleared URL: javascript:setData("","","");
I/APP     ( 2902): I 02/13/2013 12:15:56:819 00000b6c           HttpServer| GC Start.
I/APP     ( 2902): I 02/13/2013 12:15:56:891 00000b6c           HttpServer| GC End.
I/APP     ( 2902): I 02/13/2013 12:15:59:909 00000b6c           HttpServer| Process URI: '/app/Request/request'
I/APP     ( 2902): I 02/13/2013 12:15:59:911 00000b6c                  APP| RHO serve: /app/Request/request
I/APP     ( 2902): I 02/13/2013 12:16:00:064 00000b6c           HttpServer| GC Start.
I/APP     ( 2902): I 02/13/2013 12:16:00:155 00000b6c           HttpServer| GC End.
I/APP     ( 2902): I 02/13/2013 12:16:02:672 00000b6c           HttpServer| Process URI: '/app/Request/request_rental'
I/APP     ( 2902): I 02/13/2013 12:16:02:678 00000b6c                  APP| RHO serve: /app/Request/request_rental
I/APP     ( 2902): I 02/13/2013 12:16:02:893 00000b6c           HttpServer| GC Start.
I/APP     ( 2902): I 02/13/2013 12:16:02:980 00000b6c           HttpServer| GC End.
I/APP     ( 2902): I 02/13/2013 12:16:08:677 00000b6c           HttpServer| Process URI: '/favicon.ico'
I/APP     ( 2902): E 02/13/2013 12:16:08:734 00000b6c           HttpServer| The file /favicon.ico was not found
I/APP     ( 2902): I 02/13/2013 12:16:08:796 00000b6c           HttpServer| Process URI: '/app/Request/request'
I/APP     ( 2902): I 02/13/2013 12:16:08:986 00000b6c                  APP| RHO serve: /app/Request/request
I/APP     ( 2902): I 02/13/2013 12:16:09:456 00000b6c           HttpServer| GC Start.
I/APP     ( 2902): I 02/13/2013 12:16:09:786 00000b6c           HttpServer| GC End.
I/APP     ( 2902): I 02/13/2013 12:16:10:695 00000b6c           HttpServer| Process URI: '/app/Request/request_rental'
I/APP     ( 2902): I 02/13/2013 12:16:10:757 00000b6c                  APP| RHO serve: /app/Request/request_rental
I/APP     ( 2902): I 02/13/2013 12:16:11:294 00000b6c           HttpServer| GC Start.
I/APP     ( 2902): I 02/13/2013 12:16:11:589 00000b6c           HttpServer| GC End.
I/APP     ( 2902): I 02/13/2013 12:16:11:688 00000b6c           HttpServer| Process URI: '/favicon.ico'
I/APP     ( 2902): E 02/13/2013 12:16:11:759 00000b6c           HttpServer| The file /favicon.ico was not found
I/APP     ( 2902): I 02/13/2013 12:16:12:930 00000b6c           HttpServer| Process URI: '/favicon.ico'
I/APP     ( 2902): E 02/13/2013 12:16:12:931 00000b6c           HttpServer| The file /favicon.ico was not found
I/APP     ( 2902): I 02/13/2013 12:16:13:024 00000b6c           HttpServer| Process URI: '/app/Request/request'
I/APP     ( 2902): I 02/13/2013 12:16:13:036 00000b6c                  APP| RHO serve: /app/Request/request
I/APP     ( 2902): I 02/13/2013 12:16:13:103 00000b6c           HttpServer| GC Start.
I/APP     ( 2902): I 02/13/2013 12:16:13:187 00000b6c           HttpServer| GC End.
I/APP     ( 2902): I 02/13/2013 12:16:13:996 00000b6c           HttpServer| Process URI: '/app/Request/request_project'
I/APP     ( 2902): I 02/13/2013 12:16:14:008 00000b6c                  APP| RHO serve: /app/Request/request_project
I/APP     ( 2902): I 02/13/2013 12:16:14:072 00000b6c           HttpServer| GC Start.
I/APP     ( 2902): I 02/13/2013 12:16:14:144 00000b6c           HttpServer| GC End.
I/APP     ( 2902): I 02/13/2013 12:16:14:193 00000b6c           HttpServer| Process URI: '/favicon.ico'
I/APP     ( 2902): E 02/13/2013 12:16:14:198 00000b6c           HttpServer| The file /favicon.ico was not found
I/APP     ( 2902): I 02/13/2013 12:16:15:416 00000b6c           HttpServer| Process URI: '/favicon.ico'
I/APP     ( 2902): E 02/13/2013 12:16:15:418 00000b6c           HttpServer| The file /favicon.ico was not found
I/APP     ( 2902): I 02/13/2013 12:16:15:499 00000b6c           HttpServer| Process URI: '/app/Request/request'
I/APP     ( 2902): I 02/13/2013 12:16:15:505 00000b6c                  APP| RHO serve: /app/Request/request
I/APP     ( 2902): I 02/13/2013 12:16:15:562 00000b6c           HttpServer| GC Start.
I/APP     ( 2902): I 02/13/2013 12:16:15:640 00000b6c           HttpServer| GC End.
I/APP     ( 2902): I 02/13/2013 12:16:16:923 00000b6c           HttpServer| Process URI: '/app/Settings'
I/APP     ( 2902): I 02/13/2013 12:16:16:961 00000b6c                  APP| RHO serve: /app/Settings
I/APP     ( 2902): I 02/13/2013 12:16:17:021 00000b6c           HttpServer| GC Start.
I/APP     ( 2902): I 02/13/2013 12:16:17:101 00000b6c           HttpServer| GC End.
I/APP     ( 2902): I 02/13/2013 12:16:17:107 00000b6c           HttpServer| Process URI: '/app/Settings/get_data'
I/APP     ( 2902): I 02/13/2013 12:16:17:237 00000b6c                  APP| RHO serve: /app/Settings/get_data
I/APP     ( 2902): I 02/13/2013 12:16:17:389 00000b56       SimpleMainView| Cleared URL: javascript:setData("","","");
I/APP     ( 2902): I 02/13/2013 12:16:17:606 00000b6c           HttpServer| GC Start.
I/APP     ( 2902): I 02/13/2013 12:16:17:926 00000b6c           HttpServer| GC End.
I/APP     ( 2902): I 02/13/2013 12:16:18:001 00000b6c           HttpServer| Process URI: '/favicon.ico'
I/APP     ( 2902): E 02/13/2013 12:16:18:070 00000b6c           HttpServer| The file /favicon.ico was not found
I/APP     ( 2902): I 02/13/2013 12:16:35:310 00000b6c           HttpServer| Process URI: '/app/Settings/save_data'
I/APP     ( 2902): I 02/13/2013 12:16:35:318 00000b6c                  APP| RHO serve: /app/Settings/save_data
I/APP     ( 2902): I 02/13/2013 12:16:35:359 00000b6c                  APP| Params: {"company"=>"Datenloft", "phone"=>"023423424", "email"=>"oliver@datenloft.com"}
I/APP     ( 2902): I 02/13/2013 12:16:35:364 00000b6c                  APP| ############### {"company"=>"Datenloft", "phone"=>"023423424", "email"=>"oliver@datenloft.com"}
I/ActivityManager(   85): START {cmp=com.rhomobile.macotec/com.rhomobile.rhodes.alert.PopupActivity (has extras)} from pid 2902
W/WindowManager(   85): Failure taking screenshot for (180x273) to layer 21010
I/APP     ( 2902): I 02/13/2013 12:16:35:477 00000b56 AndroidFunctionality| Pause WebView
I/APP     ( 2902): I 02/13/2013 12:16:35:478 00000b56       RhodesActivity| onPause
I/APP     ( 2902): I 02/13/2013 12:16:35:501 00000b56    RhodesApplication| New UiState: MainActivityPaused
I/APP     ( 2902): I 02/13/2013 12:16:35:572 00000b6c           HttpServer| GC Start.
V/PhoneStatusBar(  145): setLightsOn(true)
I/APP     ( 2902): I 02/13/2013 12:16:35:681 00000b6c           HttpServer| GC End.
D/RhodesService( 2902): +++ onStartCommand
I/RhodesService( 2902): handleCommand: startId=3, source=com.rhomobile.rhodes.BaseActivity
D/RhodesService( 2902): New activity was created
I/Process (   85): Sending signal. PID: 2902 SIG: 3
I/dalvikvm( 2902): threadid=3: reacting to signal 3
I/dalvikvm( 2902): Wrote stack traces to '/data/anr/traces.txt'
I/ActivityManager(   85): Displayed com.rhomobile.macotec/com.rhomobile.rhodes.alert.PopupActivity: +753ms
W/WindowManager(   85): Failure taking screenshot for (180x273) to layer 21020
V/PhoneStatusBar(  145): setLightsOn(true)
I/APP     ( 2902): I 02/13/2013 12:16:37:526 00000b56       RhodesActivity| onResume
I/APP     ( 2902): I 02/13/2013 12:16:37:527 00000b56 AndroidFunctionality| Resume WebView
I/Process (   85): Sending signal. PID: 2902 SIG: 3
I/dalvikvm( 2902): threadid=3: reacting to signal 3
I/dalvikvm( 2902): Wrote stack traces to '/data/anr/traces.txt'
I/APP     ( 2902): I 02/13/2013 12:16:38:811 00000b6c           HttpServer| Process URI: '/favicon.ico'
I/APP     ( 2902): E 02/13/2013 12:16:38:814 00000b6c           HttpServer| The file /favicon.ico was not found
I/APP     ( 2902): I 02/13/2013 12:16:38:892 00000b6c           HttpServer| Process URI: '/app/Request/request'
I/APP     ( 2902): I 02/13/2013 12:16:38:912 00000b6c                  APP| RHO serve: /app/Request/request
I/APP     ( 2902): I 02/13/2013 12:16:38:977 00000b6c           HttpServer| GC Start.
I/APP     ( 2902): I 02/13/2013 12:16:39:064 00000b6c           HttpServer| GC End.
I/APP     ( 2902): I 02/13/2013 12:16:40:206 00000b6c           HttpServer| Process URI: '/app/Request/request_rental'
I/APP     ( 2902): I 02/13/2013 12:16:40:289 00000b6c                  APP| RHO serve: /app/Request/request_rental
I/APP     ( 2902): I 02/13/2013 12:16:40:830 00000b6c           HttpServer| GC Start.
I/APP     ( 2902): I 02/13/2013 12:16:41:091 00000b6c           HttpServer| GC End.
I/APP     ( 2902): I 02/13/2013 12:16:41:180 00000b6c           HttpServer| Process URI: '/favicon.ico'
I/APP     ( 2902): E 02/13/2013 12:16:41:267 00000b6c           HttpServer| The file /favicon.ico was not found
I/APP     ( 2902): I 02/13/2013 12:16:44:422 00000b6c           HttpServer| Process URI: '/favicon.ico'
I/APP     ( 2902): E 02/13/2013 12:16:44:424 00000b6c           HttpServer| The file /favicon.ico was not found
I/APP     ( 2902): I 02/13/2013 12:16:44:509 00000b6c           HttpServer| Process URI: '/app/Request/request'
I/APP     ( 2902): I 02/13/2013 12:16:44:516 00000b6c                  APP| RHO serve: /app/Request/request
I/APP     ( 2902): I 02/13/2013 12:16:44:627 00000b6c           HttpServer| GC Start.
I/APP     ( 2902): I 02/13/2013 12:16:44:717 00000b6c           HttpServer| GC End.
I/APP     ( 2902): I 02/13/2013 12:16:45:614 00000b6c           HttpServer| Process URI: '/app/Request/request_project'
I/APP     ( 2902): I 02/13/2013 12:16:45:616 00000b6c                  APP| RHO serve: /app/Request/request_project
I/APP     ( 2902): I 02/13/2013 12:16:45:683 00000b6c           HttpServer| GC Start.
I/APP     ( 2902): I 02/13/2013 12:16:45:755 00000b6c           HttpServer| GC End.
I/APP     ( 2902): I 02/13/2013 12:16:45:794 00000b6c           HttpServer| Process URI: '/favicon.ico'
I/APP     ( 2902): E 02/13/2013 12:16:45:799 00000b6c           HttpServer| The file /favicon.ico was not found
I/APP     ( 2902): E 02/13/2013 12:16:55:469 00000b6c           HttpServer| Connection gracefully closed before we send any data
I/APP     ( 2902): E 02/13/2013 12:16:55:477 00000b6c           HttpServer| Parsing error
I/APP     ( 2902): I 02/13/2013 12:17:00:292 00000b6c           HttpServer| Process URI: '/favicon.ico'
I/APP     ( 2902): E 02/13/2013 12:17:00:293 00000b6c           HttpServer| The file /favicon.ico was not found
I/APP     ( 2902): I 02/13/2013 12:17:00:385 00000b6c           HttpServer| Process URI: '/app/Request/request'
I/APP     ( 2902): I 02/13/2013 12:17:00:400 00000b6c                  APP| RHO serve: /app/Request/request
I/APP     ( 2902): I 02/13/2013 12:17:00:467 00000b6c           HttpServer| GC Start.
I/APP     ( 2902): I 02/13/2013 12:17:00:534 00000b6c           HttpServer| GC End.
I/APP     ( 2902): I 02/13/2013 12:17:01:990 00000b6c           HttpServer| Process URI: '/favicon.ico'
I/APP     ( 2902): E 02/13/2013 12:17:01:992 00000b6c           HttpServer| The file /favicon.ico was not found
I/APP     ( 2902): E 02/13/2013 12:17:15:474 00000b6c           HttpServer| Connection gracefully closed before we send any data
I/APP     ( 2902): E 02/13/2013 12:17:15:481 00000b6c           HttpServer| Parsing error
I/APP     ( 2902): E 02/13/2013 12:17:15:511 00000b6c           HttpServer| Connection gracefully closed before we send any data
I/APP     ( 2902): E 02/13/2013 12:17:15:516 00000b6c           HttpServer| Parsing error
I/APP     ( 2902): E 02/13/2013 12:17:15:545 00000b6c           HttpServer| Connection gracefully closed before we send any data
I/APP     ( 2902): E 02/13/2013 12:17:15:550 00000b6c           HttpServer| Parsing error
I/APP     ( 2902): I 02/13/2013 12:17:15:569 00000b6c           HttpServer| Process URI: '/app/Request/request'
I/APP     ( 2902): I 02/13/2013 12:17:15:575 00000b6c                  APP| RHO serve: /app/Request/request
I/APP     ( 2902): I 02/13/2013 12:17:15:714 00000b6c           HttpServer| GC Start.
I/APP     ( 2902): I 02/13/2013 12:17:15:835 00000b6c           HttpServer| GC End.
I/APP     ( 2902): I 02/13/2013 12:17:23:894 00000b6c           HttpServer| Process URI: '/app/Product'
I/APP     ( 2902): I 02/13/2013 12:17:23:914 00000b6c                  APP| RHO serve: /app/Product
I/APP     ( 2902): I 02/13/2013 12:17:23:920 00000b6c              RhoRuby| require_compiled: Product/product_controller
I/APP     ( 2902): I 02/13/2013 12:17:23:989 00000b6c           HttpServer| GC Start.
I/APP     ( 2902): I 02/13/2013 12:17:24:057 00000b6c           HttpServer| GC End.
I/APP     ( 2902): I 02/13/2013 12:17:24:116 00000b6c           HttpServer| Process URI: '/favicon.ico'
I/APP     ( 2902): E 02/13/2013 12:17:24:152 00000b6c           HttpServer| The file /favicon.ico was not found
I/APP     ( 2902): I 02/13/2013 12:17:25:141 00000b6c           HttpServer| Process URI: '/favicon.ico'
I/APP     ( 2902): E 02/13/2013 12:17:25:142 00000b6c           HttpServer| The file /favicon.ico was not found
I/APP     ( 2902): I 02/13/2013 12:17:26:191 00000b6c           HttpServer| Process URI: '/app/Menu/info'
I/APP     ( 2902): I 02/13/2013 12:17:26:220 00000b6c                  APP| RHO serve: /app/Menu/info
I/APP     ( 2902): I 02/13/2013 12:17:26:225 00000b6c              RhoRuby| require_compiled: Menu/menu_controller
I/APP     ( 2902): I 02/13/2013 12:17:26:285 00000b6c           HttpServer| GC Start.
I/APP     ( 2902): I 02/13/2013 12:17:26:358 00000b6c           HttpServer| GC End.
I/APP     ( 2902): I 02/13/2013 12:17:26:364 00000b6c           HttpServer| Process URI: '/favicon.ico'
I/APP     ( 2902): E 02/13/2013 12:17:26:407 00000b6c           HttpServer| The file /favicon.ico was not found
I/APP     ( 2902): I 02/13/2013 12:17:28:524 00000b6c           HttpServer| Process URI: '/favicon.ico'
I/APP     ( 2902): E 02/13/2013 12:17:28:541 00000b6c           HttpServer| The file /favicon.ico was not found
I/APP     ( 2902): I 02/13/2013 12:17:29:656 00000b6c           HttpServer| Process URI: '/app/Menu/contact'
I/APP     ( 2902): I 02/13/2013 12:17:29:658 00000b6c                  APP| RHO serve: /app/Menu/contact
I/APP     ( 2902): I 02/13/2013 12:17:29:718 00000b6c           HttpServer| GC Start.
I/APP     ( 2902): I 02/13/2013 12:17:29:796 00000b6c           HttpServer| GC End.
I/APP     ( 2902): I 02/13/2013 12:17:29:844 00000b6c           HttpServer| Process URI: '/favicon.ico'
I/APP     ( 2902): E 02/13/2013 12:17:29:874 00000b6c           HttpServer| The file /favicon.ico was not found
I/APP     ( 2902): I 02/13/2013 12:17:32:691 00000b6c           HttpServer| Process URI: '/favicon.ico'
I/APP     ( 2902): E 02/13/2013 12:17:32:695 00000b6c           HttpServer| The file /favicon.ico was not found
I/APP     ( 2902): E 02/13/2013 12:17:45:474 00000b6c           HttpServer| Connection gracefully closed before we send any data
I/APP     ( 2902): E 02/13/2013 12:17:45:484 00000b6c           HttpServer| Parsing error
I/APP     ( 2902): E 02/13/2013 12:17:45:507 00000b6c           HttpServer| Connection gracefully closed before we send any data
I/APP     ( 2902): E 02/13/2013 12:17:45:529 00000b6c           HttpServer| Parsing error
I/APP     ( 2902): E 02/13/2013 12:17:45:534 00000b6c           HttpServer| Connection gracefully closed before we send any data
I/APP     ( 2902): E 02/13/2013 12:17:45:552 00000b6c           HttpServer| Parsing error
I/APP     ( 2902): I 02/13/2013 12:17:45:557 00000b6c           HttpServer| Process URI: '/app/Menu/contact'
I/APP     ( 2902): I 02/13/2013 12:17:45:582 00000b6c                  APP| RHO serve: /app/Menu/contact
I/APP     ( 2902): I 02/13/2013 12:17:45:681 00000b6c           HttpServer| GC Start.
I/APP     ( 2902): I 02/13/2013 12:17:45:734 00000b6c           HttpServer| GC End.
I/APP     ( 2902): I 02/13/2013 12:17:45:953 00000b6c           HttpServer| Process URI: '/public/images/macotec/phone_png.png'
I/APP     ( 2902): I 02/13/2013 12:17:46:021 00000b6c           HttpServer| Process URI: '/public/images/macotec/mail_png.png'
I/APP     ( 2902): I 02/13/2013 12:17:46:068 00000b6c           HttpServer| Process URI: '/public/images/macotec/web_png.png'
I/APP     ( 2902): I 02/13/2013 12:17:51:137 00000b56       SimpleMainView| Cleared URL: http://localhost:8080/app
I/APP     ( 2902): I 02/13/2013 12:17:51:216 00000b56     RhoWebViewClient| Loading URL: http://localhost:8080/app/index_erb.iseq
I/APP     ( 2902): I 02/13/2013 12:17:51:290 00000b6c           HttpServer| Process URI: '/app/index_erb.iseq'
I/APP     ( 2902): I 02/13/2013 12:17:51:305 00000b6c                  APP| RHO serve_index: /app/index_erb.iseq
I/APP     ( 2902): I 02/13/2013 12:17:51:310 00000b6c RHO Rho::RhoController| inst_render_index
I/APP     ( 2902): I 02/13/2013 12:17:51:440 00000b6c RHO Rho::RhoController| index layout
I/APP     ( 2902): I 02/13/2013 12:17:51:621 00000b6c           HttpServer| GC Start.
I/APP     ( 2902): I 02/13/2013 12:17:51:727 00000b6c           HttpServer| GC End.
I/APP     ( 2902): I 02/13/2013 12:17:59:395 00000b6c           HttpServer| Process URI: '/app/Menu/contact'
I/APP     ( 2902): I 02/13/2013 12:17:59:397 00000b6c                  APP| RHO serve: /app/Menu/contact
I/APP     ( 2902): I 02/13/2013 12:17:59:499 00000b6c           HttpServer| GC Start.
I/APP     ( 2902): I 02/13/2013 12:17:59:575 00000b6c           HttpServer| GC End.
I/APP     ( 2902): I 02/13/2013 12:18:04:166 00000b56       SimpleMainView| Cleared URL: http://localhost:8080/app
I/APP     ( 2902): I 02/13/2013 12:18:04:211 00000b56     RhoWebViewClient| Loading URL: http://localhost:8080/app/index_erb.iseq
I/APP     ( 2902): I 02/13/2013 12:18:04:249 00000b6c           HttpServer| Process URI: '/app/index_erb.iseq'
I/APP     ( 2902): I 02/13/2013 12:18:04:253 00000b6c                  APP| RHO serve_index: /app/index_erb.iseq
I/APP     ( 2902): I 02/13/2013 12:18:04:254 00000b6c RHO Rho::RhoController| inst_render_index
I/APP     ( 2902): I 02/13/2013 12:18:04:413 00000b6c RHO Rho::RhoController| index layout
I/APP     ( 2902): I 02/13/2013 12:18:04:578 00000b6c           HttpServer| GC Start.
I/APP     ( 2902): I 02/13/2013 12:18:04:682 00000b6c           HttpServer| GC End.
F/BatteryStatsImpl(   85): problem reading network stats
F/BatteryStatsImpl(   85): java.lang.IllegalStateException: problem parsing idx 1
F/BatteryStatsImpl(   85): 	at com.android.internal.net.NetworkStatsFactory.readNetworkStatsDetail(NetworkStatsFactory.java:300)
F/BatteryStatsImpl(   85): 	at com.android.internal.net.NetworkStatsFactory.readNetworkStatsDetail(NetworkStatsFactory.java:250)
F/BatteryStatsImpl(   85): 	at com.android.internal.os.BatteryStatsImpl.getNetworkStatsDetailGroupedByUid(BatteryStatsImpl.java:5734)
F/BatteryStatsImpl(   85): 	at com.android.internal.os.BatteryStatsImpl.access$100(BatteryStatsImpl.java:76)
F/BatteryStatsImpl(   85): 	at com.android.internal.os.BatteryStatsImpl$Uid.computeCurrentTcpBytesReceived(BatteryStatsImpl.java:2457)
F/BatteryStatsImpl(   85): 	at com.android.internal.os.BatteryStatsImpl$Uid.getTcpBytesReceived(BatteryStatsImpl.java:2446)
F/BatteryStatsImpl(   85): 	at com.android.internal.os.BatteryStatsImpl.writeSummaryToParcel(BatteryStatsImpl.java:5437)
F/BatteryStatsImpl(   85): 	at com.android.internal.os.BatteryStatsImpl.writeLocked(BatteryStatsImpl.java:4836)
F/BatteryStatsImpl(   85): 	at com.android.internal.os.BatteryStatsImpl.writeAsyncLocked(BatteryStatsImpl.java:4818)
F/BatteryStatsImpl(   85): 	at com.android.server.am.ActivityManagerService.updateCpuStatsNow(ActivityManagerService.java:1652)
F/BatteryStatsImpl(   85): 	at com.android.server.am.ActivityManagerService$3.run(ActivityManagerService.java:1534)
F/BatteryStatsImpl(   85): Caused by: java.io.FileNotFoundException: /proc/net/xt_qtaguid/stats: open failed: ENOENT (No such file or directory)
F/BatteryStatsImpl(   85): 	at libcore.io.IoBridge.open(IoBridge.java:406)
F/BatteryStatsImpl(   85): 	at java.io.FileInputStream.<init>(FileInputStream.java:78)
F/BatteryStatsImpl(   85): 	at com.android.internal.net.NetworkStatsFactory.readNetworkStatsDetail(NetworkStatsFactory.java:269)
F/BatteryStatsImpl(   85): 	... 10 more
F/BatteryStatsImpl(   85): Caused by: libcore.io.ErrnoException: open failed: ENOENT (No such file or directory)
F/BatteryStatsImpl(   85): 	at libcore.io.Posix.open(Native Method)
F/BatteryStatsImpl(   85): 	at libcore.io.BlockGuardOs.open(BlockGuardOs.java:110)
F/BatteryStatsImpl(   85): 	at libcore.io.IoBridge.open(IoBridge.java:390)
F/BatteryStatsImpl(   85): 	... 12 more
D/dalvikvm(   85): JIT code cache reset in 74 ms (1048500 bytes 1/0)
D/dalvikvm(   85): GC_CONCURRENT freed 451K, 13% free 11367K/12935K, paused 6ms+163ms
I/APP     ( 2902): I 02/13/2013 12:18:09:844 00000b6c           HttpServer| Process URI: '/app/Request/request'
I/APP     ( 2902): I 02/13/2013 12:18:09:846 00000b6c                  APP| RHO serve: /app/Request/request
I/APP     ( 2902): I 02/13/2013 12:18:09:955 00000b6c           HttpServer| GC Start.
I/APP     ( 2902): I 02/13/2013 12:18:10:029 00000b6c           HttpServer| GC End.
I/APP     ( 2902): I 02/13/2013 12:18:24:555 00000b6c           HttpServer| Process URI: '/app/index_erb.iseq'
I/APP     ( 2902): I 02/13/2013 12:18:24:558 00000b6c                  APP| RHO serve_index: /app/index_erb.iseq
I/APP     ( 2902): I 02/13/2013 12:18:24:559 00000b6c RHO Rho::RhoController| inst_render_index
I/APP     ( 2902): I 02/13/2013 12:18:24:657 00000b6c           HttpServer| GC Start.
I/APP     ( 2902): I 02/13/2013 12:18:24:718 00000b6c           HttpServer| GC End.
