I/APP     (  712): I 03/26/2013 17:42:09:995 000002de              RhoRuby| require_compiled: Product/product_controller
I/APP     (  712): I 03/26/2013 17:42:10:085 000002de              RhoRuby| require_compiled: helpers/browser_helper
I/APP     (  712): I 03/26/2013 17:42:10:130 000002de              RhoRuby| require_compiled: json
I/APP     (  712): I 03/26/2013 17:42:10:164 000002de              RhoRuby| require_compiled: json/common
I/APP     (  712): I 03/26/2013 17:42:10:240 000002de              RhoRuby| require_compiled: json/version
I/APP     (  712): I 03/26/2013 17:42:10:282 000002de              RhoRuby| require_compiled: json/pure
I/APP     (  712): I 03/26/2013 17:42:10:368 000002de              RhoRuby| require_compiled: json/pure/generator
I/APP     (  712): I 03/26/2013 17:42:10:511 000002de              RhoRuby| require_compiled: Connection/connection_controller
I/APP     (  712): I 03/26/2013 17:42:10:529 000002de              RhoRuby| require_compiled: date
I/APP     (  712): I 03/26/2013 17:42:10:540 000002de              RhoRuby| require_compiled: dateOrig
I/APP     (  712): I 03/26/2013 17:42:10:715 000002de              RhoRuby| require_compiled: date/format
D/dalvikvm(  712): GC_CONCURRENT freed 930K, 8% free 12503K/13511K, paused 6ms+5ms
D/webviewglue(  712): nativeDestroy view: 0x281af8
I/APP     (  712): E 03/26/2013 17:42:11:050 000002de               RubyVM| lib/date.rb:14: warning: already initialized constant MONTHNAMES
I/APP     (  712): E 03/26/2013 17:42:11:051 000002de               RubyVM| lib/date.rb:15: warning: already initialized constant ABBR_MONTHNAMES
I/APP     (  712): E 03/26/2013 17:42:11:058 000002de               RubyVM| lib/date.rb:16: warning: already initialized constant DAYNAMES
I/APP     (  712): E 03/26/2013 17:42:11:065 000002de               RubyVM| lib/date.rb:17: warning: already initialized constant ABBR_DAYNAMES
I/APP     (  712): I 03/26/2013 17:42:11:077 000002de                  APP| ::::::::: get_catalog_data
I/APP     (  712): I 03/26/2013 17:42:11:080 000002de                  APP| const_missing: Device
I/APP     (  712): I 03/26/2013 17:42:11:084 000002de                  APP| load_model: Device
I/APP     (  712): I 03/26/2013 17:42:11:100 000002de              RhoRuby| require_compiled: Device/device
I/APP     (  712): I 03/26/2013 17:42:11:113 000002de                  APP| model name: Device
I/APP     (  712): I 03/26/2013 17:42:11:114 000002de                  APP| model class found
I/APP     (  712): I 03/26/2013 17:42:11:121 000002de                  APP| Device : {"schema"=>{"property"=>{"hardware_id"=>[:string, nil], "device_os"=>[:string, nil], "last_sync"=>[:date, nil], "device_os_version"=>[:string, nil], "token"=>[:string, nil], "model"=>[:string, nil], "locale"=>[:string, nil]}}}
I/APP     (  712): I 03/26/2013 17:42:11:127 000002de                   DB| Open DB: /data/data/com.rhomobile.macotec/rhodata/db/syncdblocal.sqlite
I/APP     (  712): I 03/26/2013 17:42:11:153 000002de                  APP| init_db_sources
I/APP     (  712): I 03/26/2013 17:42:11:177 000002de                  APP| start_id: 40006
I/APP     (  712): I 03/26/2013 17:42:11:179 000002de                  APP| Migrate schema sources: {}
I/APP     (  712): I 03/26/2013 17:42:11:205 000002de                  APP| found device:
I/APP     (  712): I 03/26/2013 17:42:11:207 000002de                  APP| {:source_id=>40003, :object=>"133534711032874.62", :hardware_id=>"7823dd1e-9f70-348d-86c3-3e1ec83a2e0a", :device_os=>"ANDROID", :last_sync=>"2013-03-26", :device_os_version=>"4.0.4", :token=>"", :model=>"unknown generic", :locale=>"en"}
I/APP     (  712): I 03/26/2013 17:42:11:237 000002de                  APP| const_missing: Product
I/APP     (  712): I 03/26/2013 17:42:11:238 000002de                  APP| load_model: Product
I/APP     (  712): I 03/26/2013 17:42:11:251 000002de              RhoRuby| require_compiled: Product/product
I/APP     (  712): I 03/26/2013 17:42:11:272 000002de                  APP| model name: Product
I/APP     (  712): I 03/26/2013 17:42:11:273 000002de                  APP| model class found
I/APP     (  712): I 03/26/2013 17:42:11:280 000002de                  APP| Product : {"schema"=>{"property"=>{"catalog_date"=>[:date, nil], "catalog_version"=>[:integer, nil], "category"=>[:string, nil], "category_name"=>[:string, nil], "category_img_url"=>[:string, nil], "sub_category"=>[:string, nil], "sub_category_name"=>[:string, nil], "sub_category_img_url"=>[:string, nil], "details"=>[:string, nil], "details_name"=>[:string, nil], "detail_img_url"=>[:string, nil], "header"=>[:string, nil], "attribute_title_1"=>[:string, nil], "attribute_title_2"=>[:string, nil], "attribute_title_3"=>[:string, nil], "attribute_title_4"=>[:string, nil], "attribute_title_5"=>[:string, nil], "attribute_list_title"=>[:string, nil], "attribute_1"=>[:string, nil], "attribute_2"=>[:string, nil], "attribute_3"=>[:string, nil], "attribute_4"=>[:string, nil], "attribute_5"=>[:string, nil], "attribute_list"=>[:string, nil]}}}
I/APP     (  712): I 03/26/2013 17:42:11:286 000002de                  APP| init_db_sources
I/APP     (  712): I 03/26/2013 17:42:11:299 000002de                  APP| start_id: 40006
I/APP     (  712): I 03/26/2013 17:42:11:301 000002de                  APP| Migrate schema sources: {}
I/APP     (  712): I 03/26/2013 17:42:11:354 000002c8       SimpleMainView| Cleared URL: http://localhost:8080/app/Product
I/APP     (  712): I 03/26/2013 17:42:11:408 000002de           HttpServer| GC Start.
I/APP     (  712): I 03/26/2013 17:42:11:470 000002de           HttpServer| GC End.
I/APP     (  712): I 03/26/2013 17:42:11:472 000002de           HttpServer| Process URI: '/app/Product'
I/APP     (  712): I 03/26/2013 17:42:11:478 000002de                  APP| RHO serve: /app/Product
I/APP     (  712): I 03/26/2013 17:42:11:563 000002de RHO ProductController| Layout file: /data/data/com.rhomobile.macotec/rhodata/apps/app/layout_erb.iseq. Content size: 3881
I/APP     (  712): I 03/26/2013 17:42:11:593 000002de           HttpServer| GC Start.
I/APP     (  712): I 03/26/2013 17:42:11:629 000002de           HttpServer| GC End.
I/APP     (  712): I 03/26/2013 17:42:13:614 000002de           HttpServer| Process URI: '/public/jqmobile/images/icons-36-white.png'
I/APP     (  712): I 03/26/2013 17:42:21:759 000002de           HttpServer| Process URI: '/app/Product/sub_categories'
I/APP     (  712): I 03/26/2013 17:42:21:761 000002de                  APP| RHO serve: /app/Product/sub_categories
I/APP     (  712): I 03/26/2013 17:42:21:779 000002de                  APP| Params: {"category"=>"other_construction_machines"}
I/APP     (  712): I 03/26/2013 17:42:21:908 000002de           HttpServer| GC Start.
I/APP     (  712): I 03/26/2013 17:42:21:953 000002de           HttpServer| GC End.
E/libEGL  (  712): call to OpenGL ES API with no current context (logged once per thread)
D/ShaderProgram(  712): couldn't load the vertex shader!
E/libEGL  (  712): call to OpenGL ES API with no current context (logged once per thread)
D/ShaderProgram(  712): couldn't load the vertex shader!
E/libEGL  (  712): call to OpenGL ES API with no current context (logged once per thread)
D/ShaderProgram(  712): couldn't load the vertex shader!
E/libEGL  (  712): call to OpenGL ES API with no current context (logged once per thread)
D/ShaderProgram(  712): couldn't load the vertex shader!
E/libEGL  (  712): call to OpenGL ES API with no current context (logged once per thread)
D/ShaderProgram(  712): couldn't load the vertex shader!
I/APP     (  712): I 03/26/2013 17:42:45:413 000002de           HttpServer| Process URI: '/app/Product/product_details'
I/APP     (  712): I 03/26/2013 17:42:45:417 000002de                  APP| RHO serve: /app/Product/product_details
I/APP     (  712): I 03/26/2013 17:42:45:430 000002de                  APP| Params: {"sub_category"=>"wheel_loader", "category"=>"other_construction_machines"}
I/APP     (  712): I 03/26/2013 17:42:45:590 000002de           HttpServer| GC Start.
I/APP     (  712): I 03/26/2013 17:42:45:684 000002de           HttpServer| GC End.
I/APP     (  712): I 03/26/2013 17:42:46:186 000002de           HttpServer| Process URI: '/public/images/macotec/plus.png'
I/APP     (  712): I 03/26/2013 17:42:49:056 000002de           HttpServer| Process URI: '/app/Request/request_from_catalog'
I/APP     (  712): I 03/26/2013 17:42:49:059 000002de                  APP| RHO serve: /app/Request/request_from_catalog
I/APP     (  712): I 03/26/2013 17:42:49:072 000002de              RhoRuby| require_compiled: Request/request_controller
I/APP     (  712): I 03/26/2013 17:42:49:227 000002de              RhoRuby| require_compiled: time
I/APP     (  712): I 03/26/2013 17:42:49:451 000002de                  APP| Params: {"details_name"=>"Radlader", "category"=>"other_construction_machines", "category_name"=>"sonstige Baumaschinen"}
I/APP     (  712): I 03/26/2013 17:42:49:453 000002de                  APP| const_missing: Settings
I/APP     (  712): I 03/26/2013 17:42:49:463 000002de                  APP| load_model: Settings
I/APP     (  712): I 03/26/2013 17:42:49:478 000002de              RhoRuby| require_compiled: Settings/settings
I/APP     (  712): I 03/26/2013 17:42:49:499 000002de                  APP| model name: Settings
I/APP     (  712): I 03/26/2013 17:42:49:501 000002de                  APP| model class found
I/APP     (  712): I 03/26/2013 17:42:49:513 000002de                  APP| Settings : {"schema"=>{"property"=>{"company"=>[:string, nil], "phone"=>[:string, nil], "email"=>[:string, nil]}}}
I/APP     (  712): I 03/26/2013 17:42:49:516 000002de                  APP| init_db_sources
I/APP     (  712): I 03/26/2013 17:42:49:532 000002de                  APP| start_id: 40006
I/APP     (  712): I 03/26/2013 17:42:49:533 000002de                  APP| Migrate schema sources: {}
I/APP     (  712): I 03/26/2013 17:42:49:671 000002de           HttpServer| GC Start.
I/APP     (  712): I 03/26/2013 17:42:49:715 000002de           HttpServer| GC End.
I/APP     (  712): I 03/26/2013 17:42:50:467 000002de           HttpServer| Process URI: '/public/images/macotec/camera.png'
I/APP     (  712): I 03/26/2013 17:42:50:517 000002de           HttpServer| Process URI: '/public/images/macotec/gallery.png'
D/dalvikvm(  162): GC_CONCURRENT freed 456K, 6% free 9534K/10119K, paused 5ms+4ms
D/AndroidRuntime(  757): 
D/AndroidRuntime(  757): >>>>>> AndroidRuntime START com.android.internal.os.RuntimeInit <<<<<<
D/AndroidRuntime(  757): CheckJNI is ON
D/AndroidRuntime(  757): Calling main entry com.android.commands.pm.Pm
W/ActivityManager(   78): No content provider found for permission revoke: file:///data/local/tmp/MacoTec-debug.apk
F/NetworkStats(   78): problem reading network stats
F/NetworkStats(   78): java.lang.IllegalStateException: problem parsing idx 1
F/NetworkStats(   78): 	at com.android.internal.net.NetworkStatsFactory.readNetworkStatsDetail(NetworkStatsFactory.java:300)
F/NetworkStats(   78): 	at com.android.server.NetworkManagementService.getNetworkStatsUidDetail(NetworkManagementService.java:1282)
F/NetworkStats(   78): 	at com.android.server.net.NetworkStatsService.performPollLocked(NetworkStatsService.java:831)
F/NetworkStats(   78): 	at com.android.server.net.NetworkStatsService.performPoll(NetworkStatsService.java:799)
F/NetworkStats(   78): 	at com.android.server.net.NetworkStatsService.access$100(NetworkStatsService.java:128)
F/NetworkStats(   78): 	at com.android.server.net.NetworkStatsService$3.onReceive(NetworkStatsService.java:633)
F/NetworkStats(   78): 	at android.app.LoadedApk$ReceiverDispatcher$Args.run(LoadedApk.java:728)
F/NetworkStats(   78): 	at android.os.Handler.handleCallback(Handler.java:605)
F/NetworkStats(   78): 	at android.os.Handler.dispatchMessage(Handler.java:92)
F/NetworkStats(   78): 	at android.os.Looper.loop(Looper.java:137)
F/NetworkStats(   78): 	at android.os.HandlerThread.run(HandlerThread.java:60)
F/NetworkStats(   78): Caused by: java.io.FileNotFoundException: /proc/net/xt_qtaguid/stats: open failed: ENOENT (No such file or directory)
F/NetworkStats(   78): 	at libcore.io.IoBridge.open(IoBridge.java:406)
F/NetworkStats(   78): 	at java.io.FileInputStream.<init>(FileInputStream.java:78)
F/NetworkStats(   78): 	at com.android.internal.net.NetworkStatsFactory.readNetworkStatsDetail(NetworkStatsFactory.java:269)
F/NetworkStats(   78): 	... 10 more
F/NetworkStats(   78): Caused by: libcore.io.ErrnoException: open failed: ENOENT (No such file or directory)
F/NetworkStats(   78): 	at libcore.io.Posix.open(Native Method)
F/NetworkStats(   78): 	at libcore.io.BlockGuardOs.open(BlockGuardOs.java:110)
F/NetworkStats(   78): 	at libcore.io.IoBridge.open(IoBridge.java:390)
F/NetworkStats(   78): 	... 12 more
D/dalvikvm(   78): GC_CONCURRENT freed 344K, 12% free 11286K/12807K, paused 13ms+8ms
W/ActivityManager(   78): No content provider found for permission revoke: file:///data/local/tmp/MacoTec-debug.apk
D/dalvikvm(   78): GC_CONCURRENT freed 308K, 11% free 11450K/12807K, paused 10ms+10ms
D/dalvikvm(   78): GC_CONCURRENT freed 281K, 9% free 11676K/12807K, paused 22ms+7ms
D/dalvikvm(   78): GC_CONCURRENT freed 611K, 9% free 11657K/12807K, paused 11ms+9ms
D/dalvikvm(   78): GC_CONCURRENT freed 550K, 9% free 11684K/12807K, paused 9ms+15ms
D/dalvikvm(   78): GC_CONCURRENT freed 568K, 9% free 11672K/12807K, paused 13ms+14ms
D/dalvikvm(   78): GC_CONCURRENT freed 565K, 9% free 11678K/12807K, paused 7ms+10ms
D/dalvikvm(   78): GC_CONCURRENT freed 551K, 9% free 11677K/12807K, paused 7ms+6ms
I/PackageManager(   78): Removing non-system package:com.rhomobile.macotec
I/ActivityManager(   78): Force stopping package com.rhomobile.macotec uid=10040
I/ActivityManager(   78): Killing proc 712:com.rhomobile.macotec/10040: force stop
W/ActivityManager(   78): Force removing ActivityRecord{41464ec0 com.rhomobile.macotec/com.rhomobile.rhodes.RhodesActivity}: app died, no saved state
I/WindowManager(   78): WIN DEATH: Window{414ab260 com.rhomobile.macotec/com.rhomobile.rhodes.RhodesActivity paused=false}
W/NetworkManagementSocketTagger(   78): setKernelCountSet(10040, 0) failed with errno -2
I/PackageManager(   78): Package com.rhomobile.macotec codePath changed from /data/app/com.rhomobile.macotec-2.apk to /data/app/com.rhomobile.macotec-1.apk; Retaining data and using new
W/NetworkManagementSocketTagger(   78): setKernelCountSet(10009, 1) failed with errno -2
W/InputManagerService(   78): Got RemoteException sending setActive(false) notification to pid 712 uid 10040
I/PackageManager(   78): Running dexopt on: com.rhomobile.macotec
D/dalvikvm(  768): DexOpt: load 100ms, verify+opt 562ms
W/PackageManager(   78): Code path for pkg : com.rhomobile.macotec changing from /data/app/com.rhomobile.macotec-2.apk to /data/app/com.rhomobile.macotec-1.apk
W/PackageManager(   78): Resource path for pkg : com.rhomobile.macotec changing from /data/app/com.rhomobile.macotec-2.apk to /data/app/com.rhomobile.macotec-1.apk
I/ActivityManager(   78): Force stopping package com.rhomobile.macotec uid=10040
D/PackageManager(   78): New package installed in /data/app/com.rhomobile.macotec-1.apk
I/ActivityManager(   78): Force stopping package com.rhomobile.macotec uid=10040
D/dalvikvm(  174): GC_EXPLICIT freed 258K, 6% free 11323K/12039K, paused 8ms+9ms
D/dalvikvm(  228): GC_EXPLICIT freed 148K, 4% free 9387K/9735K, paused 3ms+5ms
D/dalvikvm(   78): GC_EXPLICIT freed 472K, 9% free 11662K/12807K, paused 7ms+28ms
D/PackageManager(   78): generateServicesMap(android.accounts.AccountAuthenticator): 2 services unchanged
D/PackageManager(   78): generateServicesMap(android.content.SyncAdapter): 4 services unchanged
D/BackupManagerService(   78): Received broadcast Intent { act=android.intent.action.PACKAGE_REMOVED dat=package:com.rhomobile.macotec flg=0x10000010 (has extras) }
I/AccountTypeManager(  255): Loaded meta-data for 1 account types, 0 accounts in 219ms(wall) 6ms(cpu)
D/PackageManager(   78): generateServicesMap(android.accounts.AccountAuthenticator): 2 services unchanged
D/PackageManager(   78): generateServicesMap(android.content.SyncAdapter): 4 services unchanged
D/BackupManagerService(   78): Received broadcast Intent { act=android.intent.action.PACKAGE_ADDED dat=package:com.rhomobile.macotec flg=0x10000010 (has extras) }
V/BackupManagerService(   78): updatePackageParticipantsLocked: #1
W/RecognitionManagerService(   78): no available voice recognition services found
I/AccountTypeManager(  255): Loaded meta-data for 1 account types, 0 accounts in 477ms(wall) 10ms(cpu)
D/BackupManagerService(   78): Received broadcast Intent { act=android.intent.action.PACKAGE_REPLACED dat=package:com.rhomobile.macotec flg=0x10000010 (has extras) }
V/BackupManagerService(   78): updatePackageParticipantsLocked: #1
D/dalvikvm(   78): GC_CONCURRENT freed 903K, 12% free 11385K/12807K, paused 6ms+9ms
D/dalvikvm(   78): GC_EXPLICIT freed 179K, 13% free 11207K/12807K, paused 4ms+8ms
D/AndroidRuntime(  757): Shutting down VM
D/dalvikvm(  757): GC_CONCURRENT freed 97K, 79% free 450K/2048K, paused 1ms+1ms
I/AndroidRuntime(  757): NOTE: attach of thread 'Binder Thread #3' failed
D/AndroidRuntime(  776): 
D/AndroidRuntime(  776): >>>>>> AndroidRuntime START com.android.internal.os.RuntimeInit <<<<<<
D/AndroidRuntime(  776): CheckJNI is ON
D/AndroidRuntime(  776): Calling main entry com.android.commands.am.Am
I/ActivityManager(   78): START {act=android.intent.action.MAIN flg=0x10000000 cmp=com.rhomobile.macotec/com.rhomobile.rhodes.RhodesActivity} from pid 776
W/WindowManager(   78): Failure taking screenshot for (180x300) to layer 21005
D/AndroidRuntime(  776): Shutting down VM
D/dalvikvm(  776): GC_CONCURRENT freed 97K, 77% free 480K/2048K, paused 1ms+1ms
I/AndroidRuntime(  776): NOTE: attach of thread 'Binder Thread #3' failed
I/ActivityManager(   78): Start proc com.rhomobile.macotec for activity com.rhomobile.macotec/com.rhomobile.rhodes.RhodesActivity: pid=787 uid=10040 gids={3003, 1006}
I/dalvikvm(  787): Turning on JNI app bug workarounds for target SDK version 4...
W/NetworkManagementSocketTagger(   78): setKernelCountSet(10040, 1) failed with errno -2
I/Process (   78): Sending signal. PID: 787 SIG: 3
I/dalvikvm(  787): threadid=3: reacting to signal 3
I/dalvikvm(  787): Wrote stack traces to '/data/anr/traces.txt'
D/dalvikvm(  787): Trying to load lib /data/data/com.rhomobile.macotec/lib/librhodes.so 0x4129fc90
D/dalvikvm(  787): Added shared lib /data/data/com.rhomobile.macotec/lib/librhodes.so 0x4129fc90
D/dalvikvm(  787): Trying to load lib /data/data/com.rhomobile.macotec/lib/librhodes.so 0x4129fc90
D/dalvikvm(  787): Shared lib '/data/data/com.rhomobile.macotec/lib/librhodes.so' already loaded in same CL 0x4129fc90
I/ActivityThread(  787): Pub com.rhomobile.macotec: com.rhomobile.rhodes.LocalFileProvider
I/RhodesApplication(  787): Initializing...
D/RhoFileApi(  787): App root path: /data/data/com.rhomobile.macotec/rhodata/
D/RhoFileApi(  787): Sqlite journals path: /data/data/com.rhomobile.macotec/sqlite_stmt_journals/
D/RhoFileApi(  787): Shared path: /data/data/com.rhomobile.macotec/rhodata/
D/RhodesApplication(  787): Root path: /data/data/com.rhomobile.macotec/rhodata/
I/RhodesApplication(  787): Application hash was changed
D/RhoFileApi(  787): Copy hash to FS
D/RhoFileApi(  787): File hash copied
D/RhoFileApi(  787): Copy rho.dat to FS
D/RhoFileApi(  787): File rho.dat copied
D/RhoFileApi(  787): Copy apps/rhoconfig.txt to FS
D/RhoFileApi(  787): File apps/rhoconfig.txt copied
I/RhoFileApi(  787): Opening stat table from FS: /data/data/com.rhomobile.macotec/rhodata/rho.dat
D/RhoFileApi(  787): Copy apps/rhoconfig.txt to FS
I/Process (   78): Sending signal. PID: 787 SIG: 3
I/dalvikvm(  787): threadid=3: reacting to signal 3
I/dalvikvm(  787): Wrote stack traces to '/data/anr/traces.txt'
D/RhoFileApi(  787): File apps/rhoconfig.txt copied
D/RhoFileApi(  787): App root path: /data/data/com.rhomobile.macotec/rhodata/
D/RhoFileApi(  787): Sqlite journals path: /data/data/com.rhomobile.macotec/sqlite_stmt_journals/
D/RhoFileApi(  787): Shared path: /data/data/com.rhomobile.macotec/rhodata/
I/APP     (  787): I 03/26/2013 17:45:15:411 00000313    RhodesApplication| Initialized
I/APP     (  787): I 03/26/2013 17:45:15:466 00000313         BaseActivity| New screen properties - width: 480, height: 800, orientation: 1
I/APP     (  787): I 03/26/2013 17:45:15:593 00000313         SplashScreen| Looking for start page source
D/dalvikvm(  787): GC_CONCURRENT freed 294K, 4% free 9233K/9607K, paused 5ms+4ms
D/dalvikvm(  787): GC_FOR_ALLOC freed 8K, 4% free 9229K/9607K, paused 39ms
I/Process (   78): Sending signal. PID: 787 SIG: 3
I/dalvikvm(  787): threadid=3: reacting to signal 3
I/dalvikvm-heap(  787): Grow heap (frag case) to 12.148MB for 3217300-byte allocation
I/dalvikvm(  787): Wrote stack traces to '/data/anr/traces.txt'
D/dalvikvm(  787): GC_CONCURRENT freed <1K, 4% free 12370K/12807K, paused 4ms+4ms
I/APP     (  787): I 03/26/2013 17:45:16:313 00000313         SplashScreen| Done
I/APP     (  787): I 03/26/2013 17:45:16:316 00000313    RhodesApplication| New UiState: MainActivityCreated
I/APP     (  787): I 03/26/2013 17:45:16:322 00000313       RhodesActivity| onStart
I/APP     (  787): I 03/26/2013 17:45:16:333 00000313    RhodesApplication| New UiState: MainActivityStarted
I/APP     (  787): I 03/26/2013 17:45:16:335 00000313       RhodesActivity| onResume
I/APP     (  787): I 03/26/2013 17:45:16:351 00000313 AndroidFunctionality| Resume WebView
I/Process (   78): Sending signal. PID: 787 SIG: 3
I/dalvikvm(  787): threadid=3: reacting to signal 3
I/dalvikvm(  787): Wrote stack traces to '/data/anr/traces.txt'
I/APP     (  787): I 03/26/2013 17:45:16:414 00000313        RhodesService| onCreate
I/APP     (  787): I 03/26/2013 17:45:16:415 00000313    LocalFileProvider| Revoke URI permissions: content:///com.rhomobile.macotec
W/ActivityManager(   78): No content provider found for permission revoke: content:///com.rhomobile.macotec
I/APP     (  787): I 03/26/2013 17:45:16:448 00000313               Rhodes| Loading...
I/APP     (  787): I 03/26/2013 17:45:16:461 00000313            RhodesApp| Trying to get free listening port.
I/APP     (  787): I 03/26/2013 17:45:16:462 00000313            RhodesApp| Trying to bind of 8080 port...
I/APP     (  787): I 03/26/2013 17:45:16:468 00000313            RhodesApp| Got port to bind on: 8080
I/APP     (  787): I 03/26/2013 17:45:16:473 00000313            RhodesApp| Free listening port: 8080
I/APP     (  787): I 03/26/2013 17:45:16:477 00000327         AppCallbacks| Starting main routine...
I/APP     (  787): I 03/26/2013 17:45:16:489 00000327         AppCallbacks| ThreadQueue blocked for 4294967295 seconds...
I/APP     (  787): I 03/26/2013 17:45:16:538 00000313        RhodesService| Push is disabled
I/APP     (  787): I 03/26/2013 17:45:16:552 00000313            RhodesApp| callAppActiveCallback
I/APP     (  787): I 03/26/2013 17:45:16:553 00000313         AppCallbacks| addCommand: APP-ACTIVATED
I/APP     (  787): I 03/26/2013 17:45:16:558 00000327         AppCallbacks| Received command APP-ACTIVATED which is greater than expected (LOCAL-SERVER-STARTED) - postpone it
I/APP     (  787): I 03/26/2013 17:45:16:559 00000327         AppCallbacks| ThreadQueue blocked for 4294967295 seconds...
I/APP     (  787): I 03/26/2013 17:45:16:575 00000313         AppActivated| Cannot commit now, application will be activated when started.
I/APP     (  787): I 03/26/2013 17:45:16:577 00000313    RhodesApplication| New AppState: Undefined
D/RhodesService(  787): +++ onStartCommand
I/RhodesService(  787): handleCommand: startId=1, source=com.rhomobile.rhodes.BaseActivity
D/RhodesService(  787): New activity was created
I/APP     (  787): I 03/26/2013 17:45:16:588 00000329            RhodesApp| Starting RhodesApp main routine...
I/APP     (  787): I 03/26/2013 17:45:16:626 00000313        RhodesService| onBind
I/APP     (  787): I 03/26/2013 17:45:16:652 00000313         AppCallbacks| addCommand: UI-CREATED
I/APP     (  787): I 03/26/2013 17:45:16:662 00000327         AppCallbacks| Received command UI-CREATED which is greater than expected (LOCAL-SERVER-STARTED) - postpone it
I/APP     (  787): I 03/26/2013 17:45:16:663 00000327         AppCallbacks| ThreadQueue blocked for 4294967295 seconds...
V/PhoneStatusBar(  135): setLightsOn(true)
I/APP     (  787): I 03/26/2013 17:45:16:756 00000313       RhodesActivity| onServiceConnected: {com.rhomobile.macotec/com.rhomobile.rhodes.RhodesService}
I/APP     (  787): I 03/26/2013 17:45:16:757 00000313       RhodesActivity| New start parameters: 
I/APP     (  787): I 03/26/2013 17:45:16:762 00000313            RhodesApp| New start params: 
D/gralloc_goldfish(  787): Emulator without GPU emulation detected.
I/Process (   78): Sending signal. PID: 787 SIG: 3
I/dalvikvm(  787): threadid=3: reacting to signal 3
I/dalvikvm(  787): Wrote stack traces to '/data/anr/traces.txt'
I/ActivityManager(   78): Displayed com.rhomobile.macotec/com.rhomobile.rhodes.RhodesActivity: +3s65ms
I/APP     (  787): I 03/26/2013 17:45:17:415 00000329              RhoRuby| Init_RhoBlobs: /data/data/com.rhomobile.macotec/rhodata/db/db-files
I/APP     (  787): I 03/26/2013 17:45:17:449 00000329              RhoRuby| require_compiled: rhoframework
I/APP     (  787): I 03/26/2013 17:45:17:488 00000329              RhoRuby| require_compiled: rational
I/APP     (  787): I 03/26/2013 17:45:17:501 00000329              RhoRuby| require_compiled: rhom/rhom_db_adapter
I/APP     (  787): I 03/26/2013 17:45:17:549 00000329              RhoRuby| require_compiled: rhodes
I/APP     (  787): I 03/26/2013 17:45:17:562 00000329              RhoRuby| require_compiled: rhom/rhom_object
I/APP     (  787): I 03/26/2013 17:45:17:580 00000329              RhoRuby| require_compiled: rhofsconnector
I/APP     (  787): I 03/26/2013 17:45:17:585 00000329              RhoRuby| require_compiled: rho/rhofsconnector
I/APP     (  787): I 03/26/2013 17:45:17:609 00000329              RhoRuby| require_compiled: rhom/rhom_object_factory
I/APP     (  787): I 03/26/2013 17:45:19:333 00000329              RhoRuby| require_compiled: rhom/rhom
I/APP     (  787): I 03/26/2013 17:45:19:619 00000329              RhoRuby| require_compiled: rhom/rhom_model
W/NetworkManagementSocketTagger(   78): setKernelCountSet(10009, 0) failed with errno -2
I/APP     (  787): I 03/26/2013 17:45:19:806 00000329              RhoRuby| require_compiled: rhom
I/APP     (  787): I 03/26/2013 17:45:19:841 00000329              RhoRuby| require_compiled: rho/rhoapplication
I/APP     (  787): I 03/26/2013 17:45:20:013 00000329              RhoRuby| require_compiled: rholang/localization_simplified
I/APP     (  787): I 03/26/2013 17:45:20:188 00000329              RhoRuby| require_compiled: rho/rhomsg
I/APP     (  787): I 03/26/2013 17:45:20:233 00000329              RhoRuby| require_compiled: rho/rhotabbar
I/APP     (  787): I 03/26/2013 17:45:20:294 00000329              RhoRuby| require_compiled: rho/rhotoolbar
I/APP     (  787): I 03/26/2013 17:45:20:345 00000329                  APP| Current locale: ; Country code: 
I/APP     (  787): I 03/26/2013 17:45:20:379 00000329                  APP| Locilized file: /data/data/com.rhomobile.macotec/rhodata/lib/rholang/lang_
I/APP     (  787): I 03/26/2013 17:45:20:413 00000329              RhoRuby| require_compiled: /data/data/com.rhomobile.macotec/rhodata/lib/rholang/lang_en
I/APP     (  787): I 03/26/2013 17:45:20:515 00000329                  APP| Locilized file: /data/data/com.rhomobile.macotec/rhodata/apps/app/lang/lang_
I/APP     (  787): I 03/26/2013 17:45:20:522 00000329              RhoRuby| require_compiled: /data/data/com.rhomobile.macotec/rhodata/apps/app/lang/lang_en
I/APP     (  787): I 03/26/2013 17:45:20:607 00000329                  APP| Locilized file: /data/data/com.rhomobile.macotec/rhodata/lib/rholang/rhoerror_
I/APP     (  787): I 03/26/2013 17:45:20:615 00000329              RhoRuby| require_compiled: /data/data/com.rhomobile.macotec/rhodata/lib/rholang/rhoerror_en
I/APP     (  787): I 03/26/2013 17:45:20:714 00000329                  APP| Locilized file: /data/data/com.rhomobile.macotec/rhodata/lib/rholang/rhomsg_
I/APP     (  787): I 03/26/2013 17:45:20:721 00000329              RhoRuby| require_compiled: /data/data/com.rhomobile.macotec/rhodata/lib/rholang/rhomsg_en
I/APP     (  787): I 03/26/2013 17:45:20:801 00000329              RhoRuby| require_compiled: indifferent_access
I/APP     (  787): I 03/26/2013 17:45:20:931 00000329              RhoRuby| require_compiled: rho/rhosupport
I/APP     (  787): I 03/26/2013 17:45:21:127 00000329              RhoRuby| require_compiled: rho/rhocontroller
I/APP     (  787): I 03/26/2013 17:45:21:263 00000329              RhoRuby| require_compiled: rho/render
I/APP     (  787): I 03/26/2013 17:45:21:507 00000329              RhoRuby| require_compiled: rho/rho
I/APP     (  787): I 03/26/2013 17:45:22:317 00000329              RhoRuby| require_compiled: rho/rhoerror
I/APP     (  787): I 03/26/2013 17:45:22:382 00000329              RhoRuby| require_compiled: rhom/rhom_source
I/APP     (  787): I 03/26/2013 17:45:22:519 00000329              RhoRuby| require_compiled: rho/rhoviewhelpers
I/APP     (  787): I 03/26/2013 17:45:22:646 00000329              RhoRuby| require_compiled: rho
I/APP     (  787): I 03/26/2013 17:45:22:650 00000329                  APP| RHO loaded
I/APP     (  787): I 03/26/2013 17:45:22:654 00000329                  APP| Calling RHO.initialize
I/APP     (  787): I 03/26/2013 17:45:22:667 00000329                  APP| model file: Device/device
I/APP     (  787): I 03/26/2013 17:45:22:669 00000329                  APP| model file: Settings/settings
I/APP     (  787): I 03/26/2013 17:45:22:674 00000329                  APP| model file: Image/image
I/APP     (  787): I 03/26/2013 17:45:22:684 00000329                  APP| model file: Product/product
I/APP     (  787): I 03/26/2013 17:45:22:687 00000329                  APP| model file: Request/request
I/APP     (  787): I 03/26/2013 17:45:22:699 00000329                   DB| Open DB: /data/data/com.rhomobile.macotec/rhodata/db/syncdbuser.sqlite
I/APP     (  787): I 03/26/2013 17:45:22:717 00000329          GeoLocation| Creating singleton instance.
I/APP     (  787): I 03/26/2013 17:45:22:718 00000329            RhodesApp| Starting sync engine...
I/APP     (  787): I 03/26/2013 17:45:22:723 00000329                 Sync| sync_poll_interval: 0
I/APP     (  787): I 03/26/2013 17:45:22:730 00000329                 Sync| syncserver: 
I/APP     (  787): I 03/26/2013 17:45:22:735 00000329                 Sync| bulksync_state: 0
I/APP     (  787): I 03/26/2013 17:45:22:738 00000329            RhodesApp| RhoRubyInitApp...
I/APP     (  787): I 03/26/2013 17:45:22:743 00000329                  APP| init_app
I/APP     (  787): I 03/26/2013 17:45:22:752 00000329              RhoRuby| require_compiled: application
I/APP     (  787): I 03/26/2013 17:45:22:767 00000329                 Sync| Set notification. Source ID: -1;Url :http://localhost:8080/app/Settings/sync_notify; Params: 
I/APP     (  787): I 03/26/2013 17:45:22:769 00000329           HttpServer| Start HTTP server
I/APP     (  787): I 03/26/2013 17:45:22:774 00000329           HttpServer| Listen for connections on port 8080
I/APP     (  787): I 03/26/2013 17:45:22:785 00000329         AppCallbacks| addCommand: LOCAL-SERVER-STARTED
I/APP     (  787): I 03/26/2013 17:45:22:788 00000327         AppCallbacks| process command: LOCAL-SERVER-STARTED
I/APP     (  787): I 03/26/2013 17:45:22:789 00000327 RhodesAppActiveObserver| Ready
I/APP     (  787): I 03/26/2013 17:45:22:794 00000313 AndroidFunctionality| Disable WebView zoom
I/APP     (  787): I 03/26/2013 17:45:22:795 00000313 AndroidFunctionality| Set web plugins state 'OFF'
V/EmulatedCamera_Factory(   38): getCameraInfo: id = 0
V/EmulatedCamera_Camera(   38): getCameraInfo
I/APP     (  787): I 03/26/2013 17:45:22:832 00000327    RhodesApplication| New AppState: AppActivated
I/APP     (  787): I 03/26/2013 17:45:22:834 00000327         AppCallbacks| process command: UI-CREATED
V/EmulatedCamera_Factory(   38): getCameraInfo: id = 0
V/EmulatedCamera_Camera(   38): getCameraInfo
I/CameraService(   38): Opening camera 0
V/EmulatedCamera_Factory(   38): cameraDeviceOpen: id = 0
V/EmulatedCamera_Camera(   38): connectCamera
V/EmulatedCamera_FakeDevice(   38): connectDevice
V/EmulatedCamera_CallbackNotifier(   38): setCallbacks: 0x405954e9, 0x40595f9d, 0x40595f01, 0x40597359 (0x1a980)
V/EmulatedCamera_CallbackNotifier(   38): enableMessage: msg_type = 0x40d
V/EmulatedCamera_CallbackNotifier(   38):     CAMERA_MSG_ERROR
V/EmulatedCamera_CallbackNotifier(   38):     CAMERA_MSG_FOCUS
V/EmulatedCamera_CallbackNotifier(   38):     CAMERA_MSG_ZOOM
V/EmulatedCamera_CallbackNotifier(   38):     CAMERA_MSG_PREVIEW_METADATA
V/EmulatedCamera_CallbackNotifier(   38): **** Currently enabled messages:
V/EmulatedCamera_CallbackNotifier(   38):     CAMERA_MSG_ERROR
V/EmulatedCamera_CallbackNotifier(   38):     CAMERA_MSG_FOCUS
V/EmulatedCamera_CallbackNotifier(   38):     CAMERA_MSG_ZOOM
V/EmulatedCamera_CallbackNotifier(   38):     CAMERA_MSG_PREVIEW_METADATA
I/AwesomePlayer(   38): setDataSource_l('/system/media/audio/ui/camera_click.ogg')
I/APP     (  787): I 03/26/2013 17:45:22:922 00000329           HttpServer| Process URI: '/system/uicreated'
I/APP     (  787): I 03/26/2013 17:45:22:926 00000329                  APP| on_ui_created.navigate to start url: '/app'
I/APP     (  787): I 03/26/2013 17:45:22:987 00000327         AppCallbacks| process command: APP-ACTIVATED
I/APP     (  787): I 03/26/2013 17:45:23:027 00000329           HttpServer| Process URI: '/system/activateapp'
I/APP     (  787): I 03/26/2013 17:45:23:047 00000327         AppCallbacks| ThreadQueue blocked for 4294967295 seconds...
I/AwesomePlayer(   38): setDataSource_l('/system/media/audio/ui/VideoRecord.ogg')
V/EmulatedCamera_CallbackNotifier(   38): disableMessage: msg_type = 0x10
V/EmulatedCamera_CallbackNotifier(   38):     CAMERA_MSG_PREVIEW_FRAME
V/EmulatedCamera_CallbackNotifier(   38): **** Currently enabled messages:
V/EmulatedCamera_CallbackNotifier(   38):     CAMERA_MSG_ERROR
V/EmulatedCamera_CallbackNotifier(   38):     CAMERA_MSG_FOCUS
V/EmulatedCamera_CallbackNotifier(   38):     CAMERA_MSG_ZOOM
V/EmulatedCamera_CallbackNotifier(   38):     CAMERA_MSG_PREVIEW_METADATA
V/EmulatedCamera_CallbackNotifier(   38): disableMessage: msg_type = 0xffff
V/EmulatedCamera_CallbackNotifier(   38):     CAMERA_MSG_ERROR
V/EmulatedCamera_CallbackNotifier(   38):     CAMERA_MSG_SHUTTER
V/EmulatedCamera_CallbackNotifier(   38):     CAMERA_MSG_FOCUS
V/EmulatedCamera_CallbackNotifier(   38):     CAMERA_MSG_ZOOM
V/EmulatedCamera_CallbackNotifier(   38):     CAMERA_MSG_PREVIEW_FRAME
V/EmulatedCamera_CallbackNotifier(   38):     CAMERA_MSG_VIDEO_FRAME
V/EmulatedCamera_CallbackNotifier(   38):     CAMERA_MSG_POSTVIEW_FRAME
V/EmulatedCamera_CallbackNotifier(   38):     CAMERA_MSG_RAW_IMAGE
V/EmulatedCamera_CallbackNotifier(   38):     CAMERA_MSG_COMPRESSED_IMAGE
V/EmulatedCamera_CallbackNotifier(   38):     CAMERA_MSG_RAW_IMAGE_NOTIFY
V/EmulatedCamera_CallbackNotifier(   38):     CAMERA_MSG_PREVIEW_METADATA
V/EmulatedCamera_CallbackNotifier(   38): **** Currently enabled messages:
V/EmulatedCamera_Camera(   38): doStopPreview
V/EmulatedCamera_Camera(   38): cancelPicture
V/EmulatedCamera_Camera(   38): releaseCamera
V/EmulatedCamera_Camera(   38): doStopPreview
V/EmulatedCamera_FakeDevice(   38): disconnectDevice
I/CameraService(   38): Destroying camera 0
V/EmulatedCamera_Camera(   38): closeCamera
V/EmulatedCamera_Camera(   38): doStopPreview
W/AudioFlinger(   38): session id 9 not found for pid 38
V/EmulatedCamera_Factory(   38): getCameraInfo: id = 0
V/EmulatedCamera_Camera(   38): getCameraInfo
W/AudioFlinger(   38): session id 10 not found for pid 38
I/APP     (  787): I 03/26/2013 17:45:23:293 00000313         SplashScreen| navigate: url=http://localhost:8080/app
I/APP     (  787): I 03/26/2013 17:45:23:297 00000313         SplashScreen| DELAY for SplashScreen = 0
I/APP     (  787): I 03/26/2013 17:45:23:323 00000313        GoogleWebView| Creating new RhoWebChromeClient
I/APP     (  787): I 03/26/2013 17:45:23:351 00000313       SimpleMainView| Cleared URL: http://localhost:8080/app
V/SimpleMainView.View(  787): ms[1364316323413]  Main Window :: onSizeChanged() old [ 480 x 762 ]  new [ 0 x 0 ]
I/APP     (  787): I 03/26/2013 17:45:23:526 00000313        GoogleWebView| Setting RhoWebChromeClient
I/APP     (  787): I 03/26/2013 17:45:23:594 00000329           HttpServer| Process URI: '/app'
I/APP     (  787): I 03/26/2013 17:45:23:632 00000313     RhoWebViewClient| Loading URL: http://localhost:8080/app/index_erb.iseq
I/APP     (  787): I 03/26/2013 17:45:23:656 00000329           HttpServer| Process URI: '/app/index_erb.iseq'
I/APP     (  787): I 03/26/2013 17:45:23:661 00000329                  APP| RHO serve_index: /app/index_erb.iseq
I/APP     (  787): I 03/26/2013 17:45:23:665 00000329 RHO Rho::RhoController| inst_render_index
I/APP     (  787): I 03/26/2013 17:45:23:725 00000329 RHO Rho::RhoController| index layout
I/APP     (  787): I 03/26/2013 17:45:23:799 00000329           HttpServer| GC Start.
I/APP     (  787): I 03/26/2013 17:45:23:866 00000329           HttpServer| GC End.
I/APP     (  787): I 03/26/2013 17:45:23:991 00000329           HttpServer| Process URI: '/public/js/request.js'
I/APP     (  787): I 03/26/2013 17:45:24:029 00000329           HttpServer| Process URI: '/public/jquery/jquery-1.6.4.min.js'
I/APP     (  787): I 03/26/2013 17:45:24:128 00000329           HttpServer| Process URI: '/public/jquery/jquery.json-2.3.min.js'
I/APP     (  787): I 03/26/2013 17:45:24:200 00000329           HttpServer| Process URI: '/public/jqmobile/jquery.mobile-1.0.1.min.css'
I/APP     (  787): I 03/26/2013 17:45:24:224 00000329           HttpServer| Process URI: '/public/css/jqmobile-patch.css'
I/APP     (  787): I 03/26/2013 17:45:24:256 00000329           HttpServer| Process URI: '/public/jqmobile/jquery.mobile-1.0.1.min.js'
I/APP     (  787): I 03/26/2013 17:45:24:334 00000329           HttpServer| Process URI: '/public/js/jqmobile-patch.js'
I/APP     (  787): I 03/26/2013 17:45:24:360 00000329           HttpServer| Process URI: '/public/css/macotec_style.css'
I/APP     (  787): I 03/26/2013 17:45:27:977 00000329           HttpServer| Process URI: '/public/images/macotec/logo.png'
I/APP     (  787): I 03/26/2013 17:45:28:655 00000329           HttpServer| Process URI: '/public/images/macotec/request_top.png'
I/APP     (  787): I 03/26/2013 17:45:28:739 00000329           HttpServer| Process URI: '/public/images/macotec/contact_png.png'
I/APP     (  787): I 03/26/2013 17:45:28:760 00000329           HttpServer| Process URI: '/public/images/macotec/products_png.png'
I/APP     (  787): I 03/26/2013 17:45:28:785 00000329           HttpServer| Process URI: '/public/images/macotec/info_png.png'
I/APP     (  787): I 03/26/2013 17:45:28:803 00000329           HttpServer| Process URI: '/public/images/macotec/attention.png'
W/webview (  787): Stale touch event ACTION_DOWN received from webcore; ignoring
W/webview (  787): Stale touch event ACTION_DOWN received from webcore; ignoring
I/APP     (  787): I 03/26/2013 17:45:55:895 00000329           HttpServer| Process URI: '/app/Product/get_catalog_data'
I/APP     (  787): I 03/26/2013 17:45:55:950 00000329                  APP| RHO serve: /app/Product/get_catalog_data
I/APP     (  787): I 03/26/2013 17:45:56:042 00000329              RhoRuby| require_compiled: Product/product_controller
I/APP     (  787): I 03/26/2013 17:45:56:383 00000329              RhoRuby| require_compiled: helpers/browser_helper
I/APP     (  787): I 03/26/2013 17:45:56:572 00000329              RhoRuby| require_compiled: json
I/APP     (  787): I 03/26/2013 17:45:56:697 00000329              RhoRuby| require_compiled: json/common
I/APP     (  787): I 03/26/2013 17:45:57:344 00000329              RhoRuby| require_compiled: json/version
I/APP     (  787): I 03/26/2013 17:45:57:566 00000329              RhoRuby| require_compiled: json/pure
I/APP     (  787): I 03/26/2013 17:45:57:956 00000329              RhoRuby| require_compiled: json/pure/generator
I/APP     (  787): I 03/26/2013 17:45:58:943 00000329              RhoRuby| require_compiled: Connection/connection_controller
I/APP     (  787): I 03/26/2013 17:45:59:206 00000329              RhoRuby| require_compiled: date
I/APP     (  787): I 03/26/2013 17:45:59:284 00000329              RhoRuby| require_compiled: dateOrig
I/APP     (  787): I 03/26/2013 17:46:00:234 00000329              RhoRuby| require_compiled: date/format
D/dalvikvm(  787): GC_CONCURRENT freed 931K, 8% free 12504K/13511K, paused 8ms+6ms
D/webviewglue(  787): nativeDestroy view: 0x28d9f8
I/APP     (  787): E 03/26/2013 17:46:00:541 00000329               RubyVM| lib/date.rb:14: warning: already initialized constant MONTHNAMES
I/APP     (  787): E 03/26/2013 17:46:00:542 00000329               RubyVM| lib/date.rb:15: warning: already initialized constant ABBR_MONTHNAMES
I/APP     (  787): E 03/26/2013 17:46:00:547 00000329               RubyVM| lib/date.rb:16: warning: already initialized constant DAYNAMES
I/APP     (  787): E 03/26/2013 17:46:00:551 00000329               RubyVM| lib/date.rb:17: warning: already initialized constant ABBR_DAYNAMES
I/APP     (  787): I 03/26/2013 17:46:00:564 00000329                  APP| ::::::::: get_catalog_data
I/APP     (  787): I 03/26/2013 17:46:00:565 00000329                  APP| const_missing: Device
I/APP     (  787): I 03/26/2013 17:46:00:574 00000329                  APP| load_model: Device
I/APP     (  787): I 03/26/2013 17:46:00:586 00000329              RhoRuby| require_compiled: Device/device
I/APP     (  787): I 03/26/2013 17:46:00:600 00000329                  APP| model name: Device
I/APP     (  787): I 03/26/2013 17:46:00:603 00000329                  APP| model class found
I/APP     (  787): I 03/26/2013 17:46:00:618 00000329                  APP| Device : {"schema"=>{"property"=>{"hardware_id"=>[:string, nil], "device_os"=>[:string, nil], "last_sync"=>[:date, nil], "device_os_version"=>[:string, nil], "token"=>[:string, nil], "model"=>[:string, nil], "locale"=>[:string, nil]}}}
I/APP     (  787): I 03/26/2013 17:46:00:622 00000329                   DB| Open DB: /data/data/com.rhomobile.macotec/rhodata/db/syncdblocal.sqlite
I/APP     (  787): I 03/26/2013 17:46:00:714 00000329                  APP| init_db_sources
I/APP     (  787): I 03/26/2013 17:46:00:803 00000329                  APP| start_id: 40006
I/APP     (  787): I 03/26/2013 17:46:00:805 00000329                  APP| Migrate schema sources: {}
I/APP     (  787): I 03/26/2013 17:46:00:890 00000329                  APP| found device:
I/APP     (  787): I 03/26/2013 17:46:00:891 00000329                  APP| {:source_id=>40003, :object=>"133534711032874.62", :hardware_id=>"7823dd1e-9f70-348d-86c3-3e1ec83a2e0a", :device_os=>"ANDROID", :last_sync=>"2013-03-26", :device_os_version=>"4.0.4", :token=>"", :model=>"unknown generic", :locale=>"en"}
I/APP     (  787): I 03/26/2013 17:46:00:982 00000329                  APP| const_missing: Product
I/APP     (  787): I 03/26/2013 17:46:00:984 00000329                  APP| load_model: Product
I/APP     (  787): I 03/26/2013 17:46:01:012 00000329              RhoRuby| require_compiled: Product/product
I/APP     (  787): I 03/26/2013 17:46:01:053 00000329                  APP| model name: Product
I/APP     (  787): I 03/26/2013 17:46:01:054 00000329                  APP| model class found
I/APP     (  787): I 03/26/2013 17:46:01:067 00000329                  APP| Product : {"schema"=>{"property"=>{"catalog_date"=>[:date, nil], "catalog_version"=>[:integer, nil], "category"=>[:string, nil], "category_name"=>[:string, nil], "category_img_url"=>[:string, nil], "sub_category"=>[:string, nil], "sub_category_name"=>[:string, nil], "sub_category_img_url"=>[:string, nil], "details"=>[:string, nil], "details_name"=>[:string, nil], "detail_img_url"=>[:string, nil], "header"=>[:string, nil], "attribute_title_1"=>[:string, nil], "attribute_title_2"=>[:string, nil], "attribute_title_3"=>[:string, nil], "attribute_title_4"=>[:string, nil], "attribute_title_5"=>[:string, nil], "attribute_list_title"=>[:string, nil], "attribute_1"=>[:string, nil], "attribute_2"=>[:string, nil], "attribute_3"=>[:string, nil], "attribute_4"=>[:string, nil], "attribute_5"=>[:string, nil], "attribute_list"=>[:string, nil]}}}
I/APP     (  787): I 03/26/2013 17:46:01:079 00000329                  APP| init_db_sources
I/APP     (  787): I 03/26/2013 17:46:01:082 00000329                  APP| start_id: 40006
I/APP     (  787): I 03/26/2013 17:46:01:095 00000329                  APP| Migrate schema sources: {}
I/APP     (  787): I 03/26/2013 17:46:01:243 00000329           HttpServer| GC Start.
I/APP     (  787): I 03/26/2013 17:46:01:315 00000329           HttpServer| GC End.
I/APP     (  787): I 03/26/2013 17:46:01:391 00000313       SimpleMainView| Cleared URL: http://localhost:8080/app/Product
I/APP     (  787): I 03/26/2013 17:46:01:521 00000329           HttpServer| Process URI: '/app/Product'
I/APP     (  787): I 03/26/2013 17:46:01:525 00000329                  APP| RHO serve: /app/Product
I/APP     (  787): I 03/26/2013 17:46:01:680 00000329 RHO ProductController| Layout file: /data/data/com.rhomobile.macotec/rhodata/apps/app/layout_erb.iseq. Content size: 3881
I/APP     (  787): I 03/26/2013 17:46:01:719 00000329           HttpServer| GC Start.
I/APP     (  787): I 03/26/2013 17:46:01:772 00000329           HttpServer| GC End.
I/APP     (  787): I 03/26/2013 17:46:04:018 00000329           HttpServer| Process URI: '/public/jqmobile/images/icons-36-white.png'
I/APP     (  787): I 03/26/2013 17:46:05:162 00000329           HttpServer| Process URI: '/app/Product/sub_categories'
I/APP     (  787): I 03/26/2013 17:46:05:164 00000329                  APP| RHO serve: /app/Product/sub_categories
I/APP     (  787): I 03/26/2013 17:46:05:182 00000329                  APP| Params: {"category"=>"other_construction_machines"}
I/APP     (  787): I 03/26/2013 17:46:05:660 00000329           HttpServer| GC Start.
I/APP     (  787): I 03/26/2013 17:46:05:891 00000329           HttpServer| GC End.
E/libEGL  (  787): call to OpenGL ES API with no current context (logged once per thread)
D/ShaderProgram(  787): couldn't load the vertex shader!
E/libEGL  (  787): call to OpenGL ES API with no current context (logged once per thread)
D/ShaderProgram(  787): couldn't load the vertex shader!
E/libEGL  (  787): call to OpenGL ES API with no current context (logged once per thread)
D/ShaderProgram(  787): couldn't load the vertex shader!
E/libEGL  (  787): call to OpenGL ES API with no current context (logged once per thread)
D/ShaderProgram(  787): couldn't load the vertex shader!
E/libEGL  (  787): call to OpenGL ES API with no current context (logged once per thread)
D/ShaderProgram(  787): couldn't load the vertex shader!
W/webview (  787): Stale touch event ACTION_DOWN received from webcore; ignoring
I/APP     (  787): I 03/26/2013 17:46:21:057 00000329           HttpServer| Process URI: '/app/Product/product_details'
I/APP     (  787): I 03/26/2013 17:46:21:058 00000329                  APP| RHO serve: /app/Product/product_details
I/APP     (  787): I 03/26/2013 17:46:21:074 00000329                  APP| Params: {"sub_category"=>"wheel_loader", "category"=>"other_construction_machines"}
I/APP     (  787): I 03/26/2013 17:46:21:171 00000329           HttpServer| GC Start.
I/APP     (  787): I 03/26/2013 17:46:21:216 00000329           HttpServer| GC End.
I/APP     (  787): I 03/26/2013 17:46:21:746 00000329           HttpServer| Process URI: '/public/images/macotec/plus.png'
I/APP     (  787): I 03/26/2013 17:46:24:411 00000329           HttpServer| Process URI: '/app/Request/request_from_catalog'
I/APP     (  787): I 03/26/2013 17:46:24:413 00000329                  APP| RHO serve: /app/Request/request_from_catalog
I/APP     (  787): I 03/26/2013 17:46:24:426 00000329              RhoRuby| require_compiled: Request/request_controller
I/APP     (  787): I 03/26/2013 17:46:24:585 00000329              RhoRuby| require_compiled: time
I/APP     (  787): I 03/26/2013 17:46:24:810 00000329                  APP| Params: {"details_name"=>"Radlader", "category"=>"other_construction_machines", "category_name"=>"sonstige Baumaschinen"}
I/APP     (  787): I 03/26/2013 17:46:24:824 00000329                  APP| const_missing: Settings
I/APP     (  787): I 03/26/2013 17:46:24:825 00000329                  APP| load_model: Settings
I/APP     (  787): I 03/26/2013 17:46:24:842 00000329              RhoRuby| require_compiled: Settings/settings
I/APP     (  787): I 03/26/2013 17:46:24:873 00000329                  APP| model name: Settings
I/APP     (  787): I 03/26/2013 17:46:24:874 00000329                  APP| model class found
I/APP     (  787): I 03/26/2013 17:46:24:888 00000329                  APP| Settings : {"schema"=>{"property"=>{"company"=>[:string, nil], "phone"=>[:string, nil], "email"=>[:string, nil]}}}
I/APP     (  787): I 03/26/2013 17:46:24:900 00000329                  APP| init_db_sources
I/APP     (  787): I 03/26/2013 17:46:24:914 00000329                  APP| start_id: 40006
I/APP     (  787): I 03/26/2013 17:46:24:916 00000329                  APP| Migrate schema sources: {}
I/APP     (  787): I 03/26/2013 17:46:25:440 00000329           HttpServer| GC Start.
I/APP     (  787): I 03/26/2013 17:46:25:800 00000329           HttpServer| GC End.
I/APP     (  787): I 03/26/2013 17:46:30:786 00000329           HttpServer| Process URI: '/public/images/macotec/camera.png'
