I/APP     ( 2158): I 03/04/2013 18:45:50:659 00000886           HttpServer| Process URI: '/app/Request/submit_success'
I/APP     ( 2158): I 03/04/2013 18:45:50:680 00000886                  APP| RHO serve: /app/Request/submit_success
I/APP     ( 2158): I 03/04/2013 18:45:50:708 00000886                  APP| Params: {"result"=>"SUCCESS", "message"=>""}
I/APP     ( 2158): I 03/04/2013 18:45:50:783 00000886 RHO RequestController| Layout file: /data/data/com.rhomobile.macotec/rhodata/apps/app/layout_erb.iseq. Content size: 3150
I/APP     ( 2158): I 03/04/2013 18:45:50:826 00000886           HttpServer| GC Start.
I/APP     ( 2158): I 03/04/2013 18:45:51:131 00000886           HttpServer| GC End.
I/APP     ( 2158): I 03/04/2013 18:45:56:711 00000886           HttpServer| Process URI: '/public/images/macotec/success.png'
I/APP     ( 2158): I 03/04/2013 18:46:04:380 0000086e       SimpleMainView| Cleared URL: http://localhost:8080/app
I/APP     ( 2158): I 03/04/2013 18:46:04:452 0000086e     RhoWebViewClient| Loading URL: http://localhost:8080/app/index_erb.iseq
I/APP     ( 2158): I 03/04/2013 18:46:04:499 00000886           HttpServer| Process URI: '/app/index_erb.iseq'
I/APP     ( 2158): I 03/04/2013 18:46:04:503 00000886                  APP| RHO serve_index: /app/index_erb.iseq
I/APP     ( 2158): I 03/04/2013 18:46:04:533 00000886 RHO Rho::RhoController| inst_render_index
I/APP     ( 2158): I 03/04/2013 18:46:04:588 00000886 RHO Rho::RhoController| index layout
I/APP     ( 2158): I 03/04/2013 18:46:04:668 00000886           HttpServer| GC Start.
I/APP     ( 2158): I 03/04/2013 18:46:04:730 00000886           HttpServer| GC End.
D/dalvikvm(  184): GC_CONCURRENT freed 384K, 6% free 9534K/10119K, paused 9ms+4ms
D/dalvikvm(   86): GC_CONCURRENT freed 583K, 15% free 11331K/13255K, paused 10ms+9ms
W/webview ( 2158): Stale touch event ACTION_DOWN received from webcore; ignoring
I/APP     ( 2158): I 03/04/2013 18:50:02:357 00000886           HttpServer| Process URI: '/app/Request/request'
I/APP     ( 2158): I 03/04/2013 18:50:02:439 00000886                  APP| RHO serve: /app/Request/request
I/APP     ( 2158): I 03/04/2013 18:50:02:656 00000886           HttpServer| GC Start.
I/APP     ( 2158): I 03/04/2013 18:50:02:731 00000886           HttpServer| GC End.
I/APP     ( 2158): I 03/04/2013 18:50:06:224 00000886           HttpServer| Process URI: '/app/Request/request_project'
I/APP     ( 2158): I 03/04/2013 18:50:06:226 00000886                  APP| RHO serve: /app/Request/request_project
I/APP     ( 2158): I 03/04/2013 18:50:06:451 00000886           HttpServer| GC Start.
I/APP     ( 2158): I 03/04/2013 18:50:06:509 00000886           HttpServer| GC End.
I/APP     ( 2158): I 03/04/2013 18:50:08:858 00000886           HttpServer| Process URI: '/app/Request/request'
I/APP     ( 2158): I 03/04/2013 18:50:08:860 00000886                  APP| RHO serve: /app/Request/request
I/APP     ( 2158): I 03/04/2013 18:50:08:974 00000886           HttpServer| GC Start.
I/APP     ( 2158): I 03/04/2013 18:50:09:028 00000886           HttpServer| GC End.
I/APP     ( 2158): I 03/04/2013 18:50:13:153 00000886           HttpServer| Process URI: '/app/Request/request_project'
I/APP     ( 2158): I 03/04/2013 18:50:13:155 00000886                  APP| RHO serve: /app/Request/request_project
I/APP     ( 2158): I 03/04/2013 18:50:13:362 00000886           HttpServer| GC Start.
I/APP     ( 2158): I 03/04/2013 18:50:13:425 00000886           HttpServer| GC End.
W/webview ( 2158): Stale touch event ACTION_DOWN received from webcore; ignoring
I/APP     ( 2158): I 03/04/2013 18:53:59:603 00000886           HttpServer| Process URI: '/app/Request/choose_existing'
I/APP     ( 2158): I 03/04/2013 18:53:59:605 00000886                  APP| RHO serve: /app/Request/choose_existing
I/APP     ( 2158): I 03/04/2013 18:53:59:611 00000886           HttpServer| GC Start.
I/APP     ( 2158): I 03/04/2013 18:53:59:691 00000886           HttpServer| GC End.
I/ActivityManager(   86): START {cmp=com.rhomobile.macotec/com.rhomobile.rhodes.camera.FileList (has extras)} from pid 2158
W/WindowManager(   86): Failure taking screenshot for (180x300) to layer 21010
I/APP     ( 2158): I 03/04/2013 18:53:59:929 0000086e AndroidFunctionality| Pause WebView
I/APP     ( 2158): I 03/04/2013 18:53:59:933 0000086e       RhodesActivity| onPause
I/APP     ( 2158): I 03/04/2013 18:53:59:978 00000886           HttpServer| Process URI: '/system/uidestroyed'
I/APP     ( 2158): I 03/04/2013 18:54:00:049 0000086e    RhodesApplication| New UiState: MainActivityPaused
D/dalvikvm(  141): GC_CONCURRENT freed 533K, 30% free 9805K/13959K, paused 5ms+28ms
D/dalvikvm(  352): GC_EXPLICIT freed 196K, 4% free 9260K/9607K, paused 27ms+7ms
D/RhodesService( 2158): +++ onStartCommand
I/RhodesService( 2158): handleCommand: startId=3, source=com.rhomobile.rhodes.BaseActivity
D/RhodesService( 2158): New activity was created
I/Process (   86): Sending signal. PID: 2158 SIG: 3
I/dalvikvm( 2158): threadid=3: reacting to signal 3
I/dalvikvm( 2158): Wrote stack traces to '/data/anr/traces.txt'
V/PhoneStatusBar(  141): setLightsOn(true)
I/Process (   86): Sending signal. PID: 2158 SIG: 3
I/dalvikvm( 2158): threadid=3: reacting to signal 3
I/dalvikvm( 2158): Wrote stack traces to '/data/anr/traces.txt'
I/ActivityManager(   86): Displayed com.rhomobile.macotec/com.rhomobile.rhodes.camera.FileList: +1s98ms
I/APP     ( 2158): I 03/04/2013 18:54:01:275 0000086e       RhodesActivity| onStop
I/APP     ( 2158): I 03/04/2013 18:54:02:337 0000086e             FileList| Selected file: /mnt/sdcard/DCIM/Camera/1362148388522.jpg
I/APP     ( 2158): I 03/04/2013 18:54:03:201 00000886           HttpServer| Process URI: '/app/Request/choose_existing_callback'
I/APP     ( 2158): I 03/04/2013 18:54:03:203 00000886                  APP| RHO serve: /app/Request/choose_existing_callback
I/APP     ( 2158): I 03/04/2013 18:54:03:239 00000886                  APP| Params: {"rho_callback"=>"1", "status"=>"ok", "image_uri"=>"db/db-files/1362148388522.jpg"}
I/APP     ( 2158): I 03/04/2013 18:54:03:246 00000886           HttpServer| GC Start.
W/WindowManager(   86): Failure taking screenshot for (180x300) to layer 21015
I/APP     ( 2158): I 03/04/2013 18:54:03:307 0000086e       SimpleMainView| Cleared URL: javascript:showImage("/data/data/com.rhomobile.macotec/rhodata/db/db-files/1362148388522.jpg");
I/APP     ( 2158): I 03/04/2013 18:54:03:390 00000886           HttpServer| GC End.
I/APP     ( 2158): I 03/04/2013 18:54:03:407 0000086e       RhodesActivity| onStart
I/APP     ( 2158): I 03/04/2013 18:54:03:443 0000086e    RhodesApplication| New UiState: MainActivityStarted
I/APP     ( 2158): I 03/04/2013 18:54:03:455 0000086e       RhodesActivity| onResume
I/APP     ( 2158): I 03/04/2013 18:54:03:460 0000086e AndroidFunctionality| Resume WebView
I/APP     ( 2158): I 03/04/2013 18:54:03:446 00000886           HttpServer| Process URI: '/data/data/com.rhomobile.macotec/rhodata/db/db-files/1362148388522.jpg'
V/PhoneStatusBar(  141): setLightsOn(true)
I/Process (   86): Sending signal. PID: 2158 SIG: 3
I/dalvikvm( 2158): threadid=3: reacting to signal 3
I/dalvikvm( 2158): Wrote stack traces to '/data/anr/traces.txt'
I/APP     ( 2158): I 03/04/2013 18:54:08:951 00000886           HttpServer| Process URI: '/app/Request/submit_request_project'
I/APP     ( 2158): I 03/04/2013 18:54:08:953 00000886                  APP| RHO serve: /app/Request/submit_request_project
I/APP     ( 2158): I 03/04/2013 18:54:08:982 00000886                  APP| Params: {"project_number"=>"", "information"=>"", "hiddenImagePath"=>"/data/data/com.rhomobile.macotec/rhodata/db/db-files/1362148388522.jpg", "company"=>"Hasenbert", "phone"=>"0304987987", "email"=>"erwin@hasenbert.de"}
I/APP     ( 2158): I 03/04/2013 18:54:09:005 00000886            AsyncHttp| addCommand: Upload
I/APP     ( 2158): I 03/04/2013 18:54:09:030 00000895                  Net| POST request (Push): http://www.datenloft.com/macotec/send_request_project_test.php
I/APP     ( 2158): I 03/04/2013 18:54:09:103 00000886           HttpServer| GC Start.
I/APP     ( 2158): I 03/04/2013 18:54:09:153 00000886           HttpServer| GC End.
I/APP     ( 2158): I 03/04/2013 18:54:09:533 00000886           HttpServer| Process URI: '/public/images/macotec/macotec_loader.gif'
I/APP     ( 2158): I 03/04/2013 18:54:09:568 00000886           HttpServer| Process URI: '/app/Request/http_callback'
I/APP     ( 2158): I 03/04/2013 18:54:09:571 00000886                  APP| RHO serve: /app/Request/http_callback
I/APP     ( 2158): I 03/04/2013 18:54:09:619 00000886                  APP| Params: {"rho_callback"=>"1", "status"=>"ok", "http_error"=>"200", "headers"=>{"User-Agent"=>"Mozilla-5.0 (ANDROID; unknown generic; 4.0.4)"}, "__rho_object"=>{"body"=>"0"}}
I/APP     ( 2158): I 03/04/2013 18:54:13:681 00000895            AsyncHttp| ThreadQueue blocked for 4294967295 seconds...
I/APP     ( 2158): I 03/04/2013 18:54:13:825 00000886           HttpServer| GC Start.
I/APP     ( 2158): I 03/04/2013 18:54:13:860 0000086e       SimpleMainView| Cleared URL: http://localhost:8080/app/Request/submit_success?result=SUCCESS&message=
I/APP     ( 2158): I 03/04/2013 18:54:14:262 00000886           HttpServer| GC End.
I/APP     ( 2158): I 03/04/2013 18:54:14:420 00000886           HttpServer| Process URI: '/app/Request/submit_success'
I/APP     ( 2158): I 03/04/2013 18:54:14:479 00000886                  APP| RHO serve: /app/Request/submit_success
I/APP     ( 2158): I 03/04/2013 18:54:14:583 00000886                  APP| Params: {"result"=>"SUCCESS", "message"=>""}
I/APP     ( 2158): I 03/04/2013 18:54:14:946 00000886 RHO RequestController| Layout file: /data/data/com.rhomobile.macotec/rhodata/apps/app/layout_erb.iseq. Content size: 3150
I/APP     ( 2158): I 03/04/2013 18:54:15:090 00000886           HttpServer| GC Start.
I/APP     ( 2158): I 03/04/2013 18:54:15:332 00000886           HttpServer| GC End.
D/dalvikvm(  184): GC_CONCURRENT freed 383K, 6% free 9535K/10119K, paused 8ms+7ms
I/APP     ( 2158): I 03/04/2013 18:54:55:532 0000086e       SimpleMainView| Cleared URL: http://localhost:8080/app
I/APP     ( 2158): I 03/04/2013 18:54:55:566 0000086e     RhoWebViewClient| Loading URL: http://localhost:8080/app/index_erb.iseq
I/APP     ( 2158): I 03/04/2013 18:54:55:597 00000886           HttpServer| Process URI: '/app/index_erb.iseq'
I/APP     ( 2158): I 03/04/2013 18:54:55:600 00000886                  APP| RHO serve_index: /app/index_erb.iseq
I/APP     ( 2158): I 03/04/2013 18:54:55:601 00000886 RHO Rho::RhoController| inst_render_index
I/APP     ( 2158): I 03/04/2013 18:54:55:670 00000886 RHO Rho::RhoController| index layout
I/APP     ( 2158): I 03/04/2013 18:54:55:739 00000886           HttpServer| GC Start.
I/APP     ( 2158): I 03/04/2013 18:54:55:778 00000886           HttpServer| GC End.
D/dalvikvm( 2158): GC_CONCURRENT freed 780K, 7% free 12791K/13703K, paused 3ms+13ms
W/CursorWrapperInner( 2158): Cursor finalized without prior close()
W/CursorWrapperInner( 2158): Cursor finalized without prior close()
I/APP     ( 2158): I 03/04/2013 18:55:00:806 00000886           HttpServer| Process URI: '/app/Request/request'
I/APP     ( 2158): I 03/04/2013 18:55:00:810 00000886                  APP| RHO serve: /app/Request/request
I/APP     ( 2158): I 03/04/2013 18:55:00:953 00000886           HttpServer| GC Start.
I/APP     ( 2158): I 03/04/2013 18:55:01:066 00000886           HttpServer| GC End.
W/ThrottleService(   86): unable to find stats for iface rmnet0
F/NetworkStats(   86): problem reading network stats
F/NetworkStats(   86): java.lang.IllegalStateException: problem parsing idx 1
F/NetworkStats(   86): 	at com.android.internal.net.NetworkStatsFactory.readNetworkStatsDetail(NetworkStatsFactory.java:300)
F/NetworkStats(   86): 	at com.android.server.NetworkManagementService.getNetworkStatsUidDetail(NetworkManagementService.java:1282)
F/NetworkStats(   86): 	at com.android.server.net.NetworkStatsService.performPollLocked(NetworkStatsService.java:831)
F/NetworkStats(   86): 	at com.android.server.net.NetworkStatsService.performPoll(NetworkStatsService.java:799)
F/NetworkStats(   86): 	at com.android.server.net.NetworkStatsService.access$100(NetworkStatsService.java:128)
F/NetworkStats(   86): 	at com.android.server.net.NetworkStatsService$3.onReceive(NetworkStatsService.java:633)
F/NetworkStats(   86): 	at android.app.LoadedApk$ReceiverDispatcher$Args.run(LoadedApk.java:728)
F/NetworkStats(   86): 	at android.os.Handler.handleCallback(Handler.java:605)
F/NetworkStats(   86): 	at android.os.Handler.dispatchMessage(Handler.java:92)
F/NetworkStats(   86): 	at android.os.Looper.loop(Looper.java:137)
F/NetworkStats(   86): 	at android.os.HandlerThread.run(HandlerThread.java:60)
F/NetworkStats(   86): Caused by: java.io.FileNotFoundException: /proc/net/xt_qtaguid/stats: open failed: ENOENT (No such file or directory)
F/NetworkStats(   86): 	at libcore.io.IoBridge.open(IoBridge.java:406)
F/NetworkStats(   86): 	at java.io.FileInputStream.<init>(FileInputStream.java:78)
F/NetworkStats(   86): 	at com.android.internal.net.NetworkStatsFactory.readNetworkStatsDetail(NetworkStatsFactory.java:269)
F/NetworkStats(   86): 	... 10 more
F/NetworkStats(   86): Caused by: libcore.io.ErrnoException: open failed: ENOENT (No such file or directory)
F/NetworkStats(   86): 	at libcore.io.Posix.open(Native Method)
F/NetworkStats(   86): 	at libcore.io.BlockGuardOs.open(BlockGuardOs.java:110)
F/NetworkStats(   86): 	at libcore.io.IoBridge.open(IoBridge.java:390)
F/NetworkStats(   86): 	... 12 more
D/dalvikvm(   86): GC_CONCURRENT freed 449K, 15% free 11350K/13255K, paused 9ms+8ms
W/webview ( 2158): Stale touch event ACTION_DOWN received from webcore; ignoring
I/APP     ( 2158): I 03/04/2013 18:58:01:441 00000886           HttpServer| Process URI: '/app/Request/request_project'
I/APP     ( 2158): I 03/04/2013 18:58:01:443 00000886                  APP| RHO serve: /app/Request/request_project
I/APP     ( 2158): I 03/04/2013 18:58:01:681 00000886           HttpServer| GC Start.
I/APP     ( 2158): I 03/04/2013 18:58:01:740 00000886           HttpServer| GC End.
I/APP     ( 2158): I 03/04/2013 18:58:07:945 00000886           HttpServer| Process URI: '/app/Request/choose_existing'
I/APP     ( 2158): I 03/04/2013 18:58:07:948 00000886                  APP| RHO serve: /app/Request/choose_existing
I/APP     ( 2158): I 03/04/2013 18:58:07:979 00000886           HttpServer| GC Start.
I/APP     ( 2158): I 03/04/2013 18:58:08:075 00000886           HttpServer| GC End.
I/ActivityManager(   86): START {cmp=com.rhomobile.macotec/com.rhomobile.rhodes.camera.FileList (has extras)} from pid 2158
W/WindowManager(   86): Failure taking screenshot for (180x300) to layer 21010
I/APP     ( 2158): I 03/04/2013 18:58:08:449 0000086e AndroidFunctionality| Pause WebView
I/APP     ( 2158): I 03/04/2013 18:58:08:453 0000086e       RhodesActivity| onPause
I/APP     ( 2158): I 03/04/2013 18:58:08:495 00000886           HttpServer| Process URI: '/system/uidestroyed'
I/APP     ( 2158): I 03/04/2013 18:58:08:520 0000086e    RhodesApplication| New UiState: MainActivityPaused
D/RhodesService( 2158): +++ onStartCommand
I/RhodesService( 2158): handleCommand: startId=4, source=com.rhomobile.rhodes.BaseActivity
D/RhodesService( 2158): New activity was created
V/PhoneStatusBar(  141): setLightsOn(true)
I/Process (   86): Sending signal. PID: 2158 SIG: 3
I/dalvikvm( 2158): threadid=3: reacting to signal 3
I/dalvikvm( 2158): Wrote stack traces to '/data/anr/traces.txt'
I/ActivityManager(   86): Displayed com.rhomobile.macotec/com.rhomobile.rhodes.camera.FileList: +759ms
I/APP     ( 2158): I 03/04/2013 18:58:09:502 0000086e       RhodesActivity| onStop
I/APP     ( 2158): I 03/04/2013 18:58:10:428 0000086e             FileList| Selected file: /mnt/sdcard/DCIM/Camera/1362145665714.jpg
I/APP     ( 2158): I 03/04/2013 18:58:11:397 00000886           HttpServer| Process URI: '/app/Request/choose_existing_callback'
I/APP     ( 2158): I 03/04/2013 18:58:11:399 00000886                  APP| RHO serve: /app/Request/choose_existing_callback
I/APP     ( 2158): I 03/04/2013 18:58:11:403 00000886                  APP| Params: {"rho_callback"=>"1", "status"=>"ok", "image_uri"=>"db/db-files/1362145665714.jpg"}
W/WindowManager(   86): Failure taking screenshot for (180x300) to layer 21015
I/APP     ( 2158): I 03/04/2013 18:58:11:439 00000886           HttpServer| GC Start.
I/APP     ( 2158): I 03/04/2013 18:58:11:493 00000886           HttpServer| GC End.
I/APP     ( 2158): I 03/04/2013 18:58:11:499 0000086e       SimpleMainView| Cleared URL: javascript:showImage("/data/data/com.rhomobile.macotec/rhodata/db/db-files/1362145665714.jpg");
I/APP     ( 2158): I 03/04/2013 18:58:11:577 00000886           HttpServer| Process URI: '/data/data/com.rhomobile.macotec/rhodata/db/db-files/1362145665714.jpg'
I/APP     ( 2158): I 03/04/2013 18:58:11:607 0000086e       RhodesActivity| onStart
I/APP     ( 2158): I 03/04/2013 18:58:11:610 0000086e    RhodesApplication| New UiState: MainActivityStarted
I/APP     ( 2158): I 03/04/2013 18:58:11:616 0000086e       RhodesActivity| onResume
I/APP     ( 2158): I 03/04/2013 18:58:11:621 0000086e AndroidFunctionality| Resume WebView
V/PhoneStatusBar(  141): setLightsOn(true)
I/Process (   86): Sending signal. PID: 2158 SIG: 3
I/dalvikvm( 2158): threadid=3: reacting to signal 3
I/dalvikvm( 2158): Wrote stack traces to '/data/anr/traces.txt'
I/APP     ( 2158): I 03/04/2013 18:58:16:832 00000886           HttpServer| Process URI: '/app/Request/submit_request_project'
I/APP     ( 2158): I 03/04/2013 18:58:16:834 00000886                  APP| RHO serve: /app/Request/submit_request_project
I/APP     ( 2158): I 03/04/2013 18:58:16:838 00000886                  APP| Params: {"project_number"=>"", "information"=>"", "hiddenImagePath"=>"/data/data/com.rhomobile.macotec/rhodata/db/db-files/1362145665714.jpg", "company"=>"Hasenbert", "phone"=>"0304987987", "email"=>"erwin@hasenbert.de"}
I/APP     ( 2158): I 03/04/2013 18:58:16:840 00000886            AsyncHttp| addCommand: Upload
I/APP     ( 2158): I 03/04/2013 18:58:16:877 00000895                  Net| POST request (Push): http://www.datenloft.com/macotec/send_request_project_test.php
I/APP     ( 2158): I 03/04/2013 18:58:16:945 00000886           HttpServer| GC Start.
I/APP     ( 2158): I 03/04/2013 18:58:17:004 00000886           HttpServer| GC End.
I/APP     ( 2158): I 03/04/2013 18:58:17:333 00000886           HttpServer| Process URI: '/app/Request/http_callback'
I/APP     ( 2158): I 03/04/2013 18:58:17:335 00000886                  APP| RHO serve: /app/Request/http_callback
I/APP     ( 2158): I 03/04/2013 18:58:17:370 00000886                  APP| Params: {"rho_callback"=>"1", "status"=>"ok", "http_error"=>"200", "headers"=>{"User-Agent"=>"Mozilla-5.0 (ANDROID; unknown generic; 4.0.4)"}, "__rho_object"=>{"body"=>"0"}}
I/APP     ( 2158): I 03/04/2013 18:58:21:401 00000895            AsyncHttp| ThreadQueue blocked for 4294967295 seconds...
I/APP     ( 2158): I 03/04/2013 18:58:21:566 00000886           HttpServer| GC Start.
I/APP     ( 2158): I 03/04/2013 18:58:21:634 0000086e       SimpleMainView| Cleared URL: http://localhost:8080/app/Request/submit_success?result=SUCCESS&message=
I/APP     ( 2158): I 03/04/2013 18:58:21:927 00000886           HttpServer| GC End.
I/APP     ( 2158): I 03/04/2013 18:58:22:041 00000886           HttpServer| Process URI: '/app/Request/submit_success'
I/APP     ( 2158): I 03/04/2013 18:58:22:113 00000886                  APP| RHO serve: /app/Request/submit_success
I/APP     ( 2158): I 03/04/2013 18:58:22:261 00000886                  APP| Params: {"result"=>"SUCCESS", "message"=>""}
I/APP     ( 2158): I 03/04/2013 18:58:22:656 00000886 RHO RequestController| Layout file: /data/data/com.rhomobile.macotec/rhodata/apps/app/layout_erb.iseq. Content size: 3150
I/APP     ( 2158): I 03/04/2013 18:58:22:804 00000886           HttpServer| GC Start.
I/APP     ( 2158): I 03/04/2013 18:58:22:995 00000886           HttpServer| GC End.
D/dalvikvm(  184): GC_CONCURRENT freed 384K, 6% free 9535K/10119K, paused 19ms+17ms
W/ThrottleService(   86): unable to find stats for iface rmnet0
