V/EmulatedCamera_CallbackNotifier(   38):     CAMERA_MSG_SHUTTER
V/EmulatedCamera_CallbackNotifier(   38):     CAMERA_MSG_FOCUS
V/EmulatedCamera_CallbackNotifier(   38):     CAMERA_MSG_ZOOM
V/EmulatedCamera_CallbackNotifier(   38):     CAMERA_MSG_PREVIEW_FRAME
V/EmulatedCamera_CallbackNotifier(   38):     CAMERA_MSG_VIDEO_FRAME
V/EmulatedCamera_CallbackNotifier(   38):     CAMERA_MSG_POSTVIEW_FRAME
V/EmulatedCamera_CallbackNotifier(   38):     CAMERA_MSG_RAW_IMAGE
V/EmulatedCamera_CallbackNotifier(   38):     CAMERA_MSG_COMPRESSED_IMAGE
V/EmulatedCamera_CallbackNotifier(   38):     CAMERA_MSG_RAW_IMAGE_NOTIFY
V/EmulatedCamera_CallbackNotifier(   38):     CAMERA_MSG_PREVIEW_METADATA
V/EmulatedCamera_CallbackNotifier(   38): **** Currently enabled messages:
V/EmulatedCamera_Camera(   38): doStopPreview
V/EmulatedCamera_Camera(   38): cancelPicture
V/EmulatedCamera_Camera(   38): releaseCamera
V/EmulatedCamera_Camera(   38): doStopPreview
V/EmulatedCamera_FakeDevice(   38): disconnectDevice
I/CameraService(   38): Destroying camera 0
V/EmulatedCamera_Camera(   38): closeCamera
V/EmulatedCamera_Camera(   38): doStopPreview
W/AudioFlinger(   38): session id 103 not found for pid 38
V/EmulatedCamera_Factory(   38): getCameraInfo: id = 0
V/EmulatedCamera_Camera(   38): getCameraInfo
I/APP     ( 4302): I 03/27/2013 17:56:58:240 000010ce         SplashScreen| navigate: url=http://localhost:8080/app
W/AudioFlinger(   38): session id 104 not found for pid 38
I/APP     ( 4302): I 03/27/2013 17:56:58:274 000010ce         SplashScreen| DELAY for SplashScreen = 0
I/APP     ( 4302): I 03/27/2013 17:56:58:313 000010ce        GoogleWebView| Creating new RhoWebChromeClient
I/APP     ( 4302): I 03/27/2013 17:56:58:346 000010ce       SimpleMainView| Cleared URL: http://localhost:8080/app
V/SimpleMainView.View( 4302): ms[1364403418409]  Main Window :: onSizeChanged() old [ 480 x 762 ]  new [ 0 x 0 ]
I/APP     ( 4302): I 03/27/2013 17:56:58:479 000010ce        GoogleWebView| Setting RhoWebChromeClient
I/APP     ( 4302): I 03/27/2013 17:56:58:528 000010e5           HttpServer| Process URI: '/app'
I/APP     ( 4302): I 03/27/2013 17:56:58:561 000010ce     RhoWebViewClient| Loading URL: http://localhost:8080/app/index_erb.iseq
I/APP     ( 4302): I 03/27/2013 17:56:58:600 000010e5           HttpServer| Process URI: '/app/index_erb.iseq'
I/APP     ( 4302): I 03/27/2013 17:56:58:610 000010e5                  APP| RHO serve_index: /app/index_erb.iseq
I/APP     ( 4302): I 03/27/2013 17:56:58:635 000010e5 RHO Rho::RhoController| inst_render_index
I/APP     ( 4302): I 03/27/2013 17:56:58:764 000010e5 RHO Rho::RhoController| index layout
I/APP     ( 4302): I 03/27/2013 17:56:58:861 000010e5           HttpServer| GC Start.
I/APP     ( 4302): I 03/27/2013 17:56:58:973 000010e5           HttpServer| GC End.
I/APP     ( 4302): I 03/27/2013 17:56:59:112 000010e5           HttpServer| Process URI: '/public/js/request.js'
I/APP     ( 4302): I 03/27/2013 17:56:59:271 000010e5           HttpServer| Process URI: '/public/jquery/jquery-1.6.4.min.js'
I/APP     ( 4302): I 03/27/2013 17:56:59:402 000010e5           HttpServer| Process URI: '/public/jquery/jquery.json-2.3.min.js'
I/APP     ( 4302): I 03/27/2013 17:56:59:476 000010e5           HttpServer| Process URI: '/public/jqmobile/jquery.mobile-1.0.1.min.css'
I/APP     ( 4302): I 03/27/2013 17:56:59:615 000010e5           HttpServer| Process URI: '/public/css/jqmobile-patch.css'
I/APP     ( 4302): I 03/27/2013 17:56:59:693 000010e5           HttpServer| Process URI: '/public/jqmobile/jquery.mobile-1.0.1.min.js'
I/APP     ( 4302): I 03/27/2013 17:56:59:875 000010e5           HttpServer| Process URI: '/public/js/jqmobile-patch.js'
I/APP     ( 4302): I 03/27/2013 17:56:59:934 000010e5           HttpServer| Process URI: '/public/css/macotec_style.css'
I/APP     ( 4302): I 03/27/2013 17:57:02:980 000010e5           HttpServer| Process URI: '/public/images/macotec/logo.png'
I/APP     ( 4302): I 03/27/2013 17:57:03:679 000010e5           HttpServer| Process URI: '/public/images/macotec/request_top.png'
I/APP     ( 4302): I 03/27/2013 17:57:03:789 000010e5           HttpServer| Process URI: '/public/images/macotec/contact_png.png'
I/APP     ( 4302): I 03/27/2013 17:57:03:847 000010e5           HttpServer| Process URI: '/public/images/macotec/products_png.png'
I/APP     ( 4302): I 03/27/2013 17:57:03:898 000010e5           HttpServer| Process URI: '/public/images/macotec/info_png.png'
I/APP     ( 4302): I 03/27/2013 17:57:03:929 000010e5           HttpServer| Process URI: '/public/images/macotec/attention.png'
I/APP     ( 4302): I 03/27/2013 17:57:10:621 000010e5           HttpServer| Process URI: '/app/Request/request'
I/APP     ( 4302): I 03/27/2013 17:57:10:628 000010e5                  APP| RHO serve: /app/Request/request
I/APP     ( 4302): I 03/27/2013 17:57:10:671 000010e5              RhoRuby| require_compiled: Request/request_controller
I/APP     ( 4302): I 03/27/2013 17:57:10:879 000010e5              RhoRuby| require_compiled: helpers/browser_helper
I/APP     ( 4302): I 03/27/2013 17:57:10:952 000010e5              RhoRuby| require_compiled: time
I/APP     ( 4302): I 03/27/2013 17:57:11:160 000010e5              RhoRuby| require_compiled: date/format
I/APP     ( 4302): I 03/27/2013 17:57:11:519 000010e5              RhoRuby| require_compiled: date
I/APP     ( 4302): I 03/27/2013 17:57:11:582 000010e5              RhoRuby| require_compiled: dateOrig
D/dalvikvm( 4302): GC_CONCURRENT freed 912K, 8% free 12510K/13511K, paused 4ms+4ms
D/webviewglue( 4302): nativeDestroy view: 0x28cad8
I/APP     ( 4302): E 03/27/2013 17:57:11:989 000010e5               RubyVM| lib/date.rb:14: warning: already initialized constant MONTHNAMES
I/APP     ( 4302): E 03/27/2013 17:57:11:994 000010e5               RubyVM| lib/date.rb:15: warning: already initialized constant ABBR_MONTHNAMES
I/APP     ( 4302): E 03/27/2013 17:57:12:047 000010e5               RubyVM| lib/date.rb:16: warning: already initialized constant DAYNAMES
I/APP     ( 4302): E 03/27/2013 17:57:12:053 000010e5               RubyVM| lib/date.rb:17: warning: already initialized constant ABBR_DAYNAMES
I/APP     ( 4302): I 03/27/2013 17:57:12:088 000010e5              RhoRuby| require_compiled: json
I/APP     ( 4302): I 03/27/2013 17:57:12:119 000010e5              RhoRuby| require_compiled: json/common
I/APP     ( 4302): I 03/27/2013 17:57:12:198 000010e5              RhoRuby| require_compiled: json/version
I/APP     ( 4302): I 03/27/2013 17:57:12:257 000010e5              RhoRuby| require_compiled: json/pure
I/APP     ( 4302): I 03/27/2013 17:57:12:313 000010e5              RhoRuby| require_compiled: json/pure/generator
I/APP     ( 4302): I 03/27/2013 17:57:12:407 000010e5              RhoRuby| require_compiled: Connection/connection_controller
I/APP     ( 4302): I 03/27/2013 17:57:12:460 000010e5                  APP| const_missing: Product
I/APP     ( 4302): I 03/27/2013 17:57:12:465 000010e5                  APP| load_model: Product
I/APP     ( 4302): I 03/27/2013 17:57:12:521 000010e5              RhoRuby| require_compiled: Product/product
I/APP     ( 4302): I 03/27/2013 17:57:12:582 000010e5                  APP| model name: Product
I/APP     ( 4302): I 03/27/2013 17:57:12:586 000010e5                  APP| model class found
I/APP     ( 4302): I 03/27/2013 17:57:12:641 000010e5                  APP| Product : {"schema"=>{"property"=>{"catalog_date"=>[:date, nil], "catalog_version"=>[:integer, nil], "category"=>[:string, nil], "category_name"=>[:string, nil], "category_img_url"=>[:string, nil], "sub_category"=>[:string, nil], "sub_category_name"=>[:string, nil], "sub_category_img_url"=>[:string, nil], "details"=>[:string, nil], "details_name"=>[:string, nil], "detail_img_url"=>[:string, nil], "header"=>[:string, nil], "attribute_title_1"=>[:string, nil], "attribute_title_2"=>[:string, nil], "attribute_title_3"=>[:string, nil], "attribute_title_4"=>[:string, nil], "attribute_title_5"=>[:string, nil], "attribute_list_title"=>[:string, nil], "attribute_1"=>[:string, nil], "attribute_2"=>[:string, nil], "attribute_3"=>[:string, nil], "attribute_4"=>[:string, nil], "attribute_5"=>[:string, nil], "attribute_list"=>[:string, nil]}}}
I/APP     ( 4302): I 03/27/2013 17:57:12:683 000010e5                   DB| Open DB: /data/data/com.rhomobile.macotec/rhodata/db/syncdblocal.sqlite
I/APP     ( 4302): I 03/27/2013 17:57:12:720 000010e5                  APP| init_db_sources
I/APP     ( 4302): I 03/27/2013 17:57:12:810 000010e5                  APP| start_id: 40006
I/APP     ( 4302): I 03/27/2013 17:57:12:851 000010e5                  APP| Migrate schema sources: {}
I/APP     ( 4302): I 03/27/2013 17:57:12:973 000010e5           HttpServer| GC Start.
I/APP     ( 4302): I 03/27/2013 17:57:13:070 000010e5           HttpServer| GC End.
I/APP     ( 4302): I 03/27/2013 17:57:13:454 000010e5           HttpServer| Process URI: '/public/images/macotec/forklifter_full.png'
I/APP     ( 4302): I 03/27/2013 17:57:13:523 000010e5           HttpServer| Process URI: '/public/images/macotec/request_contract.png'
I/APP     ( 4302): I 03/27/2013 17:57:13:654 000010e5           HttpServer| Process URI: '/public/jqmobile/images/icons-36-white.png'
E/libEGL  ( 4302): call to OpenGL ES API with no current context (logged once per thread)
D/ShaderProgram( 4302): couldn't load the vertex shader!
E/libEGL  ( 4302): call to OpenGL ES API with no current context (logged once per thread)
D/ShaderProgram( 4302): couldn't load the vertex shader!
E/libEGL  ( 4302): call to OpenGL ES API with no current context (logged once per thread)
D/ShaderProgram( 4302): couldn't load the vertex shader!
E/libEGL  ( 4302): call to OpenGL ES API with no current context (logged once per thread)
D/ShaderProgram( 4302): couldn't load the vertex shader!
E/libEGL  ( 4302): call to OpenGL ES API with no current context (logged once per thread)
D/ShaderProgram( 4302): couldn't load the vertex shader!
I/APP     ( 4302): I 03/27/2013 17:57:16:424 000010e5           HttpServer| Process URI: '/app/Request/request_project'
I/APP     ( 4302): I 03/27/2013 17:57:16:427 000010e5                  APP| RHO serve: /app/Request/request_project
I/APP     ( 4302): I 03/27/2013 17:57:16:469 000010e5                  APP| const_missing: Settings
I/APP     ( 4302): I 03/27/2013 17:57:16:486 000010e5                  APP| load_model: Settings
I/APP     ( 4302): I 03/27/2013 17:57:16:519 000010e5              RhoRuby| require_compiled: Settings/settings
I/APP     ( 4302): I 03/27/2013 17:57:16:589 000010e5                  APP| model name: Settings
I/APP     ( 4302): I 03/27/2013 17:57:16:620 000010e5                  APP| model class found
I/APP     ( 4302): I 03/27/2013 17:57:16:652 000010e5                  APP| Settings : {"schema"=>{"property"=>{"company"=>[:string, nil], "phone"=>[:string, nil], "email"=>[:string, nil]}}}
I/APP     ( 4302): I 03/27/2013 17:57:16:693 000010e5                  APP| init_db_sources
I/APP     ( 4302): I 03/27/2013 17:57:16:713 000010e5                  APP| start_id: 40006
I/APP     ( 4302): I 03/27/2013 17:57:16:768 000010e5                  APP| Migrate schema sources: {}
I/APP     ( 4302): I 03/27/2013 17:57:17:118 000010e5           HttpServer| GC Start.
I/APP     ( 4302): I 03/27/2013 17:57:17:232 000010e5           HttpServer| GC End.
I/APP     ( 4302): I 03/27/2013 17:57:17:860 000010e5           HttpServer| Process URI: '/public/images/macotec/camera.png'
I/APP     ( 4302): I 03/27/2013 17:57:17:945 000010e5           HttpServer| Process URI: '/public/images/macotec/gallery.png'
I/APP     ( 4302): I 03/27/2013 17:57:17:976 000010e5           HttpServer| Process URI: '/public/images/macotec/user_data.png'
I/APP     ( 4302): I 03/27/2013 17:57:18:025 000010e5           HttpServer| Process URI: '/public/images/macotec/upload.png'
I/APP     ( 4302): I 03/27/2013 17:57:23:591 000010e5           HttpServer| Process URI: '/app/Request/request_rental'
I/APP     ( 4302): I 03/27/2013 17:57:23:593 000010e5                  APP| RHO serve: /app/Request/request_rental
I/APP     ( 4302): I 03/27/2013 17:57:23:621 000010e5                  APP| ############### 
I/APP     ( 4302): I 03/27/2013 17:57:23:776 000010e5 RHO RequestController| Layout file: /data/data/com.rhomobile.macotec/rhodata/apps/app/layout_erb.iseq. Content size: 9040
I/APP     ( 4302): I 03/27/2013 17:57:23:847 000010e5           HttpServer| GC Start.
I/APP     ( 4302): I 03/27/2013 17:57:23:930 000010e5           HttpServer| GC End.
I/APP     ( 4302): I 03/27/2013 17:57:23:936 000010e5           HttpServer| Process URI: '/public/js/request.js'
I/APP     ( 4302): I 03/27/2013 17:57:24:002 000010e5           HttpServer| Process URI: '/public/jquery/jquery-1.6.4.min.js'
I/APP     ( 4302): I 03/27/2013 17:57:24:080 000010e5           HttpServer| Process URI: '/public/jquery/jquery.json-2.3.min.js'
I/APP     ( 4302): I 03/27/2013 17:57:24:132 000010e5           HttpServer| Process URI: '/public/jqmobile/jquery.mobile-1.0.1.min.css'
I/APP     ( 4302): I 03/27/2013 17:57:24:202 000010e5           HttpServer| Process URI: '/public/css/jqmobile-patch.css'
I/APP     ( 4302): I 03/27/2013 17:57:24:226 000010e5           HttpServer| Process URI: '/public/jqmobile/jquery.mobile-1.0.1.min.js'
I/APP     ( 4302): I 03/27/2013 17:57:24:305 000010e5           HttpServer| Process URI: '/public/js/jqmobile-patch.js'
I/APP     ( 4302): I 03/27/2013 17:57:24:366 000010e5           HttpServer| Process URI: '/public/css/macotec_style.css'
I/APP     ( 4302): I 03/27/2013 17:57:24:614 000010e5           HttpServer| Process URI: '/public/images/macotec/camera.png'
I/APP     ( 4302): I 03/27/2013 17:57:24:637 000010e5           HttpServer| Process URI: '/public/images/macotec/gallery.png'
I/APP     ( 4302): I 03/27/2013 17:57:24:658 000010e5           HttpServer| Process URI: '/public/images/macotec/user_data.png'
I/APP     ( 4302): I 03/27/2013 17:57:24:703 000010e5           HttpServer| Process URI: '/public/images/macotec/upload.png'
I/APP     ( 4302): I 03/27/2013 17:57:24:728 000010e5           HttpServer| Process URI: '/public/jqmobile/images/icons-18-white.png'
I/APP     ( 4302): I 03/27/2013 17:57:24:814 000010e5           HttpServer| Process URI: '/favicon.ico'
I/APP     ( 4302): E 03/27/2013 17:57:24:816 000010e5           HttpServer| The file /favicon.ico was not found
I/APP     ( 4302): I 03/27/2013 17:57:32:111 000010e5           HttpServer| Process URI: '/app/Request/request_rental'
I/APP     ( 4302): I 03/27/2013 17:57:32:113 000010e5                  APP| RHO serve: /app/Request/request_rental
I/APP     ( 4302): I 03/27/2013 17:57:32:115 000010e5                  APP| ############### 
I/APP     ( 4302): I 03/27/2013 17:57:32:284 000010e5 RHO RequestController| Layout file: /data/data/com.rhomobile.macotec/rhodata/apps/app/layout_erb.iseq. Content size: 9040
I/APP     ( 4302): I 03/27/2013 17:57:32:340 000010e5           HttpServer| GC Start.
I/APP     ( 4302): I 03/27/2013 17:57:32:414 000010e5           HttpServer| GC End.
I/APP     ( 4302): I 03/27/2013 17:57:32:455 000010e5           HttpServer| Process URI: '/public/js/request.js'
I/APP     ( 4302): I 03/27/2013 17:57:32:481 000010e5           HttpServer| Process URI: '/public/jquery/jquery-1.6.4.min.js'
I/APP     ( 4302): I 03/27/2013 17:57:32:580 000010e5           HttpServer| Process URI: '/public/jquery/jquery.json-2.3.min.js'
I/APP     ( 4302): I 03/27/2013 17:57:32:614 000010e5           HttpServer| Process URI: '/public/jqmobile/jquery.mobile-1.0.1.min.css'
I/APP     ( 4302): I 03/27/2013 17:57:32:669 000010e5           HttpServer| Process URI: '/public/css/jqmobile-patch.css'
I/APP     ( 4302): I 03/27/2013 17:57:32:719 000010e5           HttpServer| Process URI: '/public/jqmobile/jquery.mobile-1.0.1.min.js'
I/APP     ( 4302): I 03/27/2013 17:57:32:797 000010e5           HttpServer| Process URI: '/public/js/jqmobile-patch.js'
I/APP     ( 4302): I 03/27/2013 17:57:32:831 000010e5           HttpServer| Process URI: '/public/css/macotec_style.css'
I/APP     ( 4302): I 03/27/2013 17:57:33:122 000010e5           HttpServer| Process URI: '/public/images/macotec/camera.png'
I/APP     ( 4302): I 03/27/2013 17:57:33:146 000010e5           HttpServer| Process URI: '/public/images/macotec/gallery.png'
I/APP     ( 4302): I 03/27/2013 17:57:33:193 000010e5           HttpServer| Process URI: '/public/images/macotec/user_data.png'
I/APP     ( 4302): I 03/27/2013 17:57:33:220 000010e5           HttpServer| Process URI: '/public/images/macotec/upload.png'
I/APP     ( 4302): I 03/27/2013 17:57:33:246 000010e5           HttpServer| Process URI: '/public/jqmobile/images/icons-18-white.png'
I/APP     ( 4302): I 03/27/2013 17:57:33:318 000010e5           HttpServer| Process URI: '/favicon.ico'
I/APP     ( 4302): E 03/27/2013 17:57:33:319 000010e5           HttpServer| The file /favicon.ico was not found
I/InputReader(   94): Reconfiguring input devices.  changes=0x00000004
I/InputReader(   94): Device reconfigured: id=0, name='qwerty2', surface size is now 480x800, mode is 1
W/SurfaceFlinger(   36): createScreenshotSurface failed (Function not implemented)
I/ActivityManager(   94): Config changed: {1.0 310mcc260mnc en_US layoutdir=0 sw320dp w533dp h294dp nrml long land finger qwerty/v/v tball/v s.11}
I/APP     ( 4302): I 03/27/2013 17:57:40:273 000010ce         BaseActivity| New screen properties - width: 800, height: 480, orientation: 0
V/SimpleMainView.View( 4302): ms[1364403460418]  Main Window :: onSizeChanged() old [ 800 x 442 ]  new [ 480 x 762 ]
D/dalvikvm(   94): GC_EXPLICIT freed 206K, 11% free 11389K/12743K, paused 4ms+9ms
I/InputReader(   94): Reconfiguring input devices.  changes=0x00000004
I/InputReader(   94): Device reconfigured: id=0, name='qwerty2', surface size is now 480x800, mode is 1
W/SurfaceFlinger(   36): createScreenshotSurface failed (Function not implemented)
I/ActivityManager(   94): Config changed: {1.0 310mcc260mnc en_US layoutdir=0 sw320dp w320dp h508dp nrml long port finger qwerty/v/v tball/v s.12}
I/APP     ( 4302): I 03/27/2013 17:57:46:684 000010ce         BaseActivity| New screen properties - width: 480, height: 800, orientation: 1
V/SimpleMainView.View( 4302): ms[1364403466820]  Main Window :: onSizeChanged() old [ 480 x 762 ]  new [ 800 x 442 ]
D/dalvikvm(  246): GC_CONCURRENT freed 401K, 6% free 9392K/9927K, paused 5ms+163ms
D/dalvikvm(   94): GC_EXPLICIT freed 45K, 11% free 11370K/12743K, paused 6ms+8ms
D/dalvikvm(  181): GC_CONCURRENT freed 384K, 6% free 9533K/10119K, paused 4ms+4ms
I/APP     ( 4302): I 03/27/2013 17:59:04:015 000010e5           HttpServer| Process URI: '/app/Request/request_rental'
I/APP     ( 4302): I 03/27/2013 17:59:04:021 000010e5                  APP| RHO serve: /app/Request/request_rental
I/APP     ( 4302): I 03/27/2013 17:59:04:046 000010e5                  APP| ############### 
I/APP     ( 4302): I 03/27/2013 17:59:04:207 000010e5 RHO RequestController| Layout file: /data/data/com.rhomobile.macotec/rhodata/apps/app/layout_erb.iseq. Content size: 9040
I/APP     ( 4302): I 03/27/2013 17:59:04:253 000010e5           HttpServer| GC Start.
I/APP     ( 4302): I 03/27/2013 17:59:04:343 000010e5           HttpServer| GC End.
I/APP     ( 4302): I 03/27/2013 17:59:04:415 000010e5           HttpServer| Process URI: '/public/js/request.js'
I/APP     ( 4302): I 03/27/2013 17:59:04:458 000010e5           HttpServer| Process URI: '/public/jquery/jquery-1.6.4.min.js'
I/APP     ( 4302): I 03/27/2013 17:59:04:533 000010e5           HttpServer| Process URI: '/public/jquery/jquery.json-2.3.min.js'
I/APP     ( 4302): I 03/27/2013 17:59:04:569 000010e5           HttpServer| Process URI: '/public/jqmobile/jquery.mobile-1.0.1.min.css'
I/APP     ( 4302): I 03/27/2013 17:59:04:631 000010e5           HttpServer| Process URI: '/public/css/jqmobile-patch.css'
I/APP     ( 4302): I 03/27/2013 17:59:04:661 000010e5           HttpServer| Process URI: '/public/jqmobile/jquery.mobile-1.0.1.min.js'
I/APP     ( 4302): I 03/27/2013 17:59:04:766 000010e5           HttpServer| Process URI: '/public/js/jqmobile-patch.js'
I/APP     ( 4302): I 03/27/2013 17:59:04:799 000010e5           HttpServer| Process URI: '/public/css/macotec_style.css'
D/dalvikvm( 4302): GC_CONCURRENT freed 1193K, 10% free 12427K/13767K, paused 5ms+5ms
I/APP     ( 4302): I 03/27/2013 17:59:05:201 000010e5           HttpServer| Process URI: '/public/images/macotec/camera.png'
I/APP     ( 4302): I 03/27/2013 17:59:05:301 000010e5           HttpServer| Process URI: '/public/images/macotec/gallery.png'
I/APP     ( 4302): I 03/27/2013 17:59:05:332 000010e5           HttpServer| Process URI: '/public/images/macotec/user_data.png'
I/APP     ( 4302): I 03/27/2013 17:59:05:391 000010e5           HttpServer| Process URI: '/public/images/macotec/upload.png'
I/APP     ( 4302): I 03/27/2013 17:59:05:418 000010e5           HttpServer| Process URI: '/public/jqmobile/images/icons-18-white.png'
I/APP     ( 4302): I 03/27/2013 17:59:05:506 000010e5           HttpServer| Process URI: '/favicon.ico'
I/APP     ( 4302): E 03/27/2013 17:59:05:508 000010e5           HttpServer| The file /favicon.ico was not found
D/AndroidRuntime( 4345): 
D/AndroidRuntime( 4345): >>>>>> AndroidRuntime START com.android.internal.os.RuntimeInit <<<<<<
D/AndroidRuntime( 4345): CheckJNI is ON
D/AndroidRuntime( 4345): Calling main entry com.android.commands.pm.Pm
W/ActivityManager(   94): No content provider found for permission revoke: file:///data/local/tmp/MacoTec-debug.apk
W/ActivityManager(   94): No content provider found for permission revoke: file:///data/local/tmp/MacoTec-debug.apk
D/dalvikvm(   94): GC_FOR_ALLOC freed 251K, 10% free 11511K/12743K, paused 71ms
D/dalvikvm(   94): GC_FOR_ALLOC freed 147K, 9% free 11697K/12743K, paused 73ms
D/dalvikvm(   94): GC_CONCURRENT freed 469K, 8% free 11777K/12743K, paused 6ms+8ms
D/dalvikvm(   94): GC_FOR_ALLOC freed 408K, 8% free 11779K/12743K, paused 74ms
D/dalvikvm(   94): GC_FOR_ALLOC freed 400K, 8% free 11780K/12743K, paused 79ms
D/dalvikvm(   94): GC_FOR_ALLOC freed 406K, 8% free 11785K/12743K, paused 104ms
D/dalvikvm(   94): GC_FOR_ALLOC freed 416K, 8% free 11789K/12743K, paused 77ms
D/dalvikvm(   94): GC_FOR_ALLOC freed 424K, 8% free 11793K/12743K, paused 84ms
D/dalvikvm(   94): GC_FOR_ALLOC freed 407K, 8% free 11791K/12743K, paused 75ms
I/PackageManager(   94): Removing non-system package:com.rhomobile.macotec
I/ActivityManager(   94): Force stopping package com.rhomobile.macotec uid=10040
I/ActivityManager(   94): Killing proc 4302:com.rhomobile.macotec/10040: force stop
W/ActivityManager(   94): Force removing ActivityRecord{4140cab0 com.rhomobile.macotec/com.rhomobile.rhodes.RhodesActivity}: app died, no saved state
W/NetworkManagementSocketTagger(   94): setKernelCountSet(10040, 0) failed with errno -2
W/NetworkManagementSocketTagger(   94): setKernelCountSet(10009, 1) failed with errno -2
I/WindowManager(   94): WIN DEATH: Window{414d9578 com.rhomobile.macotec/com.rhomobile.rhodes.RhodesActivity paused=false}
I/PackageManager(   94): Package com.rhomobile.macotec codePath changed from /data/app/com.rhomobile.macotec-2.apk to /data/app/com.rhomobile.macotec-1.apk; Retaining data and using new
I/PackageManager(   94): Running dexopt on: com.rhomobile.macotec
D/dalvikvm( 4356): DexOpt: load 93ms, verify+opt 511ms
W/PackageManager(   94): Code path for pkg : com.rhomobile.macotec changing from /data/app/com.rhomobile.macotec-2.apk to /data/app/com.rhomobile.macotec-1.apk
W/PackageManager(   94): Resource path for pkg : com.rhomobile.macotec changing from /data/app/com.rhomobile.macotec-2.apk to /data/app/com.rhomobile.macotec-1.apk
I/ActivityManager(   94): Force stopping package com.rhomobile.macotec uid=10040
D/PackageManager(   94): New package installed in /data/app/com.rhomobile.macotec-1.apk
D/dalvikvm(   94): GC_CONCURRENT freed 546K, 8% free 11812K/12743K, paused 7ms+13ms
I/ActivityManager(   94): Force stopping package com.rhomobile.macotec uid=10040
D/PackageManager(   94): generateServicesMap(android.accounts.AccountAuthenticator): 2 services unchanged
D/PackageManager(   94): generateServicesMap(android.content.SyncAdapter): 4 services unchanged
D/BackupManagerService(   94): Received broadcast Intent { act=android.intent.action.PACKAGE_REMOVED dat=package:com.rhomobile.macotec flg=0x10000010 (has extras) }
I/AccountTypeManager(  283): Loaded meta-data for 1 account types, 0 accounts in 156ms(wall) 5ms(cpu)
D/PackageManager(   94): generateServicesMap(android.accounts.AccountAuthenticator): 2 services unchanged
D/PackageManager(   94): generateServicesMap(android.content.SyncAdapter): 4 services unchanged
D/BackupManagerService(   94): Received broadcast Intent { act=android.intent.action.PACKAGE_ADDED dat=package:com.rhomobile.macotec flg=0x10000010 (has extras) }
V/BackupManagerService(   94): updatePackageParticipantsLocked: #1
W/RecognitionManagerService(   94): no available voice recognition services found
I/AccountTypeManager(  283): Loaded meta-data for 1 account types, 0 accounts in 210ms(wall) 5ms(cpu)
D/dalvikvm(  189): GC_FOR_ALLOC freed 480K, 8% free 11268K/12167K, paused 115ms
D/BackupManagerService(   94): Received broadcast Intent { act=android.intent.action.PACKAGE_REPLACED dat=package:com.rhomobile.macotec flg=0x10000010 (has extras) }
V/BackupManagerService(   94): updatePackageParticipantsLocked: #1
D/dalvikvm(   94): GC_EXPLICIT freed 984K, 10% free 11526K/12743K, paused 6ms+9ms
D/AndroidRuntime( 4345): Shutting down VM
D/dalvikvm( 4345): GC_CONCURRENT freed 97K, 79% free 450K/2048K, paused 0ms+2ms
I/AndroidRuntime( 4345): NOTE: attach of thread 'Binder Thread #3' failed
D/AndroidRuntime( 4364): 
D/AndroidRuntime( 4364): >>>>>> AndroidRuntime START com.android.internal.os.RuntimeInit <<<<<<
D/AndroidRuntime( 4364): CheckJNI is ON
D/AndroidRuntime( 4364): Calling main entry com.android.commands.am.Am
I/ActivityManager(   94): START {act=android.intent.action.MAIN flg=0x10000000 cmp=com.rhomobile.macotec/com.rhomobile.rhodes.RhodesActivity} from pid 4364
W/WindowManager(   94): Failure taking screenshot for (180x300) to layer 21005
D/AndroidRuntime( 4364): Shutting down VM
D/dalvikvm( 4364): GC_CONCURRENT freed 97K, 77% free 480K/2048K, paused 1ms+1ms
I/AndroidRuntime( 4364): NOTE: attach of thread 'Binder Thread #3' failed
I/ActivityManager(   94): Start proc com.rhomobile.macotec for activity com.rhomobile.macotec/com.rhomobile.rhodes.RhodesActivity: pid=4375 uid=10040 gids={3003, 1006}
I/dalvikvm( 4375): Turning on JNI app bug workarounds for target SDK version 4...
W/NetworkManagementSocketTagger(   94): setKernelCountSet(10040, 1) failed with errno -2
I/Process (   94): Sending signal. PID: 4375 SIG: 3
I/dalvikvm( 4375): threadid=3: reacting to signal 3
I/dalvikvm( 4375): Wrote stack traces to '/data/anr/traces.txt'
D/dalvikvm( 4375): Trying to load lib /data/data/com.rhomobile.macotec/lib/librhodes.so 0x412a24c0
D/dalvikvm( 4375): Added shared lib /data/data/com.rhomobile.macotec/lib/librhodes.so 0x412a24c0
D/dalvikvm( 4375): Trying to load lib /data/data/com.rhomobile.macotec/lib/librhodes.so 0x412a24c0
I/Process (   94): Sending signal. PID: 4375 SIG: 3
I/dalvikvm( 4375): threadid=3: reacting to signal 3
D/dalvikvm( 4375): Shared lib '/data/data/com.rhomobile.macotec/lib/librhodes.so' already loaded in same CL 0x412a24c0
I/ActivityThread( 4375): Pub com.rhomobile.macotec: com.rhomobile.rhodes.LocalFileProvider
I/dalvikvm( 4375): Wrote stack traces to '/data/anr/traces.txt'
I/RhodesApplication( 4375): Initializing...
D/RhoFileApi( 4375): App root path: /data/data/com.rhomobile.macotec/rhodata/
D/RhoFileApi( 4375): Sqlite journals path: /data/data/com.rhomobile.macotec/sqlite_stmt_journals/
D/RhoFileApi( 4375): Shared path: /data/data/com.rhomobile.macotec/rhodata/
D/RhodesApplication( 4375): Root path: /data/data/com.rhomobile.macotec/rhodata/
I/RhodesApplication( 4375): Application hash was changed
D/RhoFileApi( 4375): Copy hash to FS
D/RhoFileApi( 4375): File hash copied
I/Process (   94): Sending signal. PID: 4375 SIG: 3
I/dalvikvm( 4375): threadid=3: reacting to signal 3
D/RhoFileApi( 4375): Copy rho.dat to FS
I/dalvikvm( 4375): Wrote stack traces to '/data/anr/traces.txt'
D/RhoFileApi( 4375): File rho.dat copied
D/RhoFileApi( 4375): Copy apps/rhoconfig.txt to FS
D/RhoFileApi( 4375): File apps/rhoconfig.txt copied
I/RhoFileApi( 4375): Opening stat table from FS: /data/data/com.rhomobile.macotec/rhodata/rho.dat
D/RhoFileApi( 4375): Copy apps/rhoconfig.txt to FS
D/RhoFileApi( 4375): File apps/rhoconfig.txt copied
D/RhoFileApi( 4375): App root path: /data/data/com.rhomobile.macotec/rhodata/
D/RhoFileApi( 4375): Sqlite journals path: /data/data/com.rhomobile.macotec/sqlite_stmt_journals/
I/Process (   94): Sending signal. PID: 4375 SIG: 3
I/dalvikvm( 4375): threadid=3: reacting to signal 3
I/dalvikvm( 4375): Wrote stack traces to '/data/anr/traces.txt'
D/RhoFileApi( 4375): Shared path: /data/data/com.rhomobile.macotec/rhodata/
I/APP     ( 4375): I 03/27/2013 18:00:07:512 00001117    RhodesApplication| Initialized
I/APP     ( 4375): I 03/27/2013 18:00:07:605 00001117         BaseActivity| New screen properties - width: 480, height: 800, orientation: 1
I/APP     ( 4375): I 03/27/2013 18:00:07:783 00001117         SplashScreen| Looking for start page source
I/Process (   94): Sending signal. PID: 4375 SIG: 3
I/dalvikvm( 4375): threadid=3: reacting to signal 3
I/dalvikvm( 4375): Wrote stack traces to '/data/anr/traces.txt'
D/dalvikvm( 4375): GC_CONCURRENT freed 306K, 4% free 9226K/9607K, paused 9ms+4ms
D/dalvikvm( 4375): GC_FOR_ALLOC freed 6K, 4% free 9230K/9607K, paused 53ms
I/dalvikvm-heap( 4375): Grow heap (frag case) to 12.149MB for 3217300-byte allocation
I/Process (   94): Sending signal. PID: 4375 SIG: 3
I/dalvikvm( 4375): threadid=3: reacting to signal 3
D/dalvikvm( 4375): GC_FOR_ALLOC freed <1K, 4% free 12372K/12807K, paused 75ms
I/dalvikvm( 4375): Wrote stack traces to '/data/anr/traces.txt'
D/dalvikvm( 4375): GC_CONCURRENT freed 1K, 4% free 12373K/12807K, paused 4ms+11ms
I/Process (   94): Sending signal. PID: 4375 SIG: 3
I/dalvikvm( 4375): threadid=3: reacting to signal 3
I/dalvikvm( 4375): Wrote stack traces to '/data/anr/traces.txt'
I/APP     ( 4375): I 03/27/2013 18:00:09:211 00001117         SplashScreen| Done
I/APP     ( 4375): I 03/27/2013 18:00:09:218 00001117    RhodesApplication| New UiState: MainActivityCreated
I/APP     ( 4375): I 03/27/2013 18:00:09:267 00001117       RhodesActivity| onStart
I/APP     ( 4375): I 03/27/2013 18:00:09:273 00001117    RhodesApplication| New UiState: MainActivityStarted
I/APP     ( 4375): I 03/27/2013 18:00:09:318 00001117       RhodesActivity| onResume
I/APP     ( 4375): I 03/27/2013 18:00:09:322 00001117 AndroidFunctionality| Resume WebView
I/Process (   94): Sending signal. PID: 4375 SIG: 3
I/dalvikvm( 4375): threadid=3: reacting to signal 3
I/dalvikvm( 4375): Wrote stack traces to '/data/anr/traces.txt'
D/dalvikvm(   94): GC_EXPLICIT freed 302K, 11% free 11380K/12743K, paused 4ms+9ms
I/APP     ( 4375): I 03/27/2013 18:00:09:658 00001117        RhodesService| onCreate
I/APP     ( 4375): I 03/27/2013 18:00:09:690 00001117    LocalFileProvider| Revoke URI permissions: content:///com.rhomobile.macotec
W/ActivityManager(   94): No content provider found for permission revoke: content:///com.rhomobile.macotec
I/APP     ( 4375): I 03/27/2013 18:00:09:724 00001117               Rhodes| Loading...
I/APP     ( 4375): I 03/27/2013 18:00:09:730 00001117            RhodesApp| Trying to get free listening port.
I/APP     ( 4375): I 03/27/2013 18:00:09:769 00001117            RhodesApp| Trying to bind of 8080 port...
I/APP     ( 4375): I 03/27/2013 18:00:09:774 00001117            RhodesApp| Got port to bind on: 8080
I/APP     ( 4375): I 03/27/2013 18:00:09:798 00001117            RhodesApp| Free listening port: 8080
I/APP     ( 4375): I 03/27/2013 18:00:09:797 0000112c         AppCallbacks| Starting main routine...
I/APP     ( 4375): I 03/27/2013 18:00:09:818 0000112c         AppCallbacks| ThreadQueue blocked for 4294967295 seconds...
I/APP     ( 4375): I 03/27/2013 18:00:09:939 00001117        RhodesService| Push is disabled
I/Process (   94): Sending signal. PID: 4375 SIG: 3
I/dalvikvm( 4375): threadid=3: reacting to signal 3
I/dalvikvm( 4375): Wrote stack traces to '/data/anr/traces.txt'
I/APP     ( 4375): I 03/27/2013 18:00:10:041 00001117            RhodesApp| callAppActiveCallback
I/APP     ( 4375): I 03/27/2013 18:00:10:045 00001117         AppCallbacks| addCommand: APP-ACTIVATED
I/APP     ( 4375): I 03/27/2013 18:00:10:081 0000112c         AppCallbacks| Received command APP-ACTIVATED which is greater than expected (LOCAL-SERVER-STARTED) - postpone it
I/APP     ( 4375): I 03/27/2013 18:00:10:082 0000112c         AppCallbacks| ThreadQueue blocked for 4294967295 seconds...
I/APP     ( 4375): I 03/27/2013 18:00:10:106 00001117         AppActivated| Cannot commit now, application will be activated when started.
I/APP     ( 4375): I 03/27/2013 18:00:10:111 00001117    RhodesApplication| New AppState: Undefined
D/RhodesService( 4375): +++ onStartCommand
I/RhodesService( 4375): handleCommand: startId=1, source=com.rhomobile.rhodes.BaseActivity
I/APP     ( 4375): I 03/27/2013 18:00:10:158 0000112e            RhodesApp| Starting RhodesApp main routine...
D/RhodesService( 4375): New activity was created
I/APP     ( 4375): I 03/27/2013 18:00:10:250 00001117        RhodesService| onBind
I/APP     ( 4375): I 03/27/2013 18:00:10:344 00001117         AppCallbacks| addCommand: UI-CREATED
I/APP     ( 4375): I 03/27/2013 18:00:10:400 0000112c         AppCallbacks| Received command UI-CREATED which is greater than expected (LOCAL-SERVER-STARTED) - postpone it
I/APP     ( 4375): I 03/27/2013 18:00:10:401 0000112c         AppCallbacks| ThreadQueue blocked for 4294967295 seconds...
I/Process (   94): Sending signal. PID: 4375 SIG: 3
I/dalvikvm( 4375): threadid=3: reacting to signal 3
I/dalvikvm( 4375): Wrote stack traces to '/data/anr/traces.txt'
V/PhoneStatusBar(  152): setLightsOn(true)
I/APP     ( 4375): I 03/27/2013 18:00:10:643 00001117       RhodesActivity| onServiceConnected: {com.rhomobile.macotec/com.rhomobile.rhodes.RhodesService}
I/APP     ( 4375): I 03/27/2013 18:00:10:676 00001117       RhodesActivity| New start parameters: 
I/APP     ( 4375): I 03/27/2013 18:00:10:680 00001117            RhodesApp| New start params: 
D/gralloc_goldfish( 4375): Emulator without GPU emulation detected.
I/Process (   94): Sending signal. PID: 4375 SIG: 3
I/dalvikvm( 4375): threadid=3: reacting to signal 3
I/dalvikvm( 4375): Wrote stack traces to '/data/anr/traces.txt'
I/ActivityManager(   94): Displayed com.rhomobile.macotec/com.rhomobile.rhodes.RhodesActivity: +6s110ms
I/APP     ( 4375): I 03/27/2013 18:00:11:432 0000112e              RhoRuby| Init_RhoBlobs: /data/data/com.rhomobile.macotec/rhodata/db/db-files
I/APP     ( 4375): I 03/27/2013 18:00:11:518 0000112e              RhoRuby| require_compiled: rhoframework
W/NetworkManagementSocketTagger(   94): setKernelCountSet(10009, 0) failed with errno -2
I/APP     ( 4375): I 03/27/2013 18:00:11:716 0000112e              RhoRuby| require_compiled: rational
I/APP     ( 4375): I 03/27/2013 18:00:11:760 0000112e              RhoRuby| require_compiled: rhom/rhom_db_adapter
I/APP     ( 4375): I 03/27/2013 18:00:11:898 0000112e              RhoRuby| require_compiled: rhodes
I/APP     ( 4375): I 03/27/2013 18:00:11:960 0000112e              RhoRuby| require_compiled: rhom/rhom_object
I/APP     ( 4375): I 03/27/2013 18:00:12:000 0000112e              RhoRuby| require_compiled: rhofsconnector
I/APP     ( 4375): I 03/27/2013 18:00:12:064 0000112e              RhoRuby| require_compiled: rho/rhofsconnector
I/APP     ( 4375): I 03/27/2013 18:00:12:153 0000112e              RhoRuby| require_compiled: rhom/rhom_object_factory
I/APP     ( 4375): I 03/27/2013 18:00:12:446 0000112e              RhoRuby| require_compiled: rhom/rhom
I/APP     ( 4375): I 03/27/2013 18:00:12:521 0000112e              RhoRuby| require_compiled: rhom/rhom_model
I/APP     ( 4375): I 03/27/2013 18:00:12:580 0000112e              RhoRuby| require_compiled: rhom
I/APP     ( 4375): I 03/27/2013 18:00:12:631 0000112e              RhoRuby| require_compiled: rho/rhoapplication
I/APP     ( 4375): I 03/27/2013 18:00:12:697 0000112e              RhoRuby| require_compiled: rholang/localization_simplified
I/APP     ( 4375): I 03/27/2013 18:00:12:766 0000112e              RhoRuby| require_compiled: rho/rhomsg
I/APP     ( 4375): I 03/27/2013 18:00:12:812 0000112e              RhoRuby| require_compiled: rho/rhotabbar
I/APP     ( 4375): I 03/27/2013 18:00:12:863 0000112e              RhoRuby| require_compiled: rho/rhotoolbar
I/APP     ( 4375): I 03/27/2013 18:00:12:899 0000112e                  APP| Current locale: ; Country code: 
I/APP     ( 4375): I 03/27/2013 18:00:12:935 0000112e                  APP| Locilized file: /data/data/com.rhomobile.macotec/rhodata/lib/rholang/lang_
I/APP     ( 4375): I 03/27/2013 18:00:12:954 0000112e              RhoRuby| require_compiled: /data/data/com.rhomobile.macotec/rhodata/lib/rholang/lang_en
I/APP     ( 4375): I 03/27/2013 18:00:13:010 0000112e                  APP| Locilized file: /data/data/com.rhomobile.macotec/rhodata/apps/app/lang/lang_
I/APP     ( 4375): I 03/27/2013 18:00:13:016 0000112e              RhoRuby| require_compiled: /data/data/com.rhomobile.macotec/rhodata/apps/app/lang/lang_en
I/APP     ( 4375): I 03/27/2013 18:00:13:060 0000112e                  APP| Locilized file: /data/data/com.rhomobile.macotec/rhodata/lib/rholang/rhoerror_
I/APP     ( 4375): I 03/27/2013 18:00:13:088 0000112e              RhoRuby| require_compiled: /data/data/com.rhomobile.macotec/rhodata/lib/rholang/rhoerror_en
I/APP     ( 4375): I 03/27/2013 18:00:13:120 0000112e                  APP| Locilized file: /data/data/com.rhomobile.macotec/rhodata/lib/rholang/rhomsg_
I/APP     ( 4375): I 03/27/2013 18:00:13:149 0000112e              RhoRuby| require_compiled: /data/data/com.rhomobile.macotec/rhodata/lib/rholang/rhomsg_en
I/APP     ( 4375): I 03/27/2013 18:00:13:184 0000112e              RhoRuby| require_compiled: indifferent_access
I/APP     ( 4375): I 03/27/2013 18:00:13:262 0000112e              RhoRuby| require_compiled: rho/rhosupport
I/APP     ( 4375): I 03/27/2013 18:00:13:365 0000112e              RhoRuby| require_compiled: rho/rhocontroller
I/APP     ( 4375): I 03/27/2013 18:00:13:429 0000112e              RhoRuby| require_compiled: rho/render
I/APP     ( 4375): I 03/27/2013 18:00:13:512 0000112e              RhoRuby| require_compiled: rho/rho
I/APP     ( 4375): I 03/27/2013 18:00:13:694 0000112e              RhoRuby| require_compiled: rho/rhoerror
I/APP     ( 4375): I 03/27/2013 18:00:13:744 0000112e              RhoRuby| require_compiled: rhom/rhom_source
I/APP     ( 4375): I 03/27/2013 18:00:13:813 0000112e              RhoRuby| require_compiled: rho/rhoviewhelpers
I/APP     ( 4375): I 03/27/2013 18:00:13:876 0000112e              RhoRuby| require_compiled: rho
I/APP     ( 4375): I 03/27/2013 18:00:13:923 0000112e                  APP| RHO loaded
I/APP     ( 4375): I 03/27/2013 18:00:13:928 0000112e                  APP| Calling RHO.initialize
I/APP     ( 4375): I 03/27/2013 18:00:13:959 0000112e                  APP| model file: Device/device
I/APP     ( 4375): I 03/27/2013 18:00:13:992 0000112e                  APP| model file: Settings/settings
I/APP     ( 4375): I 03/27/2013 18:00:13:997 0000112e                  APP| model file: Image/image
I/APP     ( 4375): I 03/27/2013 18:00:14:020 0000112e                  APP| model file: Product/product
I/APP     ( 4375): I 03/27/2013 18:00:14:026 0000112e                  APP| model file: Request/request
I/APP     ( 4375): I 03/27/2013 18:00:14:056 0000112e                   DB| Open DB: /data/data/com.rhomobile.macotec/rhodata/db/syncdbuser.sqlite
I/APP     ( 4375): I 03/27/2013 18:00:14:101 0000112e          GeoLocation| Creating singleton instance.
I/APP     ( 4375): I 03/27/2013 18:00:14:131 0000112e            RhodesApp| Starting sync engine...
I/APP     ( 4375): I 03/27/2013 18:00:14:151 0000112e                 Sync| sync_poll_interval: 0
I/APP     ( 4375): I 03/27/2013 18:00:14:156 0000112e                 Sync| syncserver: 
I/APP     ( 4375): I 03/27/2013 18:00:14:184 0000112e                 Sync| bulksync_state: 0
I/APP     ( 4375): I 03/27/2013 18:00:14:189 0000112e            RhodesApp| RhoRubyInitApp...
I/APP     ( 4375): I 03/27/2013 18:00:14:223 0000112e                  APP| init_app
I/APP     ( 4375): I 03/27/2013 18:00:14:232 0000112e              RhoRuby| require_compiled: application
I/APP     ( 4375): I 03/27/2013 18:00:14:269 0000112e                 Sync| Set notification. Source ID: -1;Url :http://localhost:8080/app/Settings/sync_notify; Params: 
I/APP     ( 4375): I 03/27/2013 18:00:14:296 0000112e           HttpServer| Start HTTP server
I/APP     ( 4375): I 03/27/2013 18:00:14:301 0000112e           HttpServer| Listen for connections on port 8080
I/APP     ( 4375): I 03/27/2013 18:00:14:328 0000112e         AppCallbacks| addCommand: LOCAL-SERVER-STARTED
I/APP     ( 4375): I 03/27/2013 18:00:14:333 0000112c         AppCallbacks| process command: LOCAL-SERVER-STARTED
I/APP     ( 4375): I 03/27/2013 18:00:14:335 0000112c RhodesAppActiveObserver| Ready
I/APP     ( 4375): I 03/27/2013 18:00:14:380 00001117 AndroidFunctionality| Disable WebView zoom
I/APP     ( 4375): I 03/27/2013 18:00:14:385 00001117 AndroidFunctionality| Set web plugins state 'OFF'
I/APP     ( 4375): I 03/27/2013 18:00:14:421 0000112c    RhodesApplication| New AppState: AppActivated
I/APP     ( 4375): I 03/27/2013 18:00:14:426 0000112c         AppCallbacks| process command: UI-CREATED
V/EmulatedCamera_Factory(   38): getCameraInfo: id = 0
V/EmulatedCamera_Camera(   38): getCameraInfo
V/EmulatedCamera_Factory(   38): getCameraInfo: id = 0
V/EmulatedCamera_Camera(   38): getCameraInfo
I/CameraService(   38): Opening camera 0
V/EmulatedCamera_Factory(   38): cameraDeviceOpen: id = 0
V/EmulatedCamera_Camera(   38): connectCamera
V/EmulatedCamera_FakeDevice(   38): connectDevice
V/EmulatedCamera_CallbackNotifier(   38): setCallbacks: 0x405954e9, 0x40595f9d, 0x40595f01, 0x40597359 (0x1c0f0)
V/EmulatedCamera_CallbackNotifier(   38): enableMessage: msg_type = 0x40d
V/EmulatedCamera_CallbackNotifier(   38):     CAMERA_MSG_ERROR
V/EmulatedCamera_CallbackNotifier(   38):     CAMERA_MSG_FOCUS
V/EmulatedCamera_CallbackNotifier(   38):     CAMERA_MSG_ZOOM
V/EmulatedCamera_CallbackNotifier(   38):     CAMERA_MSG_PREVIEW_METADATA
V/EmulatedCamera_CallbackNotifier(   38): **** Currently enabled messages:
V/EmulatedCamera_CallbackNotifier(   38):     CAMERA_MSG_ERROR
V/EmulatedCamera_CallbackNotifier(   38):     CAMERA_MSG_FOCUS
V/EmulatedCamera_CallbackNotifier(   38):     CAMERA_MSG_ZOOM
V/EmulatedCamera_CallbackNotifier(   38):     CAMERA_MSG_PREVIEW_METADATA
I/AwesomePlayer(   38): setDataSource_l('/system/media/audio/ui/camera_click.ogg')
I/APP     ( 4375): I 03/27/2013 18:00:14:831 0000112e           HttpServer| Process URI: '/system/uicreated'
I/APP     ( 4375): I 03/27/2013 18:00:14:851 0000112e                  APP| on_ui_created.navigate to start url: '/app'
I/APP     ( 4375): I 03/27/2013 18:00:14:883 0000112c         AppCallbacks| process command: APP-ACTIVATED
I/APP     ( 4375): I 03/27/2013 18:00:14:980 0000112e           HttpServer| Process URI: '/system/activateapp'
I/AwesomePlayer(   38): setDataSource_l('/system/media/audio/ui/VideoRecord.ogg')
I/APP     ( 4375): I 03/27/2013 18:00:15:012 0000112c         AppCallbacks| ThreadQueue blocked for 4294967295 seconds...
V/EmulatedCamera_CallbackNotifier(   38): disableMessage: msg_type = 0x10
V/EmulatedCamera_CallbackNotifier(   38):     CAMERA_MSG_PREVIEW_FRAME
V/EmulatedCamera_CallbackNotifier(   38): **** Currently enabled messages:
V/EmulatedCamera_CallbackNotifier(   38):     CAMERA_MSG_ERROR
V/EmulatedCamera_CallbackNotifier(   38):     CAMERA_MSG_FOCUS
V/EmulatedCamera_CallbackNotifier(   38):     CAMERA_MSG_ZOOM
V/EmulatedCamera_CallbackNotifier(   38):     CAMERA_MSG_PREVIEW_METADATA
V/EmulatedCamera_CallbackNotifier(   38): disableMessage: msg_type = 0xffff
V/EmulatedCamera_CallbackNotifier(   38):     CAMERA_MSG_ERROR
V/EmulatedCamera_CallbackNotifier(   38):     CAMERA_MSG_SHUTTER
V/EmulatedCamera_CallbackNotifier(   38):     CAMERA_MSG_FOCUS
V/EmulatedCamera_CallbackNotifier(   38):     CAMERA_MSG_ZOOM
V/EmulatedCamera_CallbackNotifier(   38):     CAMERA_MSG_PREVIEW_FRAME
V/EmulatedCamera_CallbackNotifier(   38):     CAMERA_MSG_VIDEO_FRAME
V/EmulatedCamera_CallbackNotifier(   38):     CAMERA_MSG_POSTVIEW_FRAME
V/EmulatedCamera_CallbackNotifier(   38):     CAMERA_MSG_RAW_IMAGE
V/EmulatedCamera_CallbackNotifier(   38):     CAMERA_MSG_COMPRESSED_IMAGE
V/EmulatedCamera_CallbackNotifier(   38):     CAMERA_MSG_RAW_IMAGE_NOTIFY
V/EmulatedCamera_CallbackNotifier(   38):     CAMERA_MSG_PREVIEW_METADATA
V/EmulatedCamera_CallbackNotifier(   38): **** Currently enabled messages:
V/EmulatedCamera_Camera(   38): doStopPreview
V/EmulatedCamera_Camera(   38): cancelPicture
V/EmulatedCamera_Camera(   38): releaseCamera
V/EmulatedCamera_Camera(   38): doStopPreview
V/EmulatedCamera_FakeDevice(   38): disconnectDevice
I/CameraService(   38): Destroying camera 0
V/EmulatedCamera_Camera(   38): closeCamera
V/EmulatedCamera_Camera(   38): doStopPreview
W/AudioFlinger(   38): session id 105 not found for pid 38
V/EmulatedCamera_Factory(   38): getCameraInfo: id = 0
V/EmulatedCamera_Camera(   38): getCameraInfo
W/AudioFlinger(   38): session id 106 not found for pid 38
I/APP     ( 4375): I 03/27/2013 18:00:15:527 00001117         SplashScreen| navigate: url=http://localhost:8080/app
I/APP     ( 4375): I 03/27/2013 18:00:15:547 00001117         SplashScreen| DELAY for SplashScreen = 0
I/APP     ( 4375): I 03/27/2013 18:00:15:589 00001117        GoogleWebView| Creating new RhoWebChromeClient
I/APP     ( 4375): I 03/27/2013 18:00:15:615 00001117       SimpleMainView| Cleared URL: http://localhost:8080/app
V/SimpleMainView.View( 4375): ms[1364403615687]  Main Window :: onSizeChanged() old [ 480 x 762 ]  new [ 0 x 0 ]
I/APP     ( 4375): I 03/27/2013 18:00:15:800 00001117        GoogleWebView| Setting RhoWebChromeClient
I/APP     ( 4375): I 03/27/2013 18:00:15:922 0000112e           HttpServer| Process URI: '/app'
I/APP     ( 4375): I 03/27/2013 18:00:15:984 00001117     RhoWebViewClient| Loading URL: http://localhost:8080/app/index_erb.iseq
I/APP     ( 4375): I 03/27/2013 18:00:16:066 0000112e           HttpServer| Process URI: '/app/index_erb.iseq'
I/APP     ( 4375): I 03/27/2013 18:00:16:090 0000112e                  APP| RHO serve_index: /app/index_erb.iseq
I/APP     ( 4375): I 03/27/2013 18:00:16:114 0000112e RHO Rho::RhoController| inst_render_index
I/APP     ( 4375): I 03/27/2013 18:00:16:235 0000112e RHO Rho::RhoController| index layout
I/APP     ( 4375): I 03/27/2013 18:00:16:347 0000112e           HttpServer| GC Start.
I/APP     ( 4375): I 03/27/2013 18:00:16:453 0000112e           HttpServer| GC End.
I/APP     ( 4375): I 03/27/2013 18:00:16:700 0000112e           HttpServer| Process URI: '/public/js/request.js'
I/APP     ( 4375): I 03/27/2013 18:00:16:812 0000112e           HttpServer| Process URI: '/public/jquery/jquery-1.6.4.min.js'
I/APP     ( 4375): I 03/27/2013 18:00:16:984 0000112e           HttpServer| Process URI: '/public/jquery/jquery.json-2.3.min.js'
I/APP     ( 4375): I 03/27/2013 18:00:17:097 0000112e           HttpServer| Process URI: '/public/jqmobile/jquery.mobile-1.0.1.min.css'
I/APP     ( 4375): I 03/27/2013 18:00:17:230 0000112e           HttpServer| Process URI: '/public/css/jqmobile-patch.css'
I/APP     ( 4375): I 03/27/2013 18:00:17:294 0000112e           HttpServer| Process URI: '/public/jqmobile/jquery.mobile-1.0.1.min.js'
I/APP     ( 4375): I 03/27/2013 18:00:17:403 0000112e           HttpServer| Process URI: '/public/js/jqmobile-patch.js'
I/APP     ( 4375): I 03/27/2013 18:00:17:454 0000112e           HttpServer| Process URI: '/public/css/macotec_style.css'
I/APP     ( 4375): I 03/27/2013 18:00:20:595 0000112e           HttpServer| Process URI: '/public/images/macotec/logo.png'
I/APP     ( 4375): I 03/27/2013 18:00:21:331 0000112e           HttpServer| Process URI: '/public/images/macotec/request_top.png'
I/APP     ( 4375): I 03/27/2013 18:00:21:454 0000112e           HttpServer| Process URI: '/public/images/macotec/contact_png.png'
I/APP     ( 4375): I 03/27/2013 18:00:21:504 0000112e           HttpServer| Process URI: '/public/images/macotec/products_png.png'
I/APP     ( 4375): I 03/27/2013 18:00:21:562 0000112e           HttpServer| Process URI: '/public/images/macotec/info_png.png'
I/APP     ( 4375): I 03/27/2013 18:00:21:595 0000112e           HttpServer| Process URI: '/public/images/macotec/attention.png'
I/APP     ( 4375): I 03/27/2013 18:00:24:757 0000112e           HttpServer| Process URI: '/app/Request/request_rental'
I/APP     ( 4375): I 03/27/2013 18:00:24:760 0000112e                  APP| RHO serve: /app/Request/request_rental
I/APP     ( 4375): I 03/27/2013 18:00:24:764 0000112e              RhoRuby| require_compiled: Request/request_controller
I/APP     ( 4375): I 03/27/2013 18:00:24:876 0000112e              RhoRuby| require_compiled: helpers/browser_helper
I/APP     ( 4375): I 03/27/2013 18:00:24:930 0000112e              RhoRuby| require_compiled: time
I/APP     ( 4375): I 03/27/2013 18:00:25:027 0000112e              RhoRuby| require_compiled: date/format
I/APP     ( 4375): I 03/27/2013 18:00:25:233 0000112e              RhoRuby| require_compiled: date
I/APP     ( 4375): I 03/27/2013 18:00:25:281 0000112e              RhoRuby| require_compiled: dateOrig
D/dalvikvm( 4375): GC_CONCURRENT freed 909K, 8% free 12502K/13511K, paused 4ms+5ms
D/webviewglue( 4375): nativeDestroy view: 0x29c688
