I/APP     ( 4284): I 02/08/2013 17:37:17:630 000010d2           HttpServer| GC End.
I/APP     ( 4284): I 02/08/2013 17:37:17:761 000010d2           HttpServer| Process URI: '/public/js/request.js'
I/APP     ( 4284): I 02/08/2013 17:37:17:892 000010d2           HttpServer| Process URI: '/public/jquery/jquery-1.6.4.min.js'
I/APP     ( 4284): I 02/08/2013 17:37:18:042 000010d2           HttpServer| Process URI: '/public/jquery/jquery.json-2.3.min.js'
I/APP     ( 4284): I 02/08/2013 17:37:18:439 000010d2           HttpServer| Process URI: '/public/jqmobile/jquery.mobile-1.0.1.min.css'
I/APP     ( 4284): I 02/08/2013 17:37:19:057 000010d2           HttpServer| Process URI: '/public/css/jqmobile-patch.css'
I/APP     ( 4284): I 02/08/2013 17:37:19:320 000010d2           HttpServer| Process URI: '/public/jqmobile/jquery.mobile-1.0.1.min.js'
I/APP     ( 4284): I 02/08/2013 17:37:19:895 000010d2           HttpServer| Process URI: '/public/js/jqmobile-patch.js'
I/APP     ( 4284): I 02/08/2013 17:37:20:196 000010d2           HttpServer| Process URI: '/app/index_erb.iseq'
I/APP     ( 4284): I 02/08/2013 17:37:20:389 000010d2                  APP| RHO serve_index: /app/index_erb.iseq
I/APP     ( 4284): I 02/08/2013 17:37:20:473 000010d2 RHO Rho::RhoController| inst_render_index
I/APP     ( 4284): I 02/08/2013 17:37:20:980 000010d2 RHO Rho::RhoController| index layout
I/APP     ( 4284): I 02/08/2013 17:37:21:486 000010d2           HttpServer| GC Start.
I/APP     ( 4284): I 02/08/2013 17:37:21:947 000010d2           HttpServer| GC End.
D/dalvikvm( 4284): GC_CONCURRENT freed 865K, 8% free 12523K/13511K, paused 12ms+9ms
D/webviewglue( 4284): nativeDestroy view: 0x291dc0
I/APP     ( 4284): E 02/08/2013 17:37:28:304 000010d2           HttpServer| Connection gracefully closed before we send any data
I/APP     ( 4284): E 02/08/2013 17:37:28:305 000010d2           HttpServer| Parsing error
I/APP     ( 4284): E 02/08/2013 17:37:28:349 000010d2           HttpServer| Connection gracefully closed before we send any data
I/APP     ( 4284): E 02/08/2013 17:37:28:353 000010d2           HttpServer| Parsing error
I/APP     ( 4284): E 02/08/2013 17:37:28:382 000010d2           HttpServer| Connection gracefully closed before we send any data
I/APP     ( 4284): E 02/08/2013 17:37:28:386 000010d2           HttpServer| Parsing error
I/APP     ( 4284): E 02/08/2013 17:37:28:407 000010d2           HttpServer| Connection gracefully closed before we send any data
I/APP     ( 4284): E 02/08/2013 17:37:28:412 000010d2           HttpServer| Parsing error
I/APP     ( 4284): E 02/08/2013 17:37:28:447 000010d2           HttpServer| Connection gracefully closed before we send any data
I/APP     ( 4284): E 02/08/2013 17:37:28:452 000010d2           HttpServer| Parsing error
I/APP     ( 4284): I 02/08/2013 17:37:28:474 000010d2           HttpServer| Process URI: '/public/css/macotec_style.css'
I/APP     ( 4284): I 02/08/2013 17:37:28:528 000010d2           HttpServer| Process URI: '/public/images/macotec/logo.png'
I/APP     ( 4284): I 02/08/2013 17:37:28:584 000010d2           HttpServer| Process URI: '/public/images/macotec/request_top.png'
I/APP     ( 4284): I 02/08/2013 17:37:28:636 000010d2           HttpServer| Process URI: '/public/images/macotec/contact_png.png'
I/APP     ( 4284): I 02/08/2013 17:37:28:685 000010d2           HttpServer| Process URI: '/public/images/macotec/products_png.png'
I/APP     ( 4284): I 02/08/2013 17:37:28:731 000010d2           HttpServer| Process URI: '/public/images/macotec/info_png.png'
I/APP     ( 4284): I 02/08/2013 17:37:31:913 000010d2           HttpServer| Process URI: '/favicon.ico'
I/APP     ( 4284): E 02/08/2013 17:37:31:989 000010d2           HttpServer| The file /favicon.ico was not found
I/APP     ( 4284): I 02/08/2013 17:37:36:850 000010d2           HttpServer| Process URI: '/app/Request/request'
I/APP     ( 4284): I 02/08/2013 17:37:36:869 000010d2                  APP| RHO serve: /app/Request/request
I/APP     ( 4284): I 02/08/2013 17:37:36:903 000010d2              RhoRuby| require_compiled: Request/request_controller
I/APP     ( 4284): I 02/08/2013 17:37:36:978 000010d2              RhoRuby| require_compiled: helpers/browser_helper
I/APP     ( 4284): I 02/08/2013 17:37:37:027 000010d2              RhoRuby| require_compiled: time
I/APP     ( 4284): I 02/08/2013 17:37:37:143 000010d2              RhoRuby| require_compiled: date/format
I/APP     ( 4284): I 02/08/2013 17:37:37:336 000010d2              RhoRuby| require_compiled: date
I/APP     ( 4284): I 02/08/2013 17:37:37:383 000010d2              RhoRuby| require_compiled: dateOrig
I/APP     ( 4284): E 02/08/2013 17:37:37:584 000010d2               RubyVM| lib/date.rb:14: warning: already initialized constant MONTHNAMES
I/APP     ( 4284): E 02/08/2013 17:37:37:588 000010d2               RubyVM| lib/date.rb:15: warning: already initialized constant ABBR_MONTHNAMES
I/APP     ( 4284): E 02/08/2013 17:37:37:635 000010d2               RubyVM| lib/date.rb:16: warning: already initialized constant DAYNAMES
I/APP     ( 4284): E 02/08/2013 17:37:37:643 000010d2               RubyVM| lib/date.rb:17: warning: already initialized constant ABBR_DAYNAMES
I/APP     ( 4284): I 02/08/2013 17:37:37:676 000010d2              RhoRuby| require_compiled: json
I/APP     ( 4284): I 02/08/2013 17:37:37:704 000010d2              RhoRuby| require_compiled: json/common
I/APP     ( 4284): I 02/08/2013 17:37:37:787 000010d2              RhoRuby| require_compiled: json/version
I/APP     ( 4284): I 02/08/2013 17:37:37:879 000010d2              RhoRuby| require_compiled: json/pure
I/APP     ( 4284): I 02/08/2013 17:37:37:949 000010d2              RhoRuby| require_compiled: json/pure/generator
I/APP     ( 4284): I 02/08/2013 17:37:38:065 000010d2           HttpServer| GC Start.
I/APP     ( 4284): I 02/08/2013 17:37:38:185 000010d2           HttpServer| GC End.
I/APP     ( 4284): I 02/08/2013 17:37:38:192 000010d2           HttpServer| Process URI: '/favicon.ico'
I/APP     ( 4284): E 02/08/2013 17:37:38:241 000010d2           HttpServer| The file /favicon.ico was not found
I/APP     ( 4284): I 02/08/2013 17:38:16:426 000010d2           HttpServer| Process URI: '/app/Request/request'
I/APP     ( 4284): I 02/08/2013 17:38:16:432 000010d2                  APP| RHO serve: /app/Request/request
I/APP     ( 4284): I 02/08/2013 17:38:16:564 000010d2           HttpServer| GC Start.
I/APP     ( 4284): I 02/08/2013 17:38:16:661 000010d2           HttpServer| GC End.
I/APP     ( 4284): I 02/08/2013 17:38:17:144 000010d2           HttpServer| Process URI: '/public/images/macotec/forklifter_full.png'
I/APP     ( 4284): I 02/08/2013 17:38:17:239 000010d2           HttpServer| Process URI: '/public/images/macotec/request_contract.png'
I/APP     ( 4284): I 02/08/2013 17:38:17:483 000010d2           HttpServer| Process URI: '/public/jqmobile/images/icons-36-white.png'
E/libEGL  ( 4284): call to OpenGL ES API with no current context (logged once per thread)
D/ShaderProgram( 4284): couldn't load the vertex shader!
E/libEGL  ( 4284): call to OpenGL ES API with no current context (logged once per thread)
D/ShaderProgram( 4284): couldn't load the vertex shader!
E/libEGL  ( 4284): call to OpenGL ES API with no current context (logged once per thread)
D/ShaderProgram( 4284): couldn't load the vertex shader!
E/libEGL  ( 4284): call to OpenGL ES API with no current context (logged once per thread)
D/ShaderProgram( 4284): couldn't load the vertex shader!
E/libEGL  ( 4284): call to OpenGL ES API with no current context (logged once per thread)
D/ShaderProgram( 4284): couldn't load the vertex shader!
I/APP     ( 4284): I 02/08/2013 17:38:21:226 000010d2           HttpServer| Process URI: '/app/index_erb.iseq'
I/APP     ( 4284): I 02/08/2013 17:38:21:261 000010d2                  APP| RHO serve_index: /app/index_erb.iseq
I/APP     ( 4284): I 02/08/2013 17:38:21:279 000010d2 RHO Rho::RhoController| inst_render_index
I/APP     ( 4284): I 02/08/2013 17:38:22:400 000010d2           HttpServer| GC Start.
I/APP     ( 4284): I 02/08/2013 17:38:22:791 000010d2           HttpServer| GC End.
I/APP     ( 4284): I 02/08/2013 17:38:29:414 000010d2           HttpServer| Process URI: '/app/Request/request'
I/APP     ( 4284): I 02/08/2013 17:38:29:420 000010d2                  APP| RHO serve: /app/Request/request
I/APP     ( 4284): I 02/08/2013 17:38:29:591 000010d2           HttpServer| GC Start.
I/APP     ( 4284): I 02/08/2013 17:38:29:678 000010d2           HttpServer| GC End.
I/APP     ( 4284): I 02/08/2013 17:38:32:322 000010d2           HttpServer| Process URI: '/favicon.ico'
I/APP     ( 4284): E 02/08/2013 17:38:32:427 000010d2           HttpServer| The file /favicon.ico was not found
I/APP     ( 4284): I 02/08/2013 17:38:33:851 000010d2           HttpServer| Process URI: '/app/Request/request'
I/APP     ( 4284): I 02/08/2013 17:38:33:916 000010d2                  APP| RHO serve: /app/Request/request
I/APP     ( 4284): I 02/08/2013 17:38:34:298 000010d2           HttpServer| GC Start.
I/APP     ( 4284): I 02/08/2013 17:38:34:704 000010d2           HttpServer| GC End.
I/APP     ( 4284): I 02/08/2013 17:38:34:926 000010d2           HttpServer| Process URI: '/favicon.ico'
I/APP     ( 4284): E 02/08/2013 17:38:34:992 000010d2           HttpServer| The file /favicon.ico was not found
I/APP     ( 4284): E 02/08/2013 17:38:48:312 000010d2           HttpServer| Connection gracefully closed before we send any data
I/APP     ( 4284): E 02/08/2013 17:38:48:313 000010d2           HttpServer| Parsing error
I/APP     ( 4284): E 02/08/2013 17:38:48:351 000010d2           HttpServer| Connection gracefully closed before we send any data
I/APP     ( 4284): E 02/08/2013 17:38:48:355 000010d2           HttpServer| Parsing error
I/APP     ( 4284): E 02/08/2013 17:38:48:382 000010d2           HttpServer| Connection gracefully closed before we send any data
I/APP     ( 4284): E 02/08/2013 17:38:48:386 000010d2           HttpServer| Parsing error
D/dalvikvm( 3474): GC_CONCURRENT freed 384K, 6% free 9529K/10119K, paused 4ms+4ms
D/AndroidRuntime( 4322): 
D/AndroidRuntime( 4322): >>>>>> AndroidRuntime START com.android.internal.os.RuntimeInit <<<<<<
D/AndroidRuntime( 4322): CheckJNI is ON
D/AndroidRuntime( 4322): Calling main entry com.android.commands.pm.Pm
W/ActivityManager( 3361): No content provider found for permission revoke: file:///data/local/tmp/macotec-debug.apk
D/dalvikvm( 3546): GC_CONCURRENT freed 302K, 5% free 9112K/9543K, paused 6ms+4ms
W/ActivityManager( 3361): No content provider found for permission revoke: file:///data/local/tmp/macotec-debug.apk
D/dalvikvm( 3361): GC_CONCURRENT freed 353K, 13% free 11337K/12999K, paused 7ms+12ms
D/dalvikvm( 3361): GC_CONCURRENT freed 276K, 12% free 11522K/12999K, paused 10ms+11ms
D/dalvikvm( 3361): GC_CONCURRENT freed 366K, 11% free 11678K/12999K, paused 5ms+6ms
D/dalvikvm( 3361): GC_CONCURRENT freed 541K, 11% free 11683K/12999K, paused 23ms+32ms
D/dalvikvm( 3361): GC_CONCURRENT freed 566K, 11% free 11685K/12999K, paused 23ms+53ms
D/dalvikvm( 3361): GC_CONCURRENT freed 553K, 11% free 11691K/12999K, paused 40ms+32ms
D/dalvikvm( 3361): GC_CONCURRENT freed 565K, 11% free 11688K/12999K, paused 7ms+12ms
I/PackageManager( 3361): Removing non-system package:com.rhomobile.macotec
I/ActivityManager( 3361): Force stopping package com.rhomobile.macotec uid=10040
I/ActivityManager( 3361): Killing proc 4284:com.rhomobile.macotec/10040: force stop
W/ActivityManager( 3361): Force removing ActivityRecord{412cc898 com.rhomobile.macotec/com.rhomobile.rhodes.RhodesActivity}: app died, no saved state
W/NetworkManagementSocketTagger( 3361): setKernelCountSet(10040, 0) failed with errno -2
W/NetworkManagementSocketTagger( 3361): setKernelCountSet(10009, 1) failed with errno -2
I/WindowManager( 3361): WIN DEATH: Window{4150e3a0 com.rhomobile.macotec/com.rhomobile.rhodes.RhodesActivity paused=false}
D/dalvikvm( 3361): GC_CONCURRENT freed 529K, 10% free 11717K/12999K, paused 10ms+18ms
I/PackageManager( 3361): Package com.rhomobile.macotec codePath changed from /data/app/com.rhomobile.macotec-2.apk to /data/app/com.rhomobile.macotec-1.apk; Retaining data and using new
I/PackageManager( 3361): Running dexopt on: com.rhomobile.macotec
D/dalvikvm( 4333): DexOpt: load 89ms, verify+opt 527ms
W/PackageManager( 3361): Code path for pkg : com.rhomobile.macotec changing from /data/app/com.rhomobile.macotec-2.apk to /data/app/com.rhomobile.macotec-1.apk
W/PackageManager( 3361): Resource path for pkg : com.rhomobile.macotec changing from /data/app/com.rhomobile.macotec-2.apk to /data/app/com.rhomobile.macotec-1.apk
I/ActivityManager( 3361): Force stopping package com.rhomobile.macotec uid=10040
D/PackageManager( 3361): New package installed in /data/app/com.rhomobile.macotec-1.apk
I/ActivityManager( 3361): Force stopping package com.rhomobile.macotec uid=10040
D/dalvikvm( 3489): GC_EXPLICIT freed 274K, 6% free 11327K/12039K, paused 3ms+9ms
D/dalvikvm( 3534): GC_EXPLICIT freed 149K, 4% free 9386K/9735K, paused 38ms+5ms
D/dalvikvm( 3361): GC_EXPLICIT freed 810K, 14% free 11256K/12999K, paused 10ms+10ms
D/PackageManager( 3361): generateServicesMap(android.accounts.AccountAuthenticator): 2 services unchanged
D/PackageManager( 3361): generateServicesMap(android.content.SyncAdapter): 4 services unchanged
D/BackupManagerService( 3361): Received broadcast Intent { act=android.intent.action.PACKAGE_REMOVED dat=package:com.rhomobile.macotec flg=0x10000010 (has extras) }
I/AccountTypeManager( 3571): Loaded meta-data for 1 account types, 0 accounts in 12ms(wall) 8ms(cpu)
D/PackageManager( 3361): generateServicesMap(android.accounts.AccountAuthenticator): 2 services unchanged
D/PackageManager( 3361): generateServicesMap(android.content.SyncAdapter): 4 services unchanged
D/BackupManagerService( 3361): Received broadcast Intent { act=android.intent.action.PACKAGE_ADDED dat=package:com.rhomobile.macotec flg=0x10000010 (has extras) }
V/BackupManagerService( 3361): updatePackageParticipantsLocked: #1
W/RecognitionManagerService( 3361): no available voice recognition services found
I/AccountTypeManager( 3571): Loaded meta-data for 1 account types, 0 accounts in 393ms(wall) 5ms(cpu)
D/dalvikvm( 3361): GC_CONCURRENT freed 415K, 14% free 11278K/12999K, paused 6ms+7ms
D/BackupManagerService( 3361): Received broadcast Intent { act=android.intent.action.PACKAGE_REPLACED dat=package:com.rhomobile.macotec flg=0x10000010 (has extras) }
V/BackupManagerService( 3361): updatePackageParticipantsLocked: #1
D/dalvikvm( 3361): GC_EXPLICIT freed 217K, 14% free 11259K/12999K, paused 5ms+31ms
D/AndroidRuntime( 4322): Shutting down VM
I/AndroidRuntime( 4322): NOTE: attach of thread 'Binder Thread #3' failed
D/dalvikvm( 4322): GC_CONCURRENT freed 97K, 79% free 450K/2048K, paused 2ms+25ms
D/AndroidRuntime( 4341): 
D/AndroidRuntime( 4341): >>>>>> AndroidRuntime START com.android.internal.os.RuntimeInit <<<<<<
D/AndroidRuntime( 4341): CheckJNI is ON
D/AndroidRuntime( 4341): Calling main entry com.android.commands.am.Am
I/ActivityManager( 3361): START {act=android.intent.action.MAIN flg=0x10000000 cmp=com.rhomobile.macotec/com.rhomobile.rhodes.RhodesActivity} from pid 4341
W/WindowManager( 3361): Failure taking screenshot for (180x273) to layer 21005
D/AndroidRuntime( 4341): Shutting down VM
D/dalvikvm( 4341): GC_CONCURRENT freed 97K, 77% free 480K/2048K, paused 2ms+1ms
I/AndroidRuntime( 4341): NOTE: attach of thread 'Binder Thread #3' failed
I/ActivityManager( 3361): Start proc com.rhomobile.macotec for activity com.rhomobile.macotec/com.rhomobile.rhodes.RhodesActivity: pid=4351 uid=10040 gids={3003}
I/dalvikvm( 4351): Turning on JNI app bug workarounds for target SDK version 4...
W/NetworkManagementSocketTagger( 3361): setKernelCountSet(10040, 1) failed with errno -2
I/Process ( 3361): Sending signal. PID: 4351 SIG: 3
I/dalvikvm( 4351): threadid=3: reacting to signal 3
I/dalvikvm( 4351): Wrote stack traces to '/data/anr/traces.txt'
D/dalvikvm( 4351): Trying to load lib /data/data/com.rhomobile.macotec/lib/librhodes.so 0x412a2fb0
D/dalvikvm( 4351): Added shared lib /data/data/com.rhomobile.macotec/lib/librhodes.so 0x412a2fb0
D/dalvikvm( 4351): Trying to load lib /data/data/com.rhomobile.macotec/lib/librhodes.so 0x412a2fb0
D/dalvikvm( 4351): Shared lib '/data/data/com.rhomobile.macotec/lib/librhodes.so' already loaded in same CL 0x412a2fb0
I/ActivityThread( 4351): Pub com.rhomobile.macotec: com.rhomobile.rhodes.LocalFileProvider
I/Process ( 3361): Sending signal. PID: 4351 SIG: 3
I/dalvikvm( 4351): threadid=3: reacting to signal 3
I/dalvikvm( 4351): Wrote stack traces to '/data/anr/traces.txt'
I/RhodesApplication( 4351): Initializing...
D/RhoFileApi( 4351): App root path: /data/data/com.rhomobile.macotec/rhodata/
D/RhoFileApi( 4351): Sqlite journals path: /data/data/com.rhomobile.macotec/sqlite_stmt_journals/
D/RhoFileApi( 4351): Shared path: /data/data/com.rhomobile.macotec/rhodata/
D/RhodesApplication( 4351): Root path: /data/data/com.rhomobile.macotec/rhodata/
I/RhodesApplication( 4351): Application hash was changed
D/RhoFileApi( 4351): Copy hash to FS
D/RhoFileApi( 4351): File hash copied
D/RhoFileApi( 4351): Copy rho.dat to FS
D/RhoFileApi( 4351): File rho.dat copied
D/RhoFileApi( 4351): Copy apps/rhoconfig.txt to FS
D/RhoFileApi( 4351): File apps/rhoconfig.txt copied
I/RhoFileApi( 4351): Opening stat table from FS: /data/data/com.rhomobile.macotec/rhodata/rho.dat
I/Process ( 3361): Sending signal. PID: 4351 SIG: 3
I/dalvikvm( 4351): threadid=3: reacting to signal 3
I/dalvikvm( 4351): Wrote stack traces to '/data/anr/traces.txt'
D/RhoFileApi( 4351): Copy apps/rhoconfig.txt to FS
D/RhoFileApi( 4351): File apps/rhoconfig.txt copied
D/RhoFileApi( 4351): App root path: /data/data/com.rhomobile.macotec/rhodata/
D/RhoFileApi( 4351): Sqlite journals path: /data/data/com.rhomobile.macotec/sqlite_stmt_journals/
D/RhoFileApi( 4351): Shared path: /data/data/com.rhomobile.macotec/rhodata/
I/APP     ( 4351): I 02/08/2013 17:40:57:261 000010ff    RhodesApplication| Initialized
I/APP     ( 4351): I 02/08/2013 17:40:57:344 000010ff         BaseActivity| New screen properties - width: 480, height: 728, orientation: 1
I/Process ( 3361): Sending signal. PID: 4351 SIG: 3
I/dalvikvm( 4351): threadid=3: reacting to signal 3
I/dalvikvm( 4351): Wrote stack traces to '/data/anr/traces.txt'
D/dalvikvm( 4351): GC_CONCURRENT freed 295K, 5% free 9191K/9607K, paused 4ms+4ms
I/APP     ( 4351): I 02/08/2013 17:40:57:828 000010ff         SplashScreen| Looking for start page source
I/Process ( 3361): Sending signal. PID: 4351 SIG: 3
I/dalvikvm( 4351): threadid=3: reacting to signal 3
I/dalvikvm( 4351): Wrote stack traces to '/data/anr/traces.txt'
D/dalvikvm( 3361): GC_EXPLICIT freed 101K, 14% free 11277K/12999K, paused 5ms+22ms
D/dalvikvm( 4351): GC_FOR_ALLOC freed 15K, 4% free 9229K/9607K, paused 37ms
I/dalvikvm-heap( 4351): Grow heap (frag case) to 12.148MB for 3217300-byte allocation
I/Process ( 3361): Sending signal. PID: 4351 SIG: 3
I/dalvikvm( 4351): threadid=3: reacting to signal 3
D/dalvikvm( 4351): GC_FOR_ALLOC freed 1K, 4% free 12370K/12807K, paused 119ms
I/dalvikvm( 4351): Wrote stack traces to '/data/anr/traces.txt'
D/dalvikvm( 4351): GC_CONCURRENT freed 2K, 4% free 12372K/12807K, paused 15ms+4ms
I/Process ( 3361): Sending signal. PID: 4351 SIG: 3
I/dalvikvm( 4351): threadid=3: reacting to signal 3
I/dalvikvm( 4351): Wrote stack traces to '/data/anr/traces.txt'
I/APP     ( 4351): I 02/08/2013 17:40:59:145 000010ff         SplashScreen| Done
I/APP     ( 4351): I 02/08/2013 17:40:59:151 000010ff    RhodesApplication| New UiState: MainActivityCreated
I/APP     ( 4351): I 02/08/2013 17:40:59:201 000010ff       RhodesActivity| onStart
I/APP     ( 4351): I 02/08/2013 17:40:59:207 000010ff    RhodesApplication| New UiState: MainActivityStarted
I/APP     ( 4351): I 02/08/2013 17:40:59:243 000010ff       RhodesActivity| onResume
I/APP     ( 4351): I 02/08/2013 17:40:59:248 000010ff AndroidFunctionality| Resume WebView
I/APP     ( 4351): I 02/08/2013 17:40:59:313 000010ff        RhodesService| onCreate
I/APP     ( 4351): I 02/08/2013 17:40:59:343 000010ff    LocalFileProvider| Revoke URI permissions: content:///com.rhomobile.macotec
W/ActivityManager( 3361): No content provider found for permission revoke: content:///com.rhomobile.macotec
I/APP     ( 4351): I 02/08/2013 17:40:59:375 000010ff               Rhodes| Loading...
I/APP     ( 4351): I 02/08/2013 17:40:59:380 000010ff            RhodesApp| Trying to get free listening port.
I/APP     ( 4351): I 02/08/2013 17:40:59:420 000010ff            RhodesApp| Trying to bind of 8080 port...
I/APP     ( 4351): I 02/08/2013 17:40:59:425 000010ff            RhodesApp| Got port to bind on: 8080
I/APP     ( 4351): I 02/08/2013 17:40:59:451 000010ff            RhodesApp| Free listening port: 8080
I/APP     ( 4351): I 02/08/2013 17:40:59:467 00001114         AppCallbacks| Starting main routine...
I/Process ( 3361): Sending signal. PID: 4351 SIG: 3
I/dalvikvm( 4351): threadid=3: reacting to signal 3
I/dalvikvm( 4351): Wrote stack traces to '/data/anr/traces.txt'
I/APP     ( 4351): I 02/08/2013 17:40:59:530 00001114         AppCallbacks| ThreadQueue blocked for 4294967295 seconds...
I/APP     ( 4351): I 02/08/2013 17:40:59:663 000010ff        RhodesService| Push is disabled
I/APP     ( 4351): I 02/08/2013 17:40:59:668 000010ff            RhodesApp| callAppActiveCallback
I/APP     ( 4351): I 02/08/2013 17:40:59:716 000010ff         AppCallbacks| addCommand: APP-ACTIVATED
I/APP     ( 4351): I 02/08/2013 17:40:59:747 00001114         AppCallbacks| Received command APP-ACTIVATED which is greater than expected (LOCAL-SERVER-STARTED) - postpone it
I/APP     ( 4351): I 02/08/2013 17:40:59:748 00001114         AppCallbacks| ThreadQueue blocked for 4294967295 seconds...
I/APP     ( 4351): I 02/08/2013 17:40:59:773 000010ff         AppActivated| Cannot commit now, application will be activated when started.
I/APP     ( 4351): I 02/08/2013 17:40:59:778 000010ff    RhodesApplication| New AppState: Undefined
D/RhodesService( 4351): +++ onStartCommand
I/RhodesService( 4351): handleCommand: startId=1, source=com.rhomobile.rhodes.BaseActivity
I/APP     ( 4351): I 02/08/2013 17:40:59:803 00001116            RhodesApp| Starting RhodesApp main routine...
D/RhodesService( 4351): New activity was created
I/APP     ( 4351): I 02/08/2013 17:40:59:866 000010ff        RhodesService| onBind
I/APP     ( 4351): I 02/08/2013 17:40:59:915 000010ff         AppCallbacks| addCommand: UI-CREATED
I/APP     ( 4351): I 02/08/2013 17:40:59:944 00001114         AppCallbacks| Received command UI-CREATED which is greater than expected (LOCAL-SERVER-STARTED) - postpone it
I/APP     ( 4351): I 02/08/2013 17:40:59:945 00001114         AppCallbacks| ThreadQueue blocked for 4294967295 seconds...
I/Process ( 3361): Sending signal. PID: 4351 SIG: 3
I/dalvikvm( 4351): threadid=3: reacting to signal 3
I/dalvikvm( 4351): Wrote stack traces to '/data/anr/traces.txt'
V/PhoneStatusBar( 3445): setLightsOn(true)
I/APP     ( 4351): I 02/08/2013 17:41:00:469 000010ff       RhodesActivity| onServiceConnected: {com.rhomobile.macotec/com.rhomobile.rhodes.RhodesService}
I/APP     ( 4351): I 02/08/2013 17:41:00:476 000010ff       RhodesActivity| New start parameters: 
I/Process ( 3361): Sending signal. PID: 4351 SIG: 3
I/dalvikvm( 4351): threadid=3: reacting to signal 3
I/dalvikvm( 4351): Wrote stack traces to '/data/anr/traces.txt'
I/APP     ( 4351): I 02/08/2013 17:41:00:570 000010ff            RhodesApp| New start params: 
D/gralloc_goldfish( 4351): Emulator without GPU emulation detected.
I/Process ( 3361): Sending signal. PID: 4351 SIG: 3
I/dalvikvm( 4351): threadid=3: reacting to signal 3
I/dalvikvm( 4351): Wrote stack traces to '/data/anr/traces.txt'
I/APP     ( 4351): I 02/08/2013 17:41:01:342 00001116              RhoRuby| Init_RhoBlobs: /data/data/com.rhomobile.macotec/rhodata/db/db-files
I/ActivityManager( 3361): Displayed com.rhomobile.macotec/com.rhomobile.rhodes.RhodesActivity: +6s436ms
I/APP     ( 4351): I 02/08/2013 17:41:01:600 00001116              RhoRuby| require_compiled: rhoframework
I/APP     ( 4351): I 02/08/2013 17:41:01:743 00001116              RhoRuby| require_compiled: rational
I/APP     ( 4351): I 02/08/2013 17:41:01:807 00001116              RhoRuby| require_compiled: rhom/rhom_db_adapter
I/APP     ( 4351): I 02/08/2013 17:41:01:960 00001116              RhoRuby| require_compiled: rhodes
I/APP     ( 4351): I 02/08/2013 17:41:02:014 00001116              RhoRuby| require_compiled: rhom/rhom_object
I/APP     ( 4351): I 02/08/2013 17:41:02:079 00001116              RhoRuby| require_compiled: rhofsconnector
I/APP     ( 4351): I 02/08/2013 17:41:02:085 00001116              RhoRuby| require_compiled: rho/rhofsconnector
I/APP     ( 4351): I 02/08/2013 17:41:02:183 00001116              RhoRuby| require_compiled: rhom/rhom_object_factory
I/APP     ( 4351): I 02/08/2013 17:41:03:200 00001116              RhoRuby| require_compiled: rhom/rhom
I/APP     ( 4351): I 02/08/2013 17:41:03:570 00001116              RhoRuby| require_compiled: rhom/rhom_model
I/APP     ( 4351): I 02/08/2013 17:41:03:896 00001116              RhoRuby| require_compiled: rhom
I/APP     ( 4351): I 02/08/2013 17:41:04:012 00001116              RhoRuby| require_compiled: rho/rhoapplication
I/APP     ( 4351): I 02/08/2013 17:41:04:412 00001116              RhoRuby| require_compiled: rholang/localization_simplified
W/NetworkManagementSocketTagger( 3361): setKernelCountSet(10009, 0) failed with errno -2
I/APP     ( 4351): I 02/08/2013 17:41:04:934 00001116              RhoRuby| require_compiled: rho/rhomsg
I/APP     ( 4351): I 02/08/2013 17:41:05:086 00001116              RhoRuby| require_compiled: rho/rhotabbar
I/APP     ( 4351): I 02/08/2013 17:41:05:343 00001116              RhoRuby| require_compiled: rho/rhotoolbar
I/APP     ( 4351): I 02/08/2013 17:41:05:548 00001116                  APP| Current locale: ; Country code: 
I/APP     ( 4351): I 02/08/2013 17:41:05:706 00001116                  APP| Locilized file: /data/data/com.rhomobile.macotec/rhodata/lib/rholang/lang_
I/APP     ( 4351): I 02/08/2013 17:41:05:861 00001116              RhoRuby| require_compiled: /data/data/com.rhomobile.macotec/rhodata/lib/rholang/lang_en
I/APP     ( 4351): I 02/08/2013 17:41:06:134 00001116                  APP| Locilized file: /data/data/com.rhomobile.macotec/rhodata/apps/app/lang/lang_
I/APP     ( 4351): I 02/08/2013 17:41:06:224 00001116                  APP| Locilized file: /data/data/com.rhomobile.macotec/rhodata/lib/rholang/rhoerror_
I/APP     ( 4351): I 02/08/2013 17:41:06:328 00001116              RhoRuby| require_compiled: /data/data/com.rhomobile.macotec/rhodata/lib/rholang/rhoerror_en
I/APP     ( 4351): I 02/08/2013 17:41:06:505 00001116                  APP| Locilized file: /data/data/com.rhomobile.macotec/rhodata/lib/rholang/rhomsg_
I/APP     ( 4351): I 02/08/2013 17:41:06:602 00001116              RhoRuby| require_compiled: /data/data/com.rhomobile.macotec/rhodata/lib/rholang/rhomsg_en
I/APP     ( 4351): I 02/08/2013 17:41:06:788 00001116              RhoRuby| require_compiled: indifferent_access
I/APP     ( 4351): I 02/08/2013 17:41:07:238 00001116              RhoRuby| require_compiled: rho/rhosupport
I/APP     ( 4351): I 02/08/2013 17:41:07:326 00001116              RhoRuby| require_compiled: rho/rhocontroller
I/APP     ( 4351): I 02/08/2013 17:41:07:387 00001116              RhoRuby| require_compiled: rho/render
I/APP     ( 4351): I 02/08/2013 17:41:07:469 00001116              RhoRuby| require_compiled: rho/rho
I/APP     ( 4351): I 02/08/2013 17:41:07:648 00001116              RhoRuby| require_compiled: rho/rhoerror
I/APP     ( 4351): I 02/08/2013 17:41:07:693 00001116              RhoRuby| require_compiled: rhom/rhom_source
I/APP     ( 4351): I 02/08/2013 17:41:07:759 00001116              RhoRuby| require_compiled: rho/rhoviewhelpers
I/APP     ( 4351): I 02/08/2013 17:41:07:819 00001116              RhoRuby| require_compiled: rho
I/APP     ( 4351): I 02/08/2013 17:41:07:862 00001116                  APP| RHO loaded
I/APP     ( 4351): I 02/08/2013 17:41:07:867 00001116                  APP| Calling RHO.initialize
I/APP     ( 4351): I 02/08/2013 17:41:07:906 00001116                  APP| model file: Product/product
I/APP     ( 4351): I 02/08/2013 17:41:07:912 00001116                  APP| model file: Request/request
I/APP     ( 4351): I 02/08/2013 17:41:07:951 00001116                   DB| Open DB: /data/data/com.rhomobile.macotec/rhodata/db/syncdbuser.sqlite
I/APP     ( 4351): I 02/08/2013 17:41:08:007 00001116          GeoLocation| Creating singleton instance.
I/APP     ( 4351): I 02/08/2013 17:41:08:026 00001116            RhodesApp| Starting sync engine...
I/APP     ( 4351): I 02/08/2013 17:41:08:054 00001116                 Sync| sync_poll_interval: 0
I/APP     ( 4351): I 02/08/2013 17:41:08:058 00001116                 Sync| syncserver: 
I/APP     ( 4351): I 02/08/2013 17:41:08:086 00001116                 Sync| bulksync_state: 0
I/APP     ( 4351): I 02/08/2013 17:41:08:090 00001116            RhodesApp| RhoRubyInitApp...
I/APP     ( 4351): I 02/08/2013 17:41:08:114 00001116                  APP| init_app
I/APP     ( 4351): I 02/08/2013 17:41:08:132 00001116              RhoRuby| require_compiled: application
I/APP     ( 4351): I 02/08/2013 17:41:08:159 00001116                 Sync| Set notification. Source ID: -1;Url :http://localhost:8080/app/Settings/sync_notify; Params: 
I/APP     ( 4351): I 02/08/2013 17:41:08:184 00001116           HttpServer| Start HTTP server
I/APP     ( 4351): I 02/08/2013 17:41:08:190 00001116           HttpServer| Listen for connections on port 8080
I/APP     ( 4351): I 02/08/2013 17:41:08:211 00001116         AppCallbacks| addCommand: LOCAL-SERVER-STARTED
I/APP     ( 4351): I 02/08/2013 17:41:08:241 00001114         AppCallbacks| process command: LOCAL-SERVER-STARTED
I/APP     ( 4351): I 02/08/2013 17:41:08:242 00001114 RhodesAppActiveObserver| Ready
I/APP     ( 4351): I 02/08/2013 17:41:08:270 000010ff AndroidFunctionality| Disable WebView zoom
I/APP     ( 4351): I 02/08/2013 17:41:08:271 000010ff AndroidFunctionality| Set web plugins state 'OFF'
I/APP     ( 4351): I 02/08/2013 17:41:08:308 00001114    RhodesApplication| New AppState: AppActivated
I/APP     ( 4351): I 02/08/2013 17:41:08:313 00001114         AppCallbacks| process command: UI-CREATED
I/APP     ( 4351): I 02/08/2013 17:41:08:437 00001116           HttpServer| Process URI: '/system/uicreated'
I/APP     ( 4351): I 02/08/2013 17:41:08:444 00001116                  APP| on_ui_created.navigate to start url: '/app'
I/APP     ( 4351): I 02/08/2013 17:41:08:459 000010ff         SplashScreen| navigate: url=http://localhost:8080/app
I/APP     ( 4351): I 02/08/2013 17:41:08:461 000010ff         SplashScreen| DELAY for SplashScreen = 0
I/APP     ( 4351): I 02/08/2013 17:41:08:514 00001114         AppCallbacks| process command: APP-ACTIVATED
I/APP     ( 4351): I 02/08/2013 17:41:08:544 000010ff        GoogleWebView| Creating new RhoWebChromeClient
I/APP     ( 4351): I 02/08/2013 17:41:08:653 000010ff       SimpleMainView| Cleared URL: http://localhost:8080/app
I/APP     ( 4351): I 02/08/2013 17:41:08:753 00001116           HttpServer| Process URI: '/app/index_erb.iseq'
I/APP     ( 4351): I 02/08/2013 17:41:08:762 00001116                  APP| RHO serve_index: /app/index_erb.iseq
I/APP     ( 4351): I 02/08/2013 17:41:08:787 00001116 RHO Rho::RhoController| inst_render_index
V/SimpleMainView.View( 4351): ms[1360341668832]  Main Window :: onSizeChanged() old [ 480 x 652 ]  new [ 0 x 0 ]
I/APP     ( 4351): I 02/08/2013 17:41:08:927 000010ff        GoogleWebView| Setting RhoWebChromeClient
I/APP     ( 4351): I 02/08/2013 17:41:09:064 00001116 RHO Rho::RhoController| index layout
I/APP     ( 4351): I 02/08/2013 17:41:09:183 00001116           HttpServer| GC Start.
I/APP     ( 4351): I 02/08/2013 17:41:09:294 00001116           HttpServer| GC End.
I/APP     ( 4351): I 02/08/2013 17:41:09:334 00001116           HttpServer| Process URI: '/system/activateapp'
I/APP     ( 4351): I 02/08/2013 17:41:09:352 00001114         AppCallbacks| ThreadQueue blocked for 4294967295 seconds...
I/APP     ( 4351): E 02/08/2013 17:41:28:318 00001116           HttpServer| Connection gracefully closed before we send any data
I/APP     ( 4351): E 02/08/2013 17:41:28:319 00001116           HttpServer| Parsing error
I/APP     ( 4351): E 02/08/2013 17:41:28:368 00001116           HttpServer| Connection gracefully closed before we send any data
I/APP     ( 4351): E 02/08/2013 17:41:28:373 00001116           HttpServer| Parsing error
I/APP     ( 4351): E 02/08/2013 17:41:28:397 00001116           HttpServer| Connection gracefully closed before we send any data
I/APP     ( 4351): E 02/08/2013 17:41:28:402 00001116           HttpServer| Parsing error
I/APP     ( 4351): E 02/08/2013 17:41:28:428 00001116           HttpServer| Connection gracefully closed before we send any data
I/APP     ( 4351): E 02/08/2013 17:41:28:432 00001116           HttpServer| Parsing error
I/APP     ( 4351): E 02/08/2013 17:41:28:458 00001116           HttpServer| Connection gracefully closed before we send any data
I/APP     ( 4351): E 02/08/2013 17:41:28:476 00001116           HttpServer| Parsing error
I/APP     ( 4351): I 02/08/2013 17:41:28:482 00001116           HttpServer| Process URI: '/app'
I/APP     ( 4351): I 02/08/2013 17:41:28:555 000010ff     RhoWebViewClient| Loading URL: http://localhost:8080/app/index_erb.iseq
I/APP     ( 4351): I 02/08/2013 17:41:28:645 00001116           HttpServer| Process URI: '/app/index_erb.iseq'
I/APP     ( 4351): I 02/08/2013 17:41:28:663 00001116                  APP| RHO serve_index: /app/index_erb.iseq
I/APP     ( 4351): I 02/08/2013 17:41:28:669 00001116 RHO Rho::RhoController| inst_render_index
I/APP     ( 4351): I 02/08/2013 17:41:28:739 00001116 RHO Rho::RhoController| index layout
I/APP     ( 4351): I 02/08/2013 17:41:28:867 00001116           HttpServer| GC Start.
I/APP     ( 4351): I 02/08/2013 17:41:28:918 00001116           HttpServer| GC End.
I/APP     ( 4351): I 02/08/2013 17:41:29:182 00001116           HttpServer| Process URI: '/public/js/request.js'
I/APP     ( 4351): I 02/08/2013 17:41:29:297 00001116           HttpServer| Process URI: '/public/jquery/jquery-1.6.4.min.js'
I/APP     ( 4351): I 02/08/2013 17:41:29:414 00001116           HttpServer| Process URI: '/public/jquery/jquery.json-2.3.min.js'
I/APP     ( 4351): I 02/08/2013 17:41:29:464 00001116           HttpServer| Process URI: '/public/jqmobile/jquery.mobile-1.0.1.min.css'
I/APP     ( 4351): I 02/08/2013 17:41:29:578 00001116           HttpServer| Process URI: '/public/css/jqmobile-patch.css'
I/APP     ( 4351): I 02/08/2013 17:41:29:636 00001116           HttpServer| Process URI: '/public/jqmobile/jquery.mobile-1.0.1.min.js'
I/APP     ( 4351): I 02/08/2013 17:41:29:761 00001116           HttpServer| Process URI: '/public/js/jqmobile-patch.js'
I/APP     ( 4351): I 02/08/2013 17:41:29:836 00001116           HttpServer| Process URI: '/public/css/macotec_style.css'
I/APP     ( 4351): I 02/08/2013 17:41:32:893 00001116           HttpServer| Process URI: '/public/images/macotec/logo.png'
I/APP     ( 4351): I 02/08/2013 17:41:33:540 00001116           HttpServer| Process URI: '/public/images/macotec/request_top.png'
I/APP     ( 4351): I 02/08/2013 17:41:33:644 00001116           HttpServer| Process URI: '/public/images/macotec/contact_png.png'
I/APP     ( 4351): I 02/08/2013 17:41:33:700 00001116           HttpServer| Process URI: '/public/images/macotec/products_png.png'
I/APP     ( 4351): I 02/08/2013 17:41:33:735 00001116           HttpServer| Process URI: '/public/images/macotec/info_png.png'
I/APP     ( 4351): I 02/08/2013 17:41:35:332 00001116           HttpServer| Process URI: '/favicon.ico'
I/APP     ( 4351): E 02/08/2013 17:41:35:405 00001116           HttpServer| The file /favicon.ico was not found
I/APP     ( 4351): I 02/08/2013 17:41:38:073 00001116           HttpServer| Process URI: '/app/Request/request'
I/APP     ( 4351): I 02/08/2013 17:41:38:156 00001116                  APP| RHO serve: /app/Request/request
I/APP     ( 4351): I 02/08/2013 17:41:38:309 00001116              RhoRuby| require_compiled: Request/request_controller
I/APP     ( 4351): I 02/08/2013 17:41:38:675 00001116              RhoRuby| require_compiled: helpers/browser_helper
I/APP     ( 4351): I 02/08/2013 17:41:38:854 00001116              RhoRuby| require_compiled: time
I/APP     ( 4351): I 02/08/2013 17:41:39:417 00001116              RhoRuby| require_compiled: date/format
I/APP     ( 4351): I 02/08/2013 17:41:40:245 00001116              RhoRuby| require_compiled: date
I/APP     ( 4351): I 02/08/2013 17:41:40:291 00001116              RhoRuby| require_compiled: dateOrig
D/dalvikvm( 4351): GC_CONCURRENT freed 896K, 8% free 12502K/13575K, paused 7ms+5ms
D/webviewglue( 4351): nativeDestroy view: 0x290be0
I/APP     ( 4351): E 02/08/2013 17:41:40:688 00001116               RubyVM| lib/date.rb:14: warning: already initialized constant MONTHNAMES
I/APP     ( 4351): E 02/08/2013 17:41:40:692 00001116               RubyVM| lib/date.rb:15: warning: already initialized constant ABBR_MONTHNAMES
I/APP     ( 4351): E 02/08/2013 17:41:40:736 00001116               RubyVM| lib/date.rb:16: warning: already initialized constant DAYNAMES
I/APP     ( 4351): E 02/08/2013 17:41:40:762 00001116               RubyVM| lib/date.rb:17: warning: already initialized constant ABBR_DAYNAMES
I/APP     ( 4351): I 02/08/2013 17:41:40:769 00001116              RhoRuby| require_compiled: json
I/APP     ( 4351): I 02/08/2013 17:41:40:809 00001116              RhoRuby| require_compiled: json/common
I/APP     ( 4351): I 02/08/2013 17:41:40:889 00001116              RhoRuby| require_compiled: json/version
I/APP     ( 4351): I 02/08/2013 17:41:40:940 00001116              RhoRuby| require_compiled: json/pure
I/APP     ( 4351): I 02/08/2013 17:41:40:995 00001116              RhoRuby| require_compiled: json/pure/generator
I/APP     ( 4351): I 02/08/2013 17:41:41:117 00001116           HttpServer| GC Start.
I/APP     ( 4351): I 02/08/2013 17:41:41:235 00001116           HttpServer| GC End.
I/APP     ( 4351): I 02/08/2013 17:41:41:240 00001116           HttpServer| Process URI: '/favicon.ico'
I/APP     ( 4351): E 02/08/2013 17:41:41:303 00001116           HttpServer| The file /favicon.ico was not found
F/BatteryStatsImpl( 3361): problem reading network stats
F/BatteryStatsImpl( 3361): java.lang.IllegalStateException: problem parsing idx 1
F/BatteryStatsImpl( 3361): 	at com.android.internal.net.NetworkStatsFactory.readNetworkStatsDetail(NetworkStatsFactory.java:300)
F/BatteryStatsImpl( 3361): 	at com.android.internal.net.NetworkStatsFactory.readNetworkStatsDetail(NetworkStatsFactory.java:250)
F/BatteryStatsImpl( 3361): 	at com.android.internal.os.BatteryStatsImpl.getNetworkStatsDetailGroupedByUid(BatteryStatsImpl.java:5734)
F/BatteryStatsImpl( 3361): 	at com.android.internal.os.BatteryStatsImpl.access$100(BatteryStatsImpl.java:76)
F/BatteryStatsImpl( 3361): 	at com.android.internal.os.BatteryStatsImpl$Uid.computeCurrentTcpBytesReceived(BatteryStatsImpl.java:2457)
F/BatteryStatsImpl( 3361): 	at com.android.internal.os.BatteryStatsImpl$Uid.getTcpBytesReceived(BatteryStatsImpl.java:2446)
F/BatteryStatsImpl( 3361): 	at com.android.internal.os.BatteryStatsImpl.writeSummaryToParcel(BatteryStatsImpl.java:5437)
F/BatteryStatsImpl( 3361): 	at com.android.internal.os.BatteryStatsImpl.writeLocked(BatteryStatsImpl.java:4836)
F/BatteryStatsImpl( 3361): 	at com.android.internal.os.BatteryStatsImpl.writeAsyncLocked(BatteryStatsImpl.java:4818)
F/BatteryStatsImpl( 3361): 	at com.android.server.am.ActivityManagerService.updateCpuStatsNow(ActivityManagerService.java:1652)
F/BatteryStatsImpl( 3361): 	at com.android.server.am.ActivityManagerService$3.run(ActivityManagerService.java:1534)
F/BatteryStatsImpl( 3361): Caused by: java.io.FileNotFoundException: /proc/net/xt_qtaguid/stats: open failed: ENOENT (No such file or directory)
F/BatteryStatsImpl( 3361): 	at libcore.io.IoBridge.open(IoBridge.java:406)
F/BatteryStatsImpl( 3361): 	at java.io.FileInputStream.<init>(FileInputStream.java:78)
F/BatteryStatsImpl( 3361): 	at com.android.internal.net.NetworkStatsFactory.readNetworkStatsDetail(NetworkStatsFactory.java:269)
F/BatteryStatsImpl( 3361): 	... 10 more
F/BatteryStatsImpl( 3361): Caused by: libcore.io.ErrnoException: open failed: ENOENT (No such file or directory)
F/BatteryStatsImpl( 3361): 	at libcore.io.Posix.open(Native Method)
F/BatteryStatsImpl( 3361): 	at libcore.io.BlockGuardOs.open(BlockGuardOs.java:110)
F/BatteryStatsImpl( 3361): 	at libcore.io.IoBridge.open(IoBridge.java:390)
F/BatteryStatsImpl( 3361): 	... 12 more
I/APP     ( 4351): I 02/08/2013 17:42:50:419 00001116           HttpServer| Process URI: '/app/Request/request_rental'
I/APP     ( 4351): I 02/08/2013 17:42:50:425 00001116                  APP| RHO serve: /app/Request/request_rental
I/APP     ( 4351): I 02/08/2013 17:42:50:481 00001116                  APP| const_missing: Product
I/APP     ( 4351): I 02/08/2013 17:42:50:486 00001116                  APP| load_model: Product
I/APP     ( 4351): I 02/08/2013 17:42:50:514 00001116              RhoRuby| require_compiled: Product/product
I/APP     ( 4351): I 02/08/2013 17:42:50:602 00001116                  APP| model name: Product
I/APP     ( 4351): I 02/08/2013 17:42:50:609 00001116                  APP| model class found
I/APP     ( 4351): I 02/08/2013 17:42:50:635 00001116                  APP| Product : {"property"=>{}}
I/APP     ( 4351): I 02/08/2013 17:42:50:672 00001116                   DB| Open DB: /data/data/com.rhomobile.macotec/rhodata/db/syncdblocal.sqlite
I/APP     ( 4351): I 02/08/2013 17:42:50:704 00001116                  APP| init_db_sources
I/APP     ( 4351): I 02/08/2013 17:42:50:824 00001116                  APP| start_id: 40005
I/APP     ( 4351): I 02/08/2013 17:42:50:853 00001116                  APP| Migrate schema sources: {}
I/APP     ( 4351): I 02/08/2013 17:42:50:972 00001116           HttpServer| GC Start.
I/APP     ( 4351): I 02/08/2013 17:42:51:080 00001116           HttpServer| GC End.
I/APP     ( 4351): I 02/08/2013 17:42:51:146 00001116           HttpServer| Process URI: '/favicon.ico'
I/APP     ( 4351): E 02/08/2013 17:42:51:179 00001116           HttpServer| The file /favicon.ico was not found
W/ThrottleService( 3361): unable to find stats for iface rmnet0
I/APP     ( 4351): I 02/08/2013 17:45:44:813 00001116           HttpServer| Process URI: '/app/Request/request'
I/APP     ( 4351): I 02/08/2013 17:45:44:819 00001116                  APP| RHO serve: /app/Request/request
I/APP     ( 4351): I 02/08/2013 17:45:44:958 00001116           HttpServer| GC Start.
I/APP     ( 4351): I 02/08/2013 17:45:45:040 00001116           HttpServer| GC End.
I/APP     ( 4351): I 02/08/2013 17:45:45:495 00001116           HttpServer| Process URI: '/public/images/macotec/forklifter_full.png'
I/APP     ( 4351): I 02/08/2013 17:45:45:601 00001116           HttpServer| Process URI: '/public/images/macotec/request_contract.png'
I/APP     ( 4351): I 02/08/2013 17:45:45:759 00001116           HttpServer| Process URI: '/public/jqmobile/images/icons-36-white.png'
E/libEGL  ( 4351): call to OpenGL ES API with no current context (logged once per thread)
D/ShaderProgram( 4351): couldn't load the vertex shader!
E/libEGL  ( 4351): call to OpenGL ES API with no current context (logged once per thread)
D/ShaderProgram( 4351): couldn't load the vertex shader!
E/libEGL  ( 4351): call to OpenGL ES API with no current context (logged once per thread)
D/ShaderProgram( 4351): couldn't load the vertex shader!
E/libEGL  ( 4351): call to OpenGL ES API with no current context (logged once per thread)
D/ShaderProgram( 4351): couldn't load the vertex shader!
E/libEGL  ( 4351): call to OpenGL ES API with no current context (logged once per thread)
D/ShaderProgram( 4351): couldn't load the vertex shader!
D/dalvikvm( 3474): GC_CONCURRENT freed 383K, 6% free 9530K/10119K, paused 11ms+4ms
