I/ActivityThread(  946): Pub mms-sms: com.android.providers.telephony.MmsSmsProvider
D/dalvikvm(  287): GC_FOR_ALLOC freed 3K, 5% free 17545K/18311K, paused 200ms
D/dalvikvm(  946): GC_CONCURRENT freed 297K, 5% free 9277K/9671K, paused 4ms+74ms
W/ActivityManager(  154): Unable to start service Intent { act=com.android.internal.telephony.IWapPushManager }: not found
D/        (  946): [ApnContext] set reason as dataEnabled, for type default,current state IDLE
D/        (  946): [ApnContext] set reason as dataEnabled, for type mms,current state IDLE
D/        (  946): [ApnContext] set reason as dataEnabled, for type supl,current state IDLE
D/        (  946): [ApnContext] set reason as dataEnabled, for type hipri,current state IDLE
D/        (  946): [ApnContext] set reason as dataEnabled, for type fota,current state IDLE
D/        (  946): [ApnContext] set reason as dataEnabled, for type ims,current state IDLE
D/        (  946): [ApnContext] set reason as dataEnabled, for type cbs,current state IDLE
D/CAT     (  946): CatService: Running CAT service. STK app installed:false
D/CAT     (  946): CatService: NEW sInstance
D/CallManager(  946): registerPhone(GSM Handler (com.android.internal.telephony.PhoneProxy) {41312e40})
W/ActivityManager(  154): Unable to start service Intent { act=com.android.ussd.IExtendedNetworkService }: not found
D/dalvikvm(  946): GC_CONCURRENT freed 349K, 5% free 9390K/9863K, paused 4ms+4ms
D/dalvikvm(  287): GC_FOR_ALLOC freed 1872K, 11% free 17417K/19527K, paused 371ms
D/CAT     (  946): CatService: SIM ready. Reporting STK service running now...
F/NetworkStats(  154): problem reading network stats
F/NetworkStats(  154): java.lang.IllegalStateException: problem parsing idx 1
F/NetworkStats(  154): 	at com.android.internal.net.NetworkStatsFactory.readNetworkStatsDetail(NetworkStatsFactory.java:300)
F/NetworkStats(  154): 	at com.android.server.NetworkManagementService.getNetworkStatsUidDetail(NetworkManagementService.java:1282)
F/NetworkStats(  154): 	at com.android.server.net.NetworkStatsService.performPollLocked(NetworkStatsService.java:831)
F/NetworkStats(  154): 	at com.android.server.net.NetworkStatsService.updateIfacesLocked(NetworkStatsService.java:743)
F/NetworkStats(  154): 	at com.android.server.net.NetworkStatsService.updateIfaces(NetworkStatsService.java:721)
F/NetworkStats(  154): 	at com.android.server.net.NetworkStatsService.access$000(NetworkStatsService.java:128)
F/NetworkStats(  154): 	at com.android.server.net.NetworkStatsService$8.handleMessage(NetworkStatsService.java:1633)
F/NetworkStats(  154): 	at android.os.Handler.dispatchMessage(Handler.java:95)
F/NetworkStats(  154): 	at android.os.Looper.loop(Looper.java:137)
F/NetworkStats(  154): 	at android.os.HandlerThread.run(HandlerThread.java:60)
F/NetworkStats(  154): Caused by: java.io.FileNotFoundException: /proc/net/xt_qtaguid/stats: open failed: ENOENT (No such file or directory)
F/NetworkStats(  154): 	at libcore.io.IoBridge.open(IoBridge.java:406)
F/NetworkStats(  154): 	at java.io.FileInputStream.<init>(FileInputStream.java:78)
F/NetworkStats(  154): 	at com.android.internal.net.NetworkStatsFactory.readNetworkStatsDetail(NetworkStatsFactory.java:269)
F/NetworkStats(  154): 	... 9 more
F/NetworkStats(  154): Caused by: libcore.io.ErrnoException: open failed: ENOENT (No such file or directory)
F/NetworkStats(  154): 	at libcore.io.Posix.open(Native Method)
F/NetworkStats(  154): 	at libcore.io.BlockGuardOs.open(BlockGuardOs.java:110)
F/NetworkStats(  154): 	at libcore.io.IoBridge.open(IoBridge.java:390)
F/NetworkStats(  154): 	... 11 more
D/MccTable(  946): updateMccMncConfiguration: mcc=310, mnc=260
D/MccTable(  946): locale set to en_us
D/MccTable(  946): WIFI_COUNTRY_CODE set to us
I/WifiService(  154): WifiService trying to set country code to us with persist set to true
F/NetworkStats(  154): problem reading network stats
F/NetworkStats(  154): java.lang.IllegalStateException: problem parsing idx 1
F/NetworkStats(  154): 	at com.android.internal.net.NetworkStatsFactory.readNetworkStatsDetail(NetworkStatsFactory.java:300)
F/NetworkStats(  154): 	at com.android.server.NetworkManagementService.getNetworkStatsUidDetail(NetworkManagementService.java:1282)
F/NetworkStats(  154): 	at com.android.server.net.NetworkStatsService.performPollLocked(NetworkStatsService.java:831)
F/NetworkStats(  154): 	at com.android.server.net.NetworkStatsService.updateIfacesLocked(NetworkStatsService.java:743)
F/NetworkStats(  154): 	at com.android.server.net.NetworkStatsService.updateIfaces(NetworkStatsService.java:721)
F/NetworkStats(  154): 	at com.android.server.net.NetworkStatsService.access$000(NetworkStatsService.java:128)
F/NetworkStats(  154): 	at com.android.server.net.NetworkStatsService$8.handleMessage(NetworkStatsService.java:1633)
F/NetworkStats(  154): 	at android.os.Handler.dispatchMessage(Handler.java:95)
F/NetworkStats(  154): 	at android.os.Looper.loop(Looper.java:137)
F/NetworkStats(  154): 	at android.os.HandlerThread.run(HandlerThread.java:60)
F/NetworkStats(  154): Caused by: java.io.FileNotFoundException: /proc/net/xt_qtaguid/stats: open failed: ENOENT (No such file or directory)
F/NetworkStats(  154): 	at libcore.io.IoBridge.open(IoBridge.java:406)
F/NetworkStats(  154): 	at java.io.FileInputStream.<init>(FileInputStream.java:78)
F/NetworkStats(  154): 	at com.android.internal.net.NetworkStatsFactory.readNetworkStatsDetail(NetworkStatsFactory.java:269)
F/NetworkStats(  154): 	... 9 more
F/NetworkStats(  154): Caused by: libcore.io.ErrnoException: open failed: ENOENT (No such file or directory)
F/NetworkStats(  154): 	at libcore.io.Posix.open(Native Method)
F/NetworkStats(  154): 	at libcore.io.BlockGuardOs.open(BlockGuardOs.java:110)
F/NetworkStats(  154): 	at libcore.io.IoBridge.open(IoBridge.java:390)
F/NetworkStats(  154): 	... 11 more
D/dalvikvm(  946): GC_CONCURRENT freed 389K, 5% free 9567K/10055K, paused 4ms+4ms
I/SqliteDatabaseCpp(  946): sqlite returned: error code = 1, msg = duplicate column name: protocol, db=/data/data/com.android.providers.telephony/databases/telephony.db
E/SQLiteOpenHelper(  946): Couldn't open telephony.db for writing (will try read-only):
E/SQLiteOpenHelper(  946): android.database.sqlite.SQLiteException: duplicate column name: protocol: , while compiling: ALTER TABLE carriers ADD COLUMN protocol TEXT DEFAULT IP;
E/SQLiteOpenHelper(  946): 	at android.database.sqlite.SQLiteCompiledSql.native_compile(Native Method)
E/SQLiteOpenHelper(  946): 	at android.database.sqlite.SQLiteCompiledSql.<init>(SQLiteCompiledSql.java:68)
E/SQLiteOpenHelper(  946): 	at android.database.sqlite.SQLiteProgram.compileSql(SQLiteProgram.java:134)
E/SQLiteOpenHelper(  946): 	at android.database.sqlite.SQLiteProgram.compileAndbindAllArgs(SQLiteProgram.java:361)
E/SQLiteOpenHelper(  946): 	at android.database.sqlite.SQLiteStatement.acquireAndLock(SQLiteStatement.java:260)
E/SQLiteOpenHelper(  946): 	at android.database.sqlite.SQLiteStatement.executeUpdateDelete(SQLiteStatement.java:84)
E/SQLiteOpenHelper(  946): 	at android.database.sqlite.SQLiteDatabase.executeSql(SQLiteDatabase.java:1899)
E/SQLiteOpenHelper(  946): 	at android.database.sqlite.SQLiteDatabase.execSQL(SQLiteDatabase.java:1839)
E/SQLiteOpenHelper(  946): 	at com.android.providers.telephony.TelephonyProvider$DatabaseHelper.onUpgrade(TelephonyProvider.java:219)
E/SQLiteOpenHelper(  946): 	at android.database.sqlite.SQLiteOpenHelper.getWritableDatabase(SQLiteOpenHelper.java:170)
E/SQLiteOpenHelper(  946): 	at android.database.sqlite.SQLiteOpenHelper.getReadableDatabase(SQLiteOpenHelper.java:231)
E/SQLiteOpenHelper(  946): 	at com.android.providers.telephony.TelephonyProvider.query(TelephonyProvider.java:460)
E/SQLiteOpenHelper(  946): 	at android.content.ContentProvider$Transport.query(ContentProvider.java:178)
E/SQLiteOpenHelper(  946): 	at android.content.ContentResolver.query(ContentResolver.java:311)
E/SQLiteOpenHelper(  946): 	at com.android.internal.telephony.gsm.GsmDataConnectionTracker.createAllApnList(GsmDataConnectionTracker.java:2202)
E/SQLiteOpenHelper(  946): 	at com.android.internal.telephony.gsm.GsmDataConnectionTracker.onRecordsLoaded(GsmDataConnectionTracker.java:1724)
E/SQLiteOpenHelper(  946): 	at com.android.internal.telephony.gsm.GsmDataConnectionTracker.handleMessage(GsmDataConnectionTracker.java:2429)
E/SQLiteOpenHelper(  946): 	at android.os.Handler.dispatchMessage(Handler.java:99)
E/SQLiteOpenHelper(  946): 	at android.os.Looper.loop(Looper.java:137)
E/SQLiteOpenHelper(  946): 	at android.app.ActivityThread.main(ActivityThread.java:4424)
E/SQLiteOpenHelper(  946): 	at java.lang.reflect.Method.invokeNative(Native Method)
E/SQLiteOpenHelper(  946): 	at java.lang.reflect.Method.invoke(Method.java:511)
E/SQLiteOpenHelper(  946): 	at com.android.internal.os.ZygoteInit$MethodAndArgsCaller.run(ZygoteInit.java:784)
E/SQLiteOpenHelper(  946): 	at com.android.internal.os.ZygoteInit.main(ZygoteInit.java:551)
E/SQLiteOpenHelper(  946): 	at dalvik.system.NativeStart.main(Native Method)
D/AndroidRuntime(  946): Shutting down VM
W/dalvikvm(  946): threadid=1: thread exiting with uncaught exception (group=0x409c01f8)
D/dalvikvm(  154): GC_CONCURRENT freed 632K, 7% free 11789K/12615K, paused 5ms+17ms
E/AndroidRuntime(  946): FATAL EXCEPTION: main
E/AndroidRuntime(  946): android.database.sqlite.SQLiteException: Can't upgrade read-only database from version 327686 to 458759: /data/data/com.android.providers.telephony/databases/telephony.db
E/AndroidRuntime(  946): 	at android.database.sqlite.SQLiteOpenHelper.getReadableDatabase(SQLiteOpenHelper.java:244)
E/AndroidRuntime(  946): 	at com.android.providers.telephony.TelephonyProvider.query(TelephonyProvider.java:460)
E/AndroidRuntime(  946): 	at android.content.ContentProvider$Transport.query(ContentProvider.java:178)
E/AndroidRuntime(  946): 	at android.content.ContentResolver.query(ContentResolver.java:311)
E/AndroidRuntime(  946): 	at com.android.internal.telephony.gsm.GsmDataConnectionTracker.createAllApnList(GsmDataConnectionTracker.java:2202)
E/AndroidRuntime(  946): 	at com.android.internal.telephony.gsm.GsmDataConnectionTracker.onRecordsLoaded(GsmDataConnectionTracker.java:1724)
E/AndroidRuntime(  946): 	at com.android.internal.telephony.gsm.GsmDataConnectionTracker.handleMessage(GsmDataConnectionTracker.java:2429)
E/AndroidRuntime(  946): 	at android.os.Handler.dispatchMessage(Handler.java:99)
E/AndroidRuntime(  946): 	at android.os.Looper.loop(Looper.java:137)
E/AndroidRuntime(  946): 	at android.app.ActivityThread.main(ActivityThread.java:4424)
E/AndroidRuntime(  946): 	at java.lang.reflect.Method.invokeNative(Native Method)
E/AndroidRuntime(  946): 	at java.lang.reflect.Method.invoke(Method.java:511)
E/AndroidRuntime(  946): 	at com.android.internal.os.ZygoteInit$MethodAndArgsCaller.run(ZygoteInit.java:784)
E/AndroidRuntime(  946): 	at com.android.internal.os.ZygoteInit.main(ZygoteInit.java:551)
E/AndroidRuntime(  946): 	at dalvik.system.NativeStart.main(Native Method)
W/ActivityManager(  154): Process com.android.phone has crashed too many times: killing!
D/dalvikvm(  287): GC_FOR_ALLOC freed 2547K, 15% free 16749K/19527K, paused 51ms
D/dalvikvm(  287): GC_CONCURRENT freed 1430K, 12% free 17348K/19527K, paused 7ms+10ms
I/Process (  946): Sending signal. PID: 946 SIG: 9
I/ServiceManager(   30): service 'isms' died
I/ServiceManager(   30): service 'phone' died
I/ServiceManager(   30): service 'simphonebook' died
I/ServiceManager(   30): service 'iphonesubinfo' died
I/ActivityManager(  154): Process com.android.phone (pid 946) has died.
I/ActivityManager(  154): Start proc com.android.phone for restart com.android.phone: pid=974 uid=1001 gids={3002, 3001, 3003, 1015}
W/InputManagerService(  154): Window already focused, ignoring focus gain of: com.android.internal.view.IInputMethodClient$Stub$Proxy@41483f30
I/ActivityThread(  974): Pub mms: com.android.providers.telephony.MmsProvider
I/ActivityThread(  974): Pub sms: com.android.providers.telephony.SmsProvider
I/ActivityThread(  974): Pub telephony: com.android.providers.telephony.TelephonyProvider
W/TelephonyProvider(  974): onCreate: confFile=/system/etc/apns-conf.xml oldCheckSum=-1
I/ActivityThread(  974): Pub icc: com.android.phone.IccProvider
I/ActivityThread(  974): Pub mms-sms: com.android.providers.telephony.MmsSmsProvider
D/dalvikvm(  974): GC_CONCURRENT freed 271K, 5% free 9282K/9671K, paused 14ms+15ms
D/dalvikvm(  154): GC_EXPLICIT freed 136K, 7% free 11761K/12615K, paused 5ms+9ms
W/ActivityManager(  154): Unable to start service Intent { act=com.android.internal.telephony.IWapPushManager }: not found
D/        (  974): [ApnContext] set reason as dataEnabled, for type default,current state IDLE
D/        (  974): [ApnContext] set reason as dataEnabled, for type mms,current state IDLE
D/        (  974): [ApnContext] set reason as dataEnabled, for type supl,current state IDLE
D/        (  974): [ApnContext] set reason as dataEnabled, for type hipri,current state IDLE
D/        (  974): [ApnContext] set reason as dataEnabled, for type fota,current state IDLE
D/        (  974): [ApnContext] set reason as dataEnabled, for type ims,current state IDLE
D/        (  974): [ApnContext] set reason as dataEnabled, for type cbs,current state IDLE
D/CAT     (  974): CatService: Running CAT service. STK app installed:false
D/CAT     (  974): CatService: NEW sInstance
D/CallManager(  974): registerPhone(GSM Handler (com.android.internal.telephony.PhoneProxy) {41313c28})
W/ActivityManager(  154): Unable to start service Intent { act=com.android.ussd.IExtendedNetworkService }: not found
D/dalvikvm(  974): GC_CONCURRENT freed 343K, 5% free 9407K/9863K, paused 4ms+4ms
D/CAT     (  974): CatService: SIM ready. Reporting STK service running now...
F/NetworkStats(  154): problem reading network stats
F/NetworkStats(  154): java.lang.IllegalStateException: problem parsing idx 1
F/NetworkStats(  154): 	at com.android.internal.net.NetworkStatsFactory.readNetworkStatsDetail(NetworkStatsFactory.java:300)
F/NetworkStats(  154): 	at com.android.server.NetworkManagementService.getNetworkStatsUidDetail(NetworkManagementService.java:1282)
F/NetworkStats(  154): 	at com.android.server.net.NetworkStatsService.performPollLocked(NetworkStatsService.java:831)
F/NetworkStats(  154): 	at com.android.server.net.NetworkStatsService.updateIfacesLocked(NetworkStatsService.java:743)
F/NetworkStats(  154): 	at com.android.server.net.NetworkStatsService.updateIfaces(NetworkStatsService.java:721)
F/NetworkStats(  154): 	at com.android.server.net.NetworkStatsService.access$000(NetworkStatsService.java:128)
F/NetworkStats(  154): 	at com.android.server.net.NetworkStatsService$8.handleMessage(NetworkStatsService.java:1633)
F/NetworkStats(  154): 	at android.os.Handler.dispatchMessage(Handler.java:95)
F/NetworkStats(  154): 	at android.os.Looper.loop(Looper.java:137)
F/NetworkStats(  154): 	at android.os.HandlerThread.run(HandlerThread.java:60)
F/NetworkStats(  154): Caused by: java.io.FileNotFoundException: /proc/net/xt_qtaguid/stats: open failed: ENOENT (No such file or directory)
F/NetworkStats(  154): 	at libcore.io.IoBridge.open(IoBridge.java:406)
F/NetworkStats(  154): 	at java.io.FileInputStream.<init>(FileInputStream.java:78)
F/NetworkStats(  154): 	at com.android.internal.net.NetworkStatsFactory.readNetworkStatsDetail(NetworkStatsFactory.java:269)
F/NetworkStats(  154): 	... 9 more
F/NetworkStats(  154): Caused by: libcore.io.ErrnoException: open failed: ENOENT (No such file or directory)
F/NetworkStats(  154): 	at libcore.io.Posix.open(Native Method)
F/NetworkStats(  154): 	at libcore.io.BlockGuardOs.open(BlockGuardOs.java:110)
F/NetworkStats(  154): 	at libcore.io.IoBridge.open(IoBridge.java:390)
F/NetworkStats(  154): 	... 11 more
D/MccTable(  974): updateMccMncConfiguration: mcc=310, mnc=260
D/MccTable(  974): locale set to en_us
D/MccTable(  974): WIFI_COUNTRY_CODE set to us
I/WifiService(  154): WifiService trying to set country code to us with persist set to true
D/dalvikvm(  974): GC_CONCURRENT freed 396K, 5% free 9557K/10055K, paused 14ms+4ms
I/SqliteDatabaseCpp(  974): sqlite returned: error code = 1, msg = duplicate column name: protocol, db=/data/data/com.android.providers.telephony/databases/telephony.db
E/SQLiteOpenHelper(  974): Couldn't open telephony.db for writing (will try read-only):
E/SQLiteOpenHelper(  974): android.database.sqlite.SQLiteException: duplicate column name: protocol: , while compiling: ALTER TABLE carriers ADD COLUMN protocol TEXT DEFAULT IP;
E/SQLiteOpenHelper(  974): 	at android.database.sqlite.SQLiteCompiledSql.native_compile(Native Method)
E/SQLiteOpenHelper(  974): 	at android.database.sqlite.SQLiteCompiledSql.<init>(SQLiteCompiledSql.java:68)
E/SQLiteOpenHelper(  974): 	at android.database.sqlite.SQLiteProgram.compileSql(SQLiteProgram.java:134)
E/SQLiteOpenHelper(  974): 	at android.database.sqlite.SQLiteProgram.compileAndbindAllArgs(SQLiteProgram.java:361)
E/SQLiteOpenHelper(  974): 	at android.database.sqlite.SQLiteStatement.acquireAndLock(SQLiteStatement.java:260)
E/SQLiteOpenHelper(  974): 	at android.database.sqlite.SQLiteStatement.executeUpdateDelete(SQLiteStatement.java:84)
E/SQLiteOpenHelper(  974): 	at android.database.sqlite.SQLiteDatabase.executeSql(SQLiteDatabase.java:1899)
E/SQLiteOpenHelper(  974): 	at android.database.sqlite.SQLiteDatabase.execSQL(SQLiteDatabase.java:1839)
E/SQLiteOpenHelper(  974): 	at com.android.providers.telephony.TelephonyProvider$DatabaseHelper.onUpgrade(TelephonyProvider.java:219)
E/SQLiteOpenHelper(  974): 	at android.database.sqlite.SQLiteOpenHelper.getWritableDatabase(SQLiteOpenHelper.java:170)
E/SQLiteOpenHelper(  974): 	at android.database.sqlite.SQLiteOpenHelper.getReadableDatabase(SQLiteOpenHelper.java:231)
E/SQLiteOpenHelper(  974): 	at com.android.providers.telephony.TelephonyProvider.query(TelephonyProvider.java:460)
E/SQLiteOpenHelper(  974): 	at android.content.ContentProvider$Transport.query(ContentProvider.java:178)
E/SQLiteOpenHelper(  974): 	at android.content.ContentResolver.query(ContentResolver.java:311)
E/SQLiteOpenHelper(  974): 	at com.android.internal.telephony.gsm.GsmDataConnectionTracker.createAllApnList(GsmDataConnectionTracker.java:2202)
E/SQLiteOpenHelper(  974): 	at com.android.internal.telephony.gsm.GsmDataConnectionTracker.onRecordsLoaded(GsmDataConnectionTracker.java:1724)
E/SQLiteOpenHelper(  974): 	at com.android.internal.telephony.gsm.GsmDataConnectionTracker.handleMessage(GsmDataConnectionTracker.java:2429)
E/SQLiteOpenHelper(  974): 	at android.os.Handler.dispatchMessage(Handler.java:99)
E/SQLiteOpenHelper(  974): 	at android.os.Looper.loop(Looper.java:137)
E/SQLiteOpenHelper(  974): 	at android.app.ActivityThread.main(ActivityThread.java:4424)
E/SQLiteOpenHelper(  974): 	at java.lang.reflect.Method.invokeNative(Native Method)
E/SQLiteOpenHelper(  974): 	at java.lang.reflect.Method.invoke(Method.java:511)
E/SQLiteOpenHelper(  974): 	at com.android.internal.os.ZygoteInit$MethodAndArgsCaller.run(ZygoteInit.java:784)
E/SQLiteOpenHelper(  974): 	at com.android.internal.os.ZygoteInit.main(ZygoteInit.java:551)
E/SQLiteOpenHelper(  974): 	at dalvik.system.NativeStart.main(Native Method)
D/AndroidRuntime(  974): Shutting down VM
W/dalvikvm(  974): threadid=1: thread exiting with uncaught exception (group=0x409c01f8)
E/AndroidRuntime(  974): FATAL EXCEPTION: main
E/AndroidRuntime(  974): android.database.sqlite.SQLiteException: Can't upgrade read-only database from version 327686 to 458759: /data/data/com.android.providers.telephony/databases/telephony.db
E/AndroidRuntime(  974): 	at android.database.sqlite.SQLiteOpenHelper.getReadableDatabase(SQLiteOpenHelper.java:244)
E/AndroidRuntime(  974): 	at com.android.providers.telephony.TelephonyProvider.query(TelephonyProvider.java:460)
E/AndroidRuntime(  974): 	at android.content.ContentProvider$Transport.query(ContentProvider.java:178)
E/AndroidRuntime(  974): 	at android.content.ContentResolver.query(ContentResolver.java:311)
E/AndroidRuntime(  974): 	at com.android.internal.telephony.gsm.GsmDataConnectionTracker.createAllApnList(GsmDataConnectionTracker.java:2202)
E/AndroidRuntime(  974): 	at com.android.internal.telephony.gsm.GsmDataConnectionTracker.onRecordsLoaded(GsmDataConnectionTracker.java:1724)
E/AndroidRuntime(  974): 	at com.android.internal.telephony.gsm.GsmDataConnectionTracker.handleMessage(GsmDataConnectionTracker.java:2429)
E/AndroidRuntime(  974): 	at android.os.Handler.dispatchMessage(Handler.java:99)
E/AndroidRuntime(  974): 	at android.os.Looper.loop(Looper.java:137)
E/AndroidRuntime(  974): 	at android.app.ActivityThread.main(ActivityThread.java:4424)
E/AndroidRuntime(  974): 	at java.lang.reflect.Method.invokeNative(Native Method)
E/AndroidRuntime(  974): 	at java.lang.reflect.Method.invoke(Method.java:511)
E/AndroidRuntime(  974): 	at com.android.internal.os.ZygoteInit$MethodAndArgsCaller.run(ZygoteInit.java:784)
E/AndroidRuntime(  974): 	at com.android.internal.os.ZygoteInit.main(ZygoteInit.java:551)
E/AndroidRuntime(  974): 	at dalvik.system.NativeStart.main(Native Method)
W/ActivityManager(  154): Process com.android.phone has crashed too many times: killing!
F/NetworkStats(  154): problem reading network stats
F/NetworkStats(  154): java.lang.IllegalStateException: problem parsing idx 1
F/NetworkStats(  154): 	at com.android.internal.net.NetworkStatsFactory.readNetworkStatsDetail(NetworkStatsFactory.java:300)
F/NetworkStats(  154): 	at com.android.server.NetworkManagementService.getNetworkStatsUidDetail(NetworkManagementService.java:1282)
F/NetworkStats(  154): 	at com.android.server.net.NetworkStatsService.performPollLocked(NetworkStatsService.java:831)
F/NetworkStats(  154): 	at com.android.server.net.NetworkStatsService.updateIfacesLocked(NetworkStatsService.java:743)
F/NetworkStats(  154): 	at com.android.server.net.NetworkStatsService.updateIfaces(NetworkStatsService.java:721)
F/NetworkStats(  154): 	at com.android.server.net.NetworkStatsService.access$000(NetworkStatsService.java:128)
F/NetworkStats(  154): 	at com.android.server.net.NetworkStatsService$8.handleMessage(NetworkStatsService.java:1633)
F/NetworkStats(  154): 	at android.os.Handler.dispatchMessage(Handler.java:95)
F/NetworkStats(  154): 	at android.os.Looper.loop(Looper.java:137)
F/NetworkStats(  154): 	at android.os.HandlerThread.run(HandlerThread.java:60)
F/NetworkStats(  154): Caused by: java.io.FileNotFoundException: /proc/net/xt_qtaguid/stats: open failed: ENOENT (No such file or directory)
F/NetworkStats(  154): 	at libcore.io.IoBridge.open(IoBridge.java:406)
F/NetworkStats(  154): 	at java.io.FileInputStream.<init>(FileInputStream.java:78)
F/NetworkStats(  154): 	at com.android.internal.net.NetworkStatsFactory.readNetworkStatsDetail(NetworkStatsFactory.java:269)
F/NetworkStats(  154): 	... 9 more
F/NetworkStats(  154): Caused by: libcore.io.ErrnoException: open failed: ENOENT (No such file or directory)
F/NetworkStats(  154): 	at libcore.io.Posix.open(Native Method)
F/NetworkStats(  154): 	at libcore.io.BlockGuardOs.open(BlockGuardOs.java:110)
F/NetworkStats(  154): 	at libcore.io.IoBridge.open(IoBridge.java:390)
F/NetworkStats(  154): 	... 11 more
D/dalvikvm(  154): GC_CONCURRENT freed 504K, 6% free 11860K/12615K, paused 22ms+11ms
I/Process (  974): Sending signal. PID: 974 SIG: 9
I/ActivityManager(  154): Process com.android.phone (pid 974) has died.
I/ServiceManager(   30): service 'iphonesubinfo' died
I/ServiceManager(   30): service 'phone' died
I/ServiceManager(   30): service 'simphonebook' died
I/ServiceManager(   30): service 'isms' died
I/ActivityManager(  154): Start proc com.android.phone for restart com.android.phone: pid=998 uid=1001 gids={3002, 3001, 3003, 1015}
W/InputManagerService(  154): Window already focused, ignoring focus gain of: com.android.internal.view.IInputMethodClient$Stub$Proxy@414a8270
I/ActivityThread(  998): Pub mms: com.android.providers.telephony.MmsProvider
I/ActivityThread(  998): Pub sms: com.android.providers.telephony.SmsProvider
I/ActivityThread(  998): Pub telephony: com.android.providers.telephony.TelephonyProvider
W/TelephonyProvider(  998): onCreate: confFile=/system/etc/apns-conf.xml oldCheckSum=-1
I/ActivityThread(  998): Pub icc: com.android.phone.IccProvider
I/ActivityThread(  998): Pub mms-sms: com.android.providers.telephony.MmsSmsProvider
W/ActivityManager(  154): Unable to start service Intent { act=com.android.internal.telephony.IWapPushManager }: not found
D/dalvikvm(  998): GC_CONCURRENT freed 275K, 4% free 9299K/9671K, paused 12ms+7ms
D/        (  998): [ApnContext] set reason as dataEnabled, for type default,current state IDLE
D/        (  998): [ApnContext] set reason as dataEnabled, for type mms,current state IDLE
D/        (  998): [ApnContext] set reason as dataEnabled, for type supl,current state IDLE
D/        (  998): [ApnContext] set reason as dataEnabled, for type hipri,current state IDLE
D/        (  998): [ApnContext] set reason as dataEnabled, for type fota,current state IDLE
D/        (  998): [ApnContext] set reason as dataEnabled, for type ims,current state IDLE
D/        (  998): [ApnContext] set reason as dataEnabled, for type cbs,current state IDLE
D/CAT     (  998): CatService: Running CAT service. STK app installed:false
D/CAT     (  998): CatService: NEW sInstance
D/CallManager(  998): registerPhone(GSM Handler (com.android.internal.telephony.PhoneProxy) {41314a10})
W/ActivityManager(  154): Unable to start service Intent { act=com.android.ussd.IExtendedNetworkService }: not found
D/dalvikvm(  998): GC_CONCURRENT freed 357K, 5% free 9392K/9863K, paused 3ms+4ms
D/CAT     (  998): CatService: SIM ready. Reporting STK service running now...
F/NetworkStats(  154): problem reading network stats
F/NetworkStats(  154): java.lang.IllegalStateException: problem parsing idx 1
F/NetworkStats(  154): 	at com.android.internal.net.NetworkStatsFactory.readNetworkStatsDetail(NetworkStatsFactory.java:300)
F/NetworkStats(  154): 	at com.android.server.NetworkManagementService.getNetworkStatsUidDetail(NetworkManagementService.java:1282)
F/NetworkStats(  154): 	at com.android.server.net.NetworkStatsService.performPollLocked(NetworkStatsService.java:831)
F/NetworkStats(  154): 	at com.android.server.net.NetworkStatsService.updateIfacesLocked(NetworkStatsService.java:743)
F/NetworkStats(  154): 	at com.android.server.net.NetworkStatsService.updateIfaces(NetworkStatsService.java:721)
F/NetworkStats(  154): 	at com.android.server.net.NetworkStatsService.access$000(NetworkStatsService.java:128)
F/NetworkStats(  154): 	at com.android.server.net.NetworkStatsService$8.handleMessage(NetworkStatsService.java:1633)
F/NetworkStats(  154): 	at android.os.Handler.dispatchMessage(Handler.java:95)
F/NetworkStats(  154): 	at android.os.Looper.loop(Looper.java:137)
F/NetworkStats(  154): 	at android.os.HandlerThread.run(HandlerThread.java:60)
F/NetworkStats(  154): Caused by: java.io.FileNotFoundException: /proc/net/xt_qtaguid/stats: open failed: ENOENT (No such file or directory)
F/NetworkStats(  154): 	at libcore.io.IoBridge.open(IoBridge.java:406)
F/NetworkStats(  154): 	at java.io.FileInputStream.<init>(FileInputStream.java:78)
F/NetworkStats(  154): 	at com.android.internal.net.NetworkStatsFactory.readNetworkStatsDetail(NetworkStatsFactory.java:269)
F/NetworkStats(  154): 	... 9 more
F/NetworkStats(  154): Caused by: libcore.io.ErrnoException: open failed: ENOENT (No such file or directory)
F/NetworkStats(  154): 	at libcore.io.Posix.open(Native Method)
F/NetworkStats(  154): 	at libcore.io.BlockGuardOs.open(BlockGuardOs.java:110)
F/NetworkStats(  154): 	at libcore.io.IoBridge.open(IoBridge.java:390)
F/NetworkStats(  154): 	... 11 more
D/MccTable(  998): updateMccMncConfiguration: mcc=310, mnc=260
D/MccTable(  998): locale set to en_us
D/MccTable(  998): WIFI_COUNTRY_CODE set to us
I/WifiService(  154): WifiService trying to set country code to us with persist set to true
D/dalvikvm(  998): GC_CONCURRENT freed 397K, 5% free 9559K/10055K, paused 7ms+5ms
I/SqliteDatabaseCpp(  998): sqlite returned: error code = 1, msg = duplicate column name: protocol, db=/data/data/com.android.providers.telephony/databases/telephony.db
E/SQLiteOpenHelper(  998): Couldn't open telephony.db for writing (will try read-only):
E/SQLiteOpenHelper(  998): android.database.sqlite.SQLiteException: duplicate column name: protocol: , while compiling: ALTER TABLE carriers ADD COLUMN protocol TEXT DEFAULT IP;
E/SQLiteOpenHelper(  998): 	at android.database.sqlite.SQLiteCompiledSql.native_compile(Native Method)
E/SQLiteOpenHelper(  998): 	at android.database.sqlite.SQLiteCompiledSql.<init>(SQLiteCompiledSql.java:68)
E/SQLiteOpenHelper(  998): 	at android.database.sqlite.SQLiteProgram.compileSql(SQLiteProgram.java:134)
E/SQLiteOpenHelper(  998): 	at android.database.sqlite.SQLiteProgram.compileAndbindAllArgs(SQLiteProgram.java:361)
E/SQLiteOpenHelper(  998): 	at android.database.sqlite.SQLiteStatement.acquireAndLock(SQLiteStatement.java:260)
E/SQLiteOpenHelper(  998): 	at android.database.sqlite.SQLiteStatement.executeUpdateDelete(SQLiteStatement.java:84)
E/SQLiteOpenHelper(  998): 	at android.database.sqlite.SQLiteDatabase.executeSql(SQLiteDatabase.java:1899)
E/SQLiteOpenHelper(  998): 	at android.database.sqlite.SQLiteDatabase.execSQL(SQLiteDatabase.java:1839)
E/SQLiteOpenHelper(  998): 	at com.android.providers.telephony.TelephonyProvider$DatabaseHelper.onUpgrade(TelephonyProvider.java:219)
E/SQLiteOpenHelper(  998): 	at android.database.sqlite.SQLiteOpenHelper.getWritableDatabase(SQLiteOpenHelper.java:170)
E/SQLiteOpenHelper(  998): 	at android.database.sqlite.SQLiteOpenHelper.getReadableDatabase(SQLiteOpenHelper.java:231)
E/SQLiteOpenHelper(  998): 	at com.android.providers.telephony.TelephonyProvider.query(TelephonyProvider.java:460)
E/SQLiteOpenHelper(  998): 	at android.content.ContentProvider$Transport.query(ContentProvider.java:178)
E/SQLiteOpenHelper(  998): 	at android.content.ContentResolver.query(ContentResolver.java:311)
E/SQLiteOpenHelper(  998): 	at com.android.internal.telephony.gsm.GsmDataConnectionTracker.createAllApnList(GsmDataConnectionTracker.java:2202)
E/SQLiteOpenHelper(  998): 	at com.android.internal.telephony.gsm.GsmDataConnectionTracker.onRecordsLoaded(GsmDataConnectionTracker.java:1724)
E/SQLiteOpenHelper(  998): 	at com.android.internal.telephony.gsm.GsmDataConnectionTracker.handleMessage(GsmDataConnectionTracker.java:2429)
E/SQLiteOpenHelper(  998): 	at android.os.Handler.dispatchMessage(Handler.java:99)
E/SQLiteOpenHelper(  998): 	at android.os.Looper.loop(Looper.java:137)
E/SQLiteOpenHelper(  998): 	at android.app.ActivityThread.main(ActivityThread.java:4424)
E/SQLiteOpenHelper(  998): 	at java.lang.reflect.Method.invokeNative(Native Method)
E/SQLiteOpenHelper(  998): 	at java.lang.reflect.Method.invoke(Method.java:511)
E/SQLiteOpenHelper(  998): 	at com.android.internal.os.ZygoteInit$MethodAndArgsCaller.run(ZygoteInit.java:784)
E/SQLiteOpenHelper(  998): 	at com.android.internal.os.ZygoteInit.main(ZygoteInit.java:551)
E/SQLiteOpenHelper(  998): 	at dalvik.system.NativeStart.main(Native Method)
D/AndroidRuntime(  998): Shutting down VM
W/dalvikvm(  998): threadid=1: thread exiting with uncaught exception (group=0x409c01f8)
E/AndroidRuntime(  998): FATAL EXCEPTION: main
E/AndroidRuntime(  998): android.database.sqlite.SQLiteException: Can't upgrade read-only database from version 327686 to 458759: /data/data/com.android.providers.telephony/databases/telephony.db
E/AndroidRuntime(  998): 	at android.database.sqlite.SQLiteOpenHelper.getReadableDatabase(SQLiteOpenHelper.java:244)
E/AndroidRuntime(  998): 	at com.android.providers.telephony.TelephonyProvider.query(TelephonyProvider.java:460)
E/AndroidRuntime(  998): 	at android.content.ContentProvider$Transport.query(ContentProvider.java:178)
E/AndroidRuntime(  998): 	at android.content.ContentResolver.query(ContentResolver.java:311)
E/AndroidRuntime(  998): 	at com.android.internal.telephony.gsm.GsmDataConnectionTracker.createAllApnList(GsmDataConnectionTracker.java:2202)
E/AndroidRuntime(  998): 	at com.android.internal.telephony.gsm.GsmDataConnectionTracker.onRecordsLoaded(GsmDataConnectionTracker.java:1724)
E/AndroidRuntime(  998): 	at com.android.internal.telephony.gsm.GsmDataConnectionTracker.handleMessage(GsmDataConnectionTracker.java:2429)
E/AndroidRuntime(  998): 	at android.os.Handler.dispatchMessage(Handler.java:99)
E/AndroidRuntime(  998): 	at android.os.Looper.loop(Looper.java:137)
E/AndroidRuntime(  998): 	at android.app.ActivityThread.main(ActivityThread.java:4424)
E/AndroidRuntime(  998): 	at java.lang.reflect.Method.invokeNative(Native Method)
E/AndroidRuntime(  998): 	at java.lang.reflect.Method.invoke(Method.java:511)
E/AndroidRuntime(  998): 	at com.android.internal.os.ZygoteInit$MethodAndArgsCaller.run(ZygoteInit.java:784)
E/AndroidRuntime(  998): 	at com.android.internal.os.ZygoteInit.main(ZygoteInit.java:551)
E/AndroidRuntime(  998): 	at dalvik.system.NativeStart.main(Native Method)
W/ActivityManager(  154): Process com.android.phone has crashed too many times: killing!
F/NetworkStats(  154): problem reading network stats
F/NetworkStats(  154): java.lang.IllegalStateException: problem parsing idx 1
F/NetworkStats(  154): 	at com.android.internal.net.NetworkStatsFactory.readNetworkStatsDetail(NetworkStatsFactory.java:300)
F/NetworkStats(  154): 	at com.android.server.NetworkManagementService.getNetworkStatsUidDetail(NetworkManagementService.java:1282)
F/NetworkStats(  154): 	at com.android.server.net.NetworkStatsService.performPollLocked(NetworkStatsService.java:831)
F/NetworkStats(  154): 	at com.android.server.net.NetworkStatsService.updateIfacesLocked(NetworkStatsService.java:743)
F/NetworkStats(  154): 	at com.android.server.net.NetworkStatsService.updateIfaces(NetworkStatsService.java:721)
F/NetworkStats(  154): 	at com.android.server.net.NetworkStatsService.access$000(NetworkStatsService.java:128)
F/NetworkStats(  154): 	at com.android.server.net.NetworkStatsService$8.handleMessage(NetworkStatsService.java:1633)
F/NetworkStats(  154): 	at android.os.Handler.dispatchMessage(Handler.java:95)
F/NetworkStats(  154): 	at android.os.Looper.loop(Looper.java:137)
F/NetworkStats(  154): 	at android.os.HandlerThread.run(HandlerThread.java:60)
F/NetworkStats(  154): Caused by: java.io.FileNotFoundException: /proc/net/xt_qtaguid/stats: open failed: ENOENT (No such file or directory)
F/NetworkStats(  154): 	at libcore.io.IoBridge.open(IoBridge.java:406)
F/NetworkStats(  154): 	at java.io.FileInputStream.<init>(FileInputStream.java:78)
F/NetworkStats(  154): 	at com.android.internal.net.NetworkStatsFactory.readNetworkStatsDetail(NetworkStatsFactory.java:269)
F/NetworkStats(  154): 	... 9 more
F/NetworkStats(  154): Caused by: libcore.io.ErrnoException: open failed: ENOENT (No such file or directory)
F/NetworkStats(  154): 	at libcore.io.Posix.open(Native Method)
F/NetworkStats(  154): 	at libcore.io.BlockGuardOs.open(BlockGuardOs.java:110)
F/NetworkStats(  154): 	at libcore.io.IoBridge.open(IoBridge.java:390)
F/NetworkStats(  154): 	... 11 more
D/dalvikvm(  154): GC_CONCURRENT freed 586K, 6% free 11910K/12615K, paused 7ms+12ms
I/Process (  998): Sending signal. PID: 998 SIG: 9
I/ServiceManager(   30): service 'isms' died
I/ServiceManager(   30): service 'simphonebook' died
I/ServiceManager(   30): service 'iphonesubinfo' died
I/ServiceManager(   30): service 'phone' died
I/ActivityManager(  154): Process com.android.phone (pid 998) has died.
I/ActivityManager(  154): Start proc com.android.phone for restart com.android.phone: pid=1022 uid=1001 gids={3002, 3001, 3003, 1015}
W/InputManagerService(  154): Window already focused, ignoring focus gain of: com.android.internal.view.IInputMethodClient$Stub$Proxy@4149ef20
I/ActivityThread( 1022): Pub mms: com.android.providers.telephony.MmsProvider
I/ActivityThread( 1022): Pub sms: com.android.providers.telephony.SmsProvider
I/ActivityThread( 1022): Pub telephony: com.android.providers.telephony.TelephonyProvider
W/TelephonyProvider( 1022): onCreate: confFile=/system/etc/apns-conf.xml oldCheckSum=-1
I/ActivityThread( 1022): Pub icc: com.android.phone.IccProvider
I/ActivityThread( 1022): Pub mms-sms: com.android.providers.telephony.MmsSmsProvider
W/ActivityManager(  154): Unable to start service Intent { act=com.android.internal.telephony.IWapPushManager }: not found
D/dalvikvm( 1022): GC_CONCURRENT freed 280K, 4% free 9294K/9671K, paused 8ms+5ms
D/        ( 1022): [ApnContext] set reason as dataEnabled, for type default,current state IDLE
D/        ( 1022): [ApnContext] set reason as dataEnabled, for type mms,current state IDLE
D/        ( 1022): [ApnContext] set reason as dataEnabled, for type supl,current state IDLE
D/        ( 1022): [ApnContext] set reason as dataEnabled, for type hipri,current state IDLE
D/        ( 1022): [ApnContext] set reason as dataEnabled, for type fota,current state IDLE
D/        ( 1022): [ApnContext] set reason as dataEnabled, for type ims,current state IDLE
D/        ( 1022): [ApnContext] set reason as dataEnabled, for type cbs,current state IDLE
D/CAT     ( 1022): CatService: Running CAT service. STK app installed:false
D/CAT     ( 1022): CatService: NEW sInstance
D/CallManager( 1022): registerPhone(GSM Handler (com.android.internal.telephony.PhoneProxy) {41315898})
W/ActivityManager(  154): Unable to start service Intent { act=com.android.ussd.IExtendedNetworkService }: not found
D/dalvikvm( 1022): GC_CONCURRENT freed 345K, 5% free 9413K/9863K, paused 14ms+5ms
D/CAT     ( 1022): CatService: SIM ready. Reporting STK service running now...
F/NetworkStats(  154): problem reading network stats
F/NetworkStats(  154): java.lang.IllegalStateException: problem parsing idx 1
F/NetworkStats(  154): 	at com.android.internal.net.NetworkStatsFactory.readNetworkStatsDetail(NetworkStatsFactory.java:300)
F/NetworkStats(  154): 	at com.android.server.NetworkManagementService.getNetworkStatsUidDetail(NetworkManagementService.java:1282)
F/NetworkStats(  154): 	at com.android.server.net.NetworkStatsService.performPollLocked(NetworkStatsService.java:831)
F/NetworkStats(  154): 	at com.android.server.net.NetworkStatsService.updateIfacesLocked(NetworkStatsService.java:743)
F/NetworkStats(  154): 	at com.android.server.net.NetworkStatsService.updateIfaces(NetworkStatsService.java:721)
F/NetworkStats(  154): 	at com.android.server.net.NetworkStatsService.access$000(NetworkStatsService.java:128)
F/NetworkStats(  154): 	at com.android.server.net.NetworkStatsService$8.handleMessage(NetworkStatsService.java:1633)
F/NetworkStats(  154): 	at android.os.Handler.dispatchMessage(Handler.java:95)
F/NetworkStats(  154): 	at android.os.Looper.loop(Looper.java:137)
F/NetworkStats(  154): 	at android.os.HandlerThread.run(HandlerThread.java:60)
F/NetworkStats(  154): Caused by: java.io.FileNotFoundException: /proc/net/xt_qtaguid/stats: open failed: ENOENT (No such file or directory)
F/NetworkStats(  154): 	at libcore.io.IoBridge.open(IoBridge.java:406)
F/NetworkStats(  154): 	at java.io.FileInputStream.<init>(FileInputStream.java:78)
F/NetworkStats(  154): 	at com.android.internal.net.NetworkStatsFactory.readNetworkStatsDetail(NetworkStatsFactory.java:269)
F/NetworkStats(  154): 	... 9 more
F/NetworkStats(  154): Caused by: libcore.io.ErrnoException: open failed: ENOENT (No such file or directory)
F/NetworkStats(  154): 	at libcore.io.Posix.open(Native Method)
F/NetworkStats(  154): 	at libcore.io.BlockGuardOs.open(BlockGuardOs.java:110)
F/NetworkStats(  154): 	at libcore.io.IoBridge.open(IoBridge.java:390)
F/NetworkStats(  154): 	... 11 more
