D/AndroidRuntime( 3996): 
D/AndroidRuntime( 3996): >>>>>> AndroidRuntime START com.android.internal.os.RuntimeInit <<<<<<
D/AndroidRuntime( 3996): CheckJNI is ON
D/AndroidRuntime( 3996): Calling main entry com.android.commands.pm.Pm
D/dalvikvm(   77): GC_EXPLICIT freed 233K, 15% free 11345K/13255K, paused 11ms+7ms
W/ActivityManager(   77): No content provider found for permission revoke: file:///data/local/tmp/macotec-debug.apk
W/ActivityManager(   77): No content provider found for permission revoke: file:///data/local/tmp/macotec-debug.apk
D/dalvikvm(   77): GC_CONCURRENT freed 258K, 13% free 11556K/13255K, paused 24ms+55ms
D/dalvikvm(   77): GC_CONCURRENT freed 389K, 12% free 11732K/13255K, paused 19ms+30ms
D/dalvikvm(   77): GC_CONCURRENT freed 594K, 12% free 11727K/13255K, paused 18ms+26ms
D/dalvikvm(   77): GC_CONCURRENT freed 589K, 12% free 11731K/13255K, paused 5ms+35ms
D/dalvikvm(   77): GC_CONCURRENT freed 580K, 12% free 11747K/13255K, paused 17ms+14ms
D/dalvikvm(   77): GC_CONCURRENT freed 592K, 12% free 11747K/13255K, paused 23ms+10ms
I/PackageManager(   77): Removing non-system package:com.rhomobile.macotec
I/ActivityManager(   77): Force stopping package com.rhomobile.macotec uid=10040
I/ActivityManager(   77): Killing proc 3959:com.rhomobile.macotec/10040: force stop
W/ActivityManager(   77): Force removing ActivityRecord{414b80c0 com.rhomobile.macotec/com.rhomobile.rhodes.RhodesActivity}: app died, no saved state
W/NetworkManagementSocketTagger(   77): setKernelCountSet(10040, 0) failed with errno -2
W/NetworkManagementSocketTagger(   77): setKernelCountSet(10009, 1) failed with errno -2
I/Process (   77): Sending signal. PID: 178 SIG: 3
I/dalvikvm(  178): threadid=3: reacting to signal 3
I/dalvikvm(  178): Wrote stack traces to '/data/anr/traces.txt'
I/Process (   77): Sending signal. PID: 178 SIG: 3
I/dalvikvm(  178): threadid=3: reacting to signal 3
I/WindowManager(   77): WIN DEATH: Window{415e2380 com.rhomobile.macotec/com.rhomobile.rhodes.RhodesActivity paused=false}
I/dalvikvm(  178): Wrote stack traces to '/data/anr/traces.txt'
I/PackageManager(   77): Package com.rhomobile.macotec codePath changed from /data/app/com.rhomobile.macotec-2.apk to /data/app/com.rhomobile.macotec-1.apk; Retaining data and using new
D/dalvikvm(  178): GC_FOR_ALLOC freed 5089K, 29% free 16752K/23367K, paused 105ms
D/dalvikvm(  178): GC_CONCURRENT freed 631K, 23% free 18152K/23367K, paused 4ms+19ms
D/dalvikvm(  178): GC_CONCURRENT freed 2614K, 26% free 17507K/23367K, paused 4ms+6ms
I/PackageManager(   77): Running dexopt on: com.rhomobile.macotec
W/InputManagerService(   77): Window already focused, ignoring focus gain of: com.android.internal.view.IInputMethodClient$Stub$Proxy@41488808
D/dalvikvm( 4007): DexOpt: load 415ms, verify+opt 1881ms
W/PackageManager(   77): Code path for pkg : com.rhomobile.macotec changing from /data/app/com.rhomobile.macotec-2.apk to /data/app/com.rhomobile.macotec-1.apk
W/PackageManager(   77): Resource path for pkg : com.rhomobile.macotec changing from /data/app/com.rhomobile.macotec-2.apk to /data/app/com.rhomobile.macotec-1.apk
I/ActivityManager(   77): Force stopping package com.rhomobile.macotec uid=10040
D/PackageManager(   77): New package installed in /data/app/com.rhomobile.macotec-1.apk
I/ActivityManager(   77): Force stopping package com.rhomobile.macotec uid=10040
D/dalvikvm(  178): GC_EXPLICIT freed 1726K, 26% free 17421K/23367K, paused 25ms+11ms
D/dalvikvm(  224): GC_EXPLICIT freed 148K, 4% free 9387K/9735K, paused 155ms+4ms
D/dalvikvm(   77): GC_EXPLICIT freed 516K, 12% free 11733K/13255K, paused 10ms+15ms
D/PackageManager(   77): generateServicesMap(android.accounts.AccountAuthenticator): 2 services unchanged
D/PackageManager(   77): generateServicesMap(android.content.SyncAdapter): 4 services unchanged
D/BackupManagerService(   77): Received broadcast Intent { act=android.intent.action.PACKAGE_REMOVED dat=package:com.rhomobile.macotec flg=0x10000010 (has extras) }
I/AccountTypeManager(  316): Loaded meta-data for 1 account types, 0 accounts in 10ms(wall) 7ms(cpu)
D/PackageManager(   77): generateServicesMap(android.accounts.AccountAuthenticator): 2 services unchanged
D/PackageManager(   77): generateServicesMap(android.content.SyncAdapter): 4 services unchanged
D/BackupManagerService(   77): Received broadcast Intent { act=android.intent.action.PACKAGE_ADDED dat=package:com.rhomobile.macotec flg=0x10000010 (has extras) }
V/BackupManagerService(   77): updatePackageParticipantsLocked: #1
W/RecognitionManagerService(   77): no available voice recognition services found
D/dalvikvm(  178): GC_FOR_ALLOC freed 3103K, 33% free 15742K/23367K, paused 57ms
I/AccountTypeManager(  316): Loaded meta-data for 1 account types, 0 accounts in 7ms(wall) 5ms(cpu)
D/BackupManagerService(   77): Received broadcast Intent { act=android.intent.action.PACKAGE_REPLACED dat=package:com.rhomobile.macotec flg=0x10000010 (has extras) }
V/BackupManagerService(   77): updatePackageParticipantsLocked: #1
D/dalvikvm(  178): GC_FOR_ALLOC freed 429K, 28% free 17008K/23367K, paused 166ms
D/dalvikvm(   77): GC_CONCURRENT freed 974K, 15% free 11391K/13255K, paused 5ms+28ms
D/dalvikvm(  178): GC_FOR_ALLOC freed 3652K, 36% free 14970K/23367K, paused 58ms
D/dalvikvm(  178): GC_FOR_ALLOC freed 315K, 33% free 15837K/23367K, paused 91ms
D/dalvikvm(  178): GC_CONCURRENT freed 118K, 24% free 17764K/23367K, paused 4ms+17ms
D/dalvikvm(  178): GC_FOR_ALLOC freed 2322K, 26% free 17304K/23367K, paused 61ms
D/dalvikvm(  178): GC_CONCURRENT freed 1565K, 24% free 17772K/23367K, paused 4ms+20ms
D/dalvikvm(  178): GC_CONCURRENT freed 1676K, 23% free 18142K/23367K, paused 4ms+9ms
D/dalvikvm(  178): GC_FOR_ALLOC freed 1450K, 25% free 17536K/23367K, paused 50ms
D/dalvikvm(   77): GC_EXPLICIT freed 83K, 15% free 11320K/13255K, paused 65ms+29ms
D/AndroidRuntime( 3996): Shutting down VM
D/dalvikvm( 3996): GC_CONCURRENT freed 97K, 79% free 450K/2048K, paused 1ms+1ms
I/AndroidRuntime( 3996): NOTE: attach of thread 'Binder Thread #3' failed
D/AndroidRuntime( 4015): 
D/AndroidRuntime( 4015): >>>>>> AndroidRuntime START com.android.internal.os.RuntimeInit <<<<<<
D/AndroidRuntime( 4015): CheckJNI is ON
D/AndroidRuntime( 4015): Calling main entry com.android.commands.am.Am
I/ActivityManager(   77): START {act=android.intent.action.MAIN flg=0x10000000 cmp=com.rhomobile.macotec/com.rhomobile.rhodes.RhodesActivity} from pid 4015
W/WindowManager(   77): Failure taking screenshot for (180x273) to layer 21005
D/AndroidRuntime( 4015): Shutting down VM
D/dalvikvm( 4015): GC_CONCURRENT freed 97K, 77% free 480K/2048K, paused 1ms+1ms
I/AndroidRuntime( 4015): NOTE: attach of thread 'Binder Thread #3' failed
I/ActivityManager(   77): Start proc com.rhomobile.macotec for activity com.rhomobile.macotec/com.rhomobile.rhodes.RhodesActivity: pid=4025 uid=10040 gids={3003}
I/dalvikvm( 4025): Turning on JNI app bug workarounds for target SDK version 4...
W/NetworkManagementSocketTagger(   77): setKernelCountSet(10040, 1) failed with errno -2
I/Process (   77): Sending signal. PID: 4025 SIG: 3
I/dalvikvm( 4025): threadid=3: reacting to signal 3
D/dalvikvm( 4025): Trying to load lib /data/data/com.rhomobile.macotec/lib/librhodes.so 0x412a2f68
I/dalvikvm( 4025): Wrote stack traces to '/data/anr/traces.txt'
D/dalvikvm( 4025): Added shared lib /data/data/com.rhomobile.macotec/lib/librhodes.so 0x412a2f68
D/dalvikvm( 4025): Trying to load lib /data/data/com.rhomobile.macotec/lib/librhodes.so 0x412a2f68
D/dalvikvm( 4025): Shared lib '/data/data/com.rhomobile.macotec/lib/librhodes.so' already loaded in same CL 0x412a2f68
I/ActivityThread( 4025): Pub com.rhomobile.macotec: com.rhomobile.rhodes.LocalFileProvider
I/RhodesApplication( 4025): Initializing...
I/Process (   77): Sending signal. PID: 4025 SIG: 3
I/dalvikvm( 4025): threadid=3: reacting to signal 3
I/dalvikvm( 4025): Wrote stack traces to '/data/anr/traces.txt'
D/RhoFileApi( 4025): App root path: /data/data/com.rhomobile.macotec/rhodata/
D/RhoFileApi( 4025): Sqlite journals path: /data/data/com.rhomobile.macotec/sqlite_stmt_journals/
D/RhoFileApi( 4025): Shared path: /data/data/com.rhomobile.macotec/rhodata/
D/RhodesApplication( 4025): Root path: /data/data/com.rhomobile.macotec/rhodata/
I/RhodesApplication( 4025): Application hash was changed
D/RhoFileApi( 4025): Copy hash to FS
D/RhoFileApi( 4025): File hash copied
D/RhoFileApi( 4025): Copy rho.dat to FS
D/RhoFileApi( 4025): File rho.dat copied
D/RhoFileApi( 4025): Copy apps/rhoconfig.txt to FS
D/RhoFileApi( 4025): File apps/rhoconfig.txt copied
I/RhoFileApi( 4025): Opening stat table from FS: /data/data/com.rhomobile.macotec/rhodata/rho.dat
D/RhoFileApi( 4025): Copy apps/rhoconfig.txt to FS
D/RhoFileApi( 4025): File apps/rhoconfig.txt copied
I/Process (   77): Sending signal. PID: 4025 SIG: 3
I/dalvikvm( 4025): threadid=3: reacting to signal 3
I/dalvikvm( 4025): Wrote stack traces to '/data/anr/traces.txt'
D/RhoFileApi( 4025): App root path: /data/data/com.rhomobile.macotec/rhodata/
D/RhoFileApi( 4025): Sqlite journals path: /data/data/com.rhomobile.macotec/sqlite_stmt_journals/
D/RhoFileApi( 4025): Shared path: /data/data/com.rhomobile.macotec/rhodata/
I/APP     ( 4025): I 01/30/2013 15:36:53:420 00000fb9    RhodesApplication| Initialized
I/APP     ( 4025): I 01/30/2013 15:36:53:527 00000fb9         BaseActivity| New screen properties - width: 480, height: 728, orientation: 1
I/APP     ( 4025): I 01/30/2013 15:36:53:686 00000fb9         SplashScreen| Looking for start page source
I/Process (   77): Sending signal. PID: 4025 SIG: 3
I/dalvikvm( 4025): threadid=3: reacting to signal 3
I/dalvikvm( 4025): Wrote stack traces to '/data/anr/traces.txt'
D/dalvikvm( 4025): GC_CONCURRENT freed 290K, 5% free 9214K/9607K, paused 4ms+26ms
D/dalvikvm( 4025): GC_FOR_ALLOC freed 8K, 5% free 9220K/9607K, paused 60ms
I/dalvikvm-heap( 4025): Grow heap (frag case) to 12.139MB for 3217300-byte allocation
I/Process (   77): Sending signal. PID: 4025 SIG: 3
I/dalvikvm( 4025): threadid=3: reacting to signal 3
D/dalvikvm( 4025): GC_FOR_ALLOC freed <1K, 4% free 12361K/12807K, paused 124ms
I/dalvikvm( 4025): Wrote stack traces to '/data/anr/traces.txt'
D/dalvikvm( 4025): GC_CONCURRENT freed 1K, 4% free 12366K/12807K, paused 4ms+34ms
I/Process (   77): Sending signal. PID: 4025 SIG: 3
I/dalvikvm( 4025): threadid=3: reacting to signal 3
I/dalvikvm( 4025): Wrote stack traces to '/data/anr/traces.txt'
I/APP     ( 4025): I 01/30/2013 15:36:54:943 00000fb9         SplashScreen| Done
I/APP     ( 4025): I 01/30/2013 15:36:54:989 00000fb9    RhodesApplication| New UiState: MainActivityCreated
I/APP     ( 4025): I 01/30/2013 15:36:54:994 00000fb9       RhodesActivity| onStart
I/APP     ( 4025): I 01/30/2013 15:36:55:030 00000fb9    RhodesApplication| New UiState: MainActivityStarted
I/APP     ( 4025): I 01/30/2013 15:36:55:035 00000fb9       RhodesActivity| onResume
I/APP     ( 4025): I 01/30/2013 15:36:55:063 00000fb9 AndroidFunctionality| Resume WebView
I/APP     ( 4025): I 01/30/2013 15:36:55:114 00000fb9        RhodesService| onCreate
I/APP     ( 4025): I 01/30/2013 15:36:55:146 00000fb9    LocalFileProvider| Revoke URI permissions: content:///com.rhomobile.macotec
W/ActivityManager(   77): No content provider found for permission revoke: content:///com.rhomobile.macotec
I/APP     ( 4025): I 01/30/2013 15:36:55:177 00000fb9               Rhodes| Loading...
I/APP     ( 4025): I 01/30/2013 15:36:55:183 00000fb9            RhodesApp| Trying to get free listening port.
I/APP     ( 4025): I 01/30/2013 15:36:55:213 00000fb9            RhodesApp| Trying to bind of 8080 port...
I/APP     ( 4025): I 01/30/2013 15:36:55:232 00000fb9            RhodesApp| Got port to bind on: 8080
I/APP     ( 4025): I 01/30/2013 15:36:55:237 00000fb9            RhodesApp| Free listening port: 8080
I/APP     ( 4025): I 01/30/2013 15:36:55:231 00000fce         AppCallbacks| Starting main routine...
I/APP     ( 4025): I 01/30/2013 15:36:55:272 00000fce         AppCallbacks| ThreadQueue blocked for 4294967295 seconds...
I/Process (   77): Sending signal. PID: 4025 SIG: 3
I/dalvikvm( 4025): threadid=3: reacting to signal 3
I/dalvikvm( 4025): Wrote stack traces to '/data/anr/traces.txt'
I/APP     ( 4025): I 01/30/2013 15:36:55:452 00000fb9        RhodesService| Push is disabled
I/APP     ( 4025): I 01/30/2013 15:36:55:476 00000fb9            RhodesApp| callAppActiveCallback
I/APP     ( 4025): I 01/30/2013 15:36:55:482 00000fb9         AppCallbacks| addCommand: APP-ACTIVATED
I/APP     ( 4025): I 01/30/2013 15:36:55:511 00000fce         AppCallbacks| Received command APP-ACTIVATED which is greater than expected (LOCAL-SERVER-STARTED) - postpone it
I/APP     ( 4025): I 01/30/2013 15:36:55:513 00000fce         AppCallbacks| ThreadQueue blocked for 4294967295 seconds...
I/APP     ( 4025): I 01/30/2013 15:36:55:542 00000fb9         AppActivated| Cannot commit now, application will be activated when started.
I/APP     ( 4025): I 01/30/2013 15:36:55:548 00000fb9    RhodesApplication| New AppState: Undefined
I/APP     ( 4025): I 01/30/2013 15:36:55:571 00000fd0            RhodesApp| Starting RhodesApp main routine...
D/RhodesService( 4025): +++ onStartCommand
I/RhodesService( 4025): handleCommand: startId=1, source=com.rhomobile.rhodes.BaseActivity
D/RhodesService( 4025): New activity was created
I/APP     ( 4025): I 01/30/2013 15:36:55:655 00000fb9        RhodesService| onBind
I/APP     ( 4025): I 01/30/2013 15:36:55:705 00000fb9         AppCallbacks| addCommand: UI-CREATED
I/APP     ( 4025): I 01/30/2013 15:36:55:732 00000fce         AppCallbacks| Received command UI-CREATED which is greater than expected (LOCAL-SERVER-STARTED) - postpone it
I/APP     ( 4025): I 01/30/2013 15:36:55:733 00000fce         AppCallbacks| ThreadQueue blocked for 4294967295 seconds...
I/Process (   77): Sending signal. PID: 4025 SIG: 3
I/dalvikvm( 4025): threadid=3: reacting to signal 3
I/dalvikvm( 4025): Wrote stack traces to '/data/anr/traces.txt'
V/PhoneStatusBar(  129): setLightsOn(true)
I/APP     ( 4025): I 01/30/2013 15:36:55:961 00000fb9       RhodesActivity| onServiceConnected: {com.rhomobile.macotec/com.rhomobile.rhodes.RhodesService}
I/APP     ( 4025): I 01/30/2013 15:36:56:018 00000fb9       RhodesActivity| New start parameters: 
I/APP     ( 4025): I 01/30/2013 15:36:56:023 00000fb9            RhodesApp| New start params: 
W/InputManagerService(   77): Starting input on non-focused client com.android.internal.view.IInputMethodClient$Stub$Proxy@413be130 (uid=10009 pid=178)
D/gralloc_goldfish( 4025): Emulator without GPU emulation detected.
I/Process (   77): Sending signal. PID: 4025 SIG: 3
I/dalvikvm( 4025): threadid=3: reacting to signal 3
I/dalvikvm( 4025): Wrote stack traces to '/data/anr/traces.txt'
I/ActivityManager(   77): Displayed com.rhomobile.macotec/com.rhomobile.rhodes.RhodesActivity: +5s356ms
I/APP     ( 4025): I 01/30/2013 15:36:57:151 00000fd0              RhoRuby| Init_RhoBlobs: /data/data/com.rhomobile.macotec/rhodata/db/db-files
I/APP     ( 4025): I 01/30/2013 15:36:57:365 00000fd0              RhoRuby| require_compiled: rhoframework
I/APP     ( 4025): I 01/30/2013 15:36:57:518 00000fd0              RhoRuby| require_compiled: rational
I/APP     ( 4025): I 01/30/2013 15:36:57:578 00000fd0              RhoRuby| require_compiled: rhom/rhom_db_adapter
I/APP     ( 4025): I 01/30/2013 15:36:57:704 00000fd0              RhoRuby| require_compiled: rhodes
I/APP     ( 4025): I 01/30/2013 15:36:57:765 00000fd0              RhoRuby| require_compiled: rhom/rhom_object
I/APP     ( 4025): I 01/30/2013 15:36:57:851 00000fd0              RhoRuby| require_compiled: rhofsconnector
I/APP     ( 4025): I 01/30/2013 15:36:57:896 00000fd0              RhoRuby| require_compiled: rho/rhofsconnector
I/APP     ( 4025): I 01/30/2013 15:36:57:976 00000fd0              RhoRuby| require_compiled: rhom/rhom_object_factory
W/NetworkManagementSocketTagger(   77): setKernelCountSet(10009, 0) failed with errno -2
I/APP     ( 4025): I 01/30/2013 15:36:58:304 00000fd0              RhoRuby| require_compiled: rhom/rhom
I/APP     ( 4025): I 01/30/2013 15:36:58:372 00000fd0              RhoRuby| require_compiled: rhom/rhom_model
I/APP     ( 4025): I 01/30/2013 15:36:58:438 00000fd0              RhoRuby| require_compiled: rhom
I/APP     ( 4025): I 01/30/2013 15:36:58:483 00000fd0              RhoRuby| require_compiled: rho/rhoapplication
I/APP     ( 4025): I 01/30/2013 15:36:58:554 00000fd0              RhoRuby| require_compiled: rholang/localization_simplified
I/APP     ( 4025): I 01/30/2013 15:36:58:623 00000fd0              RhoRuby| require_compiled: rho/rhomsg
I/APP     ( 4025): I 01/30/2013 15:36:58:671 00000fd0              RhoRuby| require_compiled: rho/rhotabbar
I/APP     ( 4025): I 01/30/2013 15:36:58:726 00000fd0              RhoRuby| require_compiled: rho/rhotoolbar
I/APP     ( 4025): I 01/30/2013 15:36:58:770 00000fd0                  APP| Current locale: ; Country code: 
I/APP     ( 4025): I 01/30/2013 15:36:58:802 00000fd0                  APP| Locilized file: /data/data/com.rhomobile.macotec/rhodata/lib/rholang/lang_
I/APP     ( 4025): I 01/30/2013 15:36:58:833 00000fd0              RhoRuby| require_compiled: /data/data/com.rhomobile.macotec/rhodata/lib/rholang/lang_en
I/APP     ( 4025): I 01/30/2013 15:36:58:866 00000fd0                  APP| Locilized file: /data/data/com.rhomobile.macotec/rhodata/apps/app/lang/lang_
I/APP     ( 4025): I 01/30/2013 15:36:58:898 00000fd0                  APP| Locilized file: /data/data/com.rhomobile.macotec/rhodata/lib/rholang/rhoerror_
I/APP     ( 4025): I 01/30/2013 15:36:58:922 00000fd0              RhoRuby| require_compiled: /data/data/com.rhomobile.macotec/rhodata/lib/rholang/rhoerror_en
I/APP     ( 4025): I 01/30/2013 15:36:58:951 00000fd0                  APP| Locilized file: /data/data/com.rhomobile.macotec/rhodata/lib/rholang/rhomsg_
I/APP     ( 4025): I 01/30/2013 15:36:58:983 00000fd0              RhoRuby| require_compiled: /data/data/com.rhomobile.macotec/rhodata/lib/rholang/rhomsg_en
I/APP     ( 4025): I 01/30/2013 15:36:59:015 00000fd0              RhoRuby| require_compiled: indifferent_access
I/APP     ( 4025): I 01/30/2013 15:36:59:087 00000fd0              RhoRuby| require_compiled: rho/rhosupport
I/APP     ( 4025): I 01/30/2013 15:36:59:191 00000fd0              RhoRuby| require_compiled: rho/rhocontroller
I/APP     ( 4025): I 01/30/2013 15:36:59:255 00000fd0              RhoRuby| require_compiled: rho/render
I/APP     ( 4025): I 01/30/2013 15:36:59:336 00000fd0              RhoRuby| require_compiled: rho/rho
I/APP     ( 4025): I 01/30/2013 15:36:59:522 00000fd0              RhoRuby| require_compiled: rho/rhoerror
I/APP     ( 4025): I 01/30/2013 15:36:59:571 00000fd0              RhoRuby| require_compiled: rhom/rhom_source
I/APP     ( 4025): I 01/30/2013 15:36:59:638 00000fd0              RhoRuby| require_compiled: rho/rhoviewhelpers
I/APP     ( 4025): I 01/30/2013 15:36:59:698 00000fd0              RhoRuby| require_compiled: rho
I/APP     ( 4025): I 01/30/2013 15:36:59:745 00000fd0                  APP| RHO loaded
I/APP     ( 4025): I 01/30/2013 15:36:59:750 00000fd0                  APP| Calling RHO.initialize
I/APP     ( 4025): I 01/30/2013 15:36:59:781 00000fd0                  APP| model file: Product/product
I/APP     ( 4025): I 01/30/2013 15:36:59:812 00000fd0                  APP| model file: Request/request
I/APP     ( 4025): I 01/30/2013 15:36:59:850 00000fd0                   DB| Open DB: /data/data/com.rhomobile.macotec/rhodata/db/syncdbuser.sqlite
I/APP     ( 4025): I 01/30/2013 15:36:59:899 00000fd0          GeoLocation| Creating singleton instance.
I/APP     ( 4025): I 01/30/2013 15:36:59:928 00000fd0            RhodesApp| Starting sync engine...
I/APP     ( 4025): I 01/30/2013 15:36:59:934 00000fd0                 Sync| sync_poll_interval: 0
I/APP     ( 4025): I 01/30/2013 15:36:59:965 00000fd0                 Sync| syncserver: 
I/APP     ( 4025): I 01/30/2013 15:36:59:970 00000fd0                 Sync| bulksync_state: 0
I/APP     ( 4025): I 01/30/2013 15:36:59:992 00000fd0            RhodesApp| RhoRubyInitApp...
I/APP     ( 4025): I 01/30/2013 15:36:59:997 00000fd0                  APP| init_app
I/APP     ( 4025): I 01/30/2013 15:37:00:065 00000fd0              RhoRuby| require_compiled: application
I/APP     ( 4025): I 01/30/2013 15:37:00:116 00000fd0                 Sync| Set notification. Source ID: -1;Url :http://localhost:8080/app/Settings/sync_notify; Params: 
I/APP     ( 4025): I 01/30/2013 15:37:00:121 00000fd0           HttpServer| Start HTTP server
I/APP     ( 4025): I 01/30/2013 15:37:00:160 00000fd0           HttpServer| Listen for connections on port 8080
I/APP     ( 4025): I 01/30/2013 15:37:00:164 00000fd0         AppCallbacks| addCommand: LOCAL-SERVER-STARTED
I/APP     ( 4025): I 01/30/2013 15:37:00:191 00000fce         AppCallbacks| process command: LOCAL-SERVER-STARTED
I/APP     ( 4025): I 01/30/2013 15:37:00:192 00000fce RhodesAppActiveObserver| Ready
I/APP     ( 4025): I 01/30/2013 15:37:00:197 00000fb9 AndroidFunctionality| Disable WebView zoom
I/APP     ( 4025): I 01/30/2013 15:37:00:198 00000fb9 AndroidFunctionality| Set web plugins state 'OFF'
I/APP     ( 4025): I 01/30/2013 15:37:00:256 00000fce    RhodesApplication| New AppState: AppActivated
I/APP     ( 4025): I 01/30/2013 15:37:00:261 00000fce         AppCallbacks| process command: UI-CREATED
I/APP     ( 4025): I 01/30/2013 15:37:00:361 00000fd0           HttpServer| Process URI: '/system/uicreated'
I/APP     ( 4025): I 01/30/2013 15:37:00:379 00000fd0                  APP| on_ui_created.navigate to start url: '/app'
I/APP     ( 4025): I 01/30/2013 15:37:00:386 00000fb9         SplashScreen| navigate: url=http://localhost:8080/app
I/APP     ( 4025): I 01/30/2013 15:37:00:387 00000fb9         SplashScreen| DELAY for SplashScreen = 0
I/APP     ( 4025): I 01/30/2013 15:37:00:458 00000fb9        GoogleWebView| Creating new RhoWebChromeClient
I/APP     ( 4025): I 01/30/2013 15:37:00:477 00000fb9       SimpleMainView| Cleared URL: http://localhost:8080/app
I/APP     ( 4025): I 01/30/2013 15:37:00:514 00000fce         AppCallbacks| process command: APP-ACTIVATED
V/SimpleMainView.View( 4025): ms[1359556620558]  Main Window :: onSizeChanged() old [ 480 x 690 ]  new [ 0 x 0 ]
I/APP     ( 4025): I 01/30/2013 15:37:00:582 00000fd0           HttpServer| Process URI: '/system/activateapp'
I/APP     ( 4025): I 01/30/2013 15:37:00:608 00000fce         AppCallbacks| ThreadQueue blocked for 4294967295 seconds...
I/APP     ( 4025): I 01/30/2013 15:37:00:672 00000fb9        GoogleWebView| Setting RhoWebChromeClient
I/APP     ( 4025): I 01/30/2013 15:37:00:852 00000fd0           HttpServer| Process URI: '/app'
I/APP     ( 4025): I 01/30/2013 15:37:00:915 00000fb9     RhoWebViewClient| Loading URL: http://localhost:8080/app/index_erb.iseq
I/APP     ( 4025): I 01/30/2013 15:37:00:950 00000fd0           HttpServer| Process URI: '/app/index_erb.iseq'
I/APP     ( 4025): I 01/30/2013 15:37:00:958 00000fd0                  APP| RHO serve_index: /app/index_erb.iseq
I/APP     ( 4025): I 01/30/2013 15:37:00:995 00000fd0 RHO Rho::RhoController| inst_render_index
I/APP     ( 4025): I 01/30/2013 15:37:01:113 00000fd0 RHO Rho::RhoController| index layout
I/APP     ( 4025): I 01/30/2013 15:37:01:231 00000fd0           HttpServer| GC Start.
I/APP     ( 4025): I 01/30/2013 15:37:01:339 00000fd0           HttpServer| GC End.
I/APP     ( 4025): I 01/30/2013 15:37:02:805 00000fd0           HttpServer| Process URI: '/public/jquery/jquery-1.6.4.min.js'
I/APP     ( 4025): I 01/30/2013 15:37:03:506 00000fd0           HttpServer| Process URI: '/public/jquery/jquery.json-2.3.min.js'
I/APP     ( 4025): I 01/30/2013 15:37:03:845 00000fd0           HttpServer| Process URI: '/public/jqmobile/jquery.mobile-1.0.1.min.css'
I/APP     ( 4025): I 01/30/2013 15:37:04:383 00000fd0           HttpServer| Process URI: '/public/css/jqmobile-patch.css'
I/APP     ( 4025): I 01/30/2013 15:37:04:611 00000fd0           HttpServer| Process URI: '/public/jqmobile/jquery.mobile-1.0.1.min.js'
I/APP     ( 4025): I 01/30/2013 15:37:05:226 00000fd0           HttpServer| Process URI: '/public/js/jqmobile-patch.js'
I/APP     ( 4025): I 01/30/2013 15:37:05:491 00000fd0           HttpServer| Process URI: '/public/css/macotec_style.css'
I/APP     ( 4025): I 01/30/2013 15:37:09:134 00000fd0           HttpServer| Process URI: '/public/images/macotec/logo.png'
I/APP     ( 4025): I 01/30/2013 15:37:09:724 00000fd0           HttpServer| Process URI: '/public/images/macotec/request.png'
I/APP     ( 4025): I 01/30/2013 15:37:09:825 00000fd0           HttpServer| Process URI: '/public/images/macotec/contact.png'
I/APP     ( 4025): I 01/30/2013 15:37:09:892 00000fd0           HttpServer| Process URI: '/public/images/macotec/products.png'
I/APP     ( 4025): I 01/30/2013 15:37:09:934 00000fd0           HttpServer| Process URI: '/public/images/macotec/info.png'
I/APP     ( 4025): I 01/30/2013 15:37:13:135 00000fd0           HttpServer| Process URI: '/app/Request/request'
I/APP     ( 4025): I 01/30/2013 15:37:13:169 00000fd0                  APP| RHO serve: /app/Request/request
I/APP     ( 4025): I 01/30/2013 15:37:13:200 00000fd0              RhoRuby| require_compiled: Request/request_controller
I/APP     ( 4025): I 01/30/2013 15:37:13:251 00000fd0              RhoRuby| require_compiled: helpers/browser_helper
I/APP     ( 4025): I 01/30/2013 15:37:13:297 00000fd0                  APP| const_missing: Product
I/APP     ( 4025): I 01/30/2013 15:37:13:319 00000fd0                  APP| load_model: Product
I/APP     ( 4025): I 01/30/2013 15:37:13:345 00000fd0              RhoRuby| require_compiled: Product/product
I/APP     ( 4025): I 01/30/2013 15:37:13:460 00000fd0                  APP| model name: Product
I/APP     ( 4025): I 01/30/2013 15:37:13:490 00000fd0                  APP| model class found
I/APP     ( 4025): I 01/30/2013 15:37:13:511 00000fd0                  APP| Product : {"property"=>{}}
I/APP     ( 4025): I 01/30/2013 15:37:13:551 00000fd0                   DB| Open DB: /data/data/com.rhomobile.macotec/rhodata/db/syncdblocal.sqlite
I/APP     ( 4025): I 01/30/2013 15:37:13:603 00000fd0                  APP| init_db_sources
I/APP     ( 4025): I 01/30/2013 15:37:13:718 00000fd0                  APP| start_id: 40004
I/APP     ( 4025): I 01/30/2013 15:37:13:751 00000fd0                  APP| Migrate schema sources: {}
I/APP     ( 4025): I 01/30/2013 15:37:13:927 00000fd0           HttpServer| GC Start.
I/APP     ( 4025): I 01/30/2013 15:37:13:998 00000fd0           HttpServer| GC End.
I/APP     ( 4025): I 01/30/2013 15:37:14:629 00000fd0           HttpServer| Process URI: '/public/jqmobile/images/icons-36-white.png'
E/libEGL  ( 4025): call to OpenGL ES API with no current context (logged once per thread)
D/ShaderProgram( 4025): couldn't load the vertex shader!
E/libEGL  ( 4025): call to OpenGL ES API with no current context (logged once per thread)
D/ShaderProgram( 4025): couldn't load the vertex shader!
E/libEGL  ( 4025): call to OpenGL ES API with no current context (logged once per thread)
D/ShaderProgram( 4025): couldn't load the vertex shader!
E/libEGL  ( 4025): call to OpenGL ES API with no current context (logged once per thread)
D/ShaderProgram( 4025): couldn't load the vertex shader!
E/libEGL  ( 4025): call to OpenGL ES API with no current context (logged once per thread)
D/ShaderProgram( 4025): couldn't load the vertex shader!
I/APP     ( 4025): I 01/30/2013 15:37:20:244 00000fd0           HttpServer| Process URI: '/app/Request/submit'
I/APP     ( 4025): I 01/30/2013 15:37:20:250 00000fd0                  APP| RHO serve: /app/Request/submit
I/APP     ( 4025): I 01/30/2013 15:37:20:334 00000fd0                  APP| Params: {"product"=>"nothing", "rental_begin"=>"", "operation_period"=>"", "amount_product"=>"", "location"=>"", "company"=>"", "phone"=>"", "email"=>""}
I/APP     ( 4025): I 01/30/2013 15:37:20:421 00000fd0           HttpServer| GC Start.
I/APP     ( 4025): I 01/30/2013 15:37:20:498 00000fd0           HttpServer| GC End.
I/APP     ( 4025): I 01/30/2013 15:37:20:971 00000fd0           HttpServer| Process URI: '/public/images/macotec/macotec_loader.gif'
D/dalvikvm( 4025): GC_CONCURRENT freed 923K, 8% free 12456K/13511K, paused 15ms+28ms
D/webviewglue( 4025): nativeDestroy view: 0x2905e8
D/dalvikvm(  163): GC_CONCURRENT freed 385K, 6% free 9532K/10119K, paused 38ms+145ms
D/AndroidRuntime( 4062): 
D/AndroidRuntime( 4062): >>>>>> AndroidRuntime START com.android.internal.os.RuntimeInit <<<<<<
D/AndroidRuntime( 4062): CheckJNI is ON
D/AndroidRuntime( 4062): Calling main entry com.android.commands.pm.Pm
W/ActivityManager(   77): No content provider found for permission revoke: file:///data/local/tmp/macotec-debug.apk
W/ActivityManager(   77): No content provider found for permission revoke: file:///data/local/tmp/macotec-debug.apk
D/dalvikvm(   77): GC_CONCURRENT freed 334K, 14% free 11532K/13255K, paused 18ms+20ms
D/dalvikvm(   77): GC_CONCURRENT freed 335K, 12% free 11709K/13255K, paused 7ms+19ms
D/dalvikvm(   77): GC_CONCURRENT freed 551K, 12% free 11739K/13255K, paused 18ms+46ms
D/dalvikvm(   77): GC_CONCURRENT freed 557K, 12% free 11741K/13255K, paused 23ms+36ms
D/dalvikvm(   77): GC_CONCURRENT freed 562K, 12% free 11748K/13255K, paused 7ms+19ms
D/dalvikvm(   77): GC_CONCURRENT freed 601K, 12% free 11753K/13255K, paused 6ms+26ms
I/PackageManager(   77): Removing non-system package:com.rhomobile.macotec
I/ActivityManager(   77): Force stopping package com.rhomobile.macotec uid=10040
I/ActivityManager(   77): Killing proc 4025:com.rhomobile.macotec/10040: force stop
W/ActivityManager(   77): Force removing ActivityRecord{4148d648 com.rhomobile.macotec/com.rhomobile.rhodes.RhodesActivity}: app died, no saved state
W/NetworkManagementSocketTagger(   77): setKernelCountSet(10040, 0) failed with errno -2
W/NetworkManagementSocketTagger(   77): setKernelCountSet(10009, 1) failed with errno -2
I/Process (   77): Sending signal. PID: 178 SIG: 3
I/dalvikvm(  178): threadid=3: reacting to signal 3
I/dalvikvm(  178): Wrote stack traces to '/data/anr/traces.txt'
I/Process (   77): Sending signal. PID: 178 SIG: 3
I/dalvikvm(  178): threadid=3: reacting to signal 3
I/dalvikvm(  178): Wrote stack traces to '/data/anr/traces.txt'
I/WindowManager(   77): WIN DEATH: Window{415a5e88 com.rhomobile.macotec/com.rhomobile.rhodes.RhodesActivity paused=false}
D/dalvikvm(  178): GC_FOR_ALLOC freed 2633K, 29% free 16746K/23367K, paused 96ms
I/PackageManager(   77): Package com.rhomobile.macotec codePath changed from /data/app/com.rhomobile.macotec-1.apk to /data/app/com.rhomobile.macotec-2.apk; Retaining data and using new
D/dalvikvm(   77): GC_CONCURRENT freed 529K, 12% free 11790K/13255K, paused 7ms+21ms
D/dalvikvm(  178): GC_CONCURRENT freed 624K, 23% free 18153K/23367K, paused 4ms+20ms
D/dalvikvm(  178): GC_CONCURRENT freed 317K, 15% free 19863K/23367K, paused 5ms+10ms
D/dalvikvm(  178): GC_CONCURRENT freed 4014K, 24% free 17872K/23367K, paused 3ms+7ms
I/PackageManager(   77): Running dexopt on: com.rhomobile.macotec
D/dalvikvm( 4074): DexOpt: load 92ms, verify+opt 499ms
W/PackageManager(   77): Code path for pkg : com.rhomobile.macotec changing from /data/app/com.rhomobile.macotec-1.apk to /data/app/com.rhomobile.macotec-2.apk
W/PackageManager(   77): Resource path for pkg : com.rhomobile.macotec changing from /data/app/com.rhomobile.macotec-1.apk to /data/app/com.rhomobile.macotec-2.apk
I/ActivityManager(   77): Force stopping package com.rhomobile.macotec uid=10040
D/PackageManager(   77): New package installed in /data/app/com.rhomobile.macotec-2.apk
I/ActivityManager(   77): Force stopping package com.rhomobile.macotec uid=10040
D/dalvikvm(  178): GC_EXPLICIT freed 458K, 26% free 17414K/23367K, paused 4ms+6ms
D/dalvikvm(  224): GC_EXPLICIT freed 148K, 4% free 9387K/9735K, paused 121ms+5ms
D/dalvikvm(   77): GC_EXPLICIT freed 733K, 15% free 11351K/13255K, paused 8ms+9ms
D/PackageManager(   77): generateServicesMap(android.accounts.AccountAuthenticator): 2 services unchanged
D/PackageManager(   77): generateServicesMap(android.content.SyncAdapter): 4 services unchanged
D/BackupManagerService(   77): Received broadcast Intent { act=android.intent.action.PACKAGE_REMOVED dat=package:com.rhomobile.macotec flg=0x10000010 (has extras) }
I/AccountTypeManager(  316): Loaded meta-data for 1 account types, 0 accounts in 515ms(wall) 8ms(cpu)
D/PackageManager(   77): generateServicesMap(android.accounts.AccountAuthenticator): 2 services unchanged
D/PackageManager(   77): generateServicesMap(android.content.SyncAdapter): 4 services unchanged
D/BackupManagerService(   77): Received broadcast Intent { act=android.intent.action.PACKAGE_ADDED dat=package:com.rhomobile.macotec flg=0x10000010 (has extras) }
V/BackupManagerService(   77): updatePackageParticipantsLocked: #1
W/RecognitionManagerService(   77): no available voice recognition services found
D/dalvikvm(  178): GC_FOR_ALLOC freed 3096K, 33% free 15741K/23367K, paused 57ms
I/AccountTypeManager(  316): Loaded meta-data for 1 account types, 0 accounts in 974ms(wall) 6ms(cpu)
D/dalvikvm(  478): GC_CONCURRENT freed 403K, 6% free 9204K/9735K, paused 682ms+5ms
D/BackupManagerService(   77): Received broadcast Intent { act=android.intent.action.PACKAGE_REPLACED dat=package:com.rhomobile.macotec flg=0x10000010 (has extras) }
V/BackupManagerService(   77): updatePackageParticipantsLocked: #1
D/dalvikvm(   77): GC_CONCURRENT freed 459K, 14% free 11474K/13255K, paused 5ms+9ms
D/dalvikvm(  178): GC_CONCURRENT freed 2983K, 38% free 14720K/23367K, paused 4ms+11ms
D/dalvikvm(  178): GC_FOR_ALLOC freed 82K, 33% free 15693K/23367K, paused 52ms
D/dalvikvm(  178): GC_FOR_ALLOC freed 337K, 28% free 17008K/23367K, paused 51ms
D/dalvikvm(  178): GC_FOR_ALLOC freed 1639K, 27% free 17248K/23367K, paused 82ms
D/dalvikvm(  178): GC_CONCURRENT freed 1657K, 25% free 17561K/23367K, paused 4ms+16ms
D/dalvikvm(   77): GC_EXPLICIT freed 254K, 15% free 11284K/13255K, paused 6ms+8ms
D/AndroidRuntime( 4062): Shutting down VM
D/dalvikvm( 4062): GC_CONCURRENT freed 97K, 79% free 450K/2048K, paused 0ms+1ms
I/AndroidRuntime( 4062): NOTE: attach of thread 'Binder Thread #3' failed
D/AndroidRuntime( 4082): 
D/AndroidRuntime( 4082): >>>>>> AndroidRuntime START com.android.internal.os.RuntimeInit <<<<<<
D/AndroidRuntime( 4082): CheckJNI is ON
D/AndroidRuntime( 4082): Calling main entry com.android.commands.am.Am
I/ActivityManager(   77): START {act=android.intent.action.MAIN flg=0x10000000 cmp=com.rhomobile.macotec/com.rhomobile.rhodes.RhodesActivity} from pid 4082
W/WindowManager(   77): Failure taking screenshot for (180x273) to layer 21005
D/AndroidRuntime( 4082): Shutting down VM
D/dalvikvm( 4082): GC_CONCURRENT freed 97K, 77% free 480K/2048K, paused 0ms+0ms
I/AndroidRuntime( 4082): NOTE: attach of thread 'Binder Thread #3' failed
I/ActivityManager(   77): Start proc com.rhomobile.macotec for activity com.rhomobile.macotec/com.rhomobile.rhodes.RhodesActivity: pid=4093 uid=10040 gids={3003}
I/dalvikvm( 4093): Turning on JNI app bug workarounds for target SDK version 4...
W/NetworkManagementSocketTagger(   77): setKernelCountSet(10040, 1) failed with errno -2
I/Process (   77): Sending signal. PID: 4093 SIG: 3
I/dalvikvm( 4093): threadid=3: reacting to signal 3
I/dalvikvm( 4093): Wrote stack traces to '/data/anr/traces.txt'
D/dalvikvm( 4093): Trying to load lib /data/data/com.rhomobile.macotec/lib/librhodes.so 0x412a3c88
D/dalvikvm( 4093): Added shared lib /data/data/com.rhomobile.macotec/lib/librhodes.so 0x412a3c88
D/dalvikvm( 4093): Trying to load lib /data/data/com.rhomobile.macotec/lib/librhodes.so 0x412a3c88
D/dalvikvm( 4093): Shared lib '/data/data/com.rhomobile.macotec/lib/librhodes.so' already loaded in same CL 0x412a3c88
I/ActivityThread( 4093): Pub com.rhomobile.macotec: com.rhomobile.rhodes.LocalFileProvider
I/Process (   77): Sending signal. PID: 4093 SIG: 3
I/dalvikvm( 4093): threadid=3: reacting to signal 3
I/dalvikvm( 4093): Wrote stack traces to '/data/anr/traces.txt'
I/RhodesApplication( 4093): Initializing...
D/RhoFileApi( 4093): App root path: /data/data/com.rhomobile.macotec/rhodata/
D/RhoFileApi( 4093): Sqlite journals path: /data/data/com.rhomobile.macotec/sqlite_stmt_journals/
D/RhoFileApi( 4093): Shared path: /data/data/com.rhomobile.macotec/rhodata/
D/RhodesApplication( 4093): Root path: /data/data/com.rhomobile.macotec/rhodata/
I/RhodesApplication( 4093): Application hash was changed
D/RhoFileApi( 4093): Copy hash to FS
D/RhoFileApi( 4093): File hash copied
D/RhoFileApi( 4093): Copy rho.dat to FS
D/RhoFileApi( 4093): File rho.dat copied
D/RhoFileApi( 4093): Copy apps/rhoconfig.txt to FS
D/RhoFileApi( 4093): File apps/rhoconfig.txt copied
I/RhoFileApi( 4093): Opening stat table from FS: /data/data/com.rhomobile.macotec/rhodata/rho.dat
I/Process (   77): Sending signal. PID: 4093 SIG: 3
I/dalvikvm( 4093): threadid=3: reacting to signal 3
I/dalvikvm( 4093): Wrote stack traces to '/data/anr/traces.txt'
D/RhoFileApi( 4093): Copy apps/rhoconfig.txt to FS
D/RhoFileApi( 4093): File apps/rhoconfig.txt copied
D/RhoFileApi( 4093): App root path: /data/data/com.rhomobile.macotec/rhodata/
D/RhoFileApi( 4093): Sqlite journals path: /data/data/com.rhomobile.macotec/sqlite_stmt_journals/
D/RhoFileApi( 4093): Shared path: /data/data/com.rhomobile.macotec/rhodata/
I/APP     ( 4093): I 01/30/2013 15:42:13:506 00000ffd    RhodesApplication| Initialized
I/APP     ( 4093): I 01/30/2013 15:42:13:594 00000ffd         BaseActivity| New screen properties - width: 480, height: 728, orientation: 1
I/Process (   77): Sending signal. PID: 4093 SIG: 3
I/dalvikvm( 4093): threadid=3: reacting to signal 3
I/dalvikvm( 4093): Wrote stack traces to '/data/anr/traces.txt'
I/APP     ( 4093): I 01/30/2013 15:42:14:125 00000ffd         SplashScreen| Looking for start page source
D/dalvikvm( 4093): GC_CONCURRENT freed 289K, 5% free 9216K/9607K, paused 4ms+16ms
I/Process (   77): Sending signal. PID: 4093 SIG: 3
I/dalvikvm( 4093): threadid=3: reacting to signal 3
I/dalvikvm( 4093): Wrote stack traces to '/data/anr/traces.txt'
I/Process (   77): Sending signal. PID: 4093 SIG: 3
I/dalvikvm( 4093): threadid=3: reacting to signal 3
I/Process (   77): Sending signal. PID: 4093 SIG: 3
I/dalvikvm( 4093): Wrote stack traces to '/data/anr/traces.txt'
I/Process (   77): Sending signal. PID: 4093 SIG: 3
I/dalvikvm( 4093): threadid=3: reacting to signal 3
I/Process (   77): Sending signal. PID: 4093 SIG: 3
D/dalvikvm( 4093): GC_FOR_ALLOC freed 13K, 5% free 9221K/9607K, paused 765ms
I/dalvikvm( 4093): Wrote stack traces to '/data/anr/traces.txt'
I/dalvikvm( 4093): threadid=3: reacting to signal 3
I/Process (   77): Sending signal. PID: 4093 SIG: 3
I/dalvikvm-heap( 4093): Grow heap (frag case) to 12.140MB for 3217300-byte allocation
I/Process (   77): Sending signal. PID: 4093 SIG: 3
I/dalvikvm( 4093): Wrote stack traces to '/data/anr/traces.txt'
I/Process (   77): Sending signal. PID: 4093 SIG: 3
I/dalvikvm( 4093): threadid=3: reacting to signal 3
D/dalvikvm( 4093): GC_FOR_ALLOC freed <1K, 4% free 12362K/12807K, paused 702ms
I/Process (   77): Sending signal. PID: 4093 SIG: 3
I/dalvikvm( 4093): Wrote stack traces to '/data/anr/traces.txt'
I/dalvikvm( 4093): threadid=3: reacting to signal 3
I/Process (   77): Sending signal. PID: 4093 SIG: 3
I/dalvikvm( 4093): Wrote stack traces to '/data/anr/traces.txt'
D/dalvikvm( 4093): GC_CONCURRENT freed 0K, 4% free 12363K/12807K, paused 15ms+3ms
I/dalvikvm( 4093): threadid=3: reacting to signal 3
I/dalvikvm( 4093): Wrote stack traces to '/data/anr/traces.txt'
I/Process (   77): Sending signal. PID: 4093 SIG: 3
I/dalvikvm( 4093): threadid=3: reacting to signal 3
I/dalvikvm( 4093): Wrote stack traces to '/data/anr/traces.txt'
I/APP     ( 4093): I 01/30/2013 15:42:20:167 00000ffd         SplashScreen| Done
I/APP     ( 4093): I 01/30/2013 15:42:20:174 00000ffd    RhodesApplication| New UiState: MainActivityCreated
I/APP     ( 4093): I 01/30/2013 15:42:20:230 00000ffd       RhodesActivity| onStart
I/APP     ( 4093): I 01/30/2013 15:42:20:236 00000ffd    RhodesApplication| New UiState: MainActivityStarted
I/APP     ( 4093): I 01/30/2013 15:42:20:274 00000ffd       RhodesActivity| onResume
I/APP     ( 4093): I 01/30/2013 15:42:20:295 00000ffd AndroidFunctionality| Resume WebView
I/APP     ( 4093): I 01/30/2013 15:42:20:359 00000ffd        RhodesService| onCreate
I/APP     ( 4093): I 01/30/2013 15:42:20:366 00000ffd    LocalFileProvider| Revoke URI permissions: content:///com.rhomobile.macotec
W/ActivityManager(   77): No content provider found for permission revoke: content:///com.rhomobile.macotec
I/APP     ( 4093): I 01/30/2013 15:42:20:421 00000ffd               Rhodes| Loading...
I/APP     ( 4093): I 01/30/2013 15:42:20:427 00000ffd            RhodesApp| Trying to get free listening port.
I/Process (   77): Sending signal. PID: 4093 SIG: 3
I/dalvikvm( 4093): threadid=3: reacting to signal 3
I/dalvikvm( 4093): Wrote stack traces to '/data/anr/traces.txt'
I/APP     ( 4093): I 01/30/2013 15:42:20:523 00000ffd            RhodesApp| Trying to bind of 8080 port...
I/APP     ( 4093): I 01/30/2013 15:42:20:528 00000ffd            RhodesApp| Got port to bind on: 8080
I/APP     ( 4093): I 01/30/2013 15:42:20:569 00000ffd            RhodesApp| Free listening port: 8080
I/APP     ( 4093): I 01/30/2013 15:42:20:560 00001011         AppCallbacks| Starting main routine...
I/APP     ( 4093): I 01/30/2013 15:42:20:599 00001011         AppCallbacks| ThreadQueue blocked for 4294967295 seconds...
I/APP     ( 4093): I 01/30/2013 15:42:20:703 00000ffd        RhodesService| Push is disabled
I/APP     ( 4093): I 01/30/2013 15:42:20:728 00000ffd            RhodesApp| callAppActiveCallback
I/APP     ( 4093): I 01/30/2013 15:42:20:733 00000ffd         AppCallbacks| addCommand: APP-ACTIVATED
I/APP     ( 4093): I 01/30/2013 15:42:20:763 00001011         AppCallbacks| Received command APP-ACTIVATED which is greater than expected (LOCAL-SERVER-STARTED) - postpone it
I/APP     ( 4093): I 01/30/2013 15:42:20:764 00001011         AppCallbacks| ThreadQueue blocked for 4294967295 seconds...
I/APP     ( 4093): I 01/30/2013 15:42:20:793 00000ffd         AppActivated| Cannot commit now, application will be activated when started.
I/APP     ( 4093): I 01/30/2013 15:42:20:819 00000ffd    RhodesApplication| New AppState: Undefined
I/APP     ( 4093): I 01/30/2013 15:42:20:813 00001013            RhodesApp| Starting RhodesApp main routine...
D/RhodesService( 4093): +++ onStartCommand
I/RhodesService( 4093): handleCommand: startId=1, source=com.rhomobile.rhodes.BaseActivity
D/RhodesService( 4093): New activity was created
I/APP     ( 4093): I 01/30/2013 15:42:20:901 00000ffd        RhodesService| onBind
I/Process (   77): Sending signal. PID: 4093 SIG: 3
I/dalvikvm( 4093): threadid=3: reacting to signal 3
I/dalvikvm( 4093): Wrote stack traces to '/data/anr/traces.txt'
I/APP     ( 4093): I 01/30/2013 15:42:21:035 00000ffd         AppCallbacks| addCommand: UI-CREATED
I/APP     ( 4093): I 01/30/2013 15:42:21:089 00001011         AppCallbacks| Received command UI-CREATED which is greater than expected (LOCAL-SERVER-STARTED) - postpone it
I/APP     ( 4093): I 01/30/2013 15:42:21:104 00001011         AppCallbacks| ThreadQueue blocked for 4294967295 seconds...
V/PhoneStatusBar(  129): setLightsOn(true)
I/APP     ( 4093): I 01/30/2013 15:42:21:317 00000ffd       RhodesActivity| onServiceConnected: {com.rhomobile.macotec/com.rhomobile.rhodes.RhodesService}
I/APP     ( 4093): I 01/30/2013 15:42:21:358 00000ffd       RhodesActivity| New start parameters: 
W/ActivityManager(   77): Launch timeout has expired, giving up wake lock!
I/APP     ( 4093): I 01/30/2013 15:42:21:395 00000ffd            RhodesApp| New start params: 
W/InputManagerService(   77): Starting input on non-focused client com.android.internal.view.IInputMethodClient$Stub$Proxy@413be130 (uid=10009 pid=178)
I/Process (   77): Sending signal. PID: 4093 SIG: 3
I/dalvikvm( 4093): threadid=3: reacting to signal 3
I/dalvikvm( 4093): Wrote stack traces to '/data/anr/traces.txt'
D/gralloc_goldfish( 4093): Emulator without GPU emulation detected.
W/ActivityManager(   77): Activity idle timeout for ActivityRecord{41478f58 com.rhomobile.macotec/com.rhomobile.rhodes.RhodesActivity}
I/ActivityManager(   77): Displayed com.rhomobile.macotec/com.rhomobile.rhodes.RhodesActivity: +10s672ms
W/NetworkManagementSocketTagger(   77): setKernelCountSet(10009, 0) failed with errno -2
I/APP     ( 4093): I 01/30/2013 15:42:22:262 00001013              RhoRuby| Init_RhoBlobs: /data/data/com.rhomobile.macotec/rhodata/db/db-files
I/APP     ( 4093): I 01/30/2013 15:42:22:515 00001013              RhoRuby| require_compiled: rhoframework
I/APP     ( 4093): I 01/30/2013 15:42:22:855 00001013              RhoRuby| require_compiled: rational
I/APP     ( 4093): I 01/30/2013 15:42:22:917 00001013              RhoRuby| require_compiled: rhom/rhom_db_adapter
I/APP     ( 4093): I 01/30/2013 15:42:23:052 00001013              RhoRuby| require_compiled: rhodes
I/APP     ( 4093): I 01/30/2013 15:42:23:112 00001013              RhoRuby| require_compiled: rhom/rhom_object
I/APP     ( 4093): I 01/30/2013 15:42:23:167 00001013              RhoRuby| require_compiled: rhofsconnector
I/APP     ( 4093): I 01/30/2013 15:42:23:233 00001013              RhoRuby| require_compiled: rho/rhofsconnector
I/APP     ( 4093): I 01/30/2013 15:42:23:314 00001013              RhoRuby| require_compiled: rhom/rhom_object_factory
I/APP     ( 4093): I 01/30/2013 15:42:23:596 00001013              RhoRuby| require_compiled: rhom/rhom
I/APP     ( 4093): I 01/30/2013 15:42:23:671 00001013              RhoRuby| require_compiled: rhom/rhom_model
I/APP     ( 4093): I 01/30/2013 15:42:23:741 00001013              RhoRuby| require_compiled: rhom
I/APP     ( 4093): I 01/30/2013 15:42:23:787 00001013              RhoRuby| require_compiled: rho/rhoapplication
I/APP     ( 4093): I 01/30/2013 15:42:23:864 00001013              RhoRuby| require_compiled: rholang/localization_simplified
I/APP     ( 4093): I 01/30/2013 15:42:23:935 00001013              RhoRuby| require_compiled: rho/rhomsg
I/APP     ( 4093): I 01/30/2013 15:42:23:983 00001013              RhoRuby| require_compiled: rho/rhotabbar
I/APP     ( 4093): I 01/30/2013 15:42:24:026 00001013              RhoRuby| require_compiled: rho/rhotoolbar
I/APP     ( 4093): I 01/30/2013 15:42:24:067 00001013                  APP| Current locale: ; Country code: 
I/APP     ( 4093): I 01/30/2013 15:42:24:100 00001013                  APP| Locilized file: /data/data/com.rhomobile.macotec/rhodata/lib/rholang/lang_
I/APP     ( 4093): I 01/30/2013 15:42:24:106 00001013              RhoRuby| require_compiled: /data/data/com.rhomobile.macotec/rhodata/lib/rholang/lang_en
I/APP     ( 4093): I 01/30/2013 15:42:24:154 00001013                  APP| Locilized file: /data/data/com.rhomobile.macotec/rhodata/apps/app/lang/lang_
I/APP     ( 4093): I 01/30/2013 15:42:24:183 00001013                  APP| Locilized file: /data/data/com.rhomobile.macotec/rhodata/lib/rholang/rhoerror_
I/APP     ( 4093): I 01/30/2013 15:42:24:230 00001013              RhoRuby| require_compiled: /data/data/com.rhomobile.macotec/rhodata/lib/rholang/rhoerror_en
I/APP     ( 4093): I 01/30/2013 15:42:24:261 00001013                  APP| Locilized file: /data/data/com.rhomobile.macotec/rhodata/lib/rholang/rhomsg_
I/APP     ( 4093): I 01/30/2013 15:42:24:287 00001013              RhoRuby| require_compiled: /data/data/com.rhomobile.macotec/rhodata/lib/rholang/rhomsg_en
I/APP     ( 4093): I 01/30/2013 15:42:24:327 00001013              RhoRuby| require_compiled: indifferent_access
I/APP     ( 4093): I 01/30/2013 15:42:24:411 00001013              RhoRuby| require_compiled: rho/rhosupport
I/APP     ( 4093): I 01/30/2013 15:42:24:517 00001013              RhoRuby| require_compiled: rho/rhocontroller
I/APP     ( 4093): I 01/30/2013 15:42:24:585 00001013              RhoRuby| require_compiled: rho/render
I/APP     ( 4093): I 01/30/2013 15:42:24:667 00001013              RhoRuby| require_compiled: rho/rho
I/APP     ( 4093): I 01/30/2013 15:42:24:845 00001013              RhoRuby| require_compiled: rho/rhoerror
I/APP     ( 4093): I 01/30/2013 15:42:24:898 00001013              RhoRuby| require_compiled: rhom/rhom_source
I/APP     ( 4093): I 01/30/2013 15:42:24:966 00001013              RhoRuby| require_compiled: rho/rhoviewhelpers
I/APP     ( 4093): I 01/30/2013 15:42:25:029 00001013              RhoRuby| require_compiled: rho
I/APP     ( 4093): I 01/30/2013 15:42:25:074 00001013                  APP| RHO loaded
I/APP     ( 4093): I 01/30/2013 15:42:25:104 00001013                  APP| Calling RHO.initialize
I/APP     ( 4093): I 01/30/2013 15:42:25:129 00001013                  APP| model file: Product/product
I/APP     ( 4093): I 01/30/2013 15:42:25:150 00001013                  APP| model file: Request/request
I/APP     ( 4093): I 01/30/2013 15:42:25:178 00001013                   DB| Open DB: /data/data/com.rhomobile.macotec/rhodata/db/syncdbuser.sqlite
I/APP     ( 4093): I 01/30/2013 15:42:25:218 00001013          GeoLocation| Creating singleton instance.
I/APP     ( 4093): I 01/30/2013 15:42:25:245 00001013            RhodesApp| Starting sync engine...
I/APP     ( 4093): I 01/30/2013 15:42:25:250 00001013                 Sync| sync_poll_interval: 0
I/APP     ( 4093): I 01/30/2013 15:42:25:278 00001013                 Sync| syncserver: 
I/APP     ( 4093): I 01/30/2013 15:42:25:285 00001013                 Sync| bulksync_state: 0
I/APP     ( 4093): I 01/30/2013 15:42:25:313 00001013            RhodesApp| RhoRubyInitApp...
I/APP     ( 4093): I 01/30/2013 15:42:25:335 00001013                  APP| init_app
I/APP     ( 4093): I 01/30/2013 15:42:25:340 00001013              RhoRuby| require_compiled: application
