V/EmulatedCamera_Factory(   38): getCameraInfo: id = 0
V/EmulatedCamera_Camera(   38): getCameraInfo
I/CameraService(   38): Opening camera 0
V/EmulatedCamera_Factory(   38): cameraDeviceOpen: id = 0
V/EmulatedCamera_Camera(   38): connectCamera
V/EmulatedCamera_FakeDevice(   38): connectDevice
V/EmulatedCamera_CallbackNotifier(   38): setCallbacks: 0x405954e9, 0x40595f9d, 0x40595f01, 0x40597359 (0x17a48)
V/EmulatedCamera_CallbackNotifier(   38): enableMessage: msg_type = 0x40d
V/EmulatedCamera_CallbackNotifier(   38):     CAMERA_MSG_ERROR
V/EmulatedCamera_CallbackNotifier(   38):     CAMERA_MSG_FOCUS
V/EmulatedCamera_CallbackNotifier(   38):     CAMERA_MSG_ZOOM
V/EmulatedCamera_CallbackNotifier(   38):     CAMERA_MSG_PREVIEW_METADATA
V/EmulatedCamera_CallbackNotifier(   38): **** Currently enabled messages:
V/EmulatedCamera_CallbackNotifier(   38):     CAMERA_MSG_ERROR
V/EmulatedCamera_CallbackNotifier(   38):     CAMERA_MSG_FOCUS
V/EmulatedCamera_CallbackNotifier(   38):     CAMERA_MSG_ZOOM
V/EmulatedCamera_CallbackNotifier(   38):     CAMERA_MSG_PREVIEW_METADATA
I/AwesomePlayer(   38): setDataSource_l('/system/media/audio/ui/camera_click.ogg')
I/APP     ( 2373): I 03/18/2013 17:28:12:597 0000095b           HttpServer| Process URI: '/system/uicreated'
I/APP     ( 2373): I 03/18/2013 17:28:12:602 0000095b                  APP| on_ui_created.navigate to start url: '/app'
I/APP     ( 2373): I 03/18/2013 17:28:12:650 00000959         AppCallbacks| process command: APP-ACTIVATED
I/APP     ( 2373): I 03/18/2013 17:28:12:730 0000095b           HttpServer| Process URI: '/system/activateapp'
I/APP     ( 2373): I 03/18/2013 17:28:12:748 00000959         AppCallbacks| ThreadQueue blocked for 4294967295 seconds...
I/AwesomePlayer(   38): setDataSource_l('/system/media/audio/ui/VideoRecord.ogg')
V/EmulatedCamera_CallbackNotifier(   38): disableMessage: msg_type = 0x10
V/EmulatedCamera_CallbackNotifier(   38):     CAMERA_MSG_PREVIEW_FRAME
V/EmulatedCamera_CallbackNotifier(   38): **** Currently enabled messages:
V/EmulatedCamera_CallbackNotifier(   38):     CAMERA_MSG_ERROR
V/EmulatedCamera_CallbackNotifier(   38):     CAMERA_MSG_FOCUS
V/EmulatedCamera_CallbackNotifier(   38):     CAMERA_MSG_ZOOM
V/EmulatedCamera_CallbackNotifier(   38):     CAMERA_MSG_PREVIEW_METADATA
V/EmulatedCamera_CallbackNotifier(   38): disableMessage: msg_type = 0xffff
V/EmulatedCamera_CallbackNotifier(   38):     CAMERA_MSG_ERROR
V/EmulatedCamera_CallbackNotifier(   38):     CAMERA_MSG_SHUTTER
V/EmulatedCamera_CallbackNotifier(   38):     CAMERA_MSG_FOCUS
V/EmulatedCamera_CallbackNotifier(   38):     CAMERA_MSG_ZOOM
V/EmulatedCamera_CallbackNotifier(   38):     CAMERA_MSG_PREVIEW_FRAME
V/EmulatedCamera_CallbackNotifier(   38):     CAMERA_MSG_VIDEO_FRAME
V/EmulatedCamera_CallbackNotifier(   38):     CAMERA_MSG_POSTVIEW_FRAME
V/EmulatedCamera_CallbackNotifier(   38):     CAMERA_MSG_RAW_IMAGE
V/EmulatedCamera_CallbackNotifier(   38):     CAMERA_MSG_COMPRESSED_IMAGE
V/EmulatedCamera_CallbackNotifier(   38):     CAMERA_MSG_RAW_IMAGE_NOTIFY
V/EmulatedCamera_CallbackNotifier(   38):     CAMERA_MSG_PREVIEW_METADATA
V/EmulatedCamera_CallbackNotifier(   38): **** Currently enabled messages:
V/EmulatedCamera_Camera(   38): doStopPreview
V/EmulatedCamera_Camera(   38): cancelPicture
V/EmulatedCamera_Camera(   38): releaseCamera
V/EmulatedCamera_Camera(   38): doStopPreview
V/EmulatedCamera_FakeDevice(   38): disconnectDevice
I/CameraService(   38): Destroying camera 0
V/EmulatedCamera_Camera(   38): closeCamera
V/EmulatedCamera_Camera(   38): doStopPreview
W/AudioFlinger(   38): session id 51 not found for pid 38
W/AudioFlinger(   38): session id 52 not found for pid 38
V/EmulatedCamera_Factory(   38): getCameraInfo: id = 0
V/EmulatedCamera_Camera(   38): getCameraInfo
I/APP     ( 2373): I 03/18/2013 17:28:13:133 00000945         SplashScreen| navigate: url=http://localhost:8080/app
I/APP     ( 2373): I 03/18/2013 17:28:13:138 00000945         SplashScreen| DELAY for SplashScreen = 0
I/APP     ( 2373): I 03/18/2013 17:28:13:182 00000945        GoogleWebView| Creating new RhoWebChromeClient
I/APP     ( 2373): I 03/18/2013 17:28:13:207 00000945       SimpleMainView| Cleared URL: http://localhost:8080/app
V/SimpleMainView.View( 2373): ms[1363624093270]  Main Window :: onSizeChanged() old [ 480 x 762 ]  new [ 0 x 0 ]
I/APP     ( 2373): I 03/18/2013 17:28:13:321 00000945        GoogleWebView| Setting RhoWebChromeClient
I/APP     ( 2373): I 03/18/2013 17:28:13:378 0000095b           HttpServer| Process URI: '/app'
I/APP     ( 2373): I 03/18/2013 17:28:13:414 00000945     RhoWebViewClient| Loading URL: http://localhost:8080/app/index_erb.iseq
I/APP     ( 2373): I 03/18/2013 17:28:13:449 0000095b           HttpServer| Process URI: '/app/index_erb.iseq'
I/APP     ( 2373): I 03/18/2013 17:28:13:455 0000095b                  APP| RHO serve_index: /app/index_erb.iseq
I/APP     ( 2373): I 03/18/2013 17:28:13:459 0000095b RHO Rho::RhoController| inst_render_index
I/APP     ( 2373): I 03/18/2013 17:28:13:534 0000095b                  APP| App error: undefined method `get_current_url' for WebView:Module
I/APP     ( 2373):  (eval):45:in `<compiled>'
I/APP     ( 2373): lib/rho/render.rb:88:in `eval_compiled_file'
I/APP     ( 2373): lib/rho/render.rb:88:in `inst_render_index'
I/APP     ( 2373): lib/rho/render.rb:59:in `renderfile'
I/APP     ( 2373): lib/rho/rho.rb:923:in `serve_index'
I/APP     ( 2373): I 03/18/2013 17:28:13:621 0000095b           HttpServer| GC Start.
I/APP     ( 2373): I 03/18/2013 17:28:13:717 0000095b           HttpServer| GC End.
D/AndroidRuntime( 2414): 
D/AndroidRuntime( 2414): >>>>>> AndroidRuntime START com.android.internal.os.RuntimeInit <<<<<<
D/AndroidRuntime( 2414): CheckJNI is ON
D/AndroidRuntime( 2414): Calling main entry com.android.commands.pm.Pm
W/ActivityManager(   81): No content provider found for permission revoke: file:///data/local/tmp/MacoTec-debug.apk
W/ActivityManager(   81): No content provider found for permission revoke: file:///data/local/tmp/MacoTec-debug.apk
D/dalvikvm(   81): GC_CONCURRENT freed 318K, 10% free 11440K/12679K, paused 11ms+8ms
D/dalvikvm(   81): GC_CONCURRENT freed 296K, 9% free 11656K/12679K, paused 9ms+10ms
D/dalvikvm(   81): GC_CONCURRENT freed 539K, 8% free 11674K/12679K, paused 6ms+8ms
D/dalvikvm(   81): GC_CONCURRENT freed 547K, 8% free 11676K/12679K, paused 9ms+16ms
D/dalvikvm(   81): GC_CONCURRENT freed 546K, 8% free 11693K/12679K, paused 9ms+16ms
D/dalvikvm(   81): GC_CONCURRENT freed 560K, 8% free 11687K/12679K, paused 9ms+6ms
D/dalvikvm(   81): GC_CONCURRENT freed 558K, 8% free 11680K/12679K, paused 5ms+7ms
I/PackageManager(   81): Removing non-system package:com.rhomobile.macotec
I/ActivityManager(   81): Force stopping package com.rhomobile.macotec uid=10040
I/ActivityManager(   81): Killing proc 2373:com.rhomobile.macotec/10040: force stop
W/ActivityManager(   81): Force removing ActivityRecord{413c5350 com.rhomobile.macotec/com.rhomobile.rhodes.RhodesActivity}: app died, no saved state
I/WindowManager(   81): WIN DEATH: Window{415bbf10 com.rhomobile.macotec/com.rhomobile.rhodes.RhodesActivity paused=false}
I/PackageManager(   81): Package com.rhomobile.macotec codePath changed from /data/app/com.rhomobile.macotec-2.apk to /data/app/com.rhomobile.macotec-1.apk; Retaining data and using new
W/NetworkManagementSocketTagger(   81): setKernelCountSet(10040, 0) failed with errno -2
W/NetworkManagementSocketTagger(   81): setKernelCountSet(10009, 1) failed with errno -2
W/InputManagerService(   81): Got RemoteException sending setActive(false) notification to pid 2373 uid 10040
I/Process (   81): Sending signal. PID: 202 SIG: 3
I/dalvikvm(  202): threadid=3: reacting to signal 3
I/dalvikvm(  202): Wrote stack traces to '/data/anr/traces.txt'
D/dalvikvm(  202): GC_CONCURRENT freed 3957K, 26% free 17685K/23815K, paused 5ms+10ms
D/dalvikvm(  202): GC_CONCURRENT freed 677K, 21% free 18938K/23815K, paused 4ms+20ms
D/dalvikvm(  202): GC_FOR_ALLOC freed 2637K, 24% free 18204K/23815K, paused 52ms
D/dalvikvm(  202): GC_CONCURRENT freed 346K, 17% free 19866K/23815K, paused 4ms+18ms
I/PackageManager(   81): Running dexopt on: com.rhomobile.macotec
D/dalvikvm( 2425): DexOpt: load 91ms, verify+opt 501ms
W/PackageManager(   81): Code path for pkg : com.rhomobile.macotec changing from /data/app/com.rhomobile.macotec-2.apk to /data/app/com.rhomobile.macotec-1.apk
W/PackageManager(   81): Resource path for pkg : com.rhomobile.macotec changing from /data/app/com.rhomobile.macotec-2.apk to /data/app/com.rhomobile.macotec-1.apk
I/ActivityManager(   81): Force stopping package com.rhomobile.macotec uid=10040
D/PackageManager(   81): New package installed in /data/app/com.rhomobile.macotec-1.apk
D/dalvikvm(   81): GC_CONCURRENT freed 516K, 8% free 11704K/12679K, paused 5ms+26ms
I/ActivityManager(   81): Force stopping package com.rhomobile.macotec uid=10040
D/dalvikvm(  202): GC_EXPLICIT freed 3337K, 24% free 18240K/23815K, paused 4ms+10ms
D/dalvikvm(  236): GC_EXPLICIT freed 152K, 4% free 9389K/9735K, paused 2ms+5ms
D/dalvikvm(   81): GC_EXPLICIT freed 582K, 12% free 11243K/12679K, paused 7ms+8ms
D/PackageManager(   81): generateServicesMap(android.accounts.AccountAuthenticator): 2 services unchanged
D/PackageManager(   81): generateServicesMap(android.content.SyncAdapter): 4 services unchanged
D/BackupManagerService(   81): Received broadcast Intent { act=android.intent.action.PACKAGE_REMOVED dat=package:com.rhomobile.macotec flg=0x10000010 (has extras) }
I/AccountTypeManager(  312): Loaded meta-data for 1 account types, 0 accounts in 250ms(wall) 8ms(cpu)
D/PackageManager(   81): generateServicesMap(android.accounts.AccountAuthenticator): 2 services unchanged
D/PackageManager(   81): generateServicesMap(android.content.SyncAdapter): 4 services unchanged
D/BackupManagerService(   81): Received broadcast Intent { act=android.intent.action.PACKAGE_ADDED dat=package:com.rhomobile.macotec flg=0x10000010 (has extras) }
V/BackupManagerService(   81): updatePackageParticipantsLocked: #1
W/RecognitionManagerService(   81): no available voice recognition services found
I/AccountTypeManager(  312): Loaded meta-data for 1 account types, 0 accounts in 440ms(wall) 6ms(cpu)
D/dalvikvm(   81): GC_CONCURRENT freed 406K, 12% free 11270K/12679K, paused 5ms+11ms
D/BackupManagerService(   81): Received broadcast Intent { act=android.intent.action.PACKAGE_REPLACED dat=package:com.rhomobile.macotec flg=0x10000010 (has extras) }
V/BackupManagerService(   81): updatePackageParticipantsLocked: #1
D/dalvikvm(  202): GC_FOR_ALLOC freed 3500K, 32% free 16287K/23815K, paused 60ms
D/dalvikvm(  202): GC_FOR_ALLOC freed 430K, 26% free 17750K/23815K, paused 68ms
D/dalvikvm(  202): GC_FOR_ALLOC freed 4057K, 37% free 15128K/23815K, paused 59ms
D/dalvikvm(  202): GC_FOR_ALLOC freed 56K, 31% free 16496K/23815K, paused 94ms
D/dalvikvm(  202): GC_FOR_ALLOC freed 339K, 27% free 17574K/23815K, paused 68ms
D/dalvikvm(  202): GC_CONCURRENT freed 1734K, 25% free 17866K/23815K, paused 4ms+7ms
D/dalvikvm(   81): GC_EXPLICIT freed 232K, 12% free 11251K/12679K, paused 4ms+20ms
D/dalvikvm(  202): GC_FOR_ALLOC freed 1267K, 23% free 18392K/23815K, paused 82ms
D/AndroidRuntime( 2414): Shutting down VM
D/dalvikvm( 2414): GC_CONCURRENT freed 97K, 79% free 450K/2048K, paused 1ms+1ms
I/AndroidRuntime( 2414): NOTE: attach of thread 'Binder Thread #3' failed
D/dalvikvm(  202): GC_CONCURRENT freed 856K, 18% free 19571K/23815K, paused 4ms+7ms
D/AndroidRuntime( 2433): 
D/AndroidRuntime( 2433): >>>>>> AndroidRuntime START com.android.internal.os.RuntimeInit <<<<<<
D/AndroidRuntime( 2433): CheckJNI is ON
D/AndroidRuntime( 2433): Calling main entry com.android.commands.am.Am
I/ActivityManager(   81): START {act=android.intent.action.MAIN flg=0x10000000 cmp=com.rhomobile.macotec/com.rhomobile.rhodes.RhodesActivity} from pid 2433
W/WindowManager(   81): Failure taking screenshot for (180x300) to layer 21005
D/AndroidRuntime( 2433): Shutting down VM
D/dalvikvm( 2433): GC_CONCURRENT freed 97K, 77% free 480K/2048K, paused 0ms+1ms
I/AndroidRuntime( 2433): NOTE: attach of thread 'Binder Thread #3' failed
I/ActivityManager(   81): Start proc com.rhomobile.macotec for activity com.rhomobile.macotec/com.rhomobile.rhodes.RhodesActivity: pid=2443 uid=10040 gids={3003, 1006}
I/dalvikvm( 2443): Turning on JNI app bug workarounds for target SDK version 4...
W/NetworkManagementSocketTagger(   81): setKernelCountSet(10040, 1) failed with errno -2
I/Process (   81): Sending signal. PID: 2443 SIG: 3
I/dalvikvm( 2443): threadid=3: reacting to signal 3
I/dalvikvm( 2443): Wrote stack traces to '/data/anr/traces.txt'
D/dalvikvm( 2443): Trying to load lib /data/data/com.rhomobile.macotec/lib/librhodes.so 0x4129ea40
D/dalvikvm( 2443): Added shared lib /data/data/com.rhomobile.macotec/lib/librhodes.so 0x4129ea40
D/dalvikvm( 2443): Trying to load lib /data/data/com.rhomobile.macotec/lib/librhodes.so 0x4129ea40
D/dalvikvm( 2443): Shared lib '/data/data/com.rhomobile.macotec/lib/librhodes.so' already loaded in same CL 0x4129ea40
I/ActivityThread( 2443): Pub com.rhomobile.macotec: com.rhomobile.rhodes.LocalFileProvider
I/RhodesApplication( 2443): Initializing...
D/RhoFileApi( 2443): App root path: /data/data/com.rhomobile.macotec/rhodata/
D/RhoFileApi( 2443): Sqlite journals path: /data/data/com.rhomobile.macotec/sqlite_stmt_journals/
D/RhoFileApi( 2443): Shared path: /data/data/com.rhomobile.macotec/rhodata/
D/RhodesApplication( 2443): Root path: /data/data/com.rhomobile.macotec/rhodata/
I/Process (   81): Sending signal. PID: 2443 SIG: 3
I/dalvikvm( 2443): threadid=3: reacting to signal 3
I/dalvikvm( 2443): Wrote stack traces to '/data/anr/traces.txt'
I/RhodesApplication( 2443): Application hash was changed
D/RhoFileApi( 2443): Copy hash to FS
D/RhoFileApi( 2443): File hash copied
D/RhoFileApi( 2443): Copy rho.dat to FS
I/Process (   81): Sending signal. PID: 2443 SIG: 3
I/dalvikvm( 2443): threadid=3: reacting to signal 3
I/dalvikvm( 2443): Wrote stack traces to '/data/anr/traces.txt'
D/RhoFileApi( 2443): File rho.dat copied
D/RhoFileApi( 2443): Copy apps/rhoconfig.txt to FS
D/RhoFileApi( 2443): File apps/rhoconfig.txt copied
I/RhoFileApi( 2443): Opening stat table from FS: /data/data/com.rhomobile.macotec/rhodata/rho.dat
I/Process (   81): Sending signal. PID: 2443 SIG: 3
I/dalvikvm( 2443): threadid=3: reacting to signal 3
I/dalvikvm( 2443): Wrote stack traces to '/data/anr/traces.txt'
I/Process (   81): Sending signal. PID: 2443 SIG: 3
I/dalvikvm( 2443): threadid=3: reacting to signal 3
I/dalvikvm( 2443): Wrote stack traces to '/data/anr/traces.txt'
I/Process (   81): Sending signal. PID: 2443 SIG: 3
I/dalvikvm( 2443): threadid=3: reacting to signal 3
I/dalvikvm( 2443): Wrote stack traces to '/data/anr/traces.txt'
I/Process (   81): Sending signal. PID: 2443 SIG: 3
I/dalvikvm( 2443): threadid=3: reacting to signal 3
I/dalvikvm( 2443): Wrote stack traces to '/data/anr/traces.txt'
I/Process (   81): Sending signal. PID: 2443 SIG: 3
I/dalvikvm( 2443): threadid=3: reacting to signal 3
I/dalvikvm( 2443): Wrote stack traces to '/data/anr/traces.txt'
I/Process (   81): Sending signal. PID: 2443 SIG: 3
I/dalvikvm( 2443): threadid=3: reacting to signal 3
I/dalvikvm( 2443): Wrote stack traces to '/data/anr/traces.txt'
I/Process (   81): Sending signal. PID: 2443 SIG: 3
I/dalvikvm( 2443): threadid=3: reacting to signal 3
I/dalvikvm( 2443): Wrote stack traces to '/data/anr/traces.txt'
D/RhoFileApi( 2443): Copy apps/rhoconfig.txt to FS
D/RhoFileApi( 2443): File apps/rhoconfig.txt copied
D/RhoFileApi( 2443): App root path: /data/data/com.rhomobile.macotec/rhodata/
D/RhoFileApi( 2443): Sqlite journals path: /data/data/com.rhomobile.macotec/sqlite_stmt_journals/
I/Process (   81): Sending signal. PID: 2443 SIG: 3
I/dalvikvm( 2443): threadid=3: reacting to signal 3
I/dalvikvm( 2443): Wrote stack traces to '/data/anr/traces.txt'
D/RhoFileApi( 2443): Shared path: /data/data/com.rhomobile.macotec/rhodata/
I/APP     ( 2443): I 03/18/2013 17:30:57:650 0000098b    RhodesApplication| Initialized
I/APP     ( 2443): I 03/18/2013 17:30:57:720 0000098b         BaseActivity| New screen properties - width: 480, height: 800, orientation: 1
I/APP     ( 2443): I 03/18/2013 17:30:57:864 0000098b         SplashScreen| Looking for start page source
D/dalvikvm( 2443): GC_CONCURRENT freed 294K, 4% free 9231K/9607K, paused 5ms+4ms
I/Process (   81): Sending signal. PID: 2443 SIG: 3
I/dalvikvm( 2443): threadid=3: reacting to signal 3
D/dalvikvm( 2443): GC_FOR_ALLOC freed 4K, 4% free 9227K/9607K, paused 99ms
I/dalvikvm-heap( 2443): Grow heap (frag case) to 12.146MB for 3217300-byte allocation
I/dalvikvm( 2443): Wrote stack traces to '/data/anr/traces.txt'
D/dalvikvm( 2443): GC_FOR_ALLOC freed 0K, 4% free 12369K/12807K, paused 66ms
I/Process (   81): Sending signal. PID: 2443 SIG: 3
I/dalvikvm( 2443): threadid=3: reacting to signal 3
I/dalvikvm( 2443): Wrote stack traces to '/data/anr/traces.txt'
I/APP     ( 2443): I 03/18/2013 17:30:58:764 0000098b         SplashScreen| Done
I/APP     ( 2443): I 03/18/2013 17:30:58:769 0000098b    RhodesApplication| New UiState: MainActivityCreated
I/APP     ( 2443): I 03/18/2013 17:30:58:798 0000098b       RhodesActivity| onStart
I/APP     ( 2443): I 03/18/2013 17:30:58:803 0000098b    RhodesApplication| New UiState: MainActivityStarted
I/APP     ( 2443): I 03/18/2013 17:30:58:832 0000098b       RhodesActivity| onResume
I/APP     ( 2443): I 03/18/2013 17:30:58:837 0000098b AndroidFunctionality| Resume WebView
I/APP     ( 2443): I 03/18/2013 17:30:58:888 0000098b        RhodesService| onCreate
I/APP     ( 2443): I 03/18/2013 17:30:58:891 0000098b    LocalFileProvider| Revoke URI permissions: content:///com.rhomobile.macotec
W/ActivityManager(   81): No content provider found for permission revoke: content:///com.rhomobile.macotec
I/APP     ( 2443): I 03/18/2013 17:30:58:926 0000098b               Rhodes| Loading...
I/APP     ( 2443): I 03/18/2013 17:30:58:964 0000098b            RhodesApp| Trying to get free listening port.
I/APP     ( 2443): I 03/18/2013 17:30:58:968 0000098b            RhodesApp| Trying to bind of 8080 port...
I/APP     ( 2443): I 03/18/2013 17:30:58:993 0000098b            RhodesApp| Got port to bind on: 8080
I/APP     ( 2443): I 03/18/2013 17:30:58:997 0000098b            RhodesApp| Free listening port: 8080
I/APP     ( 2443): I 03/18/2013 17:30:59:022 000009a0         AppCallbacks| Starting main routine...
I/APP     ( 2443): I 03/18/2013 17:30:59:025 000009a0         AppCallbacks| ThreadQueue blocked for 4294967295 seconds...
I/Process (   81): Sending signal. PID: 2443 SIG: 3
I/dalvikvm( 2443): threadid=3: reacting to signal 3
I/APP     ( 2443): I 03/18/2013 17:30:59:149 0000098b        RhodesService| Push is disabled
I/APP     ( 2443): I 03/18/2013 17:30:59:153 0000098b            RhodesApp| callAppActiveCallback
I/APP     ( 2443): I 03/18/2013 17:30:59:187 0000098b         AppCallbacks| addCommand: APP-ACTIVATED
I/APP     ( 2443): I 03/18/2013 17:30:59:190 000009a0         AppCallbacks| Received command APP-ACTIVATED which is greater than expected (LOCAL-SERVER-STARTED) - postpone it
I/APP     ( 2443): I 03/18/2013 17:30:59:192 000009a0         AppCallbacks| ThreadQueue blocked for 4294967295 seconds...
I/APP     ( 2443): I 03/18/2013 17:30:59:218 0000098b         AppActivated| Cannot commit now, application will be activated when started.
I/APP     ( 2443): I 03/18/2013 17:30:59:221 0000098b    RhodesApplication| New AppState: Undefined
I/dalvikvm( 2443): Wrote stack traces to '/data/anr/traces.txt'
D/RhodesService( 2443): +++ onStartCommand
I/RhodesService( 2443): handleCommand: startId=1, source=com.rhomobile.rhodes.BaseActivity
D/RhodesService( 2443): New activity was created
I/APP     ( 2443): I 03/18/2013 17:30:59:281 0000098b        RhodesService| onBind
I/APP     ( 2443): I 03/18/2013 17:30:59:294 000009a2            RhodesApp| Starting RhodesApp main routine...
I/APP     ( 2443): I 03/18/2013 17:30:59:359 0000098b         AppCallbacks| addCommand: UI-CREATED
I/APP     ( 2443): I 03/18/2013 17:30:59:363 000009a0         AppCallbacks| Received command UI-CREATED which is greater than expected (LOCAL-SERVER-STARTED) - postpone it
I/APP     ( 2443): I 03/18/2013 17:30:59:364 000009a0         AppCallbacks| ThreadQueue blocked for 4294967295 seconds...
V/PhoneStatusBar(  141): setLightsOn(true)
I/APP     ( 2443): I 03/18/2013 17:30:59:488 0000098b       RhodesActivity| onServiceConnected: {com.rhomobile.macotec/com.rhomobile.rhodes.RhodesService}
I/APP     ( 2443): I 03/18/2013 17:30:59:514 0000098b       RhodesActivity| New start parameters: 
I/APP     ( 2443): I 03/18/2013 17:30:59:531 0000098b            RhodesApp| New start params: 
I/Process (   81): Sending signal. PID: 2443 SIG: 3
I/dalvikvm( 2443): threadid=3: reacting to signal 3
D/gralloc_goldfish( 2443): Emulator without GPU emulation detected.
I/dalvikvm( 2443): Wrote stack traces to '/data/anr/traces.txt'
W/InputManagerService(   81): Starting input on non-focused client com.android.internal.view.IInputMethodClient$Stub$Proxy@4156af48 (uid=10009 pid=202)
I/ActivityManager(   81): Displayed com.rhomobile.macotec/com.rhomobile.rhodes.RhodesActivity: +8s711ms
I/APP     ( 2443): I 03/18/2013 17:31:00:222 000009a2              RhoRuby| Init_RhoBlobs: /data/data/com.rhomobile.macotec/rhodata/db/db-files
I/APP     ( 2443): I 03/18/2013 17:31:00:289 000009a2              RhoRuby| require_compiled: rhoframework
I/APP     ( 2443): I 03/18/2013 17:31:00:341 000009a2              RhoRuby| require_compiled: rational
I/APP     ( 2443): I 03/18/2013 17:31:00:368 000009a2              RhoRuby| require_compiled: rhom/rhom_db_adapter
I/APP     ( 2443): I 03/18/2013 17:31:00:428 000009a2              RhoRuby| require_compiled: rhodes
I/APP     ( 2443): I 03/18/2013 17:31:00:456 000009a2              RhoRuby| require_compiled: rhom/rhom_object
I/APP     ( 2443): I 03/18/2013 17:31:00:491 000009a2              RhoRuby| require_compiled: rhofsconnector
I/APP     ( 2443): I 03/18/2013 17:31:00:497 000009a2              RhoRuby| require_compiled: rho/rhofsconnector
I/APP     ( 2443): I 03/18/2013 17:31:00:545 000009a2              RhoRuby| require_compiled: rhom/rhom_object_factory
W/NetworkManagementSocketTagger(   81): setKernelCountSet(10009, 0) failed with errno -2
I/APP     ( 2443): I 03/18/2013 17:31:00:951 000009a2              RhoRuby| require_compiled: rhom/rhom
I/APP     ( 2443): I 03/18/2013 17:31:01:039 000009a2              RhoRuby| require_compiled: rhom/rhom_model
I/APP     ( 2443): I 03/18/2013 17:31:01:100 000009a2              RhoRuby| require_compiled: rhom
I/APP     ( 2443): I 03/18/2013 17:31:01:128 000009a2              RhoRuby| require_compiled: rho/rhoapplication
I/APP     ( 2443): I 03/18/2013 17:31:01:198 000009a2              RhoRuby| require_compiled: rholang/localization_simplified
I/APP     ( 2443): I 03/18/2013 17:31:01:244 000009a2              RhoRuby| require_compiled: rho/rhomsg
I/APP     ( 2443): I 03/18/2013 17:31:01:271 000009a2              RhoRuby| require_compiled: rho/rhotabbar
I/APP     ( 2443): I 03/18/2013 17:31:01:303 000009a2              RhoRuby| require_compiled: rho/rhotoolbar
I/APP     ( 2443): I 03/18/2013 17:31:01:333 000009a2                  APP| Current locale: ; Country code: 
I/APP     ( 2443): I 03/18/2013 17:31:01:339 000009a2                  APP| Locilized file: /data/data/com.rhomobile.macotec/rhodata/lib/rholang/lang_
I/APP     ( 2443): I 03/18/2013 17:31:01:383 000009a2              RhoRuby| require_compiled: /data/data/com.rhomobile.macotec/rhodata/lib/rholang/lang_en
I/APP     ( 2443): I 03/18/2013 17:31:01:421 000009a2                  APP| Locilized file: /data/data/com.rhomobile.macotec/rhodata/apps/app/lang/lang_
I/APP     ( 2443): I 03/18/2013 17:31:01:425 000009a2              RhoRuby| require_compiled: /data/data/com.rhomobile.macotec/rhodata/apps/app/lang/lang_en
I/APP     ( 2443): I 03/18/2013 17:31:01:471 000009a2                  APP| Locilized file: /data/data/com.rhomobile.macotec/rhodata/lib/rholang/rhoerror_
I/APP     ( 2443): I 03/18/2013 17:31:01:475 000009a2              RhoRuby| require_compiled: /data/data/com.rhomobile.macotec/rhodata/lib/rholang/rhoerror_en
I/APP     ( 2443): I 03/18/2013 17:31:01:522 000009a2                  APP| Locilized file: /data/data/com.rhomobile.macotec/rhodata/lib/rholang/rhomsg_
I/APP     ( 2443): I 03/18/2013 17:31:01:526 000009a2              RhoRuby| require_compiled: /data/data/com.rhomobile.macotec/rhodata/lib/rholang/rhomsg_en
I/APP     ( 2443): I 03/18/2013 17:31:01:563 000009a2              RhoRuby| require_compiled: indifferent_access
I/APP     ( 2443): I 03/18/2013 17:31:01:603 000009a2              RhoRuby| require_compiled: rho/rhosupport
I/APP     ( 2443): I 03/18/2013 17:31:01:659 000009a2              RhoRuby| require_compiled: rho/rhocontroller
I/APP     ( 2443): I 03/18/2013 17:31:01:702 000009a2              RhoRuby| require_compiled: rho/render
I/APP     ( 2443): I 03/18/2013 17:31:01:773 000009a2              RhoRuby| require_compiled: rho/rho
I/APP     ( 2443): I 03/18/2013 17:31:01:932 000009a2              RhoRuby| require_compiled: rho/rhoerror
I/APP     ( 2443): I 03/18/2013 17:31:01:960 000009a2              RhoRuby| require_compiled: rhom/rhom_source
I/APP     ( 2443): I 03/18/2013 17:31:02:017 000009a2              RhoRuby| require_compiled: rho/rhoviewhelpers
I/APP     ( 2443): I 03/18/2013 17:31:02:064 000009a2              RhoRuby| require_compiled: rho
I/APP     ( 2443): I 03/18/2013 17:31:02:069 000009a2                  APP| RHO loaded
I/APP     ( 2443): I 03/18/2013 17:31:02:101 000009a2                  APP| Calling RHO.initialize
I/APP     ( 2443): I 03/18/2013 17:31:02:126 000009a2                  APP| model file: Settings/settings
I/APP     ( 2443): I 03/18/2013 17:31:02:130 000009a2                  APP| model file: Devproduct/devproduct
I/APP     ( 2443): I 03/18/2013 17:31:02:158 000009a2                  APP| model file: Image/image
I/APP     ( 2443): I 03/18/2013 17:31:02:163 000009a2                  APP| model file: Product/product
I/APP     ( 2443): I 03/18/2013 17:31:02:191 000009a2                  APP| model file: Request/request
I/APP     ( 2443): I 03/18/2013 17:31:02:215 000009a2                   DB| Open DB: /data/data/com.rhomobile.macotec/rhodata/db/syncdbuser.sqlite
I/APP     ( 2443): I 03/18/2013 17:31:02:243 000009a2          GeoLocation| Creating singleton instance.
I/APP     ( 2443): I 03/18/2013 17:31:02:247 000009a2            RhodesApp| Starting sync engine...
I/APP     ( 2443): I 03/18/2013 17:31:02:274 000009a2                 Sync| sync_poll_interval: 0
I/APP     ( 2443): I 03/18/2013 17:31:02:278 000009a2                 Sync| syncserver: 
I/APP     ( 2443): I 03/18/2013 17:31:02:304 000009a2                 Sync| bulksync_state: 0
I/APP     ( 2443): I 03/18/2013 17:31:02:307 000009a2            RhodesApp| RhoRubyInitApp...
I/APP     ( 2443): I 03/18/2013 17:31:02:323 000009a2                  APP| init_app
I/APP     ( 2443): I 03/18/2013 17:31:02:336 000009a2              RhoRuby| require_compiled: application
I/APP     ( 2443): I 03/18/2013 17:31:02:364 000009a2                 Sync| Set notification. Source ID: -1;Url :http://localhost:8080/app/Settings/sync_notify; Params: 
I/APP     ( 2443): I 03/18/2013 17:31:02:367 000009a2           HttpServer| Start HTTP server
I/APP     ( 2443): I 03/18/2013 17:31:02:385 000009a2           HttpServer| Listen for connections on port 8080
I/APP     ( 2443): I 03/18/2013 17:31:02:405 000009a2         AppCallbacks| addCommand: LOCAL-SERVER-STARTED
I/APP     ( 2443): I 03/18/2013 17:31:02:408 000009a0         AppCallbacks| process command: LOCAL-SERVER-STARTED
I/APP     ( 2443): I 03/18/2013 17:31:02:410 000009a0 RhodesAppActiveObserver| Ready
I/APP     ( 2443): I 03/18/2013 17:31:02:435 0000098b AndroidFunctionality| Disable WebView zoom
I/APP     ( 2443): I 03/18/2013 17:31:02:436 0000098b AndroidFunctionality| Set web plugins state 'OFF'
V/EmulatedCamera_Factory(   38): getCameraInfo: id = 0
V/EmulatedCamera_Camera(   38): getCameraInfo
V/EmulatedCamera_Factory(   38): getCameraInfo: id = 0
V/EmulatedCamera_Camera(   38): getCameraInfo
I/CameraService(   38): Opening camera 0
V/EmulatedCamera_Factory(   38): cameraDeviceOpen: id = 0
V/EmulatedCamera_Camera(   38): connectCamera
V/EmulatedCamera_FakeDevice(   38): connectDevice
V/EmulatedCamera_CallbackNotifier(   38): setCallbacks: 0x405954e9, 0x40595f9d, 0x40595f01, 0x40597359 (0x16828)
V/EmulatedCamera_CallbackNotifier(   38): enableMessage: msg_type = 0x40d
V/EmulatedCamera_CallbackNotifier(   38):     CAMERA_MSG_ERROR
V/EmulatedCamera_CallbackNotifier(   38):     CAMERA_MSG_FOCUS
V/EmulatedCamera_CallbackNotifier(   38):     CAMERA_MSG_ZOOM
V/EmulatedCamera_CallbackNotifier(   38):     CAMERA_MSG_PREVIEW_METADATA
V/EmulatedCamera_CallbackNotifier(   38): **** Currently enabled messages:
V/EmulatedCamera_CallbackNotifier(   38):     CAMERA_MSG_ERROR
V/EmulatedCamera_CallbackNotifier(   38):     CAMERA_MSG_FOCUS
V/EmulatedCamera_CallbackNotifier(   38):     CAMERA_MSG_ZOOM
V/EmulatedCamera_CallbackNotifier(   38):     CAMERA_MSG_PREVIEW_METADATA
I/AwesomePlayer(   38): setDataSource_l('/system/media/audio/ui/camera_click.ogg')
I/APP     ( 2443): I 03/18/2013 17:31:02:474 000009a0    RhodesApplication| New AppState: AppActivated
I/APP     ( 2443): I 03/18/2013 17:31:02:563 000009a0         AppCallbacks| process command: UI-CREATED
I/APP     ( 2443): I 03/18/2013 17:31:02:706 000009a2           HttpServer| Process URI: '/system/uicreated'
I/APP     ( 2443): I 03/18/2013 17:31:02:709 000009a2                  APP| on_ui_created.navigate to start url: '/app'
I/APP     ( 2443): I 03/18/2013 17:31:02:798 000009a0         AppCallbacks| process command: APP-ACTIVATED
I/APP     ( 2443): I 03/18/2013 17:31:02:838 000009a2           HttpServer| Process URI: '/system/activateapp'
I/APP     ( 2443): I 03/18/2013 17:31:02:875 000009a0         AppCallbacks| ThreadQueue blocked for 4294967295 seconds...
I/AwesomePlayer(   38): setDataSource_l('/system/media/audio/ui/VideoRecord.ogg')
V/EmulatedCamera_CallbackNotifier(   38): disableMessage: msg_type = 0x10
V/EmulatedCamera_CallbackNotifier(   38):     CAMERA_MSG_PREVIEW_FRAME
V/EmulatedCamera_CallbackNotifier(   38): **** Currently enabled messages:
V/EmulatedCamera_CallbackNotifier(   38):     CAMERA_MSG_ERROR
V/EmulatedCamera_CallbackNotifier(   38):     CAMERA_MSG_FOCUS
V/EmulatedCamera_CallbackNotifier(   38):     CAMERA_MSG_ZOOM
V/EmulatedCamera_CallbackNotifier(   38):     CAMERA_MSG_PREVIEW_METADATA
V/EmulatedCamera_CallbackNotifier(   38): disableMessage: msg_type = 0xffff
V/EmulatedCamera_CallbackNotifier(   38):     CAMERA_MSG_ERROR
V/EmulatedCamera_CallbackNotifier(   38):     CAMERA_MSG_SHUTTER
V/EmulatedCamera_CallbackNotifier(   38):     CAMERA_MSG_FOCUS
V/EmulatedCamera_CallbackNotifier(   38):     CAMERA_MSG_ZOOM
V/EmulatedCamera_CallbackNotifier(   38):     CAMERA_MSG_PREVIEW_FRAME
V/EmulatedCamera_CallbackNotifier(   38):     CAMERA_MSG_VIDEO_FRAME
V/EmulatedCamera_CallbackNotifier(   38):     CAMERA_MSG_POSTVIEW_FRAME
V/EmulatedCamera_CallbackNotifier(   38):     CAMERA_MSG_RAW_IMAGE
V/EmulatedCamera_CallbackNotifier(   38):     CAMERA_MSG_COMPRESSED_IMAGE
V/EmulatedCamera_CallbackNotifier(   38):     CAMERA_MSG_RAW_IMAGE_NOTIFY
V/EmulatedCamera_CallbackNotifier(   38):     CAMERA_MSG_PREVIEW_METADATA
V/EmulatedCamera_CallbackNotifier(   38): **** Currently enabled messages:
V/EmulatedCamera_Camera(   38): doStopPreview
V/EmulatedCamera_Camera(   38): cancelPicture
V/EmulatedCamera_Camera(   38): releaseCamera
V/EmulatedCamera_Camera(   38): doStopPreview
V/EmulatedCamera_FakeDevice(   38): disconnectDevice
I/CameraService(   38): Destroying camera 0
V/EmulatedCamera_Camera(   38): closeCamera
V/EmulatedCamera_Camera(   38): doStopPreview
W/AudioFlinger(   38): session id 53 not found for pid 38
V/EmulatedCamera_Factory(   38): getCameraInfo: id = 0
V/EmulatedCamera_Camera(   38): getCameraInfo
W/AudioFlinger(   38): session id 54 not found for pid 38
I/APP     ( 2443): I 03/18/2013 17:31:03:227 0000098b         SplashScreen| navigate: url=http://localhost:8080/app
I/APP     ( 2443): I 03/18/2013 17:31:03:235 0000098b         SplashScreen| DELAY for SplashScreen = 0
I/APP     ( 2443): I 03/18/2013 17:31:03:271 0000098b        GoogleWebView| Creating new RhoWebChromeClient
I/APP     ( 2443): I 03/18/2013 17:31:03:297 0000098b       SimpleMainView| Cleared URL: http://localhost:8080/app
V/SimpleMainView.View( 2443): ms[1363624263346]  Main Window :: onSizeChanged() old [ 480 x 762 ]  new [ 0 x 0 ]
I/APP     ( 2443): I 03/18/2013 17:31:03:448 0000098b        GoogleWebView| Setting RhoWebChromeClient
I/APP     ( 2443): I 03/18/2013 17:31:03:518 000009a2           HttpServer| Process URI: '/app'
I/APP     ( 2443): I 03/18/2013 17:31:03:573 0000098b     RhoWebViewClient| Loading URL: http://localhost:8080/app/index_erb.iseq
I/APP     ( 2443): I 03/18/2013 17:31:03:643 000009a2           HttpServer| Process URI: '/app/index_erb.iseq'
I/APP     ( 2443): I 03/18/2013 17:31:03:650 000009a2                  APP| RHO serve_index: /app/index_erb.iseq
I/APP     ( 2443): I 03/18/2013 17:31:03:685 000009a2 RHO Rho::RhoController| inst_render_index
I/APP     ( 2443): I 03/18/2013 17:31:03:760 000009a2 RHO Rho::RhoController| index layout
I/APP     ( 2443): I 03/18/2013 17:31:03:841 000009a2           HttpServer| GC Start.
I/APP     ( 2443): I 03/18/2013 17:31:03:931 000009a2           HttpServer| GC End.
I/APP     ( 2443): I 03/18/2013 17:31:04:059 000009a2           HttpServer| Process URI: '/public/js/request.js'
I/APP     ( 2443): I 03/18/2013 17:31:04:189 000009a2           HttpServer| Process URI: '/public/jquery/jquery-1.6.4.min.js'
I/APP     ( 2443): I 03/18/2013 17:31:04:282 000009a2           HttpServer| Process URI: '/public/jquery/jquery.json-2.3.min.js'
I/APP     ( 2443): I 03/18/2013 17:31:04:330 000009a2           HttpServer| Process URI: '/public/jqmobile/jquery.mobile-1.0.1.min.css'
I/APP     ( 2443): I 03/18/2013 17:31:04:410 000009a2           HttpServer| Process URI: '/public/css/jqmobile-patch.css'
I/APP     ( 2443): I 03/18/2013 17:31:04:447 000009a2           HttpServer| Process URI: '/public/jqmobile/jquery.mobile-1.0.1.min.js'
I/APP     ( 2443): I 03/18/2013 17:31:04:623 000009a2           HttpServer| Process URI: '/public/js/jqmobile-patch.js'
I/APP     ( 2443): I 03/18/2013 17:31:04:694 000009a2           HttpServer| Process URI: '/public/css/macotec_style.css'
I/APP     ( 2443): I 03/18/2013 17:31:07:793 000009a2           HttpServer| Process URI: '/public/images/macotec/logo.png'
I/APP     ( 2443): I 03/18/2013 17:31:08:541 000009a2           HttpServer| Process URI: '/public/images/macotec/request_top.png'
I/APP     ( 2443): I 03/18/2013 17:31:08:673 000009a2           HttpServer| Process URI: '/public/images/macotec/contact_png.png'
I/APP     ( 2443): I 03/18/2013 17:31:08:710 000009a2           HttpServer| Process URI: '/public/images/macotec/products_png.png'
I/APP     ( 2443): I 03/18/2013 17:31:08:752 000009a2           HttpServer| Process URI: '/public/images/macotec/info_png.png'
I/APP     ( 2443): I 03/18/2013 17:31:08:790 000009a2           HttpServer| Process URI: '/public/images/macotec/attention.png'
I/APP     ( 2443): I 03/18/2013 17:31:16:804 000009a2           HttpServer| Process URI: '/app/Product/get_catalog_data'
I/APP     ( 2443): I 03/18/2013 17:31:16:808 000009a2                  APP| RHO serve: /app/Product/get_catalog_data
I/APP     ( 2443): I 03/18/2013 17:31:16:840 000009a2              RhoRuby| require_compiled: Product/product_controller
I/APP     ( 2443): I 03/18/2013 17:31:16:911 000009a2              RhoRuby| require_compiled: helpers/browser_helper
I/APP     ( 2443): I 03/18/2013 17:31:16:959 000009a2              RhoRuby| require_compiled: json
I/APP     ( 2443): I 03/18/2013 17:31:16:996 000009a2              RhoRuby| require_compiled: json/common
I/APP     ( 2443): I 03/18/2013 17:31:17:099 000009a2              RhoRuby| require_compiled: json/version
I/APP     ( 2443): I 03/18/2013 17:31:17:155 000009a2              RhoRuby| require_compiled: json/pure
I/APP     ( 2443): I 03/18/2013 17:31:17:214 000009a2              RhoRuby| require_compiled: json/pure/generator
I/APP     ( 2443): I 03/18/2013 17:31:17:357 000009a2              RhoRuby| require_compiled: Connection/connection_controller
I/APP     ( 2443): I 03/18/2013 17:31:17:407 000009a2              RhoRuby| require_compiled: date
I/APP     ( 2443): I 03/18/2013 17:31:17:436 000009a2              RhoRuby| require_compiled: dateOrig
I/APP     ( 2443): I 03/18/2013 17:31:17:639 000009a2              RhoRuby| require_compiled: date/format
D/dalvikvm( 2443): GC_CONCURRENT freed 928K, 8% free 12504K/13511K, paused 4ms+31ms
D/webviewglue( 2443): nativeDestroy view: 0x28c6b0
I/APP     ( 2443): E 03/18/2013 17:31:17:993 000009a2               RubyVM| lib/date.rb:14: warning: already initialized constant MONTHNAMES
I/APP     ( 2443): E 03/18/2013 17:31:17:995 000009a2               RubyVM| lib/date.rb:15: warning: already initialized constant ABBR_MONTHNAMES
I/APP     ( 2443): E 03/18/2013 17:31:18:028 000009a2               RubyVM| lib/date.rb:16: warning: already initialized constant DAYNAMES
I/APP     ( 2443): E 03/18/2013 17:31:18:031 000009a2               RubyVM| lib/date.rb:17: warning: already initialized constant ABBR_DAYNAMES
I/ActivityManager(   81): START {cmp=com.rhomobile.macotec/com.rhomobile.rhodes.alert.PopupActivity (has extras)} from pid 2443
W/WindowManager(   81): Failure taking screenshot for (180x300) to layer 21010
I/APP     ( 2443): I 03/18/2013 17:31:18:096 0000098b AndroidFunctionality| Pause WebView
I/APP     ( 2443): I 03/18/2013 17:31:18:096 0000098b       RhodesActivity| onPause
I/APP     ( 2443): I 03/18/2013 17:31:18:184 000009a2            AsyncHttp| addCommand: GET
I/APP     ( 2443): I 03/18/2013 17:31:18:210 000009b0            AsyncHttp| Starting main routine...
I/APP     ( 2443): I 03/18/2013 17:31:18:215 000009b0                  Net| GET request (Pull): http://www.datenloft.com/macotec/catalog.php
I/APP     ( 2443): I 03/18/2013 17:31:18:265 000009a2           HttpServer| GC Start.
I/APP     ( 2443): I 03/18/2013 17:31:18:354 000009a2           HttpServer| GC End.
I/APP     ( 2443): I 03/18/2013 17:31:18:358 000009a2           HttpServer| Process URI: '/system/uidestroyed'
I/APP     ( 2443): I 03/18/2013 17:31:18:405 0000098b    RhodesApplication| New UiState: MainActivityPaused
V/PhoneStatusBar(  141): setLightsOn(true)
D/RhodesService( 2443): +++ onStartCommand
I/RhodesService( 2443): handleCommand: startId=2, source=com.rhomobile.rhodes.BaseActivity
D/RhodesService( 2443): New activity was created
I/Process (   81): Sending signal. PID: 2443 SIG: 3
I/dalvikvm( 2443): threadid=3: reacting to signal 3
I/APP     ( 2443): I 03/18/2013 17:31:19:178 000009a2           HttpServer| Process URI: '/app/Product/http_callback'
I/APP     ( 2443): I 03/18/2013 17:31:19:555 000009a2                  APP| RHO serve: /app/Product/http_callback
E/dalvikvm( 2443): Unable to open stack trace file '/data/anr/traces.txt': Permission denied
I/Process (   81): Sending signal. PID: 2443 SIG: 3
I/dalvikvm( 2443): threadid=3: reacting to signal 3
I/APP     ( 2443): I 03/18/2013 17:31:20:137 000009a2                  APP| Params: {"rho_callback"=>"1", "status"=>"ok", "http_error"=>"200", "headers"=>{"Content-Type"=>"application/x-www-form-urlencoded", "User-Agent"=>"Mozilla-5.0 (ANDROID; unknown generic; 4.0.4)", "charset"=>"UTF-8", "connection"=>"Keep-Alive", "content-type"=>"application/json", "date"=>"Mon, 18 Mar 2013 16:31:19 GMT", "keep-alive"=>"timeout=3, max=100", "server"=>"Apache/2.2.21 (Unix) mod_ssl/2.2.21 OpenSSL/0.9.8r", "transfer-encoding"=>"chunked", "x-pad"=>"avoid browser bug", "x-powered-by"=>"PHP/5.2.17"}, "__rho_object"=>{"body"=>"0"}}
I/dalvikvm( 2443): Wrote stack traces to '/data/anr/traces.txt'
I/Process (   81): Sending signal. PID: 2443 SIG: 3
I/dalvikvm( 2443): threadid=3: reacting to signal 3
I/APP     ( 2443): I 03/18/2013 17:31:20:608 000009a2                  APP| const_missing: Product
I/APP     ( 2443): I 03/18/2013 17:31:20:660 000009a2                  APP| load_model: Product
I/APP     ( 2443): I 03/18/2013 17:31:20:906 000009a2              RhoRuby| require_compiled: Product/product
I/dalvikvm( 2443): Wrote stack traces to '/data/anr/traces.txt'
I/Process (   81): Sending signal. PID: 2443 SIG: 3
I/dalvikvm( 2443): threadid=3: reacting to signal 3
I/APP     ( 2443): I 03/18/2013 17:31:21:396 000009a2                  APP| model name: Product
I/APP     ( 2443): I 03/18/2013 17:31:21:513 000009a2                  APP| model class found
I/APP     ( 2443): I 03/18/2013 17:31:21:628 000009a2                  APP| Product : {"schema"=>{"property"=>{"catalog_date"=>[:date, nil], "catalog_version"=>[:integer, nil], "category"=>[:string, nil], "category_name"=>[:string, nil], "category_img_url"=>[:string, nil], "sub_category"=>[:string, nil], "sub_category_name"=>[:string, nil], "sub_category_img_url"=>[:string, nil], "details"=>[:string, nil], "details_name"=>[:string, nil], "detail_img_url"=>[:string, nil], "header"=>[:string, nil], "attribute_title_1"=>[:string, nil], "attribute_title_2"=>[:string, nil], "attribute_title_3"=>[:string, nil], "attribute_title_4"=>[:string, nil], "attribute_title_5"=>[:string, nil], "attribute_list_title"=>[:string, nil], "attribute_1"=>[:string, nil], "attribute_2"=>[:string, nil], "attribute_3"=>[:string, nil], "attribute_4"=>[:string, nil], "attribute_5"=>[:string, nil], "attribute_list"=>[:string, nil]}}}
I/APP     ( 2443): I 03/18/2013 17:31:21:698 000009a2                   DB| Open DB: /data/data/com.rhomobile.macotec/rhodata/db/syncdblocal.sqlite
E/dalvikvm( 2443): Unable to open stack trace file '/data/anr/traces.txt': Permission denied
I/Process (   81): Sending signal. PID: 2443 SIG: 3
I/dalvikvm( 2443): threadid=3: reacting to signal 3
I/APP     ( 2443): I 03/18/2013 17:31:22:059 000009a2                  APP| init_db_sources
I/dalvikvm( 2443): Wrote stack traces to '/data/anr/traces.txt'
I/Process (   81): Sending signal. PID: 2443 SIG: 3
I/dalvikvm( 2443): threadid=3: reacting to signal 3
I/APP     ( 2443): I 03/18/2013 17:31:22:811 000009a2                  APP| start_id: 40005
I/APP     ( 2443): I 03/18/2013 17:31:22:971 000009a2                  APP| Migrate schema sources: {}
I/dalvikvm( 2443): Wrote stack traces to '/data/anr/traces.txt'
I/Process (   81): Sending signal. PID: 2443 SIG: 3
I/dalvikvm( 2443): threadid=3: reacting to signal 3
I/APP     ( 2443): I 03/18/2013 17:31:23:369 000009a2                  APP| ::::::::::::::::::::::: update_product_list
E/dalvikvm( 2443): Unable to open stack trace file '/data/anr/traces.txt': Permission denied
I/Process (   81): Sending signal. PID: 2443 SIG: 3
I/dalvikvm( 2443): threadid=3: reacting to signal 3
I/dalvikvm( 2443): Wrote stack traces to '/data/anr/traces.txt'
I/ActivityManager(   81): Displayed com.rhomobile.macotec/com.rhomobile.rhodes.alert.PopupActivity: +5s640ms
I/APP     ( 2443): I 03/18/2013 17:31:27:273 0000098b       SimpleMainView| Cleared URL: http://localhost:8080/app/Product
I/APP     ( 2443): I 03/18/2013 17:31:27:318 000009b0            AsyncHttp| ThreadQueue blocked for 4294967295 seconds...
I/APP     ( 2443): I 03/18/2013 17:31:27:321 000009a2           HttpServer| GC Start.
I/APP     ( 2443): I 03/18/2013 17:31:27:387 000009a2           HttpServer| GC End.
I/APP     ( 2443): I 03/18/2013 17:31:27:390 000009a2           HttpServer| Process URI: '/app/Product'
I/APP     ( 2443): I 03/18/2013 17:31:27:424 000009a2                  APP| RHO serve: /app/Product
W/WindowManager(   81): Failure taking screenshot for (180x300) to layer 21020
V/PhoneStatusBar(  141): setLightsOn(true)
I/APP     ( 2443): I 03/18/2013 17:31:27:646 0000098b       RhodesActivity| onResume
I/APP     ( 2443): I 03/18/2013 17:31:27:647 0000098b AndroidFunctionality| Resume WebView
I/APP     ( 2443): I 03/18/2013 17:31:27:889 000009a2 RHO ProductController| Layout file: /data/data/com.rhomobile.macotec/rhodata/apps/app/layout_erb.iseq. Content size: 3718
I/APP     ( 2443): I 03/18/2013 17:31:27:950 000009a2           HttpServer| GC Start.
I/Process (   81): Sending signal. PID: 2443 SIG: 3
I/dalvikvm( 2443): threadid=3: reacting to signal 3
I/APP     ( 2443): I 03/18/2013 17:31:28:071 000009a2           HttpServer| GC End.
I/dalvikvm( 2443): Wrote stack traces to '/data/anr/traces.txt'
I/APP     ( 2443): I 03/18/2013 17:31:29:924 000009a2           HttpServer| Process URI: '/public/jqmobile/images/icons-36-white.png'
I/APP     ( 2443): I 03/18/2013 17:31:34:680 000009a2           HttpServer| Process URI: '/app/Product/sub_categories'
I/APP     ( 2443): I 03/18/2013 17:31:34:685 000009a2                  APP| RHO serve: /app/Product/sub_categories
I/APP     ( 2443): I 03/18/2013 17:31:34:717 000009a2                  APP| Params: {"category"=>"rough_terrain_forklift_trucks"}
I/APP     ( 2443): I 03/18/2013 17:31:34:880 000009a2           HttpServer| GC Start.
I/APP     ( 2443): I 03/18/2013 17:31:34:990 000009a2           HttpServer| GC End.
D/dalvikvm(   81): GC_CONCURRENT freed 406K, 12% free 11280K/12679K, paused 5ms+9ms
E/libEGL  ( 2443): call to OpenGL ES API with no current context (logged once per thread)
D/ShaderProgram( 2443): couldn't load the vertex shader!
E/libEGL  ( 2443): call to OpenGL ES API with no current context (logged once per thread)
D/ShaderProgram( 2443): couldn't load the vertex shader!
E/libEGL  ( 2443): call to OpenGL ES API with no current context (logged once per thread)
D/ShaderProgram( 2443): couldn't load the vertex shader!
E/libEGL  ( 2443): call to OpenGL ES API with no current context (logged once per thread)
D/ShaderProgram( 2443): couldn't load the vertex shader!
E/libEGL  ( 2443): call to OpenGL ES API with no current context (logged once per thread)
D/ShaderProgram( 2443): couldn't load the vertex shader!
I/APP     ( 2443): I 03/18/2013 17:31:38:081 000009a2           HttpServer| Process URI: '/app/Product/product_details'
I/APP     ( 2443): I 03/18/2013 17:31:38:083 000009a2                  APP| RHO serve: /app/Product/product_details
I/APP     ( 2443): I 03/18/2013 17:31:38:119 000009a2                  APP| Params: {"sub_category"=>"rough_terrain_forklift_trucks_4wd", "category"=>"rough_terrain_forklift_trucks"}
I/APP     ( 2443): I 03/18/2013 17:31:38:314 000009a2           HttpServer| GC Start.
I/APP     ( 2443): I 03/18/2013 17:31:38:379 000009a2           HttpServer| GC End.
F/BatteryStatsImpl(   81): problem reading network stats
F/BatteryStatsImpl(   81): java.lang.IllegalStateException: problem parsing idx 1
F/BatteryStatsImpl(   81): 	at com.android.internal.net.NetworkStatsFactory.readNetworkStatsDetail(NetworkStatsFactory.java:300)
F/BatteryStatsImpl(   81): 	at com.android.internal.net.NetworkStatsFactory.readNetworkStatsDetail(NetworkStatsFactory.java:250)
F/BatteryStatsImpl(   81): 	at com.android.internal.os.BatteryStatsImpl.getNetworkStatsDetailGroupedByUid(BatteryStatsImpl.java:5734)
F/BatteryStatsImpl(   81): 	at com.android.internal.os.BatteryStatsImpl.access$100(BatteryStatsImpl.java:76)
F/BatteryStatsImpl(   81): 	at com.android.internal.os.BatteryStatsImpl$Uid.computeCurrentTcpBytesReceived(BatteryStatsImpl.java:2457)
F/BatteryStatsImpl(   81): 	at com.android.internal.os.BatteryStatsImpl$Uid.getTcpBytesReceived(BatteryStatsImpl.java:2446)
F/BatteryStatsImpl(   81): 	at com.android.internal.os.BatteryStatsImpl.writeSummaryToParcel(BatteryStatsImpl.java:5437)
F/BatteryStatsImpl(   81): 	at com.android.internal.os.BatteryStatsImpl.writeLocked(BatteryStatsImpl.java:4836)
F/BatteryStatsImpl(   81): 	at com.android.internal.os.BatteryStatsImpl.writeAsyncLocked(BatteryStatsImpl.java:4818)
F/BatteryStatsImpl(   81): 	at com.android.server.am.ActivityManagerService.updateCpuStatsNow(ActivityManagerService.java:1652)
F/BatteryStatsImpl(   81): 	at com.android.server.am.ActivityManagerService$3.run(ActivityManagerService.java:1534)
F/BatteryStatsImpl(   81): Caused by: java.io.FileNotFoundException: /proc/net/xt_qtaguid/stats: open failed: ENOENT (No such file or directory)
F/BatteryStatsImpl(   81): 	at libcore.io.IoBridge.open(IoBridge.java:406)
F/BatteryStatsImpl(   81): 	at java.io.FileInputStream.<init>(FileInputStream.java:78)
F/BatteryStatsImpl(   81): 	at com.android.internal.net.NetworkStatsFactory.readNetworkStatsDetail(NetworkStatsFactory.java:269)
F/BatteryStatsImpl(   81): 	... 10 more
F/BatteryStatsImpl(   81): Caused by: libcore.io.ErrnoException: open failed: ENOENT (No such file or directory)
F/BatteryStatsImpl(   81): 	at libcore.io.Posix.open(Native Method)
F/BatteryStatsImpl(   81): 	at libcore.io.BlockGuardOs.open(BlockGuardOs.java:110)
F/BatteryStatsImpl(   81): 	at libcore.io.IoBridge.open(IoBridge.java:390)
F/BatteryStatsImpl(   81): 	... 12 more
I/APP     ( 2443): I 03/18/2013 17:31:41:443 000009a2           HttpServer| Process URI: '/app/index_erb.iseq'
I/APP     ( 2443): I 03/18/2013 17:31:41:446 000009a2                  APP| RHO serve_index: /app/index_erb.iseq
I/APP     ( 2443): I 03/18/2013 17:31:41:447 000009a2 RHO Rho::RhoController| inst_render_index
I/APP     ( 2443): I 03/18/2013 17:31:41:568 000009a2           HttpServer| GC Start.
I/APP     ( 2443): I 03/18/2013 17:31:41:629 000009a2           HttpServer| GC End.
I/APP     ( 2443): I 03/18/2013 17:31:48:117 000009a2           HttpServer| Process URI: '/app/<'
I/APP     ( 2443): E 03/18/2013 17:31:48:119 000009a2           HttpServer| The file /app/< was not found
I/APP     ( 2443): I 03/18/2013 17:33:28:202 000009a2           HttpServer| Process URI: '/app/Product/sub_categories'
