I/APP     ( 1468): I 02/14/2013 15:57:24:821 000005d3                  APP| init_db_sources
I/APP     ( 1468): I 02/14/2013 15:57:24:847 000005d3                  APP| start_id: 40005
I/APP     ( 1468): I 02/14/2013 15:57:24:849 000005d3                  APP| Migrate schema sources: {}
I/APP     ( 1468): I 02/14/2013 15:57:25:033 000005d3           HttpServer| GC Start.
I/APP     ( 1468): I 02/14/2013 15:57:25:082 000005d3           HttpServer| GC End.
I/APP     ( 1468): I 02/14/2013 15:57:29:942 000005d3           HttpServer| Process URI: '/app/index_erb.iseq'
I/APP     ( 1468): I 02/14/2013 15:57:29:950 000005d3                  APP| RHO serve_index: /app/index_erb.iseq
I/APP     ( 1468): I 02/14/2013 15:57:29:980 000005d3 RHO Rho::RhoController| inst_render_index
I/APP     ( 1468): I 02/14/2013 15:57:30:106 000005d3           HttpServer| GC Start.
I/APP     ( 1468): I 02/14/2013 15:57:30:169 000005d3           HttpServer| GC End.
D/dalvikvm(  234): GC_CONCURRENT freed 384K, 6% free 9532K/10119K, paused 6ms+4ms
D/AndroidRuntime( 1505): 
D/AndroidRuntime( 1505): >>>>>> AndroidRuntime START com.android.internal.os.RuntimeInit <<<<<<
D/AndroidRuntime( 1505): CheckJNI is ON
D/AndroidRuntime( 1505): Calling main entry com.android.commands.pm.Pm
W/ActivityManager(   77): No content provider found for permission revoke: file:///data/local/tmp/MacoTec-debug.apk
W/ActivityManager(   77): No content provider found for permission revoke: file:///data/local/tmp/MacoTec-debug.apk
D/dalvikvm(   77): GC_CONCURRENT freed 363K, 39% free 11544K/18887K, paused 9ms+12ms
D/dalvikvm(   77): GC_CONCURRENT freed 340K, 38% free 11734K/18887K, paused 7ms+6ms
D/dalvikvm(   77): GC_CONCURRENT freed 600K, 38% free 11742K/18887K, paused 10ms+7ms
D/dalvikvm(   77): GC_CONCURRENT freed 587K, 38% free 11743K/18887K, paused 7ms+7ms
D/dalvikvm(   77): GC_CONCURRENT freed 613K, 38% free 11752K/18887K, paused 15ms+12ms
D/dalvikvm(   77): GC_CONCURRENT freed 593K, 38% free 11824K/18887K, paused 6ms+13ms
I/PackageManager(   77): Removing non-system package:com.rhomobile.macotec
I/ActivityManager(   77): Force stopping package com.rhomobile.macotec uid=10040
I/ActivityManager(   77): Killing proc 1468:com.rhomobile.macotec/10040: force stop
W/ActivityManager(   77): Force removing ActivityRecord{41294dc0 com.rhomobile.macotec/com.rhomobile.rhodes.RhodesActivity}: app died, no saved state
I/WindowManager(   77): WIN DEATH: Window{4190ebd0 com.rhomobile.macotec/com.rhomobile.rhodes.RhodesActivity paused=false}
W/NetworkManagementSocketTagger(   77): setKernelCountSet(10040, 0) failed with errno -2
W/NetworkManagementSocketTagger(   77): setKernelCountSet(10009, 1) failed with errno -2
I/PackageManager(   77): Package com.rhomobile.macotec codePath changed from /data/app/com.rhomobile.macotec-1.apk to /data/app/com.rhomobile.macotec-2.apk; Retaining data and using new
W/InputManagerService(   77): Got RemoteException sending setActive(false) notification to pid 1468 uid 10040
I/PackageManager(   77): Running dexopt on: com.rhomobile.macotec
D/dalvikvm( 1516): DexOpt: load 105ms, verify+opt 492ms
W/PackageManager(   77): Code path for pkg : com.rhomobile.macotec changing from /data/app/com.rhomobile.macotec-1.apk to /data/app/com.rhomobile.macotec-2.apk
W/PackageManager(   77): Resource path for pkg : com.rhomobile.macotec changing from /data/app/com.rhomobile.macotec-1.apk to /data/app/com.rhomobile.macotec-2.apk
I/ActivityManager(   77): Force stopping package com.rhomobile.macotec uid=10040
D/dalvikvm(   77): GC_CONCURRENT freed 625K, 38% free 11797K/18887K, paused 16ms+13ms
D/PackageManager(   77): New package installed in /data/app/com.rhomobile.macotec-2.apk
I/ActivityManager(   77): Force stopping package com.rhomobile.macotec uid=10040
D/dalvikvm(  245): GC_EXPLICIT freed 255K, 6% free 11326K/12039K, paused 23ms+6ms
D/dalvikvm(  285): GC_EXPLICIT freed 147K, 5% free 9395K/9799K, paused 15ms+4ms
D/PackageManager(   77): generateServicesMap(android.accounts.AccountAuthenticator): 2 services unchanged
D/PackageManager(   77): generateServicesMap(android.content.SyncAdapter): 4 services unchanged
D/BackupManagerService(   77): Received broadcast Intent { act=android.intent.action.PACKAGE_REMOVED dat=package:com.rhomobile.macotec flg=0x10000010 (has extras) }
D/dalvikvm(   77): GC_EXPLICIT freed 678K, 41% free 11319K/18887K, paused 4ms+7ms
D/PackageManager(   77): generateServicesMap(android.accounts.AccountAuthenticator): 2 services unchanged
D/PackageManager(   77): generateServicesMap(android.content.SyncAdapter): 4 services unchanged
D/BackupManagerService(   77): Received broadcast Intent { act=android.intent.action.PACKAGE_ADDED dat=package:com.rhomobile.macotec flg=0x10000010 (has extras) }
V/BackupManagerService(   77): updatePackageParticipantsLocked: #1
W/RecognitionManagerService(   77): no available voice recognition services found
D/BackupManagerService(   77): Received broadcast Intent { act=android.intent.action.PACKAGE_REPLACED dat=package:com.rhomobile.macotec flg=0x10000010 (has extras) }
V/BackupManagerService(   77): updatePackageParticipantsLocked: #1
D/dalvikvm(   77): GC_EXPLICIT freed 421K, 40% free 11473K/18887K, paused 5ms+45ms
D/AndroidRuntime( 1505): Shutting down VM
I/AndroidRuntime( 1505): NOTE: attach of thread 'Binder Thread #3' failed
D/dalvikvm( 1505): GC_CONCURRENT freed 97K, 79% free 450K/2048K, paused 2ms+4ms
D/AndroidRuntime( 1524): 
D/AndroidRuntime( 1524): >>>>>> AndroidRuntime START com.android.internal.os.RuntimeInit <<<<<<
D/AndroidRuntime( 1524): CheckJNI is ON
D/AndroidRuntime( 1524): Calling main entry com.android.commands.am.Am
I/ActivityManager(   77): START {act=android.intent.action.MAIN flg=0x10000000 cmp=com.rhomobile.macotec/com.rhomobile.rhodes.RhodesActivity} from pid 1524
W/WindowManager(   77): Failure taking screenshot for (180x300) to layer 21005
D/AndroidRuntime( 1524): Shutting down VM
D/dalvikvm( 1524): GC_CONCURRENT freed 97K, 77% free 480K/2048K, paused 0ms+1ms
I/AndroidRuntime( 1524): NOTE: attach of thread 'Binder Thread #3' failed
I/ActivityManager(   77): Start proc com.rhomobile.macotec for activity com.rhomobile.macotec/com.rhomobile.rhodes.RhodesActivity: pid=1534 uid=10040 gids={3003}
I/dalvikvm( 1534): Turning on JNI app bug workarounds for target SDK version 4...
W/NetworkManagementSocketTagger(   77): setKernelCountSet(10040, 1) failed with errno -2
I/Process (   77): Sending signal. PID: 1534 SIG: 3
I/dalvikvm( 1534): threadid=3: reacting to signal 3
I/dalvikvm( 1534): Wrote stack traces to '/data/anr/traces.txt'
D/dalvikvm( 1534): Trying to load lib /data/data/com.rhomobile.macotec/lib/librhodes.so 0x412a21b0
D/dalvikvm( 1534): Added shared lib /data/data/com.rhomobile.macotec/lib/librhodes.so 0x412a21b0
D/dalvikvm( 1534): Trying to load lib /data/data/com.rhomobile.macotec/lib/librhodes.so 0x412a21b0
D/dalvikvm( 1534): Shared lib '/data/data/com.rhomobile.macotec/lib/librhodes.so' already loaded in same CL 0x412a21b0
I/ActivityThread( 1534): Pub com.rhomobile.macotec: com.rhomobile.rhodes.LocalFileProvider
I/RhodesApplication( 1534): Initializing...
D/RhoFileApi( 1534): App root path: /data/data/com.rhomobile.macotec/rhodata/
D/RhoFileApi( 1534): Sqlite journals path: /data/data/com.rhomobile.macotec/sqlite_stmt_journals/
D/RhoFileApi( 1534): Shared path: /data/data/com.rhomobile.macotec/rhodata/
D/RhodesApplication( 1534): Root path: /data/data/com.rhomobile.macotec/rhodata/
I/RhodesApplication( 1534): Application hash was changed
D/RhoFileApi( 1534): Copy hash to FS
D/RhoFileApi( 1534): File hash copied
D/RhoFileApi( 1534): Copy rho.dat to FS
D/RhoFileApi( 1534): File rho.dat copied
D/RhoFileApi( 1534): Copy apps/rhoconfig.txt to FS
D/RhoFileApi( 1534): File apps/rhoconfig.txt copied
I/RhoFileApi( 1534): Opening stat table from FS: /data/data/com.rhomobile.macotec/rhodata/rho.dat
I/Process (   77): Sending signal. PID: 1534 SIG: 3
I/dalvikvm( 1534): threadid=3: reacting to signal 3
I/dalvikvm( 1534): Wrote stack traces to '/data/anr/traces.txt'
D/RhoFileApi( 1534): Copy apps/rhoconfig.txt to FS
D/RhoFileApi( 1534): File apps/rhoconfig.txt copied
D/RhoFileApi( 1534): App root path: /data/data/com.rhomobile.macotec/rhodata/
D/RhoFileApi( 1534): Sqlite journals path: /data/data/com.rhomobile.macotec/sqlite_stmt_journals/
D/RhoFileApi( 1534): Shared path: /data/data/com.rhomobile.macotec/rhodata/
I/APP     ( 1534): I 02/14/2013 15:58:29:325 000005fe    RhodesApplication| Initialized
I/APP     ( 1534): I 02/14/2013 15:58:29:365 000005fe         BaseActivity| New screen properties - width: 480, height: 800, orientation: 1
I/APP     ( 1534): I 02/14/2013 15:58:29:471 000005fe         SplashScreen| Looking for start page source
I/Process (   77): Sending signal. PID: 1534 SIG: 3
I/dalvikvm( 1534): threadid=3: reacting to signal 3
D/dalvikvm( 1534): GC_CONCURRENT freed 302K, 4% free 9230K/9607K, paused 5ms+5ms
I/dalvikvm( 1534): Wrote stack traces to '/data/anr/traces.txt'
D/dalvikvm( 1534): GC_FOR_ALLOC freed 3K, 4% free 9226K/9607K, paused 60ms
I/dalvikvm-heap( 1534): Grow heap (frag case) to 12.145MB for 3217300-byte allocation
D/dalvikvm( 1534): GC_FOR_ALLOC freed <1K, 4% free 12368K/12807K, paused 53ms
I/Process (   77): Sending signal. PID: 1534 SIG: 3
I/dalvikvm( 1534): threadid=3: reacting to signal 3
I/dalvikvm( 1534): Wrote stack traces to '/data/anr/traces.txt'
I/APP     ( 1534): I 02/14/2013 15:58:30:385 000005fe         SplashScreen| Done
I/APP     ( 1534): I 02/14/2013 15:58:30:389 000005fe    RhodesApplication| New UiState: MainActivityCreated
I/APP     ( 1534): I 02/14/2013 15:58:30:418 000005fe       RhodesActivity| onStart
I/APP     ( 1534): I 02/14/2013 15:58:30:420 000005fe    RhodesApplication| New UiState: MainActivityStarted
I/APP     ( 1534): I 02/14/2013 15:58:30:446 000005fe       RhodesActivity| onResume
I/APP     ( 1534): I 02/14/2013 15:58:30:448 000005fe AndroidFunctionality| Resume WebView
I/APP     ( 1534): I 02/14/2013 15:58:30:502 000005fe        RhodesService| onCreate
I/APP     ( 1534): I 02/14/2013 15:58:30:504 000005fe    LocalFileProvider| Revoke URI permissions: content:///com.rhomobile.macotec
W/ActivityManager(   77): No content provider found for permission revoke: content:///com.rhomobile.macotec
I/APP     ( 1534): I 02/14/2013 15:58:30:531 000005fe               Rhodes| Loading...
I/APP     ( 1534): I 02/14/2013 15:58:30:549 000005fe            RhodesApp| Trying to get free listening port.
I/APP     ( 1534): I 02/14/2013 15:58:30:551 000005fe            RhodesApp| Trying to bind of 8080 port...
I/APP     ( 1534): I 02/14/2013 15:58:30:567 000005fe            RhodesApp| Got port to bind on: 8080
I/APP     ( 1534): I 02/14/2013 15:58:30:569 000005fe            RhodesApp| Free listening port: 8080
I/APP     ( 1534): I 02/14/2013 15:58:30:584 00000613         AppCallbacks| Starting main routine...
I/APP     ( 1534): I 02/14/2013 15:58:30:586 00000613         AppCallbacks| ThreadQueue blocked for 4294967295 seconds...
I/Process (   77): Sending signal. PID: 1534 SIG: 3
I/dalvikvm( 1534): threadid=3: reacting to signal 3
I/dalvikvm( 1534): Wrote stack traces to '/data/anr/traces.txt'
I/APP     ( 1534): I 02/14/2013 15:58:30:693 000005fe        RhodesService| Push is disabled
I/APP     ( 1534): I 02/14/2013 15:58:30:696 000005fe            RhodesApp| callAppActiveCallback
I/APP     ( 1534): I 02/14/2013 15:58:30:716 000005fe         AppCallbacks| addCommand: APP-ACTIVATED
I/APP     ( 1534): I 02/14/2013 15:58:30:720 00000613         AppCallbacks| Received command APP-ACTIVATED which is greater than expected (LOCAL-SERVER-STARTED) - postpone it
I/APP     ( 1534): I 02/14/2013 15:58:30:721 00000613         AppCallbacks| ThreadQueue blocked for 4294967295 seconds...
I/APP     ( 1534): I 02/14/2013 15:58:30:742 000005fe         AppActivated| Cannot commit now, application will be activated when started.
I/APP     ( 1534): I 02/14/2013 15:58:30:744 000005fe    RhodesApplication| New AppState: Undefined
D/RhodesService( 1534): +++ onStartCommand
I/RhodesService( 1534): handleCommand: startId=1, source=com.rhomobile.rhodes.BaseActivity
D/RhodesService( 1534): New activity was created
I/APP     ( 1534): I 02/14/2013 15:58:30:773 00000615            RhodesApp| Starting RhodesApp main routine...
I/APP     ( 1534): I 02/14/2013 15:58:30:799 000005fe        RhodesService| onBind
I/APP     ( 1534): I 02/14/2013 15:58:30:848 000005fe         AppCallbacks| addCommand: UI-CREATED
I/APP     ( 1534): I 02/14/2013 15:58:30:853 00000613         AppCallbacks| Received command UI-CREATED which is greater than expected (LOCAL-SERVER-STARTED) - postpone it
I/APP     ( 1534): I 02/14/2013 15:58:30:854 00000613         AppCallbacks| ThreadQueue blocked for 4294967295 seconds...
V/PhoneStatusBar(  200): setLightsOn(true)
I/APP     ( 1534): I 02/14/2013 15:58:30:951 000005fe       RhodesActivity| onServiceConnected: {com.rhomobile.macotec/com.rhomobile.rhodes.RhodesService}
I/APP     ( 1534): I 02/14/2013 15:58:30:983 000005fe       RhodesActivity| New start parameters: 
I/APP     ( 1534): I 02/14/2013 15:58:30:985 000005fe            RhodesApp| New start params: 
D/gralloc_goldfish( 1534): Emulator without GPU emulation detected.
I/Process (   77): Sending signal. PID: 1534 SIG: 3
I/dalvikvm( 1534): threadid=3: reacting to signal 3
I/dalvikvm( 1534): Wrote stack traces to '/data/anr/traces.txt'
I/ActivityManager(   77): Displayed com.rhomobile.macotec/com.rhomobile.rhodes.RhodesActivity: +3s546ms
I/APP     ( 1534): I 02/14/2013 15:58:31:603 00000615              RhoRuby| Init_RhoBlobs: /data/data/com.rhomobile.macotec/rhodata/db/db-files
I/APP     ( 1534): I 02/14/2013 15:58:31:642 00000615              RhoRuby| require_compiled: rhoframework
I/APP     ( 1534): I 02/14/2013 15:58:31:683 00000615              RhoRuby| require_compiled: rational
I/APP     ( 1534): I 02/14/2013 15:58:31:705 00000615              RhoRuby| require_compiled: rhom/rhom_db_adapter
I/APP     ( 1534): I 02/14/2013 15:58:31:750 00000615              RhoRuby| require_compiled: rhodes
I/APP     ( 1534): I 02/14/2013 15:58:31:775 00000615              RhoRuby| require_compiled: rhom/rhom_object
I/APP     ( 1534): I 02/14/2013 15:58:31:797 00000615              RhoRuby| require_compiled: rhofsconnector
I/APP     ( 1534): I 02/14/2013 15:58:31:802 00000615              RhoRuby| require_compiled: rho/rhofsconnector
I/APP     ( 1534): I 02/14/2013 15:58:31:842 00000615              RhoRuby| require_compiled: rhom/rhom_object_factory
W/NetworkManagementSocketTagger(   77): setKernelCountSet(10009, 0) failed with errno -2
I/APP     ( 1534): I 02/14/2013 15:58:32:018 00000615              RhoRuby| require_compiled: rhom/rhom
I/APP     ( 1534): I 02/14/2013 15:58:32:089 00000615              RhoRuby| require_compiled: rhom/rhom_model
I/APP     ( 1534): I 02/14/2013 15:58:32:153 00000615              RhoRuby| require_compiled: rhom
I/APP     ( 1534): I 02/14/2013 15:58:32:159 00000615              RhoRuby| require_compiled: rho/rhoapplication
I/APP     ( 1534): I 02/14/2013 15:58:32:236 00000615              RhoRuby| require_compiled: rholang/localization_simplified
I/APP     ( 1534): I 02/14/2013 15:58:32:310 00000615              RhoRuby| require_compiled: rho/rhomsg
I/APP     ( 1534): I 02/14/2013 15:58:32:315 00000615              RhoRuby| require_compiled: rho/rhotabbar
I/APP     ( 1534): I 02/14/2013 15:58:32:370 00000615              RhoRuby| require_compiled: rho/rhotoolbar
I/APP     ( 1534): I 02/14/2013 15:58:32:399 00000615                  APP| Current locale: ; Country code: 
I/APP     ( 1534): I 02/14/2013 15:58:32:402 00000615                  APP| Locilized file: /data/data/com.rhomobile.macotec/rhodata/lib/rholang/lang_
I/APP     ( 1534): I 02/14/2013 15:58:32:434 00000615              RhoRuby| require_compiled: /data/data/com.rhomobile.macotec/rhodata/lib/rholang/lang_en
I/APP     ( 1534): I 02/14/2013 15:58:32:458 00000615                  APP| Locilized file: /data/data/com.rhomobile.macotec/rhodata/apps/app/lang/lang_
I/APP     ( 1534): I 02/14/2013 15:58:32:475 00000615              RhoRuby| require_compiled: /data/data/com.rhomobile.macotec/rhodata/apps/app/lang/lang_en
I/APP     ( 1534): I 02/14/2013 15:58:32:508 00000615                  APP| Locilized file: /data/data/com.rhomobile.macotec/rhodata/lib/rholang/rhoerror_
I/APP     ( 1534): I 02/14/2013 15:58:32:528 00000615              RhoRuby| require_compiled: /data/data/com.rhomobile.macotec/rhodata/lib/rholang/rhoerror_en
I/APP     ( 1534): I 02/14/2013 15:58:32:557 00000615                  APP| Locilized file: /data/data/com.rhomobile.macotec/rhodata/lib/rholang/rhomsg_
I/APP     ( 1534): I 02/14/2013 15:58:32:588 00000615              RhoRuby| require_compiled: /data/data/com.rhomobile.macotec/rhodata/lib/rholang/rhomsg_en
I/APP     ( 1534): I 02/14/2013 15:58:32:612 00000615              RhoRuby| require_compiled: indifferent_access
I/APP     ( 1534): I 02/14/2013 15:58:32:664 00000615              RhoRuby| require_compiled: rho/rhosupport
I/APP     ( 1534): I 02/14/2013 15:58:32:743 00000615              RhoRuby| require_compiled: rho/rhocontroller
I/APP     ( 1534): I 02/14/2013 15:58:32:775 00000615              RhoRuby| require_compiled: rho/render
I/APP     ( 1534): I 02/14/2013 15:58:32:826 00000615              RhoRuby| require_compiled: rho/rho
I/APP     ( 1534): I 02/14/2013 15:58:33:177 00000615              RhoRuby| require_compiled: rho/rhoerror
I/APP     ( 1534): I 02/14/2013 15:58:33:197 00000615              RhoRuby| require_compiled: rhom/rhom_source
I/APP     ( 1534): I 02/14/2013 15:58:33:230 00000615              RhoRuby| require_compiled: rho/rhoviewhelpers
I/APP     ( 1534): I 02/14/2013 15:58:33:265 00000615              RhoRuby| require_compiled: rho
I/APP     ( 1534): I 02/14/2013 15:58:33:270 00000615                  APP| RHO loaded
I/APP     ( 1534): I 02/14/2013 15:58:33:291 00000615                  APP| Calling RHO.initialize
I/APP     ( 1534): I 02/14/2013 15:58:33:296 00000615                  APP| model file: Settings/settings
I/APP     ( 1534): I 02/14/2013 15:58:33:320 00000615                  APP| model file: Product/product
I/APP     ( 1534): I 02/14/2013 15:58:33:322 00000615                  APP| model file: Request/request
I/APP     ( 1534): I 02/14/2013 15:58:33:345 00000615                   DB| Open DB: /data/data/com.rhomobile.macotec/rhodata/db/syncdbuser.sqlite
I/APP     ( 1534): I 02/14/2013 15:58:33:366 00000615          GeoLocation| Creating singleton instance.
I/APP     ( 1534): I 02/14/2013 15:58:33:368 00000615            RhodesApp| Starting sync engine...
I/APP     ( 1534): I 02/14/2013 15:58:33:392 00000615                 Sync| sync_poll_interval: 0
I/APP     ( 1534): I 02/14/2013 15:58:33:394 00000615                 Sync| syncserver: 
I/APP     ( 1534): I 02/14/2013 15:58:33:415 00000615                 Sync| bulksync_state: 0
I/APP     ( 1534): I 02/14/2013 15:58:33:417 00000615            RhodesApp| RhoRubyInitApp...
I/APP     ( 1534): I 02/14/2013 15:58:33:422 00000615                  APP| init_app
I/APP     ( 1534): I 02/14/2013 15:58:33:427 00000615              RhoRuby| require_compiled: application
I/APP     ( 1534): I 02/14/2013 15:58:33:447 00000615                 Sync| Set notification. Source ID: -1;Url :http://localhost:8080/app/Settings/sync_notify; Params: 
I/APP     ( 1534): I 02/14/2013 15:58:33:460 00000615           HttpServer| Start HTTP server
I/APP     ( 1534): I 02/14/2013 15:58:33:477 00000615           HttpServer| Listen for connections on port 8080
I/APP     ( 1534): I 02/14/2013 15:58:33:479 00000615         AppCallbacks| addCommand: LOCAL-SERVER-STARTED
I/APP     ( 1534): I 02/14/2013 15:58:33:485 00000613         AppCallbacks| process command: LOCAL-SERVER-STARTED
I/APP     ( 1534): I 02/14/2013 15:58:33:486 00000613 RhodesAppActiveObserver| Ready
I/APP     ( 1534): I 02/14/2013 15:58:33:491 000005fe AndroidFunctionality| Disable WebView zoom
I/APP     ( 1534): I 02/14/2013 15:58:33:492 000005fe AndroidFunctionality| Set web plugins state 'OFF'
I/APP     ( 1534): I 02/14/2013 15:58:33:509 00000613    RhodesApplication| New AppState: AppActivated
I/APP     ( 1534): I 02/14/2013 15:58:33:519 00000613         AppCallbacks| process command: UI-CREATED
I/APP     ( 1534): I 02/14/2013 15:58:33:579 00000615           HttpServer| Process URI: '/system/uicreated'
I/APP     ( 1534): I 02/14/2013 15:58:33:583 00000615                  APP| on_ui_created.navigate to start url: '/app'
I/APP     ( 1534): I 02/14/2013 15:58:33:592 000005fe         SplashScreen| navigate: url=http://localhost:8080/app
I/APP     ( 1534): I 02/14/2013 15:58:33:593 000005fe         SplashScreen| DELAY for SplashScreen = 0
I/APP     ( 1534): I 02/14/2013 15:58:33:651 000005fe        GoogleWebView| Creating new RhoWebChromeClient
I/APP     ( 1534): I 02/14/2013 15:58:33:663 000005fe       SimpleMainView| Cleared URL: http://localhost:8080/app
I/APP     ( 1534): I 02/14/2013 15:58:33:678 00000613         AppCallbacks| process command: APP-ACTIVATED
V/SimpleMainView.View( 1534): ms[1360853913732]  Main Window :: onSizeChanged() old [ 480 x 724 ]  new [ 0 x 0 ]
I/APP     ( 1534): I 02/14/2013 15:58:33:738 00000615           HttpServer| Process URI: '/system/activateapp'
I/APP     ( 1534): I 02/14/2013 15:58:33:752 00000613         AppCallbacks| ThreadQueue blocked for 4294967295 seconds...
I/APP     ( 1534): I 02/14/2013 15:58:33:805 000005fe        GoogleWebView| Setting RhoWebChromeClient
I/APP     ( 1534): I 02/14/2013 15:58:34:003 00000615           HttpServer| Process URI: '/app'
I/APP     ( 1534): I 02/14/2013 15:58:34:036 000005fe     RhoWebViewClient| Loading URL: http://localhost:8080/app/index_erb.iseq
I/APP     ( 1534): I 02/14/2013 15:58:34:068 00000615           HttpServer| Process URI: '/app/index_erb.iseq'
I/APP     ( 1534): I 02/14/2013 15:58:34:073 00000615                  APP| RHO serve_index: /app/index_erb.iseq
I/APP     ( 1534): I 02/14/2013 15:58:34:120 00000615 RHO Rho::RhoController| inst_render_index
I/APP     ( 1534): I 02/14/2013 15:58:34:280 00000615 RHO Rho::RhoController| index layout
I/APP     ( 1534): I 02/14/2013 15:58:34:538 00000615           HttpServer| GC Start.
I/APP     ( 1534): I 02/14/2013 15:58:35:142 00000615           HttpServer| GC End.
I/APP     ( 1534): I 02/14/2013 15:58:37:166 00000615           HttpServer| Process URI: '/public/js/request.js'
I/APP     ( 1534): I 02/14/2013 15:58:37:292 00000615           HttpServer| Process URI: '/public/jquery/jquery-1.6.4.min.js'
I/APP     ( 1534): I 02/14/2013 15:58:37:950 00000615           HttpServer| Process URI: '/public/jquery/jquery.json-2.3.min.js'
I/APP     ( 1534): I 02/14/2013 15:58:38:240 00000615           HttpServer| Process URI: '/public/jqmobile/jquery.mobile-1.0.1.min.css'
I/APP     ( 1534): I 02/14/2013 15:58:38:527 00000615           HttpServer| Process URI: '/public/css/jqmobile-patch.css'
I/APP     ( 1534): I 02/14/2013 15:58:38:678 00000615           HttpServer| Process URI: '/public/jqmobile/jquery.mobile-1.0.1.min.js'
I/APP     ( 1534): I 02/14/2013 15:58:39:083 00000615           HttpServer| Process URI: '/public/js/jqmobile-patch.js'
I/APP     ( 1534): I 02/14/2013 15:58:39:205 00000615           HttpServer| Process URI: '/public/css/macotec_style.css'
I/APP     ( 1534): I 02/14/2013 15:58:43:186 00000615           HttpServer| Process URI: '/public/images/macotec/logo.png'
I/APP     ( 1534): I 02/14/2013 15:58:43:267 00000615           HttpServer| Process URI: '/public/images/macotec/request_top.png'
I/APP     ( 1534): I 02/14/2013 15:58:43:276 00000615           HttpServer| Process URI: '/public/images/macotec/contact_png.png'
I/APP     ( 1534): I 02/14/2013 15:58:43:312 00000615           HttpServer| Process URI: '/public/images/macotec/products_png.png'
I/APP     ( 1534): I 02/14/2013 15:58:43:347 00000615           HttpServer| Process URI: '/public/images/macotec/info_png.png'
I/APP     ( 1534): I 02/14/2013 15:58:51:045 00000615           HttpServer| Process URI: '/app/Request/request'
I/APP     ( 1534): I 02/14/2013 15:58:51:048 00000615                  APP| RHO serve: /app/Request/request
I/APP     ( 1534): I 02/14/2013 15:58:51:068 00000615              RhoRuby| require_compiled: Request/request_controller
I/APP     ( 1534): I 02/14/2013 15:58:51:198 00000615              RhoRuby| require_compiled: helpers/browser_helper
I/APP     ( 1534): I 02/14/2013 15:58:51:234 00000615              RhoRuby| require_compiled: time
I/APP     ( 1534): I 02/14/2013 15:58:51:422 00000615              RhoRuby| require_compiled: date/format
I/APP     ( 1534): I 02/14/2013 15:58:51:734 00000615              RhoRuby| require_compiled: date
I/APP     ( 1534): I 02/14/2013 15:58:51:753 00000615              RhoRuby| require_compiled: dateOrig
D/dalvikvm( 1534): GC_CONCURRENT freed 888K, 8% free 12509K/13575K, paused 6ms+16ms
D/webviewglue( 1534): nativeDestroy view: 0x28d628
I/APP     ( 1534): E 02/14/2013 15:58:52:030 00000615               RubyVM| lib/date.rb:14: warning: already initialized constant MONTHNAMES
I/APP     ( 1534): E 02/14/2013 15:58:52:031 00000615               RubyVM| lib/date.rb:15: warning: already initialized constant ABBR_MONTHNAMES
I/APP     ( 1534): E 02/14/2013 15:58:52:049 00000615               RubyVM| lib/date.rb:16: warning: already initialized constant DAYNAMES
I/APP     ( 1534): E 02/14/2013 15:58:52:063 00000615               RubyVM| lib/date.rb:17: warning: already initialized constant ABBR_DAYNAMES
I/APP     ( 1534): I 02/14/2013 15:58:52:068 00000615              RhoRuby| require_compiled: json
I/APP     ( 1534): I 02/14/2013 15:58:52:091 00000615              RhoRuby| require_compiled: json/common
I/APP     ( 1534): I 02/14/2013 15:58:52:130 00000615              RhoRuby| require_compiled: json/version
I/APP     ( 1534): I 02/14/2013 15:58:52:151 00000615              RhoRuby| require_compiled: json/pure
I/APP     ( 1534): I 02/14/2013 15:58:52:178 00000615              RhoRuby| require_compiled: json/pure/generator
I/APP     ( 1534): I 02/14/2013 15:58:52:262 00000615           HttpServer| GC Start.
I/APP     ( 1534): I 02/14/2013 15:58:52:347 00000615           HttpServer| GC End.
I/APP     ( 1534): I 02/14/2013 15:58:52:593 00000615           HttpServer| Process URI: '/public/images/macotec/forklifter_full.png'
I/APP     ( 1534): I 02/14/2013 15:58:52:631 00000615           HttpServer| Process URI: '/public/images/macotec/request_contract.png'
I/APP     ( 1534): I 02/14/2013 15:58:52:702 00000615           HttpServer| Process URI: '/public/jqmobile/images/icons-36-white.png'
E/libEGL  ( 1534): call to OpenGL ES API with no current context (logged once per thread)
D/ShaderProgram( 1534): couldn't load the vertex shader!
E/libEGL  ( 1534): call to OpenGL ES API with no current context (logged once per thread)
D/ShaderProgram( 1534): couldn't load the vertex shader!
E/libEGL  ( 1534): call to OpenGL ES API with no current context (logged once per thread)
D/ShaderProgram( 1534): couldn't load the vertex shader!
E/libEGL  ( 1534): call to OpenGL ES API with no current context (logged once per thread)
D/ShaderProgram( 1534): couldn't load the vertex shader!
E/libEGL  ( 1534): call to OpenGL ES API with no current context (logged once per thread)
D/ShaderProgram( 1534): couldn't load the vertex shader!
I/APP     ( 1534): I 02/14/2013 15:58:58:969 00000615           HttpServer| Process URI: '/app/index_erb.iseq'
I/APP     ( 1534): I 02/14/2013 15:58:58:972 00000615                  APP| RHO serve_index: /app/index_erb.iseq
I/APP     ( 1534): I 02/14/2013 15:58:58:997 00000615 RHO Rho::RhoController| inst_render_index
I/APP     ( 1534): I 02/14/2013 15:58:59:120 00000615           HttpServer| GC Start.
I/APP     ( 1534): I 02/14/2013 15:58:59:183 00000615           HttpServer| GC End.
D/AndroidRuntime( 1571): 
D/AndroidRuntime( 1571): >>>>>> AndroidRuntime START com.android.internal.os.RuntimeInit <<<<<<
D/AndroidRuntime( 1571): CheckJNI is ON
D/AndroidRuntime( 1571): Calling main entry com.android.commands.pm.Pm
W/ActivityManager(   77): No content provider found for permission revoke: file:///data/local/tmp/MacoTec-debug.apk
W/ActivityManager(   77): No content provider found for permission revoke: file:///data/local/tmp/MacoTec-debug.apk
D/dalvikvm(   77): GC_CONCURRENT freed 493K, 40% free 11504K/18887K, paused 9ms+8ms
D/dalvikvm(   77): GC_CONCURRENT freed 327K, 39% free 11701K/18887K, paused 10ms+12ms
D/dalvikvm(   77): GC_CONCURRENT freed 544K, 38% free 11738K/18887K, paused 8ms+9ms
D/dalvikvm(   77): GC_CONCURRENT freed 565K, 38% free 11769K/18887K, paused 13ms+7ms
D/dalvikvm(   77): GC_CONCURRENT freed 606K, 38% free 11765K/18887K, paused 15ms+9ms
D/dalvikvm(   77): GC_CONCURRENT freed 622K, 38% free 11763K/18887K, paused 6ms+9ms
D/dalvikvm(   77): GC_CONCURRENT freed 561K, 38% free 11761K/18887K, paused 5ms+8ms
I/PackageManager(   77): Removing non-system package:com.rhomobile.macotec
I/ActivityManager(   77): Force stopping package com.rhomobile.macotec uid=10040
I/ActivityManager(   77): Killing proc 1534:com.rhomobile.macotec/10040: force stop
W/ActivityManager(   77): Force removing ActivityRecord{412d27f0 com.rhomobile.macotec/com.rhomobile.rhodes.RhodesActivity}: app died, no saved state
W/NetworkManagementSocketTagger(   77): setKernelCountSet(10040, 0) failed with errno -2
W/NetworkManagementSocketTagger(   77): setKernelCountSet(10009, 1) failed with errno -2
I/WindowManager(   77): WIN DEATH: Window{415e1560 com.rhomobile.macotec/com.rhomobile.rhodes.RhodesActivity paused=false}
I/PackageManager(   77): Package com.rhomobile.macotec codePath changed from /data/app/com.rhomobile.macotec-2.apk to /data/app/com.rhomobile.macotec-1.apk; Retaining data and using new
W/InputManagerService(   77): Got RemoteException sending setActive(false) notification to pid 1534 uid 10040
I/PackageManager(   77): Running dexopt on: com.rhomobile.macotec
D/dalvikvm( 1582): DexOpt: load 96ms, verify+opt 482ms
W/PackageManager(   77): Code path for pkg : com.rhomobile.macotec changing from /data/app/com.rhomobile.macotec-2.apk to /data/app/com.rhomobile.macotec-1.apk
W/PackageManager(   77): Resource path for pkg : com.rhomobile.macotec changing from /data/app/com.rhomobile.macotec-2.apk to /data/app/com.rhomobile.macotec-1.apk
I/ActivityManager(   77): Force stopping package com.rhomobile.macotec uid=10040
D/PackageManager(   77): New package installed in /data/app/com.rhomobile.macotec-1.apk
I/dalvikvm(   77): Jit: resizing JitTable from 8192 to 16384
I/ActivityManager(   77): Force stopping package com.rhomobile.macotec uid=10040
D/dalvikvm(  245): GC_EXPLICIT freed 208K, 6% free 11326K/12039K, paused 14ms+4ms
D/dalvikvm(  285): GC_EXPLICIT freed 148K, 5% free 9395K/9799K, paused 3ms+5ms
D/dalvikvm(   77): GC_EXPLICIT freed 459K, 38% free 11744K/18887K, paused 5ms+15ms
D/PackageManager(   77): generateServicesMap(android.accounts.AccountAuthenticator): 2 services unchanged
D/PackageManager(   77): generateServicesMap(android.content.SyncAdapter): 4 services unchanged
D/BackupManagerService(   77): Received broadcast Intent { act=android.intent.action.PACKAGE_REMOVED dat=package:com.rhomobile.macotec flg=0x10000010 (has extras) }
D/PackageManager(   77): generateServicesMap(android.accounts.AccountAuthenticator): 2 services unchanged
D/PackageManager(   77): generateServicesMap(android.content.SyncAdapter): 4 services unchanged
D/BackupManagerService(   77): Received broadcast Intent { act=android.intent.action.PACKAGE_ADDED dat=package:com.rhomobile.macotec flg=0x10000010 (has extras) }
V/BackupManagerService(   77): updatePackageParticipantsLocked: #1
W/RecognitionManagerService(   77): no available voice recognition services found
D/BackupManagerService(   77): Received broadcast Intent { act=android.intent.action.PACKAGE_REPLACED dat=package:com.rhomobile.macotec flg=0x10000010 (has extras) }
V/BackupManagerService(   77): updatePackageParticipantsLocked: #1
D/dalvikvm(   77): GC_EXPLICIT freed 1028K, 40% free 11352K/18887K, paused 4ms+12ms
D/AndroidRuntime( 1571): Shutting down VM
D/dalvikvm( 1571): GC_CONCURRENT freed 97K, 79% free 450K/2048K, paused 0ms+1ms
I/AndroidRuntime( 1571): NOTE: attach of thread 'Binder Thread #3' failed
D/AndroidRuntime( 1590): 
D/AndroidRuntime( 1590): >>>>>> AndroidRuntime START com.android.internal.os.RuntimeInit <<<<<<
D/AndroidRuntime( 1590): CheckJNI is ON
D/AndroidRuntime( 1590): Calling main entry com.android.commands.am.Am
I/ActivityManager(   77): START {act=android.intent.action.MAIN flg=0x10000000 cmp=com.rhomobile.macotec/com.rhomobile.rhodes.RhodesActivity} from pid 1590
W/WindowManager(   77): Failure taking screenshot for (180x300) to layer 21005
D/AndroidRuntime( 1590): Shutting down VM
D/dalvikvm( 1590): GC_CONCURRENT freed 97K, 77% free 479K/2048K, paused 1ms+1ms
I/AndroidRuntime( 1590): NOTE: attach of thread 'Binder Thread #3' failed
I/ActivityManager(   77): Start proc com.rhomobile.macotec for activity com.rhomobile.macotec/com.rhomobile.rhodes.RhodesActivity: pid=1600 uid=10040 gids={3003}
I/dalvikvm( 1600): Turning on JNI app bug workarounds for target SDK version 4...
W/NetworkManagementSocketTagger(   77): setKernelCountSet(10040, 1) failed with errno -2
I/Process (   77): Sending signal. PID: 1600 SIG: 3
I/dalvikvm( 1600): threadid=3: reacting to signal 3
I/dalvikvm( 1600): Wrote stack traces to '/data/anr/traces.txt'
D/dalvikvm( 1600): Trying to load lib /data/data/com.rhomobile.macotec/lib/librhodes.so 0x412a2ed8
D/dalvikvm( 1600): Added shared lib /data/data/com.rhomobile.macotec/lib/librhodes.so 0x412a2ed8
D/dalvikvm( 1600): Trying to load lib /data/data/com.rhomobile.macotec/lib/librhodes.so 0x412a2ed8
D/dalvikvm( 1600): Shared lib '/data/data/com.rhomobile.macotec/lib/librhodes.so' already loaded in same CL 0x412a2ed8
I/ActivityThread( 1600): Pub com.rhomobile.macotec: com.rhomobile.rhodes.LocalFileProvider
I/RhodesApplication( 1600): Initializing...
D/RhoFileApi( 1600): App root path: /data/data/com.rhomobile.macotec/rhodata/
D/RhoFileApi( 1600): Sqlite journals path: /data/data/com.rhomobile.macotec/sqlite_stmt_journals/
D/RhoFileApi( 1600): Shared path: /data/data/com.rhomobile.macotec/rhodata/
D/RhodesApplication( 1600): Root path: /data/data/com.rhomobile.macotec/rhodata/
I/RhodesApplication( 1600): Application hash was changed
D/RhoFileApi( 1600): Copy hash to FS
D/RhoFileApi( 1600): File hash copied
D/RhoFileApi( 1600): Copy rho.dat to FS
D/RhoFileApi( 1600): File rho.dat copied
D/RhoFileApi( 1600): Copy apps/rhoconfig.txt to FS
D/RhoFileApi( 1600): File apps/rhoconfig.txt copied
I/RhoFileApi( 1600): Opening stat table from FS: /data/data/com.rhomobile.macotec/rhodata/rho.dat
I/Process (   77): Sending signal. PID: 1600 SIG: 3
I/dalvikvm( 1600): threadid=3: reacting to signal 3
I/dalvikvm( 1600): Wrote stack traces to '/data/anr/traces.txt'
D/RhoFileApi( 1600): Copy apps/rhoconfig.txt to FS
D/RhoFileApi( 1600): File apps/rhoconfig.txt copied
D/RhoFileApi( 1600): App root path: /data/data/com.rhomobile.macotec/rhodata/
D/RhoFileApi( 1600): Sqlite journals path: /data/data/com.rhomobile.macotec/sqlite_stmt_journals/
D/RhoFileApi( 1600): Shared path: /data/data/com.rhomobile.macotec/rhodata/
I/APP     ( 1600): I 02/14/2013 16:03:03:494 00000640    RhodesApplication| Initialized
I/APP     ( 1600): I 02/14/2013 16:03:03:534 00000640         BaseActivity| New screen properties - width: 480, height: 800, orientation: 1
I/APP     ( 1600): I 02/14/2013 16:03:03:690 00000640         SplashScreen| Looking for start page source
D/dalvikvm( 1600): GC_CONCURRENT freed 300K, 5% free 9222K/9607K, paused 7ms+4ms
I/Process (   77): Sending signal. PID: 1600 SIG: 3
I/dalvikvm( 1600): threadid=3: reacting to signal 3
D/dalvikvm( 1600): GC_FOR_ALLOC freed 10K, 4% free 9227K/9607K, paused 98ms
I/dalvikvm( 1600): Wrote stack traces to '/data/anr/traces.txt'
I/dalvikvm-heap( 1600): Grow heap (frag case) to 12.146MB for 3217300-byte allocation
D/dalvikvm( 1600): GC_FOR_ALLOC freed <1K, 4% free 12368K/12807K, paused 33ms
D/dalvikvm( 1600): GC_CONCURRENT freed 2K, 4% free 12372K/12807K, paused 5ms+9ms
I/Process (   77): Sending signal. PID: 1600 SIG: 3
I/dalvikvm( 1600): threadid=3: reacting to signal 3
I/dalvikvm( 1600): Wrote stack traces to '/data/anr/traces.txt'
I/APP     ( 1600): I 02/14/2013 16:03:04:432 00000640         SplashScreen| Done
I/APP     ( 1600): I 02/14/2013 16:03:04:435 00000640    RhodesApplication| New UiState: MainActivityCreated
I/APP     ( 1600): I 02/14/2013 16:03:04:456 00000640       RhodesActivity| onStart
I/APP     ( 1600): I 02/14/2013 16:03:04:458 00000640    RhodesApplication| New UiState: MainActivityStarted
I/APP     ( 1600): I 02/14/2013 16:03:04:480 00000640       RhodesActivity| onResume
I/APP     ( 1600): I 02/14/2013 16:03:04:483 00000640 AndroidFunctionality| Resume WebView
I/APP     ( 1600): I 02/14/2013 16:03:04:524 00000640        RhodesService| onCreate
I/APP     ( 1600): I 02/14/2013 16:03:04:527 00000640    LocalFileProvider| Revoke URI permissions: content:///com.rhomobile.macotec
W/ActivityManager(   77): No content provider found for permission revoke: content:///com.rhomobile.macotec
I/APP     ( 1600): I 02/14/2013 16:03:04:567 00000640               Rhodes| Loading...
I/APP     ( 1600): I 02/14/2013 16:03:04:572 00000640            RhodesApp| Trying to get free listening port.
I/APP     ( 1600): I 02/14/2013 16:03:04:592 00000640            RhodesApp| Trying to bind of 8080 port...
I/APP     ( 1600): I 02/14/2013 16:03:04:594 00000640            RhodesApp| Got port to bind on: 8080
I/APP     ( 1600): I 02/14/2013 16:03:04:599 00000640            RhodesApp| Free listening port: 8080
I/APP     ( 1600): I 02/14/2013 16:03:04:616 00000655         AppCallbacks| Starting main routine...
I/APP     ( 1600): I 02/14/2013 16:03:04:618 00000655         AppCallbacks| ThreadQueue blocked for 4294967295 seconds...
I/APP     ( 1600): I 02/14/2013 16:03:04:674 00000640        RhodesService| Push is disabled
I/APP     ( 1600): I 02/14/2013 16:03:04:676 00000640            RhodesApp| callAppActiveCallback
I/APP     ( 1600): I 02/14/2013 16:03:04:697 00000640         AppCallbacks| addCommand: APP-ACTIVATED
I/APP     ( 1600): I 02/14/2013 16:03:04:700 00000655         AppCallbacks| Received command APP-ACTIVATED which is greater than expected (LOCAL-SERVER-STARTED) - postpone it
I/APP     ( 1600): I 02/14/2013 16:03:04:701 00000655         AppCallbacks| ThreadQueue blocked for 4294967295 seconds...
I/APP     ( 1600): I 02/14/2013 16:03:04:722 00000640         AppActivated| Cannot commit now, application will be activated when started.
I/APP     ( 1600): I 02/14/2013 16:03:04:726 00000640    RhodesApplication| New AppState: Undefined
D/RhodesService( 1600): +++ onStartCommand
I/RhodesService( 1600): handleCommand: startId=1, source=com.rhomobile.rhodes.BaseActivity
D/RhodesService( 1600): New activity was created
I/APP     ( 1600): I 02/14/2013 16:03:04:758 00000657            RhodesApp| Starting RhodesApp main routine...
I/APP     ( 1600): I 02/14/2013 16:03:04:779 00000640        RhodesService| onBind
I/APP     ( 1600): I 02/14/2013 16:03:04:817 00000640         AppCallbacks| addCommand: UI-CREATED
I/Process (   77): Sending signal. PID: 1600 SIG: 3
I/dalvikvm( 1600): threadid=3: reacting to signal 3
I/APP     ( 1600): I 02/14/2013 16:03:04:868 00000655         AppCallbacks| Received command UI-CREATED which is greater than expected (LOCAL-SERVER-STARTED) - postpone it
I/APP     ( 1600): I 02/14/2013 16:03:04:869 00000655         AppCallbacks| ThreadQueue blocked for 4294967295 seconds...
I/dalvikvm( 1600): Wrote stack traces to '/data/anr/traces.txt'
V/PhoneStatusBar(  200): setLightsOn(true)
I/APP     ( 1600): I 02/14/2013 16:03:05:050 00000640       RhodesActivity| onServiceConnected: {com.rhomobile.macotec/com.rhomobile.rhodes.RhodesService}
I/APP     ( 1600): I 02/14/2013 16:03:05:074 00000640       RhodesActivity| New start parameters: 
I/APP     ( 1600): I 02/14/2013 16:03:05:076 00000640            RhodesApp| New start params: 
D/gralloc_goldfish( 1600): Emulator without GPU emulation detected.
I/ActivityManager(   77): Displayed com.rhomobile.macotec/com.rhomobile.rhodes.RhodesActivity: +3s316ms
I/APP     ( 1600): I 02/14/2013 16:03:05:657 00000657              RhoRuby| Init_RhoBlobs: /data/data/com.rhomobile.macotec/rhodata/db/db-files
W/NetworkManagementSocketTagger(   77): setKernelCountSet(10009, 0) failed with errno -2
I/APP     ( 1600): I 02/14/2013 16:03:05:722 00000657              RhoRuby| require_compiled: rhoframework
I/APP     ( 1600): I 02/14/2013 16:03:05:763 00000657              RhoRuby| require_compiled: rational
I/APP     ( 1600): I 02/14/2013 16:03:05:783 00000657              RhoRuby| require_compiled: rhom/rhom_db_adapter
I/APP     ( 1600): I 02/14/2013 16:03:05:830 00000657              RhoRuby| require_compiled: rhodes
I/APP     ( 1600): I 02/14/2013 16:03:05:851 00000657              RhoRuby| require_compiled: rhom/rhom_object
I/APP     ( 1600): I 02/14/2013 16:03:05:873 00000657              RhoRuby| require_compiled: rhofsconnector
I/APP     ( 1600): I 02/14/2013 16:03:05:878 00000657              RhoRuby| require_compiled: rho/rhofsconnector
I/APP     ( 1600): I 02/14/2013 16:03:05:913 00000657              RhoRuby| require_compiled: rhom/rhom_object_factory
I/APP     ( 1600): I 02/14/2013 16:03:06:070 00000657              RhoRuby| require_compiled: rhom/rhom
I/APP     ( 1600): I 02/14/2013 16:03:06:123 00000657              RhoRuby| require_compiled: rhom/rhom_model
I/APP     ( 1600): I 02/14/2013 16:03:06:180 00000657              RhoRuby| require_compiled: rhom
I/APP     ( 1600): I 02/14/2013 16:03:06:184 00000657              RhoRuby| require_compiled: rho/rhoapplication
I/APP     ( 1600): I 02/14/2013 16:03:06:284 00000657              RhoRuby| require_compiled: rholang/localization_simplified
I/APP     ( 1600): I 02/14/2013 16:03:06:344 00000657              RhoRuby| require_compiled: rho/rhomsg
I/APP     ( 1600): I 02/14/2013 16:03:06:370 00000657              RhoRuby| require_compiled: rho/rhotabbar
I/APP     ( 1600): I 02/14/2013 16:03:06:402 00000657              RhoRuby| require_compiled: rho/rhotoolbar
I/APP     ( 1600): I 02/14/2013 16:03:06:433 00000657                  APP| Current locale: ; Country code: 
I/APP     ( 1600): I 02/14/2013 16:03:06:437 00000657                  APP| Locilized file: /data/data/com.rhomobile.macotec/rhodata/lib/rholang/lang_
I/APP     ( 1600): I 02/14/2013 16:03:06:460 00000657              RhoRuby| require_compiled: /data/data/com.rhomobile.macotec/rhodata/lib/rholang/lang_en
I/APP     ( 1600): I 02/14/2013 16:03:06:506 00000657                  APP| Locilized file: /data/data/com.rhomobile.macotec/rhodata/apps/app/lang/lang_
I/APP     ( 1600): I 02/14/2013 16:03:06:511 00000657              RhoRuby| require_compiled: /data/data/com.rhomobile.macotec/rhodata/apps/app/lang/lang_en
I/APP     ( 1600): I 02/14/2013 16:03:06:560 00000657                  APP| Locilized file: /data/data/com.rhomobile.macotec/rhodata/lib/rholang/rhoerror_
I/APP     ( 1600): I 02/14/2013 16:03:06:563 00000657              RhoRuby| require_compiled: /data/data/com.rhomobile.macotec/rhodata/lib/rholang/rhoerror_en
I/APP     ( 1600): I 02/14/2013 16:03:06:601 00000657                  APP| Locilized file: /data/data/com.rhomobile.macotec/rhodata/lib/rholang/rhomsg_
I/APP     ( 1600): I 02/14/2013 16:03:06:621 00000657              RhoRuby| require_compiled: /data/data/com.rhomobile.macotec/rhodata/lib/rholang/rhomsg_en
I/APP     ( 1600): I 02/14/2013 16:03:06:651 00000657              RhoRuby| require_compiled: indifferent_access
I/APP     ( 1600): I 02/14/2013 16:03:06:697 00000657              RhoRuby| require_compiled: rho/rhosupport
I/APP     ( 1600): I 02/14/2013 16:03:06:738 00000657              RhoRuby| require_compiled: rho/rhocontroller
I/APP     ( 1600): I 02/14/2013 16:03:06:769 00000657              RhoRuby| require_compiled: rho/render
I/APP     ( 1600): I 02/14/2013 16:03:06:816 00000657              RhoRuby| require_compiled: rho/rho
I/APP     ( 1600): I 02/14/2013 16:03:06:961 00000657              RhoRuby| require_compiled: rho/rhoerror
I/APP     ( 1600): I 02/14/2013 16:03:06:980 00000657              RhoRuby| require_compiled: rhom/rhom_source
I/APP     ( 1600): I 02/14/2013 16:03:07:012 00000657              RhoRuby| require_compiled: rho/rhoviewhelpers
I/APP     ( 1600): I 02/14/2013 16:03:07:041 00000657              RhoRuby| require_compiled: rho
I/APP     ( 1600): I 02/14/2013 16:03:07:045 00000657                  APP| RHO loaded
I/APP     ( 1600): I 02/14/2013 16:03:07:067 00000657                  APP| Calling RHO.initialize
I/APP     ( 1600): I 02/14/2013 16:03:07:072 00000657                  APP| model file: Settings/settings
I/APP     ( 1600): I 02/14/2013 16:03:07:096 00000657                  APP| model file: Product/product
I/APP     ( 1600): I 02/14/2013 16:03:07:098 00000657                  APP| model file: Request/request
I/APP     ( 1600): I 02/14/2013 16:03:07:118 00000657                   DB| Open DB: /data/data/com.rhomobile.macotec/rhodata/db/syncdbuser.sqlite
I/APP     ( 1600): I 02/14/2013 16:03:07:145 00000657          GeoLocation| Creating singleton instance.
I/APP     ( 1600): I 02/14/2013 16:03:07:147 00000657            RhodesApp| Starting sync engine...
I/APP     ( 1600): I 02/14/2013 16:03:07:170 00000657                 Sync| sync_poll_interval: 0
I/APP     ( 1600): I 02/14/2013 16:03:07:173 00000657                 Sync| syncserver: 
I/APP     ( 1600): I 02/14/2013 16:03:07:193 00000657                 Sync| bulksync_state: 0
I/APP     ( 1600): I 02/14/2013 16:03:07:198 00000657            RhodesApp| RhoRubyInitApp...
I/APP     ( 1600): I 02/14/2013 16:03:07:208 00000657                  APP| init_app
I/APP     ( 1600): I 02/14/2013 16:03:07:211 00000657              RhoRuby| require_compiled: application
I/APP     ( 1600): I 02/14/2013 16:03:07:237 00000657                 Sync| Set notification. Source ID: -1;Url :http://localhost:8080/app/Settings/sync_notify; Params: 
I/APP     ( 1600): I 02/14/2013 16:03:07:242 00000657           HttpServer| Start HTTP server
I/APP     ( 1600): I 02/14/2013 16:03:07:254 00000657           HttpServer| Listen for connections on port 8080
I/APP     ( 1600): I 02/14/2013 16:03:07:256 00000657         AppCallbacks| addCommand: LOCAL-SERVER-STARTED
I/APP     ( 1600): I 02/14/2013 16:03:07:260 00000655         AppCallbacks| process command: LOCAL-SERVER-STARTED
I/APP     ( 1600): I 02/14/2013 16:03:07:261 00000655 RhodesAppActiveObserver| Ready
I/APP     ( 1600): I 02/14/2013 16:03:07:266 00000640 AndroidFunctionality| Disable WebView zoom
I/APP     ( 1600): I 02/14/2013 16:03:07:267 00000640 AndroidFunctionality| Set web plugins state 'OFF'
I/APP     ( 1600): I 02/14/2013 16:03:07:287 00000655    RhodesApplication| New AppState: AppActivated
I/APP     ( 1600): I 02/14/2013 16:03:07:291 00000655         AppCallbacks| process command: UI-CREATED
I/APP     ( 1600): I 02/14/2013 16:03:07:359 00000657           HttpServer| Process URI: '/system/uicreated'
I/APP     ( 1600): I 02/14/2013 16:03:07:363 00000657                  APP| on_ui_created.navigate to start url: '/app'
I/APP     ( 1600): I 02/14/2013 16:03:07:373 00000640         SplashScreen| navigate: url=http://localhost:8080/app
I/APP     ( 1600): I 02/14/2013 16:03:07:374 00000640         SplashScreen| DELAY for SplashScreen = 0
I/APP     ( 1600): I 02/14/2013 16:03:07:436 00000640        GoogleWebView| Creating new RhoWebChromeClient
I/APP     ( 1600): I 02/14/2013 16:03:07:441 00000640       SimpleMainView| Cleared URL: http://localhost:8080/app
I/APP     ( 1600): I 02/14/2013 16:03:07:453 00000655         AppCallbacks| process command: APP-ACTIVATED
V/SimpleMainView.View( 1600): ms[1360854187494]  Main Window :: onSizeChanged() old [ 480 x 724 ]  new [ 0 x 0 ]
I/APP     ( 1600): I 02/14/2013 16:03:07:497 00000657           HttpServer| Process URI: '/system/activateapp'
I/APP     ( 1600): I 02/14/2013 16:03:07:517 00000655         AppCallbacks| ThreadQueue blocked for 4294967295 seconds...
I/APP     ( 1600): I 02/14/2013 16:03:07:580 00000640        GoogleWebView| Setting RhoWebChromeClient
I/APP     ( 1600): I 02/14/2013 16:03:07:652 00000657           HttpServer| Process URI: '/app'
I/APP     ( 1600): I 02/14/2013 16:03:07:683 00000640     RhoWebViewClient| Loading URL: http://localhost:8080/app/index_erb.iseq
I/APP     ( 1600): I 02/14/2013 16:03:07:711 00000657           HttpServer| Process URI: '/app/index_erb.iseq'
I/APP     ( 1600): I 02/14/2013 16:03:07:717 00000657                  APP| RHO serve_index: /app/index_erb.iseq
I/APP     ( 1600): I 02/14/2013 16:03:07:745 00000657 RHO Rho::RhoController| inst_render_index
I/APP     ( 1600): I 02/14/2013 16:03:07:792 00000657 RHO Rho::RhoController| index layout
I/APP     ( 1600): I 02/14/2013 16:03:07:855 00000657           HttpServer| GC Start.
I/APP     ( 1600): I 02/14/2013 16:03:07:932 00000657           HttpServer| GC End.
I/APP     ( 1600): I 02/14/2013 16:03:08:034 00000657           HttpServer| Process URI: '/public/js/request.js'
I/APP     ( 1600): I 02/14/2013 16:03:08:066 00000657           HttpServer| Process URI: '/public/jquery/jquery-1.6.4.min.js'
I/APP     ( 1600): I 02/14/2013 16:03:08:209 00000657           HttpServer| Process URI: '/public/jquery/jquery.json-2.3.min.js'
I/APP     ( 1600): I 02/14/2013 16:03:08:230 00000657           HttpServer| Process URI: '/public/jqmobile/jquery.mobile-1.0.1.min.css'
I/APP     ( 1600): I 02/14/2013 16:03:08:271 00000657           HttpServer| Process URI: '/public/css/jqmobile-patch.css'
I/APP     ( 1600): I 02/14/2013 16:03:08:295 00000657           HttpServer| Process URI: '/public/jqmobile/jquery.mobile-1.0.1.min.js'
