I/APP     ( 4159): I 02/06/2013 15:09:25:923 0000103f       SimpleMainView| Cleared URL: http://localhost:48888/app
I/APP     ( 4159): I 02/06/2013 15:09:25:981 0000103f     RhoWebViewClient| Loading URL: http://localhost:48888/app/index_erb.iseq
I/APP     ( 4159): I 02/06/2013 15:09:26:043 00001056           HttpServer| Process URI: '/app/index_erb.iseq'
I/APP     ( 4159): I 02/06/2013 15:09:26:061 00001056                  APP| RHO serve_index: /app/index_erb.iseq
I/APP     ( 4159): I 02/06/2013 15:09:26:066 00001056 RHO Rho::RhoController| inst_render_index
I/APP     ( 4159): I 02/06/2013 15:09:26:212 00001056 RHO Rho::RhoController| index layout
I/APP     ( 4159): I 02/06/2013 15:09:26:376 00001056           HttpServer| GC Start.
I/APP     ( 4159): I 02/06/2013 15:09:26:523 00001056           HttpServer| GC End.
D/AndroidRuntime( 4202): 
D/AndroidRuntime( 4202): >>>>>> AndroidRuntime START com.android.internal.os.RuntimeInit <<<<<<
D/AndroidRuntime( 4202): CheckJNI is ON
D/AndroidRuntime( 4202): Calling main entry com.android.commands.pm.Pm
W/ActivityManager(   78): No content provider found for permission revoke: file:///data/local/tmp/macotec-debug.apk
W/ActivityManager(   78): No content provider found for permission revoke: file:///data/local/tmp/macotec-debug.apk
D/dalvikvm(   78): GC_CONCURRENT freed 379K, 11% free 11566K/12935K, paused 8ms+11ms
D/dalvikvm(   78): GC_CONCURRENT freed 332K, 9% free 11779K/12935K, paused 10ms+16ms
D/dalvikvm(   78): GC_CONCURRENT freed 630K, 9% free 11776K/12935K, paused 14ms+7ms
D/dalvikvm(   78): GC_CONCURRENT freed 569K, 9% free 11776K/12935K, paused 6ms+7ms
D/dalvikvm(   78): GC_CONCURRENT freed 593K, 9% free 11783K/12935K, paused 8ms+7ms
D/dalvikvm(   78): GC_CONCURRENT freed 611K, 9% free 11780K/12935K, paused 18ms+7ms
I/PackageManager(   78): Removing non-system package:com.rhomobile.macotec
I/ActivityManager(   78): Force stopping package com.rhomobile.macotec uid=10040
I/ActivityManager(   78): Killing proc 4159:com.rhomobile.macotec/10040: force stop
W/ActivityManager(   78): Force removing ActivityRecord{41294418 com.rhomobile.macotec/com.rhomobile.rhodes.RhodesActivity}: app died, no saved state
I/WindowManager(   78): WIN DEATH: Window{415f2d40 com.rhomobile.macotec/com.rhomobile.rhodes.RhodesActivity paused=false}
W/NetworkManagementSocketTagger(   78): setKernelCountSet(10040, 0) failed with errno -2
W/NetworkManagementSocketTagger(   78): setKernelCountSet(10009, 1) failed with errno -2
I/PackageManager(   78): Package com.rhomobile.macotec codePath changed from /data/app/com.rhomobile.macotec-1.apk to /data/app/com.rhomobile.macotec-2.apk; Retaining data and using new
W/InputManagerService(   78): Got RemoteException sending setActive(false) notification to pid 4159 uid 10040
I/Process (   78): Sending signal. PID: 189 SIG: 3
I/dalvikvm(  189): threadid=3: reacting to signal 3
I/dalvikvm(  189): Wrote stack traces to '/data/anr/traces.txt'
D/dalvikvm(  189): GC_CONCURRENT freed 3892K, 24% free 17290K/22599K, paused 4ms+9ms
W/ThrottleService(   78): unable to find stats for iface rmnet0
D/dalvikvm(   78): GC_CONCURRENT freed 599K, 9% free 11784K/12935K, paused 6ms+35ms
D/dalvikvm(  189): GC_CONCURRENT freed 1800K, 23% free 17530K/22599K, paused 6ms+20ms
D/dalvikvm(  189): GC_FOR_ALLOC freed 318K, 22% free 17698K/22599K, paused 109ms
I/dalvikvm-heap(  189): Grow heap (frag case) to 18.583MB for 1286224-byte allocation
D/dalvikvm(  189): GC_FOR_ALLOC freed 2K, 21% free 18952K/23879K, paused 82ms
I/PackageManager(   78): Running dexopt on: com.rhomobile.macotec
D/dalvikvm( 4213): DexOpt: load 96ms, verify+opt 496ms
W/PackageManager(   78): Code path for pkg : com.rhomobile.macotec changing from /data/app/com.rhomobile.macotec-1.apk to /data/app/com.rhomobile.macotec-2.apk
W/PackageManager(   78): Resource path for pkg : com.rhomobile.macotec changing from /data/app/com.rhomobile.macotec-1.apk to /data/app/com.rhomobile.macotec-2.apk
I/ActivityManager(   78): Force stopping package com.rhomobile.macotec uid=10040
D/PackageManager(   78): New package installed in /data/app/com.rhomobile.macotec-2.apk
I/ActivityManager(   78): Force stopping package com.rhomobile.macotec uid=10040
D/dalvikvm(  189): GC_EXPLICIT freed 2977K, 28% free 17423K/23879K, paused 3ms+7ms
D/dalvikvm(  220): GC_EXPLICIT freed 159K, 4% free 9390K/9735K, paused 3ms+9ms
D/dalvikvm(   78): GC_EXPLICIT freed 720K, 13% free 11354K/12935K, paused 13ms+7ms
D/PackageManager(   78): generateServicesMap(android.accounts.AccountAuthenticator): 2 services unchanged
D/PackageManager(   78): generateServicesMap(android.content.SyncAdapter): 4 services unchanged
D/BackupManagerService(   78): Received broadcast Intent { act=android.intent.action.PACKAGE_REMOVED dat=package:com.rhomobile.macotec flg=0x10000010 (has extras) }
I/AccountTypeManager(  310): Loaded meta-data for 1 account types, 0 accounts in 10ms(wall) 7ms(cpu)
D/PackageManager(   78): generateServicesMap(android.accounts.AccountAuthenticator): 2 services unchanged
D/PackageManager(   78): generateServicesMap(android.content.SyncAdapter): 4 services unchanged
D/BackupManagerService(   78): Received broadcast Intent { act=android.intent.action.PACKAGE_ADDED dat=package:com.rhomobile.macotec flg=0x10000010 (has extras) }
V/BackupManagerService(   78): updatePackageParticipantsLocked: #1
W/RecognitionManagerService(   78): no available voice recognition services found
I/AccountTypeManager(  310): Loaded meta-data for 1 account types, 0 accounts in 166ms(wall) 6ms(cpu)
D/dalvikvm(  189): GC_FOR_ALLOC freed 3104K, 35% free 15742K/23879K, paused 57ms
D/BackupManagerService(   78): Received broadcast Intent { act=android.intent.action.PACKAGE_REPLACED dat=package:com.rhomobile.macotec flg=0x10000010 (has extras) }
V/BackupManagerService(   78): updatePackageParticipantsLocked: #1
D/dalvikvm(  189): GC_FOR_ALLOC freed 429K, 29% free 17008K/23879K, paused 172ms
D/dalvikvm(   78): GC_CONCURRENT freed 463K, 12% free 11474K/12935K, paused 5ms+19ms
D/dalvikvm(  189): GC_FOR_ALLOC freed 3651K, 39% free 14723K/23879K, paused 55ms
D/dalvikvm(  189): GC_FOR_ALLOC freed 53K, 35% free 15704K/23879K, paused 91ms
D/dalvikvm(  189): GC_FOR_ALLOC freed 349K, 29% free 17009K/23879K, paused 63ms
D/dalvikvm(  189): GC_FOR_ALLOC freed 1659K, 28% free 17214K/23879K, paused 52ms
D/dalvikvm(  189): GC_FOR_ALLOC freed 359K, 22% free 18687K/23879K, paused 120ms
D/dalvikvm(  189): GC_CONCURRENT freed 2977K, 26% free 17731K/23879K, paused 4ms+10ms
D/dalvikvm(   78): GC_EXPLICIT freed 217K, 13% free 11330K/12935K, paused 9ms+17ms
D/AndroidRuntime( 4202): Shutting down VM
D/dalvikvm( 4202): GC_CONCURRENT freed 97K, 79% free 450K/2048K, paused 1ms+1ms
I/AndroidRuntime( 4202): NOTE: attach of thread 'Binder Thread #3' failed
D/AndroidRuntime( 4221): 
D/AndroidRuntime( 4221): >>>>>> AndroidRuntime START com.android.internal.os.RuntimeInit <<<<<<
D/AndroidRuntime( 4221): CheckJNI is ON
D/AndroidRuntime( 4221): Calling main entry com.android.commands.am.Am
I/ActivityManager(   78): START {act=android.intent.action.MAIN flg=0x10000000 cmp=com.rhomobile.macotec/com.rhomobile.rhodes.RhodesActivity} from pid 4221
W/WindowManager(   78): Failure taking screenshot for (180x273) to layer 21005
D/AndroidRuntime( 4221): Shutting down VM
D/dalvikvm( 4221): GC_CONCURRENT freed 97K, 77% free 480K/2048K, paused 1ms+2ms
I/AndroidRuntime( 4221): NOTE: attach of thread 'Binder Thread #3' failed
I/ActivityManager(   78): Start proc com.rhomobile.macotec for activity com.rhomobile.macotec/com.rhomobile.rhodes.RhodesActivity: pid=4231 uid=10040 gids={3003}
I/dalvikvm( 4231): Turning on JNI app bug workarounds for target SDK version 4...
W/NetworkManagementSocketTagger(   78): setKernelCountSet(10040, 1) failed with errno -2
I/Process (   78): Sending signal. PID: 4231 SIG: 3
I/dalvikvm( 4231): threadid=3: reacting to signal 3
I/dalvikvm( 4231): Wrote stack traces to '/data/anr/traces.txt'
D/dalvikvm( 4231): Trying to load lib /data/data/com.rhomobile.macotec/lib/librhodes.so 0x412a5630
D/dalvikvm( 4231): Added shared lib /data/data/com.rhomobile.macotec/lib/librhodes.so 0x412a5630
D/dalvikvm( 4231): Trying to load lib /data/data/com.rhomobile.macotec/lib/librhodes.so 0x412a5630
D/dalvikvm( 4231): Shared lib '/data/data/com.rhomobile.macotec/lib/librhodes.so' already loaded in same CL 0x412a5630
I/Process (   78): Sending signal. PID: 4231 SIG: 3
I/dalvikvm( 4231): threadid=3: reacting to signal 3
I/ActivityThread( 4231): Pub com.rhomobile.macotec: com.rhomobile.rhodes.LocalFileProvider
I/dalvikvm( 4231): Wrote stack traces to '/data/anr/traces.txt'
I/RhodesApplication( 4231): Initializing...
D/RhoFileApi( 4231): App root path: /data/data/com.rhomobile.macotec/rhodata/
D/RhoFileApi( 4231): Sqlite journals path: /data/data/com.rhomobile.macotec/sqlite_stmt_journals/
D/RhoFileApi( 4231): Shared path: /data/data/com.rhomobile.macotec/rhodata/
D/RhodesApplication( 4231): Root path: /data/data/com.rhomobile.macotec/rhodata/
I/RhodesApplication( 4231): Application hash was changed
D/RhoFileApi( 4231): Copy hash to FS
D/RhoFileApi( 4231): File hash copied
D/RhoFileApi( 4231): Copy rho.dat to FS
D/RhoFileApi( 4231): File rho.dat copied
D/RhoFileApi( 4231): Copy apps/rhoconfig.txt to FS
D/RhoFileApi( 4231): File apps/rhoconfig.txt copied
I/RhoFileApi( 4231): Opening stat table from FS: /data/data/com.rhomobile.macotec/rhodata/rho.dat
I/Process (   78): Sending signal. PID: 4231 SIG: 3
I/dalvikvm( 4231): threadid=3: reacting to signal 3
I/dalvikvm( 4231): Wrote stack traces to '/data/anr/traces.txt'
D/RhoFileApi( 4231): Copy apps/rhoconfig.txt to FS
D/RhoFileApi( 4231): File apps/rhoconfig.txt copied
D/RhoFileApi( 4231): App root path: /data/data/com.rhomobile.macotec/rhodata/
D/RhoFileApi( 4231): Sqlite journals path: /data/data/com.rhomobile.macotec/sqlite_stmt_journals/
D/RhoFileApi( 4231): Shared path: /data/data/com.rhomobile.macotec/rhodata/
I/APP     ( 4231): I 02/06/2013 15:10:45:443 00001087    RhodesApplication| Initialized
I/APP     ( 4231): I 02/06/2013 15:10:45:511 00001087         BaseActivity| New screen properties - width: 480, height: 728, orientation: 1
I/Process (   78): Sending signal. PID: 4231 SIG: 3
I/dalvikvm( 4231): threadid=3: reacting to signal 3
I/dalvikvm( 4231): Wrote stack traces to '/data/anr/traces.txt'
D/dalvikvm( 4231): GC_CONCURRENT freed 301K, 5% free 9178K/9607K, paused 4ms+4ms
I/APP     ( 4231): I 02/06/2013 15:10:45:986 00001087         SplashScreen| Looking for start page source
I/Process (   78): Sending signal. PID: 4231 SIG: 3
I/dalvikvm( 4231): threadid=3: reacting to signal 3
D/dalvikvm( 4231): GC_FOR_ALLOC freed 19K, 4% free 9227K/9607K, paused 94ms
I/dalvikvm( 4231): Wrote stack traces to '/data/anr/traces.txt'
I/dalvikvm-heap( 4231): Grow heap (frag case) to 12.147MB for 3217300-byte allocation
D/dalvikvm( 4231): GC_CONCURRENT freed 1K, 4% free 12368K/12807K, paused 3ms+3ms
I/Process (   78): Sending signal. PID: 4231 SIG: 3
I/dalvikvm( 4231): threadid=3: reacting to signal 3
I/dalvikvm( 4231): Wrote stack traces to '/data/anr/traces.txt'
I/APP     ( 4231): I 02/06/2013 15:10:46:921 00001087         SplashScreen| Done
I/APP     ( 4231): I 02/06/2013 15:10:46:965 00001087    RhodesApplication| New UiState: MainActivityCreated
I/APP     ( 4231): I 02/06/2013 15:10:46:970 00001087       RhodesActivity| onStart
I/APP     ( 4231): I 02/06/2013 15:10:47:023 00001087    RhodesApplication| New UiState: MainActivityStarted
I/APP     ( 4231): I 02/06/2013 15:10:47:028 00001087       RhodesActivity| onResume
I/APP     ( 4231): I 02/06/2013 15:10:47:050 00001087 AndroidFunctionality| Resume WebView
I/APP     ( 4231): I 02/06/2013 15:10:47:098 00001087        RhodesService| onCreate
I/APP     ( 4231): I 02/06/2013 15:10:47:127 00001087    LocalFileProvider| Revoke URI permissions: content:///com.rhomobile.macotec
W/ActivityManager(   78): No content provider found for permission revoke: content:///com.rhomobile.macotec
I/Process (   78): Sending signal. PID: 4231 SIG: 3
I/dalvikvm( 4231): threadid=3: reacting to signal 3
I/dalvikvm( 4231): Wrote stack traces to '/data/anr/traces.txt'
I/APP     ( 4231): I 02/06/2013 15:10:47:216 00001087               Rhodes| Loading...
I/APP     ( 4231): I 02/06/2013 15:10:47:222 00001087            RhodesApp| Trying to get free listening port.
I/APP     ( 4231): I 02/06/2013 15:10:47:264 00001087            RhodesApp| Trying to bind of 8080 port...
I/APP     ( 4231): I 02/06/2013 15:10:47:269 00001087            RhodesApp| Got port to bind on: 8080
I/APP     ( 4231): I 02/06/2013 15:10:47:299 00001087            RhodesApp| Free listening port: 8080
I/APP     ( 4231): I 02/06/2013 15:10:47:291 0000109c         AppCallbacks| Starting main routine...
I/APP     ( 4231): I 02/06/2013 15:10:47:320 0000109c         AppCallbacks| ThreadQueue blocked for 4294967295 seconds...
I/APP     ( 4231): I 02/06/2013 15:10:47:413 00001087        RhodesService| Push is disabled
I/APP     ( 4231): I 02/06/2013 15:10:47:444 00001087            RhodesApp| callAppActiveCallback
I/APP     ( 4231): I 02/06/2013 15:10:47:448 00001087         AppCallbacks| addCommand: APP-ACTIVATED
I/APP     ( 4231): I 02/06/2013 15:10:47:480 0000109c         AppCallbacks| Received command APP-ACTIVATED which is greater than expected (LOCAL-SERVER-STARTED) - postpone it
I/APP     ( 4231): I 02/06/2013 15:10:47:481 0000109c         AppCallbacks| ThreadQueue blocked for 4294967295 seconds...
I/APP     ( 4231): I 02/06/2013 15:10:47:508 00001087         AppActivated| Cannot commit now, application will be activated when started.
I/APP     ( 4231): I 02/06/2013 15:10:47:513 00001087    RhodesApplication| New AppState: Undefined
I/APP     ( 4231): I 02/06/2013 15:10:47:537 0000109e            RhodesApp| Starting RhodesApp main routine...
D/RhodesService( 4231): +++ onStartCommand
I/RhodesService( 4231): handleCommand: startId=1, source=com.rhomobile.rhodes.BaseActivity
D/RhodesService( 4231): New activity was created
I/APP     ( 4231): I 02/06/2013 15:10:47:614 00001087        RhodesService| onBind
I/Process (   78): Sending signal. PID: 4231 SIG: 3
I/dalvikvm( 4231): threadid=3: reacting to signal 3
I/APP     ( 4231): I 02/06/2013 15:10:47:735 00001087         AppCallbacks| addCommand: UI-CREATED
I/APP     ( 4231): I 02/06/2013 15:10:47:740 0000109c         AppCallbacks| Received command UI-CREATED which is greater than expected (LOCAL-SERVER-STARTED) - postpone it
I/APP     ( 4231): I 02/06/2013 15:10:47:741 0000109c         AppCallbacks| ThreadQueue blocked for 4294967295 seconds...
I/dalvikvm( 4231): Wrote stack traces to '/data/anr/traces.txt'
V/PhoneStatusBar(  136): setLightsOn(true)
I/APP     ( 4231): I 02/06/2013 15:10:47:952 00001087       RhodesActivity| onServiceConnected: {com.rhomobile.macotec/com.rhomobile.rhodes.RhodesService}
I/APP     ( 4231): I 02/06/2013 15:10:47:988 00001087       RhodesActivity| New start parameters: 
I/APP     ( 4231): I 02/06/2013 15:10:48:018 00001087            RhodesApp| New start params: 
W/InputManagerService(   78): Starting input on non-focused client com.android.internal.view.IInputMethodClient$Stub$Proxy@415b6a98 (uid=10009 pid=189)
D/gralloc_goldfish( 4231): Emulator without GPU emulation detected.
I/Process (   78): Sending signal. PID: 4231 SIG: 3
I/dalvikvm( 4231): threadid=3: reacting to signal 3
I/dalvikvm( 4231): Wrote stack traces to '/data/anr/traces.txt'
I/Process (   78): Sending signal. PID: 4231 SIG: 3
I/dalvikvm( 4231): threadid=3: reacting to signal 3
I/dalvikvm( 4231): Wrote stack traces to '/data/anr/traces.txt'
I/ActivityManager(   78): Displayed com.rhomobile.macotec/com.rhomobile.rhodes.RhodesActivity: +5s511ms
I/APP     ( 4231): I 02/06/2013 15:10:49:193 0000109e              RhoRuby| Init_RhoBlobs: /data/data/com.rhomobile.macotec/rhodata/db/db-files
I/APP     ( 4231): I 02/06/2013 15:10:49:306 0000109e              RhoRuby| require_compiled: rhoframework
I/APP     ( 4231): I 02/06/2013 15:10:49:430 0000109e              RhoRuby| require_compiled: rational
I/APP     ( 4231): I 02/06/2013 15:10:49:534 0000109e              RhoRuby| require_compiled: rhom/rhom_db_adapter
I/APP     ( 4231): I 02/06/2013 15:10:49:689 0000109e              RhoRuby| require_compiled: rhodes
I/APP     ( 4231): I 02/06/2013 15:10:49:796 0000109e              RhoRuby| require_compiled: rhom/rhom_object
I/APP     ( 4231): I 02/06/2013 15:10:49:874 0000109e              RhoRuby| require_compiled: rhofsconnector
I/APP     ( 4231): I 02/06/2013 15:10:49:946 0000109e              RhoRuby| require_compiled: rho/rhofsconnector
I/APP     ( 4231): I 02/06/2013 15:10:50:041 0000109e              RhoRuby| require_compiled: rhom/rhom_object_factory
W/NetworkManagementSocketTagger(   78): setKernelCountSet(10009, 0) failed with errno -2
I/APP     ( 4231): I 02/06/2013 15:10:50:348 0000109e              RhoRuby| require_compiled: rhom/rhom
I/APP     ( 4231): I 02/06/2013 15:10:50:436 0000109e              RhoRuby| require_compiled: rhom/rhom_model
I/APP     ( 4231): I 02/06/2013 15:10:50:524 0000109e              RhoRuby| require_compiled: rhom
I/APP     ( 4231): I 02/06/2013 15:10:50:575 0000109e              RhoRuby| require_compiled: rho/rhoapplication
I/APP     ( 4231): I 02/06/2013 15:10:50:696 0000109e              RhoRuby| require_compiled: rholang/localization_simplified
I/APP     ( 4231): I 02/06/2013 15:10:50:780 0000109e              RhoRuby| require_compiled: rho/rhomsg
I/APP     ( 4231): I 02/06/2013 15:10:50:855 0000109e              RhoRuby| require_compiled: rho/rhotabbar
I/APP     ( 4231): I 02/06/2013 15:10:50:892 0000109e              RhoRuby| require_compiled: rho/rhotoolbar
I/APP     ( 4231): I 02/06/2013 15:10:50:947 0000109e                  APP| Current locale: ; Country code: 
I/APP     ( 4231): I 02/06/2013 15:10:50:988 0000109e                  APP| Locilized file: /data/data/com.rhomobile.macotec/rhodata/lib/rholang/lang_
I/APP     ( 4231): I 02/06/2013 15:10:51:013 0000109e              RhoRuby| require_compiled: /data/data/com.rhomobile.macotec/rhodata/lib/rholang/lang_en
I/APP     ( 4231): I 02/06/2013 15:10:51:086 0000109e                  APP| Locilized file: /data/data/com.rhomobile.macotec/rhodata/apps/app/lang/lang_
I/APP     ( 4231): I 02/06/2013 15:10:51:115 0000109e                  APP| Locilized file: /data/data/com.rhomobile.macotec/rhodata/lib/rholang/rhoerror_
I/APP     ( 4231): I 02/06/2013 15:10:51:122 0000109e              RhoRuby| require_compiled: /data/data/com.rhomobile.macotec/rhodata/lib/rholang/rhoerror_en
I/APP     ( 4231): I 02/06/2013 15:10:51:172 0000109e                  APP| Locilized file: /data/data/com.rhomobile.macotec/rhodata/lib/rholang/rhomsg_
I/APP     ( 4231): I 02/06/2013 15:10:51:191 0000109e              RhoRuby| require_compiled: /data/data/com.rhomobile.macotec/rhodata/lib/rholang/rhomsg_en
I/APP     ( 4231): I 02/06/2013 15:10:51:226 0000109e              RhoRuby| require_compiled: indifferent_access
I/APP     ( 4231): I 02/06/2013 15:10:51:328 0000109e              RhoRuby| require_compiled: rho/rhosupport
I/APP     ( 4231): I 02/06/2013 15:10:51:427 0000109e              RhoRuby| require_compiled: rho/rhocontroller
I/APP     ( 4231): I 02/06/2013 15:10:51:494 0000109e              RhoRuby| require_compiled: rho/render
I/APP     ( 4231): I 02/06/2013 15:10:51:577 0000109e              RhoRuby| require_compiled: rho/rho
I/APP     ( 4231): I 02/06/2013 15:10:51:759 0000109e              RhoRuby| require_compiled: rho/rhoerror
I/APP     ( 4231): I 02/06/2013 15:10:51:810 0000109e              RhoRuby| require_compiled: rhom/rhom_source
I/APP     ( 4231): I 02/06/2013 15:10:51:879 0000109e              RhoRuby| require_compiled: rho/rhoviewhelpers
I/APP     ( 4231): I 02/06/2013 15:10:51:943 0000109e              RhoRuby| require_compiled: rho
I/APP     ( 4231): I 02/06/2013 15:10:51:988 0000109e                  APP| RHO loaded
I/APP     ( 4231): I 02/06/2013 15:10:51:993 0000109e                  APP| Calling RHO.initialize
I/APP     ( 4231): I 02/06/2013 15:10:52:040 0000109e                  APP| model file: Product/product
I/APP     ( 4231): I 02/06/2013 15:10:52:066 0000109e                  APP| model file: Request/request
I/APP     ( 4231): I 02/06/2013 15:10:52:092 0000109e                   DB| Open DB: /data/data/com.rhomobile.macotec/rhodata/db/syncdbuser.sqlite
I/APP     ( 4231): I 02/06/2013 15:10:52:152 0000109e          GeoLocation| Creating singleton instance.
I/APP     ( 4231): I 02/06/2013 15:10:52:158 0000109e            RhodesApp| Starting sync engine...
I/APP     ( 4231): I 02/06/2013 15:10:52:183 0000109e                 Sync| sync_poll_interval: 0
I/APP     ( 4231): I 02/06/2013 15:10:52:208 0000109e                 Sync| syncserver: 
I/APP     ( 4231): I 02/06/2013 15:10:52:212 0000109e                 Sync| bulksync_state: 0
I/APP     ( 4231): I 02/06/2013 15:10:52:241 0000109e            RhodesApp| RhoRubyInitApp...
I/APP     ( 4231): I 02/06/2013 15:10:52:246 0000109e                  APP| init_app
I/APP     ( 4231): I 02/06/2013 15:10:52:273 0000109e              RhoRuby| require_compiled: application
I/APP     ( 4231): I 02/06/2013 15:10:52:301 0000109e                 Sync| Set notification. Source ID: -1;Url :http://localhost:8080/app/Settings/sync_notify; Params: 
I/APP     ( 4231): I 02/06/2013 15:10:52:331 0000109e           HttpServer| Start HTTP server
I/APP     ( 4231): I 02/06/2013 15:10:52:350 0000109e           HttpServer| Listen for connections on port 8080
I/APP     ( 4231): I 02/06/2013 15:10:52:367 0000109e         AppCallbacks| addCommand: LOCAL-SERVER-STARTED
I/APP     ( 4231): I 02/06/2013 15:10:52:372 0000109c         AppCallbacks| process command: LOCAL-SERVER-STARTED
I/APP     ( 4231): I 02/06/2013 15:10:52:373 0000109c RhodesAppActiveObserver| Ready
I/APP     ( 4231): I 02/06/2013 15:10:52:381 00001087 AndroidFunctionality| Disable WebView zoom
I/APP     ( 4231): I 02/06/2013 15:10:52:382 00001087 AndroidFunctionality| Set web plugins state 'OFF'
I/APP     ( 4231): I 02/06/2013 15:10:52:434 0000109c    RhodesApplication| New AppState: AppActivated
I/APP     ( 4231): I 02/06/2013 15:10:52:451 0000109c         AppCallbacks| process command: UI-CREATED
I/APP     ( 4231): I 02/06/2013 15:10:52:532 0000109e           HttpServer| Process URI: '/system/uicreated'
I/APP     ( 4231): I 02/06/2013 15:10:52:549 0000109e                  APP| on_ui_created.navigate to start url: '/app'
I/APP     ( 4231): I 02/06/2013 15:10:52:556 00001087         SplashScreen| navigate: url=http://localhost:8080/app
I/APP     ( 4231): I 02/06/2013 15:10:52:558 00001087         SplashScreen| DELAY for SplashScreen = 0
I/APP     ( 4231): I 02/06/2013 15:10:52:610 0000109c         AppCallbacks| process command: APP-ACTIVATED
I/APP     ( 4231): I 02/06/2013 15:10:52:643 00001087        GoogleWebView| Creating new RhoWebChromeClient
I/APP     ( 4231): I 02/06/2013 15:10:52:678 00001087       SimpleMainView| Cleared URL: http://localhost:8080/app
V/SimpleMainView.View( 4231): ms[1360159852711]  Main Window :: onSizeChanged() old [ 480 x 652 ]  new [ 0 x 0 ]
I/APP     ( 4231): I 02/06/2013 15:10:52:746 0000109e           HttpServer| Process URI: '/system/activateapp'
I/APP     ( 4231): I 02/06/2013 15:10:52:775 0000109c         AppCallbacks| ThreadQueue blocked for 4294967295 seconds...
I/APP     ( 4231): I 02/06/2013 15:10:52:834 00001087        GoogleWebView| Setting RhoWebChromeClient
I/APP     ( 4231): I 02/06/2013 15:10:52:987 0000109e           HttpServer| Process URI: '/app'
I/APP     ( 4231): I 02/06/2013 15:10:53:019 00001087     RhoWebViewClient| Loading URL: http://localhost:8080/app/index_erb.iseq
I/APP     ( 4231): I 02/06/2013 15:10:53:068 0000109e           HttpServer| Process URI: '/app/index_erb.iseq'
I/APP     ( 4231): I 02/06/2013 15:10:53:077 0000109e                  APP| RHO serve_index: /app/index_erb.iseq
I/APP     ( 4231): I 02/06/2013 15:10:53:104 0000109e RHO Rho::RhoController| inst_render_index
I/APP     ( 4231): I 02/06/2013 15:10:53:228 0000109e RHO Rho::RhoController| index layout
I/APP     ( 4231): I 02/06/2013 15:10:53:330 0000109e           HttpServer| GC Start.
I/APP     ( 4231): I 02/06/2013 15:10:53:441 0000109e           HttpServer| GC End.
I/APP     ( 4231): I 02/06/2013 15:10:53:568 0000109e           HttpServer| Process URI: '/public/js/request.js'
I/APP     ( 4231): I 02/06/2013 15:10:53:637 0000109e           HttpServer| Process URI: '/public/jquery/jquery-1.6.4.min.js'
I/APP     ( 4231): I 02/06/2013 15:10:53:787 0000109e           HttpServer| Process URI: '/public/jquery/jquery.json-2.3.min.js'
I/APP     ( 4231): I 02/06/2013 15:10:53:845 0000109e           HttpServer| Process URI: '/public/jqmobile/jquery.mobile-1.0.1.min.css'
I/APP     ( 4231): I 02/06/2013 15:10:53:969 0000109e           HttpServer| Process URI: '/public/css/jqmobile-patch.css'
I/APP     ( 4231): I 02/06/2013 15:10:54:066 0000109e           HttpServer| Process URI: '/public/jqmobile/jquery.mobile-1.0.1.min.js'
I/APP     ( 4231): I 02/06/2013 15:10:54:248 0000109e           HttpServer| Process URI: '/public/js/jqmobile-patch.js'
I/APP     ( 4231): I 02/06/2013 15:10:54:323 0000109e           HttpServer| Process URI: '/public/css/macotec_style.css'
I/APP     ( 4231): I 02/06/2013 15:10:57:259 0000109e           HttpServer| Process URI: '/public/images/macotec/logo.png'
I/APP     ( 4231): I 02/06/2013 15:10:58:460 0000109e           HttpServer| Process URI: '/public/images/macotec/request_top.png'
I/APP     ( 4231): I 02/06/2013 15:10:58:611 0000109e           HttpServer| Process URI: '/public/images/macotec/contact_png.png'
I/APP     ( 4231): I 02/06/2013 15:10:58:680 0000109e           HttpServer| Process URI: '/public/images/macotec/products_png.png'
I/APP     ( 4231): I 02/06/2013 15:10:58:739 0000109e           HttpServer| Process URI: '/public/images/macotec/info_png.png'
I/APP     ( 4231): I 02/06/2013 15:11:04:392 0000109e           HttpServer| Process URI: '/app/index_erb.iseq'
I/APP     ( 4231): I 02/06/2013 15:11:04:441 0000109e                  APP| RHO serve_index: /app/index_erb.iseq
I/APP     ( 4231): I 02/06/2013 15:11:04:477 0000109e RHO Rho::RhoController| inst_render_index
I/APP     ( 4231): I 02/06/2013 15:11:04:586 0000109e RHO Rho::RhoController| index layout
I/APP     ( 4231): I 02/06/2013 15:11:04:701 0000109e           HttpServer| GC Start.
I/APP     ( 4231): I 02/06/2013 15:11:04:778 0000109e           HttpServer| GC End.
I/APP     ( 4231): I 02/06/2013 15:11:05:065 0000109e           HttpServer| Process URI: '/favicon.ico'
I/APP     ( 4231): E 02/06/2013 15:11:05:068 0000109e           HttpServer| The file /favicon.ico was not found
I/APP     ( 4231): I 02/06/2013 15:11:06:358 0000109e           HttpServer| Process URI: '/app/Request/request'
I/APP     ( 4231): I 02/06/2013 15:11:06:395 0000109e                  APP| RHO serve: /app/Request/request
I/APP     ( 4231): I 02/06/2013 15:11:06:427 0000109e              RhoRuby| require_compiled: Request/request_controller
I/APP     ( 4231): I 02/06/2013 15:11:06:522 0000109e              RhoRuby| require_compiled: helpers/browser_helper
I/APP     ( 4231): I 02/06/2013 15:11:06:581 0000109e              RhoRuby| require_compiled: time
I/APP     ( 4231): I 02/06/2013 15:11:06:698 0000109e              RhoRuby| require_compiled: date/format
I/APP     ( 4231): I 02/06/2013 15:11:06:931 0000109e              RhoRuby| require_compiled: date
I/APP     ( 4231): I 02/06/2013 15:11:06:981 0000109e              RhoRuby| require_compiled: dateOrig
D/dalvikvm( 4231): GC_CONCURRENT freed 895K, 8% free 12505K/13575K, paused 5ms+16ms
D/webviewglue( 4231): nativeDestroy view: 0x297760
I/APP     ( 4231): E 02/06/2013 15:11:07:384 0000109e               RubyVM| lib/date.rb:14: warning: already initialized constant MONTHNAMES
I/APP     ( 4231): E 02/06/2013 15:11:07:390 0000109e               RubyVM| lib/date.rb:15: warning: already initialized constant ABBR_MONTHNAMES
I/APP     ( 4231): E 02/06/2013 15:11:07:441 0000109e               RubyVM| lib/date.rb:16: warning: already initialized constant DAYNAMES
I/APP     ( 4231): E 02/06/2013 15:11:07:466 0000109e               RubyVM| lib/date.rb:17: warning: already initialized constant ABBR_DAYNAMES
I/APP     ( 4231): I 02/06/2013 15:11:07:552 0000109e           HttpServer| GC Start.
I/APP     ( 4231): I 02/06/2013 15:11:07:654 0000109e           HttpServer| GC End.
I/APP     ( 4231): I 02/06/2013 15:11:07:703 0000109e           HttpServer| Process URI: '/favicon.ico'
I/APP     ( 4231): E 02/06/2013 15:11:07:738 0000109e           HttpServer| The file /favicon.ico was not found
I/APP     ( 4231): I 02/06/2013 15:11:08:465 0000109e           HttpServer| Process URI: '/app/Request/request_rental'
I/APP     ( 4231): I 02/06/2013 15:11:08:491 0000109e                  APP| RHO serve: /app/Request/request_rental
I/APP     ( 4231): I 02/06/2013 15:11:08:509 0000109e                  APP| const_missing: Product
I/APP     ( 4231): I 02/06/2013 15:11:08:531 0000109e                  APP| load_model: Product
I/APP     ( 4231): I 02/06/2013 15:11:08:567 0000109e              RhoRuby| require_compiled: Product/product
I/APP     ( 4231): I 02/06/2013 15:11:08:626 0000109e                  APP| model name: Product
I/APP     ( 4231): I 02/06/2013 15:11:08:658 0000109e                  APP| model class found
I/APP     ( 4231): I 02/06/2013 15:11:08:665 0000109e                  APP| Product : {"property"=>{}}
I/APP     ( 4231): I 02/06/2013 15:11:08:706 0000109e                   DB| Open DB: /data/data/com.rhomobile.macotec/rhodata/db/syncdblocal.sqlite
I/APP     ( 4231): I 02/06/2013 15:11:08:760 0000109e                  APP| init_db_sources
I/APP     ( 4231): I 02/06/2013 15:11:08:834 0000109e                  APP| start_id: 40005
I/APP     ( 4231): I 02/06/2013 15:11:08:841 0000109e                  APP| Migrate schema sources: {}
I/APP     ( 4231): I 02/06/2013 15:11:08:997 0000109e           HttpServer| GC Start.
I/APP     ( 4231): I 02/06/2013 15:11:09:097 0000109e           HttpServer| GC End.
I/APP     ( 4231): I 02/06/2013 15:11:09:149 0000109e           HttpServer| Process URI: '/favicon.ico'
I/APP     ( 4231): E 02/06/2013 15:11:09:188 0000109e           HttpServer| The file /favicon.ico was not found
I/APP     ( 4231): I 02/06/2013 15:11:11:100 0000109e           HttpServer| Process URI: '/app/Request/request'
I/APP     ( 4231): I 02/06/2013 15:11:11:104 0000109e                  APP| RHO serve: /app/Request/request
I/APP     ( 4231): I 02/06/2013 15:11:11:214 0000109e           HttpServer| GC Start.
I/APP     ( 4231): I 02/06/2013 15:11:11:300 0000109e           HttpServer| GC End.
I/APP     ( 4231): I 02/06/2013 15:11:11:612 0000109e           HttpServer| Process URI: '/public/images/macotec/forklifter_full.png'
I/APP     ( 4231): I 02/06/2013 15:11:11:692 0000109e           HttpServer| Process URI: '/public/images/macotec/request_contract.png'
I/APP     ( 4231): I 02/06/2013 15:11:11:803 0000109e           HttpServer| Process URI: '/public/jqmobile/images/icons-36-white.png'
E/libEGL  ( 4231): call to OpenGL ES API with no current context (logged once per thread)
D/ShaderProgram( 4231): couldn't load the vertex shader!
E/libEGL  ( 4231): call to OpenGL ES API with no current context (logged once per thread)
D/ShaderProgram( 4231): couldn't load the vertex shader!
E/libEGL  ( 4231): call to OpenGL ES API with no current context (logged once per thread)
D/ShaderProgram( 4231): couldn't load the vertex shader!
E/libEGL  ( 4231): call to OpenGL ES API with no current context (logged once per thread)
D/ShaderProgram( 4231): couldn't load the vertex shader!
E/libEGL  ( 4231): call to OpenGL ES API with no current context (logged once per thread)
D/ShaderProgram( 4231): couldn't load the vertex shader!
I/APP     ( 4231): I 02/06/2013 15:11:23:106 0000109e           HttpServer| Process URI: '/app/Request/request_rental'
I/APP     ( 4231): I 02/06/2013 15:11:23:108 0000109e                  APP| RHO serve: /app/Request/request_rental
I/APP     ( 4231): I 02/06/2013 15:11:23:243 0000109e           HttpServer| GC Start.
I/APP     ( 4231): I 02/06/2013 15:11:23:326 0000109e           HttpServer| GC End.
W/InputManagerService(   78): Window already focused, ignoring focus gain of: com.android.internal.view.IInputMethodClient$Stub$Proxy@4157ac90
I/APP     ( 4231): I 02/06/2013 15:11:30:177 0000109e           HttpServer| Process URI: '/app/Request/popup'
I/APP     ( 4231): I 02/06/2013 15:11:30:179 0000109e                  APP| RHO serve: /app/Request/popup
I/APP     ( 4231): I 02/06/2013 15:11:30:235 0000109e                  APP| Params: {"flag"=>"1", "title"=>"Mietbeginn", "field_key"=>"date"}
I/ActivityManager(   78): START {cmp=com.rhomobile.macotec/com.rhomobile.rhodes.datetime.DateTimePickerScreen (has extras)} from pid 4231
W/WindowManager(   78): Failure taking screenshot for (180x273) to layer 21010
I/APP     ( 4231): I 02/06/2013 15:11:30:393 0000109e           HttpServer| GC Start.
I/APP     ( 4231): I 02/06/2013 15:11:30:466 0000109e           HttpServer| GC End.
I/APP     ( 4231): I 02/06/2013 15:11:30:527 00001087       SimpleMainView| Cleared URL: javascript:setFieldValue("date","2013-02-06");
I/APP     ( 4231): I 02/06/2013 15:11:30:593 00001087 AndroidFunctionality| Pause WebView
I/APP     ( 4231): I 02/06/2013 15:11:30:611 00001087       RhodesActivity| onPause
I/APP     ( 4231): I 02/06/2013 15:11:30:695 0000109e           HttpServer| Process URI: '/system/uidestroyed'
I/APP     ( 4231): I 02/06/2013 15:11:30:757 00001087    RhodesApplication| New UiState: MainActivityPaused
I/APP     ( 4231): I 02/06/2013 15:11:31:024 00001087       DateTimePicker| onCreate
I/Process (   78): Sending signal. PID: 4231 SIG: 3
I/dalvikvm( 4231): threadid=3: reacting to signal 3
I/dalvikvm( 4231): Wrote stack traces to '/data/anr/traces.txt'
I/Process (   78): Sending signal. PID: 4231 SIG: 3
I/dalvikvm( 4231): threadid=3: reacting to signal 3
I/dalvikvm( 4231): Wrote stack traces to '/data/anr/traces.txt'
D/dalvikvm( 4231): GC_CONCURRENT freed 568K, 6% free 13024K/13767K, paused 6ms+39ms
I/Process (   78): Sending signal. PID: 4231 SIG: 3
I/dalvikvm( 4231): threadid=3: reacting to signal 3
I/dalvikvm( 4231): Wrote stack traces to '/data/anr/traces.txt'
D/dalvikvm( 4231): GREF has increased to 201
D/RhodesService( 4231): +++ onStartCommand
I/Process (   78): Sending signal. PID: 4231 SIG: 3
I/dalvikvm( 4231): threadid=3: reacting to signal 3
I/RhodesService( 4231): handleCommand: startId=2, source=com.rhomobile.rhodes.BaseActivity
D/RhodesService( 4231): New activity was created
I/dalvikvm( 4231): Wrote stack traces to '/data/anr/traces.txt'
V/PhoneStatusBar(  136): setLightsOn(true)
I/Process (   78): Sending signal. PID: 4231 SIG: 3
I/dalvikvm( 4231): threadid=3: reacting to signal 3
I/dalvikvm( 4231): Wrote stack traces to '/data/anr/traces.txt'
I/ActivityManager(   78): Displayed com.rhomobile.macotec/com.rhomobile.rhodes.datetime.DateTimePickerScreen: +3s24ms
I/APP     ( 4231): I 02/06/2013 15:11:34:054 00001087       RhodesActivity| onStop
I/APP     ( 4231): I 02/06/2013 15:11:37:599 00001087       DateTimePicker| Return result: 1365513060
I/APP     ( 4231): I 02/06/2013 15:11:37:654 0000109e           HttpServer| Process URI: '/app/Request/callback'
I/APP     ( 4231): I 02/06/2013 15:11:37:656 0000109e                  APP| RHO serve: /app/Request/callback
I/APP     ( 4231): I 02/06/2013 15:11:37:688 0000109e                  APP| Params: {"status"=>"ok", "result"=>"1365513060", "opaque"=>"\x04\b{\a:\tflag\"\x061:\x0Efield_key\"\tdate\xF7\x95\xD1\xAB\x9F~#", "rho_callback"=>"1"}
W/WindowManager(   78): Failure taking screenshot for (180x273) to layer 21015
I/APP     ( 4231): I 02/06/2013 15:11:37:722 0000109e           HttpServer| GC Start.
I/APP     ( 4231): I 02/06/2013 15:11:37:825 0000109e           HttpServer| GC End.
I/APP     ( 4231): I 02/06/2013 15:11:37:905 00001087       SimpleMainView| Cleared URL: javascript:setFieldValue("date","09. April 2013");
I/APP     ( 4231): I 02/06/2013 15:11:38:016 00001087       RhodesActivity| onStart
I/APP     ( 4231): I 02/06/2013 15:11:38:045 00001087    RhodesApplication| New UiState: MainActivityStarted
I/APP     ( 4231): I 02/06/2013 15:11:38:050 00001087       RhodesActivity| onResume
I/APP     ( 4231): I 02/06/2013 15:11:38:089 00001087 AndroidFunctionality| Resume WebView
V/PhoneStatusBar(  136): setLightsOn(true)
I/Process (   78): Sending signal. PID: 4231 SIG: 3
I/dalvikvm( 4231): threadid=3: reacting to signal 3
I/dalvikvm( 4231): Wrote stack traces to '/data/anr/traces.txt'
D/dalvikvm(  136): GC_CONCURRENT freed 467K, 29% free 10494K/14663K, paused 4ms+34ms
D/dalvikvm(   78): GC_CONCURRENT freed 386K, 12% free 11399K/12935K, paused 5ms+24ms
E/ActivityThread(  150): Failed to find provider info for com.android.inputmethod.latin.dictionarypack
E/BinaryDictionaryGetter(  150): Could not find a dictionary pack
D/dalvikvm(  150): GC_CONCURRENT freed 399K, 5% free 9503K/9991K, paused 3ms+15ms
D/dalvikvm(   78): GC_EXPLICIT freed 280K, 13% free 11358K/12935K, paused 5ms+8ms
I/APP     ( 4231): I 02/06/2013 15:12:00:120 0000109e           HttpServer| Process URI: '/app/Request/submit'
I/APP     ( 4231): I 02/06/2013 15:12:00:127 0000109e                  APP| RHO serve: /app/Request/submit
I/APP     ( 4231): I 02/06/2013 15:12:00:191 0000109e                  APP| Params: {"product"=>"teleskopstapler", "rental_begin"=>"09. April 2013", "operation_period"=>"3", "amount_product"=>"1", "location"=>"Berlin", "information"=>"Keine", "company"=>"hasenber", "phone"=>"987987987", "email"=>"hase@mail.de"}
I/APP     ( 4231): I 02/06/2013 15:12:00:273 0000109e            AsyncHttp| addCommand: POST
I/APP     ( 4231): I 02/06/2013 15:12:00:343 000010ab            AsyncHttp| Starting main routine...
I/APP     ( 4231): I 02/06/2013 15:12:00:383 000010ab                  Net| POST request (Pull): http://www.datenloft.com/macotec/send_request_rental_test.php
I/APP     ( 4231): I 02/06/2013 15:12:00:441 0000109e           HttpServer| GC Start.
I/APP     ( 4231): I 02/06/2013 15:12:00:578 0000109e           HttpServer| GC End.
D/dalvikvm(  136): GC_CONCURRENT freed 470K, 29% free 10463K/14663K, paused 4ms+73ms
I/APP     ( 4231): I 02/06/2013 15:12:00:848 0000109e           HttpServer| Process URI: '/app/Request/http_callback'
I/APP     ( 4231): I 02/06/2013 15:12:00:850 0000109e                  APP| RHO serve: /app/Request/http_callback
I/APP     ( 4231): I 02/06/2013 15:12:00:895 0000109e                  APP| Params: {"rho_callback"=>"1", "status"=>"ok", "http_error"=>"200", "headers"=>{"Content-Type"=>"application/x-www-form-urlencoded", "User-Agent"=>"Mozilla-5.0 (ANDROID; unknown generic; 4.0.4)", "charset"=>"UTF-8", "connection"=>"Keep-Alive", "content-type"=>"text/html; charset=utf-8", "date"=>"Wed, 06 Feb 2013 14:12:02 GMT", "keep-alive"=>"timeout=3, max=100", "server"=>"Apache/2.2.21 (Unix) mod_ssl/2.2.21 OpenSSL/0.9.8r", "transfer-encoding"=>"chunked", "x-powered-by"=>"PHP/5.2.17"}, "__rho_object"=>{"body"=>"0"}}
I/APP     ( 4231): I 02/06/2013 15:12:04:974 00001087       SimpleMainView| Cleared URL: http://localhost:8080/app/Request/submit_success
I/APP     ( 4231): I 02/06/2013 15:12:05:039 000010ab            AsyncHttp| ThreadQueue blocked for 4294967295 seconds...
I/APP     ( 4231): I 02/06/2013 15:12:05:074 0000109e           HttpServer| GC Start.
I/APP     ( 4231): I 02/06/2013 15:12:05:139 0000109e           HttpServer| GC End.
I/APP     ( 4231): E 02/06/2013 15:12:05:184 0000109e           HttpServer| Connection gracefully closed before we send any data
I/APP     ( 4231): E 02/06/2013 15:12:05:190 0000109e           HttpServer| Parsing error
I/APP     ( 4231): I 02/06/2013 15:12:05:224 0000109e           HttpServer| Process URI: '/app/Request/submit_success'
I/APP     ( 4231): I 02/06/2013 15:12:05:258 0000109e                  APP| RHO serve: /app/Request/submit_success
I/APP     ( 4231): I 02/06/2013 15:12:05:402 0000109e RHO RequestController| Layout file: /data/data/com.rhomobile.macotec/rhodata/apps/app/layout_erb.iseq. Content size: 3065
I/APP     ( 4231): I 02/06/2013 15:12:05:477 0000109e           HttpServer| GC Start.
I/APP     ( 4231): I 02/06/2013 15:12:05:554 0000109e           HttpServer| GC End.
I/APP     ( 4231): I 02/06/2013 15:12:06:789 0000109e           HttpServer| Process URI: '/public/images/macotec/success.png'
D/dalvikvm(  181): GC_CONCURRENT freed 385K, 6% free 9533K/10119K, paused 4ms+4ms
I/APP     ( 4231): I 02/06/2013 15:13:01:666 00001087       SimpleMainView| Cleared URL: http://localhost:8080/app
I/APP     ( 4231): I 02/06/2013 15:13:01:731 00001087     RhoWebViewClient| Loading URL: http://localhost:8080/app/index_erb.iseq
I/APP     ( 4231): I 02/06/2013 15:13:01:842 0000109e           HttpServer| Process URI: '/app/index_erb.iseq'
I/APP     ( 4231): I 02/06/2013 15:13:01:845 0000109e                  APP| RHO serve_index: /app/index_erb.iseq
I/APP     ( 4231): I 02/06/2013 15:13:01:846 0000109e RHO Rho::RhoController| inst_render_index
I/APP     ( 4231): I 02/06/2013 15:13:01:978 0000109e RHO Rho::RhoController| index layout
I/APP     ( 4231): I 02/06/2013 15:13:02:153 0000109e           HttpServer| GC Start.
I/APP     ( 4231): I 02/06/2013 15:13:02:253 0000109e           HttpServer| GC End.
F/NetworkStats(   78): problem reading network stats
F/NetworkStats(   78): java.lang.IllegalStateException: problem parsing idx 1
F/NetworkStats(   78): 	at com.android.internal.net.NetworkStatsFactory.readNetworkStatsDetail(NetworkStatsFactory.java:300)
F/NetworkStats(   78): 	at com.android.server.NetworkManagementService.getNetworkStatsUidDetail(NetworkManagementService.java:1282)
F/NetworkStats(   78): 	at com.android.server.net.NetworkStatsService.performPollLocked(NetworkStatsService.java:831)
F/NetworkStats(   78): 	at com.android.server.net.NetworkStatsService.performPoll(NetworkStatsService.java:799)
F/NetworkStats(   78): 	at com.android.server.net.NetworkStatsService.access$100(NetworkStatsService.java:128)
F/NetworkStats(   78): 	at com.android.server.net.NetworkStatsService$3.onReceive(NetworkStatsService.java:633)
F/NetworkStats(   78): 	at android.app.LoadedApk$ReceiverDispatcher$Args.run(LoadedApk.java:728)
F/NetworkStats(   78): 	at android.os.Handler.handleCallback(Handler.java:605)
F/NetworkStats(   78): 	at android.os.Handler.dispatchMessage(Handler.java:92)
F/NetworkStats(   78): 	at android.os.Looper.loop(Looper.java:137)
F/NetworkStats(   78): 	at android.os.HandlerThread.run(HandlerThread.java:60)
F/NetworkStats(   78): Caused by: java.io.FileNotFoundException: /proc/net/xt_qtaguid/stats: open failed: ENOENT (No such file or directory)
F/NetworkStats(   78): 	at libcore.io.IoBridge.open(IoBridge.java:406)
F/NetworkStats(   78): 	at java.io.FileInputStream.<init>(FileInputStream.java:78)
F/NetworkStats(   78): 	at com.android.internal.net.NetworkStatsFactory.readNetworkStatsDetail(NetworkStatsFactory.java:269)
F/NetworkStats(   78): 	... 10 more
F/NetworkStats(   78): Caused by: libcore.io.ErrnoException: open failed: ENOENT (No such file or directory)
F/NetworkStats(   78): 	at libcore.io.Posix.open(Native Method)
F/NetworkStats(   78): 	at libcore.io.BlockGuardOs.open(BlockGuardOs.java:110)
F/NetworkStats(   78): 	at libcore.io.IoBridge.open(IoBridge.java:390)
F/NetworkStats(   78): 	... 12 more
I/APP     ( 4231): I 02/06/2013 15:13:42:969 0000109e           HttpServer| Process URI: '/app/index_erb.iseq'
I/APP     ( 4231): I 02/06/2013 15:13:42:972 0000109e                  APP| RHO serve_index: /app/index_erb.iseq
I/APP     ( 4231): I 02/06/2013 15:13:42:973 0000109e RHO Rho::RhoController| inst_render_index
I/APP     ( 4231): I 02/06/2013 15:13:43:076 0000109e           HttpServer| GC Start.
I/APP     ( 4231): I 02/06/2013 15:13:43:155 0000109e           HttpServer| GC End.
I/APP     ( 4231): I 02/06/2013 15:13:43:194 0000109e           HttpServer| Process URI: '/favicon.ico'
I/APP     ( 4231): E 02/06/2013 15:13:43:218 0000109e           HttpServer| The file /favicon.ico was not found
I/APP     ( 4231): I 02/06/2013 15:13:44:851 0000109e           HttpServer| Process URI: '/app/Menu/info'
I/APP     ( 4231): I 02/06/2013 15:13:44:853 0000109e                  APP| RHO serve: /app/Menu/info
I/APP     ( 4231): I 02/06/2013 15:13:44:856 0000109e              RhoRuby| require_compiled: Menu/menu_controller
I/APP     ( 4231): I 02/06/2013 15:13:44:972 0000109e           HttpServer| GC Start.
I/APP     ( 4231): I 02/06/2013 15:13:45:099 0000109e           HttpServer| GC End.
I/APP     ( 4231): I 02/06/2013 15:13:45:106 0000109e           HttpServer| Process URI: '/favicon.ico'
I/APP     ( 4231): E 02/06/2013 15:13:45:156 0000109e           HttpServer| The file /favicon.ico was not found
I/APP     ( 4231): I 02/06/2013 15:13:48:680 0000109e           HttpServer| Process URI: '/app/index_erb.iseq'
I/APP     ( 4231): I 02/06/2013 15:13:48:697 0000109e                  APP| RHO serve_index: /app/index_erb.iseq
I/APP     ( 4231): I 02/06/2013 15:13:48:703 0000109e RHO Rho::RhoController| inst_render_index
I/APP     ( 4231): I 02/06/2013 15:13:48:786 0000109e           HttpServer| GC Start.
I/APP     ( 4231): I 02/06/2013 15:13:48:866 0000109e           HttpServer| GC End.
I/APP     ( 4231): I 02/06/2013 15:13:48:920 0000109e           HttpServer| Process URI: '/favicon.ico'
I/APP     ( 4231): E 02/06/2013 15:13:48:944 0000109e           HttpServer| The file /favicon.ico was not found
I/APP     ( 4231): I 02/06/2013 15:13:50:191 0000109e           HttpServer| Process URI: '/app/Product'
I/APP     ( 4231): I 02/06/2013 15:13:50:197 0000109e                  APP| RHO serve: /app/Product
I/APP     ( 4231): I 02/06/2013 15:13:50:232 0000109e              RhoRuby| require_compiled: Product/product_controller
I/APP     ( 4231): I 02/06/2013 15:13:50:315 0000109e           HttpServer| GC Start.
I/APP     ( 4231): I 02/06/2013 15:13:50:407 0000109e           HttpServer| GC End.
I/APP     ( 4231): I 02/06/2013 15:13:50:447 0000109e           HttpServer| Process URI: '/favicon.ico'
I/APP     ( 4231): E 02/06/2013 15:13:50:454 0000109e           HttpServer| The file /favicon.ico was not found
I/APP     ( 4231): I 02/06/2013 15:13:54:847 0000109e           HttpServer| Process URI: '/app/Product/sub_categories'
I/APP     ( 4231): I 02/06/2013 15:13:54:853 0000109e                  APP| RHO serve: /app/Product/sub_categories
I/APP     ( 4231): I 02/06/2013 15:13:54:879 0000109e                  APP| Params: {"product"=>"arbeitsbuehnen"}
I/APP     ( 4231): I 02/06/2013 15:13:54:944 0000109e           HttpServer| GC Start.
I/APP     ( 4231): I 02/06/2013 15:13:55:026 0000109e           HttpServer| GC End.
I/APP     ( 4231): I 02/06/2013 15:13:55:068 0000109e           HttpServer| Process URI: '/favicon.ico'
I/APP     ( 4231): E 02/06/2013 15:13:55:075 0000109e           HttpServer| The file /favicon.ico was not found
I/APP     ( 4231): I 02/06/2013 15:13:55:772 0000109e           HttpServer| Process URI: '/app/Product/product_details'
I/APP     ( 4231): I 02/06/2013 15:13:55:774 0000109e                  APP| RHO serve: /app/Product/product_details
I/APP     ( 4231): I 02/06/2013 15:13:55:776 0000109e                  APP| Params: {"product"=>"scherenbuehnen"}
I/APP     ( 4231): I 02/06/2013 15:13:55:857 0000109e           HttpServer| GC Start.
I/APP     ( 4231): I 02/06/2013 15:13:55:937 0000109e           HttpServer| GC End.
I/APP     ( 4231): I 02/06/2013 15:13:55:976 0000109e           HttpServer| Process URI: '/favicon.ico'
I/APP     ( 4231): E 02/06/2013 15:13:56:000 0000109e           HttpServer| The file /favicon.ico was not found
I/APP     ( 4231): I 02/06/2013 15:14:00:463 0000109e           HttpServer| Process URI: '/app/index_erb.iseq'
I/APP     ( 4231): I 02/06/2013 15:14:00:481 0000109e                  APP| RHO serve_index: /app/index_erb.iseq
I/APP     ( 4231): I 02/06/2013 15:14:00:487 0000109e RHO Rho::RhoController| inst_render_index
I/APP     ( 4231): I 02/06/2013 15:14:00:571 0000109e           HttpServer| GC Start.
I/APP     ( 4231): I 02/06/2013 15:14:00:670 0000109e           HttpServer| GC End.
I/APP     ( 4231): I 02/06/2013 15:14:00:730 0000109e           HttpServer| Process URI: '/favicon.ico'
I/APP     ( 4231): E 02/06/2013 15:14:00:760 0000109e           HttpServer| The file /favicon.ico was not found
I/APP     ( 4231): I 02/06/2013 15:14:01:869 0000109e           HttpServer| Process URI: '/app/Menu/contact'
I/APP     ( 4231): I 02/06/2013 15:14:01:875 0000109e                  APP| RHO serve: /app/Menu/contact
I/APP     ( 4231): I 02/06/2013 15:14:01:955 0000109e           HttpServer| GC Start.
I/APP     ( 4231): I 02/06/2013 15:14:02:052 0000109e           HttpServer| GC End.
I/APP     ( 4231): I 02/06/2013 15:14:02:095 0000109e           HttpServer| Process URI: '/favicon.ico'
I/APP     ( 4231): E 02/06/2013 15:14:02:121 0000109e           HttpServer| The file /favicon.ico was not found
I/APP     ( 4231): I 02/06/2013 15:14:04:580 0000109e           HttpServer| Process URI: '/app/index_erb.iseq'
I/APP     ( 4231): I 02/06/2013 15:14:04:597 0000109e                  APP| RHO serve_index: /app/index_erb.iseq
I/APP     ( 4231): I 02/06/2013 15:14:04:604 0000109e RHO Rho::RhoController| inst_render_index
I/APP     ( 4231): I 02/06/2013 15:14:04:709 0000109e           HttpServer| GC Start.
I/APP     ( 4231): I 02/06/2013 15:14:04:793 0000109e           HttpServer| GC End.
I/APP     ( 4231): I 02/06/2013 15:14:04:800 0000109e           HttpServer| Process URI: '/favicon.ico'
I/APP     ( 4231): E 02/06/2013 15:14:04:859 0000109e           HttpServer| The file /favicon.ico was not found
I/APP     ( 4231): I 02/06/2013 15:14:05:972 0000109e           HttpServer| Process URI: '/app/Menu/contact'
