I/APP     ( 2225): I 02/06/2013 12:13:05:595 000008c7              RhoRuby| require_compiled: rhom/rhom
I/APP     ( 2225): I 02/06/2013 12:13:05:646 000008c7              RhoRuby| require_compiled: rhom/rhom_model
I/APP     ( 2225): I 02/06/2013 12:13:05:685 000008c7              RhoRuby| require_compiled: rhom
I/APP     ( 2225): I 02/06/2013 12:13:05:691 000008c7              RhoRuby| require_compiled: rho/rhoapplication
I/APP     ( 2225): I 02/06/2013 12:13:05:758 000008c7              RhoRuby| require_compiled: rholang/localization_simplified
I/APP     ( 2225): I 02/06/2013 12:13:05:803 000008c7              RhoRuby| require_compiled: rho/rhomsg
I/APP     ( 2225): I 02/06/2013 12:13:05:828 000008c7              RhoRuby| require_compiled: rho/rhotabbar
I/APP     ( 2225): I 02/06/2013 12:13:05:858 000008c7              RhoRuby| require_compiled: rho/rhotoolbar
I/APP     ( 2225): I 02/06/2013 12:13:05:888 000008c7                  APP| Current locale: ; Country code: 
I/APP     ( 2225): I 02/06/2013 12:13:05:892 000008c7                  APP| Locilized file: /data/data/com.rhomobile.macotec/rhodata/lib/rholang/lang_
I/APP     ( 2225): I 02/06/2013 12:13:05:917 000008c7              RhoRuby| require_compiled: /data/data/com.rhomobile.macotec/rhodata/lib/rholang/lang_en
I/APP     ( 2225): I 02/06/2013 12:13:05:953 000008c7                  APP| Locilized file: /data/data/com.rhomobile.macotec/rhodata/apps/app/lang/lang_
I/APP     ( 2225): I 02/06/2013 12:13:05:957 000008c7                  APP| Locilized file: /data/data/com.rhomobile.macotec/rhodata/lib/rholang/rhoerror_
I/APP     ( 2225): I 02/06/2013 12:13:05:995 000008c7              RhoRuby| require_compiled: /data/data/com.rhomobile.macotec/rhodata/lib/rholang/rhoerror_en
I/APP     ( 2225): I 02/06/2013 12:13:06:027 000008c7                  APP| Locilized file: /data/data/com.rhomobile.macotec/rhodata/lib/rholang/rhomsg_
I/APP     ( 2225): I 02/06/2013 12:13:06:030 000008c7              RhoRuby| require_compiled: /data/data/com.rhomobile.macotec/rhodata/lib/rholang/rhomsg_en
I/APP     ( 2225): I 02/06/2013 12:13:06:065 000008c7              RhoRuby| require_compiled: indifferent_access
I/APP     ( 2225): I 02/06/2013 12:13:06:110 000008c7              RhoRuby| require_compiled: rho/rhosupport
I/APP     ( 2225): I 02/06/2013 12:13:06:165 000008c7              RhoRuby| require_compiled: rho/rhocontroller
I/APP     ( 2225): I 02/06/2013 12:13:06:203 000008c7              RhoRuby| require_compiled: rho/render
I/APP     ( 2225): I 02/06/2013 12:13:06:269 000008c7              RhoRuby| require_compiled: rho/rho
I/APP     ( 2225): I 02/06/2013 12:13:06:440 000008c7              RhoRuby| require_compiled: rho/rhoerror
I/APP     ( 2225): I 02/06/2013 12:13:06:467 000008c7              RhoRuby| require_compiled: rhom/rhom_source
I/APP     ( 2225): I 02/06/2013 12:13:06:511 000008c7              RhoRuby| require_compiled: rho/rhoviewhelpers
I/APP     ( 2225): I 02/06/2013 12:13:06:551 000008c7              RhoRuby| require_compiled: rho
I/APP     ( 2225): I 02/06/2013 12:13:06:557 000008c7                  APP| RHO loaded
I/APP     ( 2225): I 02/06/2013 12:13:06:587 000008c7                  APP| Calling RHO.initialize
I/APP     ( 2225): I 02/06/2013 12:13:06:596 000008c7                  APP| model file: Product/product
I/APP     ( 2225): I 02/06/2013 12:13:06:623 000008c7                  APP| model file: Request/request
I/APP     ( 2225): I 02/06/2013 12:13:06:627 000008c7                   DB| Open DB: /data/data/com.rhomobile.macotec/rhodata/db/syncdbuser.sqlite
I/APP     ( 2225): I 02/06/2013 12:13:06:650 000008c7          GeoLocation| Creating singleton instance.
I/APP     ( 2225): I 02/06/2013 12:13:06:672 000008c7            RhodesApp| Starting sync engine...
I/APP     ( 2225): I 02/06/2013 12:13:06:676 000008c7                 Sync| sync_poll_interval: 0
I/APP     ( 2225): I 02/06/2013 12:13:06:686 000008c7                 Sync| syncserver: 
I/APP     ( 2225): I 02/06/2013 12:13:06:690 000008c7                 Sync| bulksync_state: 0
I/APP     ( 2225): I 02/06/2013 12:13:06:709 000008c7            RhodesApp| RhoRubyInitApp...
I/APP     ( 2225): I 02/06/2013 12:13:06:711 000008c7                  APP| init_app
I/APP     ( 2225): I 02/06/2013 12:13:06:719 000008c7              RhoRuby| require_compiled: application
I/APP     ( 2225): I 02/06/2013 12:13:06:752 000008c7                 Sync| Set notification. Source ID: -1;Url :http://localhost:60573/app/Settings/sync_notify; Params: 
I/APP     ( 2225): I 02/06/2013 12:13:06:755 000008c7           HttpServer| Start HTTP server
I/APP     ( 2225): I 02/06/2013 12:13:06:777 000008c7           HttpServer| Listen for connections on port 60573
I/APP     ( 2225): I 02/06/2013 12:13:06:784 000008c7         AppCallbacks| addCommand: LOCAL-SERVER-STARTED
I/APP     ( 2225): I 02/06/2013 12:13:06:798 000008c5         AppCallbacks| process command: LOCAL-SERVER-STARTED
I/APP     ( 2225): I 02/06/2013 12:13:06:799 000008c5 RhodesAppActiveObserver| Ready
I/APP     ( 2225): I 02/06/2013 12:13:06:804 000008b1 AndroidFunctionality| Disable WebView zoom
I/APP     ( 2225): I 02/06/2013 12:13:06:805 000008b1 AndroidFunctionality| Set web plugins state 'OFF'
I/APP     ( 2225): I 02/06/2013 12:13:06:829 000008c5    RhodesApplication| New AppState: AppActivated
I/APP     ( 2225): I 02/06/2013 12:13:06:842 000008c5         AppCallbacks| process command: UI-CREATED
I/APP     ( 2225): I 02/06/2013 12:13:06:863 000008c7           HttpServer| Process URI: '/system/uicreated'
I/APP     ( 2225): I 02/06/2013 12:13:06:866 000008c7                  APP| on_ui_created.navigate to start url: '/app'
I/APP     ( 2225): I 02/06/2013 12:13:06:895 000008b1         SplashScreen| navigate: url=http://localhost:60573/app
I/APP     ( 2225): I 02/06/2013 12:13:06:896 000008b1         SplashScreen| DELAY for SplashScreen = 0
I/APP     ( 2225): I 02/06/2013 12:13:06:918 000008c5         AppCallbacks| process command: APP-ACTIVATED
I/APP     ( 2225): I 02/06/2013 12:13:06:951 000008c7           HttpServer| Process URI: '/system/activateapp'
I/APP     ( 2225): I 02/06/2013 12:13:06:957 000008c5         AppCallbacks| ThreadQueue blocked for 4294967295 seconds...
I/APP     ( 2225): I 02/06/2013 12:13:06:979 000008b1        GoogleWebView| Creating new RhoWebChromeClient
I/APP     ( 2225): I 02/06/2013 12:13:07:002 000008b1       SimpleMainView| Cleared URL: http://localhost:60573/app
V/SimpleMainView.View( 2225): ms[1360149187055]  Main Window :: onSizeChanged() old [ 480 x 652 ]  new [ 0 x 0 ]
I/APP     ( 2225): I 02/06/2013 12:13:07:128 000008b1        GoogleWebView| Setting RhoWebChromeClient
I/APP     ( 2225): I 02/06/2013 12:13:07:236 000008c7           HttpServer| Process URI: '/app'
I/APP     ( 2225): I 02/06/2013 12:13:07:274 000008b1     RhoWebViewClient| Loading URL: http://localhost:60573/app/index_erb.iseq
I/APP     ( 2225): I 02/06/2013 12:13:07:309 000008c7           HttpServer| Process URI: '/app/index_erb.iseq'
I/APP     ( 2225): I 02/06/2013 12:13:07:312 000008c7                  APP| RHO serve_index: /app/index_erb.iseq
I/APP     ( 2225): I 02/06/2013 12:13:07:337 000008c7 RHO Rho::RhoController| inst_render_index
I/APP     ( 2225): I 02/06/2013 12:13:07:391 000008c7 RHO Rho::RhoController| index layout
I/APP     ( 2225): I 02/06/2013 12:13:07:464 000008c7           HttpServer| GC Start.
I/APP     ( 2225): I 02/06/2013 12:13:07:545 000008c7           HttpServer| GC End.
I/APP     ( 2225): I 02/06/2013 12:13:07:660 000008c7           HttpServer| Process URI: '/public/js/request.js'
I/APP     ( 2225): I 02/06/2013 12:13:07:749 000008c7           HttpServer| Process URI: '/public/jquery/jquery-1.6.4.min.js'
I/APP     ( 2225): I 02/06/2013 12:13:07:844 000008c7           HttpServer| Process URI: '/public/jquery/jquery.json-2.3.min.js'
I/APP     ( 2225): I 02/06/2013 12:13:07:877 000008c7           HttpServer| Process URI: '/public/jqmobile/jquery.mobile-1.0.1.min.css'
I/APP     ( 2225): I 02/06/2013 12:13:07:957 000008c7           HttpServer| Process URI: '/public/css/jqmobile-patch.css'
I/APP     ( 2225): I 02/06/2013 12:13:07:988 000008c7           HttpServer| Process URI: '/public/jqmobile/jquery.mobile-1.0.1.min.js'
I/APP     ( 2225): I 02/06/2013 12:13:07:994 000008b1   RhoWebChromeClient| Uncaught ReferenceError: $ is not defined -- From line 1 of http://localhost:60573/public/js/request.js
E/Web Console( 2225): Uncaught ReferenceError: $ is not defined at http://localhost:60573/public/js/request.js:1
I/APP     ( 2225): I 02/06/2013 12:13:08:127 000008c7           HttpServer| Process URI: '/public/js/jqmobile-patch.js'
I/APP     ( 2225): I 02/06/2013 12:13:08:177 000008c7           HttpServer| Process URI: '/public/css/macotec_style.css'
I/APP     ( 2225): I 02/06/2013 12:13:11:249 000008c7           HttpServer| Process URI: '/public/images/macotec/logo.png'
I/APP     ( 2225): I 02/06/2013 12:13:12:004 000008c7           HttpServer| Process URI: '/public/images/macotec/request.png'
I/APP     ( 2225): I 02/06/2013 12:13:12:087 000008c7           HttpServer| Process URI: '/public/images/macotec/contact.png'
I/APP     ( 2225): I 02/06/2013 12:13:12:124 000008c7           HttpServer| Process URI: '/public/images/macotec/products.png'
I/APP     ( 2225): I 02/06/2013 12:13:12:158 000008c7           HttpServer| Process URI: '/public/images/macotec/info.png'
I/APP     ( 2225): I 02/06/2013 12:13:14:098 000008c7           HttpServer| Process URI: '/app/Request/request'
I/APP     ( 2225): I 02/06/2013 12:13:14:100 000008c7                  APP| RHO serve: /app/Request/request
I/APP     ( 2225): I 02/06/2013 12:13:14:130 000008c7              RhoRuby| require_compiled: Request/request_controller
I/APP     ( 2225): I 02/06/2013 12:13:14:195 000008c7              RhoRuby| require_compiled: helpers/browser_helper
I/APP     ( 2225): I 02/06/2013 12:13:14:229 000008c7              RhoRuby| require_compiled: time
I/APP     ( 2225): I 02/06/2013 12:13:14:300 000008c7              RhoRuby| require_compiled: date/format
I/APP     ( 2225): I 02/06/2013 12:13:14:634 000008c7              RhoRuby| require_compiled: date
I/APP     ( 2225): I 02/06/2013 12:13:14:663 000008c7              RhoRuby| require_compiled: dateOrig
D/dalvikvm( 2225): GC_CONCURRENT freed 893K, 8% free 12504K/13575K, paused 4ms+21ms
D/webviewglue( 2225): nativeDestroy view: 0x29d378
I/APP     ( 2225): E 02/06/2013 12:13:14:962 000008c7               RubyVM| lib/date.rb:14: warning: already initialized constant MONTHNAMES
I/APP     ( 2225): E 02/06/2013 12:13:14:965 000008c7               RubyVM| lib/date.rb:15: warning: already initialized constant ABBR_MONTHNAMES
I/APP     ( 2225): E 02/06/2013 12:13:14:997 000008c7               RubyVM| lib/date.rb:16: warning: already initialized constant DAYNAMES
I/APP     ( 2225): E 02/06/2013 12:13:15:000 000008c7               RubyVM| lib/date.rb:17: warning: already initialized constant ABBR_DAYNAMES
I/APP     ( 2225): I 02/06/2013 12:13:15:026 000008c7                  APP| const_missing: Product
I/APP     ( 2225): I 02/06/2013 12:13:15:029 000008c7                  APP| load_model: Product
I/APP     ( 2225): I 02/06/2013 12:13:15:056 000008c7              RhoRuby| require_compiled: Product/product
I/APP     ( 2225): I 02/06/2013 12:13:15:109 000008c7                  APP| model name: Product
I/APP     ( 2225): I 02/06/2013 12:13:15:113 000008c7                  APP| model class found
I/APP     ( 2225): I 02/06/2013 12:13:15:146 000008c7                  APP| Product : {"property"=>{}}
I/APP     ( 2225): I 02/06/2013 12:13:15:150 000008c7                   DB| Open DB: /data/data/com.rhomobile.macotec/rhodata/db/syncdblocal.sqlite
I/APP     ( 2225): I 02/06/2013 12:13:15:180 000008c7                  APP| init_db_sources
I/APP     ( 2225): I 02/06/2013 12:13:15:208 000008c7                  APP| start_id: 40005
I/APP     ( 2225): I 02/06/2013 12:13:15:249 000008c7                  APP| Migrate schema sources: {}
I/APP     ( 2225): I 02/06/2013 12:13:15:411 000008c7           HttpServer| GC Start.
I/APP     ( 2225): I 02/06/2013 12:13:15:490 000008c7           HttpServer| GC End.
I/APP     ( 2225): I 02/06/2013 12:13:16:161 000008c7           HttpServer| Process URI: '/public/jqmobile/images/icons-36-white.png'
E/libEGL  ( 2225): call to OpenGL ES API with no current context (logged once per thread)
D/ShaderProgram( 2225): couldn't load the vertex shader!
E/libEGL  ( 2225): call to OpenGL ES API with no current context (logged once per thread)
D/ShaderProgram( 2225): couldn't load the vertex shader!
E/libEGL  ( 2225): call to OpenGL ES API with no current context (logged once per thread)
D/ShaderProgram( 2225): couldn't load the vertex shader!
E/libEGL  ( 2225): call to OpenGL ES API with no current context (logged once per thread)
D/ShaderProgram( 2225): couldn't load the vertex shader!
E/libEGL  ( 2225): call to OpenGL ES API with no current context (logged once per thread)
D/ShaderProgram( 2225): couldn't load the vertex shader!
F/NetworkStats(   78): problem reading network stats
F/NetworkStats(   78): java.lang.IllegalStateException: problem parsing idx 1
F/NetworkStats(   78): 	at com.android.internal.net.NetworkStatsFactory.readNetworkStatsDetail(NetworkStatsFactory.java:300)
F/NetworkStats(   78): 	at com.android.server.NetworkManagementService.getNetworkStatsUidDetail(NetworkManagementService.java:1282)
F/NetworkStats(   78): 	at com.android.server.net.NetworkStatsService.performPollLocked(NetworkStatsService.java:831)
F/NetworkStats(   78): 	at com.android.server.net.NetworkStatsService.performPoll(NetworkStatsService.java:799)
F/NetworkStats(   78): 	at com.android.server.net.NetworkStatsService.access$100(NetworkStatsService.java:128)
F/NetworkStats(   78): 	at com.android.server.net.NetworkStatsService$3.onReceive(NetworkStatsService.java:633)
F/NetworkStats(   78): 	at android.app.LoadedApk$ReceiverDispatcher$Args.run(LoadedApk.java:728)
F/NetworkStats(   78): 	at android.os.Handler.handleCallback(Handler.java:605)
F/NetworkStats(   78): 	at android.os.Handler.dispatchMessage(Handler.java:92)
F/NetworkStats(   78): 	at android.os.Looper.loop(Looper.java:137)
F/NetworkStats(   78): 	at android.os.HandlerThread.run(HandlerThread.java:60)
F/NetworkStats(   78): Caused by: java.io.FileNotFoundException: /proc/net/xt_qtaguid/stats: open failed: ENOENT (No such file or directory)
F/NetworkStats(   78): 	at libcore.io.IoBridge.open(IoBridge.java:406)
F/NetworkStats(   78): 	at java.io.FileInputStream.<init>(FileInputStream.java:78)
F/NetworkStats(   78): 	at com.android.internal.net.NetworkStatsFactory.readNetworkStatsDetail(NetworkStatsFactory.java:269)
F/NetworkStats(   78): 	... 10 more
F/NetworkStats(   78): Caused by: libcore.io.ErrnoException: open failed: ENOENT (No such file or directory)
F/NetworkStats(   78): 	at libcore.io.Posix.open(Native Method)
F/NetworkStats(   78): 	at libcore.io.BlockGuardOs.open(BlockGuardOs.java:110)
F/NetworkStats(   78): 	at libcore.io.IoBridge.open(IoBridge.java:390)
F/NetworkStats(   78): 	... 12 more
D/dalvikvm(  181): GC_CONCURRENT freed 384K, 6% free 9533K/10119K, paused 12ms+8ms
D/AndroidRuntime( 2261): 
D/AndroidRuntime( 2261): >>>>>> AndroidRuntime START com.android.internal.os.RuntimeInit <<<<<<
D/AndroidRuntime( 2261): CheckJNI is ON
D/AndroidRuntime( 2261): Calling main entry com.android.commands.pm.Pm
W/ActivityManager(   78): No content provider found for permission revoke: file:///data/local/tmp/macotec-debug.apk
W/ActivityManager(   78): No content provider found for permission revoke: file:///data/local/tmp/macotec-debug.apk
D/dalvikvm(   78): GC_CONCURRENT freed 424K, 12% free 11499K/12935K, paused 8ms+6ms
D/dalvikvm(   78): GC_CONCURRENT freed 283K, 10% free 11755K/12935K, paused 7ms+10ms
D/dalvikvm(   78): GC_CONCURRENT freed 627K, 10% free 11727K/12935K, paused 6ms+16ms
D/dalvikvm(   78): GC_CONCURRENT freed 570K, 10% free 11707K/12935K, paused 7ms+6ms
D/dalvikvm(   78): GC_CONCURRENT freed 553K, 10% free 11754K/12935K, paused 6ms+9ms
D/dalvikvm(   78): GC_CONCURRENT freed 630K, 9% free 11779K/12935K, paused 7ms+11ms
I/PackageManager(   78): Removing non-system package:com.rhomobile.macotec
I/ActivityManager(   78): Force stopping package com.rhomobile.macotec uid=10040
I/ActivityManager(   78): Killing proc 2225:com.rhomobile.macotec/10040: force stop
W/ActivityManager(   78): Force removing ActivityRecord{41500d78 com.rhomobile.macotec/com.rhomobile.rhodes.RhodesActivity}: app died, no saved state
I/WindowManager(   78): WIN DEATH: Window{415485f8 com.rhomobile.macotec/com.rhomobile.rhodes.RhodesActivity paused=false}
W/NetworkManagementSocketTagger(   78): setKernelCountSet(10040, 0) failed with errno -2
W/NetworkManagementSocketTagger(   78): setKernelCountSet(10009, 1) failed with errno -2
I/PackageManager(   78): Package com.rhomobile.macotec codePath changed from /data/app/com.rhomobile.macotec-1.apk to /data/app/com.rhomobile.macotec-2.apk; Retaining data and using new
W/InputManagerService(   78): Got RemoteException sending setActive(false) notification to pid 2225 uid 10040
I/Process (   78): Sending signal. PID: 189 SIG: 3
I/dalvikvm(  189): threadid=3: reacting to signal 3
I/dalvikvm(  189): Wrote stack traces to '/data/anr/traces.txt'
D/dalvikvm(  189): GC_CONCURRENT freed 2755K, 20% free 18166K/22599K, paused 7ms+38ms
D/dalvikvm(  189): GC_FOR_ALLOC freed 2083K, 24% free 17388K/22599K, paused 67ms
D/dalvikvm(  189): GC_FOR_ALLOC freed 1878K, 23% free 17412K/22599K, paused 61ms
D/dalvikvm(  189): GC_CONCURRENT freed 822K, 18% free 18628K/22599K, paused 6ms+10ms
I/PackageManager(   78): Running dexopt on: com.rhomobile.macotec
D/dalvikvm( 2272): DexOpt: load 119ms, verify+opt 533ms
W/PackageManager(   78): Code path for pkg : com.rhomobile.macotec changing from /data/app/com.rhomobile.macotec-1.apk to /data/app/com.rhomobile.macotec-2.apk
W/PackageManager(   78): Resource path for pkg : com.rhomobile.macotec changing from /data/app/com.rhomobile.macotec-1.apk to /data/app/com.rhomobile.macotec-2.apk
I/ActivityManager(   78): Force stopping package com.rhomobile.macotec uid=10040
D/dalvikvm(   78): GC_CONCURRENT freed 632K, 10% free 11752K/12935K, paused 7ms+12ms
D/PackageManager(   78): New package installed in /data/app/com.rhomobile.macotec-2.apk
I/ActivityManager(   78): Force stopping package com.rhomobile.macotec uid=10040
D/dalvikvm(  189): GC_EXPLICIT freed 2467K, 24% free 17370K/22599K, paused 3ms+10ms
D/dalvikvm(  220): GC_EXPLICIT freed 149K, 4% free 9388K/9735K, paused 3ms+5ms
D/dalvikvm(   78): GC_EXPLICIT freed 613K, 13% free 11302K/12935K, paused 7ms+8ms
D/PackageManager(   78): generateServicesMap(android.accounts.AccountAuthenticator): 2 services unchanged
D/PackageManager(   78): generateServicesMap(android.content.SyncAdapter): 4 services unchanged
D/BackupManagerService(   78): Received broadcast Intent { act=android.intent.action.PACKAGE_REMOVED dat=package:com.rhomobile.macotec flg=0x10000010 (has extras) }
I/AccountTypeManager(  310): Loaded meta-data for 1 account types, 0 accounts in 285ms(wall) 7ms(cpu)
D/PackageManager(   78): generateServicesMap(android.accounts.AccountAuthenticator): 2 services unchanged
D/PackageManager(   78): generateServicesMap(android.content.SyncAdapter): 4 services unchanged
D/BackupManagerService(   78): Received broadcast Intent { act=android.intent.action.PACKAGE_ADDED dat=package:com.rhomobile.macotec flg=0x10000010 (has extras) }
V/BackupManagerService(   78): updatePackageParticipantsLocked: #1
W/RecognitionManagerService(   78): no available voice recognition services found
I/AccountTypeManager(  310): Loaded meta-data for 1 account types, 0 accounts in 127ms(wall) 6ms(cpu)
D/dalvikvm(  189): GC_FOR_ALLOC freed 3027K, 31% free 15767K/22599K, paused 68ms
D/dalvikvm(  189): GC_FOR_ALLOC freed 454K, 25% free 17008K/22599K, paused 53ms
D/BackupManagerService(   78): Received broadcast Intent { act=android.intent.action.PACKAGE_REPLACED dat=package:com.rhomobile.macotec flg=0x10000010 (has extras) }
V/BackupManagerService(   78): updatePackageParticipantsLocked: #1
D/dalvikvm(   78): GC_CONCURRENT freed 455K, 12% free 11417K/12935K, paused 5ms+16ms
D/dalvikvm(  189): GC_FOR_ALLOC freed 4011K, 35% free 14769K/22599K, paused 57ms
D/dalvikvm(  189): GC_FOR_ALLOC freed 39K, 31% free 15764K/22599K, paused 87ms
D/dalvikvm(  189): GC_FOR_ALLOC freed 360K, 25% free 17058K/22599K, paused 67ms
D/dalvikvm(  189): GC_FOR_ALLOC freed 1680K, 24% free 17265K/22599K, paused 52ms
D/dalvikvm(  189): GC_FOR_ALLOC freed 317K, 18% free 18735K/22599K, paused 101ms
D/dalvikvm(   78): GC_EXPLICIT freed 214K, 13% free 11278K/12935K, paused 5ms+27ms
D/AndroidRuntime( 2261): Shutting down VM
D/dalvikvm( 2261): GC_CONCURRENT freed 97K, 79% free 450K/2048K, paused 1ms+1ms
I/AndroidRuntime( 2261): NOTE: attach of thread 'Binder Thread #3' failed
D/dalvikvm(  189): GC_CONCURRENT freed 3027K, 22% free 17731K/22599K, paused 6ms+20ms
D/AndroidRuntime( 2280): 
D/AndroidRuntime( 2280): >>>>>> AndroidRuntime START com.android.internal.os.RuntimeInit <<<<<<
D/AndroidRuntime( 2280): CheckJNI is ON
D/AndroidRuntime( 2280): Calling main entry com.android.commands.am.Am
I/ActivityManager(   78): START {act=android.intent.action.MAIN flg=0x10000000 cmp=com.rhomobile.macotec/com.rhomobile.rhodes.RhodesActivity} from pid 2280
W/WindowManager(   78): Failure taking screenshot for (180x273) to layer 21005
D/AndroidRuntime( 2280): Shutting down VM
D/dalvikvm( 2280): GC_CONCURRENT freed 97K, 77% free 479K/2048K, paused 1ms+1ms
I/AndroidRuntime( 2280): NOTE: attach of thread 'Binder Thread #3' failed
I/ActivityManager(   78): Start proc com.rhomobile.macotec for activity com.rhomobile.macotec/com.rhomobile.rhodes.RhodesActivity: pid=2290 uid=10040 gids={3003}
I/dalvikvm( 2290): Turning on JNI app bug workarounds for target SDK version 4...
W/NetworkManagementSocketTagger(   78): setKernelCountSet(10040, 1) failed with errno -2
I/Process (   78): Sending signal. PID: 2290 SIG: 3
I/dalvikvm( 2290): threadid=3: reacting to signal 3
I/dalvikvm( 2290): Wrote stack traces to '/data/anr/traces.txt'
D/dalvikvm( 2290): Trying to load lib /data/data/com.rhomobile.macotec/lib/librhodes.so 0x4129fa58
D/dalvikvm( 2290): Added shared lib /data/data/com.rhomobile.macotec/lib/librhodes.so 0x4129fa58
D/dalvikvm( 2290): Trying to load lib /data/data/com.rhomobile.macotec/lib/librhodes.so 0x4129fa58
D/dalvikvm( 2290): Shared lib '/data/data/com.rhomobile.macotec/lib/librhodes.so' already loaded in same CL 0x4129fa58
I/ActivityThread( 2290): Pub com.rhomobile.macotec: com.rhomobile.rhodes.LocalFileProvider
I/RhodesApplication( 2290): Initializing...
D/RhoFileApi( 2290): App root path: /data/data/com.rhomobile.macotec/rhodata/
D/RhoFileApi( 2290): Sqlite journals path: /data/data/com.rhomobile.macotec/sqlite_stmt_journals/
D/RhoFileApi( 2290): Shared path: /data/data/com.rhomobile.macotec/rhodata/
D/RhodesApplication( 2290): Root path: /data/data/com.rhomobile.macotec/rhodata/
I/RhodesApplication( 2290): Application hash was changed
D/RhoFileApi( 2290): Copy hash to FS
I/Process (   78): Sending signal. PID: 2290 SIG: 3
I/dalvikvm( 2290): threadid=3: reacting to signal 3
I/dalvikvm( 2290): Wrote stack traces to '/data/anr/traces.txt'
D/RhoFileApi( 2290): File hash copied
D/RhoFileApi( 2290): Copy rho.dat to FS
D/RhoFileApi( 2290): File rho.dat copied
D/RhoFileApi( 2290): Copy apps/rhoconfig.txt to FS
D/RhoFileApi( 2290): File apps/rhoconfig.txt copied
I/RhoFileApi( 2290): Opening stat table from FS: /data/data/com.rhomobile.macotec/rhodata/rho.dat
D/RhoFileApi( 2290): Copy apps/rhoconfig.txt to FS
D/RhoFileApi( 2290): File apps/rhoconfig.txt copied
D/RhoFileApi( 2290): App root path: /data/data/com.rhomobile.macotec/rhodata/
D/RhoFileApi( 2290): Sqlite journals path: /data/data/com.rhomobile.macotec/sqlite_stmt_journals/
D/RhoFileApi( 2290): Shared path: /data/data/com.rhomobile.macotec/rhodata/
I/APP     ( 2290): I 02/06/2013 12:17:28:862 000008f2    RhodesApplication| Initialized
I/APP     ( 2290): I 02/06/2013 12:17:28:927 000008f2         BaseActivity| New screen properties - width: 480, height: 728, orientation: 1
I/Process (   78): Sending signal. PID: 2290 SIG: 3
I/dalvikvm( 2290): threadid=3: reacting to signal 3
I/dalvikvm( 2290): Wrote stack traces to '/data/anr/traces.txt'
I/APP     ( 2290): I 02/06/2013 12:17:29:246 000008f2         SplashScreen| Looking for start page source
D/dalvikvm( 2290): GC_CONCURRENT freed 288K, 4% free 9226K/9607K, paused 8ms+7ms
D/dalvikvm( 2290): GC_FOR_ALLOC freed 3K, 5% free 9223K/9607K, paused 78ms
I/Process (   78): Sending signal. PID: 2290 SIG: 3
I/dalvikvm( 2290): threadid=3: reacting to signal 3
I/dalvikvm-heap( 2290): Grow heap (frag case) to 12.142MB for 3217300-byte allocation
I/dalvikvm( 2290): Wrote stack traces to '/data/anr/traces.txt'
D/dalvikvm( 2290): GC_FOR_ALLOC freed 0K, 4% free 12365K/12807K, paused 68ms
I/Process (   78): Sending signal. PID: 2290 SIG: 3
I/dalvikvm( 2290): threadid=3: reacting to signal 3
I/dalvikvm( 2290): Wrote stack traces to '/data/anr/traces.txt'
I/APP     ( 2290): I 02/06/2013 12:17:30:143 000008f2         SplashScreen| Done
I/APP     ( 2290): I 02/06/2013 12:17:30:147 000008f2    RhodesApplication| New UiState: MainActivityCreated
I/APP     ( 2290): I 02/06/2013 12:17:30:179 000008f2       RhodesActivity| onStart
I/APP     ( 2290): I 02/06/2013 12:17:30:186 000008f2    RhodesApplication| New UiState: MainActivityStarted
I/APP     ( 2290): I 02/06/2013 12:17:30:214 000008f2       RhodesActivity| onResume
I/APP     ( 2290): I 02/06/2013 12:17:30:217 000008f2 AndroidFunctionality| Resume WebView
I/APP     ( 2290): I 02/06/2013 12:17:30:265 000008f2        RhodesService| onCreate
I/APP     ( 2290): I 02/06/2013 12:17:30:269 000008f2    LocalFileProvider| Revoke URI permissions: content:///com.rhomobile.macotec
W/ActivityManager(   78): No content provider found for permission revoke: content:///com.rhomobile.macotec
I/APP     ( 2290): I 02/06/2013 12:17:30:303 000008f2               Rhodes| Loading...
I/APP     ( 2290): I 02/06/2013 12:17:30:328 000008f2            RhodesApp| Trying to get free listening port.
I/APP     ( 2290): I 02/06/2013 12:17:30:331 000008f2            RhodesApp| Trying to bind of 8080 port...
I/APP     ( 2290): I 02/06/2013 12:17:30:349 000008f2            RhodesApp| Got port to bind on: 8080
I/APP     ( 2290): I 02/06/2013 12:17:30:353 000008f2            RhodesApp| Free listening port: 8080
I/APP     ( 2290): I 02/06/2013 12:17:30:383 00000907         AppCallbacks| Starting main routine...
I/APP     ( 2290): I 02/06/2013 12:17:30:386 00000907         AppCallbacks| ThreadQueue blocked for 4294967295 seconds...
I/APP     ( 2290): I 02/06/2013 12:17:30:445 000008f2        RhodesService| Push is disabled
I/APP     ( 2290): I 02/06/2013 12:17:30:473 000008f2            RhodesApp| callAppActiveCallback
I/APP     ( 2290): I 02/06/2013 12:17:30:487 000008f2         AppCallbacks| addCommand: APP-ACTIVATED
I/APP     ( 2290): I 02/06/2013 12:17:30:490 00000907         AppCallbacks| Received command APP-ACTIVATED which is greater than expected (LOCAL-SERVER-STARTED) - postpone it
I/APP     ( 2290): I 02/06/2013 12:17:30:492 00000907         AppCallbacks| ThreadQueue blocked for 4294967295 seconds...
I/APP     ( 2290): I 02/06/2013 12:17:30:511 000008f2         AppActivated| Cannot commit now, application will be activated when started.
I/APP     ( 2290): I 02/06/2013 12:17:30:526 000008f2    RhodesApplication| New AppState: Undefined
D/RhodesService( 2290): +++ onStartCommand
I/APP     ( 2290): I 02/06/2013 12:17:30:524 00000909            RhodesApp| Starting RhodesApp main routine...
I/Process (   78): Sending signal. PID: 2290 SIG: 3
I/dalvikvm( 2290): threadid=3: reacting to signal 3
I/dalvikvm( 2290): Wrote stack traces to '/data/anr/traces.txt'
I/RhodesService( 2290): handleCommand: startId=1, source=com.rhomobile.rhodes.BaseActivity
D/RhodesService( 2290): New activity was created
I/APP     ( 2290): I 02/06/2013 12:17:30:626 000008f2        RhodesService| onBind
I/APP     ( 2290): I 02/06/2013 12:17:30:669 000008f2         AppCallbacks| addCommand: UI-CREATED
I/APP     ( 2290): I 02/06/2013 12:17:30:713 00000907         AppCallbacks| Received command UI-CREATED which is greater than expected (LOCAL-SERVER-STARTED) - postpone it
I/APP     ( 2290): I 02/06/2013 12:17:30:714 00000907         AppCallbacks| ThreadQueue blocked for 4294967295 seconds...
V/PhoneStatusBar(  136): setLightsOn(true)
I/APP     ( 2290): I 02/06/2013 12:17:30:868 000008f2       RhodesActivity| onServiceConnected: {com.rhomobile.macotec/com.rhomobile.rhodes.RhodesService}
I/APP     ( 2290): I 02/06/2013 12:17:30:903 000008f2       RhodesActivity| New start parameters: 
I/APP     ( 2290): I 02/06/2013 12:17:30:905 000008f2            RhodesApp| New start params: 
W/InputManagerService(   78): Starting input on non-focused client com.android.internal.view.IInputMethodClient$Stub$Proxy@415b6a98 (uid=10009 pid=189)
D/gralloc_goldfish( 2290): Emulator without GPU emulation detected.
I/Process (   78): Sending signal. PID: 2290 SIG: 3
I/dalvikvm( 2290): threadid=3: reacting to signal 3
I/dalvikvm( 2290): Wrote stack traces to '/data/anr/traces.txt'
I/Process (   78): Sending signal. PID: 2290 SIG: 3
I/dalvikvm( 2290): threadid=3: reacting to signal 3
I/dalvikvm( 2290): Wrote stack traces to '/data/anr/traces.txt'
I/ActivityManager(   78): Displayed com.rhomobile.macotec/com.rhomobile.rhodes.RhodesActivity: +4s549ms
I/APP     ( 2290): I 02/06/2013 12:17:31:985 00000909              RhoRuby| Init_RhoBlobs: /data/data/com.rhomobile.macotec/rhodata/db/db-files
I/APP     ( 2290): I 02/06/2013 12:17:32:148 00000909              RhoRuby| require_compiled: rhoframework
I/APP     ( 2290): I 02/06/2013 12:17:32:257 00000909              RhoRuby| require_compiled: rational
I/APP     ( 2290): I 02/06/2013 12:17:32:298 00000909              RhoRuby| require_compiled: rhom/rhom_db_adapter
I/APP     ( 2290): I 02/06/2013 12:17:32:418 00000909              RhoRuby| require_compiled: rhodes
I/APP     ( 2290): I 02/06/2013 12:17:32:468 00000909              RhoRuby| require_compiled: rhom/rhom_object
I/APP     ( 2290): I 02/06/2013 12:17:32:518 00000909              RhoRuby| require_compiled: rhofsconnector
I/APP     ( 2290): I 02/06/2013 12:17:32:523 00000909              RhoRuby| require_compiled: rho/rhofsconnector
I/APP     ( 2290): I 02/06/2013 12:17:32:587 00000909              RhoRuby| require_compiled: rhom/rhom_object_factory
W/NetworkManagementSocketTagger(   78): setKernelCountSet(10009, 0) failed with errno -2
I/APP     ( 2290): I 02/06/2013 12:17:32:894 00000909              RhoRuby| require_compiled: rhom/rhom
I/APP     ( 2290): I 02/06/2013 12:17:32:949 00000909              RhoRuby| require_compiled: rhom/rhom_model
I/APP     ( 2290): I 02/06/2013 12:17:33:007 00000909              RhoRuby| require_compiled: rhom
I/APP     ( 2290): I 02/06/2013 12:17:33:039 00000909              RhoRuby| require_compiled: rho/rhoapplication
I/APP     ( 2290): I 02/06/2013 12:17:33:116 00000909              RhoRuby| require_compiled: rholang/localization_simplified
I/APP     ( 2290): I 02/06/2013 12:17:33:174 00000909              RhoRuby| require_compiled: rho/rhomsg
I/APP     ( 2290): I 02/06/2013 12:17:33:211 00000909              RhoRuby| require_compiled: rho/rhotabbar
I/APP     ( 2290): I 02/06/2013 12:17:33:252 00000909              RhoRuby| require_compiled: rho/rhotoolbar
I/APP     ( 2290): I 02/06/2013 12:17:33:295 00000909                  APP| Current locale: ; Country code: 
I/APP     ( 2290): I 02/06/2013 12:17:33:330 00000909                  APP| Locilized file: /data/data/com.rhomobile.macotec/rhodata/lib/rholang/lang_
I/APP     ( 2290): I 02/06/2013 12:17:33:357 00000909              RhoRuby| require_compiled: /data/data/com.rhomobile.macotec/rhodata/lib/rholang/lang_en
I/APP     ( 2290): I 02/06/2013 12:17:33:405 00000909                  APP| Locilized file: /data/data/com.rhomobile.macotec/rhodata/apps/app/lang/lang_
I/APP     ( 2290): I 02/06/2013 12:17:33:428 00000909                  APP| Locilized file: /data/data/com.rhomobile.macotec/rhodata/lib/rholang/rhoerror_
I/APP     ( 2290): I 02/06/2013 12:17:33:450 00000909              RhoRuby| require_compiled: /data/data/com.rhomobile.macotec/rhodata/lib/rholang/rhoerror_en
I/APP     ( 2290): I 02/06/2013 12:17:33:480 00000909                  APP| Locilized file: /data/data/com.rhomobile.macotec/rhodata/lib/rholang/rhomsg_
I/APP     ( 2290): I 02/06/2013 12:17:33:497 00000909              RhoRuby| require_compiled: /data/data/com.rhomobile.macotec/rhodata/lib/rholang/rhomsg_en
I/APP     ( 2290): I 02/06/2013 12:17:33:527 00000909              RhoRuby| require_compiled: indifferent_access
I/APP     ( 2290): I 02/06/2013 12:17:33:585 00000909              RhoRuby| require_compiled: rho/rhosupport
I/APP     ( 2290): I 02/06/2013 12:17:33:636 00000909              RhoRuby| require_compiled: rho/rhocontroller
I/APP     ( 2290): I 02/06/2013 12:17:33:677 00000909              RhoRuby| require_compiled: rho/render
I/APP     ( 2290): I 02/06/2013 12:17:33:736 00000909              RhoRuby| require_compiled: rho/rho
I/APP     ( 2290): I 02/06/2013 12:17:33:895 00000909              RhoRuby| require_compiled: rho/rhoerror
I/APP     ( 2290): I 02/06/2013 12:17:33:922 00000909              RhoRuby| require_compiled: rhom/rhom_source
I/APP     ( 2290): I 02/06/2013 12:17:33:968 00000909              RhoRuby| require_compiled: rho/rhoviewhelpers
I/APP     ( 2290): I 02/06/2013 12:17:34:007 00000909              RhoRuby| require_compiled: rho
I/APP     ( 2290): I 02/06/2013 12:17:34:012 00000909                  APP| RHO loaded
I/APP     ( 2290): I 02/06/2013 12:17:34:035 00000909                  APP| Calling RHO.initialize
I/APP     ( 2290): I 02/06/2013 12:17:34:072 00000909                  APP| model file: Product/product
I/APP     ( 2290): I 02/06/2013 12:17:34:076 00000909                  APP| model file: Request/request
I/APP     ( 2290): I 02/06/2013 12:17:34:107 00000909                   DB| Open DB: /data/data/com.rhomobile.macotec/rhodata/db/syncdbuser.sqlite
I/APP     ( 2290): I 02/06/2013 12:17:34:139 00000909          GeoLocation| Creating singleton instance.
I/APP     ( 2290): I 02/06/2013 12:17:34:143 00000909            RhodesApp| Starting sync engine...
I/APP     ( 2290): I 02/06/2013 12:17:34:178 00000909                 Sync| sync_poll_interval: 0
I/APP     ( 2290): I 02/06/2013 12:17:34:181 00000909                 Sync| syncserver: 
I/APP     ( 2290): I 02/06/2013 12:17:34:204 00000909                 Sync| bulksync_state: 0
I/APP     ( 2290): I 02/06/2013 12:17:34:207 00000909            RhodesApp| RhoRubyInitApp...
I/APP     ( 2290): I 02/06/2013 12:17:34:214 00000909                  APP| init_app
I/APP     ( 2290): I 02/06/2013 12:17:34:237 00000909              RhoRuby| require_compiled: application
I/APP     ( 2290): I 02/06/2013 12:17:34:271 00000909                 Sync| Set notification. Source ID: -1;Url :http://localhost:8080/app/Settings/sync_notify; Params: 
I/APP     ( 2290): I 02/06/2013 12:17:34:274 00000909           HttpServer| Start HTTP server
I/APP     ( 2290): I 02/06/2013 12:17:34:290 00000909           HttpServer| Listen for connections on port 8080
I/APP     ( 2290): I 02/06/2013 12:17:34:302 00000909         AppCallbacks| addCommand: LOCAL-SERVER-STARTED
I/APP     ( 2290): I 02/06/2013 12:17:34:306 00000907         AppCallbacks| process command: LOCAL-SERVER-STARTED
I/APP     ( 2290): I 02/06/2013 12:17:34:307 00000907 RhodesAppActiveObserver| Ready
I/APP     ( 2290): I 02/06/2013 12:17:34:335 000008f2 AndroidFunctionality| Disable WebView zoom
I/APP     ( 2290): I 02/06/2013 12:17:34:336 000008f2 AndroidFunctionality| Set web plugins state 'OFF'
I/APP     ( 2290): I 02/06/2013 12:17:34:364 00000907    RhodesApplication| New AppState: AppActivated
I/APP     ( 2290): I 02/06/2013 12:17:34:367 00000907         AppCallbacks| process command: UI-CREATED
I/APP     ( 2290): I 02/06/2013 12:17:34:477 00000909           HttpServer| Process URI: '/system/uicreated'
I/APP     ( 2290): I 02/06/2013 12:17:34:480 00000909                  APP| on_ui_created.navigate to start url: '/app'
I/APP     ( 2290): I 02/06/2013 12:17:34:482 000008f2         SplashScreen| navigate: url=http://localhost:8080/app
I/APP     ( 2290): I 02/06/2013 12:17:34:483 000008f2         SplashScreen| DELAY for SplashScreen = 0
I/APP     ( 2290): I 02/06/2013 12:17:34:551 000008f2        GoogleWebView| Creating new RhoWebChromeClient
I/APP     ( 2290): I 02/06/2013 12:17:34:586 000008f2       SimpleMainView| Cleared URL: http://localhost:8080/app
I/APP     ( 2290): I 02/06/2013 12:17:34:625 00000907         AppCallbacks| process command: APP-ACTIVATED
I/APP     ( 2290): I 02/06/2013 12:17:34:662 00000909           HttpServer| Process URI: '/system/activateapp'
I/APP     ( 2290): I 02/06/2013 12:17:34:696 00000907         AppCallbacks| ThreadQueue blocked for 4294967295 seconds...
V/SimpleMainView.View( 2290): ms[1360149454731]  Main Window :: onSizeChanged() old [ 480 x 652 ]  new [ 0 x 0 ]
I/APP     ( 2290): I 02/06/2013 12:17:34:798 000008f2        GoogleWebView| Setting RhoWebChromeClient
I/APP     ( 2290): I 02/06/2013 12:17:34:971 00000909           HttpServer| Process URI: '/app'
I/APP     ( 2290): I 02/06/2013 12:17:35:025 000008f2     RhoWebViewClient| Loading URL: http://localhost:8080/app/index_erb.iseq
I/APP     ( 2290): I 02/06/2013 12:17:35:077 00000909           HttpServer| Process URI: '/app/index_erb.iseq'
I/APP     ( 2290): I 02/06/2013 12:17:35:082 00000909                  APP| RHO serve_index: /app/index_erb.iseq
I/APP     ( 2290): I 02/06/2013 12:17:35:116 00000909 RHO Rho::RhoController| inst_render_index
I/APP     ( 2290): I 02/06/2013 12:17:35:176 00000909 RHO Rho::RhoController| index layout
I/APP     ( 2290): I 02/06/2013 12:17:35:264 00000909           HttpServer| GC Start.
I/APP     ( 2290): I 02/06/2013 12:17:35:356 00000909           HttpServer| GC End.
I/APP     ( 2290): I 02/06/2013 12:17:35:562 00000909           HttpServer| Process URI: '/public/js/request.js'
I/APP     ( 2290): I 02/06/2013 12:17:35:663 00000909           HttpServer| Process URI: '/public/jquery/jquery-1.6.4.min.js'
I/APP     ( 2290): I 02/06/2013 12:17:35:753 00000909           HttpServer| Process URI: '/public/jquery/jquery.json-2.3.min.js'
I/APP     ( 2290): I 02/06/2013 12:17:35:865 00000909           HttpServer| Process URI: '/public/jqmobile/jquery.mobile-1.0.1.min.css'
I/APP     ( 2290): I 02/06/2013 12:17:35:977 00000909           HttpServer| Process URI: '/public/css/jqmobile-patch.css'
I/APP     ( 2290): I 02/06/2013 12:17:36:044 00000909           HttpServer| Process URI: '/public/jqmobile/jquery.mobile-1.0.1.min.js'
I/APP     ( 2290): I 02/06/2013 12:17:36:196 00000909           HttpServer| Process URI: '/public/js/jqmobile-patch.js'
I/APP     ( 2290): I 02/06/2013 12:17:36:259 00000909           HttpServer| Process URI: '/public/css/macotec_style.css'
I/APP     ( 2290): I 02/06/2013 12:17:39:419 00000909           HttpServer| Process URI: '/public/images/macotec/logo.png'
I/APP     ( 2290): I 02/06/2013 12:17:40:081 00000909           HttpServer| Process URI: '/public/images/macotec/request.png'
I/APP     ( 2290): I 02/06/2013 12:17:40:195 00000909           HttpServer| Process URI: '/public/images/macotec/contact.png'
I/APP     ( 2290): I 02/06/2013 12:17:40:246 00000909           HttpServer| Process URI: '/public/images/macotec/products.png'
I/APP     ( 2290): I 02/06/2013 12:17:40:280 00000909           HttpServer| Process URI: '/public/images/macotec/info.png'
I/APP     ( 2290): I 02/06/2013 12:17:44:412 00000909           HttpServer| Process URI: '/app/Request/request'
I/APP     ( 2290): I 02/06/2013 12:17:44:417 00000909                  APP| RHO serve: /app/Request/request
I/APP     ( 2290): I 02/06/2013 12:17:44:449 00000909              RhoRuby| require_compiled: Request/request_controller
I/APP     ( 2290): I 02/06/2013 12:17:44:500 00000909              RhoRuby| require_compiled: helpers/browser_helper
I/APP     ( 2290): I 02/06/2013 12:17:44:701 00000909              RhoRuby| require_compiled: time
I/APP     ( 2290): I 02/06/2013 12:17:44:852 00000909              RhoRuby| require_compiled: date/format
I/APP     ( 2290): I 02/06/2013 12:17:45:054 00000909              RhoRuby| require_compiled: date
I/APP     ( 2290): I 02/06/2013 12:17:45:083 00000909              RhoRuby| require_compiled: dateOrig
D/dalvikvm( 2290): GC_CONCURRENT freed 892K, 8% free 12503K/13575K, paused 15ms+6ms
D/webviewglue( 2290): nativeDestroy view: 0x291370
I/APP     ( 2290): E 02/06/2013 12:17:45:425 00000909               RubyVM| lib/date.rb:14: warning: already initialized constant MONTHNAMES
I/APP     ( 2290): E 02/06/2013 12:17:45:428 00000909               RubyVM| lib/date.rb:15: warning: already initialized constant ABBR_MONTHNAMES
I/APP     ( 2290): E 02/06/2013 12:17:45:458 00000909               RubyVM| lib/date.rb:16: warning: already initialized constant DAYNAMES
I/APP     ( 2290): E 02/06/2013 12:17:45:464 00000909               RubyVM| lib/date.rb:17: warning: already initialized constant ABBR_DAYNAMES
I/APP     ( 2290): I 02/06/2013 12:17:45:492 00000909                  APP| const_missing: Product
I/APP     ( 2290): I 02/06/2013 12:17:45:496 00000909                  APP| load_model: Product
I/APP     ( 2290): I 02/06/2013 12:17:45:522 00000909              RhoRuby| require_compiled: Product/product
I/APP     ( 2290): I 02/06/2013 12:17:45:570 00000909                  APP| model name: Product
I/APP     ( 2290): I 02/06/2013 12:17:45:573 00000909                  APP| model class found
I/APP     ( 2290): I 02/06/2013 12:17:45:608 00000909                  APP| Product : {"property"=>{}}
I/APP     ( 2290): I 02/06/2013 12:17:45:614 00000909                   DB| Open DB: /data/data/com.rhomobile.macotec/rhodata/db/syncdblocal.sqlite
I/APP     ( 2290): I 02/06/2013 12:17:45:652 00000909                  APP| init_db_sources
I/APP     ( 2290): I 02/06/2013 12:17:45:704 00000909                  APP| start_id: 40005
I/APP     ( 2290): I 02/06/2013 12:17:45:708 00000909                  APP| Migrate schema sources: {}
I/APP     ( 2290): I 02/06/2013 12:17:45:798 00000909           HttpServer| GC Start.
I/APP     ( 2290): I 02/06/2013 12:17:45:885 00000909           HttpServer| GC End.
I/APP     ( 2290): I 02/06/2013 12:17:46:637 00000909           HttpServer| Process URI: '/public/jqmobile/images/icons-36-white.png'
E/libEGL  ( 2290): call to OpenGL ES API with no current context (logged once per thread)
D/ShaderProgram( 2290): couldn't load the vertex shader!
E/libEGL  ( 2290): call to OpenGL ES API with no current context (logged once per thread)
D/ShaderProgram( 2290): couldn't load the vertex shader!
E/libEGL  ( 2290): call to OpenGL ES API with no current context (logged once per thread)
D/ShaderProgram( 2290): couldn't load the vertex shader!
E/libEGL  ( 2290): call to OpenGL ES API with no current context (logged once per thread)
D/ShaderProgram( 2290): couldn't load the vertex shader!
E/libEGL  ( 2290): call to OpenGL ES API with no current context (logged once per thread)
D/ShaderProgram( 2290): couldn't load the vertex shader!
I/APP     ( 2290): I 02/06/2013 12:17:49:509 00000909           HttpServer| Process URI: '/app/Request/popup'
I/APP     ( 2290): I 02/06/2013 12:17:49:511 00000909                  APP| RHO serve: /app/Request/popup
I/APP     ( 2290): I 02/06/2013 12:17:49:556 00000909                  APP| Params: {"flag"=>"1", "title"=>"Mietbeginn", "field_key"=>"date"}
I/ActivityManager(   78): START {cmp=com.rhomobile.macotec/com.rhomobile.rhodes.datetime.DateTimePickerScreen (has extras)} from pid 2290
W/WindowManager(   78): Failure taking screenshot for (180x273) to layer 21010
I/APP     ( 2290): I 02/06/2013 12:17:49:693 00000909           HttpServer| GC Start.
I/APP     ( 2290): I 02/06/2013 12:17:49:774 00000909           HttpServer| GC End.
I/APP     ( 2290): I 02/06/2013 12:17:49:945 000008f2       SimpleMainView| Cleared URL: javascript:setFieldValue("date","2013-02-06");
I/APP     ( 2290): I 02/06/2013 12:17:49:990 000008f2 AndroidFunctionality| Pause WebView
I/APP     ( 2290): I 02/06/2013 12:17:50:016 000008f2       RhodesActivity| onPause
I/APP     ( 2290): I 02/06/2013 12:17:50:053 00000909           HttpServer| Process URI: '/system/uidestroyed'
I/APP     ( 2290): I 02/06/2013 12:17:50:087 000008f2    RhodesApplication| New UiState: MainActivityPaused
I/APP     ( 2290): I 02/06/2013 12:17:50:176 000008f2       DateTimePicker| onCreate
I/Process (   78): Sending signal. PID: 2290 SIG: 3
I/dalvikvm( 2290): threadid=3: reacting to signal 3
I/dalvikvm( 2290): Wrote stack traces to '/data/anr/traces.txt'
D/dalvikvm( 2290): GREF has increased to 201
I/Process (   78): Sending signal. PID: 2290 SIG: 3
I/dalvikvm( 2290): threadid=3: reacting to signal 3
I/dalvikvm( 2290): Wrote stack traces to '/data/anr/traces.txt'
D/RhodesService( 2290): +++ onStartCommand
I/RhodesService( 2290): handleCommand: startId=2, source=com.rhomobile.rhodes.BaseActivity
D/RhodesService( 2290): New activity was created
I/Process (   78): Sending signal. PID: 2290 SIG: 3
I/dalvikvm( 2290): threadid=3: reacting to signal 3
I/dalvikvm( 2290): Wrote stack traces to '/data/anr/traces.txt'
V/PhoneStatusBar(  136): setLightsOn(true)
I/ActivityManager(   78): Displayed com.rhomobile.macotec/com.rhomobile.rhodes.datetime.DateTimePickerScreen: +1s854ms
I/APP     ( 2290): I 02/06/2013 12:17:52:192 000008f2       RhodesActivity| onStop
I/APP     ( 2290): I 02/06/2013 12:17:54:518 000008f2       DateTimePicker| Return result: 1360495020
I/APP     ( 2290): I 02/06/2013 12:17:54:546 00000909           HttpServer| Process URI: '/app/Request/callback'
I/APP     ( 2290): I 02/06/2013 12:17:54:549 00000909                  APP| RHO serve: /app/Request/callback
I/APP     ( 2290): I 02/06/2013 12:17:54:579 00000909                  APP| Params: {"status"=>"ok", "result"=>"1360495020", "opaque"=>"\x04\b{\a:\tflag\"\x061:\x0Efield_key\"\tdate", "rho_callback"=>"1"}
W/WindowManager(   78): Failure taking screenshot for (180x273) to layer 21015
I/APP     ( 2290): I 02/06/2013 12:17:54:614 00000909           HttpServer| GC Start.
I/APP     ( 2290): I 02/06/2013 12:17:54:709 00000909           HttpServer| GC End.
I/APP     ( 2290): I 02/06/2013 12:17:54:751 000008f2       SimpleMainView| Cleared URL: javascript:setFieldValue("date","10. February 2013");
I/APP     ( 2290): I 02/06/2013 12:17:54:840 000008f2       RhodesActivity| onStart
I/APP     ( 2290): I 02/06/2013 12:17:54:844 000008f2    RhodesApplication| New UiState: MainActivityStarted
I/APP     ( 2290): I 02/06/2013 12:17:54:878 000008f2       RhodesActivity| onResume
I/APP     ( 2290): I 02/06/2013 12:17:54:880 000008f2 AndroidFunctionality| Resume WebView
V/PhoneStatusBar(  136): setLightsOn(true)
I/Process (   78): Sending signal. PID: 2290 SIG: 3
I/dalvikvm( 2290): threadid=3: reacting to signal 3
I/dalvikvm( 2290): Wrote stack traces to '/data/anr/traces.txt'
D/dalvikvm(  136): GC_CONCURRENT freed 504K, 30% free 10333K/14663K, paused 4ms+7ms
D/dalvikvm(  136): GC_CONCURRENT freed 294K, 29% free 10506K/14663K, paused 4ms+6ms
I/APP     ( 2290): I 02/06/2013 12:18:02:971 00000909           HttpServer| Process URI: '/app/Request/callback_alert'
I/APP     ( 2290): I 02/06/2013 12:18:02:973 00000909                  APP| RHO serve: /app/Request/callback_alert
I/APP     ( 2290): I 02/06/2013 12:18:02:977 00000909                  APP| Params: {"rho_callback"=>"1"}
I/ActivityManager(   78): START {cmp=com.rhomobile.macotec/com.rhomobile.rhodes.alert.PopupActivity (has extras)} from pid 2290
W/WindowManager(   78): Failure taking screenshot for (180x273) to layer 21010
I/APP     ( 2290): I 02/06/2013 12:18:03:089 000008f2 AndroidFunctionality| Pause WebView
I/APP     ( 2290): I 02/06/2013 12:18:03:092 000008f2       RhodesActivity| onPause
I/APP     ( 2290): I 02/06/2013 12:18:03:117 00000909           HttpServer| GC Start.
I/APP     ( 2290): I 02/06/2013 12:18:03:172 00000909           HttpServer| GC End.
I/APP     ( 2290): I 02/06/2013 12:18:03:215 00000909           HttpServer| Process URI: '/system/uidestroyed'
I/APP     ( 2290): I 02/06/2013 12:18:03:236 000008f2    RhodesApplication| New UiState: MainActivityPaused
D/InputEventConsistencyVerifier( 2290): KeyEvent: ACTION_UP but key was not down.
D/InputEventConsistencyVerifier( 2290):   in Handler (android.view.ViewRootImpl) {4164afd8}
D/InputEventConsistencyVerifier( 2290):   0: sent at 8383691000000, KeyEvent { action=ACTION_UP, keyCode=KEYCODE_BACK, scanCode=0, metaState=0, flags=0x48, repeatCount=0, eventTime=8383691, downTime=8383422, deviceId=-1, source=0x101 }
V/PhoneStatusBar(  136): setLightsOn(true)
D/RhodesService( 2290): +++ onStartCommand
I/RhodesService( 2290): handleCommand: startId=3, source=com.rhomobile.rhodes.BaseActivity
D/RhodesService( 2290): New activity was created
I/Process (   78): Sending signal. PID: 2290 SIG: 3
I/dalvikvm( 2290): threadid=3: reacting to signal 3
I/dalvikvm( 2290): Wrote stack traces to '/data/anr/traces.txt'
I/Process (   78): Sending signal. PID: 2290 SIG: 3
I/dalvikvm( 2290): threadid=3: reacting to signal 3
I/dalvikvm( 2290): Wrote stack traces to '/data/anr/traces.txt'
I/ActivityManager(   78): Displayed com.rhomobile.macotec/com.rhomobile.rhodes.alert.PopupActivity: +1s240ms
I/APP     ( 2290): I 02/06/2013 12:18:06:267 00000909           HttpServer| Process URI: '/app/Request/popup_callback'
I/APP     ( 2290): I 02/06/2013 12:18:06:269 00000909                  APP| RHO serve: /app/Request/popup_callback
