I/PackageManager(   87): Running dexopt on: com.rhomobile.macotec
D/dalvikvm( 1239): DexOpt: load 90ms, verify+opt 495ms
W/PackageManager(   87): Code path for pkg : com.rhomobile.macotec changing from /data/app/com.rhomobile.macotec-1.apk to /data/app/com.rhomobile.macotec-2.apk
W/PackageManager(   87): Resource path for pkg : com.rhomobile.macotec changing from /data/app/com.rhomobile.macotec-1.apk to /data/app/com.rhomobile.macotec-2.apk
I/ActivityManager(   87): Force stopping package com.rhomobile.macotec uid=10040
D/PackageManager(   87): New package installed in /data/app/com.rhomobile.macotec-2.apk
I/ActivityManager(   87): Force stopping package com.rhomobile.macotec uid=10040
D/dalvikvm(  210): GC_EXPLICIT freed 273K, 6% free 11328K/12039K, paused 12ms+5ms
D/dalvikvm(  240): GC_EXPLICIT freed 148K, 4% free 9389K/9735K, paused 3ms+5ms
D/dalvikvm(   87): GC_EXPLICIT freed 485K, 11% free 11630K/12999K, paused 4ms+15ms
D/PackageManager(   87): generateServicesMap(android.accounts.AccountAuthenticator): 2 services unchanged
D/PackageManager(   87): generateServicesMap(android.content.SyncAdapter): 4 services unchanged
D/BackupManagerService(   87): Received broadcast Intent { act=android.intent.action.PACKAGE_REMOVED dat=package:com.rhomobile.macotec flg=0x10000010 (has extras) }
I/AccountTypeManager(  334): Loaded meta-data for 1 account types, 0 accounts in 456ms(wall) 5ms(cpu)
D/PackageManager(   87): generateServicesMap(android.accounts.AccountAuthenticator): 2 services unchanged
D/PackageManager(   87): generateServicesMap(android.content.SyncAdapter): 4 services unchanged
D/BackupManagerService(   87): Received broadcast Intent { act=android.intent.action.PACKAGE_ADDED dat=package:com.rhomobile.macotec flg=0x10000010 (has extras) }
V/BackupManagerService(   87): updatePackageParticipantsLocked: #1
W/RecognitionManagerService(   87): no available voice recognition services found
I/AccountTypeManager(  334): Loaded meta-data for 1 account types, 0 accounts in 242ms(wall) 5ms(cpu)
D/BackupManagerService(   87): Received broadcast Intent { act=android.intent.action.PACKAGE_REPLACED dat=package:com.rhomobile.macotec flg=0x10000010 (has extras) }
V/BackupManagerService(   87): updatePackageParticipantsLocked: #1
D/dalvikvm(   87): GC_EXPLICIT freed 968K, 14% free 11290K/12999K, paused 5ms+9ms
D/AndroidRuntime( 1228): Shutting down VM
D/dalvikvm( 1228): GC_CONCURRENT freed 97K, 79% free 450K/2048K, paused 0ms+2ms
I/AndroidRuntime( 1228): NOTE: attach of thread 'Binder Thread #3' failed
D/AndroidRuntime( 1247): 
D/AndroidRuntime( 1247): >>>>>> AndroidRuntime START com.android.internal.os.RuntimeInit <<<<<<
D/AndroidRuntime( 1247): CheckJNI is ON
D/AndroidRuntime( 1247): Calling main entry com.android.commands.am.Am
I/ActivityManager(   87): START {act=android.intent.action.MAIN flg=0x10000000 cmp=com.rhomobile.macotec/com.rhomobile.rhodes.RhodesActivity} from pid 1247
W/WindowManager(   87): Failure taking screenshot for (180x273) to layer 21005
D/AndroidRuntime( 1247): Shutting down VM
D/dalvikvm( 1247): GC_CONCURRENT freed 97K, 77% free 480K/2048K, paused 1ms+1ms
I/AndroidRuntime( 1247): NOTE: attach of thread 'Binder Thread #3' failed
I/ActivityManager(   87): Start proc com.rhomobile.macotec for activity com.rhomobile.macotec/com.rhomobile.rhodes.RhodesActivity: pid=1257 uid=10040 gids={3003}
I/dalvikvm( 1257): Turning on JNI app bug workarounds for target SDK version 4...
W/NetworkManagementSocketTagger(   87): setKernelCountSet(10040, 1) failed with errno -2
I/Process (   87): Sending signal. PID: 1257 SIG: 3
I/dalvikvm( 1257): threadid=3: reacting to signal 3
D/dalvikvm( 1257): Trying to load lib /data/data/com.rhomobile.macotec/lib/librhodes.so 0x412a57f8
I/dalvikvm( 1257): Wrote stack traces to '/data/anr/traces.txt'
D/dalvikvm( 1257): Added shared lib /data/data/com.rhomobile.macotec/lib/librhodes.so 0x412a57f8
D/dalvikvm( 1257): Trying to load lib /data/data/com.rhomobile.macotec/lib/librhodes.so 0x412a57f8
D/dalvikvm( 1257): Shared lib '/data/data/com.rhomobile.macotec/lib/librhodes.so' already loaded in same CL 0x412a57f8
I/ActivityThread( 1257): Pub com.rhomobile.macotec: com.rhomobile.rhodes.LocalFileProvider
I/RhodesApplication( 1257): Initializing...
D/RhoFileApi( 1257): App root path: /data/data/com.rhomobile.macotec/rhodata/
D/RhoFileApi( 1257): Sqlite journals path: /data/data/com.rhomobile.macotec/sqlite_stmt_journals/
D/RhoFileApi( 1257): Shared path: /data/data/com.rhomobile.macotec/rhodata/
D/RhodesApplication( 1257): Root path: /data/data/com.rhomobile.macotec/rhodata/
I/RhodesApplication( 1257): Application hash was changed
D/RhoFileApi( 1257): Copy hash to FS
D/RhoFileApi( 1257): File hash copied
D/RhoFileApi( 1257): Copy rho.dat to FS
D/RhoFileApi( 1257): File rho.dat copied
D/RhoFileApi( 1257): Copy apps/rhoconfig.txt to FS
D/RhoFileApi( 1257): File apps/rhoconfig.txt copied
I/RhoFileApi( 1257): Opening stat table from FS: /data/data/com.rhomobile.macotec/rhodata/rho.dat
I/Process (   87): Sending signal. PID: 1257 SIG: 3
I/dalvikvm( 1257): threadid=3: reacting to signal 3
I/dalvikvm( 1257): Wrote stack traces to '/data/anr/traces.txt'
D/RhoFileApi( 1257): Copy apps/rhoconfig.txt to FS
D/RhoFileApi( 1257): File apps/rhoconfig.txt copied
D/RhoFileApi( 1257): App root path: /data/data/com.rhomobile.macotec/rhodata/
D/RhoFileApi( 1257): Sqlite journals path: /data/data/com.rhomobile.macotec/sqlite_stmt_journals/
D/RhoFileApi( 1257): Shared path: /data/data/com.rhomobile.macotec/rhodata/
I/APP     ( 1257): I 02/04/2013 12:50:02:498 000004e9    RhodesApplication| Initialized
I/APP     ( 1257): I 02/04/2013 12:50:02:544 000004e9         BaseActivity| New screen properties - width: 480, height: 728, orientation: 1
I/APP     ( 1257): I 02/04/2013 12:50:02:670 000004e9         SplashScreen| Looking for start page source
D/dalvikvm( 1257): GC_CONCURRENT freed 302K, 5% free 9222K/9607K, paused 5ms+4ms
I/Process (   87): Sending signal. PID: 1257 SIG: 3
I/dalvikvm( 1257): threadid=3: reacting to signal 3
I/dalvikvm( 1257): Wrote stack traces to '/data/anr/traces.txt'
D/dalvikvm( 1257): GC_FOR_ALLOC freed 8K, 5% free 9220K/9607K, paused 65ms
I/dalvikvm-heap( 1257): Grow heap (frag case) to 12.139MB for 3217300-byte allocation
D/dalvikvm( 1257): GC_FOR_ALLOC freed <1K, 4% free 12362K/12807K, paused 36ms
D/dalvikvm( 1257): GC_CONCURRENT freed 2K, 4% free 12365K/12807K, paused 4ms+4ms
I/Process (   87): Sending signal. PID: 1257 SIG: 3
I/dalvikvm( 1257): threadid=3: reacting to signal 3
I/dalvikvm( 1257): Wrote stack traces to '/data/anr/traces.txt'
I/APP     ( 1257): I 02/04/2013 12:50:03:503 000004e9         SplashScreen| Done
I/APP     ( 1257): I 02/04/2013 12:50:03:506 000004e9    RhodesApplication| New UiState: MainActivityCreated
I/APP     ( 1257): I 02/04/2013 12:50:03:525 000004e9       RhodesActivity| onStart
I/APP     ( 1257): I 02/04/2013 12:50:03:528 000004e9    RhodesApplication| New UiState: MainActivityStarted
I/APP     ( 1257): I 02/04/2013 12:50:03:545 000004e9       RhodesActivity| onResume
I/APP     ( 1257): I 02/04/2013 12:50:03:548 000004e9 AndroidFunctionality| Resume WebView
I/APP     ( 1257): I 02/04/2013 12:50:03:585 000004e9        RhodesService| onCreate
I/APP     ( 1257): I 02/04/2013 12:50:03:587 000004e9    LocalFileProvider| Revoke URI permissions: content:///com.rhomobile.macotec
W/ActivityManager(   87): No content provider found for permission revoke: content:///com.rhomobile.macotec
I/APP     ( 1257): I 02/04/2013 12:50:03:613 000004e9               Rhodes| Loading...
I/APP     ( 1257): I 02/04/2013 12:50:03:624 000004e9            RhodesApp| Trying to get free listening port.
I/APP     ( 1257): I 02/04/2013 12:50:03:639 000004e9            RhodesApp| Trying to bind of 8080 port...
I/APP     ( 1257): I 02/04/2013 12:50:03:652 000004e9            RhodesApp| Got port to bind on: 8080
I/APP     ( 1257): I 02/04/2013 12:50:03:656 000004e9            RhodesApp| Free listening port: 8080
I/APP     ( 1257): I 02/04/2013 12:50:03:676 000004fe         AppCallbacks| Starting main routine...
I/APP     ( 1257): I 02/04/2013 12:50:03:678 000004fe         AppCallbacks| ThreadQueue blocked for 4294967295 seconds...
I/APP     ( 1257): I 02/04/2013 12:50:03:728 000004e9        RhodesService| Push is disabled
I/APP     ( 1257): I 02/04/2013 12:50:03:730 000004e9            RhodesApp| callAppActiveCallback
I/APP     ( 1257): I 02/04/2013 12:50:03:748 000004e9         AppCallbacks| addCommand: APP-ACTIVATED
I/APP     ( 1257): I 02/04/2013 12:50:03:750 000004fe         AppCallbacks| Received command APP-ACTIVATED which is greater than expected (LOCAL-SERVER-STARTED) - postpone it
I/APP     ( 1257): I 02/04/2013 12:50:03:752 000004fe         AppCallbacks| ThreadQueue blocked for 4294967295 seconds...
I/APP     ( 1257): I 02/04/2013 12:50:03:774 000004e9         AppActivated| Cannot commit now, application will be activated when started.
I/APP     ( 1257): I 02/04/2013 12:50:03:777 000004e9    RhodesApplication| New AppState: Undefined
D/RhodesService( 1257): +++ onStartCommand
I/RhodesService( 1257): handleCommand: startId=1, source=com.rhomobile.rhodes.BaseActivity
I/APP     ( 1257): I 02/04/2013 12:50:03:795 00000500            RhodesApp| Starting RhodesApp main routine...
D/RhodesService( 1257): New activity was created
I/APP     ( 1257): I 02/04/2013 12:50:03:826 000004e9        RhodesService| onBind
I/Process (   87): Sending signal. PID: 1257 SIG: 3
I/dalvikvm( 1257): threadid=3: reacting to signal 3
I/dalvikvm( 1257): Wrote stack traces to '/data/anr/traces.txt'
I/APP     ( 1257): I 02/04/2013 12:50:03:914 000004e9         AppCallbacks| addCommand: UI-CREATED
I/APP     ( 1257): I 02/04/2013 12:50:03:915 000004fe         AppCallbacks| Received command UI-CREATED which is greater than expected (LOCAL-SERVER-STARTED) - postpone it
I/APP     ( 1257): I 02/04/2013 12:50:03:916 000004fe         AppCallbacks| ThreadQueue blocked for 4294967295 seconds...
V/PhoneStatusBar(  151): setLightsOn(true)
I/APP     ( 1257): I 02/04/2013 12:50:04:064 000004e9       RhodesActivity| onServiceConnected: {com.rhomobile.macotec/com.rhomobile.rhodes.RhodesService}
I/APP     ( 1257): I 02/04/2013 12:50:04:067 000004e9       RhodesActivity| New start parameters: 
I/APP     ( 1257): I 02/04/2013 12:50:04:094 000004e9            RhodesApp| New start params: 
D/gralloc_goldfish( 1257): Emulator without GPU emulation detected.
I/Process (   87): Sending signal. PID: 1257 SIG: 3
I/dalvikvm( 1257): threadid=3: reacting to signal 3
I/dalvikvm( 1257): Wrote stack traces to '/data/anr/traces.txt'
I/ActivityManager(   87): Displayed com.rhomobile.macotec/com.rhomobile.rhodes.RhodesActivity: +3s445ms
I/APP     ( 1257): I 02/04/2013 12:50:04:818 00000500              RhoRuby| Init_RhoBlobs: /data/data/com.rhomobile.macotec/rhodata/db/db-files
W/NetworkManagementSocketTagger(   87): setKernelCountSet(10009, 0) failed with errno -2
I/APP     ( 1257): I 02/04/2013 12:50:04:900 00000500              RhoRuby| require_compiled: rhoframework
I/APP     ( 1257): I 02/04/2013 12:50:04:945 00000500              RhoRuby| require_compiled: rational
I/APP     ( 1257): I 02/04/2013 12:50:04:962 00000500              RhoRuby| require_compiled: rhom/rhom_db_adapter
I/APP     ( 1257): I 02/04/2013 12:50:05:034 00000500              RhoRuby| require_compiled: rhodes
I/APP     ( 1257): I 02/04/2013 12:50:05:066 00000500              RhoRuby| require_compiled: rhom/rhom_object
I/APP     ( 1257): I 02/04/2013 12:50:05:091 00000500              RhoRuby| require_compiled: rhofsconnector
I/APP     ( 1257): I 02/04/2013 12:50:05:096 00000500              RhoRuby| require_compiled: rho/rhofsconnector
I/APP     ( 1257): I 02/04/2013 12:50:05:139 00000500              RhoRuby| require_compiled: rhom/rhom_object_factory
I/APP     ( 1257): I 02/04/2013 12:50:05:559 00000500              RhoRuby| require_compiled: rhom/rhom
I/APP     ( 1257): I 02/04/2013 12:50:05:621 00000500              RhoRuby| require_compiled: rhom/rhom_model
I/APP     ( 1257): I 02/04/2013 12:50:05:655 00000500              RhoRuby| require_compiled: rhom
I/APP     ( 1257): I 02/04/2013 12:50:05:659 00000500              RhoRuby| require_compiled: rho/rhoapplication
I/APP     ( 1257): I 02/04/2013 12:50:05:708 00000500              RhoRuby| require_compiled: rholang/localization_simplified
I/APP     ( 1257): I 02/04/2013 12:50:05:747 00000500              RhoRuby| require_compiled: rho/rhomsg
I/APP     ( 1257): I 02/04/2013 12:50:05:762 00000500              RhoRuby| require_compiled: rho/rhotabbar
I/APP     ( 1257): I 02/04/2013 12:50:05:781 00000500              RhoRuby| require_compiled: rho/rhotoolbar
I/APP     ( 1257): I 02/04/2013 12:50:05:801 00000500                  APP| Current locale: ; Country code: 
I/APP     ( 1257): I 02/04/2013 12:50:05:805 00000500                  APP| Locilized file: /data/data/com.rhomobile.macotec/rhodata/lib/rholang/lang_
I/APP     ( 1257): I 02/04/2013 12:50:05:828 00000500              RhoRuby| require_compiled: /data/data/com.rhomobile.macotec/rhodata/lib/rholang/lang_en
I/APP     ( 1257): I 02/04/2013 12:50:05:852 00000500                  APP| Locilized file: /data/data/com.rhomobile.macotec/rhodata/apps/app/lang/lang_
I/APP     ( 1257): I 02/04/2013 12:50:05:856 00000500                  APP| Locilized file: /data/data/com.rhomobile.macotec/rhodata/lib/rholang/rhoerror_
I/APP     ( 1257): I 02/04/2013 12:50:05:875 00000500              RhoRuby| require_compiled: /data/data/com.rhomobile.macotec/rhodata/lib/rholang/rhoerror_en
I/APP     ( 1257): I 02/04/2013 12:50:05:896 00000500                  APP| Locilized file: /data/data/com.rhomobile.macotec/rhodata/lib/rholang/rhomsg_
I/APP     ( 1257): I 02/04/2013 12:50:05:899 00000500              RhoRuby| require_compiled: /data/data/com.rhomobile.macotec/rhodata/lib/rholang/rhomsg_en
I/APP     ( 1257): I 02/04/2013 12:50:05:931 00000500              RhoRuby| require_compiled: indifferent_access
I/APP     ( 1257): I 02/04/2013 12:50:05:965 00000500              RhoRuby| require_compiled: rho/rhosupport
I/APP     ( 1257): I 02/04/2013 12:50:06:012 00000500              RhoRuby| require_compiled: rho/rhocontroller
I/APP     ( 1257): I 02/04/2013 12:50:06:059 00000500              RhoRuby| require_compiled: rho/render
I/APP     ( 1257): I 02/04/2013 12:50:06:125 00000500              RhoRuby| require_compiled: rho/rho
I/APP     ( 1257): I 02/04/2013 12:50:07:031 00000500              RhoRuby| require_compiled: rho/rhoerror
I/APP     ( 1257): I 02/04/2013 12:50:07:180 00000500              RhoRuby| require_compiled: rhom/rhom_source
I/APP     ( 1257): I 02/04/2013 12:50:07:447 00000500              RhoRuby| require_compiled: rho/rhoviewhelpers
I/APP     ( 1257): I 02/04/2013 12:50:07:690 00000500              RhoRuby| require_compiled: rho
I/APP     ( 1257): I 02/04/2013 12:50:07:794 00000500                  APP| RHO loaded
I/APP     ( 1257): I 02/04/2013 12:50:07:854 00000500                  APP| Calling RHO.initialize
I/APP     ( 1257): I 02/04/2013 12:50:07:969 00000500                  APP| model file: Product/product
I/APP     ( 1257): I 02/04/2013 12:50:08:064 00000500                  APP| model file: Request/request
I/APP     ( 1257): I 02/04/2013 12:50:08:150 00000500                   DB| Open DB: /data/data/com.rhomobile.macotec/rhodata/db/syncdbuser.sqlite
I/APP     ( 1257): I 02/04/2013 12:50:08:297 00000500          GeoLocation| Creating singleton instance.
I/APP     ( 1257): I 02/04/2013 12:50:08:354 00000500            RhodesApp| Starting sync engine...
I/APP     ( 1257): I 02/04/2013 12:50:08:410 00000500                 Sync| sync_poll_interval: 0
I/APP     ( 1257): I 02/04/2013 12:50:08:443 00000500                 Sync| syncserver: 
I/APP     ( 1257): I 02/04/2013 12:50:08:520 00000500                 Sync| bulksync_state: 0
I/APP     ( 1257): I 02/04/2013 12:50:08:566 00000500            RhodesApp| RhoRubyInitApp...
I/APP     ( 1257): I 02/04/2013 12:50:08:599 00000500                  APP| init_app
I/APP     ( 1257): I 02/04/2013 12:50:08:641 00000500              RhoRuby| require_compiled: application
I/APP     ( 1257): I 02/04/2013 12:50:08:838 00000500                 Sync| Set notification. Source ID: -1;Url :http://localhost:8080/app/Settings/sync_notify; Params: 
I/APP     ( 1257): I 02/04/2013 12:50:08:907 00000500           HttpServer| Start HTTP server
I/APP     ( 1257): I 02/04/2013 12:50:08:970 00000500           HttpServer| Listen for connections on port 8080
I/APP     ( 1257): I 02/04/2013 12:50:09:032 00000500         AppCallbacks| addCommand: LOCAL-SERVER-STARTED
I/APP     ( 1257): I 02/04/2013 12:50:09:060 000004fe         AppCallbacks| process command: LOCAL-SERVER-STARTED
I/APP     ( 1257): I 02/04/2013 12:50:09:097 000004fe RhodesAppActiveObserver| Ready
I/APP     ( 1257): I 02/04/2013 12:50:09:209 000004e9 AndroidFunctionality| Disable WebView zoom
I/APP     ( 1257): I 02/04/2013 12:50:09:243 000004e9 AndroidFunctionality| Set web plugins state 'OFF'
I/APP     ( 1257): I 02/04/2013 12:50:09:348 000004fe    RhodesApplication| New AppState: AppActivated
I/APP     ( 1257): I 02/04/2013 12:50:09:414 000004fe         AppCallbacks| process command: UI-CREATED
I/APP     ( 1257): I 02/04/2013 12:50:09:780 00000500           HttpServer| Process URI: '/system/uicreated'
I/APP     ( 1257): I 02/04/2013 12:50:09:944 00000500                  APP| on_ui_created.navigate to start url: '/app'
I/APP     ( 1257): I 02/04/2013 12:50:10:083 000004e9         SplashScreen| navigate: url=http://localhost:8080/app
I/APP     ( 1257): I 02/04/2013 12:50:10:110 000004e9         SplashScreen| DELAY for SplashScreen = 0
I/APP     ( 1257): I 02/04/2013 12:50:10:331 000004fe         AppCallbacks| process command: APP-ACTIVATED
I/APP     ( 1257): I 02/04/2013 12:50:10:382 000004e9        GoogleWebView| Creating new RhoWebChromeClient
I/APP     ( 1257): I 02/04/2013 12:50:10:498 00000500           HttpServer| Process URI: '/system/activateapp'
I/APP     ( 1257): I 02/04/2013 12:50:10:555 000004e9       SimpleMainView| Cleared URL: http://localhost:8080/app
I/APP     ( 1257): I 02/04/2013 12:50:10:605 000004fe         AppCallbacks| ThreadQueue blocked for 4294967295 seconds...
V/SimpleMainView.View( 1257): ms[1359978610817]  Main Window :: onSizeChanged() old [ 480 x 652 ]  new [ 0 x 0 ]
I/APP     ( 1257): I 02/04/2013 12:50:11:024 000004e9        GoogleWebView| Setting RhoWebChromeClient
I/APP     ( 1257): I 02/04/2013 12:50:11:294 00000500           HttpServer| Process URI: '/app/index_erb.iseq'
I/APP     ( 1257): I 02/04/2013 12:50:11:336 00000500                  APP| RHO serve_index: /app/index_erb.iseq
I/APP     ( 1257): I 02/04/2013 12:50:11:372 00000500 RHO Rho::RhoController| inst_render_index
I/APP     ( 1257): I 02/04/2013 12:50:11:502 00000500 RHO Rho::RhoController| index layout
I/APP     ( 1257): I 02/04/2013 12:50:11:568 00000500           HttpServer| GC Start.
I/APP     ( 1257): I 02/04/2013 12:50:11:610 00000500           HttpServer| GC End.
I/APP     ( 1257): I 02/04/2013 12:50:11:614 00000500           HttpServer| Process URI: '/app/index_erb.iseq'
I/APP     ( 1257): I 02/04/2013 12:50:11:630 00000500                  APP| RHO serve_index: /app/index_erb.iseq
I/APP     ( 1257): I 02/04/2013 12:50:11:635 00000500 RHO Rho::RhoController| inst_render_index
I/APP     ( 1257): I 02/04/2013 12:50:11:678 00000500 RHO Rho::RhoController| index layout
I/APP     ( 1257): I 02/04/2013 12:50:11:855 00000500           HttpServer| GC Start.
I/APP     ( 1257): I 02/04/2013 12:50:11:934 00000500           HttpServer| GC End.
I/APP     ( 1257): I 02/04/2013 12:50:13:147 00000500           HttpServer| Process URI: '/app/Request/request'
I/APP     ( 1257): I 02/04/2013 12:50:13:156 00000500                  APP| RHO serve: /app/Request/request
I/APP     ( 1257): I 02/04/2013 12:50:13:175 00000500              RhoRuby| require_compiled: Request/request_controller
I/APP     ( 1257): I 02/04/2013 12:50:13:199 00000500              RhoRuby| require_compiled: helpers/browser_helper
I/APP     ( 1257): I 02/04/2013 12:50:13:220 00000500                  APP| const_missing: Product
I/APP     ( 1257): I 02/04/2013 12:50:13:222 00000500                  APP| load_model: Product
I/APP     ( 1257): I 02/04/2013 12:50:13:244 00000500              RhoRuby| require_compiled: Product/product
I/APP     ( 1257): I 02/04/2013 12:50:13:272 00000500                  APP| model name: Product
I/APP     ( 1257): I 02/04/2013 12:50:13:274 00000500                  APP| model class found
I/APP     ( 1257): I 02/04/2013 12:50:13:297 00000500                  APP| Product : {"property"=>{}}
I/APP     ( 1257): I 02/04/2013 12:50:13:302 00000500                   DB| Open DB: /data/data/com.rhomobile.macotec/rhodata/db/syncdblocal.sqlite
I/APP     ( 1257): I 02/04/2013 12:50:13:330 00000500                  APP| init_db_sources
I/APP     ( 1257): I 02/04/2013 12:50:13:363 00000500                  APP| start_id: 40004
I/APP     ( 1257): I 02/04/2013 12:50:13:365 00000500                  APP| Migrate schema sources: {}
I/APP     ( 1257): I 02/04/2013 12:50:13:432 00000500           HttpServer| GC Start.
I/APP     ( 1257): I 02/04/2013 12:50:13:458 00000500           HttpServer| GC End.
I/APP     ( 1257): I 02/04/2013 12:50:13:460 00000500           HttpServer| Process URI: '/app'
I/APP     ( 1257): I 02/04/2013 12:50:13:530 000004e9     RhoWebViewClient| Loading URL: http://localhost:8080/app/index_erb.iseq
I/APP     ( 1257): I 02/04/2013 12:50:13:545 00000500           HttpServer| Process URI: '/favicon.ico'
I/APP     ( 1257): E 02/04/2013 12:50:13:561 00000500           HttpServer| The file /favicon.ico was not found
I/APP     ( 1257): I 02/04/2013 12:50:13:602 00000500           HttpServer| Process URI: '/app/index_erb.iseq'
I/APP     ( 1257): I 02/04/2013 12:50:13:608 00000500                  APP| RHO serve_index: /app/index_erb.iseq
I/APP     ( 1257): I 02/04/2013 12:50:13:630 00000500 RHO Rho::RhoController| inst_render_index
I/APP     ( 1257): I 02/04/2013 12:50:13:686 00000500 RHO Rho::RhoController| index layout
I/APP     ( 1257): I 02/04/2013 12:50:13:765 00000500           HttpServer| GC Start.
I/APP     ( 1257): I 02/04/2013 12:50:13:812 00000500           HttpServer| GC End.
I/APP     ( 1257): I 02/04/2013 12:50:13:814 00000500           HttpServer| Process URI: '/favicon.ico'
I/APP     ( 1257): E 02/04/2013 12:50:13:832 00000500           HttpServer| The file /favicon.ico was not found
I/APP     ( 1257): I 02/04/2013 12:50:13:971 00000500           HttpServer| Process URI: '/public/jquery/jquery-1.6.4.min.js'
I/APP     ( 1257): I 02/04/2013 12:50:14:085 00000500           HttpServer| Process URI: '/public/jquery/jquery.json-2.3.min.js'
I/APP     ( 1257): I 02/04/2013 12:50:14:112 00000500           HttpServer| Process URI: '/public/jqmobile/jquery.mobile-1.0.1.min.css'
I/APP     ( 1257): I 02/04/2013 12:50:14:170 00000500           HttpServer| Process URI: '/public/css/jqmobile-patch.css'
I/APP     ( 1257): I 02/04/2013 12:50:14:194 00000500           HttpServer| Process URI: '/public/jqmobile/jquery.mobile-1.0.1.min.js'
I/APP     ( 1257): I 02/04/2013 12:50:14:281 00000500           HttpServer| Process URI: '/public/js/jqmobile-patch.js'
I/APP     ( 1257): I 02/04/2013 12:50:14:312 00000500           HttpServer| Process URI: '/public/css/macotec_style.css'
I/APP     ( 1257): I 02/04/2013 12:50:17:286 00000500           HttpServer| Process URI: '/public/images/macotec/logo.png'
I/APP     ( 1257): I 02/04/2013 12:50:17:903 00000500           HttpServer| Process URI: '/public/images/macotec/request.png'
I/APP     ( 1257): I 02/04/2013 12:50:17:983 00000500           HttpServer| Process URI: '/public/images/macotec/contact.png'
I/APP     ( 1257): I 02/04/2013 12:50:18:006 00000500           HttpServer| Process URI: '/public/images/macotec/products.png'
I/APP     ( 1257): I 02/04/2013 12:50:18:031 00000500           HttpServer| Process URI: '/public/images/macotec/info.png'
I/APP     ( 1257): I 02/04/2013 12:50:22:664 00000500           HttpServer| Process URI: '/app/Request/submit'
I/APP     ( 1257): I 02/04/2013 12:50:22:751 00000500                  APP| RHO serve: /app/Request/submit
I/APP     ( 1257): I 02/04/2013 12:50:22:920 00000500                  APP| Params: {"product"=>"nothing", "rental_begin"=>"", "operation_period"=>"", "amount_product"=>"", "location"=>"", "information"=>"", "company"=>"", "phone"=>"", "email"=>"oliver@gmaill.com"}
I/APP     ( 1257): I 02/04/2013 12:50:23:009 00000500            AsyncHttp| addCommand: POST
I/APP     ( 1257): I 02/04/2013 12:50:23:065 00000508            AsyncHttp| Starting main routine...
I/APP     ( 1257): I 02/04/2013 12:50:23:150 00000508                  Net| POST request (Pull): http://www.datenloft.com/macotec/send_request_test.php
I/APP     ( 1257): I 02/04/2013 12:50:23:285 00000500           HttpServer| GC Start.
I/APP     ( 1257): I 02/04/2013 12:50:23:322 00000500           HttpServer| GC End.
I/APP     ( 1257): I 02/04/2013 12:50:23:356 00000500           HttpServer| Process URI: '/favicon.ico'
I/APP     ( 1257): E 02/04/2013 12:50:23:360 00000500           HttpServer| The file /favicon.ico was not found
I/APP     ( 1257): I 02/04/2013 12:50:23:502 00000500           HttpServer| Process URI: '/app/Request/after_submit'
I/APP     ( 1257): I 02/04/2013 12:50:23:505 00000500                  APP| RHO serve: /app/Request/after_submit
I/APP     ( 1257): I 02/04/2013 12:50:23:558 00000500                  APP| Params: {"rho_callback"=>"1", "status"=>"ok", "http_error"=>"200", "headers"=>{"Content-Type"=>"application/x-www-form-urlencoded", "User-Agent"=>"Mozilla-5.0 (ANDROID; unknown generic; 4.0.4)", "charset"=>"UTF-8", "connection"=>"Keep-Alive", "content-type"=>"text/html; charset=utf-8", "date"=>"Mon, 04 Feb 2013 11:50:23 GMT", "keep-alive"=>"timeout=3, max=100", "server"=>"Apache/2.2.21 (Unix) mod_ssl/2.2.21 OpenSSL/0.9.8r", "transfer-encoding"=>"chunked", "x-powered-by"=>"PHP/5.2.17"}, "__rho_object"=>{"body"=>"0"}, "post"=>"complete"}
I/APP     ( 1257): I 02/04/2013 12:50:23:562 00000500                  APP| ---------------------------- FAILED
I/APP     ( 1257): I 02/04/2013 12:50:23:598 00000500                  APP| ########################## {"rho_callback"=>"1", "status"=>"ok", "http_error"=>"200", "headers"=>{"Content-Type"=>"application/x-www-form-urlencoded", "User-Agent"=>"Mozilla-5.0 (ANDROID; unknown generic; 4.0.4)", "charset"=>"UTF-8", "connection"=>"Keep-Alive", "content-type"=>"text/html; charset=utf-8", "date"=>"Mon, 04 Feb 2013 11:50:23 GMT", "keep-alive"=>"timeout=3, max=100", "server"=>"Apache/2.2.21 (Unix) mod_ssl/2.2.21 OpenSSL/0.9.8r", "transfer-encoding"=>"chunked", "x-powered-by"=>"PHP/5.2.17"}, "post"=>"complete", "body"=>"FAILED"}
I/APP     ( 1257): I 02/04/2013 12:50:23:608 00000508            AsyncHttp| ThreadQueue blocked for 4294967295 seconds...
I/APP     ( 1257): I 02/04/2013 12:50:23:622 00000500           HttpServer| GC Start.
I/APP     ( 1257): I 02/04/2013 12:50:23:669 00000500           HttpServer| GC End.
D/dalvikvm(  198): GC_CONCURRENT freed 383K, 6% free 9533K/10119K, paused 6ms+4ms
F/BatteryStatsImpl(   87): problem reading network stats
F/BatteryStatsImpl(   87): java.lang.IllegalStateException: problem parsing idx 1
F/BatteryStatsImpl(   87): 	at com.android.internal.net.NetworkStatsFactory.readNetworkStatsDetail(NetworkStatsFactory.java:300)
F/BatteryStatsImpl(   87): 	at com.android.internal.net.NetworkStatsFactory.readNetworkStatsDetail(NetworkStatsFactory.java:250)
F/BatteryStatsImpl(   87): 	at com.android.internal.os.BatteryStatsImpl.getNetworkStatsDetailGroupedByUid(BatteryStatsImpl.java:5734)
F/BatteryStatsImpl(   87): 	at com.android.internal.os.BatteryStatsImpl.access$100(BatteryStatsImpl.java:76)
F/BatteryStatsImpl(   87): 	at com.android.internal.os.BatteryStatsImpl$Uid.computeCurrentTcpBytesReceived(BatteryStatsImpl.java:2457)
F/BatteryStatsImpl(   87): 	at com.android.internal.os.BatteryStatsImpl$Uid.getTcpBytesReceived(BatteryStatsImpl.java:2446)
F/BatteryStatsImpl(   87): 	at com.android.internal.os.BatteryStatsImpl.writeSummaryToParcel(BatteryStatsImpl.java:5437)
F/BatteryStatsImpl(   87): 	at com.android.internal.os.BatteryStatsImpl.writeLocked(BatteryStatsImpl.java:4836)
F/BatteryStatsImpl(   87): 	at com.android.internal.os.BatteryStatsImpl.writeAsyncLocked(BatteryStatsImpl.java:4818)
F/BatteryStatsImpl(   87): 	at com.android.server.am.ActivityManagerService.updateCpuStatsNow(ActivityManagerService.java:1652)
F/BatteryStatsImpl(   87): 	at com.android.server.am.ActivityManagerService$3.run(ActivityManagerService.java:1534)
F/BatteryStatsImpl(   87): Caused by: java.io.FileNotFoundException: /proc/net/xt_qtaguid/stats: open failed: ENOENT (No such file or directory)
F/BatteryStatsImpl(   87): 	at libcore.io.IoBridge.open(IoBridge.java:406)
F/BatteryStatsImpl(   87): 	at java.io.FileInputStream.<init>(FileInputStream.java:78)
F/BatteryStatsImpl(   87): 	at com.android.internal.net.NetworkStatsFactory.readNetworkStatsDetail(NetworkStatsFactory.java:269)
F/BatteryStatsImpl(   87): 	... 10 more
F/BatteryStatsImpl(   87): Caused by: libcore.io.ErrnoException: open failed: ENOENT (No such file or directory)
F/BatteryStatsImpl(   87): 	at libcore.io.Posix.open(Native Method)
F/BatteryStatsImpl(   87): 	at libcore.io.BlockGuardOs.open(BlockGuardOs.java:110)
F/BatteryStatsImpl(   87): 	at libcore.io.IoBridge.open(IoBridge.java:390)
F/BatteryStatsImpl(   87): 	... 12 more
D/dalvikvm(   87): GC_CONCURRENT freed 464K, 14% free 11270K/12999K, paused 5ms+8ms
W/ThrottleService(   87): unable to find stats for iface rmnet0
I/APP     ( 1257): I 02/04/2013 12:59:03:465 00000500           HttpServer| Process URI: '/app/Request/submit'
I/APP     ( 1257): I 02/04/2013 12:59:03:589 00000500                  APP| RHO serve: /app/Request/submit
I/APP     ( 1257): I 02/04/2013 12:59:03:775 00000500            AsyncHttp| addCommand: POST
I/APP     ( 1257): I 02/04/2013 12:59:03:838 00000508                  Net| POST request (Pull): http://www.datenloft.com/macotec/send_request_test.php
I/APP     ( 1257): I 02/04/2013 12:59:04:155 00000500 RHO RequestController| Layout file: /data/data/com.rhomobile.macotec/rhodata/apps/app/custom_layout_erb.iseq. Content size: 1242
I/APP     ( 1257): I 02/04/2013 12:59:04:260 00000500           HttpServer| GC Start.
I/APP     ( 1257): I 02/04/2013 12:59:04:345 00000500           HttpServer| GC End.
I/APP     ( 1257): I 02/04/2013 12:59:04:368 00000500           HttpServer| Process URI: '/favicon.ico'
I/APP     ( 1257): E 02/04/2013 12:59:04:372 00000500           HttpServer| The file /favicon.ico was not found
D/AndroidRuntime( 1296): 
D/AndroidRuntime( 1296): >>>>>> AndroidRuntime START com.android.internal.os.RuntimeInit <<<<<<
D/AndroidRuntime( 1296): CheckJNI is ON
D/AndroidRuntime( 1296): Calling main entry com.android.commands.pm.Pm
W/ActivityManager(   87): No content provider found for permission revoke: file:///data/local/tmp/macotec-debug.apk
W/ActivityManager(   87): No content provider found for permission revoke: file:///data/local/tmp/macotec-debug.apk
D/dalvikvm(   87): GC_CONCURRENT freed 311K, 12% free 11466K/12999K, paused 17ms+18ms
D/dalvikvm(   87): GC_CONCURRENT freed 356K, 11% free 11625K/12999K, paused 6ms+23ms
D/dalvikvm(   87): GC_CONCURRENT freed 530K, 11% free 11639K/12999K, paused 27ms+31ms
D/dalvikvm(   87): GC_CONCURRENT freed 544K, 11% free 11642K/12999K, paused 26ms+30ms
D/dalvikvm(   87): GC_CONCURRENT freed 544K, 11% free 11648K/12999K, paused 22ms+31ms
D/dalvikvm(   87): GC_CONCURRENT freed 577K, 11% free 11651K/12999K, paused 18ms+8ms
I/PackageManager(   87): Removing non-system package:com.rhomobile.macotec
I/ActivityManager(   87): Force stopping package com.rhomobile.macotec uid=10040
I/ActivityManager(   87): Killing proc 1257:com.rhomobile.macotec/10040: force stop
W/ActivityManager(   87): Force removing ActivityRecord{41539e28 com.rhomobile.macotec/com.rhomobile.rhodes.RhodesActivity}: app died, no saved state
W/NetworkManagementSocketTagger(   87): setKernelCountSet(10040, 0) failed with errno -2
W/NetworkManagementSocketTagger(   87): setKernelCountSet(10009, 1) failed with errno -2
W/InputDispatcher(   87): channel '4154e830 com.rhomobile.macotec/com.rhomobile.rhodes.RhodesActivity (server)' ~ Consumer closed input channel or an error occurred.  events=0x8
E/InputDispatcher(   87): channel '4154e830 com.rhomobile.macotec/com.rhomobile.rhodes.RhodesActivity (server)' ~ Channel is unrecoverably broken and will be disposed!
I/WindowManager(   87): WINDOW DIED Window{4154e830 com.rhomobile.macotec/com.rhomobile.rhodes.RhodesActivity paused=false}
W/InputDispatcher(   87): Attempted to unregister already unregistered input channel '4154e830 com.rhomobile.macotec/com.rhomobile.rhodes.RhodesActivity (server)'
W/WindowManager(   87): Failed looking up window
W/WindowManager(   87): java.lang.IllegalArgumentException: Requested window android.os.BinderProxy@414a93c8 does not exist
W/WindowManager(   87): 	at com.android.server.wm.WindowManagerService.windowForClientLocked(WindowManagerService.java:7163)
W/WindowManager(   87): 	at com.android.server.wm.WindowManagerService.windowForClientLocked(WindowManagerService.java:7154)
W/WindowManager(   87): 	at com.android.server.wm.WindowState$DeathRecipient.binderDied(WindowState.java:1545)
W/WindowManager(   87): 	at android.os.BinderProxy.sendDeathNotice(Binder.java:417)
W/WindowManager(   87): 	at dalvik.system.NativeStart.run(Native Method)
I/WindowManager(   87): WIN DEATH: null
I/PackageManager(   87): Package com.rhomobile.macotec codePath changed from /data/app/com.rhomobile.macotec-2.apk to /data/app/com.rhomobile.macotec-1.apk; Retaining data and using new
I/PackageManager(   87): Running dexopt on: com.rhomobile.macotec
D/dalvikvm( 1307): DexOpt: load 86ms, verify+opt 500ms
W/PackageManager(   87): Code path for pkg : com.rhomobile.macotec changing from /data/app/com.rhomobile.macotec-2.apk to /data/app/com.rhomobile.macotec-1.apk
W/PackageManager(   87): Resource path for pkg : com.rhomobile.macotec changing from /data/app/com.rhomobile.macotec-2.apk to /data/app/com.rhomobile.macotec-1.apk
I/ActivityManager(   87): Force stopping package com.rhomobile.macotec uid=10040
D/dalvikvm(   87): GC_CONCURRENT freed 521K, 11% free 11667K/12999K, paused 7ms+12ms
D/PackageManager(   87): New package installed in /data/app/com.rhomobile.macotec-1.apk
I/ActivityManager(   87): Force stopping package com.rhomobile.macotec uid=10040
D/dalvikvm(  210): GC_EXPLICIT freed 280K, 6% free 11328K/12039K, paused 10ms+6ms
D/dalvikvm(  240): GC_EXPLICIT freed 149K, 4% free 9388K/9735K, paused 5ms+4ms
D/dalvikvm(   87): GC_EXPLICIT freed 637K, 14% free 11253K/12999K, paused 5ms+9ms
D/PackageManager(   87): generateServicesMap(android.accounts.AccountAuthenticator): 2 services unchanged
D/PackageManager(   87): generateServicesMap(android.content.SyncAdapter): 4 services unchanged
D/BackupManagerService(   87): Received broadcast Intent { act=android.intent.action.PACKAGE_REMOVED dat=package:com.rhomobile.macotec flg=0x10000010 (has extras) }
I/AccountTypeManager(  334): Loaded meta-data for 1 account types, 0 accounts in 217ms(wall) 7ms(cpu)
D/PackageManager(   87): generateServicesMap(android.accounts.AccountAuthenticator): 2 services unchanged
D/PackageManager(   87): generateServicesMap(android.content.SyncAdapter): 4 services unchanged
D/BackupManagerService(   87): Received broadcast Intent { act=android.intent.action.PACKAGE_ADDED dat=package:com.rhomobile.macotec flg=0x10000010 (has extras) }
V/BackupManagerService(   87): updatePackageParticipantsLocked: #1
W/RecognitionManagerService(   87): no available voice recognition services found
I/AccountTypeManager(  334): Loaded meta-data for 1 account types, 0 accounts in 280ms(wall) 5ms(cpu)
D/dalvikvm(   87): GC_CONCURRENT freed 415K, 14% free 11273K/12999K, paused 11ms+23ms
D/BackupManagerService(   87): Received broadcast Intent { act=android.intent.action.PACKAGE_REPLACED dat=package:com.rhomobile.macotec flg=0x10000010 (has extras) }
V/BackupManagerService(   87): updatePackageParticipantsLocked: #1
D/dalvikvm(   87): GC_EXPLICIT freed 244K, 14% free 11229K/12999K, paused 5ms+22ms
D/AndroidRuntime( 1296): Shutting down VM
D/dalvikvm( 1296): GC_CONCURRENT freed 97K, 79% free 450K/2048K, paused 1ms+1ms
I/AndroidRuntime( 1296): NOTE: attach of thread 'Binder Thread #3' failed
D/AndroidRuntime( 1315): 
D/AndroidRuntime( 1315): >>>>>> AndroidRuntime START com.android.internal.os.RuntimeInit <<<<<<
D/AndroidRuntime( 1315): CheckJNI is ON
D/AndroidRuntime( 1315): Calling main entry com.android.commands.am.Am
I/ActivityManager(   87): START {act=android.intent.action.MAIN flg=0x10000000 cmp=com.rhomobile.macotec/com.rhomobile.rhodes.RhodesActivity} from pid 1315
W/WindowManager(   87): Failure taking screenshot for (180x273) to layer 21005
D/AndroidRuntime( 1315): Shutting down VM
D/dalvikvm( 1315): GC_CONCURRENT freed 97K, 77% free 480K/2048K, paused 0ms+1ms
I/AndroidRuntime( 1315): NOTE: attach of thread 'Binder Thread #3' failed
I/ActivityManager(   87): Start proc com.rhomobile.macotec for activity com.rhomobile.macotec/com.rhomobile.rhodes.RhodesActivity: pid=1327 uid=10040 gids={3003}
I/dalvikvm( 1327): Turning on JNI app bug workarounds for target SDK version 4...
D/dalvikvm(   37): GC_EXPLICIT freed 36K, 4% free 9032K/9347K, paused 3ms+3ms
W/NetworkManagementSocketTagger(   87): setKernelCountSet(10040, 1) failed with errno -2
D/dalvikvm(   37): GC_EXPLICIT freed <1K, 4% free 9032K/9347K, paused 3ms+88ms
I/Process (   87): Sending signal. PID: 1327 SIG: 3
I/dalvikvm( 1327): threadid=3: reacting to signal 3
I/dalvikvm( 1327): Wrote stack traces to '/data/anr/traces.txt'
D/dalvikvm( 1327): Trying to load lib /data/data/com.rhomobile.macotec/lib/librhodes.so 0x412a6518
D/dalvikvm( 1327): Added shared lib /data/data/com.rhomobile.macotec/lib/librhodes.so 0x412a6518
D/dalvikvm( 1327): Trying to load lib /data/data/com.rhomobile.macotec/lib/librhodes.so 0x412a6518
D/dalvikvm(   37): GC_EXPLICIT freed <1K, 4% free 9032K/9347K, paused 3ms+4ms
D/dalvikvm( 1327): Shared lib '/data/data/com.rhomobile.macotec/lib/librhodes.so' already loaded in same CL 0x412a6518
I/ActivityThread( 1327): Pub com.rhomobile.macotec: com.rhomobile.rhodes.LocalFileProvider
I/RhodesApplication( 1327): Initializing...
D/RhoFileApi( 1327): App root path: /data/data/com.rhomobile.macotec/rhodata/
D/RhoFileApi( 1327): Sqlite journals path: /data/data/com.rhomobile.macotec/sqlite_stmt_journals/
D/RhoFileApi( 1327): Shared path: /data/data/com.rhomobile.macotec/rhodata/
D/RhodesApplication( 1327): Root path: /data/data/com.rhomobile.macotec/rhodata/
I/RhodesApplication( 1327): Application hash was changed
D/RhoFileApi( 1327): Copy hash to FS
I/Process (   87): Sending signal. PID: 1327 SIG: 3
I/dalvikvm( 1327): threadid=3: reacting to signal 3
I/dalvikvm( 1327): Wrote stack traces to '/data/anr/traces.txt'
D/RhoFileApi( 1327): File hash copied
D/RhoFileApi( 1327): Copy rho.dat to FS
D/RhoFileApi( 1327): File rho.dat copied
D/RhoFileApi( 1327): Copy apps/rhoconfig.txt to FS
D/RhoFileApi( 1327): File apps/rhoconfig.txt copied
I/RhoFileApi( 1327): Opening stat table from FS: /data/data/com.rhomobile.macotec/rhodata/rho.dat
D/RhoFileApi( 1327): Copy apps/rhoconfig.txt to FS
D/RhoFileApi( 1327): File apps/rhoconfig.txt copied
D/RhoFileApi( 1327): App root path: /data/data/com.rhomobile.macotec/rhodata/
D/RhoFileApi( 1327): Sqlite journals path: /data/data/com.rhomobile.macotec/sqlite_stmt_journals/
D/RhoFileApi( 1327): Shared path: /data/data/com.rhomobile.macotec/rhodata/
I/APP     ( 1327): I 02/04/2013 12:59:23:598 0000052f    RhodesApplication| Initialized
I/APP     ( 1327): I 02/04/2013 12:59:23:650 0000052f         BaseActivity| New screen properties - width: 480, height: 728, orientation: 1
I/APP     ( 1327): I 02/04/2013 12:59:23:759 0000052f         SplashScreen| Looking for start page source
I/Process (   87): Sending signal. PID: 1327 SIG: 3
I/dalvikvm( 1327): threadid=3: reacting to signal 3
I/dalvikvm( 1327): Wrote stack traces to '/data/anr/traces.txt'
D/dalvikvm( 1327): GC_CONCURRENT freed 304K, 5% free 9213K/9607K, paused 6ms+5ms
D/dalvikvm( 1327): GC_FOR_ALLOC freed 7K, 5% free 9222K/9607K, paused 55ms
I/dalvikvm-heap( 1327): Grow heap (frag case) to 12.141MB for 3217300-byte allocation
D/dalvikvm( 1327): GC_FOR_ALLOC freed 1K, 4% free 12362K/12807K, paused 40ms
I/Process (   87): Sending signal. PID: 1327 SIG: 3
I/dalvikvm( 1327): threadid=3: reacting to signal 3
D/dalvikvm( 1327): GC_CONCURRENT freed 2K, 4% free 12366K/12807K, paused 5ms+9ms
I/dalvikvm( 1327): Wrote stack traces to '/data/anr/traces.txt'
I/APP     ( 1327): I 02/04/2013 12:59:24:591 0000052f         SplashScreen| Done
I/APP     ( 1327): I 02/04/2013 12:59:24:594 0000052f    RhodesApplication| New UiState: MainActivityCreated
I/APP     ( 1327): I 02/04/2013 12:59:24:609 0000052f       RhodesActivity| onStart
I/APP     ( 1327): I 02/04/2013 12:59:24:615 0000052f    RhodesApplication| New UiState: MainActivityStarted
I/APP     ( 1327): I 02/04/2013 12:59:24:627 0000052f       RhodesActivity| onResume
I/APP     ( 1327): I 02/04/2013 12:59:24:647 0000052f AndroidFunctionality| Resume WebView
I/APP     ( 1327): I 02/04/2013 12:59:24:682 0000052f        RhodesService| onCreate
I/APP     ( 1327): I 02/04/2013 12:59:24:684 0000052f    LocalFileProvider| Revoke URI permissions: content:///com.rhomobile.macotec
W/ActivityManager(   87): No content provider found for permission revoke: content:///com.rhomobile.macotec
I/APP     ( 1327): I 02/04/2013 12:59:24:711 0000052f               Rhodes| Loading...
I/APP     ( 1327): I 02/04/2013 12:59:24:734 0000052f            RhodesApp| Trying to get free listening port.
I/APP     ( 1327): I 02/04/2013 12:59:24:736 0000052f            RhodesApp| Trying to bind of 8080 port...
I/APP     ( 1327): I 02/04/2013 12:59:24:748 0000052f            RhodesApp| Bind of 8080 port is failed with code: -1
I/APP     ( 1327): I 02/04/2013 12:59:24:750 0000052f            RhodesApp| Trying to bind on dynamic port...
I/APP     ( 1327): I 02/04/2013 12:59:24:762 0000052f            RhodesApp| Got port to bind on: 57116
I/APP     ( 1327): I 02/04/2013 12:59:24:764 0000052f            RhodesApp| Free listening port: 57116
I/APP     ( 1327): I 02/04/2013 12:59:24:779 00000543         AppCallbacks| Starting main routine...
I/APP     ( 1327): I 02/04/2013 12:59:24:780 00000543         AppCallbacks| ThreadQueue blocked for 4294967295 seconds...
I/APP     ( 1327): I 02/04/2013 12:59:24:839 0000052f        RhodesService| Push is disabled
I/APP     ( 1327): I 02/04/2013 12:59:24:841 0000052f            RhodesApp| callAppActiveCallback
I/Process (   87): Sending signal. PID: 1327 SIG: 3
I/dalvikvm( 1327): threadid=3: reacting to signal 3
I/APP     ( 1327): I 02/04/2013 12:59:24:897 0000052f         AppCallbacks| addCommand: APP-ACTIVATED
I/APP     ( 1327): I 02/04/2013 12:59:24:903 00000543         AppCallbacks| Received command APP-ACTIVATED which is greater than expected (LOCAL-SERVER-STARTED) - postpone it
I/APP     ( 1327): I 02/04/2013 12:59:24:904 00000543         AppCallbacks| ThreadQueue blocked for 4294967295 seconds...
I/APP     ( 1327): I 02/04/2013 12:59:24:927 0000052f         AppActivated| Cannot commit now, application will be activated when started.
I/APP     ( 1327): I 02/04/2013 12:59:24:930 0000052f    RhodesApplication| New AppState: Undefined
D/RhodesService( 1327): +++ onStartCommand
I/RhodesService( 1327): handleCommand: startId=1, source=com.rhomobile.rhodes.BaseActivity
I/APP     ( 1327): I 02/04/2013 12:59:24:935 00000545            RhodesApp| Starting RhodesApp main routine...
I/dalvikvm( 1327): Wrote stack traces to '/data/anr/traces.txt'
D/RhodesService( 1327): New activity was created
I/APP     ( 1327): I 02/04/2013 12:59:24:993 0000052f        RhodesService| onBind
I/APP     ( 1327): I 02/04/2013 12:59:25:021 0000052f         AppCallbacks| addCommand: UI-CREATED
I/APP     ( 1327): I 02/04/2013 12:59:25:039 00000543         AppCallbacks| Received command UI-CREATED which is greater than expected (LOCAL-SERVER-STARTED) - postpone it
I/APP     ( 1327): I 02/04/2013 12:59:25:040 00000543         AppCallbacks| ThreadQueue blocked for 4294967295 seconds...
V/PhoneStatusBar(  151): setLightsOn(true)
I/APP     ( 1327): I 02/04/2013 12:59:25:190 0000052f       RhodesActivity| onServiceConnected: {com.rhomobile.macotec/com.rhomobile.rhodes.RhodesService}
I/APP     ( 1327): I 02/04/2013 12:59:25:192 0000052f       RhodesActivity| New start parameters: 
I/APP     ( 1327): I 02/04/2013 12:59:25:224 0000052f            RhodesApp| New start params: 
D/gralloc_goldfish( 1327): Emulator without GPU emulation detected.
I/Process (   87): Sending signal. PID: 1327 SIG: 3
I/dalvikvm( 1327): threadid=3: reacting to signal 3
I/dalvikvm( 1327): Wrote stack traces to '/data/anr/traces.txt'
I/ActivityManager(   87): Displayed com.rhomobile.macotec/com.rhomobile.rhodes.RhodesActivity: +3s612ms
I/APP     ( 1327): I 02/04/2013 12:59:25:950 00000545              RhoRuby| Init_RhoBlobs: /data/data/com.rhomobile.macotec/rhodata/db/db-files
W/NetworkManagementSocketTagger(   87): setKernelCountSet(10009, 0) failed with errno -2
I/APP     ( 1327): I 02/04/2013 12:59:26:014 00000545              RhoRuby| require_compiled: rhoframework
I/APP     ( 1327): I 02/04/2013 12:59:26:063 00000545              RhoRuby| require_compiled: rational
I/APP     ( 1327): I 02/04/2013 12:59:26:080 00000545              RhoRuby| require_compiled: rhom/rhom_db_adapter
I/APP     ( 1327): I 02/04/2013 12:59:26:135 00000545              RhoRuby| require_compiled: rhodes
I/APP     ( 1327): I 02/04/2013 12:59:26:154 00000545              RhoRuby| require_compiled: rhom/rhom_object
I/APP     ( 1327): I 02/04/2013 12:59:26:177 00000545              RhoRuby| require_compiled: rhofsconnector
I/APP     ( 1327): I 02/04/2013 12:59:26:191 00000545              RhoRuby| require_compiled: rho/rhofsconnector
I/APP     ( 1327): I 02/04/2013 12:59:26:222 00000545              RhoRuby| require_compiled: rhom/rhom_object_factory
I/APP     ( 1327): I 02/04/2013 12:59:26:564 00000545              RhoRuby| require_compiled: rhom/rhom
I/APP     ( 1327): I 02/04/2013 12:59:26:622 00000545              RhoRuby| require_compiled: rhom/rhom_model
I/APP     ( 1327): I 02/04/2013 12:59:26:700 00000545              RhoRuby| require_compiled: rhom
I/APP     ( 1327): I 02/04/2013 12:59:26:704 00000545              RhoRuby| require_compiled: rho/rhoapplication
I/APP     ( 1327): I 02/04/2013 12:59:26:783 00000545              RhoRuby| require_compiled: rholang/localization_simplified
I/APP     ( 1327): I 02/04/2013 12:59:26:819 00000545              RhoRuby| require_compiled: rho/rhomsg
I/APP     ( 1327): I 02/04/2013 12:59:26:838 00000545              RhoRuby| require_compiled: rho/rhotabbar
I/APP     ( 1327): I 02/04/2013 12:59:26:862 00000545              RhoRuby| require_compiled: rho/rhotoolbar
I/APP     ( 1327): I 02/04/2013 12:59:26:879 00000545                  APP| Current locale: ; Country code: 
I/APP     ( 1327): I 02/04/2013 12:59:26:895 00000545                  APP| Locilized file: /data/data/com.rhomobile.macotec/rhodata/lib/rholang/lang_
I/APP     ( 1327): I 02/04/2013 12:59:26:900 00000545              RhoRuby| require_compiled: /data/data/com.rhomobile.macotec/rhodata/lib/rholang/lang_en
I/APP     ( 1327): I 02/04/2013 12:59:26:940 00000545                  APP| Locilized file: /data/data/com.rhomobile.macotec/rhodata/apps/app/lang/lang_
I/APP     ( 1327): I 02/04/2013 12:59:26:944 00000545                  APP| Locilized file: /data/data/com.rhomobile.macotec/rhodata/lib/rholang/rhoerror_
I/APP     ( 1327): I 02/04/2013 12:59:26:968 00000545              RhoRuby| require_compiled: /data/data/com.rhomobile.macotec/rhodata/lib/rholang/rhoerror_en
I/APP     ( 1327): I 02/04/2013 12:59:27:012 00000545                  APP| Locilized file: /data/data/com.rhomobile.macotec/rhodata/lib/rholang/rhomsg_
I/APP     ( 1327): I 02/04/2013 12:59:27:028 00000545              RhoRuby| require_compiled: /data/data/com.rhomobile.macotec/rhodata/lib/rholang/rhomsg_en
I/APP     ( 1327): I 02/04/2013 12:59:27:049 00000545              RhoRuby| require_compiled: indifferent_access
I/APP     ( 1327): I 02/04/2013 12:59:27:082 00000545              RhoRuby| require_compiled: rho/rhosupport
I/APP     ( 1327): I 02/04/2013 12:59:27:126 00000545              RhoRuby| require_compiled: rho/rhocontroller
I/APP     ( 1327): I 02/04/2013 12:59:27:160 00000545              RhoRuby| require_compiled: rho/render
I/APP     ( 1327): I 02/04/2013 12:59:27:215 00000545              RhoRuby| require_compiled: rho/rho
I/APP     ( 1327): I 02/04/2013 12:59:27:369 00000545              RhoRuby| require_compiled: rho/rhoerror
I/APP     ( 1327): I 02/04/2013 12:59:27:388 00000545              RhoRuby| require_compiled: rhom/rhom_source
I/APP     ( 1327): I 02/04/2013 12:59:27:428 00000545              RhoRuby| require_compiled: rho/rhoviewhelpers
I/APP     ( 1327): I 02/04/2013 12:59:27:456 00000545              RhoRuby| require_compiled: rho
I/APP     ( 1327): I 02/04/2013 12:59:27:460 00000545                  APP| RHO loaded
I/APP     ( 1327): I 02/04/2013 12:59:27:485 00000545                  APP| Calling RHO.initialize
I/APP     ( 1327): I 02/04/2013 12:59:27:489 00000545                  APP| model file: Product/product
I/APP     ( 1327): I 02/04/2013 12:59:27:515 00000545                  APP| model file: Request/request
I/APP     ( 1327): I 02/04/2013 12:59:27:518 00000545                   DB| Open DB: /data/data/com.rhomobile.macotec/rhodata/db/syncdbuser.sqlite
I/APP     ( 1327): I 02/04/2013 12:59:27:553 00000545          GeoLocation| Creating singleton instance.
