I/SqliteDatabaseCpp(  524): sqlite returned: error code = 1, msg = duplicate column name: messageCount, db=/data/data/com.android.email/databases/EmailProvider.db
W/EmailProvider(  524): Exception upgrading EmailProvider.db from 12 to 13 android.database.sqlite.SQLiteException: duplicate column name: messageCount: , while compiling: alter table Mailbox add column messageCount integer not null default 0;
I/SqliteDatabaseCpp(  524): sqlite returned: error code = 1, msg = duplicate column name: snippet, db=/data/data/com.android.email/databases/EmailProvider.db
W/EmailProvider(  524): Exception upgrading EmailProvider.db from 13 to 14 android.database.sqlite.SQLiteException: duplicate column name: snippet: , while compiling: alter table Message add column snippet text;
I/SqliteDatabaseCpp(  524): sqlite returned: error code = 1, msg = duplicate column name: snippet, db=/data/data/com.android.email/databases/EmailProvider.db
W/EmailProvider(  524): Exception upgrading EmailProvider.db from 14 to 15 android.database.sqlite.SQLiteException: duplicate column name: snippet: , while compiling: alter table Message_Deletes add column snippet text;
I/SqliteDatabaseCpp(  524): sqlite returned: error code = 1, msg = duplicate column name: accountKey, db=/data/data/com.android.email/databases/EmailProvider.db
W/EmailProvider(  524): Exception upgrading EmailProvider.db from 15 to 16 android.database.sqlite.SQLiteException: duplicate column name: accountKey: , while compiling: alter table Attachment add column accountKey integer;
I/SqliteDatabaseCpp(  524): sqlite returned: error code = 1, msg = duplicate column name: parentKey, db=/data/data/com.android.email/databases/EmailProvider.db
W/EmailProvider(  524): Exception upgrading EmailProvider.db from 16 to 17 android.database.sqlite.SQLiteException: duplicate column name: parentKey: , while compiling: alter table Mailbox add column parentKey integer;
I/SqliteDatabaseCpp(  524): sqlite returned: error code = 1, msg = duplicate column name: policyKey, db=/data/data/com.android.email/databases/EmailProvider.db
I/MediaProvider(  491): Upgrading media database from version 93 to 408, which will destroy all old data
W/EmailProvider(  524): Exception upgrading EmailProvider.db from 18 to 19 android.database.sqlite.SQLiteException: duplicate column name: policyKey: , while compiling: alter table Account add column policyKey integer;
I/SqliteDatabaseCpp(  524): sqlite returned: error code = 1, msg = duplicate column name: requireManualSyncRoaming, db=/data/data/com.android.email/databases/EmailProvider.db
W/EmailProvider(  524): Exception upgrading EmailProvider.db from 19 to 20 android.database.sqlite.SQLiteException: duplicate column name: requireManualSyncRoaming: , while compiling: alter table Policy add column requireManualSyncRoaming integer;
I/SqliteDatabaseCpp(  524): sqlite returned: error code = 1, msg = duplicate column name: lastSeenMessageKey, db=/data/data/com.android.email/databases/EmailProvider.db
W/EmailProvider(  524): Exception upgrading EmailProvider.db from 20 to 21 android.database.sqlite.SQLiteException: duplicate column name: lastSeenMessageKey: , while compiling: alter table Mailbox add column lastSeenMessageKey integer;
I/SqliteDatabaseCpp(  524): sqlite returned: error code = 1, msg = duplicate column name: lastTouchedTime, db=/data/data/com.android.email/databases/EmailProvider.db
W/EmailProvider(  524): Exception upgrading EmailProvider.db from 22 to 23 android.database.sqlite.SQLiteException: duplicate column name: lastTouchedTime: , while compiling: alter table Mailbox add column lastTouchedTime integer default 0;
I/SqliteDatabaseCpp(  524): sqlite returned: error code = 1, msg = duplicate column name: certAlias, db=/data/data/com.android.email/databases/EmailProvider.db
W/EmailProvider(  524): Exception upgrading EmailProvider.db from 23 to 24 android.database.sqlite.SQLiteException: duplicate column name: certAlias: , while compiling: alter table HostAuth add column certAlias text;
I/SqliteDatabaseCpp(  524): sqlite returned: error code = 1, msg = table QuickResponse already exists, db=/data/data/com.android.email/databases/EmailProvider.db
W/EmailProvider(  524): Exception upgrading EmailProvider.db from 24 to 25 android.database.sqlite.SQLiteException: table QuickResponse already exists: , while compiling: create table QuickResponse (_id integer primary key autoincrement, quickResponse text, accountKey integer);
I/SqliteDatabaseCpp(  524): sqlite returned: error code = 1, msg = duplicate column name: protocolSearchInfo, db=/data/data/com.android.email/databases/EmailProvider.db
W/EmailProvider(  524): Exception upgrading EmailProvider.db from 26 to 27 android.database.sqlite.SQLiteException: duplicate column name: protocolSearchInfo: , while compiling: alter table Message add column protocolSearchInfo text;
I/SqliteDatabaseCpp(  524): sqlite returned: error code = 1, msg = duplicate column name: notifiedMessageId, db=/data/data/com.android.email/databases/EmailProvider.db
W/EmailProvider(  524): Exception upgrading EmailProvider.db from 27 to 27 android.database.sqlite.SQLiteException: duplicate column name: notifiedMessageId: , while compiling: alter table Account add column notifiedMessageId integer;
D/dalvikvm(  154): GC_EXPLICIT freed 87K, 10% free 11335K/12487K, paused 20ms+41ms
D/dalvikvm(  154): GC_FOR_ALLOC freed 1K, 10% free 11333K/12487K, paused 157ms
I/dalvikvm-heap(  154): Grow heap (frag case) to 11.220MB for 55996-byte allocation
D/dalvikvm(  154): GC_FOR_ALLOC freed 42K, 10% free 11346K/12551K, paused 70ms
D/AndroidRuntime(  458): Shutting down VM
D/dalvikvm(  458): GC_CONCURRENT freed 97K, 79% free 450K/2048K, paused 0ms+1ms
I/AndroidRuntime(  458): NOTE: attach of thread 'Binder Thread #3' failed
V/AlarmClock(  392): AlarmInitReceiver finished
I/ActivityManager(  154): Start proc com.android.music for broadcast com.android.music/.MediaAppWidgetProvider: pid=587 uid=10005 gids={3003, 1015}
I/dalvikvm(  587): Turning on JNI app bug workarounds for target SDK version 9...
I/ActivityManager(  154): Start proc com.android.protips for broadcast com.android.protips/.ProtipWidget: pid=602 uid=10000 gids={}
D/dalvikvm(  154): GC_FOR_ALLOC freed 37K, 10% free 11360K/12551K, paused 932ms
I/dalvikvm-heap(  154): Grow heap (frag case) to 11.232MB for 41154-byte allocation
D/dalvikvm(  154): GC_FOR_ALLOC freed 5K, 10% free 11395K/12615K, paused 582ms
D/AndroidRuntime(  618): 
D/AndroidRuntime(  618): >>>>>> AndroidRuntime START com.android.internal.os.RuntimeInit <<<<<<
D/AndroidRuntime(  618): CheckJNI is ON
I/ActivityManager(  154): Start proc com.android.quicksearchbox for broadcast com.android.quicksearchbox/.SearchWidgetProvider: pid=621 uid=10029 gids={3003}
D/dalvikvm(  123): GC_EXPLICIT freed 36K, 4% free 9069K/9411K, paused 36ms+79ms
D/dalvikvm(  123): GC_EXPLICIT freed <1K, 4% free 9069K/9411K, paused 2ms+14ms
I/ActivityThread(  621): Pub com.android.quicksearchbox.google: com.android.quicksearchbox.google.GoogleSuggestionProvider
D/dalvikvm(  123): GC_EXPLICIT freed <1K, 4% free 9069K/9411K, paused 2ms+4ms
I/ActivityThread(  621): Pub com.android.quicksearchbox.shortcuts: com.android.quicksearchbox.ShortcutsProvider
D/AndroidRuntime(  621): Shutting down VM
W/dalvikvm(  621): threadid=1: thread exiting with uncaught exception (group=0x409c01f8)
E/AndroidRuntime(  621): FATAL EXCEPTION: main
E/AndroidRuntime(  621): java.lang.RuntimeException: Unable to start receiver com.android.quicksearchbox.SearchWidgetProvider: java.lang.NullPointerException
E/AndroidRuntime(  621): 	at android.app.ActivityThread.handleReceiver(ActivityThread.java:2126)
E/AndroidRuntime(  621): 	at android.app.ActivityThread.access$1500(ActivityThread.java:123)
E/AndroidRuntime(  621): 	at android.app.ActivityThread$H.handleMessage(ActivityThread.java:1197)
E/AndroidRuntime(  621): 	at android.os.Handler.dispatchMessage(Handler.java:99)
E/AndroidRuntime(  621): 	at android.os.Looper.loop(Looper.java:137)
E/AndroidRuntime(  621): 	at android.app.ActivityThread.main(ActivityThread.java:4424)
E/AndroidRuntime(  621): 	at java.lang.reflect.Method.invokeNative(Native Method)
E/AndroidRuntime(  621): 	at java.lang.reflect.Method.invoke(Method.java:511)
E/AndroidRuntime(  621): 	at com.android.internal.os.ZygoteInit$MethodAndArgsCaller.run(ZygoteInit.java:784)
E/AndroidRuntime(  621): 	at com.android.internal.os.ZygoteInit.main(ZygoteInit.java:551)
E/AndroidRuntime(  621): 	at dalvik.system.NativeStart.main(Native Method)
E/AndroidRuntime(  621): Caused by: java.lang.NullPointerException
E/AndroidRuntime(  621): 	at android.app.PendingIntent.getActivity(PendingIntent.java:195)
E/AndroidRuntime(  621): 	at com.android.quicksearchbox.SearchWidgetProvider$SearchWidgetState.setOnClickActivityIntent(SearchWidgetProvider.java:185)
E/AndroidRuntime(  621): 	at com.android.quicksearchbox.SearchWidgetProvider$SearchWidgetState.updateWidget(SearchWidgetProvider.java:166)
E/AndroidRuntime(  621): 	at com.android.quicksearchbox.SearchWidgetProvider.updateSearchWidgets(SearchWidgetProvider.java:94)
E/AndroidRuntime(  621): 	at com.android.quicksearchbox.SearchWidgetProvider.onReceive(SearchWidgetProvider.java:69)
E/AndroidRuntime(  621): 	at android.app.ActivityThread.handleReceiver(ActivityThread.java:2119)
E/AndroidRuntime(  621): 	... 10 more
D/MediaScannerReceiver(  491): action: android.intent.action.MEDIA_MOUNTED path: /mnt/sdcard
I/ARMAssembler(   36): generated scanline__00000077:03515104_00009001_00000000 [131 ipp] (153 ins) at [0x41d10440:0x41d106a4] in 824723 ns
I/ActivityManager(  154): Start proc com.android.keychain for broadcast com.android.keychain/.KeyChainBroadcastReceiver: pid=645 uid=1000 gids={1015, 3002, 3001, 3003}
I/ActivityManager(  154): Start proc com.svox.pico for broadcast com.svox.pico/.VoiceDataInstallerReceiver: pid=659 uid=10023 gids={1015}
I/ActivityThread(  659): Pub com.svox.pico.providers.SettingsProvider: com.svox.pico.providers.SettingsProvider
D/AndroidRuntime(  618): Calling main entry com.android.commands.am.Am
I/ActivityManager(  154): START {act=android.intent.action.MAIN flg=0x10000000 cmp=com.rhomobile.macotec/com.rhomobile.rhodes.RhodesActivity} from pid 618
D/PermissionCache(   36): checking android.permission.READ_FRAME_BUFFER for uid=1000 => granted (1632 us)
W/WindowManager(  154): Failure taking screenshot for (180x273) to layer 21005
D/AndroidRuntime(  618): Shutting down VM
D/dalvikvm(  618): GC_CONCURRENT freed 97K, 77% free 480K/2048K, paused 1ms+1ms
I/AndroidRuntime(  618): NOTE: attach of thread 'Binder Thread #3' failed
I/ActivityManager(  154): Start proc com.rhomobile.macotec for activity com.rhomobile.macotec/com.rhomobile.rhodes.RhodesActivity: pid=674 uid=10040 gids={3003}
I/dalvikvm(  674): Turning on JNI app bug workarounds for target SDK version 4...
W/NetworkManagementSocketTagger(  154): setKernelCountSet(10040, 1) failed with errno -2
I/Process (  154): Sending signal. PID: 674 SIG: 3
I/dalvikvm(  674): threadid=3: reacting to signal 3
I/dalvikvm(  674): Wrote stack traces to '/data/anr/traces.txt'
D/dalvikvm(  674): Trying to load lib /data/data/com.rhomobile.macotec/lib/librhodes.so 0x412afb28
D/dalvikvm(  674): Added shared lib /data/data/com.rhomobile.macotec/lib/librhodes.so 0x412afb28
D/dalvikvm(  674): Trying to load lib /data/data/com.rhomobile.macotec/lib/librhodes.so 0x412afb28
D/dalvikvm(  674): Shared lib '/data/data/com.rhomobile.macotec/lib/librhodes.so' already loaded in same CL 0x412afb28
I/ActivityThread(  674): Pub com.rhomobile.macotec: com.rhomobile.rhodes.LocalFileProvider
I/RhodesApplication(  674): Initializing...
D/RhoFileApi(  674): App root path: /data/data/com.rhomobile.macotec/rhodata/
D/RhoFileApi(  674): Sqlite journals path: /data/data/com.rhomobile.macotec/sqlite_stmt_journals/
D/RhoFileApi(  674): Shared path: /data/data/com.rhomobile.macotec/rhodata/
D/RhodesApplication(  674): Root path: /data/data/com.rhomobile.macotec/rhodata/
I/RhodesApplication(  674): Application hash was changed
D/RhoFileApi(  674): Copy hash to FS
D/RhoFileApi(  674): File hash copied
D/RhoFileApi(  674): Copy rho.dat to FS
D/RhoFileApi(  674): File rho.dat copied
D/RhoFileApi(  674): Copy apps/rhoconfig.txt to FS
D/RhoFileApi(  674): File apps/rhoconfig.txt copied
I/RhoFileApi(  674): Opening stat table from FS: /data/data/com.rhomobile.macotec/rhodata/rho.dat
D/RhoFileApi(  674): Copy apps/rhoconfig.txt to FS
D/RhoFileApi(  674): File apps/rhoconfig.txt copied
D/RhoFileApi(  674): App root path: /data/data/com.rhomobile.macotec/rhodata/
D/RhoFileApi(  674): Sqlite journals path: /data/data/com.rhomobile.macotec/sqlite_stmt_journals/
D/RhoFileApi(  674): Shared path: /data/data/com.rhomobile.macotec/rhodata/
I/Process (  154): Sending signal. PID: 674 SIG: 3
I/dalvikvm(  674): threadid=3: reacting to signal 3
I/dalvikvm(  674): Wrote stack traces to '/data/anr/traces.txt'
I/APP     (  674): I 02/14/2013 14:02:05:569 000002a2    RhodesApplication| Initialized
I/APP     (  674): I 02/14/2013 14:02:05:637 000002a2         BaseActivity| New screen properties - width: 480, height: 728, orientation: 1
I/APP     (  674): I 02/14/2013 14:02:05:781 000002a2         SplashScreen| Looking for start page source
D/dalvikvm(  674): GC_CONCURRENT freed 297K, 5% free 9270K/9671K, paused 5ms+4ms
D/dalvikvm(  674): GC_FOR_ALLOC freed 5K, 5% free 9264K/9671K, paused 43ms
I/dalvikvm-heap(  674): Grow heap (frag case) to 12.209MB for 3217300-byte allocation
I/Process (  154): Sending signal. PID: 674 SIG: 3
I/dalvikvm(  674): threadid=3: reacting to signal 3
I/dalvikvm(  674): Wrote stack traces to '/data/anr/traces.txt'
D/dalvikvm(  674): GC_FOR_ALLOC freed <1K, 4% free 12406K/12871K, paused 175ms
I/Process (  154): Sending signal. PID: 674 SIG: 3
I/dalvikvm(  674): threadid=3: reacting to signal 3
I/APP     (  674): I 02/14/2013 14:02:06:672 000002a2         SplashScreen| Done
I/APP     (  674): I 02/14/2013 14:02:06:675 000002a2    RhodesApplication| New UiState: MainActivityCreated
I/APP     (  674): I 02/14/2013 14:02:06:675 000002a2       RhodesActivity| onStart
I/APP     (  674): I 02/14/2013 14:02:06:677 000002a2    RhodesApplication| New UiState: MainActivityStarted
I/APP     (  674): I 02/14/2013 14:02:06:677 000002a2       RhodesActivity| onResume
I/APP     (  674): I 02/14/2013 14:02:06:678 000002a2 AndroidFunctionality| Resume WebView
I/dalvikvm(  674): Wrote stack traces to '/data/anr/traces.txt'
I/APP     (  674): I 02/14/2013 14:02:06:734 000002a2        RhodesService| onCreate
I/APP     (  674): I 02/14/2013 14:02:06:735 000002a2    LocalFileProvider| Revoke URI permissions: content:///com.rhomobile.macotec
W/ActivityManager(  154): No content provider found for permission revoke: content:///com.rhomobile.macotec
I/APP     (  674): I 02/14/2013 14:02:06:763 000002a2               Rhodes| Loading...
I/APP     (  674): I 02/14/2013 14:02:06:766 000002a2            RhodesApp| Trying to get free listening port.
I/APP     (  674): I 02/14/2013 14:02:06:768 000002a2            RhodesApp| Trying to bind of 8080 port...
I/APP     (  674): I 02/14/2013 14:02:06:771 000002a2            RhodesApp| Got port to bind on: 8080
I/APP     (  674): I 02/14/2013 14:02:06:777 000002a2            RhodesApp| Free listening port: 8080
I/APP     (  674): I 02/14/2013 14:02:06:787 000002b7         AppCallbacks| Starting main routine...
I/APP     (  674): I 02/14/2013 14:02:06:788 000002b7         AppCallbacks| ThreadQueue blocked for 4294967295 seconds...
I/APP     (  674): I 02/14/2013 14:02:06:826 000002a2        RhodesService| Push is disabled
I/APP     (  674): I 02/14/2013 14:02:06:827 000002a2            RhodesApp| callAppActiveCallback
I/APP     (  674): I 02/14/2013 14:02:06:830 000002a2         AppCallbacks| addCommand: APP-ACTIVATED
I/APP     (  674): I 02/14/2013 14:02:06:834 000002b7         AppCallbacks| Received command APP-ACTIVATED which is greater than expected (LOCAL-SERVER-STARTED) - postpone it
I/APP     (  674): I 02/14/2013 14:02:06:835 000002b7         AppCallbacks| ThreadQueue blocked for 4294967295 seconds...
I/APP     (  674): I 02/14/2013 14:02:06:838 000002a2         AppActivated| Cannot commit now, application will be activated when started.
I/APP     (  674): I 02/14/2013 14:02:06:839 000002a2    RhodesApplication| New AppState: Undefined
D/RhodesService(  674): +++ onStartCommand
I/APP     (  674): I 02/14/2013 14:02:06:842 000002b9            RhodesApp| Starting RhodesApp main routine...
I/RhodesService(  674): handleCommand: startId=1, source=com.rhomobile.rhodes.BaseActivity
D/RhodesService(  674): New activity was created
I/APP     (  674): I 02/14/2013 14:02:06:871 000002a2        RhodesService| onBind
I/APP     (  674): I 02/14/2013 14:02:06:876 000002a2         AppCallbacks| addCommand: UI-CREATED
I/APP     (  674): I 02/14/2013 14:02:06:879 000002b7         AppCallbacks| Received command UI-CREATED which is greater than expected (LOCAL-SERVER-STARTED) - postpone it
I/APP     (  674): I 02/14/2013 14:02:06:880 000002b7         AppCallbacks| ThreadQueue blocked for 4294967295 seconds...
I/APP     (  674): I 02/14/2013 14:02:06:990 000002a2       RhodesActivity| onServiceConnected: {com.rhomobile.macotec/com.rhomobile.rhodes.RhodesService}
I/APP     (  674): I 02/14/2013 14:02:06:999 000002a2       RhodesActivity| New start parameters: 
I/APP     (  674): I 02/14/2013 14:02:07:000 000002a2            RhodesApp| New start params: 
D/gralloc_goldfish(  674): Emulator without GPU emulation detected.
I/Process (  154): Sending signal. PID: 674 SIG: 3
I/dalvikvm(  674): threadid=3: reacting to signal 3
I/dalvikvm(  674): Wrote stack traces to '/data/anr/traces.txt'
I/ActivityManager(  154): Displayed com.rhomobile.macotec/com.rhomobile.rhodes.RhodesActivity: +3s65ms
I/APP     (  674): I 02/14/2013 14:02:07:596 000002b9              RhoRuby| Init_RhoBlobs: /data/data/com.rhomobile.macotec/rhodata/db/db-files
I/APP     (  674): I 02/14/2013 14:02:07:675 000002b9              RhoRuby| require_compiled: rhoframework
I/APP     (  674): I 02/14/2013 14:02:07:708 000002b9              RhoRuby| require_compiled: rational
I/APP     (  674): I 02/14/2013 14:02:07:717 000002b9              RhoRuby| require_compiled: rhom/rhom_db_adapter
I/APP     (  674): I 02/14/2013 14:02:07:759 000002b9              RhoRuby| require_compiled: rhodes
I/APP     (  674): I 02/14/2013 14:02:07:770 000002b9              RhoRuby| require_compiled: rhom/rhom_object
I/APP     (  674): I 02/14/2013 14:02:07:782 000002b9              RhoRuby| require_compiled: rhofsconnector
I/APP     (  674): I 02/14/2013 14:02:07:786 000002b9              RhoRuby| require_compiled: rho/rhofsconnector
I/APP     (  674): I 02/14/2013 14:02:07:803 000002b9              RhoRuby| require_compiled: rhom/rhom_object_factory
I/APP     (  674): I 02/14/2013 14:02:07:952 000002b9              RhoRuby| require_compiled: rhom/rhom
I/APP     (  674): I 02/14/2013 14:02:07:981 000002b9              RhoRuby| require_compiled: rhom/rhom_model
I/APP     (  674): I 02/14/2013 14:02:08:003 000002b9              RhoRuby| require_compiled: rhom
I/APP     (  674): I 02/14/2013 14:02:08:007 000002b9              RhoRuby| require_compiled: rho/rhoapplication
I/APP     (  674): I 02/14/2013 14:02:08:036 000002b9              RhoRuby| require_compiled: rholang/localization_simplified
I/APP     (  674): I 02/14/2013 14:02:08:062 000002b9              RhoRuby| require_compiled: rho/rhomsg
W/NetworkManagementSocketTagger(  154): setKernelCountSet(10009, 0) failed with errno -2
I/APP     (  674): I 02/14/2013 14:02:08:075 000002b9              RhoRuby| require_compiled: rho/rhotabbar
I/APP     (  674): I 02/14/2013 14:02:08:085 000002b9              RhoRuby| require_compiled: rho/rhotoolbar
I/APP     (  674): I 02/14/2013 14:02:08:112 000002b9                  APP| Current locale: ; Country code: 
I/APP     (  674): I 02/14/2013 14:02:08:120 000002b9                  APP| Locilized file: /data/data/com.rhomobile.macotec/rhodata/lib/rholang/lang_
I/APP     (  674): I 02/14/2013 14:02:08:133 000002b9                  APP| Could not find resources for locale: de;file: /data/data/com.rhomobile.macotec/rhodata/lib/rholang/lang_
I/APP     (  674): I 02/14/2013 14:02:08:135 000002b9                  APP| Load english resources.
I/APP     (  674): I 02/14/2013 14:02:08:138 000002b9              RhoRuby| require_compiled: /data/data/com.rhomobile.macotec/rhodata/lib/rholang/lang_en
I/APP     (  674): I 02/14/2013 14:02:08:160 000002b9                  APP| Locilized file: /data/data/com.rhomobile.macotec/rhodata/apps/app/lang/lang_
I/APP     (  674): I 02/14/2013 14:02:08:167 000002b9              RhoRuby| require_compiled: /data/data/com.rhomobile.macotec/rhodata/apps/app/lang/lang_de
I/APP     (  674): I 02/14/2013 14:02:08:209 000002b9                  APP| Locilized file: /data/data/com.rhomobile.macotec/rhodata/lib/rholang/rhoerror_
I/APP     (  674): I 02/14/2013 14:02:08:232 000002b9              RhoRuby| require_compiled: /data/data/com.rhomobile.macotec/rhodata/lib/rholang/rhoerror_de
I/APP     (  674): I 02/14/2013 14:02:08:242 000002b9                  APP| Locilized file: /data/data/com.rhomobile.macotec/rhodata/lib/rholang/rhomsg_
I/APP     (  674): I 02/14/2013 14:02:08:251 000002b9              RhoRuby| require_compiled: /data/data/com.rhomobile.macotec/rhodata/lib/rholang/rhomsg_de
I/APP     (  674): I 02/14/2013 14:02:08:266 000002b9              RhoRuby| require_compiled: indifferent_access
I/APP     (  674): I 02/14/2013 14:02:08:328 000002b9              RhoRuby| require_compiled: rho/rhosupport
I/APP     (  674): I 02/14/2013 14:02:08:395 000002b9              RhoRuby| require_compiled: rho/rhocontroller
I/APP     (  674): I 02/14/2013 14:02:08:474 000002b9              RhoRuby| require_compiled: rho/render
I/APP     (  674): I 02/14/2013 14:02:08:585 000002b9              RhoRuby| require_compiled: rho/rho
I/APP     (  674): I 02/14/2013 14:02:08:783 000002b9              RhoRuby| require_compiled: rho/rhoerror
I/APP     (  674): I 02/14/2013 14:02:08:793 000002b9              RhoRuby| require_compiled: rhom/rhom_source
I/APP     (  674): I 02/14/2013 14:02:08:816 000002b9              RhoRuby| require_compiled: rho/rhoviewhelpers
I/APP     (  674): I 02/14/2013 14:02:08:837 000002b9              RhoRuby| require_compiled: rho
I/APP     (  674): I 02/14/2013 14:02:08:840 000002b9                  APP| RHO loaded
I/APP     (  674): I 02/14/2013 14:02:08:842 000002b9                  APP| Calling RHO.initialize
I/APP     (  674): I 02/14/2013 14:02:08:848 000002b9                  APP| model file: Settings/settings
I/APP     (  674): I 02/14/2013 14:02:08:852 000002b9                  APP| model file: Product/product
I/APP     (  674): I 02/14/2013 14:02:08:854 000002b9                  APP| model file: Request/request
I/APP     (  674): I 02/14/2013 14:02:08:858 000002b9                   DB| Open DB: /data/data/com.rhomobile.macotec/rhodata/db/syncdbuser.sqlite
I/APP     (  674): I 02/14/2013 14:02:08:872 000002b9          GeoLocation| Creating singleton instance.
I/APP     (  674): I 02/14/2013 14:02:08:873 000002b9            RhodesApp| Starting sync engine...
I/APP     (  674): I 02/14/2013 14:02:08:875 000002b9                 Sync| sync_poll_interval: 0
I/APP     (  674): I 02/14/2013 14:02:08:876 000002b9                 Sync| syncserver: 
I/APP     (  674): I 02/14/2013 14:02:08:876 000002b9                 Sync| bulksync_state: 0
I/APP     (  674): I 02/14/2013 14:02:08:877 000002b9            RhodesApp| RhoRubyInitApp...
I/APP     (  674): I 02/14/2013 14:02:08:879 000002b9                  APP| init_app
I/APP     (  674): I 02/14/2013 14:02:08:882 000002b9              RhoRuby| require_compiled: application
I/APP     (  674): I 02/14/2013 14:02:08:893 000002b9                 Sync| Set notification. Source ID: -1;Url :http://localhost:8080/app/Settings/sync_notify; Params: 
I/APP     (  674): I 02/14/2013 14:02:08:894 000002b9           HttpServer| Start HTTP server
I/APP     (  674): I 02/14/2013 14:02:08:896 000002b9           HttpServer| Listen for connections on port 8080
I/APP     (  674): I 02/14/2013 14:02:08:897 000002b9         AppCallbacks| addCommand: LOCAL-SERVER-STARTED
I/APP     (  674): I 02/14/2013 14:02:08:899 000002b7         AppCallbacks| process command: LOCAL-SERVER-STARTED
I/APP     (  674): I 02/14/2013 14:02:08:900 000002b7 RhodesAppActiveObserver| Ready
I/APP     (  674): I 02/14/2013 14:02:08:908 000002a2 AndroidFunctionality| Disable WebView zoom
I/APP     (  674): I 02/14/2013 14:02:08:909 000002a2 AndroidFunctionality| Set web plugins state 'OFF'
I/APP     (  674): I 02/14/2013 14:02:08:924 000002b7    RhodesApplication| New AppState: AppActivated
I/APP     (  674): I 02/14/2013 14:02:08:925 000002b7         AppCallbacks| process command: UI-CREATED
I/APP     (  674): I 02/14/2013 14:02:08:991 000002b9           HttpServer| Process URI: '/system/uicreated'
I/APP     (  674): I 02/14/2013 14:02:08:994 000002b9                  APP| on_ui_created.navigate to start url: '/app'
I/APP     (  674): I 02/14/2013 14:02:08:998 000002a2         SplashScreen| navigate: url=http://localhost:8080/app
I/APP     (  674): I 02/14/2013 14:02:08:999 000002a2         SplashScreen| DELAY for SplashScreen = 568
I/APP     (  674): I 02/14/2013 14:02:09:029 000002b7         AppCallbacks| process command: APP-ACTIVATED
I/APP     (  674): I 02/14/2013 14:02:09:066 000002b9           HttpServer| Process URI: '/system/activateapp'
I/APP     (  674): I 02/14/2013 14:02:09:071 000002b7         AppCallbacks| ThreadQueue blocked for 4294967295 seconds...
D/dalvikvm(  154): GC_EXPLICIT freed 359K, 10% free 11413K/12615K, paused 4ms+10ms
I/APP     (  674): I 02/14/2013 14:02:09:611 000002a2        GoogleWebView| Creating new RhoWebChromeClient
I/APP     (  674): I 02/14/2013 14:02:09:623 000002a2       SimpleMainView| Cleared URL: http://localhost:8080/app
V/SimpleMainView.View(  674): ms[1360846929660]  Main Window :: onSizeChanged() old [ 480 x 652 ]  new [ 0 x 0 ]
I/APP     (  674): I 02/14/2013 14:02:09:718 000002a2        GoogleWebView| Setting RhoWebChromeClient
I/APP     (  674): I 02/14/2013 14:02:09:820 000002b9           HttpServer| Process URI: '/app'
I/APP     (  674): I 02/14/2013 14:02:09:864 000002a2     RhoWebViewClient| Loading URL: http://localhost:8080/app/index_erb.iseq
I/APP     (  674): I 02/14/2013 14:02:09:895 000002b9           HttpServer| Process URI: '/app/index_erb.iseq'
I/APP     (  674): I 02/14/2013 14:02:09:901 000002b9                  APP| RHO serve_index: /app/index_erb.iseq
I/APP     (  674): I 02/14/2013 14:02:09:907 000002b9 RHO Rho::RhoController| inst_render_index
I/APP     (  674): I 02/14/2013 14:02:09:960 000002b9 RHO Rho::RhoController| index layout
I/APP     (  674): I 02/14/2013 14:02:10:027 000002b9           HttpServer| GC Start.
I/APP     (  674): I 02/14/2013 14:02:10:092 000002b9           HttpServer| GC End.
I/APP     (  674): I 02/14/2013 14:02:10:301 000002b9           HttpServer| Process URI: '/public/js/request.js'
I/APP     (  674): I 02/14/2013 14:02:10:354 000002b9           HttpServer| Process URI: '/public/jquery/jquery-1.6.4.min.js'
I/APP     (  674): I 02/14/2013 14:02:10:449 000002b9           HttpServer| Process URI: '/public/jquery/jquery.json-2.3.min.js'
I/APP     (  674): I 02/14/2013 14:02:10:537 000002b9           HttpServer| Process URI: '/public/jqmobile/jquery.mobile-1.0.1.min.css'
I/APP     (  674): I 02/14/2013 14:02:10:561 000002b9           HttpServer| Process URI: '/public/css/jqmobile-patch.css'
I/APP     (  674): I 02/14/2013 14:02:10:584 000002b9           HttpServer| Process URI: '/public/jqmobile/jquery.mobile-1.0.1.min.js'
I/APP     (  674): I 02/14/2013 14:02:10:645 000002b9           HttpServer| Process URI: '/public/js/jqmobile-patch.js'
I/APP     (  674): I 02/14/2013 14:02:10:671 000002b9           HttpServer| Process URI: '/public/css/macotec_style.css'
D/ExchangeService(  509): !!! EAS ExchangeService, onStartCommand, startingUp = false, running = false
D/ExchangeService(  509): Reconciling accounts...
W/ActivityManager(  154): Timeout of broadcast BroadcastRecord{415acd08 android.search.action.SEARCHABLES_CHANGED} - receiver=android.os.BinderProxy@41408080, started 10000ms ago
W/ActivityManager(  154): Receiver during timeout: ResolveInfo{415aca38 com.android.quicksearchbox.CorporaUpdateReceiver p=0 o=0 m=0x108000}
I/ActivityManager(  154): Crashing app skipping ANR: ProcessRecord{415ad490 621:com.android.quicksearchbox/10029} Broadcast of Intent { act=android.search.action.SEARCHABLES_CHANGED flg=0x20000010 cmp=com.android.quicksearchbox/.CorporaUpdateReceiver }
I/APP     (  674): I 02/14/2013 14:02:14:427 000002b9           HttpServer| Process URI: '/public/images/macotec/logo.png'
I/APP     (  674): I 02/14/2013 14:02:15:042 000002b9           HttpServer| Process URI: '/public/images/macotec/request_top.png'
I/APP     (  674): I 02/14/2013 14:02:15:101 000002b9           HttpServer| Process URI: '/public/images/macotec/contact_png.png'
I/APP     (  674): I 02/14/2013 14:02:15:118 000002b9           HttpServer| Process URI: '/public/images/macotec/products_png.png'
I/APP     (  674): I 02/14/2013 14:02:15:136 000002b9           HttpServer| Process URI: '/public/images/macotec/info_png.png'
D/dalvikvm(  408): GC_CONCURRENT freed 327K, 5% free 9213K/9671K, paused 5ms+4ms
I/SqliteDatabaseCpp(  491): sqlite returned: error code = 17, msg = statement aborts at 9: [DELETE from albums] database schema has changed, db=/data/data/com.android.providers.media/databases/external.db
I/SqliteDatabaseCpp(  491): sqlite returned: error code = 17, msg = statement aborts at 71: [UPDATE files SET date_modified=0;] database schema has changed, db=/data/data/com.android.providers.media/databases/external.db
D/dalvikvm(  491): GC_CONCURRENT freed 240K, 5% free 9337K/9735K, paused 6ms+10ms
E/MetadataRetrieverClient(  121): failed to extract an album art
W/MediaScanner(  491): Error opening directory '/mnt/sdcard/.android_secure/', skipping: Permission denied.
V/MediaScanner(  491): pruneDeadThumbnailFiles... android.database.sqlite.SQLiteCursor@412d63a0
V/MediaScanner(  491): /pruneDeadThumbnailFiles... android.database.sqlite.SQLiteCursor@412d63a0
W/ThrottleService(  154): unable to find stats for iface rmnet0
I/dalvikvm(  154): Jit: resizing JitTable from 4096 to 8192
I/Process (  272): Sending signal. PID: 272 SIG: 9
I/ActivityManager(  154): Process com.android.phone (pid 272) has died.
I/ServiceManager(   30): service 'iphonesubinfo' died
I/ServiceManager(   30): service 'simphonebook' died
I/ServiceManager(   30): service 'phone' died
I/ServiceManager(   30): service 'isms' died
I/ActivityManager(  154): Start proc com.android.phone for restart com.android.phone: pid=719 uid=1001 gids={3002, 3001, 3003, 1015}
I/ActivityManager(  154): No longer want com.android.settings (pid 309): hidden #16
I/ActivityThread(  719): Pub mms: com.android.providers.telephony.MmsProvider
I/ActivityThread(  719): Pub sms: com.android.providers.telephony.SmsProvider
I/ActivityThread(  719): Pub telephony: com.android.providers.telephony.TelephonyProvider
W/TelephonyProvider(  719): onCreate: confFile=/system/etc/apns-conf.xml oldCheckSum=-1
I/ActivityThread(  719): Pub icc: com.android.phone.IccProvider
I/ActivityThread(  719): Pub mms-sms: com.android.providers.telephony.MmsSmsProvider
D/dalvikvm(  719): GC_CONCURRENT freed 300K, 5% free 9274K/9671K, paused 4ms+4ms
W/ActivityManager(  154): Unable to start service Intent { act=com.android.internal.telephony.IWapPushManager }: not found
D/        (  719): [ApnContext] set reason as dataEnabled, for type default,current state IDLE
D/        (  719): [ApnContext] set reason as dataEnabled, for type mms,current state IDLE
D/        (  719): [ApnContext] set reason as dataEnabled, for type supl,current state IDLE
D/        (  719): [ApnContext] set reason as dataEnabled, for type hipri,current state IDLE
D/        (  719): [ApnContext] set reason as dataEnabled, for type fota,current state IDLE
D/        (  719): [ApnContext] set reason as dataEnabled, for type ims,current state IDLE
D/        (  719): [ApnContext] set reason as dataEnabled, for type cbs,current state IDLE
D/CAT     (  719): CatService: Running CAT service. STK app installed:false
D/CAT     (  719): CatService: NEW sInstance
D/CallManager(  719): registerPhone(GSM Handler (com.android.internal.telephony.PhoneProxy) {41314888})
I/Process (  621): Sending signal. PID: 621 SIG: 9
I/ActivityManager(  154): Process com.android.quicksearchbox (pid 621) has died.
V/PhoneStatusBar(  239): setLightsOn(true)
D/dalvikvm(  154): GREF has increased to 501
W/ActivityManager(  154): Unable to start service Intent { act=com.android.ussd.IExtendedNetworkService }: not found
D/dalvikvm(  719): GC_CONCURRENT freed 345K, 5% free 9404K/9863K, paused 4ms+30ms
F/NetworkStats(  154): problem reading network stats
F/NetworkStats(  154): java.lang.IllegalStateException: problem parsing idx 1
F/NetworkStats(  154): 	at com.android.internal.net.NetworkStatsFactory.readNetworkStatsDetail(NetworkStatsFactory.java:300)
F/NetworkStats(  154): 	at com.android.server.NetworkManagementService.getNetworkStatsUidDetail(NetworkManagementService.java:1282)
F/NetworkStats(  154): 	at com.android.server.net.NetworkStatsService.performPollLocked(NetworkStatsService.java:831)
F/NetworkStats(  154): 	at com.android.server.net.NetworkStatsService.updateIfacesLocked(NetworkStatsService.java:743)
F/NetworkStats(  154): 	at com.android.server.net.NetworkStatsService.updateIfaces(NetworkStatsService.java:721)
F/NetworkStats(  154): 	at com.android.server.net.NetworkStatsService.access$000(NetworkStatsService.java:128)
F/NetworkStats(  154): 	at com.android.server.net.NetworkStatsService$8.handleMessage(NetworkStatsService.java:1633)
F/NetworkStats(  154): 	at android.os.Handler.dispatchMessage(Handler.java:95)
F/NetworkStats(  154): 	at android.os.Looper.loop(Looper.java:137)
F/NetworkStats(  154): 	at android.os.HandlerThread.run(HandlerThread.java:60)
F/NetworkStats(  154): Caused by: java.io.FileNotFoundException: /proc/net/xt_qtaguid/stats: open failed: ENOENT (No such file or directory)
F/NetworkStats(  154): 	at libcore.io.IoBridge.open(IoBridge.java:406)
F/NetworkStats(  154): 	at java.io.FileInputStream.<init>(FileInputStream.java:78)
F/NetworkStats(  154): 	at com.android.internal.net.NetworkStatsFactory.readNetworkStatsDetail(NetworkStatsFactory.java:269)
F/NetworkStats(  154): 	... 9 more
F/NetworkStats(  154): Caused by: libcore.io.ErrnoException: open failed: ENOENT (No such file or directory)
F/NetworkStats(  154): 	at libcore.io.Posix.open(Native Method)
F/NetworkStats(  154): 	at libcore.io.BlockGuardOs.open(BlockGuardOs.java:110)
F/NetworkStats(  154): 	at libcore.io.IoBridge.open(IoBridge.java:390)
F/NetworkStats(  154): 	... 11 more
D/CAT     (  719): CatService: SIM ready. Reporting STK service running now...
D/dalvikvm(  154): GC_CONCURRENT freed 518K, 10% free 11446K/12615K, paused 16ms+38ms
D/MccTable(  719): updateMccMncConfiguration: mcc=310, mnc=260
D/MccTable(  719): locale set to en_us
D/MccTable(  719): WIFI_COUNTRY_CODE set to us
I/WifiService(  154): WifiService trying to set country code to us with persist set to true
F/NetworkStats(  154): problem reading network stats
F/NetworkStats(  154): java.lang.IllegalStateException: problem parsing idx 1
F/NetworkStats(  154): 	at com.android.internal.net.NetworkStatsFactory.readNetworkStatsDetail(NetworkStatsFactory.java:300)
F/NetworkStats(  154): 	at com.android.server.NetworkManagementService.getNetworkStatsUidDetail(NetworkManagementService.java:1282)
F/NetworkStats(  154): 	at com.android.server.net.NetworkStatsService.performPollLocked(NetworkStatsService.java:831)
F/NetworkStats(  154): 	at com.android.server.net.NetworkStatsService.updateIfacesLocked(NetworkStatsService.java:743)
F/NetworkStats(  154): 	at com.android.server.net.NetworkStatsService.updateIfaces(NetworkStatsService.java:721)
F/NetworkStats(  154): 	at com.android.server.net.NetworkStatsService.access$000(NetworkStatsService.java:128)
F/NetworkStats(  154): 	at com.android.server.net.NetworkStatsService$8.handleMessage(NetworkStatsService.java:1633)
F/NetworkStats(  154): 	at android.os.Handler.dispatchMessage(Handler.java:95)
F/NetworkStats(  154): 	at android.os.Looper.loop(Looper.java:137)
F/NetworkStats(  154): 	at android.os.HandlerThread.run(HandlerThread.java:60)
F/NetworkStats(  154): Caused by: java.io.FileNotFoundException: /proc/net/xt_qtaguid/stats: open failed: ENOENT (No such file or directory)
F/NetworkStats(  154): 	at libcore.io.IoBridge.open(IoBridge.java:406)
F/NetworkStats(  154): 	at java.io.FileInputStream.<init>(FileInputStream.java:78)
F/NetworkStats(  154): 	at com.android.internal.net.NetworkStatsFactory.readNetworkStatsDetail(NetworkStatsFactory.java:269)
F/NetworkStats(  154): 	... 9 more
F/NetworkStats(  154): Caused by: libcore.io.ErrnoException: open failed: ENOENT (No such file or directory)
F/NetworkStats(  154): 	at libcore.io.Posix.open(Native Method)
F/NetworkStats(  154): 	at libcore.io.BlockGuardOs.open(BlockGuardOs.java:110)
F/NetworkStats(  154): 	at libcore.io.IoBridge.open(IoBridge.java:390)
F/NetworkStats(  154): 	... 11 more
D/dalvikvm(  719): GC_CONCURRENT freed 357K, 5% free 9597K/10055K, paused 4ms+5ms
I/APP     (  674): I 02/14/2013 14:04:23:921 000002b9           HttpServer| Process URI: '/app/Request/request'
I/APP     (  674): I 02/14/2013 14:04:23:924 000002b9                  APP| RHO serve: /app/Request/request
I/APP     (  674): I 02/14/2013 14:04:23:933 000002b9              RhoRuby| require_compiled: Request/request_controller
I/SqliteDatabaseCpp(  719): sqlite returned: error code = 1, msg = duplicate column name: protocol, db=/data/data/com.android.providers.telephony/databases/telephony.db
I/APP     (  674): I 02/14/2013 14:04:24:066 000002b9              RhoRuby| require_compiled: helpers/browser_helper
I/APP     (  674): I 02/14/2013 14:04:24:103 000002b9              RhoRuby| require_compiled: time
E/SQLiteOpenHelper(  719): Couldn't open telephony.db for writing (will try read-only):
E/SQLiteOpenHelper(  719): android.database.sqlite.SQLiteException: duplicate column name: protocol: , while compiling: ALTER TABLE carriers ADD COLUMN protocol TEXT DEFAULT IP;
E/SQLiteOpenHelper(  719): 	at android.database.sqlite.SQLiteCompiledSql.native_compile(Native Method)
E/SQLiteOpenHelper(  719): 	at android.database.sqlite.SQLiteCompiledSql.<init>(SQLiteCompiledSql.java:68)
E/SQLiteOpenHelper(  719): 	at android.database.sqlite.SQLiteProgram.compileSql(SQLiteProgram.java:134)
E/SQLiteOpenHelper(  719): 	at android.database.sqlite.SQLiteProgram.compileAndbindAllArgs(SQLiteProgram.java:361)
E/SQLiteOpenHelper(  719): 	at android.database.sqlite.SQLiteStatement.acquireAndLock(SQLiteStatement.java:260)
E/SQLiteOpenHelper(  719): 	at android.database.sqlite.SQLiteStatement.executeUpdateDelete(SQLiteStatement.java:84)
E/SQLiteOpenHelper(  719): 	at android.database.sqlite.SQLiteDatabase.executeSql(SQLiteDatabase.java:1899)
E/SQLiteOpenHelper(  719): 	at android.database.sqlite.SQLiteDatabase.execSQL(SQLiteDatabase.java:1839)
E/SQLiteOpenHelper(  719): 	at com.android.providers.telephony.TelephonyProvider$DatabaseHelper.onUpgrade(TelephonyProvider.java:219)
E/SQLiteOpenHelper(  719): 	at android.database.sqlite.SQLiteOpenHelper.getWritableDatabase(SQLiteOpenHelper.java:170)
E/SQLiteOpenHelper(  719): 	at android.database.sqlite.SQLiteOpenHelper.getReadableDatabase(SQLiteOpenHelper.java:231)
E/SQLiteOpenHelper(  719): 	at com.android.providers.telephony.TelephonyProvider.query(TelephonyProvider.java:460)
E/SQLiteOpenHelper(  719): 	at android.content.ContentProvider$Transport.query(ContentProvider.java:178)
E/SQLiteOpenHelper(  719): 	at android.content.ContentResolver.query(ContentResolver.java:311)
E/SQLiteOpenHelper(  719): 	at com.android.internal.telephony.gsm.GsmDataConnectionTracker.createAllApnList(GsmDataConnectionTracker.java:2202)
E/SQLiteOpenHelper(  719): 	at com.android.internal.telephony.gsm.GsmDataConnectionTracker.onRecordsLoaded(GsmDataConnectionTracker.java:1724)
E/SQLiteOpenHelper(  719): 	at com.android.internal.telephony.gsm.GsmDataConnectionTracker.handleMessage(GsmDataConnectionTracker.java:2429)
E/SQLiteOpenHelper(  719): 	at android.os.Handler.dispatchMessage(Handler.java:99)
E/SQLiteOpenHelper(  719): 	at android.os.Looper.loop(Looper.java:137)
E/SQLiteOpenHelper(  719): 	at android.app.ActivityThread.main(ActivityThread.java:4424)
E/SQLiteOpenHelper(  719): 	at java.lang.reflect.Method.invokeNative(Native Method)
E/SQLiteOpenHelper(  719): 	at java.lang.reflect.Method.invoke(Method.java:511)
E/SQLiteOpenHelper(  719): 	at com.android.internal.os.ZygoteInit$MethodAndArgsCaller.run(ZygoteInit.java:784)
E/SQLiteOpenHelper(  719): 	at com.android.internal.os.ZygoteInit.main(ZygoteInit.java:551)
E/SQLiteOpenHelper(  719): 	at dalvik.system.NativeStart.main(Native Method)
D/AndroidRuntime(  719): Shutting down VM
W/dalvikvm(  719): threadid=1: thread exiting with uncaught exception (group=0x409c01f8)
I/APP     (  674): I 02/14/2013 14:04:24:355 000002b9              RhoRuby| require_compiled: date/format
E/AndroidRuntime(  719): FATAL EXCEPTION: main
E/AndroidRuntime(  719): android.database.sqlite.SQLiteException: Can't upgrade read-only database from version 327686 to 458759: /data/data/com.android.providers.telephony/databases/telephony.db
E/AndroidRuntime(  719): 	at android.database.sqlite.SQLiteOpenHelper.getReadableDatabase(SQLiteOpenHelper.java:244)
E/AndroidRuntime(  719): 	at com.android.providers.telephony.TelephonyProvider.query(TelephonyProvider.java:460)
E/AndroidRuntime(  719): 	at android.content.ContentProvider$Transport.query(ContentProvider.java:178)
E/AndroidRuntime(  719): 	at android.content.ContentResolver.query(ContentResolver.java:311)
E/AndroidRuntime(  719): 	at com.android.internal.telephony.gsm.GsmDataConnectionTracker.createAllApnList(GsmDataConnectionTracker.java:2202)
E/AndroidRuntime(  719): 	at com.android.internal.telephony.gsm.GsmDataConnectionTracker.onRecordsLoaded(GsmDataConnectionTracker.java:1724)
E/AndroidRuntime(  719): 	at com.android.internal.telephony.gsm.GsmDataConnectionTracker.handleMessage(GsmDataConnectionTracker.java:2429)
E/AndroidRuntime(  719): 	at android.os.Handler.dispatchMessage(Handler.java:99)
E/AndroidRuntime(  719): 	at android.os.Looper.loop(Looper.java:137)
E/AndroidRuntime(  719): 	at android.app.ActivityThread.main(ActivityThread.java:4424)
E/AndroidRuntime(  719): 	at java.lang.reflect.Method.invokeNative(Native Method)
E/AndroidRuntime(  719): 	at java.lang.reflect.Method.invoke(Method.java:511)
E/AndroidRuntime(  719): 	at com.android.internal.os.ZygoteInit$MethodAndArgsCaller.run(ZygoteInit.java:784)
E/AndroidRuntime(  719): 	at com.android.internal.os.ZygoteInit.main(ZygoteInit.java:551)
E/AndroidRuntime(  719): 	at dalvik.system.NativeStart.main(Native Method)
W/ActivityManager(  154): Process com.android.phone has crashed too many times: killing!
I/ARMAssembler(   36): generated scanline__00000077:03515104_00008001_00000000 [113 ipp] (134 ins) at [0x41d106a8:0x41d108c0] in 1269863 ns
I/APP     (  674): I 02/14/2013 14:04:25:291 000002b9              RhoRuby| require_compiled: date
I/APP     (  674): I 02/14/2013 14:04:25:302 000002b9              RhoRuby| require_compiled: dateOrig
D/dalvikvm(  674): GC_CONCURRENT freed 884K, 9% free 12548K/13639K, paused 4ms+22ms
D/webviewglue(  674): nativeDestroy view: 0x2c2048
I/APP     (  674): E 02/14/2013 14:04:25:712 000002b9               RubyVM| lib/date.rb:14: warning: already initialized constant MONTHNAMES
I/APP     (  674): E 02/14/2013 14:04:25:714 000002b9               RubyVM| lib/date.rb:15: warning: already initialized constant ABBR_MONTHNAMES
I/APP     (  674): E 02/14/2013 14:04:25:716 000002b9               RubyVM| lib/date.rb:16: warning: already initialized constant DAYNAMES
I/APP     (  674): E 02/14/2013 14:04:25:717 000002b9               RubyVM| lib/date.rb:17: warning: already initialized constant ABBR_DAYNAMES
I/APP     (  674): I 02/14/2013 14:04:25:720 000002b9              RhoRuby| require_compiled: json
I/APP     (  674): I 02/14/2013 14:04:25:729 000002b9              RhoRuby| require_compiled: json/common
I/APP     (  674): I 02/14/2013 14:04:25:757 000002b9              RhoRuby| require_compiled: json/version
I/APP     (  674): I 02/14/2013 14:04:25:805 000002b9              RhoRuby| require_compiled: json/pure
I/APP     (  674): I 02/14/2013 14:04:25:900 000002b9              RhoRuby| require_compiled: json/pure/generator
I/APP     (  674): I 02/14/2013 14:04:26:180 000002b9           HttpServer| GC Start.
I/APP     (  674): I 02/14/2013 14:04:26:255 000002b9           HttpServer| GC End.
I/Process (  719): Sending signal. PID: 719 SIG: 9
I/ActivityManager(  154): Process com.android.phone (pid 719) has died.
I/ServiceManager(   30): service 'simphonebook' died
I/ServiceManager(   30): service 'isms' died
I/ServiceManager(   30): service 'iphonesubinfo' died
I/ServiceManager(   30): service 'phone' died
W/InputManagerService(  154): Window already focused, ignoring focus gain of: com.android.internal.view.IInputMethodClient$Stub$Proxy@414b2a78
I/ActivityManager(  154): Start proc com.android.phone for restart com.android.phone: pid=745 uid=1001 gids={3002, 3001, 3003, 1015}
V/PhoneStatusBar(  239): setLightsOn(true)
I/APP     (  674): I 02/14/2013 14:04:27:354 000002b9           HttpServer| Process URI: '/public/images/macotec/forklifter_full.png'
I/APP     (  674): I 02/14/2013 14:04:27:434 000002b9           HttpServer| Process URI: '/public/images/macotec/request_contract.png'
I/ActivityThread(  745): Pub mms: com.android.providers.telephony.MmsProvider
I/ActivityThread(  745): Pub sms: com.android.providers.telephony.SmsProvider
I/ActivityThread(  745): Pub telephony: com.android.providers.telephony.TelephonyProvider
W/TelephonyProvider(  745): onCreate: confFile=/system/etc/apns-conf.xml oldCheckSum=-1
I/ActivityThread(  745): Pub icc: com.android.phone.IccProvider
I/ActivityThread(  745): Pub mms-sms: com.android.providers.telephony.MmsSmsProvider
I/APP     (  674): I 02/14/2013 14:04:28:088 000002b9           HttpServer| Process URI: '/public/jqmobile/images/icons-36-white.png'
D/dalvikvm(  745): GC_CONCURRENT freed 293K, 5% free 9281K/9671K, paused 5ms+4ms
W/ActivityManager(  154): Unable to start service Intent { act=com.android.internal.telephony.IWapPushManager }: not found
D/        (  745): [ApnContext] set reason as dataEnabled, for type default,current state IDLE
D/        (  745): [ApnContext] set reason as dataEnabled, for type mms,current state IDLE
D/        (  745): [ApnContext] set reason as dataEnabled, for type supl,current state IDLE
D/        (  745): [ApnContext] set reason as dataEnabled, for type hipri,current state IDLE
D/        (  745): [ApnContext] set reason as dataEnabled, for type fota,current state IDLE
D/        (  745): [ApnContext] set reason as dataEnabled, for type ims,current state IDLE
D/        (  745): [ApnContext] set reason as dataEnabled, for type cbs,current state IDLE
E/libEGL  (  674): call to OpenGL ES API with no current context (logged once per thread)
D/CAT     (  745): CatService: Running CAT service. STK app installed:false
D/CAT     (  745): CatService: NEW sInstance
D/ShaderProgram(  674): couldn't load the vertex shader!
E/libEGL  (  674): call to OpenGL ES API with no current context (logged once per thread)
D/ShaderProgram(  674): couldn't load the vertex shader!
E/libEGL  (  674): call to OpenGL ES API with no current context (logged once per thread)
D/ShaderProgram(  674): couldn't load the vertex shader!
E/libEGL  (  674): call to OpenGL ES API with no current context (logged once per thread)
D/ShaderProgram(  674): couldn't load the vertex shader!
E/libEGL  (  674): call to OpenGL ES API with no current context (logged once per thread)
D/ShaderProgram(  674): couldn't load the vertex shader!
D/CallManager(  745): registerPhone(GSM Handler (com.android.internal.telephony.PhoneProxy) {41315670})
W/ActivityManager(  154): Unable to start service Intent { act=com.android.ussd.IExtendedNetworkService }: not found
D/dalvikvm(  745): GC_CONCURRENT freed 353K, 5% free 9401K/9863K, paused 4ms+40ms
F/NetworkStats(  154): problem reading network stats
F/NetworkStats(  154): java.lang.IllegalStateException: problem parsing idx 1
F/NetworkStats(  154): 	at com.android.internal.net.NetworkStatsFactory.readNetworkStatsDetail(NetworkStatsFactory.java:300)
F/NetworkStats(  154): 	at com.android.server.NetworkManagementService.getNetworkStatsUidDetail(NetworkManagementService.java:1282)
F/NetworkStats(  154): 	at com.android.server.net.NetworkStatsService.performPollLocked(NetworkStatsService.java:831)
F/NetworkStats(  154): 	at com.android.server.net.NetworkStatsService.updateIfacesLocked(NetworkStatsService.java:743)
F/NetworkStats(  154): 	at com.android.server.net.NetworkStatsService.updateIfaces(NetworkStatsService.java:721)
F/NetworkStats(  154): 	at com.android.server.net.NetworkStatsService.access$000(NetworkStatsService.java:128)
F/NetworkStats(  154): 	at com.android.server.net.NetworkStatsService$8.handleMessage(NetworkStatsService.java:1633)
F/NetworkStats(  154): 	at android.os.Handler.dispatchMessage(Handler.java:95)
F/NetworkStats(  154): 	at android.os.Looper.loop(Looper.java:137)
F/NetworkStats(  154): 	at android.os.HandlerThread.run(HandlerThread.java:60)
F/NetworkStats(  154): Caused by: java.io.FileNotFoundException: /proc/net/xt_qtaguid/stats: open failed: ENOENT (No such file or directory)
F/NetworkStats(  154): 	at libcore.io.IoBridge.open(IoBridge.java:406)
