I/APP     ( 5200): I 01/28/2013 16:26:23:746 00001467          GeoLocation| Creating singleton instance.
I/APP     ( 5200): I 01/28/2013 16:26:23:752 00001467            RhodesApp| Starting sync engine...
I/APP     ( 5200): I 01/28/2013 16:26:23:789 00001467                 Sync| sync_poll_interval: 0
I/APP     ( 5200): I 01/28/2013 16:26:23:795 00001467                 Sync| syncserver: 
I/APP     ( 5200): I 01/28/2013 16:26:23:835 00001467                 Sync| bulksync_state: 0
I/APP     ( 5200): I 01/28/2013 16:26:23:841 00001467            RhodesApp| RhoRubyInitApp...
I/APP     ( 5200): I 01/28/2013 16:26:23:877 00001467                  APP| init_app
I/APP     ( 5200): I 01/28/2013 16:26:23:907 00001467              RhoRuby| require_compiled: application
I/APP     ( 5200): I 01/28/2013 16:26:23:935 00001467                 Sync| Set notification. Source ID: -1;Url :http://localhost:8080/app/Settings/sync_notify; Params: 
I/APP     ( 5200): I 01/28/2013 16:26:23:970 00001467           HttpServer| Start HTTP server
I/APP     ( 5200): I 01/28/2013 16:26:23:994 00001467           HttpServer| Listen for connections on port 8080
I/APP     ( 5200): I 01/28/2013 16:26:24:019 00001467         AppCallbacks| addCommand: LOCAL-SERVER-STARTED
I/APP     ( 5200): I 01/28/2013 16:26:24:047 00001465         AppCallbacks| process command: LOCAL-SERVER-STARTED
I/APP     ( 5200): I 01/28/2013 16:26:24:069 00001465 RhodesAppActiveObserver| Ready
I/APP     ( 5200): I 01/28/2013 16:26:24:093 00001450 AndroidFunctionality| Disable WebView zoom
I/APP     ( 5200): I 01/28/2013 16:26:24:116 00001450 AndroidFunctionality| Set web plugins state 'OFF'
I/APP     ( 5200): I 01/28/2013 16:26:24:146 00001465    RhodesApplication| New AppState: AppActivated
I/APP     ( 5200): I 01/28/2013 16:26:24:166 00001465         AppCallbacks| process command: UI-CREATED
I/APP     ( 5200): I 01/28/2013 16:26:24:272 00001467           HttpServer| Process URI: '/system/uicreated'
I/APP     ( 5200): I 01/28/2013 16:26:24:295 00001467                  APP| on_ui_created.navigate to start url: '/app'
I/APP     ( 5200): I 01/28/2013 16:26:24:317 00001450         SplashScreen| navigate: url=http://localhost:8080/app
I/APP     ( 5200): I 01/28/2013 16:26:24:318 00001450         SplashScreen| DELAY for SplashScreen = 0
I/APP     ( 5200): I 01/28/2013 16:26:24:393 00001465         AppCallbacks| process command: APP-ACTIVATED
I/APP     ( 5200): I 01/28/2013 16:26:24:425 00001450        GoogleWebView| Creating new RhoWebChromeClient
I/APP     ( 5200): I 01/28/2013 16:26:24:477 00001450       SimpleMainView| Cleared URL: http://localhost:8080/app
I/APP     ( 5200): I 01/28/2013 16:26:24:509 00001467           HttpServer| Process URI: '/system/activateapp'
I/APP     ( 5200): I 01/28/2013 16:26:24:549 00001465         AppCallbacks| ThreadQueue blocked for 4294967295 seconds...
V/SimpleMainView.View( 5200): ms[1359386784575]  Main Window :: onSizeChanged() old [ 480 x 690 ]  new [ 0 x 0 ]
I/APP     ( 5200): I 01/28/2013 16:26:24:648 00001450        GoogleWebView| Setting RhoWebChromeClient
I/APP     ( 5200): I 01/28/2013 16:26:24:801 00001467           HttpServer| Process URI: '/app'
I/APP     ( 5200): I 01/28/2013 16:26:24:857 00001450     RhoWebViewClient| Loading URL: http://localhost:8080/app/index_erb.iseq
I/APP     ( 5200): I 01/28/2013 16:26:24:907 00001467           HttpServer| Process URI: '/app/index_erb.iseq'
I/APP     ( 5200): I 01/28/2013 16:26:24:934 00001467                  APP| RHO serve_index: /app/index_erb.iseq
I/APP     ( 5200): I 01/28/2013 16:26:24:956 00001467 RHO Rho::RhoController| inst_render_index
I/APP     ( 5200): I 01/28/2013 16:26:25:052 00001467 RHO Rho::RhoController| index layout
I/APP     ( 5200): I 01/28/2013 16:26:25:185 00001467           HttpServer| GC Start.
I/APP     ( 5200): I 01/28/2013 16:26:25:304 00001467           HttpServer| GC End.
I/APP     ( 5200): I 01/28/2013 16:26:25:489 00001467           HttpServer| Process URI: '/public/jquery/jquery-1.6.4.min.js'
I/APP     ( 5200): I 01/28/2013 16:26:25:674 00001467           HttpServer| Process URI: '/public/jquery/jquery.json-2.3.min.js'
I/APP     ( 5200): I 01/28/2013 16:26:25:783 00001467           HttpServer| Process URI: '/public/jqmobile/jquery.mobile-1.0.1.min.css'
I/APP     ( 5200): I 01/28/2013 16:26:25:920 00001467           HttpServer| Process URI: '/public/css/jqmobile-patch.css'
I/APP     ( 5200): I 01/28/2013 16:26:25:978 00001467           HttpServer| Process URI: '/public/jqmobile/jquery.mobile-1.0.1.min.js'
I/APP     ( 5200): I 01/28/2013 16:26:26:159 00001467           HttpServer| Process URI: '/public/js/jqmobile-patch.js'
I/APP     ( 5200): I 01/28/2013 16:26:26:238 00001467           HttpServer| Process URI: '/public/css/macotec_style.css'
I/APP     ( 5200): I 01/28/2013 16:26:29:406 00001467           HttpServer| Process URI: '/public/images/macotec/logo.png'
I/APP     ( 5200): I 01/28/2013 16:26:29:992 00001467           HttpServer| Process URI: '/public/images/macotec/request.png'
I/APP     ( 5200): I 01/28/2013 16:26:30:148 00001467           HttpServer| Process URI: '/public/images/macotec/contact.png'
I/APP     ( 5200): I 01/28/2013 16:26:30:209 00001467           HttpServer| Process URI: '/public/images/macotec/products.png'
I/APP     ( 5200): I 01/28/2013 16:26:30:279 00001467           HttpServer| Process URI: '/public/images/macotec/info.png'
I/APP     ( 5200): I 01/28/2013 16:26:32:364 00001467           HttpServer| Process URI: '/app/Product'
I/APP     ( 5200): I 01/28/2013 16:26:32:367 00001467                  APP| RHO serve: /app/Product
I/APP     ( 5200): I 01/28/2013 16:26:32:425 00001467              RhoRuby| require_compiled: Product/product_controller
I/APP     ( 5200): I 01/28/2013 16:26:32:484 00001467              RhoRuby| require_compiled: helpers/browser_helper
I/APP     ( 5200): I 01/28/2013 16:26:32:541 00001467                  APP| const_missing: Product
I/APP     ( 5200): I 01/28/2013 16:26:32:562 00001467                  APP| load_model: Product
I/APP     ( 5200): I 01/28/2013 16:26:32:590 00001467              RhoRuby| require_compiled: Product/product
I/APP     ( 5200): I 01/28/2013 16:26:32:721 00001467                  APP| model name: Product
I/APP     ( 5200): I 01/28/2013 16:26:32:761 00001467                  APP| model class found
I/APP     ( 5200): I 01/28/2013 16:26:32:786 00001467                  APP| Product : {"property"=>{}}
I/APP     ( 5200): I 01/28/2013 16:26:32:818 00001467                   DB| Open DB: /data/data/com.rhomobile.macotec/rhodata/db/syncdblocal.sqlite
I/APP     ( 5200): I 01/28/2013 16:26:32:882 00001467                  APP| init_db_sources
I/APP     ( 5200): I 01/28/2013 16:26:32:979 00001467                  APP| start_id: 40004
I/APP     ( 5200): I 01/28/2013 16:26:33:010 00001467                  APP| Migrate schema sources: {}
I/APP     ( 5200): I 01/28/2013 16:26:33:172 00001467           HttpServer| GC Start.
I/APP     ( 5200): I 01/28/2013 16:26:33:255 00001467           HttpServer| GC End.
I/APP     ( 5200): I 01/28/2013 16:26:33:857 00001467           HttpServer| Process URI: '/public/jqmobile/images/icons-36-white.png'
E/libEGL  ( 5200): call to OpenGL ES API with no current context (logged once per thread)
D/ShaderProgram( 5200): couldn't load the vertex shader!
E/libEGL  ( 5200): call to OpenGL ES API with no current context (logged once per thread)
D/ShaderProgram( 5200): couldn't load the vertex shader!
E/libEGL  ( 5200): call to OpenGL ES API with no current context (logged once per thread)
D/ShaderProgram( 5200): couldn't load the vertex shader!
E/libEGL  ( 5200): call to OpenGL ES API with no current context (logged once per thread)
D/ShaderProgram( 5200): couldn't load the vertex shader!
E/libEGL  ( 5200): call to OpenGL ES API with no current context (logged once per thread)
D/ShaderProgram( 5200): couldn't load the vertex shader!
I/APP     ( 5200): I 01/28/2013 16:26:38:264 00001467           HttpServer| Process URI: '/app/Product/sub_categories'
I/APP     ( 5200): I 01/28/2013 16:26:38:300 00001467                  APP| RHO serve: /app/Product/sub_categories
I/APP     ( 5200): I 01/28/2013 16:26:38:360 00001467                  APP| Params: {"product"=>"arbeitsbuehnen"}
I/APP     ( 5200): I 01/28/2013 16:26:38:559 00001467           HttpServer| GC Start.
I/APP     ( 5200): I 01/28/2013 16:26:38:641 00001467           HttpServer| GC End.
I/APP     ( 5200): I 01/28/2013 16:26:41:358 00001467           HttpServer| Process URI: '/app/Product/product_details'
I/APP     ( 5200): I 01/28/2013 16:26:41:360 00001467                  APP| RHO serve: /app/Product/product_details
I/APP     ( 5200): I 01/28/2013 16:26:41:411 00001467                  APP| Params: {"product"=>"scherenbuehnen"}
I/APP     ( 5200): I 01/28/2013 16:26:41:549 00001467           HttpServer| GC Start.
I/APP     ( 5200): I 01/28/2013 16:26:41:612 00001467           HttpServer| GC End.
I/APP     ( 5200): I 01/28/2013 16:26:49:810 00001467           HttpServer| Process URI: '/app/Product/sub_categories'
I/APP     ( 5200): I 01/28/2013 16:26:49:871 00001467                  APP| RHO serve: /app/Product/sub_categories
I/APP     ( 5200): I 01/28/2013 16:26:49:957 00001467                  APP| Params: {"product"=>"arbeitsbuehnen"}
I/APP     ( 5200): I 01/28/2013 16:26:50:121 00001467           HttpServer| GC Start.
I/APP     ( 5200): I 01/28/2013 16:26:50:270 00001467           HttpServer| GC End.
I/APP     ( 5200): I 01/28/2013 16:26:53:206 00001467           HttpServer| Process URI: '/app/Product/product_details'
I/APP     ( 5200): I 01/28/2013 16:26:53:208 00001467                  APP| RHO serve: /app/Product/product_details
I/APP     ( 5200): I 01/28/2013 16:26:53:264 00001467                  APP| Params: {"product"=>"teleskopbuehnen"}
I/APP     ( 5200): I 01/28/2013 16:26:53:388 00001467           HttpServer| GC Start.
I/APP     ( 5200): I 01/28/2013 16:26:53:477 00001467           HttpServer| GC End.
D/AndroidRuntime( 5238): 
D/AndroidRuntime( 5238): >>>>>> AndroidRuntime START com.android.internal.os.RuntimeInit <<<<<<
D/AndroidRuntime( 5238): CheckJNI is ON
D/AndroidRuntime( 5238): Calling main entry com.android.commands.pm.Pm
W/ActivityManager(   77): No content provider found for permission revoke: file:///data/local/tmp/macotec-debug.apk
W/ActivityManager(   77): No content provider found for permission revoke: file:///data/local/tmp/macotec-debug.apk
D/dalvikvm(   77): GC_CONCURRENT freed 357K, 20% free 11562K/14279K, paused 7ms+8ms
D/dalvikvm(   77): GC_CONCURRENT freed 312K, 18% free 11767K/14279K, paused 8ms+9ms
D/dalvikvm(   77): GC_CONCURRENT freed 571K, 18% free 11773K/14279K, paused 13ms+13ms
D/dalvikvm(   77): GC_CONCURRENT freed 580K, 18% free 11776K/14279K, paused 13ms+7ms
D/dalvikvm(   77): GC_CONCURRENT freed 584K, 18% free 11782K/14279K, paused 6ms+8ms
D/dalvikvm(   77): GC_CONCURRENT freed 625K, 18% free 11786K/14279K, paused 12ms+8ms
I/PackageManager(   77): Removing non-system package:com.rhomobile.macotec
I/ActivityManager(   77): Force stopping package com.rhomobile.macotec uid=10040
I/ActivityManager(   77): Killing proc 5200:com.rhomobile.macotec/10040: force stop
W/ActivityManager(   77): Force removing ActivityRecord{4135dc50 com.rhomobile.macotec/com.rhomobile.rhodes.RhodesActivity}: app died, no saved state
I/WindowManager(   77): WIN DEATH: Window{415f10e8 com.rhomobile.macotec/com.rhomobile.rhodes.RhodesActivity paused=false}
W/NetworkManagementSocketTagger(   77): setKernelCountSet(10040, 0) failed with errno -2
W/NetworkManagementSocketTagger(   77): setKernelCountSet(10009, 1) failed with errno -2
I/PackageManager(   77): Package com.rhomobile.macotec codePath changed from /data/app/com.rhomobile.macotec-2.apk to /data/app/com.rhomobile.macotec-1.apk; Retaining data and using new
I/Process (   77): Sending signal. PID: 194 SIG: 3
I/dalvikvm(  194): threadid=3: reacting to signal 3
W/InputManagerService(   77): Got RemoteException sending setActive(false) notification to pid 5200 uid 10040
I/dalvikvm(  194): Wrote stack traces to '/data/anr/traces.txt'
D/dalvikvm(  194): GC_CONCURRENT freed 3175K, 23% free 18006K/23175K, paused 4ms+10ms
D/dalvikvm(  194): GC_FOR_ALLOC freed 1671K, 26% free 17277K/23175K, paused 56ms
D/dalvikvm(  194): GC_FOR_ALLOC freed 1643K, 25% free 17535K/23175K, paused 56ms
D/dalvikvm(  194): GC_FOR_ALLOC freed 274K, 23% free 18076K/23175K, paused 80ms
D/dalvikvm(  194): GC_CONCURRENT freed 1209K, 19% free 18882K/23175K, paused 4ms+8ms
I/PackageManager(   77): Running dexopt on: com.rhomobile.macotec
D/dalvikvm( 5249): DexOpt: load 89ms, verify+opt 488ms
W/PackageManager(   77): Code path for pkg : com.rhomobile.macotec changing from /data/app/com.rhomobile.macotec-2.apk to /data/app/com.rhomobile.macotec-1.apk
W/PackageManager(   77): Resource path for pkg : com.rhomobile.macotec changing from /data/app/com.rhomobile.macotec-2.apk to /data/app/com.rhomobile.macotec-1.apk
I/ActivityManager(   77): Force stopping package com.rhomobile.macotec uid=10040
D/PackageManager(   77): New package installed in /data/app/com.rhomobile.macotec-1.apk
D/dalvikvm(   77): GC_CONCURRENT freed 569K, 18% free 11822K/14279K, paused 21ms+21ms
I/ActivityManager(   77): Force stopping package com.rhomobile.macotec uid=10040
D/dalvikvm(  194): GC_EXPLICIT freed 1769K, 25% free 17424K/23175K, paused 4ms+10ms
D/dalvikvm(  220): GC_EXPLICIT freed 152K, 4% free 9411K/9735K, paused 3ms+5ms
D/dalvikvm(   77): GC_EXPLICIT freed 542K, 21% free 11389K/14279K, paused 5ms+9ms
D/PackageManager(   77): generateServicesMap(android.accounts.AccountAuthenticator): 2 services unchanged
D/PackageManager(   77): generateServicesMap(android.content.SyncAdapter): 4 services unchanged
D/BackupManagerService(   77): Received broadcast Intent { act=android.intent.action.PACKAGE_REMOVED dat=package:com.rhomobile.macotec flg=0x10000010 (has extras) }
I/AccountTypeManager(  299): Loaded meta-data for 1 account types, 0 accounts in 9ms(wall) 6ms(cpu)
D/PackageManager(   77): generateServicesMap(android.accounts.AccountAuthenticator): 2 services unchanged
D/PackageManager(   77): generateServicesMap(android.content.SyncAdapter): 4 services unchanged
D/BackupManagerService(   77): Received broadcast Intent { act=android.intent.action.PACKAGE_ADDED dat=package:com.rhomobile.macotec flg=0x10000010 (has extras) }
V/BackupManagerService(   77): updatePackageParticipantsLocked: #1
W/RecognitionManagerService(   77): no available voice recognition services found
I/AccountTypeManager(  299): Loaded meta-data for 1 account types, 0 accounts in 179ms(wall) 6ms(cpu)
D/dalvikvm(  194): GC_FOR_ALLOC freed 3098K, 33% free 15748K/23175K, paused 123ms
D/BackupManagerService(   77): Received broadcast Intent { act=android.intent.action.PACKAGE_REPLACED dat=package:com.rhomobile.macotec flg=0x10000010 (has extras) }
V/BackupManagerService(   77): updatePackageParticipantsLocked: #1
D/dalvikvm(   77): GC_CONCURRENT freed 463K, 20% free 11517K/14279K, paused 8ms+49ms
D/dalvikvm(  194): GC_CONCURRENT freed 2744K, 36% free 15052K/23175K, paused 4ms+30ms
D/dalvikvm(  194): GC_FOR_ALLOC freed 2000K, 37% free 14718K/23175K, paused 55ms
D/dalvikvm(  194): GC_FOR_ALLOC freed 6K, 33% free 15746K/23175K, paused 50ms
D/dalvikvm(  194): GC_FOR_ALLOC freed 335K, 27% free 17064K/23175K, paused 52ms
D/dalvikvm(  194): GC_FOR_ALLOC freed 1613K, 26% free 17186K/23175K, paused 51ms
D/dalvikvm(   77): GC_EXPLICIT freed 199K, 21% free 11364K/14279K, paused 4ms+8ms
D/dalvikvm(  194): GC_FOR_ALLOC freed 1654K, 26% free 17340K/23175K, paused 68ms
D/AndroidRuntime( 5238): Shutting down VM
D/dalvikvm( 5238): GC_CONCURRENT freed 97K, 79% free 450K/2048K, paused 0ms+1ms
I/AndroidRuntime( 5238): NOTE: attach of thread 'Binder Thread #3' failed
D/dalvikvm(  194): GC_FOR_ALLOC freed 1239K, 24% free 17649K/23175K, paused 225ms
D/dalvikvm(  194): GC_FOR_ALLOC freed 381K, 18% free 19146K/23175K, paused 119ms
D/AndroidRuntime( 5257): 
D/AndroidRuntime( 5257): >>>>>> AndroidRuntime START com.android.internal.os.RuntimeInit <<<<<<
D/AndroidRuntime( 5257): CheckJNI is ON
D/AndroidRuntime( 5257): Calling main entry com.android.commands.am.Am
I/ActivityManager(   77): START {act=android.intent.action.MAIN flg=0x10000000 cmp=com.rhomobile.macotec/com.rhomobile.rhodes.RhodesActivity} from pid 5257
W/WindowManager(   77): Failure taking screenshot for (180x273) to layer 21020
D/AndroidRuntime( 5257): Shutting down VM
D/dalvikvm( 5257): GC_CONCURRENT freed 97K, 77% free 480K/2048K, paused 0ms+2ms
I/AndroidRuntime( 5257): NOTE: attach of thread 'Binder Thread #3' failed
I/ActivityManager(   77): Start proc com.rhomobile.macotec for activity com.rhomobile.macotec/com.rhomobile.rhodes.RhodesActivity: pid=5267 uid=10040 gids={3003}
I/dalvikvm( 5267): Turning on JNI app bug workarounds for target SDK version 4...
W/NetworkManagementSocketTagger(   77): setKernelCountSet(10040, 1) failed with errno -2
I/Process (   77): Sending signal. PID: 5267 SIG: 3
I/dalvikvm( 5267): threadid=3: reacting to signal 3
I/dalvikvm( 5267): Wrote stack traces to '/data/anr/traces.txt'
D/dalvikvm( 5267): Trying to load lib /data/data/com.rhomobile.macotec/lib/librhodes.so 0x412a21b0
D/dalvikvm( 5267): Added shared lib /data/data/com.rhomobile.macotec/lib/librhodes.so 0x412a21b0
D/dalvikvm( 5267): Trying to load lib /data/data/com.rhomobile.macotec/lib/librhodes.so 0x412a21b0
D/dalvikvm( 5267): Shared lib '/data/data/com.rhomobile.macotec/lib/librhodes.so' already loaded in same CL 0x412a21b0
I/ActivityThread( 5267): Pub com.rhomobile.macotec: com.rhomobile.rhodes.LocalFileProvider
I/Process (   77): Sending signal. PID: 5267 SIG: 3
I/dalvikvm( 5267): threadid=3: reacting to signal 3
I/dalvikvm( 5267): Wrote stack traces to '/data/anr/traces.txt'
I/RhodesApplication( 5267): Initializing...
D/RhoFileApi( 5267): App root path: /data/data/com.rhomobile.macotec/rhodata/
D/RhoFileApi( 5267): Sqlite journals path: /data/data/com.rhomobile.macotec/sqlite_stmt_journals/
D/RhoFileApi( 5267): Shared path: /data/data/com.rhomobile.macotec/rhodata/
D/RhodesApplication( 5267): Root path: /data/data/com.rhomobile.macotec/rhodata/
I/RhodesApplication( 5267): Application hash was changed
D/RhoFileApi( 5267): Copy hash to FS
D/RhoFileApi( 5267): File hash copied
D/RhoFileApi( 5267): Copy rho.dat to FS
D/RhoFileApi( 5267): File rho.dat copied
D/RhoFileApi( 5267): Copy apps/rhoconfig.txt to FS
D/RhoFileApi( 5267): File apps/rhoconfig.txt copied
I/RhoFileApi( 5267): Opening stat table from FS: /data/data/com.rhomobile.macotec/rhodata/rho.dat
I/Process (   77): Sending signal. PID: 5267 SIG: 3
I/dalvikvm( 5267): threadid=3: reacting to signal 3
I/dalvikvm( 5267): Wrote stack traces to '/data/anr/traces.txt'
D/RhoFileApi( 5267): Copy apps/rhoconfig.txt to FS
D/RhoFileApi( 5267): File apps/rhoconfig.txt copied
D/RhoFileApi( 5267): App root path: /data/data/com.rhomobile.macotec/rhodata/
D/RhoFileApi( 5267): Sqlite journals path: /data/data/com.rhomobile.macotec/sqlite_stmt_journals/
D/RhoFileApi( 5267): Shared path: /data/data/com.rhomobile.macotec/rhodata/
I/APP     ( 5267): I 01/28/2013 16:27:59:601 00001493    RhodesApplication| Initialized
I/APP     ( 5267): I 01/28/2013 16:27:59:680 00001493         BaseActivity| New screen properties - width: 480, height: 728, orientation: 1
I/Process (   77): Sending signal. PID: 5267 SIG: 3
I/dalvikvm( 5267): threadid=3: reacting to signal 3
I/dalvikvm( 5267): Wrote stack traces to '/data/anr/traces.txt'
I/APP     ( 5267): I 01/28/2013 16:28:00:131 00001493         SplashScreen| Looking for start page source
I/Process (   77): Sending signal. PID: 5267 SIG: 3
I/dalvikvm( 5267): threadid=3: reacting to signal 3
I/dalvikvm( 5267): Wrote stack traces to '/data/anr/traces.txt'
D/dalvikvm( 5267): GC_CONCURRENT freed 287K, 5% free 9212K/9607K, paused 5ms+4ms
D/dalvikvm( 5267): GC_FOR_ALLOC freed 9K, 5% free 9222K/9607K, paused 39ms
I/dalvikvm-heap( 5267): Grow heap (frag case) to 12.141MB for 3217300-byte allocation
I/Process (   77): Sending signal. PID: 5267 SIG: 3
I/dalvikvm( 5267): threadid=3: reacting to signal 3
I/dalvikvm( 5267): Wrote stack traces to '/data/anr/traces.txt'
D/dalvikvm( 5267): GC_CONCURRENT freed <1K, 4% free 12364K/12807K, paused 18ms+3ms
I/Process (   77): Sending signal. PID: 5267 SIG: 3
I/dalvikvm( 5267): threadid=3: reacting to signal 3
I/dalvikvm( 5267): Wrote stack traces to '/data/anr/traces.txt'
I/APP     ( 5267): I 01/28/2013 16:28:01:334 00001493         SplashScreen| Done
I/APP     ( 5267): I 01/28/2013 16:28:01:397 00001493    RhodesApplication| New UiState: MainActivityCreated
I/APP     ( 5267): I 01/28/2013 16:28:01:422 00001493       RhodesActivity| onStart
I/APP     ( 5267): I 01/28/2013 16:28:01:444 00001493    RhodesApplication| New UiState: MainActivityStarted
I/APP     ( 5267): I 01/28/2013 16:28:01:482 00001493       RhodesActivity| onResume
I/APP     ( 5267): I 01/28/2013 16:28:01:511 00001493 AndroidFunctionality| Resume WebView
I/APP     ( 5267): I 01/28/2013 16:28:01:580 00001493        RhodesService| onCreate
I/APP     ( 5267): I 01/28/2013 16:28:01:623 00001493    LocalFileProvider| Revoke URI permissions: content:///com.rhomobile.macotec
W/ActivityManager(   77): No content provider found for permission revoke: content:///com.rhomobile.macotec
I/APP     ( 5267): I 01/28/2013 16:28:01:655 00001493               Rhodes| Loading...
I/APP     ( 5267): I 01/28/2013 16:28:01:690 00001493            RhodesApp| Trying to get free listening port.
I/APP     ( 5267): I 01/28/2013 16:28:01:715 00001493            RhodesApp| Trying to bind of 8080 port...
I/Process (   77): Sending signal. PID: 5267 SIG: 3
I/dalvikvm( 5267): threadid=3: reacting to signal 3
I/dalvikvm( 5267): Wrote stack traces to '/data/anr/traces.txt'
I/APP     ( 5267): I 01/28/2013 16:28:01:798 00001493            RhodesApp| Got port to bind on: 8080
I/APP     ( 5267): I 01/28/2013 16:28:01:816 00001493            RhodesApp| Free listening port: 8080
I/APP     ( 5267): I 01/28/2013 16:28:01:834 000014a8         AppCallbacks| Starting main routine...
I/APP     ( 5267): I 01/28/2013 16:28:01:859 000014a8         AppCallbacks| ThreadQueue blocked for 4294967295 seconds...
I/APP     ( 5267): I 01/28/2013 16:28:02:029 00001493        RhodesService| Push is disabled
I/APP     ( 5267): I 01/28/2013 16:28:02:083 00001493            RhodesApp| callAppActiveCallback
I/APP     ( 5267): I 01/28/2013 16:28:02:109 00001493         AppCallbacks| addCommand: APP-ACTIVATED
I/APP     ( 5267): I 01/28/2013 16:28:02:117 000014a8         AppCallbacks| Received command APP-ACTIVATED which is greater than expected (LOCAL-SERVER-STARTED) - postpone it
I/APP     ( 5267): I 01/28/2013 16:28:02:118 000014a8         AppCallbacks| ThreadQueue blocked for 4294967295 seconds...
I/APP     ( 5267): I 01/28/2013 16:28:02:161 00001493         AppActivated| Cannot commit now, application will be activated when started.
I/APP     ( 5267): I 01/28/2013 16:28:02:168 00001493    RhodesApplication| New AppState: Undefined
D/RhodesService( 5267): +++ onStartCommand
I/APP     ( 5267): I 01/28/2013 16:28:02:208 000014aa            RhodesApp| Starting RhodesApp main routine...
I/Process (   77): Sending signal. PID: 5267 SIG: 3
I/dalvikvm( 5267): threadid=3: reacting to signal 3
I/dalvikvm( 5267): Wrote stack traces to '/data/anr/traces.txt'
I/RhodesService( 5267): handleCommand: startId=1, source=com.rhomobile.rhodes.BaseActivity
D/RhodesService( 5267): New activity was created
I/APP     ( 5267): I 01/28/2013 16:28:02:422 00001493        RhodesService| onBind
I/APP     ( 5267): I 01/28/2013 16:28:02:512 00001493         AppCallbacks| addCommand: UI-CREATED
I/APP     ( 5267): I 01/28/2013 16:28:02:534 000014a8         AppCallbacks| Received command UI-CREATED which is greater than expected (LOCAL-SERVER-STARTED) - postpone it
I/APP     ( 5267): I 01/28/2013 16:28:02:535 000014a8         AppCallbacks| ThreadQueue blocked for 4294967295 seconds...
V/PhoneStatusBar(  130): setLightsOn(true)
I/APP     ( 5267): I 01/28/2013 16:28:02:726 00001493       RhodesActivity| onServiceConnected: {com.rhomobile.macotec/com.rhomobile.rhodes.RhodesService}
I/Process (   77): Sending signal. PID: 5267 SIG: 3
I/dalvikvm( 5267): threadid=3: reacting to signal 3
I/dalvikvm( 5267): Wrote stack traces to '/data/anr/traces.txt'
I/APP     ( 5267): I 01/28/2013 16:28:02:860 00001493       RhodesActivity| New start parameters: 
I/APP     ( 5267): I 01/28/2013 16:28:02:866 00001493            RhodesApp| New start params: 
D/gralloc_goldfish( 5267): Emulator without GPU emulation detected.
I/Process (   77): Sending signal. PID: 5267 SIG: 3
I/dalvikvm( 5267): threadid=3: reacting to signal 3
I/dalvikvm( 5267): Wrote stack traces to '/data/anr/traces.txt'
I/ActivityManager(   77): Displayed com.rhomobile.macotec/com.rhomobile.rhodes.RhodesActivity: +6s284ms
I/APP     ( 5267): I 01/28/2013 16:28:04:158 000014aa              RhoRuby| Init_RhoBlobs: /data/data/com.rhomobile.macotec/rhodata/db/db-files
W/InputManagerService(   77): Starting input on non-focused client com.android.internal.view.IInputMethodClient$Stub$Proxy@415a66a8 (uid=10009 pid=194)
I/APP     ( 5267): I 01/28/2013 16:28:04:345 000014aa              RhoRuby| require_compiled: rhoframework
I/APP     ( 5267): I 01/28/2013 16:28:04:490 000014aa              RhoRuby| require_compiled: rational
I/APP     ( 5267): I 01/28/2013 16:28:04:557 000014aa              RhoRuby| require_compiled: rhom/rhom_db_adapter
I/APP     ( 5267): I 01/28/2013 16:28:04:709 000014aa              RhoRuby| require_compiled: rhodes
I/APP     ( 5267): I 01/28/2013 16:28:04:777 000014aa              RhoRuby| require_compiled: rhom/rhom_object
I/APP     ( 5267): I 01/28/2013 16:28:04:843 000014aa              RhoRuby| require_compiled: rhofsconnector
I/APP     ( 5267): I 01/28/2013 16:28:04:887 000014aa              RhoRuby| require_compiled: rho/rhofsconnector
I/APP     ( 5267): I 01/28/2013 16:28:04:952 000014aa              RhoRuby| require_compiled: rhom/rhom_object_factory
W/NetworkManagementSocketTagger(   77): setKernelCountSet(10009, 0) failed with errno -2
I/APP     ( 5267): I 01/28/2013 16:28:05:273 000014aa              RhoRuby| require_compiled: rhom/rhom
I/APP     ( 5267): I 01/28/2013 16:28:05:361 000014aa              RhoRuby| require_compiled: rhom/rhom_model
I/APP     ( 5267): I 01/28/2013 16:28:05:441 000014aa              RhoRuby| require_compiled: rhom
I/APP     ( 5267): I 01/28/2013 16:28:05:481 000014aa              RhoRuby| require_compiled: rho/rhoapplication
I/APP     ( 5267): I 01/28/2013 16:28:05:587 000014aa              RhoRuby| require_compiled: rholang/localization_simplified
I/APP     ( 5267): I 01/28/2013 16:28:05:673 000014aa              RhoRuby| require_compiled: rho/rhomsg
I/APP     ( 5267): I 01/28/2013 16:28:05:720 000014aa              RhoRuby| require_compiled: rho/rhotabbar
I/APP     ( 5267): I 01/28/2013 16:28:05:784 000014aa              RhoRuby| require_compiled: rho/rhotoolbar
I/APP     ( 5267): I 01/28/2013 16:28:05:821 000014aa                  APP| Current locale: ; Country code: 
I/APP     ( 5267): I 01/28/2013 16:28:05:857 000014aa                  APP| Locilized file: /data/data/com.rhomobile.macotec/rhodata/lib/rholang/lang_
I/APP     ( 5267): I 01/28/2013 16:28:05:889 000014aa              RhoRuby| require_compiled: /data/data/com.rhomobile.macotec/rhodata/lib/rholang/lang_en
I/APP     ( 5267): I 01/28/2013 16:28:05:926 000014aa                  APP| Locilized file: /data/data/com.rhomobile.macotec/rhodata/apps/app/lang/lang_
I/APP     ( 5267): I 01/28/2013 16:28:05:971 000014aa                  APP| Locilized file: /data/data/com.rhomobile.macotec/rhodata/lib/rholang/rhoerror_
I/APP     ( 5267): I 01/28/2013 16:28:05:995 000014aa              RhoRuby| require_compiled: /data/data/com.rhomobile.macotec/rhodata/lib/rholang/rhoerror_en
I/APP     ( 5267): I 01/28/2013 16:28:06:028 000014aa                  APP| Locilized file: /data/data/com.rhomobile.macotec/rhodata/lib/rholang/rhomsg_
I/APP     ( 5267): I 01/28/2013 16:28:06:050 000014aa              RhoRuby| require_compiled: /data/data/com.rhomobile.macotec/rhodata/lib/rholang/rhomsg_en
I/APP     ( 5267): I 01/28/2013 16:28:06:103 000014aa              RhoRuby| require_compiled: indifferent_access
I/APP     ( 5267): I 01/28/2013 16:28:06:172 000014aa              RhoRuby| require_compiled: rho/rhosupport
I/APP     ( 5267): I 01/28/2013 16:28:06:315 000014aa              RhoRuby| require_compiled: rho/rhocontroller
I/APP     ( 5267): I 01/28/2013 16:28:06:398 000014aa              RhoRuby| require_compiled: rho/render
I/APP     ( 5267): I 01/28/2013 16:28:06:498 000014aa              RhoRuby| require_compiled: rho/rho
I/APP     ( 5267): I 01/28/2013 16:28:06:707 000014aa              RhoRuby| require_compiled: rho/rhoerror
I/APP     ( 5267): I 01/28/2013 16:28:06:758 000014aa              RhoRuby| require_compiled: rhom/rhom_source
I/APP     ( 5267): I 01/28/2013 16:28:06:855 000014aa              RhoRuby| require_compiled: rho/rhoviewhelpers
I/APP     ( 5267): I 01/28/2013 16:28:06:933 000014aa              RhoRuby| require_compiled: rho
I/APP     ( 5267): I 01/28/2013 16:28:06:996 000014aa                  APP| RHO loaded
I/APP     ( 5267): I 01/28/2013 16:28:07:017 000014aa                  APP| Calling RHO.initialize
I/APP     ( 5267): I 01/28/2013 16:28:07:040 000014aa                  APP| model file: Menu/menu
I/APP     ( 5267): I 01/28/2013 16:28:07:081 000014aa                  APP| model file: Product/product
I/APP     ( 5267): I 01/28/2013 16:28:07:105 000014aa                   DB| Open DB: /data/data/com.rhomobile.macotec/rhodata/db/syncdbuser.sqlite
I/APP     ( 5267): I 01/28/2013 16:28:07:164 000014aa          GeoLocation| Creating singleton instance.
I/APP     ( 5267): I 01/28/2013 16:28:07:171 000014aa            RhodesApp| Starting sync engine...
I/APP     ( 5267): I 01/28/2013 16:28:07:205 000014aa                 Sync| sync_poll_interval: 0
I/APP     ( 5267): I 01/28/2013 16:28:07:223 000014aa                 Sync| syncserver: 
I/APP     ( 5267): I 01/28/2013 16:28:07:263 000014aa                 Sync| bulksync_state: 0
I/APP     ( 5267): I 01/28/2013 16:28:07:283 000014aa            RhodesApp| RhoRubyInitApp...
I/APP     ( 5267): I 01/28/2013 16:28:07:305 000014aa                  APP| init_app
I/APP     ( 5267): I 01/28/2013 16:28:07:326 000014aa              RhoRuby| require_compiled: application
I/APP     ( 5267): I 01/28/2013 16:28:07:373 000014aa                 Sync| Set notification. Source ID: -1;Url :http://localhost:8080/app/Settings/sync_notify; Params: 
I/APP     ( 5267): I 01/28/2013 16:28:07:380 000014aa           HttpServer| Start HTTP server
I/APP     ( 5267): I 01/28/2013 16:28:07:407 000014aa           HttpServer| Listen for connections on port 8080
I/APP     ( 5267): I 01/28/2013 16:28:07:440 000014aa         AppCallbacks| addCommand: LOCAL-SERVER-STARTED
I/APP     ( 5267): I 01/28/2013 16:28:07:446 000014a8         AppCallbacks| process command: LOCAL-SERVER-STARTED
I/APP     ( 5267): I 01/28/2013 16:28:07:447 000014a8 RhodesAppActiveObserver| Ready
I/APP     ( 5267): I 01/28/2013 16:28:07:492 00001493 AndroidFunctionality| Disable WebView zoom
I/APP     ( 5267): I 01/28/2013 16:28:07:513 00001493 AndroidFunctionality| Set web plugins state 'OFF'
I/APP     ( 5267): I 01/28/2013 16:28:07:606 000014a8    RhodesApplication| New AppState: AppActivated
I/APP     ( 5267): I 01/28/2013 16:28:07:690 000014a8         AppCallbacks| process command: UI-CREATED
I/APP     ( 5267): I 01/28/2013 16:28:07:814 000014aa           HttpServer| Process URI: '/system/uicreated'
I/APP     ( 5267): I 01/28/2013 16:28:07:840 000014aa                  APP| on_ui_created.navigate to start url: '/app'
I/APP     ( 5267): I 01/28/2013 16:28:07:864 00001493         SplashScreen| navigate: url=http://localhost:8080/app
I/APP     ( 5267): I 01/28/2013 16:28:07:866 00001493         SplashScreen| DELAY for SplashScreen = 0
I/APP     ( 5267): I 01/28/2013 16:28:07:934 000014a8         AppCallbacks| process command: APP-ACTIVATED
I/APP     ( 5267): I 01/28/2013 16:28:07:969 00001493        GoogleWebView| Creating new RhoWebChromeClient
I/APP     ( 5267): I 01/28/2013 16:28:08:032 00001493       SimpleMainView| Cleared URL: http://localhost:8080/app
I/APP     ( 5267): I 01/28/2013 16:28:08:089 000014aa           HttpServer| Process URI: '/system/activateapp'
I/APP     ( 5267): I 01/28/2013 16:28:08:119 000014a8         AppCallbacks| ThreadQueue blocked for 4294967295 seconds...
V/SimpleMainView.View( 5267): ms[1359386888189]  Main Window :: onSizeChanged() old [ 480 x 690 ]  new [ 0 x 0 ]
I/APP     ( 5267): I 01/28/2013 16:28:08:316 00001493        GoogleWebView| Setting RhoWebChromeClient
I/APP     ( 5267): I 01/28/2013 16:28:08:545 000014aa           HttpServer| Process URI: '/app'
I/APP     ( 5267): I 01/28/2013 16:28:08:638 00001493     RhoWebViewClient| Loading URL: http://localhost:8080/app/index_erb.iseq
I/APP     ( 5267): I 01/28/2013 16:28:08:767 000014aa           HttpServer| Process URI: '/app/index_erb.iseq'
I/APP     ( 5267): I 01/28/2013 16:28:08:773 000014aa                  APP| RHO serve_index: /app/index_erb.iseq
I/APP     ( 5267): I 01/28/2013 16:28:08:840 000014aa RHO Rho::RhoController| inst_render_index
I/APP     ( 5267): I 01/28/2013 16:28:08:960 000014aa RHO Rho::RhoController| index layout
I/APP     ( 5267): I 01/28/2013 16:28:09:087 000014aa           HttpServer| GC Start.
I/APP     ( 5267): I 01/28/2013 16:28:09:212 000014aa           HttpServer| GC End.
I/APP     ( 5267): I 01/28/2013 16:28:09:675 000014aa           HttpServer| Process URI: '/public/jquery/jquery-1.6.4.min.js'
I/APP     ( 5267): I 01/28/2013 16:28:09:890 000014aa           HttpServer| Process URI: '/public/jquery/jquery.json-2.3.min.js'
I/APP     ( 5267): I 01/28/2013 16:28:09:969 000014aa           HttpServer| Process URI: '/public/jqmobile/jquery.mobile-1.0.1.min.css'
I/APP     ( 5267): I 01/28/2013 16:28:10:174 000014aa           HttpServer| Process URI: '/public/css/jqmobile-patch.css'
I/APP     ( 5267): I 01/28/2013 16:28:10:219 000014aa           HttpServer| Process URI: '/public/jqmobile/jquery.mobile-1.0.1.min.js'
I/APP     ( 5267): I 01/28/2013 16:28:10:370 000014aa           HttpServer| Process URI: '/public/js/jqmobile-patch.js'
I/APP     ( 5267): I 01/28/2013 16:28:10:410 000014aa           HttpServer| Process URI: '/public/css/macotec_style.css'
I/APP     ( 5267): I 01/28/2013 16:28:13:828 000014aa           HttpServer| Process URI: '/public/images/macotec/logo.png'
I/APP     ( 5267): I 01/28/2013 16:28:14:429 000014aa           HttpServer| Process URI: '/public/images/macotec/request.png'
I/APP     ( 5267): I 01/28/2013 16:28:14:590 000014aa           HttpServer| Process URI: '/public/images/macotec/contact.png'
I/APP     ( 5267): I 01/28/2013 16:28:14:655 000014aa           HttpServer| Process URI: '/public/images/macotec/products.png'
I/APP     ( 5267): I 01/28/2013 16:28:14:728 000014aa           HttpServer| Process URI: '/public/images/macotec/info.png'
