I/ActivityManager(   77): Killing proc 3664:com.rhomobile.macotec/10040: force stop
W/ActivityManager(   77): Force removing ActivityRecord{414afd30 com.rhomobile.macotec/com.rhomobile.rhodes.RhodesActivity}: app died, no saved state
W/NetworkManagementSocketTagger(   77): setKernelCountSet(10040, 0) failed with errno -2
W/NetworkManagementSocketTagger(   77): setKernelCountSet(10009, 1) failed with errno -2
I/WindowManager(   77): WIN DEATH: Window{415142a0 com.rhomobile.macotec/com.rhomobile.rhodes.RhodesActivity paused=false}
I/PackageManager(   77): Package com.rhomobile.macotec codePath changed from /data/app/com.rhomobile.macotec-1.apk to /data/app/com.rhomobile.macotec-2.apk; Retaining data and using new
I/PackageManager(   77): Running dexopt on: com.rhomobile.macotec
D/dalvikvm( 3712): DexOpt: load 92ms, verify+opt 521ms
W/PackageManager(   77): Code path for pkg : com.rhomobile.macotec changing from /data/app/com.rhomobile.macotec-1.apk to /data/app/com.rhomobile.macotec-2.apk
W/PackageManager(   77): Resource path for pkg : com.rhomobile.macotec changing from /data/app/com.rhomobile.macotec-1.apk to /data/app/com.rhomobile.macotec-2.apk
I/ActivityManager(   77): Force stopping package com.rhomobile.macotec uid=10040
D/PackageManager(   77): New package installed in /data/app/com.rhomobile.macotec-2.apk
I/ActivityManager(   77): Force stopping package com.rhomobile.macotec uid=10040
D/dalvikvm(  179): GC_EXPLICIT freed 223K, 6% free 11327K/12039K, paused 27ms+5ms
D/dalvikvm(  224): GC_EXPLICIT freed 147K, 4% free 9387K/9735K, paused 4ms+4ms
D/dalvikvm(   77): GC_EXPLICIT freed 525K, 9% free 11777K/12871K, paused 10ms+15ms
D/PackageManager(   77): generateServicesMap(android.accounts.AccountAuthenticator): 2 services unchanged
D/PackageManager(   77): generateServicesMap(android.content.SyncAdapter): 4 services unchanged
D/BackupManagerService(   77): Received broadcast Intent { act=android.intent.action.PACKAGE_REMOVED dat=package:com.rhomobile.macotec flg=0x10000010 (has extras) }
I/AccountTypeManager(  303): Loaded meta-data for 1 account types, 0 accounts in 480ms(wall) 7ms(cpu)
D/PackageManager(   77): generateServicesMap(android.accounts.AccountAuthenticator): 2 services unchanged
D/PackageManager(   77): generateServicesMap(android.content.SyncAdapter): 4 services unchanged
D/BackupManagerService(   77): Received broadcast Intent { act=android.intent.action.PACKAGE_ADDED dat=package:com.rhomobile.macotec flg=0x10000010 (has extras) }
V/BackupManagerService(   77): updatePackageParticipantsLocked: #1
W/RecognitionManagerService(   77): no available voice recognition services found
I/AccountTypeManager(  303): Loaded meta-data for 1 account types, 0 accounts in 226ms(wall) 5ms(cpu)
D/BackupManagerService(   77): Received broadcast Intent { act=android.intent.action.PACKAGE_REPLACED dat=package:com.rhomobile.macotec flg=0x10000010 (has extras) }
V/BackupManagerService(   77): updatePackageParticipantsLocked: #1
D/dalvikvm(   77): GC_EXPLICIT freed 1011K, 12% free 11407K/12871K, paused 5ms+9ms
D/AndroidRuntime( 3701): Shutting down VM
D/dalvikvm( 3701): GC_CONCURRENT freed 97K, 79% free 450K/2048K, paused 1ms+1ms
I/AndroidRuntime( 3701): NOTE: attach of thread 'Binder Thread #3' failed
D/AndroidRuntime( 3720): 
D/AndroidRuntime( 3720): >>>>>> AndroidRuntime START com.android.internal.os.RuntimeInit <<<<<<
D/AndroidRuntime( 3720): CheckJNI is ON
D/AndroidRuntime( 3720): Calling main entry com.android.commands.am.Am
I/ActivityManager(   77): START {act=android.intent.action.MAIN flg=0x10000000 cmp=com.rhomobile.macotec/com.rhomobile.rhodes.RhodesActivity} from pid 3720
W/WindowManager(   77): Failure taking screenshot for (180x273) to layer 21005
D/AndroidRuntime( 3720): Shutting down VM
D/dalvikvm( 3720): GC_CONCURRENT freed 97K, 77% free 479K/2048K, paused 1ms+1ms
I/AndroidRuntime( 3720): NOTE: attach of thread 'Binder Thread #3' failed
I/ActivityManager(   77): Start proc com.rhomobile.macotec for activity com.rhomobile.macotec/com.rhomobile.rhodes.RhodesActivity: pid=3730 uid=10040 gids={3003}
I/dalvikvm( 3730): Turning on JNI app bug workarounds for target SDK version 4...
W/NetworkManagementSocketTagger(   77): setKernelCountSet(10040, 1) failed with errno -2
I/Process (   77): Sending signal. PID: 3730 SIG: 3
I/dalvikvm( 3730): threadid=3: reacting to signal 3
D/dalvikvm( 3730): Trying to load lib /data/data/com.rhomobile.macotec/lib/librhodes.so 0x4129fa50
I/dalvikvm( 3730): Wrote stack traces to '/data/anr/traces.txt'
D/dalvikvm( 3730): Added shared lib /data/data/com.rhomobile.macotec/lib/librhodes.so 0x4129fa50
D/dalvikvm( 3730): Trying to load lib /data/data/com.rhomobile.macotec/lib/librhodes.so 0x4129fa50
D/dalvikvm( 3730): Shared lib '/data/data/com.rhomobile.macotec/lib/librhodes.so' already loaded in same CL 0x4129fa50
I/ActivityThread( 3730): Pub com.rhomobile.macotec: com.rhomobile.rhodes.LocalFileProvider
I/Process (   77): Sending signal. PID: 3730 SIG: 3
I/dalvikvm( 3730): threadid=3: reacting to signal 3
I/dalvikvm( 3730): Wrote stack traces to '/data/anr/traces.txt'
I/RhodesApplication( 3730): Initializing...
D/RhoFileApi( 3730): App root path: /data/data/com.rhomobile.macotec/rhodata/
D/RhoFileApi( 3730): Sqlite journals path: /data/data/com.rhomobile.macotec/sqlite_stmt_journals/
D/RhoFileApi( 3730): Shared path: /data/data/com.rhomobile.macotec/rhodata/
D/RhodesApplication( 3730): Root path: /data/data/com.rhomobile.macotec/rhodata/
I/RhodesApplication( 3730): Application hash was changed
D/RhoFileApi( 3730): Copy hash to FS
D/RhoFileApi( 3730): File hash copied
D/RhoFileApi( 3730): Copy rho.dat to FS
D/RhoFileApi( 3730): File rho.dat copied
D/RhoFileApi( 3730): Copy apps/rhoconfig.txt to FS
D/RhoFileApi( 3730): File apps/rhoconfig.txt copied
I/RhoFileApi( 3730): Opening stat table from FS: /data/data/com.rhomobile.macotec/rhodata/rho.dat
I/Process (   77): Sending signal. PID: 3730 SIG: 3
I/dalvikvm( 3730): threadid=3: reacting to signal 3
I/dalvikvm( 3730): Wrote stack traces to '/data/anr/traces.txt'
D/RhoFileApi( 3730): Copy apps/rhoconfig.txt to FS
D/RhoFileApi( 3730): File apps/rhoconfig.txt copied
D/RhoFileApi( 3730): App root path: /data/data/com.rhomobile.macotec/rhodata/
D/RhoFileApi( 3730): Sqlite journals path: /data/data/com.rhomobile.macotec/sqlite_stmt_journals/
D/RhoFileApi( 3730): Shared path: /data/data/com.rhomobile.macotec/rhodata/
I/APP     ( 3730): I 02/07/2013 16:30:04:999 00000e92    RhodesApplication| Initialized
I/APP     ( 3730): I 02/07/2013 16:30:05:113 00000e92         BaseActivity| New screen properties - width: 480, height: 728, orientation: 1
I/APP     ( 3730): I 02/07/2013 16:30:05:252 00000e92         SplashScreen| Looking for start page source
I/Process (   77): Sending signal. PID: 3730 SIG: 3
I/dalvikvm( 3730): threadid=3: reacting to signal 3
I/dalvikvm( 3730): Wrote stack traces to '/data/anr/traces.txt'
D/dalvikvm( 3730): GC_CONCURRENT freed 287K, 5% free 9220K/9607K, paused 6ms+4ms
D/dalvikvm( 3730): GC_FOR_ALLOC freed 8K, 4% free 9228K/9607K, paused 29ms
I/dalvikvm-heap( 3730): Grow heap (frag case) to 12.147MB for 3217300-byte allocation
I/Process (   77): Sending signal. PID: 3730 SIG: 3
I/dalvikvm( 3730): threadid=3: reacting to signal 3
D/dalvikvm( 3730): GC_FOR_ALLOC freed 1K, 4% free 12368K/12807K, paused 54ms
I/dalvikvm( 3730): Wrote stack traces to '/data/anr/traces.txt'
D/dalvikvm( 3730): GC_CONCURRENT freed <1K, 4% free 12368K/12807K, paused 4ms+3ms
I/Process (   77): Sending signal. PID: 3730 SIG: 3
I/dalvikvm( 3730): threadid=3: reacting to signal 3
I/dalvikvm( 3730): Wrote stack traces to '/data/anr/traces.txt'
I/APP     ( 3730): I 02/07/2013 16:30:06:522 00000e92         SplashScreen| Done
I/APP     ( 3730): I 02/07/2013 16:30:06:528 00000e92    RhodesApplication| New UiState: MainActivityCreated
I/APP     ( 3730): I 02/07/2013 16:30:06:576 00000e92       RhodesActivity| onStart
I/APP     ( 3730): I 02/07/2013 16:30:06:608 00000e92    RhodesApplication| New UiState: MainActivityStarted
I/APP     ( 3730): I 02/07/2013 16:30:06:613 00000e92       RhodesActivity| onResume
I/APP     ( 3730): I 02/07/2013 16:30:06:640 00000e92 AndroidFunctionality| Resume WebView
D/dalvikvm(   77): GC_EXPLICIT freed 166K, 12% free 11379K/12871K, paused 5ms+7ms
I/Process (   77): Sending signal. PID: 3730 SIG: 3
I/APP     ( 3730): I 02/07/2013 16:30:06:880 00000e92        RhodesService| onCreate
I/APP     ( 3730): I 02/07/2013 16:30:06:884 00000e92    LocalFileProvider| Revoke URI permissions: content:///com.rhomobile.macotec
I/dalvikvm( 3730): threadid=3: reacting to signal 3
I/dalvikvm( 3730): Wrote stack traces to '/data/anr/traces.txt'
W/ActivityManager(   77): No content provider found for permission revoke: content:///com.rhomobile.macotec
I/APP     ( 3730): I 02/07/2013 16:30:06:971 00000e92               Rhodes| Loading...
I/APP     ( 3730): I 02/07/2013 16:30:06:990 00000e92            RhodesApp| Trying to get free listening port.
I/APP     ( 3730): I 02/07/2013 16:30:06:995 00000e92            RhodesApp| Trying to bind of 8080 port...
I/APP     ( 3730): I 02/07/2013 16:30:07:021 00000e92            RhodesApp| Got port to bind on: 8080
I/APP     ( 3730): I 02/07/2013 16:30:07:025 00000e92            RhodesApp| Free listening port: 8080
I/APP     ( 3730): I 02/07/2013 16:30:07:058 00000ea7         AppCallbacks| Starting main routine...
I/APP     ( 3730): I 02/07/2013 16:30:07:063 00000ea7         AppCallbacks| ThreadQueue blocked for 4294967295 seconds...
I/APP     ( 3730): I 02/07/2013 16:30:07:161 00000e92        RhodesService| Push is disabled
I/APP     ( 3730): I 02/07/2013 16:30:07:190 00000e92            RhodesApp| callAppActiveCallback
I/APP     ( 3730): I 02/07/2013 16:30:07:197 00000e92         AppCallbacks| addCommand: APP-ACTIVATED
I/APP     ( 3730): I 02/07/2013 16:30:07:222 00000ea7         AppCallbacks| Received command APP-ACTIVATED which is greater than expected (LOCAL-SERVER-STARTED) - postpone it
I/APP     ( 3730): I 02/07/2013 16:30:07:224 00000ea7         AppCallbacks| ThreadQueue blocked for 4294967295 seconds...
I/APP     ( 3730): I 02/07/2013 16:30:07:250 00000ea9            RhodesApp| Starting RhodesApp main routine...
I/APP     ( 3730): I 02/07/2013 16:30:07:266 00000e92         AppActivated| Cannot commit now, application will be activated when started.
I/APP     ( 3730): I 02/07/2013 16:30:07:272 00000e92    RhodesApplication| New AppState: Undefined
D/RhodesService( 3730): +++ onStartCommand
I/RhodesService( 3730): handleCommand: startId=1, source=com.rhomobile.rhodes.BaseActivity
D/RhodesService( 3730): New activity was created
I/APP     ( 3730): I 02/07/2013 16:30:07:343 00000e92        RhodesService| onBind
I/Process (   77): Sending signal. PID: 3730 SIG: 3
I/dalvikvm( 3730): threadid=3: reacting to signal 3
I/dalvikvm( 3730): Wrote stack traces to '/data/anr/traces.txt'
I/APP     ( 3730): I 02/07/2013 16:30:07:451 00000e92         AppCallbacks| addCommand: UI-CREATED
I/APP     ( 3730): I 02/07/2013 16:30:07:492 00000ea7         AppCallbacks| Received command UI-CREATED which is greater than expected (LOCAL-SERVER-STARTED) - postpone it
I/APP     ( 3730): I 02/07/2013 16:30:07:493 00000ea7         AppCallbacks| ThreadQueue blocked for 4294967295 seconds...
V/PhoneStatusBar(  131): setLightsOn(true)
I/APP     ( 3730): I 02/07/2013 16:30:07:692 00000e92       RhodesActivity| onServiceConnected: {com.rhomobile.macotec/com.rhomobile.rhodes.RhodesService}
I/APP     ( 3730): I 02/07/2013 16:30:07:750 00000e92       RhodesActivity| New start parameters: 
I/APP     ( 3730): I 02/07/2013 16:30:07:755 00000e92            RhodesApp| New start params: 
D/gralloc_goldfish( 3730): Emulator without GPU emulation detected.
I/Process (   77): Sending signal. PID: 3730 SIG: 3
I/dalvikvm( 3730): threadid=3: reacting to signal 3
I/dalvikvm( 3730): Wrote stack traces to '/data/anr/traces.txt'
I/ActivityManager(   77): Displayed com.rhomobile.macotec/com.rhomobile.rhodes.RhodesActivity: +5s488ms
I/APP     ( 3730): I 02/07/2013 16:30:08:657 00000ea9              RhoRuby| Init_RhoBlobs: /data/data/com.rhomobile.macotec/rhodata/db/db-files
I/APP     ( 3730): I 02/07/2013 16:30:08:759 00000ea9              RhoRuby| require_compiled: rhoframework
I/APP     ( 3730): I 02/07/2013 16:30:08:890 00000ea9              RhoRuby| require_compiled: rational
I/APP     ( 3730): I 02/07/2013 16:30:08:941 00000ea9              RhoRuby| require_compiled: rhom/rhom_db_adapter
I/APP     ( 3730): I 02/07/2013 16:30:09:054 00000ea9              RhoRuby| require_compiled: rhodes
I/APP     ( 3730): I 02/07/2013 16:30:09:146 00000ea9              RhoRuby| require_compiled: rhom/rhom_object
I/APP     ( 3730): I 02/07/2013 16:30:09:196 00000ea9              RhoRuby| require_compiled: rhofsconnector
I/APP     ( 3730): I 02/07/2013 16:30:09:235 00000ea9              RhoRuby| require_compiled: rho/rhofsconnector
I/APP     ( 3730): I 02/07/2013 16:30:09:312 00000ea9              RhoRuby| require_compiled: rhom/rhom_object_factory
W/NetworkManagementSocketTagger(   77): setKernelCountSet(10009, 0) failed with errno -2
I/APP     ( 3730): I 02/07/2013 16:30:09:650 00000ea9              RhoRuby| require_compiled: rhom/rhom
I/APP     ( 3730): I 02/07/2013 16:30:09:718 00000ea9              RhoRuby| require_compiled: rhom/rhom_model
I/APP     ( 3730): I 02/07/2013 16:30:09:782 00000ea9              RhoRuby| require_compiled: rhom
I/APP     ( 3730): I 02/07/2013 16:30:09:789 00000ea9              RhoRuby| require_compiled: rho/rhoapplication
I/APP     ( 3730): I 02/07/2013 16:30:09:868 00000ea9              RhoRuby| require_compiled: rholang/localization_simplified
I/APP     ( 3730): I 02/07/2013 16:30:09:935 00000ea9              RhoRuby| require_compiled: rho/rhomsg
I/APP     ( 3730): I 02/07/2013 16:30:09:977 00000ea9              RhoRuby| require_compiled: rho/rhotabbar
I/APP     ( 3730): I 02/07/2013 16:30:10:022 00000ea9              RhoRuby| require_compiled: rho/rhotoolbar
I/APP     ( 3730): I 02/07/2013 16:30:10:073 00000ea9                  APP| Current locale: ; Country code: 
I/APP     ( 3730): I 02/07/2013 16:30:10:101 00000ea9                  APP| Locilized file: /data/data/com.rhomobile.macotec/rhodata/lib/rholang/lang_
I/APP     ( 3730): I 02/07/2013 16:30:10:107 00000ea9              RhoRuby| require_compiled: /data/data/com.rhomobile.macotec/rhodata/lib/rholang/lang_en
I/APP     ( 3730): I 02/07/2013 16:30:10:162 00000ea9                  APP| Locilized file: /data/data/com.rhomobile.macotec/rhodata/apps/app/lang/lang_
I/APP     ( 3730): I 02/07/2013 16:30:10:191 00000ea9                  APP| Locilized file: /data/data/com.rhomobile.macotec/rhodata/lib/rholang/rhoerror_
I/APP     ( 3730): I 02/07/2013 16:30:10:196 00000ea9              RhoRuby| require_compiled: /data/data/com.rhomobile.macotec/rhodata/lib/rholang/rhoerror_en
I/APP     ( 3730): I 02/07/2013 16:30:10:237 00000ea9                  APP| Locilized file: /data/data/com.rhomobile.macotec/rhodata/lib/rholang/rhomsg_
I/APP     ( 3730): I 02/07/2013 16:30:10:263 00000ea9              RhoRuby| require_compiled: /data/data/com.rhomobile.macotec/rhodata/lib/rholang/rhomsg_en
I/APP     ( 3730): I 02/07/2013 16:30:10:307 00000ea9              RhoRuby| require_compiled: indifferent_access
I/APP     ( 3730): I 02/07/2013 16:30:10:383 00000ea9              RhoRuby| require_compiled: rho/rhosupport
I/APP     ( 3730): I 02/07/2013 16:30:10:482 00000ea9              RhoRuby| require_compiled: rho/rhocontroller
I/APP     ( 3730): I 02/07/2013 16:30:10:544 00000ea9              RhoRuby| require_compiled: rho/render
I/APP     ( 3730): I 02/07/2013 16:30:10:622 00000ea9              RhoRuby| require_compiled: rho/rho
I/APP     ( 3730): I 02/07/2013 16:30:10:804 00000ea9              RhoRuby| require_compiled: rho/rhoerror
I/APP     ( 3730): I 02/07/2013 16:30:10:849 00000ea9              RhoRuby| require_compiled: rhom/rhom_source
I/APP     ( 3730): I 02/07/2013 16:30:10:917 00000ea9              RhoRuby| require_compiled: rho/rhoviewhelpers
I/APP     ( 3730): I 02/07/2013 16:30:10:976 00000ea9              RhoRuby| require_compiled: rho
I/APP     ( 3730): I 02/07/2013 16:30:10:983 00000ea9                  APP| RHO loaded
I/APP     ( 3730): I 02/07/2013 16:30:11:022 00000ea9                  APP| Calling RHO.initialize
I/APP     ( 3730): I 02/07/2013 16:30:11:051 00000ea9                  APP| model file: Product/product
I/APP     ( 3730): I 02/07/2013 16:30:11:088 00000ea9                  APP| model file: Request/request
I/APP     ( 3730): I 02/07/2013 16:30:11:110 00000ea9                   DB| Open DB: /data/data/com.rhomobile.macotec/rhodata/db/syncdbuser.sqlite
I/APP     ( 3730): I 02/07/2013 16:30:11:160 00000ea9          GeoLocation| Creating singleton instance.
I/APP     ( 3730): I 02/07/2013 16:30:11:188 00000ea9            RhodesApp| Starting sync engine...
I/APP     ( 3730): I 02/07/2013 16:30:11:193 00000ea9                 Sync| sync_poll_interval: 0
I/APP     ( 3730): I 02/07/2013 16:30:11:222 00000ea9                 Sync| syncserver: 
I/APP     ( 3730): I 02/07/2013 16:30:11:227 00000ea9                 Sync| bulksync_state: 0
I/APP     ( 3730): I 02/07/2013 16:30:11:249 00000ea9            RhodesApp| RhoRubyInitApp...
I/APP     ( 3730): I 02/07/2013 16:30:11:264 00000ea9                  APP| init_app
I/APP     ( 3730): I 02/07/2013 16:30:11:269 00000ea9              RhoRuby| require_compiled: application
I/APP     ( 3730): I 02/07/2013 16:30:11:301 00000ea9                 Sync| Set notification. Source ID: -1;Url :http://localhost:8080/app/Settings/sync_notify; Params: 
I/APP     ( 3730): I 02/07/2013 16:30:11:334 00000ea9           HttpServer| Start HTTP server
I/APP     ( 3730): I 02/07/2013 16:30:11:339 00000ea9           HttpServer| Listen for connections on port 8080
I/APP     ( 3730): I 02/07/2013 16:30:11:363 00000ea9         AppCallbacks| addCommand: LOCAL-SERVER-STARTED
I/APP     ( 3730): I 02/07/2013 16:30:11:368 00000ea7         AppCallbacks| process command: LOCAL-SERVER-STARTED
I/APP     ( 3730): I 02/07/2013 16:30:11:369 00000ea7 RhodesAppActiveObserver| Ready
I/APP     ( 3730): I 02/07/2013 16:30:11:374 00000e92 AndroidFunctionality| Disable WebView zoom
I/APP     ( 3730): I 02/07/2013 16:30:11:375 00000e92 AndroidFunctionality| Set web plugins state 'OFF'
I/APP     ( 3730): I 02/07/2013 16:30:11:425 00000ea7    RhodesApplication| New AppState: AppActivated
I/APP     ( 3730): I 02/07/2013 16:30:11:430 00000ea7         AppCallbacks| process command: UI-CREATED
I/APP     ( 3730): I 02/07/2013 16:30:11:505 00000ea9           HttpServer| Process URI: '/system/uicreated'
I/APP     ( 3730): I 02/07/2013 16:30:11:521 00000ea9                  APP| on_ui_created.navigate to start url: '/app'
I/APP     ( 3730): I 02/07/2013 16:30:11:540 00000e92         SplashScreen| navigate: url=http://localhost:8080/app
I/APP     ( 3730): I 02/07/2013 16:30:11:541 00000e92         SplashScreen| DELAY for SplashScreen = 0
I/APP     ( 3730): I 02/07/2013 16:30:11:610 00000e92        GoogleWebView| Creating new RhoWebChromeClient
I/APP     ( 3730): I 02/07/2013 16:30:11:631 00000e92       SimpleMainView| Cleared URL: http://localhost:8080/app
I/APP     ( 3730): I 02/07/2013 16:30:11:654 00000ea7         AppCallbacks| process command: APP-ACTIVATED
V/SimpleMainView.View( 3730): ms[1360251011694]  Main Window :: onSizeChanged() old [ 480 x 652 ]  new [ 0 x 0 ]
I/APP     ( 3730): I 02/07/2013 16:30:11:734 00000ea9           HttpServer| Process URI: '/system/activateapp'
I/APP     ( 3730): I 02/07/2013 16:30:11:742 00000ea7         AppCallbacks| ThreadQueue blocked for 4294967295 seconds...
I/APP     ( 3730): I 02/07/2013 16:30:11:802 00000e92        GoogleWebView| Setting RhoWebChromeClient
I/APP     ( 3730): I 02/07/2013 16:30:11:940 00000ea9           HttpServer| Process URI: '/app'
I/APP     ( 3730): I 02/07/2013 16:30:11:973 00000e92     RhoWebViewClient| Loading URL: http://localhost:8080/app/index_erb.iseq
I/APP     ( 3730): I 02/07/2013 16:30:12:008 00000ea9           HttpServer| Process URI: '/app/index_erb.iseq'
I/APP     ( 3730): I 02/07/2013 16:30:12:030 00000ea9                  APP| RHO serve_index: /app/index_erb.iseq
I/APP     ( 3730): I 02/07/2013 16:30:12:057 00000ea9 RHO Rho::RhoController| inst_render_index
I/APP     ( 3730): I 02/07/2013 16:30:12:171 00000ea9 RHO Rho::RhoController| index layout
I/APP     ( 3730): I 02/07/2013 16:30:12:268 00000ea9           HttpServer| GC Start.
I/APP     ( 3730): I 02/07/2013 16:30:12:383 00000ea9           HttpServer| GC End.
I/APP     ( 3730): I 02/07/2013 16:30:12:508 00000ea9           HttpServer| Process URI: '/public/js/request.js'
I/APP     ( 3730): I 02/07/2013 16:30:12:638 00000ea9           HttpServer| Process URI: '/public/jquery/jquery-1.6.4.min.js'
I/APP     ( 3730): I 02/07/2013 16:30:12:727 00000ea9           HttpServer| Process URI: '/public/jquery/jquery.json-2.3.min.js'
I/APP     ( 3730): I 02/07/2013 16:30:12:809 00000ea9           HttpServer| Process URI: '/public/jqmobile/jquery.mobile-1.0.1.min.css'
I/APP     ( 3730): I 02/07/2013 16:30:12:972 00000ea9           HttpServer| Process URI: '/public/css/jqmobile-patch.css'
I/APP     ( 3730): I 02/07/2013 16:30:13:022 00000ea9           HttpServer| Process URI: '/public/jqmobile/jquery.mobile-1.0.1.min.js'
I/APP     ( 3730): I 02/07/2013 16:30:13:197 00000ea9           HttpServer| Process URI: '/public/js/jqmobile-patch.js'
I/APP     ( 3730): I 02/07/2013 16:30:13:267 00000ea9           HttpServer| Process URI: '/public/css/macotec_style.css'
I/APP     ( 3730): I 02/07/2013 16:30:16:156 00000ea9           HttpServer| Process URI: '/public/images/macotec/logo.png'
I/APP     ( 3730): I 02/07/2013 16:30:16:865 00000ea9           HttpServer| Process URI: '/public/images/macotec/request_top.png'
I/APP     ( 3730): I 02/07/2013 16:30:16:955 00000ea9           HttpServer| Process URI: '/public/images/macotec/contact_png.png'
I/APP     ( 3730): I 02/07/2013 16:30:17:017 00000ea9           HttpServer| Process URI: '/public/images/macotec/products_png.png'
I/APP     ( 3730): I 02/07/2013 16:30:17:038 00000ea9           HttpServer| Process URI: '/public/images/macotec/info_png.png'
I/APP     ( 3730): I 02/07/2013 16:30:19:705 00000ea9           HttpServer| Process URI: '/app/index_erb.iseq'
I/APP     ( 3730): I 02/07/2013 16:30:19:822 00000ea9                  APP| RHO serve_index: /app/index_erb.iseq
I/APP     ( 3730): I 02/07/2013 16:30:19:939 00000ea9 RHO Rho::RhoController| inst_render_index
I/APP     ( 3730): I 02/07/2013 16:30:20:533 00000ea9 RHO Rho::RhoController| index layout
I/APP     ( 3730): I 02/07/2013 16:30:20:913 00000ea9           HttpServer| GC Start.
I/APP     ( 3730): I 02/07/2013 16:30:21:226 00000ea9           HttpServer| GC End.
I/APP     ( 3730): I 02/07/2013 16:30:21:970 00000ea9           HttpServer| Process URI: '/favicon.ico'
I/APP     ( 3730): E 02/07/2013 16:30:22:036 00000ea9           HttpServer| The file /favicon.ico was not found
W/webview ( 3730): Stale touch event ACTION_DOWN received from webcore; ignoring
I/APP     ( 3730): E 02/07/2013 16:30:31:145 00000ea9           HttpServer| Connection gracefully closed before we send any data
I/APP     ( 3730): E 02/07/2013 16:30:31:197 00000ea9           HttpServer| Parsing error
I/APP     ( 3730): E 02/07/2013 16:30:31:229 00000ea9           HttpServer| Connection gracefully closed before we send any data
I/APP     ( 3730): E 02/07/2013 16:30:31:234 00000ea9           HttpServer| Parsing error
I/APP     ( 3730): E 02/07/2013 16:30:31:256 00000ea9           HttpServer| Connection gracefully closed before we send any data
I/APP     ( 3730): E 02/07/2013 16:30:31:283 00000ea9           HttpServer| Parsing error
I/APP     ( 3730): E 02/07/2013 16:30:31:288 00000ea9           HttpServer| Connection gracefully closed before we send any data
I/APP     ( 3730): E 02/07/2013 16:30:31:313 00000ea9           HttpServer| Parsing error
I/APP     ( 3730): I 02/07/2013 16:30:31:321 00000ea9           HttpServer| Process URI: '/app/Request/request'
I/APP     ( 3730): I 02/07/2013 16:30:31:369 00000ea9                  APP| RHO serve: /app/Request/request
I/APP     ( 3730): I 02/07/2013 16:30:31:429 00000ea9              RhoRuby| require_compiled: Request/request_controller
I/APP     ( 3730): I 02/07/2013 16:30:31:580 00000ea9              RhoRuby| require_compiled: helpers/browser_helper
I/APP     ( 3730): I 02/07/2013 16:30:31:635 00000ea9              RhoRuby| require_compiled: time
I/APP     ( 3730): I 02/07/2013 16:30:31:734 00000ea9              RhoRuby| require_compiled: date/format
I/APP     ( 3730): I 02/07/2013 16:30:31:937 00000ea9              RhoRuby| require_compiled: date
I/APP     ( 3730): I 02/07/2013 16:30:31:985 00000ea9              RhoRuby| require_compiled: dateOrig
D/dalvikvm( 3730): GC_CONCURRENT freed 902K, 8% free 12509K/13511K, paused 6ms+4ms
D/webviewglue( 3730): nativeDestroy view: 0x294378
I/APP     ( 3730): E 02/07/2013 16:30:32:365 00000ea9               RubyVM| lib/date.rb:14: warning: already initialized constant MONTHNAMES
I/APP     ( 3730): E 02/07/2013 16:30:32:370 00000ea9               RubyVM| lib/date.rb:15: warning: already initialized constant ABBR_MONTHNAMES
I/APP     ( 3730): E 02/07/2013 16:30:32:420 00000ea9               RubyVM| lib/date.rb:16: warning: already initialized constant DAYNAMES
I/APP     ( 3730): E 02/07/2013 16:30:32:425 00000ea9               RubyVM| lib/date.rb:17: warning: already initialized constant ABBR_DAYNAMES
I/APP     ( 3730): I 02/07/2013 16:30:32:538 00000ea9           HttpServer| GC Start.
I/APP     ( 3730): I 02/07/2013 16:30:32:643 00000ea9           HttpServer| GC End.
I/APP     ( 3730): I 02/07/2013 16:30:33:133 00000ea9           HttpServer| Process URI: '/public/images/macotec/forklifter_full.png'
I/APP     ( 3730): I 02/07/2013 16:30:33:196 00000ea9           HttpServer| Process URI: '/public/images/macotec/request_contract.png'
I/APP     ( 3730): I 02/07/2013 16:30:33:489 00000ea9           HttpServer| Process URI: '/public/jqmobile/images/icons-36-white.png'
E/libEGL  ( 3730): call to OpenGL ES API with no current context (logged once per thread)
D/ShaderProgram( 3730): couldn't load the vertex shader!
E/libEGL  ( 3730): call to OpenGL ES API with no current context (logged once per thread)
D/ShaderProgram( 3730): couldn't load the vertex shader!
E/libEGL  ( 3730): call to OpenGL ES API with no current context (logged once per thread)
D/ShaderProgram( 3730): couldn't load the vertex shader!
E/libEGL  ( 3730): call to OpenGL ES API with no current context (logged once per thread)
D/ShaderProgram( 3730): couldn't load the vertex shader!
E/libEGL  ( 3730): call to OpenGL ES API with no current context (logged once per thread)
D/ShaderProgram( 3730): couldn't load the vertex shader!
I/APP     ( 3730): I 02/07/2013 16:30:47:433 00000ea9           HttpServer| Process URI: '/app/index_erb.iseq'
I/APP     ( 3730): I 02/07/2013 16:30:47:440 00000ea9                  APP| RHO serve_index: /app/index_erb.iseq
I/APP     ( 3730): I 02/07/2013 16:30:47:483 00000ea9 RHO Rho::RhoController| inst_render_index
I/APP     ( 3730): I 02/07/2013 16:30:47:619 00000ea9           HttpServer| GC Start.
I/APP     ( 3730): I 02/07/2013 16:30:47:723 00000ea9           HttpServer| GC End.
I/APP     ( 3730): I 02/07/2013 16:31:08:397 00000ea9           HttpServer| Process URI: '/app/Request/request'
I/APP     ( 3730): I 02/07/2013 16:31:08:438 00000ea9                  APP| RHO serve: /app/Request/request
I/APP     ( 3730): I 02/07/2013 16:31:08:626 00000ea9           HttpServer| GC Start.
I/APP     ( 3730): I 02/07/2013 16:31:08:710 00000ea9           HttpServer| GC End.
I/APP     ( 3730): I 02/07/2013 16:31:17:125 00000ea9           HttpServer| Process URI: '/app/Request/request_rental'
I/APP     ( 3730): I 02/07/2013 16:31:17:131 00000ea9                  APP| RHO serve: /app/Request/request_rental
I/APP     ( 3730): I 02/07/2013 16:31:17:170 00000ea9                  APP| const_missing: Product
I/APP     ( 3730): I 02/07/2013 16:31:17:198 00000ea9                  APP| load_model: Product
I/APP     ( 3730): I 02/07/2013 16:31:17:227 00000ea9              RhoRuby| require_compiled: Product/product
I/APP     ( 3730): I 02/07/2013 16:31:17:376 00000ea9                  APP| model name: Product
I/APP     ( 3730): I 02/07/2013 16:31:17:412 00000ea9                  APP| model class found
I/APP     ( 3730): I 02/07/2013 16:31:17:418 00000ea9                  APP| Product : {"property"=>{}}
I/APP     ( 3730): I 02/07/2013 16:31:17:461 00000ea9                   DB| Open DB: /data/data/com.rhomobile.macotec/rhodata/db/syncdblocal.sqlite
I/APP     ( 3730): I 02/07/2013 16:31:17:600 00000ea9                  APP| init_db_sources
I/APP     ( 3730): I 02/07/2013 16:31:17:722 00000ea9                  APP| start_id: 40005
I/APP     ( 3730): I 02/07/2013 16:31:17:761 00000ea9                  APP| Migrate schema sources: {}
I/APP     ( 3730): I 02/07/2013 16:31:17:990 00000ea9           HttpServer| GC Start.
I/APP     ( 3730): I 02/07/2013 16:31:18:081 00000ea9           HttpServer| GC End.
I/APP     ( 3730): I 02/07/2013 16:31:36:605 00000ea9           HttpServer| Process URI: '/app/index_erb.iseq'
I/APP     ( 3730): I 02/07/2013 16:31:36:612 00000ea9                  APP| RHO serve_index: /app/index_erb.iseq
I/APP     ( 3730): I 02/07/2013 16:31:36:657 00000ea9 RHO Rho::RhoController| inst_render_index
I/APP     ( 3730): I 02/07/2013 16:31:36:798 00000ea9           HttpServer| GC Start.
I/APP     ( 3730): I 02/07/2013 16:31:36:883 00000ea9           HttpServer| GC End.
I/APP     ( 3730): I 02/07/2013 16:31:49:320 00000ea9           HttpServer| Process URI: '/app/Request/request'
I/APP     ( 3730): I 02/07/2013 16:31:49:327 00000ea9                  APP| RHO serve: /app/Request/request
I/APP     ( 3730): I 02/07/2013 16:31:49:445 00000ea9           HttpServer| GC Start.
I/APP     ( 3730): I 02/07/2013 16:31:49:530 00000ea9           HttpServer| GC End.
I/APP     ( 3730): I 02/07/2013 16:31:52:986 00000ea9           HttpServer| Process URI: '/app/index_erb.iseq'
I/APP     ( 3730): I 02/07/2013 16:31:52:989 00000ea9                  APP| RHO serve_index: /app/index_erb.iseq
I/APP     ( 3730): I 02/07/2013 16:31:53:024 00000ea9 RHO Rho::RhoController| inst_render_index
I/APP     ( 3730): I 02/07/2013 16:31:53:153 00000ea9           HttpServer| GC Start.
I/APP     ( 3730): I 02/07/2013 16:31:53:231 00000ea9           HttpServer| GC End.
I/APP     ( 3730): I 02/07/2013 16:32:03:257 00000ea9           HttpServer| Process URI: '/app/Request/request'
I/APP     ( 3730): I 02/07/2013 16:32:03:263 00000ea9                  APP| RHO serve: /app/Request/request
I/APP     ( 3730): I 02/07/2013 16:32:03:414 00000ea9           HttpServer| GC Start.
I/APP     ( 3730): I 02/07/2013 16:32:03:489 00000ea9           HttpServer| GC End.
F/BatteryStatsImpl(   77): problem reading network stats
F/BatteryStatsImpl(   77): java.lang.IllegalStateException: problem parsing idx 1
F/BatteryStatsImpl(   77): 	at com.android.internal.net.NetworkStatsFactory.readNetworkStatsDetail(NetworkStatsFactory.java:300)
F/BatteryStatsImpl(   77): 	at com.android.internal.net.NetworkStatsFactory.readNetworkStatsDetail(NetworkStatsFactory.java:250)
F/BatteryStatsImpl(   77): 	at com.android.internal.os.BatteryStatsImpl.getNetworkStatsDetailGroupedByUid(BatteryStatsImpl.java:5734)
F/BatteryStatsImpl(   77): 	at com.android.internal.os.BatteryStatsImpl.access$100(BatteryStatsImpl.java:76)
F/BatteryStatsImpl(   77): 	at com.android.internal.os.BatteryStatsImpl$Uid.computeCurrentTcpBytesReceived(BatteryStatsImpl.java:2457)
F/BatteryStatsImpl(   77): 	at com.android.internal.os.BatteryStatsImpl$Uid.getTcpBytesReceived(BatteryStatsImpl.java:2446)
F/BatteryStatsImpl(   77): 	at com.android.internal.os.BatteryStatsImpl.writeSummaryToParcel(BatteryStatsImpl.java:5437)
F/BatteryStatsImpl(   77): 	at com.android.internal.os.BatteryStatsImpl.writeLocked(BatteryStatsImpl.java:4836)
F/BatteryStatsImpl(   77): 	at com.android.internal.os.BatteryStatsImpl.writeAsyncLocked(BatteryStatsImpl.java:4818)
F/BatteryStatsImpl(   77): 	at com.android.server.am.ActivityManagerService.updateCpuStatsNow(ActivityManagerService.java:1652)
F/BatteryStatsImpl(   77): 	at com.android.server.am.ActivityManagerService$3.run(ActivityManagerService.java:1534)
F/BatteryStatsImpl(   77): Caused by: java.io.FileNotFoundException: /proc/net/xt_qtaguid/stats: open failed: ENOENT (No such file or directory)
F/BatteryStatsImpl(   77): 	at libcore.io.IoBridge.open(IoBridge.java:406)
F/BatteryStatsImpl(   77): 	at java.io.FileInputStream.<init>(FileInputStream.java:78)
F/BatteryStatsImpl(   77): 	at com.android.internal.net.NetworkStatsFactory.readNetworkStatsDetail(NetworkStatsFactory.java:269)
F/BatteryStatsImpl(   77): 	... 10 more
F/BatteryStatsImpl(   77): Caused by: libcore.io.ErrnoException: open failed: ENOENT (No such file or directory)
F/BatteryStatsImpl(   77): 	at libcore.io.Posix.open(Native Method)
F/BatteryStatsImpl(   77): 	at libcore.io.BlockGuardOs.open(BlockGuardOs.java:110)
F/BatteryStatsImpl(   77): 	at libcore.io.IoBridge.open(IoBridge.java:390)
F/BatteryStatsImpl(   77): 	... 12 more
D/AndroidRuntime( 3770): 
D/AndroidRuntime( 3770): >>>>>> AndroidRuntime START com.android.internal.os.RuntimeInit <<<<<<
D/AndroidRuntime( 3770): CheckJNI is ON
D/AndroidRuntime( 3770): Calling main entry com.android.commands.pm.Pm
D/dalvikvm(  443): GC_CONCURRENT freed 442K, 6% free 9100K/9671K, paused 6ms+4ms
W/ActivityManager(   77): No content provider found for permission revoke: file:///data/local/tmp/macotec-debug.apk
W/ActivityManager(   77): No content provider found for permission revoke: file:///data/local/tmp/macotec-debug.apk
D/dalvikvm(   77): GC_CONCURRENT freed 415K, 11% free 11490K/12871K, paused 9ms+9ms
D/dalvikvm(   77): GC_CONCURRENT freed 308K, 10% free 11683K/12871K, paused 10ms+6ms
D/dalvikvm(   77): GC_CONCURRENT freed 462K, 9% free 11824K/12871K, paused 9ms+8ms
D/dalvikvm(   77): GC_FOR_ALLOC freed 567K, 9% free 11767K/12871K, paused 76ms
D/dalvikvm(   77): GC_CONCURRENT freed 557K, 9% free 11781K/12871K, paused 12ms+7ms
D/dalvikvm(   77): GC_CONCURRENT freed 566K, 9% free 11787K/12871K, paused 26ms+31ms
D/dalvikvm(   77): GC_CONCURRENT freed 580K, 9% free 11781K/12871K, paused 22ms+38ms
I/PackageManager(   77): Removing non-system package:com.rhomobile.macotec
I/ActivityManager(   77): Force stopping package com.rhomobile.macotec uid=10040
I/ActivityManager(   77): Killing proc 3730:com.rhomobile.macotec/10040: force stop
W/ActivityManager(   77): Force removing ActivityRecord{413cbb68 com.rhomobile.macotec/com.rhomobile.rhodes.RhodesActivity}: app died, no saved state
I/WindowManager(   77): WIN DEATH: Window{4149af90 com.rhomobile.macotec/com.rhomobile.rhodes.RhodesActivity paused=false}
W/NetworkManagementSocketTagger(   77): setKernelCountSet(10040, 0) failed with errno -2
W/NetworkManagementSocketTagger(   77): setKernelCountSet(10009, 1) failed with errno -2
I/PackageManager(   77): Package com.rhomobile.macotec codePath changed from /data/app/com.rhomobile.macotec-2.apk to /data/app/com.rhomobile.macotec-1.apk; Retaining data and using new
W/InputManagerService(   77): Got RemoteException sending setActive(false) notification to pid 3730 uid 10040
I/PackageManager(   77): Running dexopt on: com.rhomobile.macotec
D/dalvikvm( 3781): DexOpt: load 134ms, verify+opt 559ms
W/PackageManager(   77): Code path for pkg : com.rhomobile.macotec changing from /data/app/com.rhomobile.macotec-2.apk to /data/app/com.rhomobile.macotec-1.apk
W/PackageManager(   77): Resource path for pkg : com.rhomobile.macotec changing from /data/app/com.rhomobile.macotec-2.apk to /data/app/com.rhomobile.macotec-1.apk
I/ActivityManager(   77): Force stopping package com.rhomobile.macotec uid=10040
D/PackageManager(   77): New package installed in /data/app/com.rhomobile.macotec-1.apk
I/ActivityManager(   77): Force stopping package com.rhomobile.macotec uid=10040
D/dalvikvm(   77): GC_CONCURRENT freed 580K, 9% free 11800K/12871K, paused 10ms+20ms
D/dalvikvm(  179): GC_EXPLICIT freed 272K, 6% free 11328K/12039K, paused 3ms+5ms
D/dalvikvm(  224): GC_EXPLICIT freed 147K, 4% free 9387K/9735K, paused 3ms+9ms
D/dalvikvm(   77): GC_EXPLICIT freed 472K, 12% free 11349K/12871K, paused 9ms+10ms
D/PackageManager(   77): generateServicesMap(android.accounts.AccountAuthenticator): 2 services unchanged
D/PackageManager(   77): generateServicesMap(android.content.SyncAdapter): 4 services unchanged
D/BackupManagerService(   77): Received broadcast Intent { act=android.intent.action.PACKAGE_REMOVED dat=package:com.rhomobile.macotec flg=0x10000010 (has extras) }
I/AccountTypeManager(  303): Loaded meta-data for 1 account types, 0 accounts in 13ms(wall) 8ms(cpu)
D/PackageManager(   77): generateServicesMap(android.accounts.AccountAuthenticator): 2 services unchanged
D/PackageManager(   77): generateServicesMap(android.content.SyncAdapter): 4 services unchanged
D/BackupManagerService(   77): Received broadcast Intent { act=android.intent.action.PACKAGE_ADDED dat=package:com.rhomobile.macotec flg=0x10000010 (has extras) }
V/BackupManagerService(   77): updatePackageParticipantsLocked: #1
W/RecognitionManagerService(   77): no available voice recognition services found
I/AccountTypeManager(  303): Loaded meta-data for 1 account types, 0 accounts in 2216ms(wall) 37ms(cpu)
D/BackupManagerService(   77): Received broadcast Intent { act=android.intent.action.PACKAGE_REPLACED dat=package:com.rhomobile.macotec flg=0x10000010 (has extras) }
V/BackupManagerService(   77): updatePackageParticipantsLocked: #1
D/dalvikvm(  508): GC_CONCURRENT freed 343K, 5% free 9129K/9543K, paused 41ms+4ms
D/dalvikvm(   77): GC_CONCURRENT freed 452K, 11% free 11479K/12871K, paused 5ms+9ms
D/dalvikvm(   77): GC_EXPLICIT freed 203K, 12% free 11330K/12871K, paused 4ms+8ms
D/AndroidRuntime( 3770): Shutting down VM
D/dalvikvm( 3770): GC_CONCURRENT freed 97K, 79% free 450K/2048K, paused 0ms+1ms
I/AndroidRuntime( 3770): NOTE: attach of thread 'Binder Thread #3' failed
D/AndroidRuntime( 3789): 
D/AndroidRuntime( 3789): >>>>>> AndroidRuntime START com.android.internal.os.RuntimeInit <<<<<<
D/AndroidRuntime( 3789): CheckJNI is ON
D/AndroidRuntime( 3789): Calling main entry com.android.commands.am.Am
I/ActivityManager(   77): START {act=android.intent.action.MAIN flg=0x10000000 cmp=com.rhomobile.macotec/com.rhomobile.rhodes.RhodesActivity} from pid 3789
W/WindowManager(   77): Failure taking screenshot for (180x273) to layer 21005
D/AndroidRuntime( 3789): Shutting down VM
D/dalvikvm( 3789): GC_CONCURRENT freed 97K, 77% free 480K/2048K, paused 0ms+2ms
I/AndroidRuntime( 3789): NOTE: attach of thread 'Binder Thread #3' failed
I/ActivityManager(   77): Start proc com.rhomobile.macotec for activity com.rhomobile.macotec/com.rhomobile.rhodes.RhodesActivity: pid=3799 uid=10040 gids={3003}
I/dalvikvm( 3799): Turning on JNI app bug workarounds for target SDK version 4...
W/NetworkManagementSocketTagger(   77): setKernelCountSet(10040, 1) failed with errno -2
I/Process (   77): Sending signal. PID: 3799 SIG: 3
I/dalvikvm( 3799): threadid=3: reacting to signal 3
D/dalvikvm( 3799): Trying to load lib /data/data/com.rhomobile.macotec/lib/librhodes.so 0x412a0770
I/dalvikvm( 3799): Wrote stack traces to '/data/anr/traces.txt'
D/dalvikvm( 3799): Added shared lib /data/data/com.rhomobile.macotec/lib/librhodes.so 0x412a0770
D/dalvikvm( 3799): Trying to load lib /data/data/com.rhomobile.macotec/lib/librhodes.so 0x412a0770
D/dalvikvm( 3799): Shared lib '/data/data/com.rhomobile.macotec/lib/librhodes.so' already loaded in same CL 0x412a0770
I/ActivityThread( 3799): Pub com.rhomobile.macotec: com.rhomobile.rhodes.LocalFileProvider
I/Process (   77): Sending signal. PID: 3799 SIG: 3
I/dalvikvm( 3799): threadid=3: reacting to signal 3
I/dalvikvm( 3799): Wrote stack traces to '/data/anr/traces.txt'
I/RhodesApplication( 3799): Initializing...
D/RhoFileApi( 3799): App root path: /data/data/com.rhomobile.macotec/rhodata/
D/RhoFileApi( 3799): Sqlite journals path: /data/data/com.rhomobile.macotec/sqlite_stmt_journals/
D/RhoFileApi( 3799): Shared path: /data/data/com.rhomobile.macotec/rhodata/
D/RhodesApplication( 3799): Root path: /data/data/com.rhomobile.macotec/rhodata/
I/RhodesApplication( 3799): Application hash was changed
D/RhoFileApi( 3799): Copy hash to FS
D/RhoFileApi( 3799): File hash copied
D/RhoFileApi( 3799): Copy rho.dat to FS
D/RhoFileApi( 3799): File rho.dat copied
D/RhoFileApi( 3799): Copy apps/rhoconfig.txt to FS
D/RhoFileApi( 3799): File apps/rhoconfig.txt copied
I/RhoFileApi( 3799): Opening stat table from FS: /data/data/com.rhomobile.macotec/rhodata/rho.dat
I/Process (   77): Sending signal. PID: 3799 SIG: 3
I/dalvikvm( 3799): threadid=3: reacting to signal 3
I/dalvikvm( 3799): Wrote stack traces to '/data/anr/traces.txt'
D/RhoFileApi( 3799): Copy apps/rhoconfig.txt to FS
D/RhoFileApi( 3799): File apps/rhoconfig.txt copied
D/RhoFileApi( 3799): App root path: /data/data/com.rhomobile.macotec/rhodata/
D/RhoFileApi( 3799): Sqlite journals path: /data/data/com.rhomobile.macotec/sqlite_stmt_journals/
D/RhoFileApi( 3799): Shared path: /data/data/com.rhomobile.macotec/rhodata/
I/APP     ( 3799): I 02/07/2013 16:33:20:817 00000ed7    RhodesApplication| Initialized
I/APP     ( 3799): I 02/07/2013 16:33:20:891 00000ed7         BaseActivity| New screen properties - width: 480, height: 728, orientation: 1
I/Process (   77): Sending signal. PID: 3799 SIG: 3
I/dalvikvm( 3799): threadid=3: reacting to signal 3
I/dalvikvm( 3799): Wrote stack traces to '/data/anr/traces.txt'
I/APP     ( 3799): I 02/07/2013 16:33:21:186 00000ed7         SplashScreen| Looking for start page source
D/dalvikvm( 3799): GC_CONCURRENT freed 292K, 4% free 9233K/9607K, paused 5ms+9ms
D/dalvikvm( 3799): GC_FOR_ALLOC freed 7K, 4% free 9227K/9607K, paused 44ms
I/Process (   77): Sending signal. PID: 3799 SIG: 3
I/dalvikvm( 3799): threadid=3: reacting to signal 3
I/dalvikvm-heap( 3799): Grow heap (frag case) to 12.146MB for 3217300-byte allocation
I/dalvikvm( 3799): Wrote stack traces to '/data/anr/traces.txt'
D/dalvikvm( 3799): GC_FOR_ALLOC freed <1K, 4% free 12368K/12807K, paused 111ms
I/Process (   77): Sending signal. PID: 3799 SIG: 3
I/dalvikvm( 3799): threadid=3: reacting to signal 3
I/dalvikvm( 3799): Wrote stack traces to '/data/anr/traces.txt'
D/dalvikvm( 3799): GC_CONCURRENT freed 1K, 4% free 12368K/12807K, paused 4ms+3ms
I/APP     ( 3799): I 02/07/2013 16:33:22:423 00000ed7         SplashScreen| Done
I/APP     ( 3799): I 02/07/2013 16:33:22:466 00000ed7    RhodesApplication| New UiState: MainActivityCreated
I/APP     ( 3799): I 02/07/2013 16:33:22:471 00000ed7       RhodesActivity| onStart
I/APP     ( 3799): I 02/07/2013 16:33:22:515 00000ed7    RhodesApplication| New UiState: MainActivityStarted
I/Process (   77): Sending signal. PID: 3799 SIG: 3
I/dalvikvm( 3799): threadid=3: reacting to signal 3
I/APP     ( 3799): I 02/07/2013 16:33:22:586 00000ed7       RhodesActivity| onResume
I/APP     ( 3799): I 02/07/2013 16:33:22:591 00000ed7 AndroidFunctionality| Resume WebView
I/dalvikvm( 3799): Wrote stack traces to '/data/anr/traces.txt'
I/APP     ( 3799): I 02/07/2013 16:33:22:670 00000ed7        RhodesService| onCreate
I/APP     ( 3799): I 02/07/2013 16:33:22:674 00000ed7    LocalFileProvider| Revoke URI permissions: content:///com.rhomobile.macotec
W/ActivityManager(   77): No content provider found for permission revoke: content:///com.rhomobile.macotec
I/APP     ( 3799): I 02/07/2013 16:33:22:718 00000ed7               Rhodes| Loading...
I/APP     ( 3799): I 02/07/2013 16:33:22:743 00000ed7            RhodesApp| Trying to get free listening port.
I/APP     ( 3799): I 02/07/2013 16:33:22:748 00000ed7            RhodesApp| Trying to bind of 8080 port...
I/APP     ( 3799): I 02/07/2013 16:33:22:784 00000ed7            RhodesApp| Got port to bind on: 8080
I/APP     ( 3799): I 02/07/2013 16:33:22:788 00000ed7            RhodesApp| Free listening port: 8080
I/APP     ( 3799): I 02/07/2013 16:33:22:810 00000eec         AppCallbacks| Starting main routine...
I/APP     ( 3799): I 02/07/2013 16:33:22:819 00000eec         AppCallbacks| ThreadQueue blocked for 4294967295 seconds...
I/APP     ( 3799): I 02/07/2013 16:33:22:933 00000ed7        RhodesService| Push is disabled
I/APP     ( 3799): I 02/07/2013 16:33:22:971 00000ed7            RhodesApp| callAppActiveCallback
I/APP     ( 3799): I 02/07/2013 16:33:22:976 00000ed7         AppCallbacks| addCommand: APP-ACTIVATED
I/APP     ( 3799): I 02/07/2013 16:33:23:001 00000eec         AppCallbacks| Received command APP-ACTIVATED which is greater than expected (LOCAL-SERVER-STARTED) - postpone it
I/APP     ( 3799): I 02/07/2013 16:33:23:003 00000eec         AppCallbacks| ThreadQueue blocked for 4294967295 seconds...
I/Process (   77): Sending signal. PID: 3799 SIG: 3
I/dalvikvm( 3799): threadid=3: reacting to signal 3
I/APP     ( 3799): I 02/07/2013 16:33:23:074 00000eee            RhodesApp| Starting RhodesApp main routine...
I/APP     ( 3799): I 02/07/2013 16:33:23:100 00000ed7         AppActivated| Cannot commit now, application will be activated when started.
I/APP     ( 3799): I 02/07/2013 16:33:23:105 00000ed7    RhodesApplication| New AppState: Undefined
D/RhodesService( 3799): +++ onStartCommand
I/RhodesService( 3799): handleCommand: startId=1, source=com.rhomobile.rhodes.BaseActivity
I/dalvikvm( 3799): Wrote stack traces to '/data/anr/traces.txt'
D/RhodesService( 3799): New activity was created
I/APP     ( 3799): I 02/07/2013 16:33:23:204 00000ed7        RhodesService| onBind
I/APP     ( 3799): I 02/07/2013 16:33:23:251 00000ed7         AppCallbacks| addCommand: UI-CREATED
I/APP     ( 3799): I 02/07/2013 16:33:23:295 00000eec         AppCallbacks| Received command UI-CREATED which is greater than expected (LOCAL-SERVER-STARTED) - postpone it
I/APP     ( 3799): I 02/07/2013 16:33:23:296 00000eec         AppCallbacks| ThreadQueue blocked for 4294967295 seconds...
V/PhoneStatusBar(  131): setLightsOn(true)
I/APP     ( 3799): I 02/07/2013 16:33:23:524 00000ed7       RhodesActivity| onServiceConnected: {com.rhomobile.macotec/com.rhomobile.rhodes.RhodesService}
I/Process (   77): Sending signal. PID: 3799 SIG: 3
I/dalvikvm( 3799): threadid=3: reacting to signal 3
I/dalvikvm( 3799): Wrote stack traces to '/data/anr/traces.txt'
I/APP     ( 3799): I 02/07/2013 16:33:23:637 00000ed7       RhodesActivity| New start parameters: 
I/APP     ( 3799): I 02/07/2013 16:33:23:663 00000ed7            RhodesApp| New start params: 
D/gralloc_goldfish( 3799): Emulator without GPU emulation detected.
D/dalvikvm(  131): GC_CONCURRENT freed 362K, 30% free 10278K/14599K, paused 4ms+32ms
I/Process (   77): Sending signal. PID: 3799 SIG: 3
I/dalvikvm( 3799): threadid=3: reacting to signal 3
I/dalvikvm( 3799): Wrote stack traces to '/data/anr/traces.txt'
I/Process (   77): Sending signal. PID: 3799 SIG: 3
I/dalvikvm( 3799): threadid=3: reacting to signal 3
E/dalvikvm( 3799): Unable to open stack trace file '/data/anr/traces.txt': Permission denied
I/Process (   77): Sending signal. PID: 3799 SIG: 3
I/dalvikvm( 3799): threadid=3: reacting to signal 3
I/ActivityManager(   77): Displayed com.rhomobile.macotec/com.rhomobile.rhodes.RhodesActivity: +7s674ms
I/dalvikvm( 3799): Wrote stack traces to '/data/anr/traces.txt'
I/APP     ( 3799): I 02/07/2013 16:33:27:623 00000eee              RhoRuby| Init_RhoBlobs: /data/data/com.rhomobile.macotec/rhodata/db/db-files
I/APP     ( 3799): I 02/07/2013 16:33:28:293 00000eee              RhoRuby| require_compiled: rhoframework
W/ActivityManager(   77): Launch timeout has expired, giving up wake lock!
W/ActivityManager(   77): Activity idle timeout for ActivityRecord{413cbb68 com.rhomobile.macotec/com.rhomobile.rhodes.RhodesActivity}
I/APP     ( 3799): I 02/07/2013 16:33:29:314 00000eee              RhoRuby| require_compiled: rational
I/APP     ( 3799): I 02/07/2013 16:33:29:381 00000eee              RhoRuby| require_compiled: rhom/rhom_db_adapter
I/APP     ( 3799): I 02/07/2013 16:33:29:580 00000eee              RhoRuby| require_compiled: rhodes
I/APP     ( 3799): I 02/07/2013 16:33:29:633 00000eee              RhoRuby| require_compiled: rhom/rhom_object
I/APP     ( 3799): I 02/07/2013 16:33:29:703 00000eee              RhoRuby| require_compiled: rhofsconnector
I/APP     ( 3799): I 02/07/2013 16:33:29:750 00000eee              RhoRuby| require_compiled: rho/rhofsconnector
I/APP     ( 3799): I 02/07/2013 16:33:29:816 00000eee              RhoRuby| require_compiled: rhom/rhom_object_factory
W/NetworkManagementSocketTagger(   77): setKernelCountSet(10009, 0) failed with errno -2
I/APP     ( 3799): I 02/07/2013 16:33:30:091 00000eee              RhoRuby| require_compiled: rhom/rhom
I/APP     ( 3799): I 02/07/2013 16:33:30:163 00000eee              RhoRuby| require_compiled: rhom/rhom_model
I/APP     ( 3799): I 02/07/2013 16:33:30:245 00000eee              RhoRuby| require_compiled: rhom
I/APP     ( 3799): I 02/07/2013 16:33:30:291 00000eee              RhoRuby| require_compiled: rho/rhoapplication
I/APP     ( 3799): I 02/07/2013 16:33:30:362 00000eee              RhoRuby| require_compiled: rholang/localization_simplified
I/APP     ( 3799): I 02/07/2013 16:33:30:434 00000eee              RhoRuby| require_compiled: rho/rhomsg
I/APP     ( 3799): I 02/07/2013 16:33:30:482 00000eee              RhoRuby| require_compiled: rho/rhotabbar
I/APP     ( 3799): I 02/07/2013 16:33:30:537 00000eee              RhoRuby| require_compiled: rho/rhotoolbar
I/APP     ( 3799): I 02/07/2013 16:33:30:564 00000eee                  APP| Current locale: ; Country code: 
I/APP     ( 3799): I 02/07/2013 16:33:30:600 00000eee                  APP| Locilized file: /data/data/com.rhomobile.macotec/rhodata/lib/rholang/lang_
