I/APP     ( 2732): I 02/05/2013 13:51:37:237 00000ac0         AppCallbacks| ThreadQueue blocked for 4294967295 seconds...
I/APP     ( 2732): I 02/05/2013 13:51:37:554 00000ac2            RhodesApp| Starting RhodesApp main routine...
I/Process (   79): Sending signal. PID: 2732 SIG: 3
I/APP     ( 2732): I 02/05/2013 13:51:37:660 00000aac         AppActivated| Cannot commit now, application will be activated when started.
I/APP     ( 2732): I 02/05/2013 13:51:37:711 00000aac    RhodesApplication| New AppState: Undefined
I/dalvikvm( 2732): Wrote stack traces to '/data/anr/traces.txt'
D/RhodesService( 2732): +++ onStartCommand
I/RhodesService( 2732): handleCommand: startId=1, source=com.rhomobile.rhodes.BaseActivity
I/dalvikvm( 2732): threadid=3: reacting to signal 3
I/Process (   79): Sending signal. PID: 2732 SIG: 3
D/RhodesService( 2732): New activity was created
I/APP     ( 2732): I 02/05/2013 13:51:38:439 00000aac        RhodesService| onBind
I/dalvikvm( 2732): Wrote stack traces to '/data/anr/traces.txt'
I/dalvikvm( 2732): threadid=3: reacting to signal 3
I/Process (   79): Sending signal. PID: 2732 SIG: 3
I/dalvikvm( 2732): Wrote stack traces to '/data/anr/traces.txt'
I/dalvikvm( 2732): threadid=3: reacting to signal 3
I/Process (   79): Sending signal. PID: 2732 SIG: 3
I/dalvikvm( 2732): Wrote stack traces to '/data/anr/traces.txt'
I/dalvikvm( 2732): threadid=3: reacting to signal 3
I/APP     ( 2732): I 02/05/2013 13:51:39:682 00000aac         AppCallbacks| addCommand: UI-CREATED
I/APP     ( 2732): I 02/05/2013 13:51:39:746 00000ac0         AppCallbacks| Received command UI-CREATED which is greater than expected (LOCAL-SERVER-STARTED) - postpone it
I/APP     ( 2732): I 02/05/2013 13:51:39:788 00000ac0         AppCallbacks| ThreadQueue blocked for 4294967295 seconds...
I/Process (   79): Sending signal. PID: 2732 SIG: 3
I/dalvikvm( 2732): Wrote stack traces to '/data/anr/traces.txt'
I/dalvikvm( 2732): threadid=3: reacting to signal 3
I/Process (   79): Sending signal. PID: 2732 SIG: 3
I/dalvikvm( 2732): Wrote stack traces to '/data/anr/traces.txt'
V/PhoneStatusBar(  142): setLightsOn(true)
I/dalvikvm( 2732): threadid=3: reacting to signal 3
I/APP     ( 2732): I 02/05/2013 13:51:40:691 00000aac       RhodesActivity| onServiceConnected: {com.rhomobile.macotec/com.rhomobile.rhodes.RhodesService}
I/APP     ( 2732): I 02/05/2013 13:51:40:698 00000aac       RhodesActivity| New start parameters: 
I/APP     ( 2732): I 02/05/2013 13:51:40:708 00000aac            RhodesApp| New start params: 
W/InputManagerService(   79): Starting input on non-focused client com.android.internal.view.IInputMethodClient$Stub$Proxy@415afb08 (uid=10009 pid=186)
I/dalvikvm( 2732): Wrote stack traces to '/data/anr/traces.txt'
D/gralloc_goldfish( 2732): Emulator without GPU emulation detected.
I/Process (   79): Sending signal. PID: 2732 SIG: 3
I/dalvikvm( 2732): threadid=3: reacting to signal 3
I/dalvikvm( 2732): Wrote stack traces to '/data/anr/traces.txt'
I/APP     ( 2732): I 02/05/2013 13:51:41:312 00000ac2              RhoRuby| Init_RhoBlobs: /data/data/com.rhomobile.macotec/rhodata/db/db-files
I/APP     ( 2732): I 02/05/2013 13:51:41:379 00000ac2              RhoRuby| require_compiled: rhoframework
I/Process (   79): Sending signal. PID: 2732 SIG: 3
I/dalvikvm( 2732): threadid=3: reacting to signal 3
I/dalvikvm( 2732): Wrote stack traces to '/data/anr/traces.txt'
I/ActivityManager(   79): Displayed com.rhomobile.macotec/com.rhomobile.rhodes.RhodesActivity: +9s267ms
I/APP     ( 2732): I 02/05/2013 13:51:41:792 00000ac2              RhoRuby| require_compiled: rational
I/APP     ( 2732): I 02/05/2013 13:51:41:829 00000ac2              RhoRuby| require_compiled: rhom/rhom_db_adapter
I/APP     ( 2732): I 02/05/2013 13:51:41:935 00000ac2              RhoRuby| require_compiled: rhodes
I/APP     ( 2732): I 02/05/2013 13:51:42:002 00000ac2              RhoRuby| require_compiled: rhom/rhom_object
I/APP     ( 2732): I 02/05/2013 13:51:42:039 00000ac2              RhoRuby| require_compiled: rhofsconnector
I/APP     ( 2732): I 02/05/2013 13:51:42:089 00000ac2              RhoRuby| require_compiled: rho/rhofsconnector
I/APP     ( 2732): I 02/05/2013 13:51:42:129 00000ac2              RhoRuby| require_compiled: rhom/rhom_object_factory
W/NetworkManagementSocketTagger(   79): setKernelCountSet(10009, 0) failed with errno -2
I/APP     ( 2732): I 02/05/2013 13:51:42:388 00000ac2              RhoRuby| require_compiled: rhom/rhom
I/APP     ( 2732): I 02/05/2013 13:51:42:441 00000ac2              RhoRuby| require_compiled: rhom/rhom_model
I/APP     ( 2732): I 02/05/2013 13:51:42:496 00000ac2              RhoRuby| require_compiled: rhom
I/APP     ( 2732): I 02/05/2013 13:51:42:502 00000ac2              RhoRuby| require_compiled: rho/rhoapplication
I/APP     ( 2732): I 02/05/2013 13:51:42:567 00000ac2              RhoRuby| require_compiled: rholang/localization_simplified
I/APP     ( 2732): I 02/05/2013 13:51:42:623 00000ac2              RhoRuby| require_compiled: rho/rhomsg
I/APP     ( 2732): I 02/05/2013 13:51:42:664 00000ac2              RhoRuby| require_compiled: rho/rhotabbar
I/APP     ( 2732): I 02/05/2013 13:51:42:696 00000ac2              RhoRuby| require_compiled: rho/rhotoolbar
I/APP     ( 2732): I 02/05/2013 13:51:42:716 00000ac2                  APP| Current locale: ; Country code: 
I/APP     ( 2732): I 02/05/2013 13:51:42:751 00000ac2                  APP| Locilized file: /data/data/com.rhomobile.macotec/rhodata/lib/rholang/lang_
I/APP     ( 2732): I 02/05/2013 13:51:42:766 00000ac2              RhoRuby| require_compiled: /data/data/com.rhomobile.macotec/rhodata/lib/rholang/lang_en
I/APP     ( 2732): I 02/05/2013 13:51:42:809 00000ac2                  APP| Locilized file: /data/data/com.rhomobile.macotec/rhodata/apps/app/lang/lang_
I/APP     ( 2732): I 02/05/2013 13:51:42:813 00000ac2                  APP| Locilized file: /data/data/com.rhomobile.macotec/rhodata/lib/rholang/rhoerror_
I/APP     ( 2732): I 02/05/2013 13:51:42:847 00000ac2              RhoRuby| require_compiled: /data/data/com.rhomobile.macotec/rhodata/lib/rholang/rhoerror_en
I/APP     ( 2732): I 02/05/2013 13:51:42:881 00000ac2                  APP| Locilized file: /data/data/com.rhomobile.macotec/rhodata/lib/rholang/rhomsg_
I/APP     ( 2732): I 02/05/2013 13:51:42:885 00000ac2              RhoRuby| require_compiled: /data/data/com.rhomobile.macotec/rhodata/lib/rholang/rhomsg_en
I/APP     ( 2732): I 02/05/2013 13:51:42:922 00000ac2              RhoRuby| require_compiled: indifferent_access
I/APP     ( 2732): I 02/05/2013 13:51:42:972 00000ac2              RhoRuby| require_compiled: rho/rhosupport
I/APP     ( 2732): I 02/05/2013 13:51:43:032 00000ac2              RhoRuby| require_compiled: rho/rhocontroller
I/APP     ( 2732): I 02/05/2013 13:51:43:077 00000ac2              RhoRuby| require_compiled: rho/render
I/APP     ( 2732): I 02/05/2013 13:51:43:142 00000ac2              RhoRuby| require_compiled: rho/rho
I/APP     ( 2732): I 02/05/2013 13:51:43:317 00000ac2              RhoRuby| require_compiled: rho/rhoerror
I/APP     ( 2732): I 02/05/2013 13:51:43:353 00000ac2              RhoRuby| require_compiled: rhom/rhom_source
I/APP     ( 2732): I 02/05/2013 13:51:43:409 00000ac2              RhoRuby| require_compiled: rho/rhoviewhelpers
I/APP     ( 2732): I 02/05/2013 13:51:43:454 00000ac2              RhoRuby| require_compiled: rho
I/APP     ( 2732): I 02/05/2013 13:51:43:461 00000ac2                  APP| RHO loaded
I/APP     ( 2732): I 02/05/2013 13:51:43:491 00000ac2                  APP| Calling RHO.initialize
I/APP     ( 2732): I 02/05/2013 13:51:43:530 00000ac2                  APP| model file: Product/product
I/APP     ( 2732): I 02/05/2013 13:51:43:536 00000ac2                  APP| model file: Request/request
I/APP     ( 2732): I 02/05/2013 13:51:43:573 00000ac2                   DB| Open DB: /data/data/com.rhomobile.macotec/rhodata/db/syncdbuser.sqlite
I/APP     ( 2732): I 02/05/2013 13:51:43:618 00000ac2          GeoLocation| Creating singleton instance.
I/APP     ( 2732): I 02/05/2013 13:51:43:641 00000ac2            RhodesApp| Starting sync engine...
I/APP     ( 2732): I 02/05/2013 13:51:43:646 00000ac2                 Sync| sync_poll_interval: 0
I/APP     ( 2732): I 02/05/2013 13:51:43:672 00000ac2                 Sync| syncserver: 
I/APP     ( 2732): I 02/05/2013 13:51:43:676 00000ac2                 Sync| bulksync_state: 0
I/APP     ( 2732): I 02/05/2013 13:51:43:702 00000ac2            RhodesApp| RhoRubyInitApp...
I/APP     ( 2732): I 02/05/2013 13:51:43:712 00000ac2                  APP| init_app
I/APP     ( 2732): I 02/05/2013 13:51:43:729 00000ac2              RhoRuby| require_compiled: application
I/APP     ( 2732): I 02/05/2013 13:51:43:749 00000ac2                 Sync| Set notification. Source ID: -1;Url :http://localhost:8080/app/Settings/sync_notify; Params: 
I/APP     ( 2732): I 02/05/2013 13:51:43:776 00000ac2           HttpServer| Start HTTP server
I/APP     ( 2732): I 02/05/2013 13:51:43:780 00000ac2           HttpServer| Listen for connections on port 8080
I/APP     ( 2732): I 02/05/2013 13:51:43:807 00000ac2         AppCallbacks| addCommand: LOCAL-SERVER-STARTED
I/APP     ( 2732): I 02/05/2013 13:51:43:810 00000ac0         AppCallbacks| process command: LOCAL-SERVER-STARTED
I/APP     ( 2732): I 02/05/2013 13:51:43:811 00000ac0 RhodesAppActiveObserver| Ready
I/APP     ( 2732): I 02/05/2013 13:51:43:816 00000aac AndroidFunctionality| Disable WebView zoom
I/APP     ( 2732): I 02/05/2013 13:51:43:817 00000aac AndroidFunctionality| Set web plugins state 'OFF'
I/APP     ( 2732): I 02/05/2013 13:51:43:859 00000ac0    RhodesApplication| New AppState: AppActivated
I/APP     ( 2732): I 02/05/2013 13:51:43:867 00000ac0         AppCallbacks| process command: UI-CREATED
I/APP     ( 2732): I 02/05/2013 13:51:43:895 00000ac2           HttpServer| Process URI: '/system/uicreated'
I/APP     ( 2732): I 02/05/2013 13:51:43:901 00000ac2                  APP| on_ui_created.navigate to start url: '/app'
I/APP     ( 2732): I 02/05/2013 13:51:43:940 00000aac         SplashScreen| navigate: url=http://localhost:8080/app
I/APP     ( 2732): I 02/05/2013 13:51:43:941 00000aac         SplashScreen| DELAY for SplashScreen = 0
I/APP     ( 2732): I 02/05/2013 13:51:44:004 00000aac        GoogleWebView| Creating new RhoWebChromeClient
I/APP     ( 2732): I 02/05/2013 13:51:44:022 00000aac       SimpleMainView| Cleared URL: http://localhost:8080/app
I/APP     ( 2732): I 02/05/2013 13:51:44:055 00000ac0         AppCallbacks| process command: APP-ACTIVATED
V/SimpleMainView.View( 2732): ms[1360068704086]  Main Window :: onSizeChanged() old [ 480 x 652 ]  new [ 0 x 0 ]
I/APP     ( 2732): I 02/05/2013 13:51:44:123 00000ac2           HttpServer| Process URI: '/system/activateapp'
I/APP     ( 2732): I 02/05/2013 13:51:44:165 00000ac0         AppCallbacks| ThreadQueue blocked for 4294967295 seconds...
I/APP     ( 2732): I 02/05/2013 13:51:44:186 00000aac        GoogleWebView| Setting RhoWebChromeClient
I/APP     ( 2732): I 02/05/2013 13:51:44:349 00000ac2           HttpServer| Process URI: '/app'
I/APP     ( 2732): I 02/05/2013 13:51:44:395 00000aac     RhoWebViewClient| Loading URL: http://localhost:8080/app/index_erb.iseq
I/APP     ( 2732): I 02/05/2013 13:51:44:441 00000ac2           HttpServer| Process URI: '/app/index_erb.iseq'
I/APP     ( 2732): I 02/05/2013 13:51:44:449 00000ac2                  APP| RHO serve_index: /app/index_erb.iseq
I/APP     ( 2732): I 02/05/2013 13:51:44:492 00000ac2 RHO Rho::RhoController| inst_render_index
I/APP     ( 2732): I 02/05/2013 13:51:44:552 00000ac2 RHO Rho::RhoController| index layout
I/APP     ( 2732): I 02/05/2013 13:51:44:638 00000ac2           HttpServer| GC Start.
I/APP     ( 2732): I 02/05/2013 13:51:44:722 00000ac2           HttpServer| GC End.
I/APP     ( 2732): I 02/05/2013 13:51:44:860 00000ac2           HttpServer| Process URI: '/public/jquery/jquery-1.6.4.min.js'
I/APP     ( 2732): I 02/05/2013 13:51:45:004 00000ac2           HttpServer| Process URI: '/public/jquery/jquery.json-2.3.min.js'
I/APP     ( 2732): I 02/05/2013 13:51:45:069 00000ac2           HttpServer| Process URI: '/public/jqmobile/jquery.mobile-1.0.1.min.css'
I/APP     ( 2732): I 02/05/2013 13:51:45:166 00000ac2           HttpServer| Process URI: '/public/css/jqmobile-patch.css'
I/APP     ( 2732): I 02/05/2013 13:51:45:215 00000ac2           HttpServer| Process URI: '/public/jqmobile/jquery.mobile-1.0.1.min.js'
I/APP     ( 2732): I 02/05/2013 13:51:45:390 00000ac2           HttpServer| Process URI: '/public/js/jqmobile-patch.js'
I/APP     ( 2732): I 02/05/2013 13:51:45:481 00000ac2           HttpServer| Process URI: '/public/css/macotec_style.css'
I/APP     ( 2732): I 02/05/2013 13:51:48:430 00000ac2           HttpServer| Process URI: '/public/images/macotec/logo.png'
I/APP     ( 2732): I 02/05/2013 13:51:48:985 00000ac2           HttpServer| Process URI: '/public/images/macotec/request.png'
I/APP     ( 2732): I 02/05/2013 13:51:49:098 00000ac2           HttpServer| Process URI: '/public/images/macotec/contact.png'
I/APP     ( 2732): I 02/05/2013 13:51:49:139 00000ac2           HttpServer| Process URI: '/public/images/macotec/products.png'
I/APP     ( 2732): I 02/05/2013 13:51:49:181 00000ac2           HttpServer| Process URI: '/public/images/macotec/info.png'
I/APP     ( 2732): I 02/05/2013 13:51:56:551 00000ac2           HttpServer| Process URI: '/app/index_erb.iseq'
I/APP     ( 2732): I 02/05/2013 13:51:56:680 00000ac2                  APP| RHO serve_index: /app/index_erb.iseq
I/APP     ( 2732): I 02/05/2013 13:51:56:759 00000ac2 RHO Rho::RhoController| inst_render_index
I/APP     ( 2732): I 02/05/2013 13:51:57:111 00000ac2 RHO Rho::RhoController| index layout
I/APP     ( 2732): I 02/05/2013 13:51:57:521 00000ac2           HttpServer| GC Start.
I/APP     ( 2732): I 02/05/2013 13:51:57:748 00000ac2           HttpServer| GC End.
I/APP     ( 2732): I 02/05/2013 13:51:58:840 00000ac2           HttpServer| Process URI: '/favicon.ico'
I/APP     ( 2732): E 02/05/2013 13:51:58:892 00000ac2           HttpServer| The file /favicon.ico was not found
I/APP     ( 2732): I 02/05/2013 13:52:07:200 00000ac2           HttpServer| Process URI: '/app/Request/submit_failed'
I/APP     ( 2732): I 02/05/2013 13:52:07:216 00000ac2                  APP| RHO serve: /app/Request/submit_failed
I/APP     ( 2732): I 02/05/2013 13:52:07:223 00000ac2              RhoRuby| require_compiled: Request/request_controller
I/APP     ( 2732): I 02/05/2013 13:52:07:392 00000ac2              RhoRuby| require_compiled: helpers/browser_helper
I/APP     ( 2732): I 02/05/2013 13:52:07:806 00000ac2 RHO RequestController| Layout file: /data/data/com.rhomobile.macotec/rhodata/apps/app/layout_erb.iseq. Content size: 3312
I/APP     ( 2732): I 02/05/2013 13:52:07:929 00000ac2           HttpServer| GC Start.
I/APP     ( 2732): I 02/05/2013 13:52:08:171 00000ac2           HttpServer| GC End.
I/APP     ( 2732): I 02/05/2013 13:52:08:559 00000ac2           HttpServer| Process URI: '/favicon.ico'
I/APP     ( 2732): E 02/05/2013 13:52:08:600 00000ac2           HttpServer| The file /favicon.ico was not found
I/APP     ( 2732): E 02/05/2013 13:52:17:188 00000ac2           HttpServer| Connection gracefully closed before we send any data
I/APP     ( 2732): E 02/05/2013 13:52:17:189 00000ac2           HttpServer| Parsing error
I/APP     ( 2732): E 02/05/2013 13:52:17:192 00000ac2           HttpServer| Connection gracefully closed before we send any data
I/APP     ( 2732): E 02/05/2013 13:52:17:192 00000ac2           HttpServer| Parsing error
I/APP     ( 2732): E 02/05/2013 13:52:17:193 00000ac2           HttpServer| Connection gracefully closed before we send any data
I/APP     ( 2732): E 02/05/2013 13:52:17:194 00000ac2           HttpServer| Parsing error
I/APP     ( 2732): E 02/05/2013 13:52:17:195 00000ac2           HttpServer| Connection gracefully closed before we send any data
I/APP     ( 2732): E 02/05/2013 13:52:17:250 00000ac2           HttpServer| Parsing error
I/APP     ( 2732): I 02/05/2013 13:52:18:583 00000ac2           HttpServer| Process URI: '/app/Request/request'
I/APP     ( 2732): I 02/05/2013 13:52:18:585 00000ac2                  APP| RHO serve: /app/Request/request
I/APP     ( 2732): I 02/05/2013 13:52:18:588 00000ac2                  APP| const_missing: Product
I/APP     ( 2732): I 02/05/2013 13:52:18:589 00000ac2                  APP| load_model: Product
I/APP     ( 2732): I 02/05/2013 13:52:18:593 00000ac2              RhoRuby| require_compiled: Product/product
I/APP     ( 2732): I 02/05/2013 13:52:18:673 00000ac2                  APP| model name: Product
I/APP     ( 2732): I 02/05/2013 13:52:18:677 00000ac2                  APP| model class found
I/APP     ( 2732): I 02/05/2013 13:52:18:715 00000ac2                  APP| Product : {"property"=>{}}
I/APP     ( 2732): I 02/05/2013 13:52:18:721 00000ac2                   DB| Open DB: /data/data/com.rhomobile.macotec/rhodata/db/syncdblocal.sqlite
I/APP     ( 2732): I 02/05/2013 13:52:18:768 00000ac2                  APP| init_db_sources
I/APP     ( 2732): I 02/05/2013 13:52:18:822 00000ac2                  APP| start_id: 40005
I/APP     ( 2732): I 02/05/2013 13:52:18:826 00000ac2                  APP| Migrate schema sources: {}
I/APP     ( 2732): I 02/05/2013 13:52:19:000 00000ac2           HttpServer| GC Start.
I/APP     ( 2732): I 02/05/2013 13:52:19:057 00000ac2           HttpServer| GC End.
I/APP     ( 2732): I 02/05/2013 13:52:19:772 00000ac2           HttpServer| Process URI: '/public/jqmobile/images/icons-36-white.png'
E/libEGL  ( 2732): call to OpenGL ES API with no current context (logged once per thread)
D/ShaderProgram( 2732): couldn't load the vertex shader!
E/libEGL  ( 2732): call to OpenGL ES API with no current context (logged once per thread)
D/ShaderProgram( 2732): couldn't load the vertex shader!
E/libEGL  ( 2732): call to OpenGL ES API with no current context (logged once per thread)
D/ShaderProgram( 2732): couldn't load the vertex shader!
E/libEGL  ( 2732): call to OpenGL ES API with no current context (logged once per thread)
D/ShaderProgram( 2732): couldn't load the vertex shader!
E/libEGL  ( 2732): call to OpenGL ES API with no current context (logged once per thread)
D/ShaderProgram( 2732): couldn't load the vertex shader!
D/dalvikvm(  142): GC_CONCURRENT freed 523K, 30% free 10386K/14663K, paused 4ms+6ms
E/ActivityThread(  156): Failed to find provider info for com.android.inputmethod.latin.dictionarypack
E/BinaryDictionaryGetter(  156): Could not find a dictionary pack
D/dalvikvm( 2732): GC_CONCURRENT freed 922K, 8% free 12459K/13511K, paused 8ms+18ms
D/webviewglue( 2732): nativeDestroy view: 0x2c8fe8
I/APP     ( 2732): I 02/05/2013 13:52:32:418 00000ac2           HttpServer| Process URI: '/app/Request/submit'
I/APP     ( 2732): I 02/05/2013 13:52:32:423 00000ac2                  APP| RHO serve: /app/Request/submit
I/APP     ( 2732): I 02/05/2013 13:52:32:511 00000ac2                  APP| Params: {"product"=>"nothing", "rental_begin"=>"", "operation_period"=>"", "amount_product"=>"", "location"=>"", "information"=>"", "company"=>"", "phone"=>"", "email"=>"hans@huber.de"}
I/APP     ( 2732): I 02/05/2013 13:52:32:583 00000ac2            AsyncHttp| addCommand: POST
I/APP     ( 2732): I 02/05/2013 13:52:32:645 00000acd            AsyncHttp| Starting main routine...
I/APP     ( 2732): I 02/05/2013 13:52:32:650 00000acd                  Net| POST request (Pull): http://www.datenloft.com/macotec/send_request_test.php
I/APP     ( 2732): I 02/05/2013 13:52:32:728 00000ac2           HttpServer| GC Start.
D/dalvikvm(  142): GC_CONCURRENT freed 433K, 29% free 10447K/14663K, paused 4ms+56ms
I/APP     ( 2732): I 02/05/2013 13:52:32:848 00000ac2           HttpServer| GC End.
I/APP     ( 2732): I 02/05/2013 13:52:32:992 00000ac2           HttpServer| Process URI: '/app/Request/http_callback'
I/APP     ( 2732): I 02/05/2013 13:52:32:993 00000ac2                  APP| RHO serve: /app/Request/http_callback
I/APP     ( 2732): I 02/05/2013 13:52:33:063 00000ac2                  APP| Params: {"rho_callback"=>"1", "status"=>"ok", "http_error"=>"200", "headers"=>{"Content-Type"=>"application/x-www-form-urlencoded", "User-Agent"=>"Mozilla-5.0 (ANDROID; unknown generic; 4.0.4)", "charset"=>"UTF-8", "connection"=>"Keep-Alive", "content-type"=>"text/html; charset=utf-8", "date"=>"Tue, 05 Feb 2013 12:52:33 GMT", "keep-alive"=>"timeout=3, max=100", "server"=>"Apache/2.2.21 (Unix) mod_ssl/2.2.21 OpenSSL/0.9.8r", "transfer-encoding"=>"chunked", "x-powered-by"=>"PHP/5.2.17"}, "__rho_object"=>{"body"=>"0"}}
I/APP     ( 2732): I 02/05/2013 13:52:37:074 00000aac       SimpleMainView| Cleared URL: http://localhost:8080/app/Request/submit_failed
I/APP     ( 2732): I 02/05/2013 13:52:37:130 00000acd            AsyncHttp| ThreadQueue blocked for 4294967295 seconds...
I/APP     ( 2732): I 02/05/2013 13:52:37:136 00000ac2           HttpServer| GC Start.
I/APP     ( 2732): I 02/05/2013 13:52:37:202 00000ac2           HttpServer| GC End.
I/APP     ( 2732): E 02/05/2013 13:52:37:206 00000ac2           HttpServer| Connection gracefully closed before we send any data
I/APP     ( 2732): E 02/05/2013 13:52:37:242 00000ac2           HttpServer| Parsing error
I/APP     ( 2732): I 02/05/2013 13:52:37:247 00000ac2           HttpServer| Process URI: '/app/Request/submit_failed'
I/APP     ( 2732): I 02/05/2013 13:52:37:272 00000ac2                  APP| RHO serve: /app/Request/submit_failed
I/APP     ( 2732): I 02/05/2013 13:52:37:644 00000ac2 RHO RequestController| Layout file: /data/data/com.rhomobile.macotec/rhodata/apps/app/layout_erb.iseq. Content size: 3312
I/APP     ( 2732): I 02/05/2013 13:52:37:854 00000ac2           HttpServer| GC Start.
I/APP     ( 2732): I 02/05/2013 13:52:38:248 00000ac2           HttpServer| GC End.
I/APP     ( 2732): I 02/05/2013 13:52:42:924 00000aac   RhoWebChromeClient| Uncaught SyntaxError: Unexpected end of input -- From line 0 of http://localhost:8080/app/Request/submit_failed
E/Web Console( 2732): Uncaught SyntaxError: Unexpected end of input at http://localhost:8080/app/Request/submit_failed:0
I/APP     ( 2732): I 02/05/2013 13:52:43:098 00000ac2           HttpServer| Process URI: '/public/images/macotec/failed_smiley.png'
F/NetworkStats(   79): problem reading network stats
F/NetworkStats(   79): java.lang.IllegalStateException: problem parsing idx 1
F/NetworkStats(   79): 	at com.android.internal.net.NetworkStatsFactory.readNetworkStatsDetail(NetworkStatsFactory.java:300)
F/NetworkStats(   79): 	at com.android.server.NetworkManagementService.getNetworkStatsUidDetail(NetworkManagementService.java:1282)
F/NetworkStats(   79): 	at com.android.server.net.NetworkStatsService.performPollLocked(NetworkStatsService.java:831)
F/NetworkStats(   79): 	at com.android.server.net.NetworkStatsService.performPoll(NetworkStatsService.java:799)
F/NetworkStats(   79): 	at com.android.server.net.NetworkStatsService.access$100(NetworkStatsService.java:128)
F/NetworkStats(   79): 	at com.android.server.net.NetworkStatsService$3.onReceive(NetworkStatsService.java:633)
F/NetworkStats(   79): 	at android.app.LoadedApk$ReceiverDispatcher$Args.run(LoadedApk.java:728)
F/NetworkStats(   79): 	at android.os.Handler.handleCallback(Handler.java:605)
F/NetworkStats(   79): 	at android.os.Handler.dispatchMessage(Handler.java:92)
F/NetworkStats(   79): 	at android.os.Looper.loop(Looper.java:137)
F/NetworkStats(   79): 	at android.os.HandlerThread.run(HandlerThread.java:60)
F/NetworkStats(   79): Caused by: java.io.FileNotFoundException: /proc/net/xt_qtaguid/stats: open failed: ENOENT (No such file or directory)
F/NetworkStats(   79): 	at libcore.io.IoBridge.open(IoBridge.java:406)
F/NetworkStats(   79): 	at java.io.FileInputStream.<init>(FileInputStream.java:78)
F/NetworkStats(   79): 	at com.android.internal.net.NetworkStatsFactory.readNetworkStatsDetail(NetworkStatsFactory.java:269)
F/NetworkStats(   79): 	... 10 more
F/NetworkStats(   79): Caused by: libcore.io.ErrnoException: open failed: ENOENT (No such file or directory)
F/NetworkStats(   79): 	at libcore.io.Posix.open(Native Method)
F/NetworkStats(   79): 	at libcore.io.BlockGuardOs.open(BlockGuardOs.java:110)
F/NetworkStats(   79): 	at libcore.io.IoBridge.open(IoBridge.java:390)
F/NetworkStats(   79): 	... 12 more
D/dalvikvm(   79): GC_CONCURRENT freed 452K, 11% free 11367K/12743K, paused 16ms+9ms
D/dalvikvm(  172): GC_CONCURRENT freed 384K, 6% free 9533K/10119K, paused 15ms+8ms
D/AndroidRuntime( 2771): 
D/AndroidRuntime( 2771): >>>>>> AndroidRuntime START com.android.internal.os.RuntimeInit <<<<<<
D/AndroidRuntime( 2771): CheckJNI is ON
D/AndroidRuntime( 2771): Calling main entry com.android.commands.pm.Pm
W/ActivityManager(   79): No content provider found for permission revoke: file:///data/local/tmp/macotec-debug.apk
W/ActivityManager(   79): No content provider found for permission revoke: file:///data/local/tmp/macotec-debug.apk
D/dalvikvm(   79): GC_CONCURRENT freed 331K, 10% free 11513K/12743K, paused 10ms+7ms
D/dalvikvm(   79): GC_CONCURRENT freed 303K, 9% free 11711K/12743K, paused 8ms+7ms
D/dalvikvm(   79): GC_CONCURRENT freed 581K, 8% free 11727K/12743K, paused 6ms+8ms
D/dalvikvm(   79): GC_CONCURRENT freed 593K, 8% free 11730K/12743K, paused 7ms+7ms
D/dalvikvm(   79): GC_CONCURRENT freed 565K, 8% free 11735K/12743K, paused 14ms+7ms
D/dalvikvm(   79): GC_CONCURRENT freed 605K, 8% free 11769K/12743K, paused 6ms+9ms
I/PackageManager(   79): Removing non-system package:com.rhomobile.macotec
I/ActivityManager(   79): Force stopping package com.rhomobile.macotec uid=10040
I/ActivityManager(   79): Killing proc 2732:com.rhomobile.macotec/10040: force stop
W/ActivityManager(   79): Force removing ActivityRecord{412946c8 com.rhomobile.macotec/com.rhomobile.rhodes.RhodesActivity}: app died, no saved state
I/WindowManager(   79): WIN DEATH: Window{415c06a0 com.rhomobile.macotec/com.rhomobile.rhodes.RhodesActivity paused=false}
W/NetworkManagementSocketTagger(   79): setKernelCountSet(10040, 0) failed with errno -2
W/NetworkManagementSocketTagger(   79): setKernelCountSet(10009, 1) failed with errno -2
I/PackageManager(   79): Package com.rhomobile.macotec codePath changed from /data/app/com.rhomobile.macotec-1.apk to /data/app/com.rhomobile.macotec-2.apk; Retaining data and using new
I/Process (   79): Sending signal. PID: 186 SIG: 3
I/dalvikvm(  186): threadid=3: reacting to signal 3
I/dalvikvm(  186): Wrote stack traces to '/data/anr/traces.txt'
W/InputManagerService(   79): Got RemoteException sending setActive(false) notification to pid 2732 uid 10040
I/Process (   79): Sending signal. PID: 186 SIG: 3
I/dalvikvm(  186): threadid=3: reacting to signal 3
I/Process (   79): Sending signal. PID: 186 SIG: 3
I/dalvikvm(  186): Wrote stack traces to '/data/anr/traces.txt'
I/dalvikvm(  186): threadid=3: reacting to signal 3
I/Process (   79): Sending signal. PID: 186 SIG: 3
I/dalvikvm(  186): Wrote stack traces to '/data/anr/traces.txt'
I/dalvikvm(  186): threadid=3: reacting to signal 3
I/Process (   79): Sending signal. PID: 186 SIG: 3
I/dalvikvm(  186): Wrote stack traces to '/data/anr/traces.txt'
I/dalvikvm(  186): threadid=3: reacting to signal 3
I/Process (   79): Sending signal. PID: 186 SIG: 3
I/dalvikvm(  186): Wrote stack traces to '/data/anr/traces.txt'
I/dalvikvm(  186): threadid=3: reacting to signal 3
I/Process (   79): Sending signal. PID: 186 SIG: 3
I/dalvikvm(  186): Wrote stack traces to '/data/anr/traces.txt'
I/dalvikvm(  186): threadid=3: reacting to signal 3
I/Process (   79): Sending signal. PID: 186 SIG: 3
I/dalvikvm(  186): Wrote stack traces to '/data/anr/traces.txt'
I/dalvikvm(  186): threadid=3: reacting to signal 3
I/Process (   79): Sending signal. PID: 186 SIG: 3
I/dalvikvm(  186): Wrote stack traces to '/data/anr/traces.txt'
I/dalvikvm(  186): threadid=3: reacting to signal 3
I/Process (   79): Sending signal. PID: 186 SIG: 3
I/dalvikvm(  186): Wrote stack traces to '/data/anr/traces.txt'
I/dalvikvm(  186): threadid=3: reacting to signal 3
I/dalvikvm(  186): Wrote stack traces to '/data/anr/traces.txt'
I/Process (   79): Sending signal. PID: 186 SIG: 3
I/dalvikvm(  186): threadid=3: reacting to signal 3
I/dalvikvm(  186): Wrote stack traces to '/data/anr/traces.txt'
D/dalvikvm(  186): GC_CONCURRENT freed 3838K, 25% free 17001K/22663K, paused 4ms+11ms
D/dalvikvm(  186): GC_FOR_ALLOC freed 663K, 21% free 17990K/22663K, paused 94ms
D/dalvikvm(  186): GC_CONCURRENT freed 977K, 16% free 19061K/22663K, paused 5ms+6ms
D/dalvikvm(  186): GC_FOR_ALLOC freed 2227K, 24% free 17362K/22663K, paused 48ms
D/dalvikvm(  186): GC_FOR_ALLOC freed 1839K, 24% free 17326K/22663K, paused 47ms
I/PackageManager(   79): Running dexopt on: com.rhomobile.macotec
D/dalvikvm( 2782): DexOpt: load 94ms, verify+opt 535ms
W/PackageManager(   79): Code path for pkg : com.rhomobile.macotec changing from /data/app/com.rhomobile.macotec-1.apk to /data/app/com.rhomobile.macotec-2.apk
W/PackageManager(   79): Resource path for pkg : com.rhomobile.macotec changing from /data/app/com.rhomobile.macotec-1.apk to /data/app/com.rhomobile.macotec-2.apk
I/ActivityManager(   79): Force stopping package com.rhomobile.macotec uid=10040
D/dalvikvm(   79): GC_CONCURRENT freed 582K, 8% free 11758K/12743K, paused 5ms+15ms
D/PackageManager(   79): New package installed in /data/app/com.rhomobile.macotec-2.apk
I/ActivityManager(   79): Force stopping package com.rhomobile.macotec uid=10040
D/dalvikvm(  186): GC_EXPLICIT freed 1213K, 24% free 17417K/22663K, paused 23ms+10ms
D/dalvikvm(  234): GC_EXPLICIT freed 158K, 4% free 9391K/9735K, paused 4ms+12ms
D/dalvikvm(   79): GC_EXPLICIT freed 655K, 12% free 11324K/12743K, paused 6ms+8ms
D/PackageManager(   79): generateServicesMap(android.accounts.AccountAuthenticator): 2 services unchanged
D/PackageManager(   79): generateServicesMap(android.content.SyncAdapter): 4 services unchanged
D/BackupManagerService(   79): Received broadcast Intent { act=android.intent.action.PACKAGE_REMOVED dat=package:com.rhomobile.macotec flg=0x10000010 (has extras) }
I/AccountTypeManager(  326): Loaded meta-data for 1 account types, 0 accounts in 286ms(wall) 5ms(cpu)
D/PackageManager(   79): generateServicesMap(android.accounts.AccountAuthenticator): 2 services unchanged
D/PackageManager(   79): generateServicesMap(android.content.SyncAdapter): 4 services unchanged
D/BackupManagerService(   79): Received broadcast Intent { act=android.intent.action.PACKAGE_ADDED dat=package:com.rhomobile.macotec flg=0x10000010 (has extras) }
V/BackupManagerService(   79): updatePackageParticipantsLocked: #1
W/RecognitionManagerService(   79): no available voice recognition services found
I/AccountTypeManager(  326): Loaded meta-data for 1 account types, 0 accounts in 694ms(wall) 5ms(cpu)
D/dalvikvm(  186): GC_FOR_ALLOC freed 3100K, 31% free 15739K/22663K, paused 82ms
D/dalvikvm(  186): GC_FOR_ALLOC freed 385K, 25% free 17005K/22663K, paused 48ms
D/dalvikvm(  326): GC_CONCURRENT freed 439K, 6% free 9301K/9863K, paused 4ms+3ms
D/BackupManagerService(   79): Received broadcast Intent { act=android.intent.action.PACKAGE_REPLACED dat=package:com.rhomobile.macotec flg=0x10000010 (has extras) }
V/BackupManagerService(   79): updatePackageParticipantsLocked: #1
D/dalvikvm(   79): GC_EXPLICIT freed 452K, 11% free 11449K/12743K, paused 5ms+10ms
D/AndroidRuntime( 2771): Shutting down VM
D/dalvikvm( 2771): GC_CONCURRENT freed 97K, 79% free 450K/2048K, paused 1ms+1ms
I/AndroidRuntime( 2771): NOTE: attach of thread 'Binder Thread #3' failed
D/dalvikvm(  186): GC_CONCURRENT freed 4224K, 36% free 14720K/22663K, paused 4ms+30ms
D/dalvikvm(  186): GC_FOR_ALLOC freed 70K, 30% free 15934K/22663K, paused 92ms
D/dalvikvm(  186): GC_FOR_ALLOC freed 363K, 26% free 16858K/22663K, paused 87ms
D/AndroidRuntime( 2790): 
D/AndroidRuntime( 2790): >>>>>> AndroidRuntime START com.android.internal.os.RuntimeInit <<<<<<
D/AndroidRuntime( 2790): CheckJNI is ON
D/dalvikvm(  186): GC_FOR_ALLOC freed 1245K, 25% free 17094K/22663K, paused 106ms
D/dalvikvm(  186): GC_CONCURRENT freed 419K, 18% free 18710K/22663K, paused 4ms+19ms
D/dalvikvm(  186): GC_FOR_ALLOC freed 1960K, 18% free 18598K/22663K, paused 157ms
D/AndroidRuntime( 2790): Calling main entry com.android.commands.am.Am
I/ActivityManager(   79): START {act=android.intent.action.MAIN flg=0x10000000 cmp=com.rhomobile.macotec/com.rhomobile.rhodes.RhodesActivity} from pid 2790
W/WindowManager(   79): Failure taking screenshot for (180x273) to layer 21005
D/AndroidRuntime( 2790): Shutting down VM
D/dalvikvm( 2790): GC_CONCURRENT freed 97K, 77% free 479K/2048K, paused 1ms+1ms
I/AndroidRuntime( 2790): NOTE: attach of thread 'Binder Thread #3' failed
I/ActivityManager(   79): Start proc com.rhomobile.macotec for activity com.rhomobile.macotec/com.rhomobile.rhodes.RhodesActivity: pid=2800 uid=10040 gids={3003}
I/dalvikvm( 2800): Turning on JNI app bug workarounds for target SDK version 4...
W/NetworkManagementSocketTagger(   79): setKernelCountSet(10040, 1) failed with errno -2
I/Process (   79): Sending signal. PID: 2800 SIG: 3
I/dalvikvm( 2800): threadid=3: reacting to signal 3
D/dalvikvm( 2800): Trying to load lib /data/data/com.rhomobile.macotec/lib/librhodes.so 0x412a56c8
I/dalvikvm( 2800): Wrote stack traces to '/data/anr/traces.txt'
D/dalvikvm( 2800): Added shared lib /data/data/com.rhomobile.macotec/lib/librhodes.so 0x412a56c8
D/dalvikvm( 2800): Trying to load lib /data/data/com.rhomobile.macotec/lib/librhodes.so 0x412a56c8
D/dalvikvm( 2800): Shared lib '/data/data/com.rhomobile.macotec/lib/librhodes.so' already loaded in same CL 0x412a56c8
I/ActivityThread( 2800): Pub com.rhomobile.macotec: com.rhomobile.rhodes.LocalFileProvider
I/Process (   79): Sending signal. PID: 2800 SIG: 3
I/dalvikvm( 2800): threadid=3: reacting to signal 3
I/RhodesApplication( 2800): Initializing...
I/dalvikvm( 2800): Wrote stack traces to '/data/anr/traces.txt'
D/RhoFileApi( 2800): App root path: /data/data/com.rhomobile.macotec/rhodata/
D/RhoFileApi( 2800): Sqlite journals path: /data/data/com.rhomobile.macotec/sqlite_stmt_journals/
D/RhoFileApi( 2800): Shared path: /data/data/com.rhomobile.macotec/rhodata/
D/RhodesApplication( 2800): Root path: /data/data/com.rhomobile.macotec/rhodata/
I/Process (   79): Sending signal. PID: 2800 SIG: 3
I/dalvikvm( 2800): threadid=3: reacting to signal 3
I/RhodesApplication( 2800): Application hash was changed
D/RhoFileApi( 2800): Copy hash to FS
I/dalvikvm( 2800): Wrote stack traces to '/data/anr/traces.txt'
D/RhoFileApi( 2800): File hash copied
D/RhoFileApi( 2800): Copy rho.dat to FS
I/Process (   79): Sending signal. PID: 2800 SIG: 3
D/RhoFileApi( 2800): File rho.dat copied
D/RhoFileApi( 2800): Copy apps/rhoconfig.txt to FS
I/dalvikvm( 2800): threadid=3: reacting to signal 3
D/RhoFileApi( 2800): File apps/rhoconfig.txt copied
I/dalvikvm( 2800): Wrote stack traces to '/data/anr/traces.txt'
I/RhoFileApi( 2800): Opening stat table from FS: /data/data/com.rhomobile.macotec/rhodata/rho.dat
I/Process (   79): Sending signal. PID: 2800 SIG: 3
I/dalvikvm( 2800): threadid=3: reacting to signal 3
I/dalvikvm( 2800): Wrote stack traces to '/data/anr/traces.txt'
I/Process (   79): Sending signal. PID: 2800 SIG: 3
I/dalvikvm( 2800): threadid=3: reacting to signal 3
I/dalvikvm( 2800): Wrote stack traces to '/data/anr/traces.txt'
I/Process (   79): Sending signal. PID: 2800 SIG: 3
I/dalvikvm( 2800): threadid=3: reacting to signal 3
I/dalvikvm( 2800): Wrote stack traces to '/data/anr/traces.txt'
I/Process (   79): Sending signal. PID: 2800 SIG: 3
I/dalvikvm( 2800): threadid=3: reacting to signal 3
I/dalvikvm( 2800): Wrote stack traces to '/data/anr/traces.txt'
I/Process (   79): Sending signal. PID: 2800 SIG: 3
I/dalvikvm( 2800): threadid=3: reacting to signal 3
I/dalvikvm( 2800): Wrote stack traces to '/data/anr/traces.txt'
I/Process (   79): Sending signal. PID: 2800 SIG: 3
I/dalvikvm( 2800): threadid=3: reacting to signal 3
I/dalvikvm( 2800): Wrote stack traces to '/data/anr/traces.txt'
I/Process (   79): Sending signal. PID: 2800 SIG: 3
I/dalvikvm( 2800): threadid=3: reacting to signal 3
I/dalvikvm( 2800): Wrote stack traces to '/data/anr/traces.txt'
D/RhoFileApi( 2800): Copy apps/rhoconfig.txt to FS
D/RhoFileApi( 2800): File apps/rhoconfig.txt copied
D/RhoFileApi( 2800): App root path: /data/data/com.rhomobile.macotec/rhodata/
D/RhoFileApi( 2800): Sqlite journals path: /data/data/com.rhomobile.macotec/sqlite_stmt_journals/
D/RhoFileApi( 2800): Shared path: /data/data/com.rhomobile.macotec/rhodata/
I/APP     ( 2800): I 02/05/2013 13:54:45:840 00000af0    RhodesApplication| Initialized
I/APP     ( 2800): I 02/05/2013 13:54:45:922 00000af0         BaseActivity| New screen properties - width: 480, height: 728, orientation: 1
I/Process (   79): Sending signal. PID: 2800 SIG: 3
I/dalvikvm( 2800): threadid=3: reacting to signal 3
I/dalvikvm( 2800): Wrote stack traces to '/data/anr/traces.txt'
D/dalvikvm( 2800): GC_CONCURRENT freed 298K, 5% free 9187K/9607K, paused 5ms+10ms
I/APP     ( 2800): I 02/05/2013 13:54:46:316 00000af0         SplashScreen| Looking for start page source
I/Process (   79): Sending signal. PID: 2800 SIG: 3
I/dalvikvm( 2800): threadid=3: reacting to signal 3
D/dalvikvm( 2800): GC_FOR_ALLOC freed 15K, 4% free 9223K/9607K, paused 46ms
I/dalvikvm( 2800): Wrote stack traces to '/data/anr/traces.txt'
I/dalvikvm-heap( 2800): Grow heap (frag case) to 12.142MB for 3217300-byte allocation
D/dalvikvm( 2800): GC_CONCURRENT freed 1K, 4% free 12364K/12807K, paused 4ms+18ms
I/Process (   79): Sending signal. PID: 2800 SIG: 3
I/dalvikvm( 2800): threadid=3: reacting to signal 3
I/dalvikvm( 2800): Wrote stack traces to '/data/anr/traces.txt'
I/APP     ( 2800): I 02/05/2013 13:54:47:230 00000af0         SplashScreen| Done
I/APP     ( 2800): I 02/05/2013 13:54:47:236 00000af0    RhodesApplication| New UiState: MainActivityCreated
I/APP     ( 2800): I 02/05/2013 13:54:47:280 00000af0       RhodesActivity| onStart
I/APP     ( 2800): I 02/05/2013 13:54:47:288 00000af0    RhodesApplication| New UiState: MainActivityStarted
I/APP     ( 2800): I 02/05/2013 13:54:47:318 00000af0       RhodesActivity| onResume
I/APP     ( 2800): I 02/05/2013 13:54:47:322 00000af0 AndroidFunctionality| Resume WebView
I/APP     ( 2800): I 02/05/2013 13:54:47:383 00000af0        RhodesService| onCreate
I/APP     ( 2800): I 02/05/2013 13:54:47:387 00000af0    LocalFileProvider| Revoke URI permissions: content:///com.rhomobile.macotec
W/ActivityManager(   79): No content provider found for permission revoke: content:///com.rhomobile.macotec
I/APP     ( 2800): I 02/05/2013 13:54:47:421 00000af0               Rhodes| Loading...
I/APP     ( 2800): I 02/05/2013 13:54:47:441 00000af0            RhodesApp| Trying to get free listening port.
I/APP     ( 2800): I 02/05/2013 13:54:47:446 00000af0            RhodesApp| Trying to bind of 8080 port...
I/APP     ( 2800): I 02/05/2013 13:54:47:470 00000af0            RhodesApp| Got port to bind on: 8080
I/APP     ( 2800): I 02/05/2013 13:54:47:473 00000af0            RhodesApp| Free listening port: 8080
I/APP     ( 2800): I 02/05/2013 13:54:47:493 00000b05         AppCallbacks| Starting main routine...
I/APP     ( 2800): I 02/05/2013 13:54:47:517 00000b05         AppCallbacks| ThreadQueue blocked for 4294967295 seconds...
I/Process (   79): Sending signal. PID: 2800 SIG: 3
I/dalvikvm( 2800): threadid=3: reacting to signal 3
I/dalvikvm( 2800): Wrote stack traces to '/data/anr/traces.txt'
I/APP     ( 2800): I 02/05/2013 13:54:47:668 00000af0        RhodesService| Push is disabled
I/APP     ( 2800): I 02/05/2013 13:54:47:673 00000af0            RhodesApp| callAppActiveCallback
I/APP     ( 2800): I 02/05/2013 13:54:47:711 00000af0         AppCallbacks| addCommand: APP-ACTIVATED
I/APP     ( 2800): I 02/05/2013 13:54:47:716 00000b05         AppCallbacks| Received command APP-ACTIVATED which is greater than expected (LOCAL-SERVER-STARTED) - postpone it
I/APP     ( 2800): I 02/05/2013 13:54:47:717 00000b05         AppCallbacks| ThreadQueue blocked for 4294967295 seconds...
I/APP     ( 2800): I 02/05/2013 13:54:47:760 00000af0         AppActivated| Cannot commit now, application will be activated when started.
I/APP     ( 2800): I 02/05/2013 13:54:47:765 00000af0    RhodesApplication| New AppState: Undefined
I/APP     ( 2800): I 02/05/2013 13:54:47:775 00000b07            RhodesApp| Starting RhodesApp main routine...
D/RhodesService( 2800): +++ onStartCommand
I/RhodesService( 2800): handleCommand: startId=1, source=com.rhomobile.rhodes.BaseActivity
D/RhodesService( 2800): New activity was created
I/APP     ( 2800): I 02/05/2013 13:54:47:829 00000af0        RhodesService| onBind
I/APP     ( 2800): I 02/05/2013 13:54:47:905 00000af0         AppCallbacks| addCommand: UI-CREATED
I/APP     ( 2800): I 02/05/2013 13:54:47:908 00000b05         AppCallbacks| Received command UI-CREATED which is greater than expected (LOCAL-SERVER-STARTED) - postpone it
I/APP     ( 2800): I 02/05/2013 13:54:47:909 00000b05         AppCallbacks| ThreadQueue blocked for 4294967295 seconds...
V/PhoneStatusBar(  142): setLightsOn(true)
I/Process (   79): Sending signal. PID: 2800 SIG: 3
I/dalvikvm( 2800): threadid=3: reacting to signal 3
I/dalvikvm( 2800): Wrote stack traces to '/data/anr/traces.txt'
I/APP     ( 2800): I 02/05/2013 13:54:48:198 00000af0       RhodesActivity| onServiceConnected: {com.rhomobile.macotec/com.rhomobile.rhodes.RhodesService}
I/APP     ( 2800): I 02/05/2013 13:54:48:202 00000af0       RhodesActivity| New start parameters: 
I/APP     ( 2800): I 02/05/2013 13:54:48:246 00000af0            RhodesApp| New start params: 
D/gralloc_goldfish( 2800): Emulator without GPU emulation detected.
W/InputManagerService(   79): Starting input on non-focused client com.android.internal.view.IInputMethodClient$Stub$Proxy@415afb08 (uid=10009 pid=186)
I/Process (   79): Sending signal. PID: 2800 SIG: 3
I/dalvikvm( 2800): threadid=3: reacting to signal 3
I/dalvikvm( 2800): Wrote stack traces to '/data/anr/traces.txt'
I/ActivityManager(   79): Displayed com.rhomobile.macotec/com.rhomobile.rhodes.RhodesActivity: +9s650ms
I/APP     ( 2800): I 02/05/2013 13:54:49:049 00000b07              RhoRuby| Init_RhoBlobs: /data/data/com.rhomobile.macotec/rhodata/db/db-files
I/APP     ( 2800): I 02/05/2013 13:54:49:108 00000b07              RhoRuby| require_compiled: rhoframework
W/ActivityManager(   79): Launch timeout has expired, giving up wake lock!
I/APP     ( 2800): I 02/05/2013 13:54:49:242 00000b07              RhoRuby| require_compiled: rational
I/APP     ( 2800): I 02/05/2013 13:54:49:291 00000b07              RhoRuby| require_compiled: rhom/rhom_db_adapter
I/APP     ( 2800): I 02/05/2013 13:54:49:422 00000b07              RhoRuby| require_compiled: rhodes
I/APP     ( 2800): I 02/05/2013 13:54:49:481 00000b07              RhoRuby| require_compiled: rhom/rhom_object
I/APP     ( 2800): I 02/05/2013 13:54:49:540 00000b07              RhoRuby| require_compiled: rhofsconnector
I/APP     ( 2800): I 02/05/2013 13:54:49:546 00000b07              RhoRuby| require_compiled: rho/rhofsconnector
W/ActivityManager(   79): Activity idle timeout for ActivityRecord{41436118 com.rhomobile.macotec/com.rhomobile.rhodes.RhodesActivity}
I/APP     ( 2800): I 02/05/2013 13:54:49:642 00000b07              RhoRuby| require_compiled: rhom/rhom_object_factory
I/APP     ( 2800): I 02/05/2013 13:54:49:904 00000b07              RhoRuby| require_compiled: rhom/rhom
I/APP     ( 2800): I 02/05/2013 13:54:49:964 00000b07              RhoRuby| require_compiled: rhom/rhom_model
I/APP     ( 2800): I 02/05/2013 13:54:50:015 00000b07              RhoRuby| require_compiled: rhom
I/APP     ( 2800): I 02/05/2013 13:54:50:052 00000b07              RhoRuby| require_compiled: rho/rhoapplication
I/APP     ( 2800): I 02/05/2013 13:54:50:107 00000b07              RhoRuby| require_compiled: rholang/localization_simplified
W/NetworkManagementSocketTagger(   79): setKernelCountSet(10009, 0) failed with errno -2
I/APP     ( 2800): I 02/05/2013 13:54:50:200 00000b07              RhoRuby| require_compiled: rho/rhomsg
I/APP     ( 2800): I 02/05/2013 13:54:50:232 00000b07              RhoRuby| require_compiled: rho/rhotabbar
I/APP     ( 2800): I 02/05/2013 13:54:50:269 00000b07              RhoRuby| require_compiled: rho/rhotoolbar
I/APP     ( 2800): I 02/05/2013 13:54:50:304 00000b07                  APP| Current locale: ; Country code: 
I/APP     ( 2800): I 02/05/2013 13:54:50:334 00000b07                  APP| Locilized file: /data/data/com.rhomobile.macotec/rhodata/lib/rholang/lang_
I/APP     ( 2800): I 02/05/2013 13:54:50:363 00000b07              RhoRuby| require_compiled: /data/data/com.rhomobile.macotec/rhodata/lib/rholang/lang_en
I/APP     ( 2800): I 02/05/2013 13:54:50:407 00000b07                  APP| Locilized file: /data/data/com.rhomobile.macotec/rhodata/apps/app/lang/lang_
I/APP     ( 2800): I 02/05/2013 13:54:50:412 00000b07                  APP| Locilized file: /data/data/com.rhomobile.macotec/rhodata/lib/rholang/rhoerror_
I/APP     ( 2800): I 02/05/2013 13:54:50:449 00000b07              RhoRuby| require_compiled: /data/data/com.rhomobile.macotec/rhodata/lib/rholang/rhoerror_en
I/APP     ( 2800): I 02/05/2013 13:54:50:486 00000b07                  APP| Locilized file: /data/data/com.rhomobile.macotec/rhodata/lib/rholang/rhomsg_
I/APP     ( 2800): I 02/05/2013 13:54:50:491 00000b07              RhoRuby| require_compiled: /data/data/com.rhomobile.macotec/rhodata/lib/rholang/rhomsg_en
I/APP     ( 2800): I 02/05/2013 13:54:50:539 00000b07              RhoRuby| require_compiled: indifferent_access
I/APP     ( 2800): I 02/05/2013 13:54:50:594 00000b07              RhoRuby| require_compiled: rho/rhosupport
I/APP     ( 2800): I 02/05/2013 13:54:50:668 00000b07              RhoRuby| require_compiled: rho/rhocontroller
I/APP     ( 2800): I 02/05/2013 13:54:50:724 00000b07              RhoRuby| require_compiled: rho/render
I/APP     ( 2800): I 02/05/2013 13:54:50:791 00000b07              RhoRuby| require_compiled: rho/rho
I/APP     ( 2800): I 02/05/2013 13:54:50:958 00000b07              RhoRuby| require_compiled: rho/rhoerror
I/APP     ( 2800): I 02/05/2013 13:54:50:996 00000b07              RhoRuby| require_compiled: rhom/rhom_source
I/APP     ( 2800): I 02/05/2013 13:54:51:049 00000b07              RhoRuby| require_compiled: rho/rhoviewhelpers
I/APP     ( 2800): I 02/05/2013 13:54:51:094 00000b07              RhoRuby| require_compiled: rho
I/APP     ( 2800): I 02/05/2013 13:54:51:139 00000b07                  APP| RHO loaded
I/APP     ( 2800): I 02/05/2013 13:54:51:142 00000b07                  APP| Calling RHO.initialize
I/APP     ( 2800): I 02/05/2013 13:54:51:172 00000b07                  APP| model file: Product/product
I/APP     ( 2800): I 02/05/2013 13:54:51:198 00000b07                  APP| model file: Request/request
I/APP     ( 2800): I 02/05/2013 13:54:51:221 00000b07                   DB| Open DB: /data/data/com.rhomobile.macotec/rhodata/db/syncdbuser.sqlite
I/APP     ( 2800): I 02/05/2013 13:54:51:256 00000b07          GeoLocation| Creating singleton instance.
I/APP     ( 2800): I 02/05/2013 13:54:51:259 00000b07            RhodesApp| Starting sync engine...
I/APP     ( 2800): I 02/05/2013 13:54:51:277 00000b07                 Sync| sync_poll_interval: 0
I/APP     ( 2800): I 02/05/2013 13:54:51:300 00000b07                 Sync| syncserver: 
I/APP     ( 2800): I 02/05/2013 13:54:51:303 00000b07                 Sync| bulksync_state: 0
I/APP     ( 2800): I 02/05/2013 13:54:51:322 00000b07            RhodesApp| RhoRubyInitApp...
I/APP     ( 2800): I 02/05/2013 13:54:51:326 00000b07                  APP| init_app
I/APP     ( 2800): I 02/05/2013 13:54:51:343 00000b07              RhoRuby| require_compiled: application
I/APP     ( 2800): I 02/05/2013 13:54:51:372 00000b07                 Sync| Set notification. Source ID: -1;Url :http://localhost:8080/app/Settings/sync_notify; Params: 
I/APP     ( 2800): I 02/05/2013 13:54:51:403 00000b07           HttpServer| Start HTTP server
I/APP     ( 2800): I 02/05/2013 13:54:51:407 00000b07           HttpServer| Listen for connections on port 8080
I/APP     ( 2800): I 02/05/2013 13:54:51:425 00000b07         AppCallbacks| addCommand: LOCAL-SERVER-STARTED
I/APP     ( 2800): I 02/05/2013 13:54:51:430 00000b05         AppCallbacks| process command: LOCAL-SERVER-STARTED
I/APP     ( 2800): I 02/05/2013 13:54:51:431 00000b05 RhodesAppActiveObserver| Ready
I/APP     ( 2800): I 02/05/2013 13:54:51:455 00000af0 AndroidFunctionality| Disable WebView zoom
I/APP     ( 2800): I 02/05/2013 13:54:51:462 00000af0 AndroidFunctionality| Set web plugins state 'OFF'
I/APP     ( 2800): I 02/05/2013 13:54:51:479 00000b05    RhodesApplication| New AppState: AppActivated
I/APP     ( 2800): I 02/05/2013 13:54:51:490 00000b05         AppCallbacks| process command: UI-CREATED
I/APP     ( 2800): I 02/05/2013 13:54:51:575 00000b07           HttpServer| Process URI: '/system/uicreated'
I/APP     ( 2800): I 02/05/2013 13:54:51:580 00000b07                  APP| on_ui_created.navigate to start url: '/app'
I/APP     ( 2800): I 02/05/2013 13:54:51:597 00000af0         SplashScreen| navigate: url=http://localhost:8080/app
I/APP     ( 2800): I 02/05/2013 13:54:51:598 00000af0         SplashScreen| DELAY for SplashScreen = 0
I/APP     ( 2800): I 02/05/2013 13:54:51:641 00000b05         AppCallbacks| process command: APP-ACTIVATED
I/APP     ( 2800): I 02/05/2013 13:54:51:668 00000af0        GoogleWebView| Creating new RhoWebChromeClient
I/APP     ( 2800): I 02/05/2013 13:54:51:721 00000af0       SimpleMainView| Cleared URL: http://localhost:8080/app
I/APP     ( 2800): I 02/05/2013 13:54:51:747 00000b07           HttpServer| Process URI: '/system/activateapp'
V/SimpleMainView.View( 2800): ms[1360068891771]  Main Window :: onSizeChanged() old [ 480 x 652 ]  new [ 0 x 0 ]
