I/APP     ( 3479): I 02/27/2013 18:26:14:709 00000d97         ImageCapture| surfaceChanged
V/EmulatedCamera_Camera(   38): setParameters
V/EmulatedCamera_Preview(   38): setPreviewWindow: current: 0x0 -> new: 0x14290
V/EmulatedCamera_Camera(   38): doStartPreview
V/EmulatedCamera_Preview(   38): startPreview
D/EmulatedCamera_Camera(   38): Starting camera: 352x288 -> NV21(yuv420sp)
V/EmulatedCamera_FakeDevice(   38): startDevice
V/EmulatedCamera_Device(   38): commonStartDevice: Allocated 0x41b25008 152064 bytes for 101376 pixels in NV21[352x288] frame
V/EmulatedCamera_Device(   38): startDeliveringFrames
V/EmulatedCamera_Device(   38): startWorkerThread
I/APP     ( 3479): I 02/27/2013 18:26:14:901 00000d97         ImageCapture| onOrientationChanged(0)
V/EmulatedCamera_Device(   38): Starting emulated camera device worker thread...
V/EmulatedCamera_Device(   38): Emulated device's worker thread has been started.
V/EmulatedCamera_Preview(   38): onNextFrameAvailable: Adjusting preview windows 0x14290 geometry to 352x288
I/Process (   77): Sending signal. PID: 3479 SIG: 3
I/dalvikvm( 3479): threadid=3: reacting to signal 3
I/dalvikvm( 3479): Wrote stack traces to '/data/anr/traces.txt'
I/ActivityManager(   77): Displayed com.rhomobile.macotec/com.rhomobile.rhodes.camera.ImageCapture: +2s741ms
I/APP     ( 3479): I 02/27/2013 18:26:15:685 00000d97       RhodesActivity| onStop
D/dalvikvm(   77): GC_EXPLICIT freed 340K, 12% free 11412K/12935K, paused 6ms+56ms
I/APP     ( 3479): I 02/27/2013 18:26:18:234 00000d97         ImageCapture| Camera rotation: 90
I/APP     ( 3479): I 02/27/2013 18:26:18:692 00000d97         ImageCapture| Camera rotation resetup for platforms >= 2.2: 1
V/ImageCapture( 3479): ms[1361985978885] $$$   parameters.set(rotation, 90 );
V/EmulatedCamera_Camera(   38): setParameters
V/EmulatedCamera_CallbackNotifier(   38): enableMessage: msg_type = 0x302
V/EmulatedCamera_CallbackNotifier(   38):     CAMERA_MSG_SHUTTER
V/EmulatedCamera_CallbackNotifier(   38):     CAMERA_MSG_COMPRESSED_IMAGE
V/EmulatedCamera_CallbackNotifier(   38):     CAMERA_MSG_RAW_IMAGE_NOTIFY
V/EmulatedCamera_CallbackNotifier(   38): **** Currently enabled messages:
V/EmulatedCamera_CallbackNotifier(   38):     CAMERA_MSG_ERROR
V/EmulatedCamera_CallbackNotifier(   38):     CAMERA_MSG_SHUTTER
V/EmulatedCamera_CallbackNotifier(   38):     CAMERA_MSG_FOCUS
V/EmulatedCamera_CallbackNotifier(   38):     CAMERA_MSG_ZOOM
V/EmulatedCamera_CallbackNotifier(   38):     CAMERA_MSG_COMPRESSED_IMAGE
V/EmulatedCamera_CallbackNotifier(   38):     CAMERA_MSG_RAW_IMAGE_NOTIFY
V/EmulatedCamera_CallbackNotifier(   38):     CAMERA_MSG_PREVIEW_METADATA
V/EmulatedCamera_Camera(   38): takePicture
V/EmulatedCamera_Camera(   38): doStopPreview
V/EmulatedCamera_Device(   38): stopDeliveringFrames
V/EmulatedCamera_Device(   38): stopWorkerThread
V/EmulatedCamera_Device(   38): Stopping emulated camera device's worker thread...
V/EmulatedCamera_Device(   38): Emulated camera device's worker thread has been stopped.
V/EmulatedCamera_FakeDevice(   38): stopDevice
V/EmulatedCamera_Preview(   38): stopPreview
D/EmulatedCamera_Camera(   38): Starting camera for picture: NV21(jpeg)[640x480]
V/EmulatedCamera_FakeDevice(   38): startDevice
V/EmulatedCamera_Device(   38): commonStartDevice: Allocated 0x41b25008 460800 bytes for 307200 pixels in NV21[640x480] frame
V/EmulatedCamera_Device(   38): startDeliveringFrames
V/EmulatedCamera_Device(   38): startWorkerThread
V/EmulatedCamera_Device(   38): Starting emulated camera device worker thread...
V/EmulatedCamera_Device(   38): Emulated device's worker thread has been started.
D/AudioSink(   38): bufferCount (4) is too small and increased to 12
I/APP     ( 3479): I 02/27/2013 18:26:22:443 00000d97         ImageCapture| SHUTTER CALLBACK
V/EmulatedCamera_CallbackNotifier(   38): disableMessage: msg_type = 0x2
V/EmulatedCamera_CallbackNotifier(   38):     CAMERA_MSG_SHUTTER
V/EmulatedCamera_CallbackNotifier(   38): **** Currently enabled messages:
V/EmulatedCamera_CallbackNotifier(   38):     CAMERA_MSG_ERROR
V/EmulatedCamera_CallbackNotifier(   38):     CAMERA_MSG_FOCUS
V/EmulatedCamera_CallbackNotifier(   38):     CAMERA_MSG_ZOOM
V/EmulatedCamera_CallbackNotifier(   38):     CAMERA_MSG_COMPRESSED_IMAGE
V/EmulatedCamera_CallbackNotifier(   38):     CAMERA_MSG_RAW_IMAGE_NOTIFY
V/EmulatedCamera_CallbackNotifier(   38):     CAMERA_MSG_PREVIEW_METADATA
I/APP     ( 3479): I 02/27/2013 18:26:22:897 00000d97         ImageCapture| PICTURE CALLBACK RAW
V/EmulatedCamera_JPEG(   38): compressRawImage: 0x41b25008[640x480]
D/skia    (   38): onFlyCompress
V/EmulatedCamera_JPEG(   38): compressRawImage: Compressed JPEG: 460800[640x480] -> 22356 bytes
V/EmulatedCamera_CallbackNotifier(   38): disableMessage: msg_type = 0x100
V/EmulatedCamera_CallbackNotifier(   38):     CAMERA_MSG_COMPRESSED_IMAGE
V/EmulatedCamera_CallbackNotifier(   38): **** Currently enabled messages:
V/EmulatedCamera_CallbackNotifier(   38):     CAMERA_MSG_ERROR
V/EmulatedCamera_CallbackNotifier(   38):     CAMERA_MSG_FOCUS
V/EmulatedCamera_CallbackNotifier(   38):     CAMERA_MSG_ZOOM
V/EmulatedCamera_CallbackNotifier(   38):     CAMERA_MSG_RAW_IMAGE_NOTIFY
V/EmulatedCamera_CallbackNotifier(   38):     CAMERA_MSG_PREVIEW_METADATA
I/APP     ( 3479): I 02/27/2013 18:26:23:362 00000d97         ImageCapture| PICTURE CALLBACK JPEG: 22356 bytes
I/APP     ( 3479): I 02/27/2013 18:26:23:413 00000dae           HttpServer| Process URI: '/app/Image/camera_callback'
I/APP     ( 3479): I 02/27/2013 18:26:23:415 00000dae                  APP| RHO serve: /app/Image/camera_callback
I/APP     ( 3479): I 02/27/2013 18:26:23:442 00000dae                  APP| Params: {"rho_callback"=>"1", "status"=>"ok", "image_uri"=>"db/db-files/Image_20130227182617415.jpg", "image_width"=>"640", "image_height"=>"480", "image_format"=>"jpg"}
I/APP     ( 3479): I 02/27/2013 18:26:23:568 00000dae                  APP| Captured Image  Size: 640x480, Format: jpg 
I/APP     ( 3479): I 02/27/2013 18:26:23:597 00000d97         ImageCapture| finish
W/WindowManager(   77): Failure taking screenshot for (180x300) to layer 21020
I/InputReader(   77): Reconfiguring input devices.  changes=0x00000004
I/InputReader(   77): Device reconfigured: id=0, name='qwerty2', surface size is now 480x800, mode is 1
W/SurfaceFlinger(   36): createScreenshotSurface failed (Function not implemented)
I/ActivityManager(   77): Config changed: {1.0 310mcc260mnc en_US layoutdir=0 sw320dp w320dp h508dp nrml long port finger qwerty/v/v tball/v s.88}
I/APP     ( 3479): I 02/27/2013 18:26:23:719 00000dae           HttpServer| GC Start.
I/APP     ( 3479): I 02/27/2013 18:26:23:893 00000dae           HttpServer| GC End.
I/APP     ( 3479): I 02/27/2013 18:26:24:096 00000d97       RhodesActivity| onStart
I/APP     ( 3479): I 02/27/2013 18:26:24:100 00000d97    RhodesApplication| New UiState: MainActivityStarted
I/APP     ( 3479): I 02/27/2013 18:26:24:137 00000d97       RhodesActivity| onResume
I/APP     ( 3479): I 02/27/2013 18:26:24:141 00000d97 AndroidFunctionality| Resume WebView
I/Process (   77): Sending signal. PID: 3479 SIG: 3
I/dalvikvm( 3479): threadid=3: reacting to signal 3
I/dalvikvm( 3479): Wrote stack traces to '/data/anr/traces.txt'
V/PhoneStatusBar(  137): setLightsOn(true)
I/APP     ( 3479): I 02/27/2013 18:26:24:573 00000d97         ImageCapture| surfaceDestroyed
V/EmulatedCamera_CallbackNotifier(   38): disableMessage: msg_type = 0x10
V/EmulatedCamera_CallbackNotifier(   38):     CAMERA_MSG_PREVIEW_FRAME
V/EmulatedCamera_CallbackNotifier(   38): **** Currently enabled messages:
V/EmulatedCamera_CallbackNotifier(   38):     CAMERA_MSG_ERROR
V/EmulatedCamera_CallbackNotifier(   38):     CAMERA_MSG_FOCUS
V/EmulatedCamera_CallbackNotifier(   38):     CAMERA_MSG_ZOOM
V/EmulatedCamera_CallbackNotifier(   38):     CAMERA_MSG_RAW_IMAGE_NOTIFY
V/EmulatedCamera_CallbackNotifier(   38):     CAMERA_MSG_PREVIEW_METADATA
V/EmulatedCamera_Camera(   38): doStopPreview
V/EmulatedCamera_CallbackNotifier(   38): disableMessage: msg_type = 0x10
V/EmulatedCamera_CallbackNotifier(   38):     CAMERA_MSG_PREVIEW_FRAME
V/EmulatedCamera_CallbackNotifier(   38): **** Currently enabled messages:
V/EmulatedCamera_CallbackNotifier(   38):     CAMERA_MSG_ERROR
V/EmulatedCamera_CallbackNotifier(   38):     CAMERA_MSG_FOCUS
V/EmulatedCamera_CallbackNotifier(   38):     CAMERA_MSG_ZOOM
V/EmulatedCamera_CallbackNotifier(   38):     CAMERA_MSG_RAW_IMAGE_NOTIFY
V/EmulatedCamera_CallbackNotifier(   38):     CAMERA_MSG_PREVIEW_METADATA
V/EmulatedCamera_CallbackNotifier(   38): disableMessage: msg_type = 0xffff
V/EmulatedCamera_CallbackNotifier(   38):     CAMERA_MSG_ERROR
V/EmulatedCamera_CallbackNotifier(   38):     CAMERA_MSG_SHUTTER
V/EmulatedCamera_CallbackNotifier(   38):     CAMERA_MSG_FOCUS
V/EmulatedCamera_CallbackNotifier(   38):     CAMERA_MSG_ZOOM
V/EmulatedCamera_CallbackNotifier(   38):     CAMERA_MSG_PREVIEW_FRAME
V/EmulatedCamera_CallbackNotifier(   38):     CAMERA_MSG_VIDEO_FRAME
V/EmulatedCamera_CallbackNotifier(   38):     CAMERA_MSG_POSTVIEW_FRAME
V/EmulatedCamera_CallbackNotifier(   38):     CAMERA_MSG_RAW_IMAGE
V/EmulatedCamera_CallbackNotifier(   38):     CAMERA_MSG_COMPRESSED_IMAGE
V/EmulatedCamera_CallbackNotifier(   38):     CAMERA_MSG_RAW_IMAGE_NOTIFY
V/EmulatedCamera_CallbackNotifier(   38):     CAMERA_MSG_PREVIEW_METADATA
V/EmulatedCamera_CallbackNotifier(   38): **** Currently enabled messages:
V/EmulatedCamera_Camera(   38): doStopPreview
V/EmulatedCamera_Camera(   38): cancelPicture
V/EmulatedCamera_Camera(   38): releaseCamera
V/EmulatedCamera_Camera(   38): doStopPreview
V/EmulatedCamera_Device(   38): stopDeliveringFrames
V/EmulatedCamera_Device(   38): stopWorkerThread
V/EmulatedCamera_Device(   38): Stopping emulated camera device's worker thread...
V/EmulatedCamera_Device(   38): Emulated camera device's worker thread has been stopped.
V/EmulatedCamera_FakeDevice(   38): stopDevice
V/EmulatedCamera_FakeDevice(   38): disconnectDevice
V/EmulatedCamera_Preview(   38): setPreviewWindow: current: 0x14290 -> new: 0x0
I/CameraService(   38): Destroying camera 0
V/EmulatedCamera_Camera(   38): closeCamera
V/EmulatedCamera_Camera(   38): doStopPreview
I/Process (   77): Sending signal. PID: 3479 SIG: 3
I/dalvikvm( 3479): threadid=3: reacting to signal 3
W/AudioFlinger(   38): session id 151 not found for pid 38
W/AudioFlinger(   38): session id 152 not found for pid 38
I/dalvikvm( 3479): Wrote stack traces to '/data/anr/traces.txt'
I/Process (   77): Sending signal. PID: 3479 SIG: 3
I/dalvikvm( 3479): threadid=3: reacting to signal 3
I/dalvikvm( 3479): Wrote stack traces to '/data/anr/traces.txt'
I/APP     ( 3479): I 02/27/2013 18:26:26:118 00000d97         ImageCapture| onStop
D/dalvikvm(   77): GC_EXPLICIT freed 90K, 12% free 11392K/12935K, paused 7ms+9ms
I/APP     ( 3479): I 02/27/2013 18:26:40:759 00000dae           HttpServer| Process URI: '/app/Image/new'
I/APP     ( 3479): I 02/27/2013 18:26:40:766 00000dae                  APP| RHO serve: /app/Image/new
I/APP     ( 3479): I 02/27/2013 18:26:40:832 00000dae           HttpServer| GC Start.
I/APP     ( 3479): I 02/27/2013 18:26:40:905 00000dae           HttpServer| GC End.
I/ActivityManager(   77): START {cmp=com.rhomobile.macotec/com.rhomobile.rhodes.camera.ImageCapture (has extras)} from pid 3479
W/WindowManager(   77): Failure taking screenshot for (180x300) to layer 21010
I/APP     ( 3479): I 02/27/2013 18:26:41:295 00000d97   RhoWebChromeClient| /data/data/com.rhomobile.macotec/rhodata/db/db-files/Image_20130227182412691.jpg -- From line 14 of null
I/Web Console( 3479): /data/data/com.rhomobile.macotec/rhodata/db/db-files/Image_20130227182412691.jpg at null:14
I/APP     ( 3479): I 02/27/2013 18:26:41:520 00000d97 AndroidFunctionality| Pause WebView
I/APP     ( 3479): I 02/27/2013 18:26:41:525 00000d97       RhodesActivity| onPause
I/APP     ( 3479): I 02/27/2013 18:26:41:573 00000dae           HttpServer| Process URI: '/system/uidestroyed'
I/APP     ( 3479): I 02/27/2013 18:26:41:611 00000d97    RhodesApplication| New UiState: MainActivityPaused
I/InputReader(   77): Reconfiguring input devices.  changes=0x00000004
W/SurfaceFlinger(   36): createScreenshotSurface failed (Function not implemented)
I/InputReader(   77): Device reconfigured: id=0, name='qwerty2', surface size is now 480x800, mode is 1
I/ActivityManager(   77): Config changed: {1.0 310mcc260mnc en_US layoutdir=0 sw320dp w533dp h294dp nrml long land finger qwerty/v/v tball/v s.89}
I/APP     ( 3479): I 02/27/2013 18:26:41:978 00000d97         ImageCapture| onCreate
I/APP     ( 3479): I 02/27/2013 18:26:42:082 00000d97         ImageCapture| myOrientationEventListener.enable()
I/Process (   77): Sending signal. PID: 3479 SIG: 3
I/dalvikvm( 3479): threadid=3: reacting to signal 3
I/APP     ( 3479): I 02/27/2013 18:26:42:436 00000d97         ImageCapture| onResume
I/dalvikvm( 3479): Wrote stack traces to '/data/anr/traces.txt'
I/Process (   77): Sending signal. PID: 3479 SIG: 3
I/dalvikvm( 3479): threadid=3: reacting to signal 3
I/Process (   77): Sending signal. PID: 3479 SIG: 3
I/dalvikvm( 3479): Wrote stack traces to '/data/anr/traces.txt'
I/dalvikvm( 3479): threadid=3: reacting to signal 3
I/Process (   77): Sending signal. PID: 3479 SIG: 3
D/RhodesService( 3479): +++ onStartCommand
I/RhodesService( 3479): handleCommand: startId=3, source=com.rhomobile.rhodes.BaseActivity
D/RhodesService( 3479): New activity was created
I/dalvikvm( 3479): Wrote stack traces to '/data/anr/traces.txt'
I/dalvikvm( 3479): threadid=3: reacting to signal 3
I/APP     ( 3479): I 02/27/2013 18:26:44:588 00000d97         ImageCapture| onOrientationChanged(0)
I/Process (   77): Sending signal. PID: 3479 SIG: 3
I/dalvikvm( 3479): Wrote stack traces to '/data/anr/traces.txt'
I/dalvikvm( 3479): threadid=3: reacting to signal 3
V/PhoneStatusBar(  137): setLightsOn(true)
I/Process (   77): Sending signal. PID: 3479 SIG: 3
I/dalvikvm( 3479): Wrote stack traces to '/data/anr/traces.txt'
I/dalvikvm( 3479): threadid=3: reacting to signal 3
W/WindowManager(   77): App freeze timeout expired.
W/WindowManager(   77): Force clearing freeze: AppWindowToken{41547d70 token=Token{4140d4a0 ActivityRecord{41465828 com.rhomobile.macotec/com.rhomobile.rhodes.camera.ImageCapture}}}
W/WindowManager(   77): Window freeze timeout expired.
W/WindowManager(   77): Force clearing orientation change: Window{414a9190 com.rhomobile.macotec/com.rhomobile.rhodes.camera.ImageCapture paused=false}
W/WindowManager(   77): Force clearing orientation change: Window{41582398 SurfaceView paused=false}
I/Process (   77): Sending signal. PID: 3479 SIG: 3
I/APP     ( 3479): I 02/27/2013 18:26:47:459 00000d97         ImageCapture| surfaceCreated
V/EmulatedCamera_Factory(   38): getCameraInfo: id = 0
V/EmulatedCamera_Camera(   38): getCameraInfo
V/EmulatedCamera_Factory(   38): getCameraInfo: id = 0
V/EmulatedCamera_Camera(   38): getCameraInfo
I/CameraService(   38): Opening camera 0
V/EmulatedCamera_Factory(   38): cameraDeviceOpen: id = 0
V/EmulatedCamera_Camera(   38): connectCamera
V/EmulatedCamera_FakeDevice(   38): connectDevice
V/EmulatedCamera_CallbackNotifier(   38): setCallbacks: 0x405954e9, 0x40595f9d, 0x40595f01, 0x40597359 (0xffa0)
V/EmulatedCamera_CallbackNotifier(   38): enableMessage: msg_type = 0x40d
V/EmulatedCamera_CallbackNotifier(   38):     CAMERA_MSG_ERROR
V/EmulatedCamera_CallbackNotifier(   38):     CAMERA_MSG_FOCUS
V/EmulatedCamera_CallbackNotifier(   38):     CAMERA_MSG_ZOOM
V/EmulatedCamera_CallbackNotifier(   38):     CAMERA_MSG_PREVIEW_METADATA
V/EmulatedCamera_CallbackNotifier(   38): **** Currently enabled messages:
V/EmulatedCamera_CallbackNotifier(   38):     CAMERA_MSG_ERROR
V/EmulatedCamera_CallbackNotifier(   38):     CAMERA_MSG_FOCUS
V/EmulatedCamera_CallbackNotifier(   38):     CAMERA_MSG_ZOOM
V/EmulatedCamera_CallbackNotifier(   38):     CAMERA_MSG_PREVIEW_METADATA
I/AwesomePlayer(   38): setDataSource_l('/system/media/audio/ui/camera_click.ogg')
I/dalvikvm( 3479): Wrote stack traces to '/data/anr/traces.txt'
I/dalvikvm( 3479): threadid=3: reacting to signal 3
I/Process (   77): Sending signal. PID: 3479 SIG: 3
I/dalvikvm( 3479): Wrote stack traces to '/data/anr/traces.txt'
I/dalvikvm( 3479): threadid=3: reacting to signal 3
I/AwesomePlayer(   38): setDataSource_l('/system/media/audio/ui/VideoRecord.ogg')
I/dalvikvm( 3479): Wrote stack traces to '/data/anr/traces.txt'
I/APP     ( 3479): I 02/27/2013 18:26:48:153 00000d97         ImageCapture| surfaceChanged
I/Process (   77): Sending signal. PID: 3479 SIG: 3
I/dalvikvm( 3479): threadid=3: reacting to signal 3
I/dalvikvm( 3479): Wrote stack traces to '/data/anr/traces.txt'
I/Process (   77): Sending signal. PID: 3479 SIG: 3
I/dalvikvm( 3479): threadid=3: reacting to signal 3
I/Process (   77): Sending signal. PID: 3479 SIG: 3
V/EmulatedCamera_Camera(   38): setParameters
V/EmulatedCamera_Preview(   38): setPreviewWindow: current: 0x0 -> new: 0xffb0
V/EmulatedCamera_Camera(   38): doStartPreview
V/EmulatedCamera_Preview(   38): startPreview
D/EmulatedCamera_Camera(   38): Starting camera: 352x288 -> NV21(yuv420sp)
V/EmulatedCamera_FakeDevice(   38): startDevice
V/EmulatedCamera_Device(   38): commonStartDevice: Allocated 0x41b25008 152064 bytes for 101376 pixels in NV21[352x288] frame
V/EmulatedCamera_Device(   38): startDeliveringFrames
I/dalvikvm( 3479): Wrote stack traces to '/data/anr/traces.txt'
V/EmulatedCamera_Device(   38): startWorkerThread
I/dalvikvm( 3479): threadid=3: reacting to signal 3
V/EmulatedCamera_Device(   38): Starting emulated camera device worker thread...
V/EmulatedCamera_Device(   38): Emulated device's worker thread has been started.
V/EmulatedCamera_Preview(   38): onNextFrameAvailable: Adjusting preview windows 0xffb0 geometry to 352x288
I/Process (   77): Sending signal. PID: 3479 SIG: 3
I/dalvikvm( 3479): Wrote stack traces to '/data/anr/traces.txt'
I/dalvikvm( 3479): threadid=3: reacting to signal 3
W/ActivityManager(   77): Launch timeout has expired, giving up wake lock!
D/dalvikvm(   77): GC_EXPLICIT freed 184K, 12% free 11398K/12935K, paused 145ms+300ms
I/Process (   77): Sending signal. PID: 3479 SIG: 3
W/ActivityManager(   77): Activity idle timeout for ActivityRecord{41465828 com.rhomobile.macotec/com.rhomobile.rhodes.camera.ImageCapture}
I/dalvikvm( 3479): Wrote stack traces to '/data/anr/traces.txt'
I/dalvikvm( 3479): threadid=3: reacting to signal 3
I/dalvikvm( 3479): Wrote stack traces to '/data/anr/traces.txt'
I/ActivityManager(   77): Displayed com.rhomobile.macotec/com.rhomobile.rhodes.camera.ImageCapture: +11s846ms
I/APP     ( 3479): I 02/27/2013 18:26:53:600 00000d97       RhodesActivity| onStop
D/dalvikvm(  164): GC_CONCURRENT freed 386K, 6% free 9534K/10119K, paused 54ms+255ms
I/APP     ( 3479): I 02/27/2013 18:27:17:658 00000d97         ImageCapture| Camera rotation: 90
I/APP     ( 3479): I 02/27/2013 18:27:17:662 00000d97         ImageCapture| Camera rotation resetup for platforms >= 2.2: 1
V/ImageCapture( 3479): ms[1361986037697] $$$   parameters.set(rotation, 90 );
V/EmulatedCamera_Camera(   38): setParameters
V/EmulatedCamera_CallbackNotifier(   38): enableMessage: msg_type = 0x302
V/EmulatedCamera_CallbackNotifier(   38):     CAMERA_MSG_SHUTTER
V/EmulatedCamera_CallbackNotifier(   38):     CAMERA_MSG_COMPRESSED_IMAGE
V/EmulatedCamera_CallbackNotifier(   38):     CAMERA_MSG_RAW_IMAGE_NOTIFY
V/EmulatedCamera_CallbackNotifier(   38): **** Currently enabled messages:
V/EmulatedCamera_CallbackNotifier(   38):     CAMERA_MSG_ERROR
V/EmulatedCamera_CallbackNotifier(   38):     CAMERA_MSG_SHUTTER
V/EmulatedCamera_CallbackNotifier(   38):     CAMERA_MSG_FOCUS
V/EmulatedCamera_CallbackNotifier(   38):     CAMERA_MSG_ZOOM
V/EmulatedCamera_CallbackNotifier(   38):     CAMERA_MSG_COMPRESSED_IMAGE
V/EmulatedCamera_CallbackNotifier(   38):     CAMERA_MSG_RAW_IMAGE_NOTIFY
V/EmulatedCamera_CallbackNotifier(   38):     CAMERA_MSG_PREVIEW_METADATA
V/EmulatedCamera_Camera(   38): takePicture
V/EmulatedCamera_Camera(   38): doStopPreview
V/EmulatedCamera_Device(   38): stopDeliveringFrames
V/EmulatedCamera_Device(   38): stopWorkerThread
V/EmulatedCamera_Device(   38): Stopping emulated camera device's worker thread...
V/EmulatedCamera_Device(   38): Emulated camera device's worker thread has been stopped.
V/EmulatedCamera_FakeDevice(   38): stopDevice
V/EmulatedCamera_Preview(   38): stopPreview
D/EmulatedCamera_Camera(   38): Starting camera for picture: NV21(jpeg)[640x480]
V/EmulatedCamera_FakeDevice(   38): startDevice
V/EmulatedCamera_Device(   38): commonStartDevice: Allocated 0x41b25008 460800 bytes for 307200 pixels in NV21[640x480] frame
V/EmulatedCamera_Device(   38): startDeliveringFrames
V/EmulatedCamera_Device(   38): startWorkerThread
V/EmulatedCamera_Device(   38): Starting emulated camera device worker thread...
V/EmulatedCamera_Device(   38): Emulated device's worker thread has been started.
D/AudioSink(   38): bufferCount (4) is too small and increased to 12
I/APP     ( 3479): I 02/27/2013 18:27:18:263 00000d97         ImageCapture| SHUTTER CALLBACK
V/EmulatedCamera_CallbackNotifier(   38): disableMessage: msg_type = 0x2
V/EmulatedCamera_CallbackNotifier(   38):     CAMERA_MSG_SHUTTER
V/EmulatedCamera_CallbackNotifier(   38): **** Currently enabled messages:
V/EmulatedCamera_CallbackNotifier(   38):     CAMERA_MSG_ERROR
V/EmulatedCamera_CallbackNotifier(   38):     CAMERA_MSG_FOCUS
V/EmulatedCamera_CallbackNotifier(   38):     CAMERA_MSG_ZOOM
V/EmulatedCamera_CallbackNotifier(   38):     CAMERA_MSG_COMPRESSED_IMAGE
V/EmulatedCamera_CallbackNotifier(   38):     CAMERA_MSG_RAW_IMAGE_NOTIFY
V/EmulatedCamera_CallbackNotifier(   38):     CAMERA_MSG_PREVIEW_METADATA
I/APP     ( 3479): I 02/27/2013 18:27:18:368 00000d97         ImageCapture| PICTURE CALLBACK RAW
V/EmulatedCamera_JPEG(   38): compressRawImage: 0x41b25008[640x480]
D/skia    (   38): onFlyCompress
D/dalvikvm(  381): GC_CONCURRENT freed 386K, 8% free 9261K/10055K, paused 14ms+4ms
V/EmulatedCamera_JPEG(   38): compressRawImage: Compressed JPEG: 460800[640x480] -> 21208 bytes
V/EmulatedCamera_CallbackNotifier(   38): disableMessage: msg_type = 0x100
V/EmulatedCamera_CallbackNotifier(   38):     CAMERA_MSG_COMPRESSED_IMAGE
V/EmulatedCamera_CallbackNotifier(   38): **** Currently enabled messages:
V/EmulatedCamera_CallbackNotifier(   38):     CAMERA_MSG_ERROR
V/EmulatedCamera_CallbackNotifier(   38):     CAMERA_MSG_FOCUS
V/EmulatedCamera_CallbackNotifier(   38):     CAMERA_MSG_ZOOM
V/EmulatedCamera_CallbackNotifier(   38):     CAMERA_MSG_RAW_IMAGE_NOTIFY
V/EmulatedCamera_CallbackNotifier(   38):     CAMERA_MSG_PREVIEW_METADATA
I/APP     ( 3479): I 02/27/2013 18:27:18:658 00000d97         ImageCapture| PICTURE CALLBACK JPEG: 21208 bytes
I/APP     ( 3479): I 02/27/2013 18:27:18:671 00000dae           HttpServer| Process URI: '/app/Image/camera_callback'
I/APP     ( 3479): I 02/27/2013 18:27:18:672 00000dae                  APP| RHO serve: /app/Image/camera_callback
I/APP     ( 3479): I 02/27/2013 18:27:18:677 00000dae                  APP| Params: {"rho_callback"=>"1", "status"=>"ok", "image_uri"=>"db/db-files/Image_20130227182717387.jpg", "image_width"=>"640", "image_height"=>"480", "image_format"=>"jpg"}
I/APP     ( 3479): I 02/27/2013 18:27:18:781 00000dae                  APP| Captured Image  Size: 640x480, Format: jpg 
I/APP     ( 3479): I 02/27/2013 18:27:18:788 00000d97         ImageCapture| finish
W/WindowManager(   77): Failure taking screenshot for (180x300) to layer 21020
I/InputReader(   77): Reconfiguring input devices.  changes=0x00000004
I/InputReader(   77): Device reconfigured: id=0, name='qwerty2', surface size is now 480x800, mode is 1
W/SurfaceFlinger(   36): createScreenshotSurface failed (Function not implemented)
I/ActivityManager(   77): Config changed: {1.0 310mcc260mnc en_US layoutdir=0 sw320dp w320dp h508dp nrml long port finger qwerty/v/v tball/v s.90}
I/APP     ( 3479): I 02/27/2013 18:27:18:933 00000dae           HttpServer| GC Start.
I/APP     ( 3479): I 02/27/2013 18:27:19:110 00000dae           HttpServer| GC End.
I/APP     ( 3479): I 02/27/2013 18:27:19:228 00000d97       RhodesActivity| onStart
I/APP     ( 3479): I 02/27/2013 18:27:19:233 00000d97    RhodesApplication| New UiState: MainActivityStarted
I/APP     ( 3479): I 02/27/2013 18:27:19:267 00000d97       RhodesActivity| onResume
I/APP     ( 3479): I 02/27/2013 18:27:19:271 00000d97 AndroidFunctionality| Resume WebView
I/APP     ( 3479): I 02/27/2013 18:27:19:340 00000d97         ImageCapture| surfaceDestroyed
I/Process (   77): Sending signal. PID: 3479 SIG: 3
I/dalvikvm( 3479): threadid=3: reacting to signal 3
V/EmulatedCamera_CallbackNotifier(   38): disableMessage: msg_type = 0x10
V/EmulatedCamera_CallbackNotifier(   38):     CAMERA_MSG_PREVIEW_FRAME
V/EmulatedCamera_CallbackNotifier(   38): **** Currently enabled messages:
V/EmulatedCamera_CallbackNotifier(   38):     CAMERA_MSG_ERROR
V/EmulatedCamera_CallbackNotifier(   38):     CAMERA_MSG_FOCUS
V/EmulatedCamera_CallbackNotifier(   38):     CAMERA_MSG_ZOOM
V/EmulatedCamera_CallbackNotifier(   38):     CAMERA_MSG_RAW_IMAGE_NOTIFY
V/EmulatedCamera_CallbackNotifier(   38):     CAMERA_MSG_PREVIEW_METADATA
V/EmulatedCamera_Camera(   38): doStopPreview
V/EmulatedCamera_CallbackNotifier(   38): disableMessage: msg_type = 0x10
V/EmulatedCamera_CallbackNotifier(   38):     CAMERA_MSG_PREVIEW_FRAME
V/EmulatedCamera_CallbackNotifier(   38): **** Currently enabled messages:
V/EmulatedCamera_CallbackNotifier(   38):     CAMERA_MSG_ERROR
V/EmulatedCamera_CallbackNotifier(   38):     CAMERA_MSG_FOCUS
V/EmulatedCamera_CallbackNotifier(   38):     CAMERA_MSG_ZOOM
V/EmulatedCamera_CallbackNotifier(   38):     CAMERA_MSG_RAW_IMAGE_NOTIFY
V/EmulatedCamera_CallbackNotifier(   38):     CAMERA_MSG_PREVIEW_METADATA
V/EmulatedCamera_CallbackNotifier(   38): disableMessage: msg_type = 0xffff
V/EmulatedCamera_CallbackNotifier(   38):     CAMERA_MSG_ERROR
V/EmulatedCamera_CallbackNotifier(   38):     CAMERA_MSG_SHUTTER
V/EmulatedCamera_CallbackNotifier(   38):     CAMERA_MSG_FOCUS
V/EmulatedCamera_CallbackNotifier(   38):     CAMERA_MSG_ZOOM
V/EmulatedCamera_CallbackNotifier(   38):     CAMERA_MSG_PREVIEW_FRAME
V/EmulatedCamera_CallbackNotifier(   38):     CAMERA_MSG_VIDEO_FRAME
V/EmulatedCamera_CallbackNotifier(   38):     CAMERA_MSG_POSTVIEW_FRAME
V/EmulatedCamera_CallbackNotifier(   38):     CAMERA_MSG_RAW_IMAGE
V/EmulatedCamera_CallbackNotifier(   38):     CAMERA_MSG_COMPRESSED_IMAGE
V/EmulatedCamera_CallbackNotifier(   38):     CAMERA_MSG_RAW_IMAGE_NOTIFY
V/EmulatedCamera_CallbackNotifier(   38):     CAMERA_MSG_PREVIEW_METADATA
V/EmulatedCamera_CallbackNotifier(   38): **** Currently enabled messages:
V/EmulatedCamera_Camera(   38): doStopPreview
V/EmulatedCamera_Camera(   38): cancelPicture
V/EmulatedCamera_Camera(   38): releaseCamera
V/EmulatedCamera_Camera(   38): doStopPreview
V/EmulatedCamera_Device(   38): stopDeliveringFrames
V/EmulatedCamera_Device(   38): stopWorkerThread
V/EmulatedCamera_Device(   38): Stopping emulated camera device's worker thread...
V/EmulatedCamera_Device(   38): Emulated camera device's worker thread has been stopped.
V/EmulatedCamera_FakeDevice(   38): stopDevice
V/EmulatedCamera_FakeDevice(   38): disconnectDevice
V/EmulatedCamera_Preview(   38): setPreviewWindow: current: 0xffb0 -> new: 0x0
I/CameraService(   38): Destroying camera 0
V/EmulatedCamera_Camera(   38): closeCamera
V/EmulatedCamera_Camera(   38): doStopPreview
W/AudioFlinger(   38): session id 153 not found for pid 38
W/AudioFlinger(   38): session id 154 not found for pid 38
I/dalvikvm( 3479): Wrote stack traces to '/data/anr/traces.txt'
I/Process (   77): Sending signal. PID: 3479 SIG: 3
I/dalvikvm( 3479): threadid=3: reacting to signal 3
I/dalvikvm( 3479): Wrote stack traces to '/data/anr/traces.txt'
V/PhoneStatusBar(  137): setLightsOn(true)
I/APP     ( 3479): I 02/27/2013 18:27:21:145 00000d97         ImageCapture| onStop
D/dalvikvm(  361): GC_CONCURRENT freed 448K, 7% free 9090K/9671K, paused 4ms+4ms
D/dalvikvm(   77): GC_EXPLICIT freed 103K, 12% free 11385K/12935K, paused 14ms+9ms
I/APP     ( 3479): I 02/27/2013 18:27:38:576 00000dae           HttpServer| Process URI: '/app/index_erb.iseq'
I/APP     ( 3479): I 02/27/2013 18:27:38:581 00000dae                  APP| RHO serve_index: /app/index_erb.iseq
I/APP     ( 3479): I 02/27/2013 18:27:38:583 00000dae RHO Rho::RhoController| inst_render_index
I/APP     ( 3479): I 02/27/2013 18:27:38:684 00000dae RHO Rho::RhoController| index layout
I/APP     ( 3479): I 02/27/2013 18:27:39:002 00000dae           HttpServer| GC Start.
I/APP     ( 3479): I 02/27/2013 18:27:39:423 00000dae           HttpServer| GC End.
I/APP     ( 3479): I 02/27/2013 18:27:40:367 00000dae           HttpServer| Process URI: '/favicon.ico'
I/APP     ( 3479): E 02/27/2013 18:27:40:420 00000dae           HttpServer| The file /favicon.ico was not found
I/APP     ( 3479): E 02/27/2013 18:27:48:971 00000dae           HttpServer| Connection gracefully closed before we send any data
I/APP     ( 3479): E 02/27/2013 18:27:48:971 00000dae           HttpServer| Parsing error
I/APP     ( 3479): E 02/27/2013 18:27:48:994 00000dae           HttpServer| Connection gracefully closed before we send any data
I/APP     ( 3479): E 02/27/2013 18:27:48:997 00000dae           HttpServer| Parsing error
I/APP     ( 3479): E 02/27/2013 18:27:49:023 00000dae           HttpServer| Connection gracefully closed before we send any data
I/APP     ( 3479): E 02/27/2013 18:27:49:026 00000dae           HttpServer| Parsing error
I/APP     ( 3479): E 02/27/2013 18:27:49:049 00000dae           HttpServer| Connection gracefully closed before we send any data
I/APP     ( 3479): E 02/27/2013 18:27:49:065 00000dae           HttpServer| Parsing error
I/APP     ( 3479): I 02/27/2013 18:27:53:079 00000dae           HttpServer| Process URI: '/app/Request/request'
I/APP     ( 3479): I 02/27/2013 18:27:53:136 00000dae                  APP| RHO serve: /app/Request/request
I/APP     ( 3479): I 02/27/2013 18:27:53:628 00000dae           HttpServer| GC Start.
I/APP     ( 3479): I 02/27/2013 18:27:54:135 00000dae           HttpServer| GC End.
I/APP     ( 3479): I 02/27/2013 18:27:54:432 00000dae           HttpServer| Process URI: '/favicon.ico'
I/APP     ( 3479): E 02/27/2013 18:27:54:504 00000dae           HttpServer| The file /favicon.ico was not found
I/APP     ( 3479): I 02/27/2013 18:27:55:191 00000dae           HttpServer| Process URI: '/app/Request/request_rental'
I/APP     ( 3479): I 02/27/2013 18:27:55:194 00000dae                  APP| RHO serve: /app/Request/request_rental
I/APP     ( 3479): I 02/27/2013 18:27:55:305 00000dae                  APP| ++++++++++++++++++++++++++++++++++++ /data/data/com.rhomobile.macotec/rhodata/db/db-files/Image_20130227182717387.jpg
I/APP     ( 3479): I 02/27/2013 18:27:55:343 00000dae           HttpServer| GC Start.
I/APP     ( 3479): I 02/27/2013 18:27:55:422 00000dae           HttpServer| GC End.
I/APP     ( 3479): I 02/27/2013 18:27:55:521 00000dae           HttpServer| Process URI: '/favicon.ico'
I/APP     ( 3479): E 02/27/2013 18:27:55:530 00000dae           HttpServer| The file /favicon.ico was not found
I/APP     ( 3479): I 02/27/2013 18:27:57:470 00000dae           HttpServer| Process URI: '/app/Image/new'
I/APP     ( 3479): I 02/27/2013 18:27:57:532 00000dae                  APP| RHO serve: /app/Image/new
I/ActivityManager(   77): START {cmp=com.rhomobile.macotec/com.rhomobile.rhodes.camera.ImageCapture (has extras)} from pid 3479
W/WindowManager(   77): Failure taking screenshot for (180x300) to layer 21010
I/APP     ( 3479): I 02/27/2013 18:27:57:911 00000dae           HttpServer| GC Start.
I/APP     ( 3479): I 02/27/2013 18:27:58:049 00000d97 AndroidFunctionality| Pause WebView
I/APP     ( 3479): I 02/27/2013 18:27:58:093 00000d97       RhodesActivity| onPause
I/APP     ( 3479): I 02/27/2013 18:27:58:427 00000dae           HttpServer| GC End.
I/APP     ( 3479): I 02/27/2013 18:27:58:496 00000dae           HttpServer| Process URI: '/data/data/com.rhomobile.macotec/rhodata/db/db-files/Image_20130227182717387.jpg'
W/ActivityManager(   77): Activity pause timeout for ActivityRecord{41462268 com.rhomobile.macotec/com.rhomobile.rhodes.RhodesActivity}
I/Process (   77): Sending signal. PID: 3479 SIG: 3
I/dalvikvm( 3479): threadid=3: reacting to signal 3
I/APP     ( 3479): I 02/27/2013 18:27:58:726 00000dae           HttpServer| Process URI: '/system/uidestroyed'
I/APP     ( 3479): I 02/27/2013 18:27:59:140 00000d97    RhodesApplication| New UiState: MainActivityPaused
I/dalvikvm( 3479): Wrote stack traces to '/data/anr/traces.txt'
W/SurfaceFlinger(   36): createScreenshotSurface failed (Function not implemented)
I/InputReader(   77): Reconfiguring input devices.  changes=0x00000004
I/InputReader(   77): Device reconfigured: id=0, name='qwerty2', surface size is now 480x800, mode is 1
I/ActivityManager(   77): Config changed: {1.0 310mcc260mnc en_US layoutdir=0 sw320dp w533dp h294dp nrml long land finger qwerty/v/v tball/v s.91}
I/Process (   77): Sending signal. PID: 3479 SIG: 3
I/dalvikvm( 3479): threadid=3: reacting to signal 3
I/dalvikvm( 3479): Wrote stack traces to '/data/anr/traces.txt'
I/APP     ( 3479): I 02/27/2013 18:28:00:822 00000d97         ImageCapture| onCreate
I/APP     ( 3479): I 02/27/2013 18:28:00:909 00000d97         ImageCapture| myOrientationEventListener.enable()
I/APP     ( 3479): I 02/27/2013 18:28:00:934 00000d97         ImageCapture| onResume
D/RhodesService( 3479): +++ onStartCommand
I/RhodesService( 3479): handleCommand: startId=4, source=com.rhomobile.rhodes.BaseActivity
D/RhodesService( 3479): New activity was created
I/Process (   77): Sending signal. PID: 3479 SIG: 3
I/dalvikvm( 3479): threadid=3: reacting to signal 3
W/WindowManager(   77): Window freeze timeout expired.
W/WindowManager(   77): Force clearing orientation change: Window{4155a6c0 com.rhomobile.macotec/com.rhomobile.rhodes.camera.ImageCapture paused=false}
I/dalvikvm( 3479): Wrote stack traces to '/data/anr/traces.txt'
I/APP     ( 3479): I 02/27/2013 18:28:01:327 00000d97         ImageCapture| surfaceCreated
D/dalvikvm(  137): GC_CONCURRENT freed 393K, 30% free 9809K/13959K, paused 59ms+72ms
V/EmulatedCamera_Factory(   38): getCameraInfo: id = 0
V/EmulatedCamera_Camera(   38): getCameraInfo
V/EmulatedCamera_Factory(   38): getCameraInfo: id = 0
V/EmulatedCamera_Camera(   38): getCameraInfo
I/CameraService(   38): Opening camera 0
V/EmulatedCamera_Factory(   38): cameraDeviceOpen: id = 0
V/EmulatedCamera_Camera(   38): connectCamera
V/EmulatedCamera_FakeDevice(   38): connectDevice
V/EmulatedCamera_CallbackNotifier(   38): setCallbacks: 0x405954e9, 0x40595f9d, 0x40595f01, 0x40597359 (0x101f0)
V/EmulatedCamera_CallbackNotifier(   38): enableMessage: msg_type = 0x40d
V/EmulatedCamera_CallbackNotifier(   38):     CAMERA_MSG_ERROR
V/EmulatedCamera_CallbackNotifier(   38):     CAMERA_MSG_FOCUS
V/EmulatedCamera_CallbackNotifier(   38):     CAMERA_MSG_ZOOM
V/EmulatedCamera_CallbackNotifier(   38):     CAMERA_MSG_PREVIEW_METADATA
V/EmulatedCamera_CallbackNotifier(   38): **** Currently enabled messages:
V/EmulatedCamera_CallbackNotifier(   38):     CAMERA_MSG_ERROR
V/EmulatedCamera_CallbackNotifier(   38):     CAMERA_MSG_FOCUS
V/EmulatedCamera_CallbackNotifier(   38):     CAMERA_MSG_ZOOM
V/EmulatedCamera_CallbackNotifier(   38):     CAMERA_MSG_PREVIEW_METADATA
I/AwesomePlayer(   38): setDataSource_l('/system/media/audio/ui/camera_click.ogg')
V/PhoneStatusBar(  137): setLightsOn(true)
I/Process (   77): Sending signal. PID: 3479 SIG: 3
I/dalvikvm( 3479): threadid=3: reacting to signal 3
I/dalvikvm( 3479): Wrote stack traces to '/data/anr/traces.txt'
I/AwesomePlayer(   38): setDataSource_l('/system/media/audio/ui/VideoRecord.ogg')
I/APP     ( 3479): I 02/27/2013 18:28:02:069 00000d97         ImageCapture| surfaceChanged
V/EmulatedCamera_Camera(   38): setParameters
I/Process (   77): Sending signal. PID: 3479 SIG: 3
I/dalvikvm( 3479): threadid=3: reacting to signal 3
V/EmulatedCamera_Preview(   38): setPreviewWindow: current: 0x0 -> new: 0x10200
V/EmulatedCamera_Camera(   38): doStartPreview
V/EmulatedCamera_Preview(   38): startPreview
D/EmulatedCamera_Camera(   38): Starting camera: 352x288 -> NV21(yuv420sp)
V/EmulatedCamera_FakeDevice(   38): startDevice
V/EmulatedCamera_Device(   38): commonStartDevice: Allocated 0x41b25008 152064 bytes for 101376 pixels in NV21[352x288] frame
V/EmulatedCamera_Device(   38): startDeliveringFrames
V/EmulatedCamera_Device(   38): startWorkerThread
I/dalvikvm( 3479): Wrote stack traces to '/data/anr/traces.txt'
V/EmulatedCamera_Device(   38): Starting emulated camera device worker thread...
V/EmulatedCamera_Device(   38): Emulated device's worker thread has been started.
V/EmulatedCamera_Preview(   38): onNextFrameAvailable: Adjusting preview windows 0x10200 geometry to 352x288
I/ActivityManager(   77): Displayed com.rhomobile.macotec/com.rhomobile.rhodes.camera.ImageCapture: +3s341ms
I/APP     ( 3479): I 02/27/2013 18:28:02:759 00000d97         ImageCapture| onOrientationChanged(0)
I/APP     ( 3479): I 02/27/2013 18:28:03:154 00000d97       RhodesActivity| onStop
D/dalvikvm(   77): GC_EXPLICIT freed 128K, 13% free 11378K/12935K, paused 5ms+55ms
I/APP     ( 3479): I 02/27/2013 18:28:27:184 00000d97         ImageCapture| Camera rotation: 90
I/APP     ( 3479): I 02/27/2013 18:28:27:246 00000d97         ImageCapture| Camera rotation resetup for platforms >= 2.2: 1
V/ImageCapture( 3479): ms[1361986107249] $$$   parameters.set(rotation, 90 );
V/EmulatedCamera_Camera(   38): setParameters
V/EmulatedCamera_CallbackNotifier(   38): enableMessage: msg_type = 0x302
V/EmulatedCamera_CallbackNotifier(   38):     CAMERA_MSG_SHUTTER
V/EmulatedCamera_CallbackNotifier(   38):     CAMERA_MSG_COMPRESSED_IMAGE
V/EmulatedCamera_CallbackNotifier(   38):     CAMERA_MSG_RAW_IMAGE_NOTIFY
V/EmulatedCamera_CallbackNotifier(   38): **** Currently enabled messages:
V/EmulatedCamera_CallbackNotifier(   38):     CAMERA_MSG_ERROR
V/EmulatedCamera_CallbackNotifier(   38):     CAMERA_MSG_SHUTTER
V/EmulatedCamera_CallbackNotifier(   38):     CAMERA_MSG_FOCUS
V/EmulatedCamera_CallbackNotifier(   38):     CAMERA_MSG_ZOOM
V/EmulatedCamera_CallbackNotifier(   38):     CAMERA_MSG_COMPRESSED_IMAGE
V/EmulatedCamera_CallbackNotifier(   38):     CAMERA_MSG_RAW_IMAGE_NOTIFY
V/EmulatedCamera_CallbackNotifier(   38):     CAMERA_MSG_PREVIEW_METADATA
V/EmulatedCamera_Camera(   38): takePicture
V/EmulatedCamera_Camera(   38): doStopPreview
V/EmulatedCamera_Device(   38): stopDeliveringFrames
V/EmulatedCamera_Device(   38): stopWorkerThread
V/EmulatedCamera_Device(   38): Stopping emulated camera device's worker thread...
V/EmulatedCamera_Device(   38): Emulated camera device's worker thread has been stopped.
V/EmulatedCamera_FakeDevice(   38): stopDevice
V/EmulatedCamera_Preview(   38): stopPreview
D/EmulatedCamera_Camera(   38): Starting camera for picture: NV21(jpeg)[640x480]
V/EmulatedCamera_FakeDevice(   38): startDevice
V/EmulatedCamera_Device(   38): commonStartDevice: Allocated 0x41b25008 460800 bytes for 307200 pixels in NV21[640x480] frame
V/EmulatedCamera_Device(   38): startDeliveringFrames
V/EmulatedCamera_Device(   38): startWorkerThread
V/EmulatedCamera_Device(   38): Starting emulated camera device worker thread...
V/EmulatedCamera_Device(   38): Emulated device's worker thread has been started.
D/AudioSink(   38): bufferCount (4) is too small and increased to 12
I/APP     ( 3479): I 02/27/2013 18:28:27:706 00000d97         ImageCapture| SHUTTER CALLBACK
V/EmulatedCamera_CallbackNotifier(   38): disableMessage: msg_type = 0x2
V/EmulatedCamera_CallbackNotifier(   38):     CAMERA_MSG_SHUTTER
V/EmulatedCamera_CallbackNotifier(   38): **** Currently enabled messages:
V/EmulatedCamera_CallbackNotifier(   38):     CAMERA_MSG_ERROR
V/EmulatedCamera_CallbackNotifier(   38):     CAMERA_MSG_FOCUS
V/EmulatedCamera_CallbackNotifier(   38):     CAMERA_MSG_ZOOM
V/EmulatedCamera_CallbackNotifier(   38):     CAMERA_MSG_COMPRESSED_IMAGE
V/EmulatedCamera_CallbackNotifier(   38):     CAMERA_MSG_RAW_IMAGE_NOTIFY
V/EmulatedCamera_CallbackNotifier(   38):     CAMERA_MSG_PREVIEW_METADATA
I/APP     ( 3479): I 02/27/2013 18:28:27:999 00000d97         ImageCapture| PICTURE CALLBACK RAW
V/EmulatedCamera_JPEG(   38): compressRawImage: 0x41b25008[640x480]
D/skia    (   38): onFlyCompress
W/AudioTrack(   38): obtainBuffer() track 0x25768 disabled, restarting
V/EmulatedCamera_JPEG(   38): compressRawImage: Compressed JPEG: 460800[640x480] -> 22103 bytes
V/EmulatedCamera_CallbackNotifier(   38): disableMessage: msg_type = 0x100
V/EmulatedCamera_CallbackNotifier(   38):     CAMERA_MSG_COMPRESSED_IMAGE
V/EmulatedCamera_CallbackNotifier(   38): **** Currently enabled messages:
V/EmulatedCamera_CallbackNotifier(   38):     CAMERA_MSG_ERROR
V/EmulatedCamera_CallbackNotifier(   38):     CAMERA_MSG_FOCUS
V/EmulatedCamera_CallbackNotifier(   38):     CAMERA_MSG_ZOOM
V/EmulatedCamera_CallbackNotifier(   38):     CAMERA_MSG_RAW_IMAGE_NOTIFY
V/EmulatedCamera_CallbackNotifier(   38):     CAMERA_MSG_PREVIEW_METADATA
I/APP     ( 3479): I 02/27/2013 18:28:29:551 00000d97         ImageCapture| PICTURE CALLBACK JPEG: 22103 bytes
I/APP     ( 3479): I 02/27/2013 18:28:29:781 00000dae           HttpServer| Process URI: '/app/Image/camera_callback'
I/APP     ( 3479): I 02/27/2013 18:28:29:835 00000dae                  APP| RHO serve: /app/Image/camera_callback
I/APP     ( 3479): I 02/27/2013 18:28:29:980 00000dae                  APP| Params: {"rho_callback"=>"1", "status"=>"ok", "image_uri"=>"db/db-files/Image_20130227182826968.jpg", "image_width"=>"640", "image_height"=>"480", "image_format"=>"jpg"}
I/APP     ( 3479): I 02/27/2013 18:28:30:390 00000dae                  APP| Captured Image  Size: 640x480, Format: jpg 
I/APP     ( 3479): I 02/27/2013 18:28:30:512 00000d97         ImageCapture| finish
I/APP     ( 3479): I 02/27/2013 18:28:30:568 00000dae           HttpServer| GC Start.
W/WindowManager(   77): Failure taking screenshot for (180x300) to layer 21020
I/InputReader(   77): Reconfiguring input devices.  changes=0x00000004
I/InputReader(   77): Device reconfigured: id=0, name='qwerty2', surface size is now 480x800, mode is 1
I/APP     ( 3479): I 02/27/2013 18:28:31:276 00000dae           HttpServer| GC End.
W/SurfaceFlinger(   36): createScreenshotSurface failed (Function not implemented)
I/ActivityManager(   77): Config changed: {1.0 310mcc260mnc en_US layoutdir=0 sw320dp w320dp h508dp nrml long port finger qwerty/v/v tball/v s.92}
I/APP     ( 3479): I 02/27/2013 18:28:32:638 00000d97       RhodesActivity| onStart
I/APP     ( 3479): I 02/27/2013 18:28:32:778 00000d97    RhodesApplication| New UiState: MainActivityStarted
I/Process (   77): Sending signal. PID: 3479 SIG: 3
I/dalvikvm( 3479): threadid=3: reacting to signal 3
I/dalvikvm( 3479): Wrote stack traces to '/data/anr/traces.txt'
I/APP     ( 3479): I 02/27/2013 18:28:32:848 00000d97       RhodesActivity| onResume
I/APP     ( 3479): I 02/27/2013 18:28:32:851 00000d97 AndroidFunctionality| Resume WebView
W/WindowManager(   77): Window freeze timeout expired.
W/WindowManager(   77): Force clearing orientation change: Window{4159ed78 StatusBarExpanded paused=false}
W/WindowManager(   77): Force clearing orientation change: Window{414e2198 com.rhomobile.macotec/com.rhomobile.rhodes.RhodesActivity paused=false}
I/APP     ( 3479): I 02/27/2013 18:28:33:034 00000d97         ImageCapture| surfaceDestroyed
V/EmulatedCamera_CallbackNotifier(   38): disableMessage: msg_type = 0x10
V/EmulatedCamera_CallbackNotifier(   38):     CAMERA_MSG_PREVIEW_FRAME
V/EmulatedCamera_CallbackNotifier(   38): **** Currently enabled messages:
V/EmulatedCamera_CallbackNotifier(   38):     CAMERA_MSG_ERROR
V/EmulatedCamera_CallbackNotifier(   38):     CAMERA_MSG_FOCUS
V/EmulatedCamera_CallbackNotifier(   38):     CAMERA_MSG_ZOOM
V/EmulatedCamera_CallbackNotifier(   38):     CAMERA_MSG_RAW_IMAGE_NOTIFY
V/EmulatedCamera_CallbackNotifier(   38):     CAMERA_MSG_PREVIEW_METADATA
V/EmulatedCamera_Camera(   38): doStopPreview
I/Process (   77): Sending signal. PID: 3479 SIG: 3
V/EmulatedCamera_CallbackNotifier(   38): disableMessage: msg_type = 0x10
V/EmulatedCamera_CallbackNotifier(   38):     CAMERA_MSG_PREVIEW_FRAME
V/EmulatedCamera_CallbackNotifier(   38): **** Currently enabled messages:
V/EmulatedCamera_CallbackNotifier(   38):     CAMERA_MSG_ERROR
V/EmulatedCamera_CallbackNotifier(   38):     CAMERA_MSG_FOCUS
V/EmulatedCamera_CallbackNotifier(   38):     CAMERA_MSG_ZOOM
V/EmulatedCamera_CallbackNotifier(   38):     CAMERA_MSG_RAW_IMAGE_NOTIFY
V/EmulatedCamera_CallbackNotifier(   38):     CAMERA_MSG_PREVIEW_METADATA
V/EmulatedCamera_CallbackNotifier(   38): disableMessage: msg_type = 0xffff
V/EmulatedCamera_CallbackNotifier(   38):     CAMERA_MSG_ERROR
V/EmulatedCamera_CallbackNotifier(   38):     CAMERA_MSG_SHUTTER
V/EmulatedCamera_CallbackNotifier(   38):     CAMERA_MSG_FOCUS
V/EmulatedCamera_CallbackNotifier(   38):     CAMERA_MSG_ZOOM
V/EmulatedCamera_CallbackNotifier(   38):     CAMERA_MSG_PREVIEW_FRAME
V/EmulatedCamera_CallbackNotifier(   38):     CAMERA_MSG_VIDEO_FRAME
V/EmulatedCamera_CallbackNotifier(   38):     CAMERA_MSG_POSTVIEW_FRAME
V/EmulatedCamera_CallbackNotifier(   38):     CAMERA_MSG_RAW_IMAGE
V/EmulatedCamera_CallbackNotifier(   38):     CAMERA_MSG_COMPRESSED_IMAGE
V/EmulatedCamera_CallbackNotifier(   38):     CAMERA_MSG_RAW_IMAGE_NOTIFY
V/EmulatedCamera_CallbackNotifier(   38):     CAMERA_MSG_PREVIEW_METADATA
V/EmulatedCamera_CallbackNotifier(   38): **** Currently enabled messages:
V/EmulatedCamera_Camera(   38): doStopPreview
V/EmulatedCamera_Camera(   38): cancelPicture
V/EmulatedCamera_Camera(   38): releaseCamera
V/EmulatedCamera_Camera(   38): doStopPreview
V/EmulatedCamera_Device(   38): stopDeliveringFrames
V/EmulatedCamera_Device(   38): stopWorkerThread
V/EmulatedCamera_Device(   38): Stopping emulated camera device's worker thread...
V/EmulatedCamera_Device(   38): Emulated camera device's worker thread has been stopped.
V/EmulatedCamera_FakeDevice(   38): stopDevice
V/EmulatedCamera_FakeDevice(   38): disconnectDevice
V/EmulatedCamera_Preview(   38): setPreviewWindow: current: 0x10200 -> new: 0x0
I/CameraService(   38): Destroying camera 0
V/EmulatedCamera_Camera(   38): closeCamera
V/EmulatedCamera_Camera(   38): doStopPreview
W/AudioFlinger(   38): session id 155 not found for pid 38
W/AudioFlinger(   38): session id 156 not found for pid 38
I/dalvikvm( 3479): threadid=3: reacting to signal 3
I/dalvikvm( 3479): Wrote stack traces to '/data/anr/traces.txt'
I/Process (   77): Sending signal. PID: 3479 SIG: 3
I/dalvikvm( 3479): threadid=3: reacting to signal 3
I/dalvikvm( 3479): Wrote stack traces to '/data/anr/traces.txt'
V/PhoneStatusBar(  137): setLightsOn(true)
I/Process (   77): Sending signal. PID: 3479 SIG: 3
I/dalvikvm( 3479): threadid=3: reacting to signal 3
I/dalvikvm( 3479): Wrote stack traces to '/data/anr/traces.txt'
I/APP     ( 3479): I 02/27/2013 18:28:34:807 00000d97         ImageCapture| onStop
D/dalvikvm(   77): GC_EXPLICIT freed 89K, 13% free 11381K/12935K, paused 13ms+7ms
I/APP     ( 3479): I 02/27/2013 18:28:43:883 00000dae           HttpServer| Process URI: '/app/Image/new'
I/APP     ( 3479): I 02/27/2013 18:28:43:889 00000dae                  APP| RHO serve: /app/Image/new
I/ActivityManager(   77): START {cmp=com.rhomobile.macotec/com.rhomobile.rhodes.camera.ImageCapture (has extras)} from pid 3479
W/WindowManager(   77): Failure taking screenshot for (180x300) to layer 21010
I/APP     ( 3479): I 02/27/2013 18:28:43:963 00000dae           HttpServer| GC Start.
I/APP     ( 3479): I 02/27/2013 18:28:43:976 00000d97 AndroidFunctionality| Pause WebView
I/APP     ( 3479): I 02/27/2013 18:28:43:989 00000d97       RhodesActivity| onPause
I/APP     ( 3479): I 02/27/2013 18:28:44:045 00000dae           HttpServer| GC End.
I/APP     ( 3479): I 02/27/2013 18:28:44:066 00000dae           HttpServer| Process URI: '/data/data/com.rhomobile.macotec/rhodata/db/db-files/Image_20130227182717387.jpg'
I/APP     ( 3479): E 02/27/2013 18:28:44:073 00000dae           HttpServer| The file /data/data/com.rhomobile.macotec/rhodata/db/db-files/Image_20130227182717387.jpg was not found
I/APP     ( 3479): I 02/27/2013 18:28:44:095 00000dae           HttpServer| Process URI: '/system/uidestroyed'
I/APP     ( 3479): I 02/27/2013 18:28:44:108 00000d97    RhodesApplication| New UiState: MainActivityPaused
I/InputReader(   77): Reconfiguring input devices.  changes=0x00000004
I/InputReader(   77): Device reconfigured: id=0, name='qwerty2', surface size is now 480x800, mode is 1
W/SurfaceFlinger(   36): createScreenshotSurface failed (Function not implemented)
I/ActivityManager(   77): Config changed: {1.0 310mcc260mnc en_US layoutdir=0 sw320dp w533dp h294dp nrml long land finger qwerty/v/v tball/v s.93}
I/APP     ( 3479): I 02/27/2013 18:28:44:444 00000d97         ImageCapture| onCreate
I/APP     ( 3479): I 02/27/2013 18:28:44:510 00000d97         ImageCapture| myOrientationEventListener.enable()
I/APP     ( 3479): I 02/27/2013 18:28:44:547 00000d97         ImageCapture| onResume
I/Process (   77): Sending signal. PID: 3479 SIG: 3
I/dalvikvm( 3479): threadid=3: reacting to signal 3
D/RhodesService( 3479): +++ onStartCommand
I/RhodesService( 3479): handleCommand: startId=5, source=com.rhomobile.rhodes.BaseActivity
D/RhodesService( 3479): New activity was created
I/dalvikvm( 3479): Wrote stack traces to '/data/anr/traces.txt'
I/APP     ( 3479): I 02/27/2013 18:28:44:770 00000d97         ImageCapture| onOrientationChanged(0)
I/APP     ( 3479): I 02/27/2013 18:28:44:931 00000d97         ImageCapture| surfaceCreated
V/EmulatedCamera_Factory(   38): getCameraInfo: id = 0
V/EmulatedCamera_Camera(   38): getCameraInfo
V/EmulatedCamera_Factory(   38): getCameraInfo: id = 0
