I/APP     ( 2869): I 02/05/2013 14:00:46:610 00000b4c                  APP| RHO serve: /app/Request/submit_wrong_data
I/APP     ( 2869): I 02/05/2013 14:00:46:693 00000b4c RHO RequestController| Layout file: /data/data/com.rhomobile.macotec/rhodata/apps/app/layout_erb.iseq. Content size: 3068
I/APP     ( 2869): I 02/05/2013 14:00:46:743 00000b4c           HttpServer| GC Start.
I/APP     ( 2869): I 02/05/2013 14:00:46:799 00000b4c           HttpServer| GC End.
I/APP     ( 2869): I 02/05/2013 14:00:47:792 00000b4c           HttpServer| Process URI: '/public/images/macotec/ghost.png'
D/dalvikvm(  172): GC_CONCURRENT freed 383K, 6% free 9534K/10119K, paused 9ms+4ms
I/APP     ( 2869): I 02/05/2013 14:01:03:999 00000b35       SimpleMainView| Cleared URL: http://localhost:8080/app
I/APP     ( 2869): I 02/05/2013 14:01:04:049 00000b35     RhoWebViewClient| Loading URL: http://localhost:8080/app/index_erb.iseq
I/APP     ( 2869): I 02/05/2013 14:01:04:085 00000b4c           HttpServer| Process URI: '/app/index_erb.iseq'
I/APP     ( 2869): I 02/05/2013 14:01:04:092 00000b4c                  APP| RHO serve_index: /app/index_erb.iseq
I/APP     ( 2869): I 02/05/2013 14:01:04:276 00000b4c RHO Rho::RhoController| inst_render_index
I/APP     ( 2869): I 02/05/2013 14:01:04:854 00000b4c RHO Rho::RhoController| index layout
I/APP     ( 2869): I 02/05/2013 14:01:05:663 00000b4c           HttpServer| GC Start.
I/APP     ( 2869): I 02/05/2013 14:01:05:921 00000b4c           HttpServer| GC End.
I/APP     ( 2869): I 02/05/2013 14:01:13:046 00000b4c           HttpServer| Process URI: '/app/Request/request'
I/APP     ( 2869): I 02/05/2013 14:01:13:051 00000b4c                  APP| RHO serve: /app/Request/request
I/APP     ( 2869): I 02/05/2013 14:01:13:150 00000b4c           HttpServer| GC Start.
I/APP     ( 2869): I 02/05/2013 14:01:13:198 00000b4c           HttpServer| GC End.
W/webview ( 2869): Stale touch event ACTION_DOWN received from webcore; ignoring
W/InputManagerService(   79): Window already focused, ignoring focus gain of: com.android.internal.view.IInputMethodClient$Stub$Proxy@4142f6c8
I/APP     ( 2869): I 02/05/2013 14:01:38:861 00000b35   RhoWebChromeClient| Uncaught ReferenceError: popupDateTimePicker is not defined -- From line 1 of http://localhost:8080/app/index_erb.iseq
E/Web Console( 2869): Uncaught ReferenceError: popupDateTimePicker is not defined at http://localhost:8080/app/index_erb.iseq:1
D/dalvikvm(  142): GC_CONCURRENT freed 432K, 29% free 10454K/14663K, paused 4ms+34ms
D/dalvikvm( 2869): GC_CONCURRENT freed 850K, 8% free 12594K/13575K, paused 17ms+44ms
W/webview ( 2869): Got ACTION_DOWN but still waiting on stale event. Catching up.
W/webview ( 2869): Stale touch event ACTION_DOWN received from webcore; ignoring
W/webview ( 2869): Stale touch event ACTION_UP received from webcore; ignoring
D/dalvikvm( 2869): GREF has increased to 201
D/dalvikvm(  156): GC_EXPLICIT freed 174K, 6% free 9453K/10055K, paused 4ms+45ms
D/dalvikvm(  142): GC_CONCURRENT freed 460K, 29% free 10441K/14663K, paused 4ms+5ms
D/InputEventConsistencyVerifier( 2869): KeyEvent: ACTION_UP but key was not down.
D/InputEventConsistencyVerifier( 2869):   in android.webkit.WebView@412ff1c8
D/InputEventConsistencyVerifier( 2869):   0: sent at 12238978000000, KeyEvent { action=ACTION_UP, keyCode=KEYCODE_DPAD_DOWN, scanCode=108, metaState=0, flags=0x8, repeatCount=0, eventTime=12238978, downTime=12238978, deviceId=0, source=0x301 }
D/InputEventConsistencyVerifier( 2869):   -- recent events --
D/InputEventConsistencyVerifier( 2869):   1: sent at 12236425821000, MotionEvent { action=ACTION_UP, id[0]=0, x[0]=218.0, y[0]=609.0, toolType[0]=TOOL_TYPE_FINGER, buttonState=0, metaState=0, flags=0x0, edgeFlags=0x0, pointerCount=1, historySize=0, eventTime=12236425, downTime=12236259, deviceId=0, source=0x1002 }
D/InputEventConsistencyVerifier( 2869):   2: sent at 12236409784000, MotionEvent { action=ACTION_MOVE, id[0]=0, x[0]=218.0, y[0]=609.0, toolType[0]=TOOL_TYPE_FINGER, buttonState=0, metaState=0, flags=0x0, edgeFlags=0x0, pointerCount=1, historySize=0, eventTime=12236409, downTime=12236259, deviceId=0, source=0x1002 }
D/InputEventConsistencyVerifier( 2869):   3: sent at 12236378318000, MotionEvent { action=ACTION_MOVE, id[0]=0, x[0]=218.0, y[0]=608.0, toolType[0]=TOOL_TYPE_FINGER, buttonState=0, metaState=0, flags=0x0, edgeFlags=0x0, pointerCount=1, historySize=0, eventTime=12236378, downTime=12236259, deviceId=0, source=0x1002 }
D/InputEventConsistencyVerifier( 2869):   4: sent at 12236277297000, MotionEvent { action=ACTION_MOVE, id[0]=0, x[0]=218.0, y[0]=607.0, toolType[0]=TOOL_TYPE_FINGER, buttonState=0, metaState=0, flags=0x0, edgeFlags=0x0, pointerCount=1, historySize=0, eventTime=12236277, downTime=12236259, deviceId=0, source=0x1002 }
D/InputEventConsistencyVerifier( 2869):   5: sent at 12236259764000, MotionEvent { action=ACTION_DOWN, id[0]=0, x[0]=218.0, y[0]=609.0, toolType[0]=TOOL_TYPE_FINGER, buttonState=0, metaState=0, flags=0x0, edgeFlags=0x0, pointerCount=1, historySize=0, eventTime=12236259, downTime=12236259, deviceId=0, source=0x1002 }
D/dalvikvm(  142): GC_CONCURRENT freed 538K, 30% free 10308K/14663K, paused 4ms+5ms
E/ActivityThread(  156): Failed to find provider info for com.android.inputmethod.latin.dictionarypack
E/BinaryDictionaryGetter(  156): Could not find a dictionary pack
D/dalvikvm(   79): GC_CONCURRENT freed 468K, 11% free 11348K/12743K, paused 5ms+27ms
I/APP     ( 2869): I 02/05/2013 14:02:12:419 00000b4c           HttpServer| Process URI: '/app/Request/submit'
I/APP     ( 2869): I 02/05/2013 14:02:12:425 00000b4c                  APP| RHO serve: /app/Request/submit
I/APP     ( 2869): I 02/05/2013 14:02:12:469 00000b4c                  APP| Params: {"product"=>"teleskopstapler", "rental_begin"=>"moin33", "operation_period"=>"3", "amount_product"=>"3", "location"=>"Berloin", "information"=>"Keine", "company"=>"datenloft", "phone"=>"98987987", "email"=>"hase@mail.de"}
I/APP     ( 2869): I 02/05/2013 14:02:12:552 00000b4c            AsyncHttp| addCommand: POST
I/APP     ( 2869): I 02/05/2013 14:02:12:652 00000b56                  Net| POST request (Pull): http://www.datenloft.com/macotec/send_request_test.php
I/APP     ( 2869): I 02/05/2013 14:02:13:326 00000b4c           HttpServer| GC Start.
I/APP     ( 2869): I 02/05/2013 14:02:13:747 00000b4c           HttpServer| GC End.
I/APP     ( 2869): I 02/05/2013 14:02:13:816 00000b4c           HttpServer| Process URI: '/app/Request/http_callback'
I/APP     ( 2869): I 02/05/2013 14:02:13:910 00000b4c                  APP| RHO serve: /app/Request/http_callback
I/APP     ( 2869): I 02/05/2013 14:02:14:383 00000b4c                  APP| Params: {"rho_callback"=>"1", "status"=>"ok", "http_error"=>"200", "headers"=>{"Content-Type"=>"application/x-www-form-urlencoded", "User-Agent"=>"Mozilla-5.0 (ANDROID; unknown generic; 4.0.4)", "charset"=>"UTF-8", "connection"=>"Keep-Alive", "content-type"=>"text/html; charset=utf-8", "date"=>"Tue, 05 Feb 2013 13:02:14 GMT", "keep-alive"=>"timeout=3, max=100", "server"=>"Apache/2.2.21 (Unix) mod_ssl/2.2.21 OpenSSL/0.9.8r", "transfer-encoding"=>"chunked", "x-powered-by"=>"PHP/5.2.17"}, "__rho_object"=>{"body"=>"0"}}
I/APP     ( 2869): I 02/05/2013 14:02:18:496 00000b56            AsyncHttp| ThreadQueue blocked for 4294967295 seconds...
I/APP     ( 2869): I 02/05/2013 14:02:18:500 00000b4c           HttpServer| GC Start.
I/APP     ( 2869): I 02/05/2013 14:02:18:572 00000b4c           HttpServer| GC End.
I/APP     ( 2869): I 02/05/2013 14:02:18:575 00000b4c           HttpServer| Process URI: '/public/images/macotec/macotec_loader.gif'
I/APP     ( 2869): I 02/05/2013 14:02:18:732 00000b35       SimpleMainView| Cleared URL: http://localhost:8080/app/Request/submit_success
I/APP     ( 2869): I 02/05/2013 14:02:19:475 00000b4c           HttpServer| Process URI: '/app/Request/submit_success'
I/APP     ( 2869): I 02/05/2013 14:02:19:477 00000b4c                  APP| RHO serve: /app/Request/submit_success
I/APP     ( 2869): I 02/05/2013 14:02:19:617 00000b4c RHO RequestController| Layout file: /data/data/com.rhomobile.macotec/rhodata/apps/app/layout_erb.iseq. Content size: 2978
I/APP     ( 2869): I 02/05/2013 14:02:19:676 00000b4c           HttpServer| GC Start.
I/APP     ( 2869): I 02/05/2013 14:02:19:747 00000b4c           HttpServer| GC End.
I/APP     ( 2869): I 02/05/2013 14:02:21:630 00000b4c           HttpServer| Process URI: '/public/images/macotec/success.png'
I/APP     ( 2869): I 02/05/2013 14:02:28:239 00000b35       SimpleMainView| Cleared URL: http://localhost:8080/app
I/APP     ( 2869): I 02/05/2013 14:02:28:277 00000b35     RhoWebViewClient| Loading URL: http://localhost:8080/app/index_erb.iseq
I/APP     ( 2869): I 02/05/2013 14:02:28:321 00000b4c           HttpServer| Process URI: '/app/index_erb.iseq'
I/APP     ( 2869): I 02/05/2013 14:02:28:325 00000b4c                  APP| RHO serve_index: /app/index_erb.iseq
I/APP     ( 2869): I 02/05/2013 14:02:28:341 00000b4c RHO Rho::RhoController| inst_render_index
I/APP     ( 2869): I 02/05/2013 14:02:28:473 00000b4c RHO Rho::RhoController| index layout
I/APP     ( 2869): I 02/05/2013 14:02:28:629 00000b4c           HttpServer| GC Start.
I/APP     ( 2869): I 02/05/2013 14:02:28:723 00000b4c           HttpServer| GC End.
I/APP     ( 2869): I 02/05/2013 14:02:39:268 00000b4c           HttpServer| Process URI: '/app/Product'
I/APP     ( 2869): I 02/05/2013 14:02:39:270 00000b4c                  APP| RHO serve: /app/Product
I/APP     ( 2869): I 02/05/2013 14:02:39:306 00000b4c              RhoRuby| require_compiled: Product/product_controller
I/APP     ( 2869): I 02/05/2013 14:02:39:405 00000b4c           HttpServer| GC Start.
I/APP     ( 2869): I 02/05/2013 14:02:39:459 00000b4c           HttpServer| GC End.
I/APP     ( 2869): I 02/05/2013 14:02:43:303 00000b4c           HttpServer| Process URI: '/app/index_erb.iseq'
I/APP     ( 2869): I 02/05/2013 14:02:43:306 00000b4c                  APP| RHO serve_index: /app/index_erb.iseq
I/APP     ( 2869): I 02/05/2013 14:02:43:339 00000b4c RHO Rho::RhoController| inst_render_index
I/APP     ( 2869): I 02/05/2013 14:02:43:453 00000b4c           HttpServer| GC Start.
I/APP     ( 2869): I 02/05/2013 14:02:43:508 00000b4c           HttpServer| GC End.
I/APP     ( 2869): I 02/05/2013 14:02:45:810 00000b4c           HttpServer| Process URI: '/app/Request/request'
I/APP     ( 2869): I 02/05/2013 14:02:45:812 00000b4c                  APP| RHO serve: /app/Request/request
I/APP     ( 2869): I 02/05/2013 14:02:45:928 00000b4c           HttpServer| GC Start.
I/APP     ( 2869): I 02/05/2013 14:02:45:973 00000b4c           HttpServer| GC End.
I/APP     ( 2869): I 02/05/2013 14:04:44:499 00000b4c           HttpServer| Process URI: '/app/index_erb.iseq'
I/APP     ( 2869): I 02/05/2013 14:04:44:502 00000b4c                  APP| RHO serve_index: /app/index_erb.iseq
I/APP     ( 2869): I 02/05/2013 14:04:44:503 00000b4c RHO Rho::RhoController| inst_render_index
I/APP     ( 2869): I 02/05/2013 14:04:44:571 00000b4c RHO Rho::RhoController| index layout
I/APP     ( 2869): I 02/05/2013 14:04:44:642 00000b4c           HttpServer| GC Start.
I/APP     ( 2869): I 02/05/2013 14:04:44:704 00000b4c           HttpServer| GC End.
I/APP     ( 2869): I 02/05/2013 14:04:45:073 00000b4c           HttpServer| Process URI: '/favicon.ico'
I/APP     ( 2869): E 02/05/2013 14:04:45:124 00000b4c           HttpServer| The file /favicon.ico was not found
I/APP     ( 2869): I 02/05/2013 14:04:46:336 00000b4c           HttpServer| Process URI: '/app/Product'
I/APP     ( 2869): I 02/05/2013 14:04:46:418 00000b4c                  APP| RHO serve: /app/Product
I/APP     ( 2869): I 02/05/2013 14:04:46:680 00000b4c           HttpServer| GC Start.
I/APP     ( 2869): I 02/05/2013 14:04:46:972 00000b4c           HttpServer| GC End.
I/APP     ( 2869): I 02/05/2013 14:04:47:068 00000b4c           HttpServer| Process URI: '/favicon.ico'
I/APP     ( 2869): E 02/05/2013 14:04:47:140 00000b4c           HttpServer| The file /favicon.ico was not found
I/APP     ( 2869): I 02/05/2013 14:04:47:474 00000b4c           HttpServer| Process URI: '/favicon.ico'
I/APP     ( 2869): E 02/05/2013 14:04:47:522 00000b4c           HttpServer| The file /favicon.ico was not found
I/APP     ( 2869): I 02/05/2013 14:04:48:319 00000b4c           HttpServer| Process URI: '/app/Request/request'
I/APP     ( 2869): I 02/05/2013 14:04:48:370 00000b4c                  APP| RHO serve: /app/Request/request
I/APP     ( 2869): I 02/05/2013 14:04:48:674 00000b4c           HttpServer| GC Start.
I/APP     ( 2869): I 02/05/2013 14:04:48:963 00000b4c           HttpServer| GC End.
I/APP     ( 2869): I 02/05/2013 14:04:49:044 00000b4c           HttpServer| Process URI: '/favicon.ico'
I/APP     ( 2869): E 02/05/2013 14:04:49:149 00000b4c           HttpServer| The file /favicon.ico was not found
I/APP     ( 2869): E 02/05/2013 14:05:04:490 00000b4c           HttpServer| Connection gracefully closed before we send any data
I/APP     ( 2869): E 02/05/2013 14:05:04:495 00000b4c           HttpServer| Parsing error
I/APP     ( 2869): E 02/05/2013 14:05:04:522 00000b4c           HttpServer| Connection gracefully closed before we send any data
I/APP     ( 2869): E 02/05/2013 14:05:04:526 00000b4c           HttpServer| Parsing error
I/APP     ( 2869): E 02/05/2013 14:05:04:560 00000b4c           HttpServer| Connection gracefully closed before we send any data
I/APP     ( 2869): E 02/05/2013 14:05:04:564 00000b4c           HttpServer| Parsing error
I/APP     ( 2869): I 02/05/2013 14:06:02:870 00000b4c           HttpServer| Process URI: '/favicon.ico'
I/APP     ( 2869): E 02/05/2013 14:06:02:872 00000b4c           HttpServer| The file /favicon.ico was not found
I/APP     ( 2869): I 02/05/2013 14:06:04:381 00000b4c           HttpServer| Process URI: '/app/Request/request'
I/APP     ( 2869): I 02/05/2013 14:06:04:389 00000b4c                  APP| RHO serve: /app/Request/request
I/APP     ( 2869): I 02/05/2013 14:06:04:482 00000b4c           HttpServer| GC Start.
I/APP     ( 2869): I 02/05/2013 14:06:04:583 00000b4c           HttpServer| GC End.
I/APP     ( 2869): I 02/05/2013 14:06:04:744 00000b4c           HttpServer| Process URI: '/favicon.ico'
I/APP     ( 2869): E 02/05/2013 14:06:04:828 00000b4c           HttpServer| The file /favicon.ico was not found
I/APP     ( 2869): E 02/05/2013 14:06:12:850 00000b4c           HttpServer| Connection gracefully closed before we send any data
I/APP     ( 2869): E 02/05/2013 14:06:12:870 00000b4c           HttpServer| Parsing error
I/APP     ( 2869): E 02/05/2013 14:06:12:874 00000b4c           HttpServer| Connection gracefully closed before we send any data
I/APP     ( 2869): E 02/05/2013 14:06:12:899 00000b4c           HttpServer| Parsing error
D/dalvikvm(  172): GC_CONCURRENT freed 384K, 6% free 9533K/10119K, paused 9ms+4ms
F/BatteryStatsImpl(   79): problem reading network stats
F/BatteryStatsImpl(   79): java.lang.IllegalStateException: problem parsing idx 1
F/BatteryStatsImpl(   79): 	at com.android.internal.net.NetworkStatsFactory.readNetworkStatsDetail(NetworkStatsFactory.java:300)
F/BatteryStatsImpl(   79): 	at com.android.internal.net.NetworkStatsFactory.readNetworkStatsDetail(NetworkStatsFactory.java:250)
F/BatteryStatsImpl(   79): 	at com.android.internal.os.BatteryStatsImpl.getNetworkStatsDetailGroupedByUid(BatteryStatsImpl.java:5734)
F/BatteryStatsImpl(   79): 	at com.android.internal.os.BatteryStatsImpl.access$100(BatteryStatsImpl.java:76)
F/BatteryStatsImpl(   79): 	at com.android.internal.os.BatteryStatsImpl$Uid.computeCurrentTcpBytesReceived(BatteryStatsImpl.java:2457)
F/BatteryStatsImpl(   79): 	at com.android.internal.os.BatteryStatsImpl$Uid.getTcpBytesReceived(BatteryStatsImpl.java:2446)
F/BatteryStatsImpl(   79): 	at com.android.internal.os.BatteryStatsImpl.writeSummaryToParcel(BatteryStatsImpl.java:5437)
F/BatteryStatsImpl(   79): 	at com.android.internal.os.BatteryStatsImpl.writeLocked(BatteryStatsImpl.java:4836)
F/BatteryStatsImpl(   79): 	at com.android.internal.os.BatteryStatsImpl.writeAsyncLocked(BatteryStatsImpl.java:4818)
F/BatteryStatsImpl(   79): 	at com.android.server.am.ActivityManagerService.updateCpuStatsNow(ActivityManagerService.java:1652)
F/BatteryStatsImpl(   79): 	at com.android.server.am.ActivityManagerService$3.run(ActivityManagerService.java:1534)
F/BatteryStatsImpl(   79): Caused by: java.io.FileNotFoundException: /proc/net/xt_qtaguid/stats: open failed: ENOENT (No such file or directory)
F/BatteryStatsImpl(   79): 	at libcore.io.IoBridge.open(IoBridge.java:406)
F/BatteryStatsImpl(   79): 	at java.io.FileInputStream.<init>(FileInputStream.java:78)
F/BatteryStatsImpl(   79): 	at com.android.internal.net.NetworkStatsFactory.readNetworkStatsDetail(NetworkStatsFactory.java:269)
F/BatteryStatsImpl(   79): 	... 10 more
F/BatteryStatsImpl(   79): Caused by: libcore.io.ErrnoException: open failed: ENOENT (No such file or directory)
F/BatteryStatsImpl(   79): 	at libcore.io.Posix.open(Native Method)
F/BatteryStatsImpl(   79): 	at libcore.io.BlockGuardOs.open(BlockGuardOs.java:110)
F/BatteryStatsImpl(   79): 	at libcore.io.IoBridge.open(IoBridge.java:390)
F/BatteryStatsImpl(   79): 	... 12 more
