W/ActivityManager(   86): No content provider found for permission revoke: file:///data/local/tmp/MacoTec-debug.apk
D/dalvikvm(   86): GC_CONCURRENT freed 342K, 14% free 11506K/13319K, paused 7ms+7ms
D/dalvikvm(   86): GC_CONCURRENT freed 286K, 12% free 11731K/13319K, paused 6ms+6ms
D/dalvikvm(   86): GC_CONCURRENT freed 618K, 12% free 11721K/13319K, paused 9ms+9ms
D/dalvikvm(   86): GC_CONCURRENT freed 635K, 13% free 11692K/13319K, paused 9ms+12ms
D/dalvikvm(   86): GC_CONCURRENT freed 561K, 13% free 11697K/13319K, paused 13ms+6ms
D/dalvikvm(   86): GC_CONCURRENT freed 554K, 13% free 11698K/13319K, paused 17ms+11ms
I/PackageManager(   86): Removing non-system package:com.rhomobile.macotec
I/ActivityManager(   86): Force stopping package com.rhomobile.macotec uid=10040
I/ActivityManager(   86): Killing proc 1359:com.rhomobile.macotec/10040: force stop
W/ActivityManager(   86): Force removing ActivityRecord{41492708 com.rhomobile.macotec/com.rhomobile.rhodes.RhodesActivity}: app died, no saved state
W/NetworkManagementSocketTagger(   86): setKernelCountSet(10040, 0) failed with errno -2
W/NetworkManagementSocketTagger(   86): setKernelCountSet(10009, 1) failed with errno -2
W/InputDispatcher(   86): channel '4158d850 com.rhomobile.macotec/com.rhomobile.rhodes.RhodesActivity (server)' ~ Consumer closed input channel or an error occurred.  events=0x8
W/InputManagerService(   86): Got RemoteException sending setActive(false) notification to pid 1359 uid 10040
I/WindowManager(   86): WIN DEATH: Window{4158d850 com.rhomobile.macotec/com.rhomobile.rhodes.RhodesActivity paused=false}
E/InputDispatcher(   86): channel '4158d850 com.rhomobile.macotec/com.rhomobile.rhodes.RhodesActivity (server)' ~ Channel is unrecoverably broken and will be disposed!
W/InputDispatcher(   86): Attempted to unregister already unregistered input channel '4158d850 com.rhomobile.macotec/com.rhomobile.rhodes.RhodesActivity (server)'
I/WindowManager(   86): WINDOW DIED Window{4158d850 com.rhomobile.macotec/com.rhomobile.rhodes.RhodesActivity paused=false}
I/Process (   86): Sending signal. PID: 201 SIG: 3
I/dalvikvm(  201): threadid=3: reacting to signal 3
I/dalvikvm(  201): Wrote stack traces to '/data/anr/traces.txt'
D/dalvikvm(   86): GC_CONCURRENT freed 565K, 13% free 11681K/13319K, paused 10ms+56ms
I/PackageManager(   86): Package com.rhomobile.macotec codePath changed from /data/app/com.rhomobile.macotec-1.apk to /data/app/com.rhomobile.macotec-2.apk; Retaining data and using new
D/dalvikvm(  201): GC_CONCURRENT freed 2773K, 26% free 17672K/23815K, paused 4ms+11ms
D/dalvikvm(  201): GC_FOR_ALLOC freed 641K, 25% free 17978K/23815K, paused 69ms
D/dalvikvm(  201): GC_FOR_ALLOC freed 28K, 20% free 19230K/23815K, paused 54ms
D/dalvikvm(  201): GC_CONCURRENT freed 2032K, 20% free 19218K/23815K, paused 5ms+7ms
I/PackageManager(   86): Running dexopt on: com.rhomobile.macotec
D/dalvikvm( 1424): DexOpt: load 113ms, verify+opt 520ms
W/PackageManager(   86): Code path for pkg : com.rhomobile.macotec changing from /data/app/com.rhomobile.macotec-1.apk to /data/app/com.rhomobile.macotec-2.apk
W/PackageManager(   86): Resource path for pkg : com.rhomobile.macotec changing from /data/app/com.rhomobile.macotec-1.apk to /data/app/com.rhomobile.macotec-2.apk
I/ActivityManager(   86): Force stopping package com.rhomobile.macotec uid=10040
D/PackageManager(   86): New package installed in /data/app/com.rhomobile.macotec-2.apk
I/ActivityManager(   86): Force stopping package com.rhomobile.macotec uid=10040
D/dalvikvm(   86): GC_EXPLICIT freed 843K, 16% free 11277K/13319K, paused 5ms+15ms
D/PackageManager(   86): generateServicesMap(android.accounts.AccountAuthenticator): 2 services unchanged
D/PackageManager(   86): generateServicesMap(android.content.SyncAdapter): 4 services unchanged
D/BackupManagerService(   86): Received broadcast Intent { act=android.intent.action.PACKAGE_REMOVED dat=package:com.rhomobile.macotec flg=0x10000010 (has extras) }
I/AccountTypeManager(  322): Loaded meta-data for 1 account types, 0 accounts in 210ms(wall) 7ms(cpu)
D/PackageManager(   86): generateServicesMap(android.accounts.AccountAuthenticator): 2 services unchanged
D/PackageManager(   86): generateServicesMap(android.content.SyncAdapter): 4 services unchanged
D/BackupManagerService(   86): Received broadcast Intent { act=android.intent.action.PACKAGE_ADDED dat=package:com.rhomobile.macotec flg=0x10000010 (has extras) }
V/BackupManagerService(   86): updatePackageParticipantsLocked: #1
W/RecognitionManagerService(   86): no available voice recognition services found
I/AccountTypeManager(  322): Loaded meta-data for 1 account types, 0 accounts in 313ms(wall) 6ms(cpu)
D/BackupManagerService(   86): Received broadcast Intent { act=android.intent.action.PACKAGE_REPLACED dat=package:com.rhomobile.macotec flg=0x10000010 (has extras) }
V/BackupManagerService(   86): updatePackageParticipantsLocked: #1
D/dalvikvm(  201): GC_CONCURRENT freed 6075K, 37% free 15110K/23815K, paused 4ms+20ms
D/dalvikvm(   86): GC_CONCURRENT freed 449K, 15% free 11392K/13319K, paused 9ms+13ms
D/dalvikvm(  201): GC_FOR_ALLOC freed 93K, 32% free 16212K/23815K, paused 58ms
D/dalvikvm(  201): GC_FOR_ALLOC freed 364K, 26% free 17742K/23815K, paused 49ms
D/dalvikvm(  201): GC_CONCURRENT freed 4607K, 37% free 15114K/23815K, paused 4ms+13ms
D/dalvikvm(  201): GC_FOR_ALLOC freed 1594K, 37% free 15105K/23815K, paused 53ms
D/dalvikvm(  201): GC_FOR_ALLOC freed 3K, 32% free 16276K/23815K, paused 51ms
D/dalvikvm(  201): GC_FOR_ALLOC freed 329K, 27% free 17617K/23815K, paused 59ms
D/dalvikvm(  201): GC_CONCURRENT freed 1381K, 24% free 18271K/23815K, paused 4ms+8ms
D/dalvikvm(  201): GC_FOR_ALLOC freed 707K, 19% free 19339K/23815K, paused 86ms
D/dalvikvm(  201): GC_CONCURRENT freed 616K, 13% free 20765K/23815K, paused 4ms+6ms
D/dalvikvm(   86): GC_EXPLICIT freed 220K, 16% free 11251K/13319K, paused 3ms+18ms
D/AndroidRuntime( 1413): Shutting down VM
D/dalvikvm( 1413): GC_CONCURRENT freed 97K, 79% free 450K/2048K, paused 1ms+1ms
I/AndroidRuntime( 1413): NOTE: attach of thread 'Binder Thread #3' failed
D/dalvikvm(  201): GC_FOR_ALLOC freed 3911K, 22% free 18602K/23815K, paused 75ms
D/AndroidRuntime( 1432): 
D/AndroidRuntime( 1432): >>>>>> AndroidRuntime START com.android.internal.os.RuntimeInit <<<<<<
D/AndroidRuntime( 1432): CheckJNI is ON
D/AndroidRuntime( 1432): Calling main entry com.android.commands.am.Am
I/ActivityManager(   86): START {act=android.intent.action.MAIN flg=0x10000000 cmp=com.rhomobile.macotec/com.rhomobile.rhodes.RhodesActivity} from pid 1432
W/WindowManager(   86): Failure taking screenshot for (180x300) to layer 21010
D/AndroidRuntime( 1432): Shutting down VM
D/dalvikvm( 1432): GC_CONCURRENT freed 97K, 77% free 480K/2048K, paused 0ms+3ms
I/AndroidRuntime( 1432): NOTE: attach of thread 'Binder Thread #3' failed
I/ActivityManager(   86): Start proc com.rhomobile.macotec for activity com.rhomobile.macotec/com.rhomobile.rhodes.RhodesActivity: pid=1442 uid=10040 gids={3003, 1006}
I/dalvikvm( 1442): Turning on JNI app bug workarounds for target SDK version 4...
D/dalvikvm(   37): GC_EXPLICIT freed 37K, 4% free 9032K/9347K, paused 3ms+4ms
W/NetworkManagementSocketTagger(   86): setKernelCountSet(10040, 1) failed with errno -2
D/dalvikvm(   37): GC_EXPLICIT freed <1K, 4% free 9032K/9347K, paused 2ms+108ms
I/Process (   86): Sending signal. PID: 1442 SIG: 3
I/dalvikvm( 1442): threadid=3: reacting to signal 3
D/dalvikvm(   37): GC_EXPLICIT freed <1K, 4% free 9032K/9347K, paused 2ms+97ms
E/dalvikvm( 1442): Unable to open stack trace file '/data/anr/traces.txt': Permission denied
I/Process (   86): Sending signal. PID: 1442 SIG: 3
I/dalvikvm( 1442): threadid=3: reacting to signal 3
I/dalvikvm( 1442): Wrote stack traces to '/data/anr/traces.txt'
D/dalvikvm( 1442): Trying to load lib /data/data/com.rhomobile.macotec/lib/librhodes.so 0x412a68f0
I/Process (   86): Sending signal. PID: 1442 SIG: 3
I/dalvikvm( 1442): threadid=3: reacting to signal 3
I/dalvikvm( 1442): Wrote stack traces to '/data/anr/traces.txt'
D/dalvikvm( 1442): Added shared lib /data/data/com.rhomobile.macotec/lib/librhodes.so 0x412a68f0
D/dalvikvm( 1442): Trying to load lib /data/data/com.rhomobile.macotec/lib/librhodes.so 0x412a68f0
D/dalvikvm( 1442): Shared lib '/data/data/com.rhomobile.macotec/lib/librhodes.so' already loaded in same CL 0x412a68f0
I/Process (   86): Sending signal. PID: 1442 SIG: 3
I/dalvikvm( 1442): threadid=3: reacting to signal 3
I/ActivityThread( 1442): Pub com.rhomobile.macotec: com.rhomobile.rhodes.LocalFileProvider
I/dalvikvm( 1442): Wrote stack traces to '/data/anr/traces.txt'
I/RhodesApplication( 1442): Initializing...
D/RhoFileApi( 1442): App root path: /data/data/com.rhomobile.macotec/rhodata/
D/RhoFileApi( 1442): Sqlite journals path: /data/data/com.rhomobile.macotec/sqlite_stmt_journals/
D/RhoFileApi( 1442): Shared path: /data/data/com.rhomobile.macotec/rhodata/
D/RhodesApplication( 1442): Root path: /data/data/com.rhomobile.macotec/rhodata/
I/Process (   86): Sending signal. PID: 1442 SIG: 3
I/dalvikvm( 1442): threadid=3: reacting to signal 3
I/dalvikvm( 1442): Wrote stack traces to '/data/anr/traces.txt'
I/RhodesApplication( 1442): Application hash was changed
D/RhoFileApi( 1442): Copy hash to FS
I/Process (   86): Sending signal. PID: 1442 SIG: 3
I/dalvikvm( 1442): threadid=3: reacting to signal 3
D/RhoFileApi( 1442): File hash copied
I/dalvikvm( 1442): Wrote stack traces to '/data/anr/traces.txt'
D/RhoFileApi( 1442): Copy rho.dat to FS
D/RhoFileApi( 1442): File rho.dat copied
D/RhoFileApi( 1442): Copy apps/rhoconfig.txt to FS
D/RhoFileApi( 1442): File apps/rhoconfig.txt copied
I/Process (   86): Sending signal. PID: 1442 SIG: 3
I/dalvikvm( 1442): threadid=3: reacting to signal 3
I/RhoFileApi( 1442): Opening stat table from FS: /data/data/com.rhomobile.macotec/rhodata/rho.dat
I/dalvikvm( 1442): Wrote stack traces to '/data/anr/traces.txt'
I/Process (   86): Sending signal. PID: 1442 SIG: 3
I/dalvikvm( 1442): threadid=3: reacting to signal 3
I/dalvikvm( 1442): Wrote stack traces to '/data/anr/traces.txt'
I/Process (   86): Sending signal. PID: 1442 SIG: 3
I/dalvikvm( 1442): threadid=3: reacting to signal 3
I/dalvikvm( 1442): Wrote stack traces to '/data/anr/traces.txt'
I/Process (   86): Sending signal. PID: 1442 SIG: 3
I/dalvikvm( 1442): threadid=3: reacting to signal 3
D/RhoFileApi( 1442): Copy apps/rhoconfig.txt to FS
I/dalvikvm( 1442): Wrote stack traces to '/data/anr/traces.txt'
D/RhoFileApi( 1442): File apps/rhoconfig.txt copied
D/RhoFileApi( 1442): App root path: /data/data/com.rhomobile.macotec/rhodata/
D/RhoFileApi( 1442): Sqlite journals path: /data/data/com.rhomobile.macotec/sqlite_stmt_journals/
D/RhoFileApi( 1442): Shared path: /data/data/com.rhomobile.macotec/rhodata/
I/APP     ( 1442): I 03/01/2013 15:32:30:877 000005a2    RhodesApplication| Initialized
I/APP     ( 1442): I 03/01/2013 15:32:30:939 000005a2         BaseActivity| New screen properties - width: 480, height: 800, orientation: 1
I/Process (   86): Sending signal. PID: 1442 SIG: 3
I/dalvikvm( 1442): threadid=3: reacting to signal 3
I/dalvikvm( 1442): Wrote stack traces to '/data/anr/traces.txt'
D/dalvikvm( 1442): GC_CONCURRENT freed 307K, 5% free 9178K/9607K, paused 5ms+4ms
I/APP     ( 1442): I 03/01/2013 15:32:31:221 000005a2         SplashScreen| Looking for start page source
D/dalvikvm( 1442): GC_FOR_ALLOC freed 17K, 4% free 9228K/9607K, paused 44ms
I/dalvikvm-heap( 1442): Grow heap (frag case) to 12.147MB for 3217300-byte allocation
I/Process (   86): Sending signal. PID: 1442 SIG: 3
I/dalvikvm( 1442): threadid=3: reacting to signal 3
D/dalvikvm( 1442): GC_FOR_ALLOC freed <1K, 4% free 12369K/12807K, paused 81ms
I/dalvikvm( 1442): Wrote stack traces to '/data/anr/traces.txt'
D/dalvikvm( 1442): GC_CONCURRENT freed 1K, 4% free 12371K/12807K, paused 4ms+15ms
I/Process (   86): Sending signal. PID: 1442 SIG: 3
I/dalvikvm( 1442): threadid=3: reacting to signal 3
I/dalvikvm( 1442): Wrote stack traces to '/data/anr/traces.txt'
I/APP     ( 1442): I 03/01/2013 15:32:32:152 000005a2         SplashScreen| Done
I/APP     ( 1442): I 03/01/2013 15:32:32:158 000005a2    RhodesApplication| New UiState: MainActivityCreated
I/APP     ( 1442): I 03/01/2013 15:32:32:177 000005a2       RhodesActivity| onStart
I/APP     ( 1442): I 03/01/2013 15:32:32:181 000005a2    RhodesApplication| New UiState: MainActivityStarted
I/APP     ( 1442): I 03/01/2013 15:32:32:197 000005a2       RhodesActivity| onResume
I/APP     ( 1442): I 03/01/2013 15:32:32:201 000005a2 AndroidFunctionality| Resume WebView
D/dalvikvm(   86): GC_EXPLICIT freed 162K, 16% free 11296K/13319K, paused 4ms+8ms
I/APP     ( 1442): I 03/01/2013 15:32:32:359 000005a2        RhodesService| onCreate
I/APP     ( 1442): I 03/01/2013 15:32:32:361 000005a2    LocalFileProvider| Revoke URI permissions: content:///com.rhomobile.macotec
W/ActivityManager(   86): No content provider found for permission revoke: content:///com.rhomobile.macotec
I/APP     ( 1442): I 03/01/2013 15:32:32:386 000005a2               Rhodes| Loading...
I/APP     ( 1442): I 03/01/2013 15:32:32:398 000005a2            RhodesApp| Trying to get free listening port.
I/APP     ( 1442): I 03/01/2013 15:32:32:400 000005a2            RhodesApp| Trying to bind of 8080 port...
I/APP     ( 1442): I 03/01/2013 15:32:32:405 000005a2            RhodesApp| Got port to bind on: 8080
I/APP     ( 1442): I 03/01/2013 15:32:32:421 000005a2            RhodesApp| Free listening port: 8080
I/APP     ( 1442): I 03/01/2013 15:32:32:441 000005b7         AppCallbacks| Starting main routine...
I/APP     ( 1442): I 03/01/2013 15:32:32:442 000005b7         AppCallbacks| ThreadQueue blocked for 4294967295 seconds...
I/APP     ( 1442): I 03/01/2013 15:32:32:504 000005a2        RhodesService| Push is disabled
I/APP     ( 1442): I 03/01/2013 15:32:32:506 000005a2            RhodesApp| callAppActiveCallback
I/APP     ( 1442): I 03/01/2013 15:32:32:527 000005a2         AppCallbacks| addCommand: APP-ACTIVATED
I/APP     ( 1442): I 03/01/2013 15:32:32:530 000005b7         AppCallbacks| Received command APP-ACTIVATED which is greater than expected (LOCAL-SERVER-STARTED) - postpone it
I/APP     ( 1442): I 03/01/2013 15:32:32:531 000005b7         AppCallbacks| ThreadQueue blocked for 4294967295 seconds...
I/Process (   86): Sending signal. PID: 1442 SIG: 3
I/dalvikvm( 1442): threadid=3: reacting to signal 3
I/APP     ( 1442): I 03/01/2013 15:32:32:587 000005b9            RhodesApp| Starting RhodesApp main routine...
I/APP     ( 1442): I 03/01/2013 15:32:32:604 000005a2         AppActivated| Cannot commit now, application will be activated when started.
I/APP     ( 1442): I 03/01/2013 15:32:32:606 000005a2    RhodesApplication| New AppState: Undefined
D/RhodesService( 1442): +++ onStartCommand
I/RhodesService( 1442): handleCommand: startId=1, source=com.rhomobile.rhodes.BaseActivity
D/RhodesService( 1442): New activity was created
I/APP     ( 1442): I 03/01/2013 15:32:32:623 000005a2        RhodesService| onBind
I/dalvikvm( 1442): Wrote stack traces to '/data/anr/traces.txt'
I/APP     ( 1442): I 03/01/2013 15:32:32:699 000005a2         AppCallbacks| addCommand: UI-CREATED
I/APP     ( 1442): I 03/01/2013 15:32:32:702 000005b7         AppCallbacks| Received command UI-CREATED which is greater than expected (LOCAL-SERVER-STARTED) - postpone it
I/APP     ( 1442): I 03/01/2013 15:32:32:703 000005b7         AppCallbacks| ThreadQueue blocked for 4294967295 seconds...
V/PhoneStatusBar(  141): setLightsOn(true)
I/APP     ( 1442): I 03/01/2013 15:32:32:808 000005a2       RhodesActivity| onServiceConnected: {com.rhomobile.macotec/com.rhomobile.rhodes.RhodesService}
I/APP     ( 1442): I 03/01/2013 15:32:32:824 000005a2       RhodesActivity| New start parameters: 
I/APP     ( 1442): I 03/01/2013 15:32:32:826 000005a2            RhodesApp| New start params: 
W/InputManagerService(   86): Starting input on non-focused client com.android.internal.view.IInputMethodClient$Stub$Proxy@415d44e8 (uid=10009 pid=201)
D/gralloc_goldfish( 1442): Emulator without GPU emulation detected.
I/Process (   86): Sending signal. PID: 1442 SIG: 3
I/dalvikvm( 1442): threadid=3: reacting to signal 3
I/dalvikvm( 1442): Wrote stack traces to '/data/anr/traces.txt'
I/ActivityManager(   86): Displayed com.rhomobile.macotec/com.rhomobile.rhodes.RhodesActivity: +8s360ms
I/APP     ( 1442): I 03/01/2013 15:32:33:426 000005b9              RhoRuby| Init_RhoBlobs: /data/data/com.rhomobile.macotec/rhodata/db/db-files
W/NetworkManagementSocketTagger(   86): setKernelCountSet(10009, 0) failed with errno -2
I/APP     ( 1442): I 03/01/2013 15:32:33:536 000005b9              RhoRuby| require_compiled: rhoframework
I/APP     ( 1442): I 03/01/2013 15:32:33:579 000005b9              RhoRuby| require_compiled: rational
I/APP     ( 1442): I 03/01/2013 15:32:33:598 000005b9              RhoRuby| require_compiled: rhom/rhom_db_adapter
I/APP     ( 1442): I 03/01/2013 15:32:33:649 000005b9              RhoRuby| require_compiled: rhodes
I/APP     ( 1442): I 03/01/2013 15:32:33:668 000005b9              RhoRuby| require_compiled: rhom/rhom_object
I/APP     ( 1442): I 03/01/2013 15:32:33:688 000005b9              RhoRuby| require_compiled: rhofsconnector
I/APP     ( 1442): I 03/01/2013 15:32:33:695 000005b9              RhoRuby| require_compiled: rho/rhofsconnector
I/APP     ( 1442): I 03/01/2013 15:32:33:747 000005b9              RhoRuby| require_compiled: rhom/rhom_object_factory
I/APP     ( 1442): I 03/01/2013 15:32:33:927 000005b9              RhoRuby| require_compiled: rhom/rhom
I/APP     ( 1442): I 03/01/2013 15:32:34:012 000005b9              RhoRuby| require_compiled: rhom/rhom_model
I/APP     ( 1442): I 03/01/2013 15:32:34:087 000005b9              RhoRuby| require_compiled: rhom
I/APP     ( 1442): I 03/01/2013 15:32:34:093 000005b9              RhoRuby| require_compiled: rho/rhoapplication
I/APP     ( 1442): I 03/01/2013 15:32:34:331 000005b9              RhoRuby| require_compiled: rholang/localization_simplified
I/APP     ( 1442): I 03/01/2013 15:32:34:964 000005b9              RhoRuby| require_compiled: rho/rhomsg
I/APP     ( 1442): I 03/01/2013 15:32:35:142 000005b9              RhoRuby| require_compiled: rho/rhotabbar
I/APP     ( 1442): I 03/01/2013 15:32:35:311 000005b9              RhoRuby| require_compiled: rho/rhotoolbar
I/APP     ( 1442): I 03/01/2013 15:32:35:443 000005b9                  APP| Current locale: ; Country code: 
I/APP     ( 1442): I 03/01/2013 15:32:35:515 000005b9                  APP| Locilized file: /data/data/com.rhomobile.macotec/rhodata/lib/rholang/lang_
I/APP     ( 1442): I 03/01/2013 15:32:35:576 000005b9              RhoRuby| require_compiled: /data/data/com.rhomobile.macotec/rhodata/lib/rholang/lang_en
I/APP     ( 1442): I 03/01/2013 15:32:35:841 000005b9                  APP| Locilized file: /data/data/com.rhomobile.macotec/rhodata/apps/app/lang/lang_
I/APP     ( 1442): I 03/01/2013 15:32:35:903 000005b9              RhoRuby| require_compiled: /data/data/com.rhomobile.macotec/rhodata/apps/app/lang/lang_en
I/APP     ( 1442): I 03/01/2013 15:32:36:220 000005b9                  APP| Locilized file: /data/data/com.rhomobile.macotec/rhodata/lib/rholang/rhoerror_
I/APP     ( 1442): I 03/01/2013 15:32:36:285 000005b9              RhoRuby| require_compiled: /data/data/com.rhomobile.macotec/rhodata/lib/rholang/rhoerror_en
I/APP     ( 1442): I 03/01/2013 15:32:36:465 000005b9                  APP| Locilized file: /data/data/com.rhomobile.macotec/rhodata/lib/rholang/rhomsg_
I/APP     ( 1442): I 03/01/2013 15:32:36:553 000005b9              RhoRuby| require_compiled: /data/data/com.rhomobile.macotec/rhodata/lib/rholang/rhomsg_en
I/APP     ( 1442): I 03/01/2013 15:32:36:714 000005b9              RhoRuby| require_compiled: indifferent_access
I/APP     ( 1442): I 03/01/2013 15:32:36:977 000005b9              RhoRuby| require_compiled: rho/rhosupport
I/APP     ( 1442): I 03/01/2013 15:32:37:448 000005b9              RhoRuby| require_compiled: rho/rhocontroller
I/APP     ( 1442): I 03/01/2013 15:32:37:716 000005b9              RhoRuby| require_compiled: rho/render
I/APP     ( 1442): I 03/01/2013 15:32:37:936 000005b9              RhoRuby| require_compiled: rho/rho
I/APP     ( 1442): I 03/01/2013 15:32:38:715 000005b9              RhoRuby| require_compiled: rho/rhoerror
I/APP     ( 1442): I 03/01/2013 15:32:38:808 000005b9              RhoRuby| require_compiled: rhom/rhom_source
I/APP     ( 1442): I 03/01/2013 15:32:38:954 000005b9              RhoRuby| require_compiled: rho/rhoviewhelpers
I/APP     ( 1442): I 03/01/2013 15:32:39:080 000005b9              RhoRuby| require_compiled: rho
I/APP     ( 1442): I 03/01/2013 15:32:39:144 000005b9                  APP| RHO loaded
I/APP     ( 1442): I 03/01/2013 15:32:39:151 000005b9                  APP| Calling RHO.initialize
I/APP     ( 1442): I 03/01/2013 15:32:39:181 000005b9                  APP| model file: Settings/settings
I/APP     ( 1442): I 03/01/2013 15:32:39:200 000005b9                  APP| model file: Image/image
I/APP     ( 1442): I 03/01/2013 15:32:39:203 000005b9                  APP| model file: Product/product
I/APP     ( 1442): I 03/01/2013 15:32:39:221 000005b9                  APP| model file: Request/request
I/APP     ( 1442): I 03/01/2013 15:32:39:226 000005b9                   DB| Open DB: /data/data/com.rhomobile.macotec/rhodata/db/syncdbuser.sqlite
I/APP     ( 1442): I 03/01/2013 15:32:39:253 000005b9          GeoLocation| Creating singleton instance.
I/APP     ( 1442): I 03/01/2013 15:32:39:255 000005b9            RhodesApp| Starting sync engine...
I/APP     ( 1442): I 03/01/2013 15:32:39:274 000005b9                 Sync| sync_poll_interval: 0
I/APP     ( 1442): I 03/01/2013 15:32:39:276 000005b9                 Sync| syncserver: 
I/APP     ( 1442): I 03/01/2013 15:32:39:293 000005b9                 Sync| bulksync_state: 0
I/APP     ( 1442): I 03/01/2013 15:32:39:299 000005b9            RhodesApp| RhoRubyInitApp...
I/APP     ( 1442): I 03/01/2013 15:32:39:310 000005b9                  APP| init_app
I/APP     ( 1442): I 03/01/2013 15:32:39:312 000005b9              RhoRuby| require_compiled: application
I/APP     ( 1442): I 03/01/2013 15:32:39:332 000005b9                 Sync| Set notification. Source ID: -1;Url :http://localhost:8080/app/Settings/sync_notify; Params: 
I/APP     ( 1442): I 03/01/2013 15:32:39:347 000005b9           HttpServer| Start HTTP server
I/APP     ( 1442): I 03/01/2013 15:32:39:352 000005b9           HttpServer| Listen for connections on port 8080
I/APP     ( 1442): I 03/01/2013 15:32:39:365 000005b9         AppCallbacks| addCommand: LOCAL-SERVER-STARTED
I/APP     ( 1442): I 03/01/2013 15:32:39:367 000005b7         AppCallbacks| process command: LOCAL-SERVER-STARTED
I/APP     ( 1442): I 03/01/2013 15:32:39:368 000005b7 RhodesAppActiveObserver| Ready
I/APP     ( 1442): I 03/01/2013 15:32:39:382 000005a2 AndroidFunctionality| Disable WebView zoom
I/APP     ( 1442): I 03/01/2013 15:32:39:388 000005a2 AndroidFunctionality| Set web plugins state 'OFF'
I/APP     ( 1442): I 03/01/2013 15:32:39:397 000005b7    RhodesApplication| New AppState: AppActivated
I/APP     ( 1442): I 03/01/2013 15:32:39:414 000005b7         AppCallbacks| process command: UI-CREATED
V/EmulatedCamera_Factory(   38): getCameraInfo: id = 0
V/EmulatedCamera_Camera(   38): getCameraInfo
V/EmulatedCamera_Factory(   38): getCameraInfo: id = 0
V/EmulatedCamera_Camera(   38): getCameraInfo
I/CameraService(   38): Opening camera 0
V/EmulatedCamera_Factory(   38): cameraDeviceOpen: id = 0
V/EmulatedCamera_Camera(   38): connectCamera
V/EmulatedCamera_FakeDevice(   38): connectDevice
V/EmulatedCamera_CallbackNotifier(   38): setCallbacks: 0x405954e9, 0x40595f9d, 0x40595f01, 0x40597359 (0x1da90)
V/EmulatedCamera_CallbackNotifier(   38): enableMessage: msg_type = 0x40d
V/EmulatedCamera_CallbackNotifier(   38):     CAMERA_MSG_ERROR
V/EmulatedCamera_CallbackNotifier(   38):     CAMERA_MSG_FOCUS
V/EmulatedCamera_CallbackNotifier(   38):     CAMERA_MSG_ZOOM
V/EmulatedCamera_CallbackNotifier(   38):     CAMERA_MSG_PREVIEW_METADATA
V/EmulatedCamera_CallbackNotifier(   38): **** Currently enabled messages:
V/EmulatedCamera_CallbackNotifier(   38):     CAMERA_MSG_ERROR
V/EmulatedCamera_CallbackNotifier(   38):     CAMERA_MSG_FOCUS
V/EmulatedCamera_CallbackNotifier(   38):     CAMERA_MSG_ZOOM
V/EmulatedCamera_CallbackNotifier(   38):     CAMERA_MSG_PREVIEW_METADATA
I/AwesomePlayer(   38): setDataSource_l('/system/media/audio/ui/camera_click.ogg')
I/APP     ( 1442): I 03/01/2013 15:32:39:583 000005b9           HttpServer| Process URI: '/system/uicreated'
I/APP     ( 1442): I 03/01/2013 15:32:39:588 000005b9                  APP| on_ui_created.navigate to start url: '/app'
I/APP     ( 1442): I 03/01/2013 15:32:39:641 000005b7         AppCallbacks| process command: APP-ACTIVATED
I/APP     ( 1442): I 03/01/2013 15:32:39:691 000005b9           HttpServer| Process URI: '/system/activateapp'
I/APP     ( 1442): I 03/01/2013 15:32:39:695 000005b7         AppCallbacks| ThreadQueue blocked for 4294967295 seconds...
I/AwesomePlayer(   38): setDataSource_l('/system/media/audio/ui/VideoRecord.ogg')
V/EmulatedCamera_CallbackNotifier(   38): disableMessage: msg_type = 0x10
V/EmulatedCamera_CallbackNotifier(   38):     CAMERA_MSG_PREVIEW_FRAME
V/EmulatedCamera_CallbackNotifier(   38): **** Currently enabled messages:
V/EmulatedCamera_CallbackNotifier(   38):     CAMERA_MSG_ERROR
V/EmulatedCamera_CallbackNotifier(   38):     CAMERA_MSG_FOCUS
V/EmulatedCamera_CallbackNotifier(   38):     CAMERA_MSG_ZOOM
V/EmulatedCamera_CallbackNotifier(   38):     CAMERA_MSG_PREVIEW_METADATA
V/EmulatedCamera_CallbackNotifier(   38): disableMessage: msg_type = 0xffff
V/EmulatedCamera_CallbackNotifier(   38):     CAMERA_MSG_ERROR
V/EmulatedCamera_CallbackNotifier(   38):     CAMERA_MSG_SHUTTER
V/EmulatedCamera_CallbackNotifier(   38):     CAMERA_MSG_FOCUS
V/EmulatedCamera_CallbackNotifier(   38):     CAMERA_MSG_ZOOM
V/EmulatedCamera_CallbackNotifier(   38):     CAMERA_MSG_PREVIEW_FRAME
V/EmulatedCamera_CallbackNotifier(   38):     CAMERA_MSG_VIDEO_FRAME
V/EmulatedCamera_CallbackNotifier(   38):     CAMERA_MSG_POSTVIEW_FRAME
V/EmulatedCamera_CallbackNotifier(   38):     CAMERA_MSG_RAW_IMAGE
V/EmulatedCamera_CallbackNotifier(   38):     CAMERA_MSG_COMPRESSED_IMAGE
V/EmulatedCamera_CallbackNotifier(   38):     CAMERA_MSG_RAW_IMAGE_NOTIFY
V/EmulatedCamera_CallbackNotifier(   38):     CAMERA_MSG_PREVIEW_METADATA
V/EmulatedCamera_CallbackNotifier(   38): **** Currently enabled messages:
V/EmulatedCamera_Camera(   38): doStopPreview
V/EmulatedCamera_Camera(   38): cancelPicture
V/EmulatedCamera_Camera(   38): releaseCamera
V/EmulatedCamera_Camera(   38): doStopPreview
V/EmulatedCamera_FakeDevice(   38): disconnectDevice
I/CameraService(   38): Destroying camera 0
V/EmulatedCamera_Camera(   38): closeCamera
V/EmulatedCamera_Camera(   38): doStopPreview
W/AudioFlinger(   38): session id 43 not found for pid 38
V/EmulatedCamera_Factory(   38): getCameraInfo: id = 0
V/EmulatedCamera_Camera(   38): getCameraInfo
W/AudioFlinger(   38): session id 44 not found for pid 38
I/APP     ( 1442): I 03/01/2013 15:32:39:970 000005a2         SplashScreen| navigate: url=http://localhost:8080/app
I/APP     ( 1442): I 03/01/2013 15:32:39:988 000005a2         SplashScreen| DELAY for SplashScreen = 0
I/APP     ( 1442): I 03/01/2013 15:32:40:013 000005a2        GoogleWebView| Creating new RhoWebChromeClient
I/APP     ( 1442): I 03/01/2013 15:32:40:032 000005a2       SimpleMainView| Cleared URL: http://localhost:8080/app
V/SimpleMainView.View( 1442): ms[1362148360063]  Main Window :: onSizeChanged() old [ 480 x 762 ]  new [ 0 x 0 ]
I/APP     ( 1442): I 03/01/2013 15:32:40:125 000005a2        GoogleWebView| Setting RhoWebChromeClient
I/APP     ( 1442): I 03/01/2013 15:32:40:197 000005b9           HttpServer| Process URI: '/app'
I/APP     ( 1442): I 03/01/2013 15:32:40:241 000005a2     RhoWebViewClient| Loading URL: http://localhost:8080/app/index_erb.iseq
I/APP     ( 1442): I 03/01/2013 15:32:40:279 000005b9           HttpServer| Process URI: '/app/index_erb.iseq'
I/APP     ( 1442): I 03/01/2013 15:32:40:284 000005b9                  APP| RHO serve_index: /app/index_erb.iseq
I/APP     ( 1442): I 03/01/2013 15:32:40:287 000005b9 RHO Rho::RhoController| inst_render_index
I/APP     ( 1442): I 03/01/2013 15:32:40:347 000005b9 RHO Rho::RhoController| index layout
I/APP     ( 1442): I 03/01/2013 15:32:40:422 000005b9           HttpServer| GC Start.
I/APP     ( 1442): I 03/01/2013 15:32:40:499 000005b9           HttpServer| GC End.
I/APP     ( 1442): I 03/01/2013 15:32:40:688 000005b9           HttpServer| Process URI: '/public/js/request.js'
I/APP     ( 1442): I 03/01/2013 15:32:40:790 000005b9           HttpServer| Process URI: '/public/jquery/jquery-1.6.4.min.js'
I/APP     ( 1442): I 03/01/2013 15:32:40:876 000005b9           HttpServer| Process URI: '/public/jquery/jquery.json-2.3.min.js'
I/APP     ( 1442): I 03/01/2013 15:32:40:930 000005b9           HttpServer| Process URI: '/public/jqmobile/jquery.mobile-1.0.1.min.css'
I/APP     ( 1442): I 03/01/2013 15:32:41:005 000005b9           HttpServer| Process URI: '/public/css/jqmobile-patch.css'
I/APP     ( 1442): I 03/01/2013 15:32:41:036 000005b9           HttpServer| Process URI: '/public/jqmobile/jquery.mobile-1.0.1.min.js'
I/APP     ( 1442): I 03/01/2013 15:32:41:115 000005b9           HttpServer| Process URI: '/public/js/jqmobile-patch.js'
I/APP     ( 1442): I 03/01/2013 15:32:41:160 000005b9           HttpServer| Process URI: '/public/css/macotec_style.css'
I/APP     ( 1442): I 03/01/2013 15:32:44:536 000005b9           HttpServer| Process URI: '/public/images/macotec/logo.png'
I/APP     ( 1442): I 03/01/2013 15:32:45:337 000005b9           HttpServer| Process URI: '/public/images/macotec/request_top.png'
I/APP     ( 1442): I 03/01/2013 15:32:45:423 000005b9           HttpServer| Process URI: '/public/images/macotec/contact_png.png'
I/APP     ( 1442): I 03/01/2013 15:32:45:444 000005b9           HttpServer| Process URI: '/public/images/macotec/products_png.png'
I/APP     ( 1442): I 03/01/2013 15:32:45:472 000005b9           HttpServer| Process URI: '/public/images/macotec/info_png.png'
I/APP     ( 1442): I 03/01/2013 15:32:47:741 000005b9           HttpServer| Process URI: '/app/Request/request'
I/APP     ( 1442): I 03/01/2013 15:32:47:743 000005b9                  APP| RHO serve: /app/Request/request
I/APP     ( 1442): I 03/01/2013 15:32:47:765 000005b9              RhoRuby| require_compiled: Request/request_controller
I/APP     ( 1442): I 03/01/2013 15:32:47:909 000005b9              RhoRuby| require_compiled: helpers/browser_helper
I/APP     ( 1442): I 03/01/2013 15:32:47:952 000005b9              RhoRuby| require_compiled: time
I/APP     ( 1442): I 03/01/2013 15:32:48:149 000005b9              RhoRuby| require_compiled: date/format
I/APP     ( 1442): I 03/01/2013 15:32:48:492 000005b9              RhoRuby| require_compiled: date
I/APP     ( 1442): I 03/01/2013 15:32:48:521 000005b9              RhoRuby| require_compiled: dateOrig
D/dalvikvm( 1442): GC_CONCURRENT freed 898K, 8% free 12507K/13575K, paused 6ms+4ms
D/webviewglue( 1442): nativeDestroy view: 0x28bc98
I/APP     ( 1442): E 03/01/2013 15:32:48:824 000005b9               RubyVM| lib/date.rb:14: warning: already initialized constant MONTHNAMES
I/APP     ( 1442): E 03/01/2013 15:32:48:825 000005b9               RubyVM| lib/date.rb:15: warning: already initialized constant ABBR_MONTHNAMES
I/APP     ( 1442): E 03/01/2013 15:32:48:845 000005b9               RubyVM| lib/date.rb:16: warning: already initialized constant DAYNAMES
I/APP     ( 1442): E 03/01/2013 15:32:48:846 000005b9               RubyVM| lib/date.rb:17: warning: already initialized constant ABBR_DAYNAMES
I/APP     ( 1442): I 03/01/2013 15:32:48:866 000005b9              RhoRuby| require_compiled: json
I/APP     ( 1442): I 03/01/2013 15:32:48:871 000005b9              RhoRuby| require_compiled: json/common
I/APP     ( 1442): I 03/01/2013 15:32:48:922 000005b9              RhoRuby| require_compiled: json/version
I/APP     ( 1442): I 03/01/2013 15:32:48:944 000005b9              RhoRuby| require_compiled: json/pure
I/APP     ( 1442): I 03/01/2013 15:32:48:970 000005b9              RhoRuby| require_compiled: json/pure/generator
I/APP     ( 1442): I 03/01/2013 15:32:49:035 000005b9              RhoRuby| require_compiled: Connection/connection_controller
I/APP     ( 1442): I 03/01/2013 15:32:49:105 000005b9           HttpServer| GC Start.
I/APP     ( 1442): I 03/01/2013 15:32:49:173 000005b9           HttpServer| GC End.
I/APP     ( 1442): I 03/01/2013 15:32:49:445 000005b9           HttpServer| Process URI: '/public/images/macotec/forklifter_full.png'
I/APP     ( 1442): I 03/01/2013 15:32:49:481 000005b9           HttpServer| Process URI: '/public/images/macotec/request_contract.png'
I/APP     ( 1442): I 03/01/2013 15:32:49:573 000005b9           HttpServer| Process URI: '/public/jqmobile/images/icons-36-white.png'
E/libEGL  ( 1442): call to OpenGL ES API with no current context (logged once per thread)
D/ShaderProgram( 1442): couldn't load the vertex shader!
E/libEGL  ( 1442): call to OpenGL ES API with no current context (logged once per thread)
D/ShaderProgram( 1442): couldn't load the vertex shader!
E/libEGL  ( 1442): call to OpenGL ES API with no current context (logged once per thread)
D/ShaderProgram( 1442): couldn't load the vertex shader!
E/libEGL  ( 1442): call to OpenGL ES API with no current context (logged once per thread)
D/ShaderProgram( 1442): couldn't load the vertex shader!
E/libEGL  ( 1442): call to OpenGL ES API with no current context (logged once per thread)
D/ShaderProgram( 1442): couldn't load the vertex shader!
I/APP     ( 1442): I 03/01/2013 15:32:55:700 000005b9           HttpServer| Process URI: '/app/Request/request_rental'
I/APP     ( 1442): I 03/01/2013 15:32:55:702 000005b9                  APP| RHO serve: /app/Request/request_rental
I/APP     ( 1442): I 03/01/2013 15:32:55:728 000005b9                  APP| const_missing: Product
I/APP     ( 1442): I 03/01/2013 15:32:55:730 000005b9                  APP| load_model: Product
I/APP     ( 1442): I 03/01/2013 15:32:55:771 000005b9              RhoRuby| require_compiled: Product/product
I/APP     ( 1442): I 03/01/2013 15:32:55:927 000005b9                  APP| model name: Product
I/APP     ( 1442): I 03/01/2013 15:32:55:929 000005b9                  APP| model class found
I/APP     ( 1442): I 03/01/2013 15:32:55:954 000005b9                  APP| Product : {"property"=>{}}
I/APP     ( 1442): I 03/01/2013 15:32:55:957 000005b9                   DB| Open DB: /data/data/com.rhomobile.macotec/rhodata/db/syncdblocal.sqlite
I/APP     ( 1442): I 03/01/2013 15:32:56:054 000005b9                  APP| init_db_sources
I/APP     ( 1442): I 03/01/2013 15:32:56:140 000005b9                  APP| start_id: 40005
I/APP     ( 1442): I 03/01/2013 15:32:56:142 000005b9                  APP| Migrate schema sources: {}
I/APP     ( 1442): I 03/01/2013 15:32:56:211 000005b9                  APP| const_missing: Settings
I/APP     ( 1442): I 03/01/2013 15:32:56:213 000005b9                  APP| load_model: Settings
I/APP     ( 1442): I 03/01/2013 15:32:56:259 000005b9              RhoRuby| require_compiled: Settings/settings
I/APP     ( 1442): I 03/01/2013 15:32:56:289 000005b9                  APP| model name: Settings
I/APP     ( 1442): I 03/01/2013 15:32:56:304 000005b9                  APP| model class found
I/APP     ( 1442): I 03/01/2013 15:32:56:310 000005b9                  APP| Settings : {"schema"=>{"property"=>{"company"=>[:string, nil], "phone"=>[:string, nil], "email"=>[:string, nil]}}}
I/APP     ( 1442): I 03/01/2013 15:32:56:331 000005b9                  APP| init_db_sources
I/APP     ( 1442): I 03/01/2013 15:32:56:356 000005b9                  APP| start_id: 40005
I/APP     ( 1442): I 03/01/2013 15:32:56:375 000005b9                  APP| Migrate schema sources: {}
I/APP     ( 1442): I 03/01/2013 15:32:56:570 000005b9           HttpServer| GC Start.
I/APP     ( 1442): I 03/01/2013 15:32:56:624 000005b9           HttpServer| GC End.
I/APP     ( 1442): I 03/01/2013 15:33:04:545 000005b9           HttpServer| Process URI: '/app/Request/new_image'
I/APP     ( 1442): I 03/01/2013 15:33:04:547 000005b9                  APP| RHO serve: /app/Request/new_image
I/APP     ( 1442): I 03/01/2013 15:33:04:598 000005b9           HttpServer| GC Start.
I/APP     ( 1442): I 03/01/2013 15:33:04:651 000005b9           HttpServer| GC End.
I/ActivityManager(   86): START {cmp=com.rhomobile.macotec/com.rhomobile.rhodes.camera.ImageCapture (has extras)} from pid 1442
W/WindowManager(   86): Failure taking screenshot for (180x300) to layer 21015
I/APP     ( 1442): I 03/01/2013 15:33:05:015 000005a2 AndroidFunctionality| Pause WebView
I/APP     ( 1442): I 03/01/2013 15:33:05:017 000005a2       RhodesActivity| onPause
I/APP     ( 1442): I 03/01/2013 15:33:05:066 000005b9           HttpServer| Process URI: '/system/uidestroyed'
I/APP     ( 1442): I 03/01/2013 15:33:05:072 000005a2    RhodesApplication| New UiState: MainActivityPaused
I/InputReader(   86): Reconfiguring input devices.  changes=0x00000004
I/InputReader(   86): Device reconfigured: id=0, name='qwerty2', surface size is now 480x800, mode is 1
W/SurfaceFlinger(   36): createScreenshotSurface failed (Function not implemented)
I/ActivityManager(   86): Config changed: {1.0 310mcc260mnc en_US layoutdir=0 sw320dp w533dp h294dp nrml long land finger qwerty/v/v tball/v s.25}
I/APP     ( 1442): I 03/01/2013 15:33:05:441 000005a2         ImageCapture| onCreate
I/Process (   86): Sending signal. PID: 1442 SIG: 3
I/dalvikvm( 1442): threadid=3: reacting to signal 3
I/APP     ( 1442): I 03/01/2013 15:33:05:711 000005a2         ImageCapture| myOrientationEventListener.enable()
I/dalvikvm( 1442): Wrote stack traces to '/data/anr/traces.txt'
I/APP     ( 1442): I 03/01/2013 15:33:05:783 000005a2         ImageCapture| onResume
D/RhodesService( 1442): +++ onStartCommand
I/RhodesService( 1442): handleCommand: startId=2, source=com.rhomobile.rhodes.BaseActivity
D/RhodesService( 1442): New activity was created
V/PhoneStatusBar(  141): setLightsOn(true)
I/APP     ( 1442): I 03/01/2013 15:33:05:950 000005a2         ImageCapture| surfaceCreated
V/EmulatedCamera_Factory(   38): getCameraInfo: id = 0
V/EmulatedCamera_Camera(   38): getCameraInfo
V/EmulatedCamera_Factory(   38): getCameraInfo: id = 0
V/EmulatedCamera_Camera(   38): getCameraInfo
I/CameraService(   38): Opening camera 0
V/EmulatedCamera_Factory(   38): cameraDeviceOpen: id = 0
V/EmulatedCamera_Camera(   38): connectCamera
V/EmulatedCamera_FakeDevice(   38): connectDevice
V/EmulatedCamera_CallbackNotifier(   38): setCallbacks: 0x405954e9, 0x40595f9d, 0x40595f01, 0x40597359 (0x1da90)
V/EmulatedCamera_CallbackNotifier(   38): enableMessage: msg_type = 0x40d
V/EmulatedCamera_CallbackNotifier(   38):     CAMERA_MSG_ERROR
V/EmulatedCamera_CallbackNotifier(   38):     CAMERA_MSG_FOCUS
V/EmulatedCamera_CallbackNotifier(   38):     CAMERA_MSG_ZOOM
V/EmulatedCamera_CallbackNotifier(   38):     CAMERA_MSG_PREVIEW_METADATA
V/EmulatedCamera_CallbackNotifier(   38): **** Currently enabled messages:
V/EmulatedCamera_CallbackNotifier(   38):     CAMERA_MSG_ERROR
V/EmulatedCamera_CallbackNotifier(   38):     CAMERA_MSG_FOCUS
V/EmulatedCamera_CallbackNotifier(   38):     CAMERA_MSG_ZOOM
V/EmulatedCamera_CallbackNotifier(   38):     CAMERA_MSG_PREVIEW_METADATA
I/AwesomePlayer(   38): setDataSource_l('/system/media/audio/ui/camera_click.ogg')
I/AwesomePlayer(   38): setDataSource_l('/system/media/audio/ui/VideoRecord.ogg')
I/Process (   86): Sending signal. PID: 1442 SIG: 3
I/dalvikvm( 1442): threadid=3: reacting to signal 3
I/dalvikvm( 1442): Wrote stack traces to '/data/anr/traces.txt'
I/APP     ( 1442): I 03/01/2013 15:33:06:369 000005a2         ImageCapture| surfaceChanged
V/EmulatedCamera_Camera(   38): setParameters
V/EmulatedCamera_Preview(   38): setPreviewWindow: current: 0x0 -> new: 0x1daa0
V/EmulatedCamera_Camera(   38): doStartPreview
V/EmulatedCamera_Preview(   38): startPreview
D/EmulatedCamera_Camera(   38): Starting camera: 352x288 -> NV21(yuv420sp)
V/EmulatedCamera_FakeDevice(   38): startDevice
V/EmulatedCamera_Device(   38): commonStartDevice: Allocated 0x41a26008 152064 bytes for 101376 pixels in NV21[352x288] frame
V/EmulatedCamera_Device(   38): startDeliveringFrames
V/EmulatedCamera_Device(   38): startWorkerThread
V/EmulatedCamera_Device(   38): Starting emulated camera device worker thread...
V/EmulatedCamera_Device(   38): Emulated device's worker thread has been started.
V/EmulatedCamera_Preview(   38): onNextFrameAvailable: Adjusting preview windows 0x1daa0 geometry to 352x288
I/ActivityManager(   86): Displayed com.rhomobile.macotec/com.rhomobile.rhodes.camera.ImageCapture: +1s478ms
I/APP     ( 1442): I 03/01/2013 15:33:06:715 000005a2         ImageCapture| onOrientationChanged(0)
I/APP     ( 1442): I 03/01/2013 15:33:07:148 000005a2       RhodesActivity| onStop
I/APP     ( 1442): I 03/01/2013 15:33:08:681 000005a2         ImageCapture| Camera rotation: 90
I/APP     ( 1442): I 03/01/2013 15:33:08:683 000005a2         ImageCapture| Camera rotation resetup for platforms >= 2.2: 1
V/ImageCapture( 1442): ms[1362148388701] $$$   parameters.set(rotation, 90 );
V/EmulatedCamera_Camera(   38): setParameters
V/EmulatedCamera_CallbackNotifier(   38): enableMessage: msg_type = 0x302
V/EmulatedCamera_CallbackNotifier(   38):     CAMERA_MSG_SHUTTER
V/EmulatedCamera_CallbackNotifier(   38):     CAMERA_MSG_COMPRESSED_IMAGE
V/EmulatedCamera_CallbackNotifier(   38):     CAMERA_MSG_RAW_IMAGE_NOTIFY
V/EmulatedCamera_CallbackNotifier(   38): **** Currently enabled messages:
V/EmulatedCamera_CallbackNotifier(   38):     CAMERA_MSG_ERROR
V/EmulatedCamera_CallbackNotifier(   38):     CAMERA_MSG_SHUTTER
V/EmulatedCamera_CallbackNotifier(   38):     CAMERA_MSG_FOCUS
V/EmulatedCamera_CallbackNotifier(   38):     CAMERA_MSG_ZOOM
V/EmulatedCamera_CallbackNotifier(   38):     CAMERA_MSG_COMPRESSED_IMAGE
V/EmulatedCamera_CallbackNotifier(   38):     CAMERA_MSG_RAW_IMAGE_NOTIFY
V/EmulatedCamera_CallbackNotifier(   38):     CAMERA_MSG_PREVIEW_METADATA
V/EmulatedCamera_Camera(   38): takePicture
V/EmulatedCamera_Camera(   38): doStopPreview
V/EmulatedCamera_Device(   38): stopDeliveringFrames
V/EmulatedCamera_Device(   38): stopWorkerThread
V/EmulatedCamera_Device(   38): Stopping emulated camera device's worker thread...
V/EmulatedCamera_Device(   38): Select: THREAD_STOP message is received
V/EmulatedCamera_FakeDevice(   38): inWorkerThread: Worker thread has been terminated.
V/EmulatedCamera_Device(   38): Emulated camera device's worker thread has been stopped.
V/EmulatedCamera_FakeDevice(   38): stopDevice
V/EmulatedCamera_Preview(   38): stopPreview
D/EmulatedCamera_Camera(   38): Starting camera for picture: NV21(jpeg)[640x480]
V/EmulatedCamera_FakeDevice(   38): startDevice
V/EmulatedCamera_Device(   38): commonStartDevice: Allocated 0x41cf4008 460800 bytes for 307200 pixels in NV21[640x480] frame
V/EmulatedCamera_Device(   38): startDeliveringFrames
V/EmulatedCamera_Device(   38): startWorkerThread
V/EmulatedCamera_Device(   38): Starting emulated camera device worker thread...
V/EmulatedCamera_Device(   38): Emulated device's worker thread has been started.
D/AudioSink(   38): bufferCount (4) is too small and increased to 12
I/APP     ( 1442): I 03/01/2013 15:33:09:103 000005a2         ImageCapture| SHUTTER CALLBACK
V/EmulatedCamera_CallbackNotifier(   38): disableMessage: msg_type = 0x2
V/EmulatedCamera_CallbackNotifier(   38):     CAMERA_MSG_SHUTTER
V/EmulatedCamera_CallbackNotifier(   38): **** Currently enabled messages:
V/EmulatedCamera_CallbackNotifier(   38):     CAMERA_MSG_ERROR
V/EmulatedCamera_CallbackNotifier(   38):     CAMERA_MSG_FOCUS
V/EmulatedCamera_CallbackNotifier(   38):     CAMERA_MSG_ZOOM
V/EmulatedCamera_CallbackNotifier(   38):     CAMERA_MSG_COMPRESSED_IMAGE
V/EmulatedCamera_CallbackNotifier(   38):     CAMERA_MSG_RAW_IMAGE_NOTIFY
V/EmulatedCamera_CallbackNotifier(   38):     CAMERA_MSG_PREVIEW_METADATA
V/EmulatedCamera_JPEG(   38): compressRawImage: 0x41cf4008[640x480]
D/skia    (   38): onFlyCompress
I/APP     ( 1442): I 03/01/2013 15:33:09:191 000005a2         ImageCapture| PICTURE CALLBACK RAW
V/EmulatedCamera_JPEG(   38): compressRawImage: Compressed JPEG: 460800[640x480] -> 21667 bytes
V/EmulatedCamera_CallbackNotifier(   38): disableMessage: msg_type = 0x100
V/EmulatedCamera_CallbackNotifier(   38):     CAMERA_MSG_COMPRESSED_IMAGE
V/EmulatedCamera_CallbackNotifier(   38): **** Currently enabled messages:
V/EmulatedCamera_CallbackNotifier(   38):     CAMERA_MSG_ERROR
V/EmulatedCamera_CallbackNotifier(   38):     CAMERA_MSG_FOCUS
V/EmulatedCamera_CallbackNotifier(   38):     CAMERA_MSG_ZOOM
V/EmulatedCamera_CallbackNotifier(   38):     CAMERA_MSG_RAW_IMAGE_NOTIFY
V/EmulatedCamera_CallbackNotifier(   38):     CAMERA_MSG_PREVIEW_METADATA
I/APP     ( 1442): I 03/01/2013 15:33:09:403 000005a2         ImageCapture| PICTURE CALLBACK JPEG: 21667 bytes
I/APP     ( 1442): I 03/01/2013 15:33:09:424 000005b9           HttpServer| Process URI: '/app/Request/camera_callback'
I/APP     ( 1442): I 03/01/2013 15:33:09:425 000005b9                  APP| RHO serve: /app/Request/camera_callback
I/APP     ( 1442): I 03/01/2013 15:33:09:440 000005b9                  APP| Params: {"rho_callback"=>"1", "status"=>"ok", "image_uri"=>"db/db-files/Image_20130301153308465.jpg", "image_width"=>"640", "image_height"=>"480", "image_format"=>"jpg"}
I/APP     ( 1442): I 03/01/2013 15:33:09:459 000005b9                  APP| const_missing: Image
I/APP     ( 1442): I 03/01/2013 15:33:09:469 000005b9                  APP| load_model: Image
D/dalvikvm(   86): GC_EXPLICIT freed 140K, 16% free 11306K/13319K, paused 6ms+105ms
I/APP     ( 1442): I 03/01/2013 15:33:09:475 000005b9              RhoRuby| require_compiled: Image/image
I/APP     ( 1442): I 03/01/2013 15:33:09:534 000005b9                  APP| model name: Image
I/APP     ( 1442): I 03/01/2013 15:33:09:538 000005b9                  APP| model class found
I/APP     ( 1442): I 03/01/2013 15:33:09:554 000005b9                  APP| Image : {"sync_type"=>"incremental", "property"=>{"name"=>[:string, nil], "filename"=>[:string, nil], "image_uri"=>[:blob, :overwrite]}}
I/APP     ( 1442): I 03/01/2013 15:33:09:558 000005b9                  APP| init_db_sources
I/APP     ( 1442): I 03/01/2013 15:33:09:585 000005b9                  APP| start_id: 4
I/APP     ( 1442): I 03/01/2013 15:33:09:589 000005b9                  APP| Migrate schema sources: {}
I/APP     ( 1442): I 03/01/2013 15:33:09:685 000005a2         ImageCapture| finish
W/WindowManager(   86): Failure taking screenshot for (180x300) to layer 21025
I/APP     ( 1442): I 03/01/2013 15:33:09:724 000005a2       SimpleMainView| Cleared URL: javascript:showImage("/data/data/com.rhomobile.macotec/rhodata/db/db-files/Image_20130301153308465.jpg");
I/APP     ( 1442): I 03/01/2013 15:33:09:768 000005b9           HttpServer| GC Start.
I/InputReader(   86): Reconfiguring input devices.  changes=0x00000004
I/InputReader(   86): Device reconfigured: id=0, name='qwerty2', surface size is now 480x800, mode is 1
W/SurfaceFlinger(   36): createScreenshotSurface failed (Function not implemented)
I/ActivityManager(   86): Config changed: {1.0 310mcc260mnc en_US layoutdir=0 sw320dp w320dp h508dp nrml long port finger qwerty/v/v tball/v s.26}
I/APP     ( 1442): I 03/01/2013 15:33:09:958 000005b9           HttpServer| GC End.
I/APP     ( 1442): I 03/01/2013 15:33:09:974 000005b9           HttpServer| Process URI: '/data/data/com.rhomobile.macotec/rhodata/db/db-files/Image_20130301153308465.jpg'
I/APP     ( 1442): I 03/01/2013 15:33:10:157 000005a2       RhodesActivity| onStart
I/APP     ( 1442): I 03/01/2013 15:33:10:159 000005a2    RhodesApplication| New UiState: MainActivityStarted
I/APP     ( 1442): I 03/01/2013 15:33:10:177 000005a2       RhodesActivity| onResume
I/APP     ( 1442): I 03/01/2013 15:33:10:181 000005a2 AndroidFunctionality| Resume WebView
I/APP     ( 1442): I 03/01/2013 15:33:10:255 000005a2         ImageCapture| surfaceDestroyed
V/EmulatedCamera_CallbackNotifier(   38): disableMessage: msg_type = 0x10
V/EmulatedCamera_CallbackNotifier(   38):     CAMERA_MSG_PREVIEW_FRAME
V/EmulatedCamera_CallbackNotifier(   38): **** Currently enabled messages:
V/EmulatedCamera_CallbackNotifier(   38):     CAMERA_MSG_ERROR
V/EmulatedCamera_CallbackNotifier(   38):     CAMERA_MSG_FOCUS
V/EmulatedCamera_CallbackNotifier(   38):     CAMERA_MSG_ZOOM
V/EmulatedCamera_CallbackNotifier(   38):     CAMERA_MSG_RAW_IMAGE_NOTIFY
V/EmulatedCamera_CallbackNotifier(   38):     CAMERA_MSG_PREVIEW_METADATA
V/EmulatedCamera_Camera(   38): doStopPreview
I/Process (   86): Sending signal. PID: 1442 SIG: 3
I/dalvikvm( 1442): threadid=3: reacting to signal 3
I/dalvikvm( 1442): Wrote stack traces to '/data/anr/traces.txt'
V/EmulatedCamera_CallbackNotifier(   38): disableMessage: msg_type = 0x10
V/EmulatedCamera_CallbackNotifier(   38):     CAMERA_MSG_PREVIEW_FRAME
V/EmulatedCamera_CallbackNotifier(   38): **** Currently enabled messages:
V/EmulatedCamera_CallbackNotifier(   38):     CAMERA_MSG_ERROR
V/EmulatedCamera_CallbackNotifier(   38):     CAMERA_MSG_FOCUS
V/EmulatedCamera_CallbackNotifier(   38):     CAMERA_MSG_ZOOM
V/EmulatedCamera_CallbackNotifier(   38):     CAMERA_MSG_RAW_IMAGE_NOTIFY
V/EmulatedCamera_CallbackNotifier(   38):     CAMERA_MSG_PREVIEW_METADATA
V/EmulatedCamera_CallbackNotifier(   38): disableMessage: msg_type = 0xffff
V/EmulatedCamera_CallbackNotifier(   38):     CAMERA_MSG_ERROR
V/EmulatedCamera_CallbackNotifier(   38):     CAMERA_MSG_SHUTTER
V/EmulatedCamera_CallbackNotifier(   38):     CAMERA_MSG_FOCUS
V/EmulatedCamera_CallbackNotifier(   38):     CAMERA_MSG_ZOOM
