I/APP     ( 4093): I 01/30/2013 15:42:25:375 00001013                 Sync| Set notification. Source ID: -1;Url :http://localhost:8080/app/Settings/sync_notify; Params: 
I/APP     ( 4093): I 01/30/2013 15:42:25:409 00001013           HttpServer| Start HTTP server
I/APP     ( 4093): I 01/30/2013 15:42:25:415 00001013           HttpServer| Listen for connections on port 8080
I/APP     ( 4093): I 01/30/2013 15:42:25:444 00001013         AppCallbacks| addCommand: LOCAL-SERVER-STARTED
I/APP     ( 4093): I 01/30/2013 15:42:25:449 00001011         AppCallbacks| process command: LOCAL-SERVER-STARTED
I/APP     ( 4093): I 01/30/2013 15:42:25:450 00001011 RhodesAppActiveObserver| Ready
I/APP     ( 4093): I 01/30/2013 15:42:25:456 00000ffd AndroidFunctionality| Disable WebView zoom
I/APP     ( 4093): I 01/30/2013 15:42:25:457 00000ffd AndroidFunctionality| Set web plugins state 'OFF'
I/APP     ( 4093): I 01/30/2013 15:42:25:515 00001011    RhodesApplication| New AppState: AppActivated
I/APP     ( 4093): I 01/30/2013 15:42:25:532 00001011         AppCallbacks| process command: UI-CREATED
I/APP     ( 4093): I 01/30/2013 15:42:25:630 00001013           HttpServer| Process URI: '/system/uicreated'
I/APP     ( 4093): I 01/30/2013 15:42:25:648 00001013                  APP| on_ui_created.navigate to start url: '/app'
I/APP     ( 4093): I 01/30/2013 15:42:25:655 00000ffd         SplashScreen| navigate: url=http://localhost:8080/app
I/APP     ( 4093): I 01/30/2013 15:42:25:657 00000ffd         SplashScreen| DELAY for SplashScreen = 0
I/APP     ( 4093): I 01/30/2013 15:42:25:718 00001011         AppCallbacks| process command: APP-ACTIVATED
I/APP     ( 4093): I 01/30/2013 15:42:25:742 00000ffd        GoogleWebView| Creating new RhoWebChromeClient
I/APP     ( 4093): I 01/30/2013 15:42:25:805 00000ffd       SimpleMainView| Cleared URL: http://localhost:8080/app
I/APP     ( 4093): I 01/30/2013 15:42:25:833 00001013           HttpServer| Process URI: '/system/activateapp'
V/SimpleMainView.View( 4093): ms[1359556945862]  Main Window :: onSizeChanged() old [ 480 x 690 ]  new [ 0 x 0 ]
I/APP     ( 4093): I 01/30/2013 15:42:25:884 00001011         AppCallbacks| ThreadQueue blocked for 4294967295 seconds...
I/APP     ( 4093): I 01/30/2013 15:42:25:964 00000ffd        GoogleWebView| Setting RhoWebChromeClient
I/APP     ( 4093): I 01/30/2013 15:42:26:221 00001013           HttpServer| Process URI: '/app'
I/APP     ( 4093): I 01/30/2013 15:42:26:291 00000ffd     RhoWebViewClient| Loading URL: http://localhost:8080/app/index_erb.iseq
I/APP     ( 4093): I 01/30/2013 15:42:26:390 00001013           HttpServer| Process URI: '/app/index_erb.iseq'
I/APP     ( 4093): I 01/30/2013 15:42:26:442 00001013                  APP| RHO serve_index: /app/index_erb.iseq
I/APP     ( 4093): I 01/30/2013 15:42:26:484 00001013 RHO Rho::RhoController| inst_render_index
I/APP     ( 4093): I 01/30/2013 15:42:26:579 00001013 RHO Rho::RhoController| index layout
I/APP     ( 4093): I 01/30/2013 15:42:26:690 00001013           HttpServer| GC Start.
I/APP     ( 4093): I 01/30/2013 15:42:26:797 00001013           HttpServer| GC End.
I/APP     ( 4093): I 01/30/2013 15:42:27:103 00001013           HttpServer| Process URI: '/public/jquery/jquery-1.6.4.min.js'
I/APP     ( 4093): I 01/30/2013 15:42:27:260 00001013           HttpServer| Process URI: '/public/jquery/jquery.json-2.3.min.js'
I/APP     ( 4093): I 01/30/2013 15:42:27:366 00001013           HttpServer| Process URI: '/public/jqmobile/jquery.mobile-1.0.1.min.css'
I/APP     ( 4093): I 01/30/2013 15:42:27:463 00001013           HttpServer| Process URI: '/public/css/jqmobile-patch.css'
I/APP     ( 4093): I 01/30/2013 15:42:27:540 00001013           HttpServer| Process URI: '/public/jqmobile/jquery.mobile-1.0.1.min.js'
I/APP     ( 4093): I 01/30/2013 15:42:27:735 00001013           HttpServer| Process URI: '/public/js/jqmobile-patch.js'
I/APP     ( 4093): I 01/30/2013 15:42:27:830 00001013           HttpServer| Process URI: '/public/css/macotec_style.css'
I/APP     ( 4093): I 01/30/2013 15:42:31:035 00001013           HttpServer| Process URI: '/public/images/macotec/logo.png'
I/APP     ( 4093): I 01/30/2013 15:42:31:738 00001013           HttpServer| Process URI: '/public/images/macotec/request.png'
I/APP     ( 4093): I 01/30/2013 15:42:31:854 00001013           HttpServer| Process URI: '/public/images/macotec/contact.png'
I/APP     ( 4093): I 01/30/2013 15:42:31:910 00001013           HttpServer| Process URI: '/public/images/macotec/products.png'
I/APP     ( 4093): I 01/30/2013 15:42:31:980 00001013           HttpServer| Process URI: '/public/images/macotec/info.png'
W/webview ( 4093): Stale touch event ACTION_DOWN received from webcore; ignoring
W/webview ( 4093): Stale touch event ACTION_DOWN received from webcore; ignoring
I/APP     ( 4093): I 01/30/2013 15:42:40:988 00001013           HttpServer| Process URI: '/app/Request/request'
I/APP     ( 4093): I 01/30/2013 15:42:41:084 00001013                  APP| RHO serve: /app/Request/request
I/APP     ( 4093): I 01/30/2013 15:42:41:406 00001013              RhoRuby| require_compiled: Request/request_controller
I/APP     ( 4093): I 01/30/2013 15:42:41:647 00001013              RhoRuby| require_compiled: helpers/browser_helper
W/ThrottleService(   77): unable to find stats for iface rmnet0
I/APP     ( 4093): I 01/30/2013 15:42:42:024 00001013                  APP| const_missing: Product
I/APP     ( 4093): I 01/30/2013 15:42:42:055 00001013                  APP| load_model: Product
I/APP     ( 4093): I 01/30/2013 15:42:42:082 00001013              RhoRuby| require_compiled: Product/product
I/APP     ( 4093): I 01/30/2013 15:42:42:197 00001013                  APP| model name: Product
I/APP     ( 4093): I 01/30/2013 15:42:42:220 00001013                  APP| model class found
I/APP     ( 4093): I 01/30/2013 15:42:42:226 00001013                  APP| Product : {"property"=>{}}
I/APP     ( 4093): I 01/30/2013 15:42:42:263 00001013                   DB| Open DB: /data/data/com.rhomobile.macotec/rhodata/db/syncdblocal.sqlite
I/APP     ( 4093): I 01/30/2013 15:42:42:318 00001013                  APP| init_db_sources
I/APP     ( 4093): I 01/30/2013 15:42:42:404 00001013                  APP| start_id: 40004
I/APP     ( 4093): I 01/30/2013 15:42:42:442 00001013                  APP| Migrate schema sources: {}
I/APP     ( 4093): I 01/30/2013 15:42:42:588 00001013           HttpServer| GC Start.
I/APP     ( 4093): I 01/30/2013 15:42:42:669 00001013           HttpServer| GC End.
I/APP     ( 4093): I 01/30/2013 15:42:43:329 00001013           HttpServer| Process URI: '/public/jqmobile/images/icons-36-white.png'
E/libEGL  ( 4093): call to OpenGL ES API with no current context (logged once per thread)
D/ShaderProgram( 4093): couldn't load the vertex shader!
E/libEGL  ( 4093): call to OpenGL ES API with no current context (logged once per thread)
D/ShaderProgram( 4093): couldn't load the vertex shader!
E/libEGL  ( 4093): call to OpenGL ES API with no current context (logged once per thread)
D/ShaderProgram( 4093): couldn't load the vertex shader!
E/libEGL  ( 4093): call to OpenGL ES API with no current context (logged once per thread)
D/ShaderProgram( 4093): couldn't load the vertex shader!
E/libEGL  ( 4093): call to OpenGL ES API with no current context (logged once per thread)
D/ShaderProgram( 4093): couldn't load the vertex shader!
I/APP     ( 4093): I 01/30/2013 15:42:48:864 00001013           HttpServer| Process URI: '/app/Request/submit'
I/APP     ( 4093): I 01/30/2013 15:42:48:870 00001013                  APP| RHO serve: /app/Request/submit
I/APP     ( 4093): I 01/30/2013 15:42:48:929 00001013                  APP| Params: {"product"=>"nothing", "rental_begin"=>"", "operation_period"=>"", "amount_product"=>"", "location"=>"", "company"=>"", "phone"=>"", "email"=>""}
I/APP     ( 4093): I 01/30/2013 15:42:49:033 00001013           HttpServer| GC Start.
I/APP     ( 4093): I 01/30/2013 15:42:49:112 00001013           HttpServer| GC End.
I/APP     ( 4093): I 01/30/2013 15:42:49:557 00001013           HttpServer| Process URI: '/public/images/macotec/macotec_loader.gif'
D/dalvikvm(  129): GC_CONCURRENT freed 378K, 30% free 10266K/14535K, paused 26ms+25ms
I/APP     ( 4093): I 01/30/2013 15:43:00:237 00001013           HttpServer| Process URI: '/app/Request/request'
I/APP     ( 4093): I 01/30/2013 15:43:00:243 00001013                  APP| RHO serve: /app/Request/request
I/APP     ( 4093): I 01/30/2013 15:43:00:477 00001013           HttpServer| GC Start.
I/APP     ( 4093): I 01/30/2013 15:43:00:574 00001013           HttpServer| GC End.
D/AndroidRuntime( 4131): 
D/AndroidRuntime( 4131): >>>>>> AndroidRuntime START com.android.internal.os.RuntimeInit <<<<<<
D/AndroidRuntime( 4131): CheckJNI is ON
D/AndroidRuntime( 4131): Calling main entry com.android.commands.pm.Pm
W/ActivityManager(   77): No content provider found for permission revoke: file:///data/local/tmp/macotec-debug.apk
W/ActivityManager(   77): No content provider found for permission revoke: file:///data/local/tmp/macotec-debug.apk
D/dalvikvm(   77): GC_CONCURRENT freed 364K, 15% free 11374K/13255K, paused 13ms+12ms
D/dalvikvm(   77): GC_CONCURRENT freed 272K, 13% free 11573K/13255K, paused 9ms+13ms
D/dalvikvm(   77): GC_CONCURRENT freed 435K, 12% free 11700K/13255K, paused 18ms+10ms
D/dalvikvm(   77): GC_CONCURRENT freed 582K, 12% free 11730K/13255K, paused 7ms+10ms
D/dalvikvm(   77): GC_CONCURRENT freed 645K, 12% free 11708K/13255K, paused 8ms+7ms
D/dalvikvm(   77): GC_CONCURRENT freed 567K, 12% free 11725K/13255K, paused 18ms+9ms
I/PackageManager(   77): Removing non-system package:com.rhomobile.macotec
I/ActivityManager(   77): Force stopping package com.rhomobile.macotec uid=10040
I/ActivityManager(   77): Killing proc 4093:com.rhomobile.macotec/10040: force stop
W/ActivityManager(   77): Force removing ActivityRecord{41478f58 com.rhomobile.macotec/com.rhomobile.rhodes.RhodesActivity}: app died, no saved state
W/NetworkManagementSocketTagger(   77): setKernelCountSet(10040, 0) failed with errno -2
W/NetworkManagementSocketTagger(   77): setKernelCountSet(10009, 1) failed with errno -2
I/WindowManager(   77): WIN DEATH: Window{415655e8 com.rhomobile.macotec/com.rhomobile.rhodes.RhodesActivity paused=false}
I/Process (   77): Sending signal. PID: 178 SIG: 3
I/dalvikvm(  178): threadid=3: reacting to signal 3
I/dalvikvm(  178): Wrote stack traces to '/data/anr/traces.txt'
W/InputManagerService(   77): Got RemoteException sending setActive(false) notification to pid 4093 uid 10040
I/Process (   77): Sending signal. PID: 178 SIG: 3
I/dalvikvm(  178): threadid=3: reacting to signal 3
I/dalvikvm(  178): Wrote stack traces to '/data/anr/traces.txt'
D/dalvikvm(   77): GC_CONCURRENT freed 583K, 12% free 11771K/13255K, paused 17ms+15ms
I/PackageManager(   77): Package com.rhomobile.macotec codePath changed from /data/app/com.rhomobile.macotec-2.apk to /data/app/com.rhomobile.macotec-1.apk; Retaining data and using new
D/dalvikvm(  178): GC_CONCURRENT freed 2271K, 26% free 17338K/23367K, paused 5ms+12ms
D/dalvikvm(  178): GC_FOR_ALLOC freed 695K, 23% free 18194K/23367K, paused 82ms
D/dalvikvm(  178): GC_CONCURRENT freed 1409K, 20% free 18831K/23367K, paused 4ms+7ms
I/PackageManager(   77): Running dexopt on: com.rhomobile.macotec
D/dalvikvm( 4142): DexOpt: load 258ms, verify+opt 3251ms
W/PackageManager(   77): Code path for pkg : com.rhomobile.macotec changing from /data/app/com.rhomobile.macotec-2.apk to /data/app/com.rhomobile.macotec-1.apk
W/PackageManager(   77): Resource path for pkg : com.rhomobile.macotec changing from /data/app/com.rhomobile.macotec-2.apk to /data/app/com.rhomobile.macotec-1.apk
I/ActivityManager(   77): Force stopping package com.rhomobile.macotec uid=10040
D/PackageManager(   77): New package installed in /data/app/com.rhomobile.macotec-1.apk
I/ActivityManager(   77): Force stopping package com.rhomobile.macotec uid=10040
D/dalvikvm(  178): GC_EXPLICIT freed 3169K, 26% free 17422K/23367K, paused 3ms+11ms
D/dalvikvm(  224): GC_EXPLICIT freed 148K, 4% free 9387K/9735K, paused 3ms+5ms
D/dalvikvm(   77): GC_EXPLICIT freed 807K, 15% free 11314K/13255K, paused 5ms+8ms
D/PackageManager(   77): generateServicesMap(android.accounts.AccountAuthenticator): 2 services unchanged
D/PackageManager(   77): generateServicesMap(android.content.SyncAdapter): 4 services unchanged
D/BackupManagerService(   77): Received broadcast Intent { act=android.intent.action.PACKAGE_REMOVED dat=package:com.rhomobile.macotec flg=0x10000010 (has extras) }
I/AccountTypeManager(  316): Loaded meta-data for 1 account types, 0 accounts in 334ms(wall) 6ms(cpu)
D/PackageManager(   77): generateServicesMap(android.accounts.AccountAuthenticator): 2 services unchanged
D/PackageManager(   77): generateServicesMap(android.content.SyncAdapter): 4 services unchanged
D/BackupManagerService(   77): Received broadcast Intent { act=android.intent.action.PACKAGE_ADDED dat=package:com.rhomobile.macotec flg=0x10000010 (has extras) }
V/BackupManagerService(   77): updatePackageParticipantsLocked: #1
W/RecognitionManagerService(   77): no available voice recognition services found
I/AccountTypeManager(  316): Loaded meta-data for 1 account types, 0 accounts in 174ms(wall) 6ms(cpu)
D/dalvikvm(  178): GC_FOR_ALLOC freed 3104K, 33% free 15741K/23367K, paused 61ms
D/BackupManagerService(   77): Received broadcast Intent { act=android.intent.action.PACKAGE_REPLACED dat=package:com.rhomobile.macotec flg=0x10000010 (has extras) }
V/BackupManagerService(   77): updatePackageParticipantsLocked: #1
D/dalvikvm(   77): GC_CONCURRENT freed 453K, 14% free 11435K/13255K, paused 42ms+65ms
D/dalvikvm(  178): GC_FOR_ALLOC freed 2412K, 37% free 14722K/23367K, paused 76ms
D/dalvikvm(  178): GC_FOR_ALLOC freed 42K, 33% free 15714K/23367K, paused 61ms
D/dalvikvm(  178): GC_FOR_ALLOC freed 359K, 28% free 17008K/23367K, paused 51ms
D/dalvikvm(  178): GC_FOR_ALLOC freed 1222K, 26% free 17455K/23367K, paused 67ms
D/dalvikvm(  178): GC_FOR_ALLOC freed <1K, 20% free 18711K/23367K, paused 59ms
D/dalvikvm(   77): GC_EXPLICIT freed 192K, 15% free 11309K/13255K, paused 39ms+88ms
D/AndroidRuntime( 4131): Shutting down VM
I/AndroidRuntime( 4131): NOTE: attach of thread 'Binder Thread #3' failed
D/dalvikvm( 4131): GC_CONCURRENT freed 97K, 79% free 450K/2048K, paused 3ms+27ms
D/dalvikvm(  178): GC_CONCURRENT freed 3200K, 26% free 17462K/23367K, paused 34ms+78ms
D/AndroidRuntime( 4150): 
D/AndroidRuntime( 4150): >>>>>> AndroidRuntime START com.android.internal.os.RuntimeInit <<<<<<
D/AndroidRuntime( 4150): CheckJNI is ON
D/AndroidRuntime( 4150): Calling main entry com.android.commands.am.Am
I/ActivityManager(   77): START {act=android.intent.action.MAIN flg=0x10000000 cmp=com.rhomobile.macotec/com.rhomobile.rhodes.RhodesActivity} from pid 4150
W/WindowManager(   77): Failure taking screenshot for (180x273) to layer 21005
D/AndroidRuntime( 4150): Shutting down VM
D/dalvikvm( 4150): GC_CONCURRENT freed 97K, 77% free 480K/2048K, paused 1ms+1ms
I/AndroidRuntime( 4150): NOTE: attach of thread 'Binder Thread #3' failed
I/ActivityManager(   77): Start proc com.rhomobile.macotec for activity com.rhomobile.macotec/com.rhomobile.rhodes.RhodesActivity: pid=4161 uid=10040 gids={3003}
I/dalvikvm( 4161): Turning on JNI app bug workarounds for target SDK version 4...
W/NetworkManagementSocketTagger(   77): setKernelCountSet(10040, 1) failed with errno -2
I/Process (   77): Sending signal. PID: 4161 SIG: 3
I/dalvikvm( 4161): threadid=3: reacting to signal 3
I/dalvikvm( 4161): Wrote stack traces to '/data/anr/traces.txt'
D/dalvikvm( 4161): Trying to load lib /data/data/com.rhomobile.macotec/lib/librhodes.so 0x412a49b0
D/dalvikvm( 4161): Added shared lib /data/data/com.rhomobile.macotec/lib/librhodes.so 0x412a49b0
D/dalvikvm( 4161): Trying to load lib /data/data/com.rhomobile.macotec/lib/librhodes.so 0x412a49b0
D/dalvikvm( 4161): Shared lib '/data/data/com.rhomobile.macotec/lib/librhodes.so' already loaded in same CL 0x412a49b0
I/ActivityThread( 4161): Pub com.rhomobile.macotec: com.rhomobile.rhodes.LocalFileProvider
I/RhodesApplication( 4161): Initializing...
I/Process (   77): Sending signal. PID: 4161 SIG: 3
I/dalvikvm( 4161): threadid=3: reacting to signal 3
I/dalvikvm( 4161): Wrote stack traces to '/data/anr/traces.txt'
D/RhoFileApi( 4161): App root path: /data/data/com.rhomobile.macotec/rhodata/
D/RhoFileApi( 4161): Sqlite journals path: /data/data/com.rhomobile.macotec/sqlite_stmt_journals/
D/RhoFileApi( 4161): Shared path: /data/data/com.rhomobile.macotec/rhodata/
D/RhodesApplication( 4161): Root path: /data/data/com.rhomobile.macotec/rhodata/
I/RhodesApplication( 4161): Application hash was changed
D/RhoFileApi( 4161): Copy hash to FS
D/RhoFileApi( 4161): File hash copied
D/RhoFileApi( 4161): Copy rho.dat to FS
D/RhoFileApi( 4161): File rho.dat copied
D/RhoFileApi( 4161): Copy apps/rhoconfig.txt to FS
D/RhoFileApi( 4161): File apps/rhoconfig.txt copied
I/RhoFileApi( 4161): Opening stat table from FS: /data/data/com.rhomobile.macotec/rhodata/rho.dat
I/Process (   77): Sending signal. PID: 4161 SIG: 3
I/dalvikvm( 4161): threadid=3: reacting to signal 3
I/dalvikvm( 4161): Wrote stack traces to '/data/anr/traces.txt'
D/RhoFileApi( 4161): Copy apps/rhoconfig.txt to FS
D/RhoFileApi( 4161): File apps/rhoconfig.txt copied
D/RhoFileApi( 4161): App root path: /data/data/com.rhomobile.macotec/rhodata/
D/RhoFileApi( 4161): Sqlite journals path: /data/data/com.rhomobile.macotec/sqlite_stmt_journals/
D/RhoFileApi( 4161): Shared path: /data/data/com.rhomobile.macotec/rhodata/
I/APP     ( 4161): I 01/30/2013 15:44:34:373 00001041    RhodesApplication| Initialized
I/APP     ( 4161): I 01/30/2013 15:44:34:485 00001041         BaseActivity| New screen properties - width: 480, height: 728, orientation: 1
I/Process (   77): Sending signal. PID: 4161 SIG: 3
I/dalvikvm( 4161): threadid=3: reacting to signal 3
I/dalvikvm( 4161): Wrote stack traces to '/data/anr/traces.txt'
I/APP     ( 4161): I 01/30/2013 15:44:35:004 00001041         SplashScreen| Looking for start page source
I/Process (   77): Sending signal. PID: 4161 SIG: 3
I/dalvikvm( 4161): threadid=3: reacting to signal 3
I/dalvikvm( 4161): Wrote stack traces to '/data/anr/traces.txt'
D/dalvikvm( 4161): GC_CONCURRENT freed 300K, 5% free 9220K/9607K, paused 4ms+4ms
D/dalvikvm( 4161): GC_FOR_ALLOC freed 2K, 5% free 9218K/9607K, paused 36ms
I/dalvikvm-heap( 4161): Grow heap (frag case) to 12.137MB for 3217300-byte allocation
I/Process (   77): Sending signal. PID: 4161 SIG: 3
I/dalvikvm( 4161): threadid=3: reacting to signal 3
D/dalvikvm( 4161): GC_FOR_ALLOC freed 0K, 4% free 12360K/12807K, paused 137ms
I/dalvikvm( 4161): Wrote stack traces to '/data/anr/traces.txt'
D/dalvikvm( 4161): GC_CONCURRENT freed 5K, 4% free 12365K/12807K, paused 5ms+15ms
I/Process (   77): Sending signal. PID: 4161 SIG: 3
I/dalvikvm( 4161): threadid=3: reacting to signal 3
I/dalvikvm( 4161): Wrote stack traces to '/data/anr/traces.txt'
I/APP     ( 4161): I 01/30/2013 15:44:36:396 00001041         SplashScreen| Done
I/APP     ( 4161): I 01/30/2013 15:44:36:402 00001041    RhodesApplication| New UiState: MainActivityCreated
I/APP     ( 4161): I 01/30/2013 15:44:36:457 00001041       RhodesActivity| onStart
I/APP     ( 4161): I 01/30/2013 15:44:36:463 00001041    RhodesApplication| New UiState: MainActivityStarted
I/APP     ( 4161): I 01/30/2013 15:44:36:504 00001041       RhodesActivity| onResume
I/APP     ( 4161): I 01/30/2013 15:44:36:526 00001041 AndroidFunctionality| Resume WebView
I/APP     ( 4161): I 01/30/2013 15:44:36:588 00001041        RhodesService| onCreate
I/APP     ( 4161): I 01/30/2013 15:44:36:619 00001041    LocalFileProvider| Revoke URI permissions: content:///com.rhomobile.macotec
W/ActivityManager(   77): No content provider found for permission revoke: content:///com.rhomobile.macotec
I/Process (   77): Sending signal. PID: 4161 SIG: 3
I/dalvikvm( 4161): threadid=3: reacting to signal 3
I/dalvikvm( 4161): Wrote stack traces to '/data/anr/traces.txt'
I/APP     ( 4161): I 01/30/2013 15:44:36:732 00001041               Rhodes| Loading...
I/APP     ( 4161): I 01/30/2013 15:44:36:757 00001041            RhodesApp| Trying to get free listening port.
I/APP     ( 4161): I 01/30/2013 15:44:36:763 00001041            RhodesApp| Trying to bind of 8080 port...
I/APP     ( 4161): I 01/30/2013 15:44:36:787 00001041            RhodesApp| Got port to bind on: 8080
I/APP     ( 4161): I 01/30/2013 15:44:36:815 00001041            RhodesApp| Free listening port: 8080
I/APP     ( 4161): I 01/30/2013 15:44:36:833 00001056         AppCallbacks| Starting main routine...
I/APP     ( 4161): I 01/30/2013 15:44:36:847 00001056         AppCallbacks| ThreadQueue blocked for 4294967295 seconds...
I/APP     ( 4161): I 01/30/2013 15:44:36:969 00001041        RhodesService| Push is disabled
I/APP     ( 4161): I 01/30/2013 15:44:37:006 00001041            RhodesApp| callAppActiveCallback
I/APP     ( 4161): I 01/30/2013 15:44:37:011 00001041         AppCallbacks| addCommand: APP-ACTIVATED
I/APP     ( 4161): I 01/30/2013 15:44:37:058 00001056         AppCallbacks| Received command APP-ACTIVATED which is greater than expected (LOCAL-SERVER-STARTED) - postpone it
I/APP     ( 4161): I 01/30/2013 15:44:37:060 00001056         AppCallbacks| ThreadQueue blocked for 4294967295 seconds...
I/APP     ( 4161): I 01/30/2013 15:44:37:086 00001041         AppActivated| Cannot commit now, application will be activated when started.
I/APP     ( 4161): I 01/30/2013 15:44:37:091 00001041    RhodesApplication| New AppState: Undefined
D/RhodesService( 4161): +++ onStartCommand
I/APP     ( 4161): I 01/30/2013 15:44:37:118 00001058            RhodesApp| Starting RhodesApp main routine...
I/Process (   77): Sending signal. PID: 4161 SIG: 3
I/dalvikvm( 4161): threadid=3: reacting to signal 3
I/RhodesService( 4161): handleCommand: startId=1, source=com.rhomobile.rhodes.BaseActivity
D/RhodesService( 4161): New activity was created
I/APP     ( 4161): I 01/30/2013 15:44:37:259 00001041        RhodesService| onBind
I/dalvikvm( 4161): Wrote stack traces to '/data/anr/traces.txt'
I/APP     ( 4161): I 01/30/2013 15:44:37:365 00001041         AppCallbacks| addCommand: UI-CREATED
I/APP     ( 4161): I 01/30/2013 15:44:37:384 00001056         AppCallbacks| Received command UI-CREATED which is greater than expected (LOCAL-SERVER-STARTED) - postpone it
I/APP     ( 4161): I 01/30/2013 15:44:37:385 00001056         AppCallbacks| ThreadQueue blocked for 4294967295 seconds...
V/PhoneStatusBar(  129): setLightsOn(true)
I/APP     ( 4161): I 01/30/2013 15:44:37:574 00001041       RhodesActivity| onServiceConnected: {com.rhomobile.macotec/com.rhomobile.rhodes.RhodesService}
I/APP     ( 4161): I 01/30/2013 15:44:37:614 00001041       RhodesActivity| New start parameters: 
I/APP     ( 4161): I 01/30/2013 15:44:37:620 00001041            RhodesApp| New start params: 
I/Process (   77): Sending signal. PID: 4161 SIG: 3
I/dalvikvm( 4161): threadid=3: reacting to signal 3
I/dalvikvm( 4161): Wrote stack traces to '/data/anr/traces.txt'
D/gralloc_goldfish( 4161): Emulator without GPU emulation detected.
I/Process (   77): Sending signal. PID: 4161 SIG: 3
I/dalvikvm( 4161): threadid=3: reacting to signal 3
I/dalvikvm( 4161): Wrote stack traces to '/data/anr/traces.txt'
W/InputManagerService(   77): Starting input on non-focused client com.android.internal.view.IInputMethodClient$Stub$Proxy@413be130 (uid=10009 pid=178)
I/ActivityManager(   77): Displayed com.rhomobile.macotec/com.rhomobile.rhodes.RhodesActivity: +6s273ms
I/APP     ( 4161): I 01/30/2013 15:44:38:993 00001058              RhoRuby| Init_RhoBlobs: /data/data/com.rhomobile.macotec/rhodata/db/db-files
I/APP     ( 4161): I 01/30/2013 15:44:39:178 00001058              RhoRuby| require_compiled: rhoframework
I/APP     ( 4161): I 01/30/2013 15:44:39:309 00001058              RhoRuby| require_compiled: rational
I/APP     ( 4161): I 01/30/2013 15:44:39:366 00001058              RhoRuby| require_compiled: rhom/rhom_db_adapter
I/APP     ( 4161): I 01/30/2013 15:44:39:485 00001058              RhoRuby| require_compiled: rhodes
I/APP     ( 4161): I 01/30/2013 15:44:39:561 00001058              RhoRuby| require_compiled: rhom/rhom_object
I/APP     ( 4161): I 01/30/2013 15:44:39:640 00001058              RhoRuby| require_compiled: rhofsconnector
I/APP     ( 4161): I 01/30/2013 15:44:39:701 00001058              RhoRuby| require_compiled: rho/rhofsconnector
I/APP     ( 4161): I 01/30/2013 15:44:39:787 00001058              RhoRuby| require_compiled: rhom/rhom_object_factory
I/APP     ( 4161): I 01/30/2013 15:44:40:044 00001058              RhoRuby| require_compiled: rhom/rhom
I/APP     ( 4161): I 01/30/2013 15:44:40:126 00001058              RhoRuby| require_compiled: rhom/rhom_model
I/APP     ( 4161): I 01/30/2013 15:44:40:193 00001058              RhoRuby| require_compiled: rhom
I/APP     ( 4161): I 01/30/2013 15:44:40:242 00001058              RhoRuby| require_compiled: rho/rhoapplication
I/APP     ( 4161): I 01/30/2013 15:44:40:326 00001058              RhoRuby| require_compiled: rholang/localization_simplified
I/APP     ( 4161): I 01/30/2013 15:44:40:399 00001058              RhoRuby| require_compiled: rho/rhomsg
I/APP     ( 4161): I 01/30/2013 15:44:40:448 00001058              RhoRuby| require_compiled: rho/rhotabbar
I/APP     ( 4161): I 01/30/2013 15:44:40:493 00001058              RhoRuby| require_compiled: rho/rhotoolbar
W/NetworkManagementSocketTagger(   77): setKernelCountSet(10009, 0) failed with errno -2
I/APP     ( 4161): I 01/30/2013 15:44:40:574 00001058                  APP| Current locale: ; Country code: 
I/APP     ( 4161): I 01/30/2013 15:44:40:603 00001058                  APP| Locilized file: /data/data/com.rhomobile.macotec/rhodata/lib/rholang/lang_
I/APP     ( 4161): I 01/30/2013 15:44:40:610 00001058              RhoRuby| require_compiled: /data/data/com.rhomobile.macotec/rhodata/lib/rholang/lang_en
I/APP     ( 4161): I 01/30/2013 15:44:40:687 00001058                  APP| Locilized file: /data/data/com.rhomobile.macotec/rhodata/apps/app/lang/lang_
I/APP     ( 4161): I 01/30/2013 15:44:40:718 00001058                  APP| Locilized file: /data/data/com.rhomobile.macotec/rhodata/lib/rholang/rhoerror_
I/APP     ( 4161): I 01/30/2013 15:44:40:738 00001058              RhoRuby| require_compiled: /data/data/com.rhomobile.macotec/rhodata/lib/rholang/rhoerror_en
I/APP     ( 4161): I 01/30/2013 15:44:40:773 00001058                  APP| Locilized file: /data/data/com.rhomobile.macotec/rhodata/lib/rholang/rhomsg_
I/APP     ( 4161): I 01/30/2013 15:44:40:831 00001058              RhoRuby| require_compiled: /data/data/com.rhomobile.macotec/rhodata/lib/rholang/rhomsg_en
I/APP     ( 4161): I 01/30/2013 15:44:41:095 00001058              RhoRuby| require_compiled: indifferent_access
I/APP     ( 4161): I 01/30/2013 15:44:41:733 00001058              RhoRuby| require_compiled: rho/rhosupport
I/APP     ( 4161): I 01/30/2013 15:44:42:300 00001058              RhoRuby| require_compiled: rho/rhocontroller
I/APP     ( 4161): I 01/30/2013 15:44:42:630 00001058              RhoRuby| require_compiled: rho/render
I/APP     ( 4161): I 01/30/2013 15:44:43:075 00001058              RhoRuby| require_compiled: rho/rho
I/APP     ( 4161): I 01/30/2013 15:44:44:005 00001058              RhoRuby| require_compiled: rho/rhoerror
I/APP     ( 4161): I 01/30/2013 15:44:44:217 00001058              RhoRuby| require_compiled: rhom/rhom_source
I/APP     ( 4161): I 01/30/2013 15:44:44:614 00001058              RhoRuby| require_compiled: rho/rhoviewhelpers
I/APP     ( 4161): I 01/30/2013 15:44:45:045 00001058              RhoRuby| require_compiled: rho
I/APP     ( 4161): I 01/30/2013 15:44:45:231 00001058                  APP| RHO loaded
I/APP     ( 4161): I 01/30/2013 15:44:45:331 00001058                  APP| Calling RHO.initialize
I/APP     ( 4161): I 01/30/2013 15:44:45:484 00001058                  APP| model file: Product/product
I/APP     ( 4161): I 01/30/2013 15:44:45:582 00001058                  APP| model file: Request/request
I/APP     ( 4161): I 01/30/2013 15:44:45:685 00001058                   DB| Open DB: /data/data/com.rhomobile.macotec/rhodata/db/syncdbuser.sqlite
I/APP     ( 4161): I 01/30/2013 15:44:45:847 00001058          GeoLocation| Creating singleton instance.
I/APP     ( 4161): I 01/30/2013 15:44:45:852 00001058            RhodesApp| Starting sync engine...
I/APP     ( 4161): I 01/30/2013 15:44:45:885 00001058                 Sync| sync_poll_interval: 0
I/APP     ( 4161): I 01/30/2013 15:44:45:903 00001058                 Sync| syncserver: 
I/APP     ( 4161): I 01/30/2013 15:44:45:908 00001058                 Sync| bulksync_state: 0
I/APP     ( 4161): I 01/30/2013 15:44:45:938 00001058            RhodesApp| RhoRubyInitApp...
I/APP     ( 4161): I 01/30/2013 15:44:45:943 00001058                  APP| init_app
I/APP     ( 4161): I 01/30/2013 15:44:45:977 00001058              RhoRuby| require_compiled: application
I/APP     ( 4161): I 01/30/2013 15:44:46:003 00001058                 Sync| Set notification. Source ID: -1;Url :http://localhost:8080/app/Settings/sync_notify; Params: 
I/APP     ( 4161): I 01/30/2013 15:44:46:033 00001058           HttpServer| Start HTTP server
I/APP     ( 4161): I 01/30/2013 15:44:46:038 00001058           HttpServer| Listen for connections on port 8080
I/APP     ( 4161): I 01/30/2013 15:44:46:072 00001058         AppCallbacks| addCommand: LOCAL-SERVER-STARTED
I/APP     ( 4161): I 01/30/2013 15:44:46:077 00001056         AppCallbacks| process command: LOCAL-SERVER-STARTED
I/APP     ( 4161): I 01/30/2013 15:44:46:078 00001056 RhodesAppActiveObserver| Ready
I/APP     ( 4161): I 01/30/2013 15:44:46:085 00001041 AndroidFunctionality| Disable WebView zoom
I/APP     ( 4161): I 01/30/2013 15:44:46:086 00001041 AndroidFunctionality| Set web plugins state 'OFF'
I/APP     ( 4161): I 01/30/2013 15:44:46:143 00001056    RhodesApplication| New AppState: AppActivated
I/APP     ( 4161): I 01/30/2013 15:44:46:148 00001056         AppCallbacks| process command: UI-CREATED
I/APP     ( 4161): I 01/30/2013 15:44:46:242 00001058           HttpServer| Process URI: '/system/uicreated'
I/APP     ( 4161): I 01/30/2013 15:44:46:260 00001058                  APP| on_ui_created.navigate to start url: '/app'
I/APP     ( 4161): I 01/30/2013 15:44:46:268 00001041         SplashScreen| navigate: url=http://localhost:8080/app
I/APP     ( 4161): I 01/30/2013 15:44:46:269 00001041         SplashScreen| DELAY for SplashScreen = 0
I/APP     ( 4161): I 01/30/2013 15:44:46:348 00001041        GoogleWebView| Creating new RhoWebChromeClient
I/APP     ( 4161): I 01/30/2013 15:44:46:368 00001041       SimpleMainView| Cleared URL: http://localhost:8080/app
I/APP     ( 4161): I 01/30/2013 15:44:46:392 00001056         AppCallbacks| process command: APP-ACTIVATED
I/APP     ( 4161): I 01/30/2013 15:44:46:430 00001058           HttpServer| Process URI: '/system/activateapp'
V/SimpleMainView.View( 4161): ms[1359557086465]  Main Window :: onSizeChanged() old [ 480 x 690 ]  new [ 0 x 0 ]
I/APP     ( 4161): I 01/30/2013 15:44:46:492 00001056         AppCallbacks| ThreadQueue blocked for 4294967295 seconds...
I/APP     ( 4161): I 01/30/2013 15:44:46:591 00001041        GoogleWebView| Setting RhoWebChromeClient
I/APP     ( 4161): I 01/30/2013 15:44:46:770 00001058           HttpServer| Process URI: '/app'
I/APP     ( 4161): I 01/30/2013 15:44:46:802 00001041     RhoWebViewClient| Loading URL: http://localhost:8080/app/index_erb.iseq
I/APP     ( 4161): I 01/30/2013 15:44:46:865 00001058           HttpServer| Process URI: '/app/index_erb.iseq'
I/APP     ( 4161): I 01/30/2013 15:44:46:887 00001058                  APP| RHO serve_index: /app/index_erb.iseq
I/APP     ( 4161): I 01/30/2013 15:44:46:909 00001058 RHO Rho::RhoController| inst_render_index
I/APP     ( 4161): I 01/30/2013 15:44:47:005 00001058 RHO Rho::RhoController| index layout
I/APP     ( 4161): I 01/30/2013 15:44:47:115 00001058           HttpServer| GC Start.
I/APP     ( 4161): I 01/30/2013 15:44:47:232 00001058           HttpServer| GC End.
I/APP     ( 4161): I 01/30/2013 15:44:47:382 00001058           HttpServer| Process URI: '/public/jquery/jquery-1.6.4.min.js'
I/APP     ( 4161): I 01/30/2013 15:44:47:560 00001058           HttpServer| Process URI: '/public/jquery/jquery.json-2.3.min.js'
I/APP     ( 4161): I 01/30/2013 15:44:47:693 00001058           HttpServer| Process URI: '/public/jqmobile/jquery.mobile-1.0.1.min.css'
I/APP     ( 4161): I 01/30/2013 15:44:47:804 00001058           HttpServer| Process URI: '/public/css/jqmobile-patch.css'
I/APP     ( 4161): I 01/30/2013 15:44:47:895 00001058           HttpServer| Process URI: '/public/jqmobile/jquery.mobile-1.0.1.min.js'
I/APP     ( 4161): I 01/30/2013 15:44:48:052 00001058           HttpServer| Process URI: '/public/js/jqmobile-patch.js'
I/APP     ( 4161): I 01/30/2013 15:44:48:109 00001058           HttpServer| Process URI: '/public/css/macotec_style.css'
I/APP     ( 4161): I 01/30/2013 15:44:51:086 00001058           HttpServer| Process URI: '/public/images/macotec/logo.png'
I/APP     ( 4161): I 01/30/2013 15:44:51:718 00001058           HttpServer| Process URI: '/public/images/macotec/request.png'
I/APP     ( 4161): I 01/30/2013 15:44:51:823 00001058           HttpServer| Process URI: '/public/images/macotec/contact.png'
I/APP     ( 4161): I 01/30/2013 15:44:51:892 00001058           HttpServer| Process URI: '/public/images/macotec/products.png'
I/APP     ( 4161): I 01/30/2013 15:44:51:916 00001058           HttpServer| Process URI: '/public/images/macotec/info.png'
W/webview ( 4161): Stale touch event ACTION_DOWN received from webcore; ignoring
W/webview ( 4161): Stale touch event ACTION_DOWN received from webcore; ignoring
I/APP     ( 4161): I 01/30/2013 15:45:09:468 00001058           HttpServer| Process URI: '/app/Request/request'
I/APP     ( 4161): I 01/30/2013 15:45:09:583 00001058                  APP| RHO serve: /app/Request/request
I/APP     ( 4161): I 01/30/2013 15:45:09:800 00001058              RhoRuby| require_compiled: Request/request_controller
I/APP     ( 4161): I 01/30/2013 15:45:10:005 00001058              RhoRuby| require_compiled: helpers/browser_helper
I/APP     ( 4161): I 01/30/2013 15:45:10:249 00001058                  APP| const_missing: Product
I/APP     ( 4161): I 01/30/2013 15:45:10:281 00001058                  APP| load_model: Product
I/APP     ( 4161): I 01/30/2013 15:45:10:345 00001058              RhoRuby| require_compiled: Product/product
I/APP     ( 4161): I 01/30/2013 15:45:10:432 00001058                  APP| model name: Product
I/APP     ( 4161): I 01/30/2013 15:45:10:463 00001058                  APP| model class found
I/APP     ( 4161): I 01/30/2013 15:45:10:485 00001058                  APP| Product : {"property"=>{}}
I/APP     ( 4161): I 01/30/2013 15:45:10:508 00001058                   DB| Open DB: /data/data/com.rhomobile.macotec/rhodata/db/syncdblocal.sqlite
I/APP     ( 4161): I 01/30/2013 15:45:10:582 00001058                  APP| init_db_sources
I/APP     ( 4161): I 01/30/2013 15:45:10:672 00001058                  APP| start_id: 40004
I/APP     ( 4161): I 01/30/2013 15:45:10:700 00001058                  APP| Migrate schema sources: {}
I/APP     ( 4161): I 01/30/2013 15:45:10:854 00001058           HttpServer| GC Start.
I/APP     ( 4161): I 01/30/2013 15:45:10:920 00001058           HttpServer| GC End.
I/APP     ( 4161): I 01/30/2013 15:45:11:591 00001058           HttpServer| Process URI: '/public/jqmobile/images/icons-36-white.png'
E/libEGL  ( 4161): call to OpenGL ES API with no current context (logged once per thread)
D/ShaderProgram( 4161): couldn't load the vertex shader!
E/libEGL  ( 4161): call to OpenGL ES API with no current context (logged once per thread)
D/ShaderProgram( 4161): couldn't load the vertex shader!
E/libEGL  ( 4161): call to OpenGL ES API with no current context (logged once per thread)
D/ShaderProgram( 4161): couldn't load the vertex shader!
E/libEGL  ( 4161): call to OpenGL ES API with no current context (logged once per thread)
D/ShaderProgram( 4161): couldn't load the vertex shader!
E/libEGL  ( 4161): call to OpenGL ES API with no current context (logged once per thread)
D/ShaderProgram( 4161): couldn't load the vertex shader!
I/APP     ( 4161): I 01/30/2013 15:45:16:949 00001058           HttpServer| Process URI: '/app/Request/submit'
I/APP     ( 4161): I 01/30/2013 15:45:16:982 00001058                  APP| RHO serve: /app/Request/submit
I/APP     ( 4161): I 01/30/2013 15:45:17:014 00001058                  APP| Params: {"product"=>"nothing", "rental_begin"=>"", "operation_period"=>"", "amount_product"=>"", "location"=>"", "company"=>"", "phone"=>"", "email"=>""}
I/APP     ( 4161): I 01/30/2013 15:45:17:131 00001058           HttpServer| GC Start.
I/APP     ( 4161): I 01/30/2013 15:45:17:220 00001058           HttpServer| GC End.
I/APP     ( 4161): I 01/30/2013 15:45:17:671 00001058           HttpServer| Process URI: '/public/images/macotec/macotec_loader.gif'
D/dalvikvm(  163): GC_CONCURRENT freed 385K, 6% free 9533K/10119K, paused 5ms+36ms
D/dalvikvm( 4161): GC_CONCURRENT freed 924K, 8% free 12456K/13511K, paused 19ms+40ms
D/webviewglue( 4161): nativeDestroy view: 0x290e10
D/dalvikvm( 4161): GC_CONCURRENT freed 776K, 7% free 12731K/13639K, paused 8ms+27ms
F/BatteryStatsImpl(   77): problem reading network stats
F/BatteryStatsImpl(   77): java.lang.IllegalStateException: problem parsing idx 1
F/BatteryStatsImpl(   77): 	at com.android.internal.net.NetworkStatsFactory.readNetworkStatsDetail(NetworkStatsFactory.java:300)
F/BatteryStatsImpl(   77): 	at com.android.internal.net.NetworkStatsFactory.readNetworkStatsDetail(NetworkStatsFactory.java:250)
F/BatteryStatsImpl(   77): 	at com.android.internal.os.BatteryStatsImpl.getNetworkStatsDetailGroupedByUid(BatteryStatsImpl.java:5734)
F/BatteryStatsImpl(   77): 	at com.android.internal.os.BatteryStatsImpl.access$100(BatteryStatsImpl.java:76)
F/BatteryStatsImpl(   77): 	at com.android.internal.os.BatteryStatsImpl$Uid.computeCurrentTcpBytesReceived(BatteryStatsImpl.java:2457)
F/BatteryStatsImpl(   77): 	at com.android.internal.os.BatteryStatsImpl$Uid.getTcpBytesReceived(BatteryStatsImpl.java:2446)
F/BatteryStatsImpl(   77): 	at com.android.internal.os.BatteryStatsImpl.writeSummaryToParcel(BatteryStatsImpl.java:5437)
F/BatteryStatsImpl(   77): 	at com.android.internal.os.BatteryStatsImpl.writeLocked(BatteryStatsImpl.java:4836)
F/BatteryStatsImpl(   77): 	at com.android.internal.os.BatteryStatsImpl.writeAsyncLocked(BatteryStatsImpl.java:4818)
F/BatteryStatsImpl(   77): 	at com.android.server.am.ActivityManagerService.updateCpuStatsNow(ActivityManagerService.java:1652)
F/BatteryStatsImpl(   77): 	at com.android.server.am.ActivityManagerService$3.run(ActivityManagerService.java:1534)
F/BatteryStatsImpl(   77): Caused by: java.io.FileNotFoundException: /proc/net/xt_qtaguid/stats: open failed: ENOENT (No such file or directory)
F/BatteryStatsImpl(   77): 	at libcore.io.IoBridge.open(IoBridge.java:406)
F/BatteryStatsImpl(   77): 	at java.io.FileInputStream.<init>(FileInputStream.java:78)
F/BatteryStatsImpl(   77): 	at com.android.internal.net.NetworkStatsFactory.readNetworkStatsDetail(NetworkStatsFactory.java:269)
F/BatteryStatsImpl(   77): 	... 10 more
F/BatteryStatsImpl(   77): Caused by: libcore.io.ErrnoException: open failed: ENOENT (No such file or directory)
F/BatteryStatsImpl(   77): 	at libcore.io.Posix.open(Native Method)
F/BatteryStatsImpl(   77): 	at libcore.io.BlockGuardOs.open(BlockGuardOs.java:110)
F/BatteryStatsImpl(   77): 	at libcore.io.IoBridge.open(IoBridge.java:390)
F/BatteryStatsImpl(   77): 	... 12 more
D/dalvikvm(   77): GC_CONCURRENT freed 434K, 15% free 11370K/13255K, paused 5ms+42ms
D/dalvikvm(  163): GC_CONCURRENT freed 384K, 6% free 9533K/10119K, paused 15ms+31ms
W/ThrottleService(   77): unable to find stats for iface rmnet0
D/dalvikvm( 4161): GC_CONCURRENT freed 1118K, 9% free 12773K/14023K, paused 7ms+26ms
D/dalvikvm( 4161): GC_CONCURRENT freed 1183K, 10% free 12773K/14087K, paused 9ms+33ms
D/dalvikvm(  163): GC_CONCURRENT freed 384K, 6% free 9532K/10119K, paused 4ms+26ms
W/ThrottleService(   77): unable to find stats for iface rmnet0
D/dalvikvm( 4161): GC_CONCURRENT freed 1179K, 10% free 12776K/14087K, paused 4ms+35ms
F/NetworkStats(   77): problem reading network stats
F/NetworkStats(   77): java.lang.IllegalStateException: problem parsing idx 1
F/NetworkStats(   77): 	at com.android.internal.net.NetworkStatsFactory.readNetworkStatsDetail(NetworkStatsFactory.java:300)
F/NetworkStats(   77): 	at com.android.server.NetworkManagementService.getNetworkStatsUidDetail(NetworkManagementService.java:1282)
F/NetworkStats(   77): 	at com.android.server.net.NetworkStatsService.performPollLocked(NetworkStatsService.java:831)
F/NetworkStats(   77): 	at com.android.server.net.NetworkStatsService.performPoll(NetworkStatsService.java:799)
F/NetworkStats(   77): 	at com.android.server.net.NetworkStatsService.access$100(NetworkStatsService.java:128)
F/NetworkStats(   77): 	at com.android.server.net.NetworkStatsService$3.onReceive(NetworkStatsService.java:633)
F/NetworkStats(   77): 	at android.app.LoadedApk$ReceiverDispatcher$Args.run(LoadedApk.java:728)
F/NetworkStats(   77): 	at android.os.Handler.handleCallback(Handler.java:605)
F/NetworkStats(   77): 	at android.os.Handler.dispatchMessage(Handler.java:92)
F/NetworkStats(   77): 	at android.os.Looper.loop(Looper.java:137)
F/NetworkStats(   77): 	at android.os.HandlerThread.run(HandlerThread.java:60)
F/NetworkStats(   77): Caused by: java.io.FileNotFoundException: /proc/net/xt_qtaguid/stats: open failed: ENOENT (No such file or directory)
F/NetworkStats(   77): 	at libcore.io.IoBridge.open(IoBridge.java:406)
F/NetworkStats(   77): 	at java.io.FileInputStream.<init>(FileInputStream.java:78)
F/NetworkStats(   77): 	at com.android.internal.net.NetworkStatsFactory.readNetworkStatsDetail(NetworkStatsFactory.java:269)
F/NetworkStats(   77): 	... 10 more
F/NetworkStats(   77): Caused by: libcore.io.ErrnoException: open failed: ENOENT (No such file or directory)
F/NetworkStats(   77): 	at libcore.io.Posix.open(Native Method)
F/NetworkStats(   77): 	at libcore.io.BlockGuardOs.open(BlockGuardOs.java:110)
F/NetworkStats(   77): 	at libcore.io.IoBridge.open(IoBridge.java:390)
F/NetworkStats(   77): 	... 12 more
D/dalvikvm(   77): GC_CONCURRENT freed 507K, 15% free 11374K/13255K, paused 10ms+187ms
D/dalvikvm(  163): GC_CONCURRENT freed 384K, 6% free 9532K/10119K, paused 9ms+4ms
D/dalvikvm( 4161): GC_CONCURRENT freed 1185K, 10% free 12772K/14087K, paused 47ms+139ms
W/ThrottleService(   77): unable to find stats for iface rmnet0
D/dalvikvm(  163): GC_CONCURRENT freed 384K, 6% free 9532K/10119K, paused 4ms+68ms
D/dalvikvm( 4161): GC_CONCURRENT freed 1183K, 10% free 12772K/14087K, paused 10ms+35ms
D/dalvikvm( 4161): GC_CONCURRENT freed 1184K, 10% free 12772K/14087K, paused 4ms+31ms
D/dalvikvm(  163): GC_CONCURRENT freed 384K, 6% free 9532K/10119K, paused 5ms+4ms
F/BatteryStatsImpl(   77): problem reading network stats
F/BatteryStatsImpl(   77): java.lang.IllegalStateException: problem parsing idx 1
F/BatteryStatsImpl(   77): 	at com.android.internal.net.NetworkStatsFactory.readNetworkStatsDetail(NetworkStatsFactory.java:300)
F/BatteryStatsImpl(   77): 	at com.android.internal.net.NetworkStatsFactory.readNetworkStatsDetail(NetworkStatsFactory.java:250)
F/BatteryStatsImpl(   77): 	at com.android.internal.os.BatteryStatsImpl.getNetworkStatsDetailGroupedByUid(BatteryStatsImpl.java:5734)
F/BatteryStatsImpl(   77): 	at com.android.internal.os.BatteryStatsImpl.access$100(BatteryStatsImpl.java:76)
F/BatteryStatsImpl(   77): 	at com.android.internal.os.BatteryStatsImpl$Uid.computeCurrentTcpBytesReceived(BatteryStatsImpl.java:2457)
F/BatteryStatsImpl(   77): 	at com.android.internal.os.BatteryStatsImpl$Uid.getTcpBytesReceived(BatteryStatsImpl.java:2446)
F/BatteryStatsImpl(   77): 	at com.android.internal.os.BatteryStatsImpl.writeSummaryToParcel(BatteryStatsImpl.java:5437)
F/BatteryStatsImpl(   77): 	at com.android.internal.os.BatteryStatsImpl.writeLocked(BatteryStatsImpl.java:4836)
F/BatteryStatsImpl(   77): 	at com.android.internal.os.BatteryStatsImpl.writeAsyncLocked(BatteryStatsImpl.java:4818)
F/BatteryStatsImpl(   77): 	at com.android.server.am.ActivityManagerService.updateCpuStatsNow(ActivityManagerService.java:1652)
F/BatteryStatsImpl(   77): 	at com.android.server.am.ActivityManagerService$3.run(ActivityManagerService.java:1534)
F/BatteryStatsImpl(   77): Caused by: java.io.FileNotFoundException: /proc/net/xt_qtaguid/stats: open failed: ENOENT (No such file or directory)
F/BatteryStatsImpl(   77): 	at libcore.io.IoBridge.open(IoBridge.java:406)
F/BatteryStatsImpl(   77): 	at java.io.FileInputStream.<init>(FileInputStream.java:78)
F/BatteryStatsImpl(   77): 	at com.android.internal.net.NetworkStatsFactory.readNetworkStatsDetail(NetworkStatsFactory.java:269)
F/BatteryStatsImpl(   77): 	... 10 more
F/BatteryStatsImpl(   77): Caused by: libcore.io.ErrnoException: open failed: ENOENT (No such file or directory)
F/BatteryStatsImpl(   77): 	at libcore.io.Posix.open(Native Method)
F/BatteryStatsImpl(   77): 	at libcore.io.BlockGuardOs.open(BlockGuardOs.java:110)
F/BatteryStatsImpl(   77): 	at libcore.io.IoBridge.open(IoBridge.java:390)
F/BatteryStatsImpl(   77): 	... 12 more
D/dalvikvm(   77): GC_CONCURRENT freed 490K, 15% free 11382K/13255K, paused 10ms+39ms
W/ThrottleService(   77): unable to find stats for iface rmnet0
D/dalvikvm( 4161): GC_CONCURRENT freed 1185K, 10% free 12770K/14087K, paused 4ms+31ms
D/dalvikvm(  163): GC_CONCURRENT freed 385K, 6% free 9533K/10119K, paused 5ms+34ms
D/dalvikvm( 4161): GC_CONCURRENT freed 1183K, 10% free 12772K/14087K, paused 5ms+27ms
W/ThrottleService(   77): unable to find stats for iface rmnet0
D/dalvikvm(  129): GC_CONCURRENT freed 370K, 30% free 10280K/14535K, paused 30ms+35ms
D/dalvikvm( 4161): GC_CONCURRENT freed 1186K, 10% free 12769K/14087K, paused 9ms+27ms
D/dalvikvm(  163): GC_CONCURRENT freed 385K, 6% free 9532K/10119K, paused 7ms+3ms
V/BackupManagerService(   77): Running a backup pass
V/BackupManagerService(   77): Backup requested but nothing pending
F/NetworkStats(   77): problem reading network stats
F/NetworkStats(   77): java.lang.IllegalStateException: problem parsing idx 1
F/NetworkStats(   77): 	at com.android.internal.net.NetworkStatsFactory.readNetworkStatsDetail(NetworkStatsFactory.java:300)
F/NetworkStats(   77): 	at com.android.server.NetworkManagementService.getNetworkStatsUidDetail(NetworkManagementService.java:1282)
F/NetworkStats(   77): 	at com.android.server.net.NetworkStatsService.performPollLocked(NetworkStatsService.java:831)
F/NetworkStats(   77): 	at com.android.server.net.NetworkStatsService.performPoll(NetworkStatsService.java:799)
F/NetworkStats(   77): 	at com.android.server.net.NetworkStatsService.access$100(NetworkStatsService.java:128)
F/NetworkStats(   77): 	at com.android.server.net.NetworkStatsService$3.onReceive(NetworkStatsService.java:633)
F/NetworkStats(   77): 	at android.app.LoadedApk$ReceiverDispatcher$Args.run(LoadedApk.java:728)
F/NetworkStats(   77): 	at android.os.Handler.handleCallback(Handler.java:605)
F/NetworkStats(   77): 	at android.os.Handler.dispatchMessage(Handler.java:92)
F/NetworkStats(   77): 	at android.os.Looper.loop(Looper.java:137)
F/NetworkStats(   77): 	at android.os.HandlerThread.run(HandlerThread.java:60)
F/NetworkStats(   77): Caused by: java.io.FileNotFoundException: /proc/net/xt_qtaguid/stats: open failed: ENOENT (No such file or directory)
F/NetworkStats(   77): 	at libcore.io.IoBridge.open(IoBridge.java:406)
F/NetworkStats(   77): 	at java.io.FileInputStream.<init>(FileInputStream.java:78)
F/NetworkStats(   77): 	at com.android.internal.net.NetworkStatsFactory.readNetworkStatsDetail(NetworkStatsFactory.java:269)
F/NetworkStats(   77): 	... 10 more
F/NetworkStats(   77): Caused by: libcore.io.ErrnoException: open failed: ENOENT (No such file or directory)
F/NetworkStats(   77): 	at libcore.io.Posix.open(Native Method)
F/NetworkStats(   77): 	at libcore.io.BlockGuardOs.open(BlockGuardOs.java:110)
F/NetworkStats(   77): 	at libcore.io.IoBridge.open(IoBridge.java:390)
F/NetworkStats(   77): 	... 12 more
D/dalvikvm(   77): GC_CONCURRENT freed 525K, 15% free 11378K/13255K, paused 131ms+218ms
D/dalvikvm( 4161): GC_CONCURRENT freed 1140K, 10% free 12753K/14087K, paused 24ms+110ms
D/dalvikvm(  163): GC_CONCURRENT freed 384K, 6% free 9532K/10119K, paused 6ms+4ms
D/dalvikvm( 4161): GC_CONCURRENT freed 1120K, 10% free 12749K/14087K, paused 6ms+27ms
W/ThrottleService(   77): unable to find stats for iface rmnet0
D/dalvikvm( 4161): GC_CONCURRENT freed 1114K, 10% free 12750K/14087K, paused 15ms+36ms
D/dalvikvm(  163): GC_CONCURRENT freed 383K, 6% free 9532K/10119K, paused 86ms+79ms
F/BatteryStatsImpl(   77): problem reading network stats
F/BatteryStatsImpl(   77): java.lang.IllegalStateException: problem parsing idx 1
F/BatteryStatsImpl(   77): 	at com.android.internal.net.NetworkStatsFactory.readNetworkStatsDetail(NetworkStatsFactory.java:300)
F/BatteryStatsImpl(   77): 	at com.android.internal.net.NetworkStatsFactory.readNetworkStatsDetail(NetworkStatsFactory.java:250)
F/BatteryStatsImpl(   77): 	at com.android.internal.os.BatteryStatsImpl.getNetworkStatsDetailGroupedByUid(BatteryStatsImpl.java:5734)
F/BatteryStatsImpl(   77): 	at com.android.internal.os.BatteryStatsImpl.access$100(BatteryStatsImpl.java:76)
F/BatteryStatsImpl(   77): 	at com.android.internal.os.BatteryStatsImpl$Uid.computeCurrentTcpBytesReceived(BatteryStatsImpl.java:2457)
F/BatteryStatsImpl(   77): 	at com.android.internal.os.BatteryStatsImpl$Uid.getTcpBytesReceived(BatteryStatsImpl.java:2446)
