I/APP     (  787): I 03/26/2013 17:46:30:853 00000329           HttpServer| Process URI: '/public/images/macotec/gallery.png'
I/APP     (  787): I 03/26/2013 17:46:50:784 00000329           HttpServer| Process URI: '/app/Request/popup'
I/APP     (  787): I 03/26/2013 17:46:50:792 00000329                  APP| RHO serve: /app/Request/popup
I/APP     (  787): I 03/26/2013 17:46:50:864 00000329                  APP| Params: {"flag"=>"1", "title"=>"Begin of rental period", "field_key"=>"date"}
I/ActivityManager(   78): START {cmp=com.rhomobile.macotec/com.rhomobile.rhodes.datetime.DateTimePickerScreen (has extras)} from pid 787
W/WindowManager(   78): Failure taking screenshot for (180x300) to layer 21010
I/APP     (  787): I 03/26/2013 17:46:51:020 00000329           HttpServer| GC Start.
I/APP     (  787): I 03/26/2013 17:46:51:204 00000329           HttpServer| GC End.
W/ActivityManager(   78): Activity pause timeout for ActivityRecord{41295bf0 com.rhomobile.macotec/com.rhomobile.rhodes.RhodesActivity}
I/Process (   78): Sending signal. PID: 787 SIG: 3
I/dalvikvm(  787): threadid=3: reacting to signal 3
I/APP     (  787): I 03/26/2013 17:46:51:764 00000313       SimpleMainView| Cleared URL: javascript:setFieldValue("date","2013-03-26");
I/dalvikvm(  787): Wrote stack traces to '/data/anr/traces.txt'
I/APP     (  787): I 03/26/2013 17:46:52:505 00000313 AndroidFunctionality| Pause WebView
I/APP     (  787): I 03/26/2013 17:46:52:536 00000313       RhodesActivity| onPause
I/Process (   78): Sending signal. PID: 787 SIG: 3
I/dalvikvm(  787): threadid=3: reacting to signal 3
I/APP     (  787): I 03/26/2013 17:46:52:837 00000329           HttpServer| Process URI: '/system/uidestroyed'
I/APP     (  787): I 03/26/2013 17:46:52:989 00000313    RhodesApplication| New UiState: MainActivityPaused
I/dalvikvm(  787): Wrote stack traces to '/data/anr/traces.txt'
I/Process (   78): Sending signal. PID: 787 SIG: 3
I/dalvikvm(  787): threadid=3: reacting to signal 3
I/dalvikvm(  787): Wrote stack traces to '/data/anr/traces.txt'
I/APP     (  787): I 03/26/2013 17:46:53:611 00000313       DateTimePicker| onCreate
I/Process (   78): Sending signal. PID: 787 SIG: 3
I/dalvikvm(  787): threadid=3: reacting to signal 3
I/dalvikvm(  787): Wrote stack traces to '/data/anr/traces.txt'
I/Process (   78): Sending signal. PID: 787 SIG: 3
I/dalvikvm(  787): threadid=3: reacting to signal 3
I/dalvikvm(  787): Wrote stack traces to '/data/anr/traces.txt'
I/Process (   78): Sending signal. PID: 787 SIG: 3
I/dalvikvm(  787): threadid=3: reacting to signal 3
I/dalvikvm(  787): Wrote stack traces to '/data/anr/traces.txt'
I/Process (   78): Sending signal. PID: 787 SIG: 3
I/dalvikvm(  787): threadid=3: reacting to signal 3
I/dalvikvm(  787): Wrote stack traces to '/data/anr/traces.txt'
I/Process (   78): Sending signal. PID: 787 SIG: 3
I/dalvikvm(  787): threadid=3: reacting to signal 3
I/dalvikvm(  787): Wrote stack traces to '/data/anr/traces.txt'
I/Process (   78): Sending signal. PID: 787 SIG: 3
I/dalvikvm(  787): threadid=3: reacting to signal 3
I/dalvikvm(  787): Wrote stack traces to '/data/anr/traces.txt'
D/dalvikvm(  787): GREF has increased to 201
I/Process (   78): Sending signal. PID: 787 SIG: 3
I/dalvikvm(  787): threadid=3: reacting to signal 3
D/RhodesService(  787): +++ onStartCommand
I/RhodesService(  787): handleCommand: startId=2, source=com.rhomobile.rhodes.BaseActivity
D/RhodesService(  787): New activity was created
I/dalvikvm(  787): Wrote stack traces to '/data/anr/traces.txt'
V/PhoneStatusBar(  135): setLightsOn(true)
I/ActivityManager(   78): Displayed com.rhomobile.macotec/com.rhomobile.rhodes.datetime.DateTimePickerScreen: +4s936ms
I/ARMAssembler(   36): generated scanline__00000077:03010104_00008002_00000000 [ 89 ipp] (110 ins) at [0x4129e8f8:0x4129eab0] in 4858691 ns
I/APP     (  787): I 03/26/2013 17:46:57:372 00000313       RhodesActivity| onStop
I/APP     (  787): I 03/26/2013 17:46:59:860 00000313       DateTimePicker| Return result: 1369583160
I/APP     (  787): I 03/26/2013 17:46:59:874 00000329           HttpServer| Process URI: '/app/Request/callback'
I/APP     (  787): I 03/26/2013 17:46:59:876 00000329                  APP| RHO serve: /app/Request/callback
I/APP     (  787): I 03/26/2013 17:46:59:892 00000329                  APP| Params: {"status"=>"ok", "result"=>"1369583160", "opaque"=>"\x04\b{\a:\tflag\"\x061:\x0Efield_key\"\tdate", "rho_callback"=>"1"}
W/WindowManager(   78): Failure taking screenshot for (180x300) to layer 21015
I/APP     (  787): I 03/26/2013 17:46:59:923 00000329           HttpServer| GC Start.
I/APP     (  787): I 03/26/2013 17:46:59:959 00000329           HttpServer| GC End.
I/APP     (  787): I 03/26/2013 17:46:59:990 00000313       SimpleMainView| Cleared URL: javascript:setFieldValue("date","26. May 2013");
I/APP     (  787): I 03/26/2013 17:47:00:088 00000313       RhodesActivity| onStart
I/APP     (  787): I 03/26/2013 17:47:00:103 00000313    RhodesApplication| New UiState: MainActivityStarted
I/APP     (  787): I 03/26/2013 17:47:00:104 00000313       RhodesActivity| onResume
I/APP     (  787): I 03/26/2013 17:47:00:117 00000313 AndroidFunctionality| Resume WebView
V/PhoneStatusBar(  135): setLightsOn(true)
I/Process (   78): Sending signal. PID: 787 SIG: 3
I/dalvikvm(  787): threadid=3: reacting to signal 3
I/dalvikvm(  787): Wrote stack traces to '/data/anr/traces.txt'
D/dalvikvm(   78): GC_CONCURRENT freed 367K, 12% free 11276K/12807K, paused 6ms+39ms
D/dalvikvm(  135): GC_CONCURRENT freed 468K, 30% free 9919K/14023K, paused 4ms+31ms
D/dalvikvm(  787): GC_CONCURRENT freed 543K, 5% free 13030K/13703K, paused 8ms+15ms
D/dalvikvm(  135): GC_CONCURRENT freed 435K, 30% free 9944K/14023K, paused 4ms+15ms
D/InputEventConsistencyVerifier(  787): KeyEvent: ACTION_UP but key was not down.
D/InputEventConsistencyVerifier(  787):   in android.webkit.WebView@412fd300
D/InputEventConsistencyVerifier(  787):   0: sent at 1035384000000, KeyEvent { action=ACTION_UP, keyCode=KEYCODE_DPAD_DOWN, scanCode=108, metaState=0, flags=0x8, repeatCount=0, eventTime=1035384, downTime=1035384, deviceId=0, source=0x301 }
D/InputEventConsistencyVerifier(  787):   -- recent events --
D/InputEventConsistencyVerifier(  787):   1: sent at 1030058357000, MotionEvent { action=ACTION_UP, id[0]=0, x[0]=250.0, y[0]=658.0, toolType[0]=TOOL_TYPE_FINGER, buttonState=0, metaState=0, flags=0x0, edgeFlags=0x0, pointerCount=1, historySize=0, eventTime=1030058, downTime=1029953, deviceId=0, source=0x1002 }
D/InputEventConsistencyVerifier(  787):   2: sent at 1030040088000, MotionEvent { action=ACTION_MOVE, id[0]=0, x[0]=250.0, y[0]=658.0, toolType[0]=TOOL_TYPE_FINGER, buttonState=0, metaState=0, flags=0x0, edgeFlags=0x0, pointerCount=1, historySize=0, eventTime=1030040, downTime=1029953, deviceId=0, source=0x1002 }
D/InputEventConsistencyVerifier(  787):   3: sent at 1029953895000, MotionEvent { action=ACTION_DOWN, id[0]=0, x[0]=250.0, y[0]=657.0, toolType[0]=TOOL_TYPE_FINGER, buttonState=0, metaState=0, flags=0x0, edgeFlags=0x0, pointerCount=1, historySize=0, eventTime=1029953, downTime=1029953, deviceId=0, source=0x1002 }
D/InputEventConsistencyVerifier(  787):   4: sent at 1026869329000, MotionEvent { action=ACTION_UP, id[0]=0, x[0]=227.0, y[0]=555.0, toolType[0]=TOOL_TYPE_FINGER, buttonState=0, metaState=0, flags=0x0, edgeFlags=0x0, pointerCount=1, historySize=0, eventTime=1026869, downTime=1026746, deviceId=0, source=0x1002 }
D/InputEventConsistencyVerifier(  787):   5: sent at 1026746710000, MotionEvent { action=ACTION_DOWN, id[0]=0, x[0]=227.0, y[0]=555.0, toolType[0]=TOOL_TYPE_FINGER, buttonState=0, metaState=0, flags=0x0, edgeFlags=0x0, pointerCount=1, historySize=0, eventTime=1026746, downTime=1026746, deviceId=0, source=0x1002 }
I/APP     (  787): I 03/26/2013 17:47:19:893 00000329           HttpServer| Process URI: '/app/Request/choose_existing'
I/APP     (  787): I 03/26/2013 17:47:19:895 00000329                  APP| RHO serve: /app/Request/choose_existing
I/APP     (  787): I 03/26/2013 17:47:19:918 00000329           HttpServer| GC Start.
I/APP     (  787): I 03/26/2013 17:47:20:306 00000329           HttpServer| GC End.
I/ActivityManager(   78): START {cmp=com.rhomobile.macotec/com.rhomobile.rhodes.camera.FileList (has extras)} from pid 787
W/WindowManager(   78): Failure taking screenshot for (180x300) to layer 21010
I/APP     (  787): I 03/26/2013 17:47:20:800 00000313 AndroidFunctionality| Pause WebView
I/APP     (  787): I 03/26/2013 17:47:20:809 00000313       RhodesActivity| onPause
I/APP     (  787): I 03/26/2013 17:47:20:952 00000329           HttpServer| Process URI: '/system/uidestroyed'
I/APP     (  787): I 03/26/2013 17:47:20:988 00000313    RhodesApplication| New UiState: MainActivityPaused
I/Process (   78): Sending signal. PID: 787 SIG: 3
I/dalvikvm(  787): threadid=3: reacting to signal 3
I/dalvikvm(  787): Wrote stack traces to '/data/anr/traces.txt'
I/Process (   78): Sending signal. PID: 787 SIG: 3
I/dalvikvm(  787): threadid=3: reacting to signal 3
I/dalvikvm(  787): Wrote stack traces to '/data/anr/traces.txt'
I/Process (   78): Sending signal. PID: 787 SIG: 3
I/dalvikvm(  787): threadid=3: reacting to signal 3
I/dalvikvm(  787): Wrote stack traces to '/data/anr/traces.txt'
D/RhodesService(  787): +++ onStartCommand
I/RhodesService(  787): handleCommand: startId=3, source=com.rhomobile.rhodes.BaseActivity
D/RhodesService(  787): New activity was created
I/Process (   78): Sending signal. PID: 787 SIG: 3
I/dalvikvm(  787): threadid=3: reacting to signal 3
I/dalvikvm(  787): Wrote stack traces to '/data/anr/traces.txt'
I/Process (   78): Sending signal. PID: 787 SIG: 3
I/dalvikvm(  787): threadid=3: reacting to signal 3
I/dalvikvm(  787): Wrote stack traces to '/data/anr/traces.txt'
V/PhoneStatusBar(  135): setLightsOn(true)
I/Process (   78): Sending signal. PID: 787 SIG: 3
I/dalvikvm(  787): threadid=3: reacting to signal 3
I/dalvikvm(  787): Wrote stack traces to '/data/anr/traces.txt'
I/Process (   78): Sending signal. PID: 787 SIG: 3
I/dalvikvm(  787): threadid=3: reacting to signal 3
I/dalvikvm(  787): Wrote stack traces to '/data/anr/traces.txt'
I/Process (   78): Sending signal. PID: 787 SIG: 3
I/dalvikvm(  787): threadid=3: reacting to signal 3
I/dalvikvm(  787): Wrote stack traces to '/data/anr/traces.txt'
I/ActivityManager(   78): Displayed com.rhomobile.macotec/com.rhomobile.rhodes.camera.FileList: +4s197ms
I/APP     (  787): I 03/26/2013 17:47:25:570 00000313       RhodesActivity| onStop
I/APP     (  787): I 03/26/2013 17:47:26:461 00000313             FileList| Selected file: /mnt/sdcard/DCIM/Camera/1362147728824.jpg
I/APP     (  787): I 03/26/2013 17:47:27:763 00000329           HttpServer| Process URI: '/app/Request/choose_existing_callback'
I/APP     (  787): I 03/26/2013 17:47:27:765 00000329                  APP| RHO serve: /app/Request/choose_existing_callback
I/APP     (  787): I 03/26/2013 17:47:27:781 00000329                  APP| Params: {"rho_callback"=>"1", "status"=>"ok", "image_uri"=>"db/db-files/1362147728824.jpg"}
I/APP     (  787): I 03/26/2013 17:47:27:785 00000329           HttpServer| GC Start.
W/WindowManager(   78): Failure taking screenshot for (180x300) to layer 21015
I/APP     (  787): I 03/26/2013 17:47:27:818 00000313       SimpleMainView| Cleared URL: javascript:showImage("/data/data/com.rhomobile.macotec/rhodata/db/db-files/1362147728824.jpg");
I/APP     (  787): I 03/26/2013 17:47:27:896 00000313       RhodesActivity| onStart
I/APP     (  787): I 03/26/2013 17:47:27:906 00000313    RhodesApplication| New UiState: MainActivityStarted
I/APP     (  787): I 03/26/2013 17:47:27:907 00000313       RhodesActivity| onResume
I/APP     (  787): I 03/26/2013 17:47:27:923 00000313 AndroidFunctionality| Resume WebView
V/PhoneStatusBar(  135): setLightsOn(true)
I/APP     (  787): I 03/26/2013 17:47:27:923 00000329           HttpServer| GC End.
I/APP     (  787): I 03/26/2013 17:47:27:991 00000329           HttpServer| Process URI: '/data/data/com.rhomobile.macotec/rhodata/db/db-files/1362147728824.jpg'
I/Process (   78): Sending signal. PID: 787 SIG: 3
I/dalvikvm(  787): threadid=3: reacting to signal 3
I/dalvikvm(  787): Wrote stack traces to '/data/anr/traces.txt'
D/dalvikvm(  135): GC_CONCURRENT freed 555K, 30% free 9892K/14023K, paused 4ms+5ms
D/dalvikvm(   78): GREF has increased to 501
D/dalvikvm(   78): GC_CONCURRENT freed 449K, 13% free 11269K/12807K, paused 4ms+17ms
E/ActivityThread(  347): Failed to find provider info for com.android.inputmethod.latin.dictionarypack
E/BinaryDictionaryGetter(  347): Could not find a dictionary pack
I/APP     (  787): I 03/26/2013 17:47:54:126 00000329           HttpServer| Process URI: '/app/Request/submit_request_catalog'
I/APP     (  787): I 03/26/2013 17:47:54:136 00000329                  APP| RHO serve: /app/Request/submit_request_catalog
I/APP     (  787): I 03/26/2013 17:47:54:176 00000329                  APP| Params: {"rental_begin"=>"26. May 2013", "operation_period"=>"12", "amount_product"=>"5", "location"=>"Berlin", "information"=>"Koine", "hiddenImagePath"=>"/data/data/com.rhomobile.macotec/rhodata/db/db-files/1362147728824.jpg", "company"=>"Hasenbert", "phone"=>"030987987", "email"=>"hase@hasenbert.de"}
I/APP     (  787): I 03/26/2013 17:47:54:243 00000329            AsyncHttp| addCommand: Upload
I/APP     (  787): I 03/26/2013 17:47:54:278 00000341            AsyncHttp| Starting main routine...
I/APP     (  787): I 03/26/2013 17:47:54:283 00000341                  Net| POST request (Push): http://www.datenloft.com/macotec/send_request_rental_test.php
I/APP     (  787): I 03/26/2013 17:47:54:373 00000329           HttpServer| GC Start.
D/dalvikvm(  135): GC_CONCURRENT freed 326K, 29% free 9987K/14023K, paused 22ms+5ms
I/APP     (  787): I 03/26/2013 17:47:54:476 00000329           HttpServer| GC End.
I/APP     (  787): I 03/26/2013 17:47:54:993 00000329           HttpServer| Process URI: '/public/images/macotec/macotec_loader.gif'
I/APP     (  787): E 03/26/2013 17:47:54:995 00000329           HttpServer| The file /public/images/macotec/macotec_loader.gif was not found
I/APP     (  787): I 03/26/2013 17:47:55:111 00000329           HttpServer| Process URI: '/app/Request/http_callback'
I/APP     (  787): I 03/26/2013 17:47:55:113 00000329                  APP| RHO serve: /app/Request/http_callback
I/APP     (  787): I 03/26/2013 17:47:55:130 00000329                  APP| Params: {"rho_callback"=>"1", "status"=>"ok", "http_error"=>"200", "headers"=>{"User-Agent"=>"Mozilla-5.0 (ANDROID; unknown generic; 4.0.4)"}, "__rho_object"=>{"body"=>"0"}}
I/APP     (  787): I 03/26/2013 17:47:59:149 00000313       SimpleMainView| Cleared URL: http://localhost:8080/app/Request/request?result=SUCCESS&message=
I/APP     (  787): I 03/26/2013 17:47:59:182 00000341            AsyncHttp| ThreadQueue blocked for 4294967295 seconds...
I/APP     (  787): I 03/26/2013 17:47:59:183 00000329           HttpServer| GC Start.
I/APP     (  787): I 03/26/2013 17:47:59:210 00000329           HttpServer| GC End.
I/APP     (  787): I 03/26/2013 17:47:59:213 00000329           HttpServer| Process URI: '/app/Request/request'
I/APP     (  787): I 03/26/2013 17:47:59:219 00000329                  APP| RHO serve: /app/Request/request
I/APP     (  787): I 03/26/2013 17:47:59:231 00000329                  APP| Params: {"result"=>"SUCCESS", "message"=>""}
I/ActivityManager(   78): START {cmp=com.rhomobile.macotec/com.rhomobile.rhodes.alert.PopupActivity (has extras)} from pid 787
W/WindowManager(   78): Failure taking screenshot for (180x300) to layer 21010
I/APP     (  787): I 03/26/2013 17:47:59:268 00000313 AndroidFunctionality| Pause WebView
I/APP     (  787): I 03/26/2013 17:47:59:269 00000313       RhodesActivity| onPause
I/APP     (  787): I 03/26/2013 17:47:59:361 00000329 RHO RequestController| Layout file: /data/data/com.rhomobile.macotec/rhodata/apps/app/layout_erb.iseq. Content size: 4020
I/APP     (  787): I 03/26/2013 17:47:59:389 00000329           HttpServer| GC Start.
I/APP     (  787): I 03/26/2013 17:47:59:437 00000329           HttpServer| GC End.
I/APP     (  787): I 03/26/2013 17:47:59:438 00000329           HttpServer| Process URI: '/system/uidestroyed'
I/APP     (  787): I 03/26/2013 17:47:59:451 00000313    RhodesApplication| New UiState: MainActivityPaused
D/dalvikvm(   78): GC_EXPLICIT freed 179K, 13% free 11242K/12807K, paused 7ms+19ms
V/PhoneStatusBar(  135): setLightsOn(true)
D/RhodesService(  787): +++ onStartCommand
I/RhodesService(  787): handleCommand: startId=4, source=com.rhomobile.rhodes.BaseActivity
D/RhodesService(  787): New activity was created
I/Process (   78): Sending signal. PID: 787 SIG: 3
I/dalvikvm(  787): threadid=3: reacting to signal 3
I/dalvikvm(  787): Wrote stack traces to '/data/anr/traces.txt'
I/ActivityManager(   78): Displayed com.rhomobile.macotec/com.rhomobile.rhodes.alert.PopupActivity: +814ms
I/APP     (  787): I 03/26/2013 17:48:01:559 00000329           HttpServer| Process URI: '/public/images/macotec/forklifter_full.png'
I/APP     (  787): I 03/26/2013 17:48:01:936 00000329           HttpServer| Process URI: '/public/images/macotec/request_contract.png'
I/APP     (  787): I 03/26/2013 17:48:02:969 00000329           HttpServer| Process URI: '/app/Request/request_popup_callback'
I/APP     (  787): I 03/26/2013 17:48:02:971 00000329                  APP| RHO serve: /app/Request/request_popup_callback
I/APP     (  787): I 03/26/2013 17:48:02:974 00000329                  APP| Params: {"button_id"=>"OK", "button_title"=>"OK", "rho_callback"=>"1"}
I/APP     (  787): I 03/26/2013 17:48:02:989 00000329           HttpServer| GC Start.
I/APP     (  787): I 03/26/2013 17:48:03:017 00000329           HttpServer| GC End.
W/WindowManager(   78): Failure taking screenshot for (180x300) to layer 21020
V/PhoneStatusBar(  135): setLightsOn(true)
I/APP     (  787): I 03/26/2013 17:48:03:205 00000313       RhodesActivity| onResume
I/APP     (  787): I 03/26/2013 17:48:03:206 00000313 AndroidFunctionality| Resume WebView
I/ActivityManager(   78): START {act=android.intent.action.MAIN cat=[android.intent.category.HOME] flg=0x10200000 cmp=com.android.launcher/com.android.launcher2.Launcher} from pid 78
W/WindowManager(   78): Failure taking screenshot for (180x300) to layer 21010
I/APP     (  787): I 03/26/2013 17:48:08:871 00000313 AndroidFunctionality| Pause WebView
I/APP     (  787): I 03/26/2013 17:48:08:872 00000313       RhodesActivity| onPause
I/APP     (  787): I 03/26/2013 17:48:08:873 00000313    RhodesApplication| New UiState: MainActivityPaused
W/NetworkManagementSocketTagger(   78): setKernelCountSet(10009, 1) failed with errno -2
W/InputManagerService(   78): Starting input on non-focused client com.android.internal.view.IInputMethodClient$Stub$Proxy@414bf900 (uid=10040 pid=787)
I/APP     (  787): I 03/26/2013 17:48:09:730 00000313    RhodesApplication| New AppState: AppDeactivated
I/APP     (  787): I 03/26/2013 17:48:09:773 00000313        RhodesService| activityStopped() temporary release wakeLock object
I/APP     (  787): I 03/26/2013 17:48:09:782 00000313            RhodesApp| callAppActiveCallback
I/APP     (  787): I 03/26/2013 17:48:09:825 00000313         AppCallbacks| addCommand: APP-DEACTIVATED
I/APP     (  787): I 03/26/2013 17:48:09:826 00000327         AppCallbacks| process command: APP-DEACTIVATED
I/APP     (  787): I 03/26/2013 17:48:09:831 00000327         AppCallbacks| ThreadQueue blocked for 4294967295 seconds...
I/APP     (  787): I 03/26/2013 17:48:09:894 00000329           HttpServer| Process URI: '/system/deactivateapp'
I/APP     (  787): I 03/26/2013 17:48:09:947 00000313       RhodesActivity| onStop
W/NetworkManagementSocketTagger(   78): setKernelCountSet(10040, 0) failed with errno -2
