I/APP     ( 4059): T 03/13/2013 16:36:31:637 00000ff2           HttpServer| Close connected socket
I/APP     ( 4059): I 03/13/2013 16:36:31:639 00000ff2           HttpServer| GC Start.
I/dalvikvm( 4059): Wrote stack traces to '/data/anr/traces.txt'
I/APP     ( 4059): I 03/13/2013 16:36:31:867 00000ff2           HttpServer| GC End.
I/APP     ( 4059): T 03/13/2013 16:36:31:885 00000ff2           HttpServer| Waiting for connections...
I/APP     ( 4059): T 03/13/2013 16:36:33:756 00000ff2           HttpServer| Connection accepted, process it...
I/APP     ( 4059): T 03/13/2013 16:36:33:757 00000ff2           HttpServer| Receiving request...
I/APP     ( 4059): T 03/13/2013 16:36:33:757 00000ff2           HttpServer| Read portion of data from socket...
I/APP     ( 4059): T 03/13/2013 16:36:33:809 00000ff2           HttpServer| Read portion of data from socket...
I/APP     ( 4059): T 03/13/2013 16:36:33:813 00000ff2           HttpServer| Actually read 401 bytes
I/APP     ( 4059): T 03/13/2013 16:36:33:833 00000ff2           HttpServer| Read portion of data from socket...
I/APP     ( 4059): T 03/13/2013 16:36:33:853 00000ff2           HttpServer| Received request:
I/APP     ( 4059): GET /public/jqmobile/images/icons-36-white.png HTTP/1.1
I/APP     ( 4059): Host: localhost:8080
I/APP     ( 4059): Connection: keep-alive
I/APP     ( 4059): Referer: http://localhost:8080/app/Product
I/APP     ( 4059): User-Agent: Mozilla/5.0 (Linux; U; Android 4.0.4; en-us; sdk Build/MR1) AppleWebKit/534.30 (KHTML, like Gecko) Version/4.0 Mobile Safari/534.30
I/APP     ( 4059): Accept-Encoding: gzip,deflate
I/APP     ( 4059): Accept-Language: en-US
I/APP     ( 4059): Accept-Charset: utf-8, iso-8859-1, utf-16, *;q=0.7
I/APP     ( 4059): 
I/APP     ( 4059): 733750. 
I/APP     ( 4059): I 03/13/2013 16:36:33:875 00000ff2           HttpServer| Process URI: '/public/jqmobile/images/icons-36-white.png'
I/APP     ( 4059): T 03/13/2013 16:36:33:879 00000ff2           HttpServer| Decide what to do with uri /public/jqmobile/images/icons-36-white.png
I/APP     ( 4059): T 03/13/2013 16:36:33:904 00000ff2           HttpServer| Uri /public/jqmobile/images/icons-36-white.png should be regular file, trying to send it
I/APP     ( 4059): T 03/13/2013 16:36:33:922 00000ff2           HttpServer| Sending file /data/data/com.rhomobile.macotec/rhodata/apps/public/jqmobile/images/icons-36-white.png...
I/APP     ( 4059): T 03/13/2013 16:36:33:943 00000ff2           HttpServer| Sending response...
I/APP     ( 4059): T 03/13/2013 16:36:33:967 00000ff2           HttpServer| Sent response (only headers displayed):
I/APP     ( 4059): HTTP/1.1 200 OK
I/APP     ( 4059): Host: 127.0.0.1:8080
I/APP     ( 4059): Connection: close
I/APP     ( 4059): Content-Type: image/png
I/APP     ( 4059): Expires: Thu, 15 Apr 2020 20:00:00 GMT
I/APP     ( 4059): Cache-Control: max-age=2592000
I/APP     ( 4059): Content-Length: 3746
I/APP     ( 4059): 
I/APP     ( 4059): T 03/13/2013 16:36:33:972 00000ff2           HttpServer| Send continuation data...
I/APP     ( 4059): T 03/13/2013 16:36:34:024 00000ff2           HttpServer| Sent response body: 3746 bytes
I/APP     ( 4059): T 03/13/2013 16:36:34:029 00000ff2           HttpServer| File /public/jqmobile/images/icons-36-white.png was sent successfully
I/APP     ( 4059): T 03/13/2013 16:36:34:056 00000ff2           HttpServer| Close connected socket
I/APP     ( 4059): T 03/13/2013 16:36:34:061 00000ff2           HttpServer| Waiting for connections...
D/dalvikvm(   85): GC_CONCURRENT freed 387K, 12% free 11381K/12871K, paused 11ms+8ms
D/dalvikvm(  170): GC_CONCURRENT freed 384K, 6% free 9533K/10119K, paused 15ms+4ms
V/BackupManagerService(   85): Running a backup pass
V/BackupManagerService(   85): Backup requested but nothing pending
W/ThrottleService(   85): unable to find stats for iface rmnet0
F/NetworkStats(   85): problem reading network stats
F/NetworkStats(   85): java.lang.IllegalStateException: problem parsing idx 1
F/NetworkStats(   85): 	at com.android.internal.net.NetworkStatsFactory.readNetworkStatsDetail(NetworkStatsFactory.java:300)
F/NetworkStats(   85): 	at com.android.server.NetworkManagementService.getNetworkStatsUidDetail(NetworkManagementService.java:1282)
F/NetworkStats(   85): 	at com.android.server.net.NetworkStatsService.performPollLocked(NetworkStatsService.java:831)
F/NetworkStats(   85): 	at com.android.server.net.NetworkStatsService.performPoll(NetworkStatsService.java:799)
F/NetworkStats(   85): 	at com.android.server.net.NetworkStatsService.access$100(NetworkStatsService.java:128)
F/NetworkStats(   85): 	at com.android.server.net.NetworkStatsService$3.onReceive(NetworkStatsService.java:633)
F/NetworkStats(   85): 	at android.app.LoadedApk$ReceiverDispatcher$Args.run(LoadedApk.java:728)
F/NetworkStats(   85): 	at android.os.Handler.handleCallback(Handler.java:605)
F/NetworkStats(   85): 	at android.os.Handler.dispatchMessage(Handler.java:92)
F/NetworkStats(   85): 	at android.os.Looper.loop(Looper.java:137)
F/NetworkStats(   85): 	at android.os.HandlerThread.run(HandlerThread.java:60)
F/NetworkStats(   85): Caused by: java.io.FileNotFoundException: /proc/net/xt_qtaguid/stats: open failed: ENOENT (No such file or directory)
F/NetworkStats(   85): 	at libcore.io.IoBridge.open(IoBridge.java:406)
F/NetworkStats(   85): 	at java.io.FileInputStream.<init>(FileInputStream.java:78)
F/NetworkStats(   85): 	at com.android.internal.net.NetworkStatsFactory.readNetworkStatsDetail(NetworkStatsFactory.java:269)
F/NetworkStats(   85): 	... 10 more
F/NetworkStats(   85): Caused by: libcore.io.ErrnoException: open failed: ENOENT (No such file or directory)
F/NetworkStats(   85): 	at libcore.io.Posix.open(Native Method)
F/NetworkStats(   85): 	at libcore.io.BlockGuardOs.open(BlockGuardOs.java:110)
F/NetworkStats(   85): 	at libcore.io.IoBridge.open(IoBridge.java:390)
F/NetworkStats(   85): 	... 12 more
D/dalvikvm(  170): GC_CONCURRENT freed 384K, 6% free 9533K/10119K, paused 9ms+4ms
D/dalvikvm(  170): GC_CONCURRENT freed 384K, 6% free 9533K/10119K, paused 6ms+4ms
W/ThrottleService(   85): unable to find stats for iface rmnet0
D/dalvikvm(   85): GC_CONCURRENT freed 521K, 12% free 11369K/12871K, paused 18ms+8ms
D/dalvikvm(  170): GC_CONCURRENT freed 384K, 6% free 9533K/10119K, paused 6ms+4ms
F/BatteryStatsImpl(   85): problem reading network stats
F/BatteryStatsImpl(   85): java.lang.IllegalStateException: problem parsing idx 1
F/BatteryStatsImpl(   85): 	at com.android.internal.net.NetworkStatsFactory.readNetworkStatsDetail(NetworkStatsFactory.java:300)
F/BatteryStatsImpl(   85): 	at com.android.internal.net.NetworkStatsFactory.readNetworkStatsDetail(NetworkStatsFactory.java:250)
F/BatteryStatsImpl(   85): 	at com.android.internal.os.BatteryStatsImpl.getNetworkStatsDetailGroupedByUid(BatteryStatsImpl.java:5734)
F/BatteryStatsImpl(   85): 	at com.android.internal.os.BatteryStatsImpl.access$100(BatteryStatsImpl.java:76)
F/BatteryStatsImpl(   85): 	at com.android.internal.os.BatteryStatsImpl$Uid.computeCurrentTcpBytesReceived(BatteryStatsImpl.java:2457)
F/BatteryStatsImpl(   85): 	at com.android.internal.os.BatteryStatsImpl$Uid.getTcpBytesReceived(BatteryStatsImpl.java:2446)
F/BatteryStatsImpl(   85): 	at com.android.internal.os.BatteryStatsImpl.writeSummaryToParcel(BatteryStatsImpl.java:5437)
F/BatteryStatsImpl(   85): 	at com.android.internal.os.BatteryStatsImpl.writeLocked(BatteryStatsImpl.java:4836)
F/BatteryStatsImpl(   85): 	at com.android.internal.os.BatteryStatsImpl.writeAsyncLocked(BatteryStatsImpl.java:4818)
F/BatteryStatsImpl(   85): 	at com.android.server.am.ActivityManagerService.updateCpuStatsNow(ActivityManagerService.java:1652)
F/BatteryStatsImpl(   85): 	at com.android.server.am.ActivityManagerService$3.run(ActivityManagerService.java:1534)
F/BatteryStatsImpl(   85): Caused by: java.io.FileNotFoundException: /proc/net/xt_qtaguid/stats: open failed: ENOENT (No such file or directory)
F/BatteryStatsImpl(   85): 	at libcore.io.IoBridge.open(IoBridge.java:406)
F/BatteryStatsImpl(   85): 	at java.io.FileInputStream.<init>(FileInputStream.java:78)
F/BatteryStatsImpl(   85): 	at com.android.internal.net.NetworkStatsFactory.readNetworkStatsDetail(NetworkStatsFactory.java:269)
F/BatteryStatsImpl(   85): 	... 10 more
F/BatteryStatsImpl(   85): Caused by: libcore.io.ErrnoException: open failed: ENOENT (No such file or directory)
F/BatteryStatsImpl(   85): 	at libcore.io.Posix.open(Native Method)
F/BatteryStatsImpl(   85): 	at libcore.io.BlockGuardOs.open(BlockGuardOs.java:110)
F/BatteryStatsImpl(   85): 	at libcore.io.IoBridge.open(IoBridge.java:390)
F/BatteryStatsImpl(   85): 	... 12 more
D/dalvikvm(  185): GC_CONCURRENT freed 4494K, 27% free 17312K/23495K, paused 14ms+9ms
W/ThrottleService(   85): unable to find stats for iface rmnet0
D/dalvikvm(  140): GC_CONCURRENT freed 384K, 30% free 9773K/13959K, paused 3ms+6ms
I/APP     ( 4059): T 03/13/2013 17:06:53:388 00000fdb    RhodesApplication| Current UiState : MainActivityPaused
I/APP     ( 4059): T 03/13/2013 17:06:53:393 00000fdb    RhodesApplication| Running UiState handler immediately: MainActivityCreated
I/APP     ( 4059): T 03/13/2013 17:06:53:461 00000fdb    RhodesApplication| Current UiState : MainActivityPaused
I/APP     ( 4059): T 03/13/2013 17:06:53:467 00000fdb    RhodesApplication| Running UiState handler immediately: MainActivityCreated
I/APP     ( 4059): T 03/13/2013 17:06:53:535 00000ff2           HttpServer| Connection accepted, process it...
I/APP     ( 4059): T 03/13/2013 17:06:53:536 00000ff2           HttpServer| Receiving request...
I/APP     ( 4059): T 03/13/2013 17:06:53:537 00000ff2           HttpServer| Read portion of data from socket...
I/APP     ( 4059): T 03/13/2013 17:06:53:571 00000ff2           HttpServer| Read portion of data from socket...
I/APP     ( 4059): T 03/13/2013 17:06:53:575 00000ff2           HttpServer| Actually read 407 bytes
I/APP     ( 4059): T 03/13/2013 17:06:53:595 00000ff2           HttpServer| Read portion of data from socket...
I/APP     ( 4059): T 03/13/2013 17:06:53:600 00000ff2           HttpServer| Received request:
I/APP     ( 4059): GET /app/index_erb.iseq HTTP/1.1
I/APP     ( 4059): Host: localhost:8080
I/APP     ( 4059): Connection: keep-alive
I/APP     ( 4059): Accept: text/html,application/xhtml+xml,application/xml;q=0.9,*/*;q=0.8
I/APP     ( 4059): User-Agent: Mozilla/5.0 (Linux; U; Android 4.0.4; en-us; sdk Build/MR1) AppleWebKit/534.30 (KHTML, like Gecko) Version/4.0 Mobile Safari/534.30
I/APP     ( 4059): Accept-Encoding: gzip,deflate
I/APP     ( 4059): Accept-Language: en-US
I/APP     ( 4059): Accept-Charset: utf-8, iso-8859-1, utf-16, *;q=0.7
I/APP     ( 4059): 
I/APP     ( 4059): . 
I/APP     ( 4059): I 03/13/2013 17:06:53:632 00000ff2           HttpServer| Process URI: '/app/index_erb.iseq'
I/APP     ( 4059): T 03/13/2013 17:06:53:637 00000ff2           HttpServer| Decide what to do with uri /app/index_erb.iseq
I/APP     ( 4059): T 03/13/2013 17:06:53:674 00000ff2           HttpServer| Uri /app/index_erb.iseq is index file, call serveIndex
I/APP     ( 4059): I 03/13/2013 17:06:53:680 00000ff2                  APP| RHO serve_index: /app/index_erb.iseq
I/APP     ( 4059): I 03/13/2013 17:06:53:718 00000ff2 RHO Rho::RhoController| inst_render_index
I/APP     ( 4059): I 03/13/2013 17:06:53:824 00000ff2 RHO Rho::RhoController| index layout
I/APP     ( 4059): T 03/13/2013 17:06:53:895 00000ff2          GeoLocation| Set geo view notification callback: (null), (null)
I/APP     ( 4059): T 03/13/2013 17:06:53:955 00000ff2              RhoRuby| HTTP/1.1 200 OK
I/APP     ( 4059): Date: Wed, 13 Mar 2013 17:06:53 GMT
I/APP     ( 4059): Content-Type: text/html; charset=utf-8
I/APP     ( 4059): Content-Length: 5195
I/APP     ( 4059): Connection: close
I/APP     ( 4059): Pragma: no-cache
I/APP     ( 4059): Cache-Control: must-revalidate
I/APP     ( 4059): Cache-Control: no-cache
I/APP     ( 4059): Cache-Control: no-store
I/APP     ( 4059): Expires: 0
I/APP     ( 4059): 
I/APP     ( 4059): <!DOCTYPE html PUBLIC "-//W3C//DTD XHTML 1.0 Strict//EN"
I/APP     ( 4059):         "http://www.w3.org/TR/xhtml1/DTD/xhtml1-strict.dtd">
I/APP     ( 4059): <html xmlns="http://www.w3.org/1999/xhtml">
I/APP     ( 4059): 
I/APP     ( 4059): <head>
I/APP     ( 4059): <!--     <title>Macotec</title> -->
I/APP     ( 4059): 
I/APP     ( 4059):     
I/APP     ( 4059): 
I/APP     ( 4059):     
I/APP     ( 4059):         <meta name="viewport" content="width=device-width, initial-scale=1.0, maximum-scale=1.0, user-scalable=0"/>
I/APP     ( 4059):     
I/APP     ( 4059): 
I/APP     ( 4059):     
I/APP     ( 4059): 
I/APP     ( 4059):     
I/APP     ( 4059):         <script src="/public/js/request.js" type="text/javascript"></script>
I/APP     ( 4059):         <script src="/public/jquery/jquery-1.6.4.min.js" type="text/javascript"></script>
I/APP     ( 4059):         <script src="/public/jquery/jquery.json-2.3.min.js" type="text/javascript"></script>
I/APP     ( 4059): 
I/APP     ( 4059):         <link rel="stylesheet" href="/public/jqmobile/jquery.mobile-1.0.1.min.css">
I/APP     ( 4059):         <link rel="stylesheet" href="/public/css/jqmobile-patch.css">
I/APP     ( 4059): 
I/APP     ( 4059):         <script type="text/javascript">
I/APP     ( 4059):             $(document).bind("mobileinit", function(){
I/APP     ( 4059):                 // jQuery-Mobile init options initialization goes here. For example, you may
I/APP     ( 4059):                 // enable automatically generated 'Back' buttons on headers this way:
I/APP     ( 4059):                 //$.mobile.page.prototype.options.addBackBtn = true;
I/APP     ( 4059): 
I/APP     ( 4059):                 // You can disable (with false value) or change page loading message
I/APP     ( 4059):                 $.mobile.loadingMessage = false;
I/APP     ( 4059):                 //$.mobile.loadingMessage = "loading"; // it is default value
I/APP     ( 4059): 
I/APP     ( 4059):                 // For documented init options look here:
I/APP     ( 4059):                 // http://jquerymobile.com/demos/1.0.1/docs/api/globalconfig.html
I/APP     ( 4059): 
I/APP     ( 4059):                 // For poorly documented options search for ".prototype.options"
I/APP     ( 4059):                 // in the jQuery Mobile source code
I/APP     ( 4059): 
I/APP     ( 4059):                 // Rhodes custom option!
I/APP     ( 4059):                 // how long to wait transition end before "loading.." message will be shown
I/APP     ( 4059):                 $.mobile.loadingMessageDelay = 300; // in ms
I/APP     ( 4059): 
I/APP     ( 4059):                 // Uncomment these options in case of performance problem in pages transition
I/APP     ( 4059):                 //$.mobile.defaultPageTransition = 'none';
I/APP     ( 4059):                 //$.mobile.defaultDialogTransition = 'none';
I/APP     ( 4059):                 //$.mobile.ajaxEnabled = false;
I/APP     ( 4059):                 //$.mobile.pushStateEnabled = false;
I/APP     ( 4059):                 //$.mobile.loadingMessageDelay = 50; // in ms
I/APP     ( 4059):             });
I/APP     ( 4059):         </script>
I/APP     ( 4059):         
I/APP     ( 4059):         <script type="text/javascript" charset="utf-8" src="/public/jqmobile/jquery.mobile-1.0.1.min.js"></script>
I/APP     ( 4059):         <script type="text/javascript" charset="utf-8" src="/public/js/jqmobile-patch.js"></script>
I/APP     ( 4059): 
I/APP     ( 4059):     
I/APP     ( 4059): 
I/APP     ( 4059):     
I/APP     ( 4059):     
I/APP     ( 4059):     
I/APP     ( 4059):         <link href="/public/css/macotec_style.css" type="text/css" rel="stylesheet"/>
I/APP     ( 4059):     
I/APP     ( 4059): </head>
I/APP     ( 4059): 
I/APP     ( 4059): <body
I/APP     ( 4059): 
I/APP     ( 4059):     data-platform="ANDROID"
I/APP     ( 4059): 	>
I/APP     ( 4059):     <div data-role="page" data-url="/app/">
I/APP     ( 4059): 
I/APP     ( 4059):   <div data-role="header" data-position="inline">
I/APP     ( 4059):   	<h1>MacoTec</h1>
I/APP     ( 4059):   </div>
I/APP     ( 4059):   
I/APP     ( 4059):   <img src="/public/images/macotec/logo.png" alt="MacoTec" data-role="header" id="logo">
I/APP     ( 4059):   	<table style="margin-top: 15px" align="center">
I/APP     ( 4059):   		<tr align="center">
I/APP     ( 4059): 	  			<td align="center">
I/APP     ( 4059): 	  				<div id="button_app">
I/APP     ( 4059): 	  					<div id="button_image">
I/APP     ( 4059): 	  						<div style="position: relative">
I/APP     ( 4059): 		  					<a href="/app/Request/request"><img src="/public/images/macotec/request_top.png" data-transition="slide" width="96.0px" height="96.0px"/>
I/APP     ( 4059): 		  					</div>
I/APP     ( 4059): 		  				</div>
I/APP     ( 4059): 		  				<div id="button_text" align="center">Request</div>
I/APP     ( 4059): 		  			</div>
I/APP     ( 4059): 	  			</td>
I/APP     ( 4059): 	  			<td align="center">
I/APP     ( 4059): 	  				<div id="button_app">
I/APP     ( 4059): 	  					<div id="button_image">
I/APP     ( 4059): 	  						<a href="/app/Menu/contact"><img src="/public/images/macotec/contact_png.png" data-transition="slide" width="96.0px" height="96.0px"/>	
I/APP     ( 4059): 	  					</div>
I/APP     ( 4059): 	  					<div id="button_text" align="center">Contact</div>
I/APP     ( 4059): 	  				</div>
I/APP     ( 4059): 	  			</td>
I/APP     ( 4059):   		</tr>
I/APP     ( 4059):   		<tr align="center">
I/APP     ( 4059): 	  			<td align="center">
I/APP     ( 4059): 	  				<div id="button_app">
I/APP     ( 4059): 	  					<div id="button_image">
I/APP     ( 4059): 	  						<a href="/app/Product"><img sr
I/APP     ( 4059): T 03/13/2013 17:06:54:050 00000ff2           HttpServer| Sending response...
I/APP     ( 4059): T 03/13/2013 17:06:54:085 00000ff2           HttpServer| Sent response (only headers displayed):
I/APP     ( 4059): HTTP/1.1 200 OK
I/APP     ( 4059): Date: Wed, 13 Mar 2013 17:06:53 GMT
I/APP     ( 4059): Content-Type: text/html; charset=utf-8
I/APP     ( 4059): Content-Length: 5195
I/APP     ( 4059): Connection: close
I/APP     ( 4059): Pragma: no-cache
I/APP     ( 4059): Cache-Control: must-revalidate
I/APP     ( 4059): Cache-Control: no-cache
I/APP     ( 4059): Cache-Control: no-store
I/APP     ( 4059): Expires: 0
I/APP     ( 4059): 
I/APP     ( 4059): <!DOCTYPE html PUBLIC "-//W3C//DTD XHTML 1.0 Strict//EN"
I/APP     ( 4059):         "http://www.w3.org/TR/xhtml1/DTD/xhtml1-strict.dtd">
I/APP     ( 4059): <html xmlns="http://www.w3.org/1999/xhtml">
I/APP     ( 4059): 
I/APP     ( 4059): <head>
I/APP     ( 4059): <!--     <title>Macotec</title> -->
I/APP     ( 4059): 
I/APP     ( 4059):     
I/APP     ( 4059): 
I/APP     ( 4059):     
I/APP     ( 4059):         <meta name="viewport" content="width=device-width, initial-scale=1.0, maximum-scale=1.0, user-scalable=0"/>
I/APP     ( 4059):     
I/APP     ( 4059): 
I/APP     ( 4059):     
I/APP     ( 4059): 
I/APP     ( 4059):     
I/APP     ( 4059):         <script src="/public/js/request.js" type="text/javascript"></script>
I/APP     ( 4059):         <script src="/public/jquery/jquery-1.6.4.min.js" type="text/javascript"></script>
I/APP     ( 4059):         <script src="/public/jquery/jquery.json-2.3.min.js" type="text/javascript"></script>
I/APP     ( 4059): 
I/APP     ( 4059):         <link rel="stylesheet" href="/public/jqmobile/jquery.mobile-1.0.1.min.css">
I/APP     ( 4059):         <link rel="stylesheet" href="/public/css/jqmobile-patch.css">
I/APP     ( 4059): 
I/APP     ( 4059):         <script type="text/javascript">
I/APP     ( 4059):             $(document).bind("mobileinit", function(){
I/APP     ( 4059):                 // jQuery-Mobile init options initialization goes here. For example, you may
I/APP     ( 4059):                 // enable automatically generated 'Back' buttons on headers this way:
I/APP     ( 4059):                 //$.mobile.page.prototype.options.addBackBtn = true;
I/APP     ( 4059): 
I/APP     ( 4059):                 // You can disable (with false value) or change page loading message
I/APP     ( 4059):                 $.mobile.loadingMessage = false;
I/APP     ( 4059):                 //$.mobile.loadingMessage = "loading"; // it is default value
I/APP     ( 4059): 
I/APP     ( 4059):                 // For documented init options look here:
I/APP     ( 4059):                 // http://jquerymobile.com/demos/1.0.1/docs/api/globalconfig.html
I/APP     ( 4059): 
I/APP     ( 4059):                 // For poorly documented options search for ".prototype.options"
I/APP     ( 4059):                 // in the jQuery Mobile source code
I/APP     ( 4059): 
I/APP     ( 4059):                 // Rhodes custom option!
I/APP     ( 4059):                 // how long to wait transition end before "loading.."
I/APP     ( 4059): T 03/13/2013 17:06:54:088 00000ff2           HttpServer| Close connected socket
I/APP     ( 4059): I 03/13/2013 17:06:54:126 00000ff2           HttpServer| GC Start.
I/APP     ( 4059): I 03/13/2013 17:06:54:233 00000ff2           HttpServer| GC End.
I/APP     ( 4059): T 03/13/2013 17:06:54:301 00000ff2           HttpServer| Waiting for connections...
D/dalvikvm(   85): GC_CONCURRENT freed 467K, 12% free 11363K/12871K, paused 13ms+7ms
I/APP     ( 4059): T 03/13/2013 17:07:11:333 00000ff2           HttpServer| Connection accepted, process it...
I/APP     ( 4059): T 03/13/2013 17:07:11:334 00000ff2           HttpServer| Receiving request...
I/APP     ( 4059): T 03/13/2013 17:07:11:334 00000ff2           HttpServer| Read portion of data from socket...
I/APP     ( 4059): T 03/13/2013 17:07:11:391 00000ff2           HttpServer| Read portion of data from socket...
I/APP     ( 4059): T 03/13/2013 17:07:11:417 00000ff2           HttpServer| Actually read 464 bytes
I/APP     ( 4059): T 03/13/2013 17:07:11:433 00000ff2           HttpServer| Read portion of data from socket...
I/APP     ( 4059): T 03/13/2013 17:07:11:437 00000ff2           HttpServer| Received request:
I/APP     ( 4059): GET /app/Product/set_old_date HTTP/1.1
I/APP     ( 4059): Host: localhost:8080
I/APP     ( 4059): Connection: keep-alive
I/APP     ( 4059): Referer: http://localhost:8080/app/index_erb.iseq
I/APP     ( 4059): X-Requested-With: XMLHttpRequest
I/APP     ( 4059): Accept: */*
I/APP     ( 4059): Transition-Enabled: true
I/APP     ( 4059): User-Agent: Mozilla/5.0 (Linux; U; Android 4.0.4; en-us; sdk Build/MR1) AppleWebKit/534.30 (KHTML, like Gecko) Version/4.0 Mobile Safari/534.30
I/APP     ( 4059): Accept-Encoding: gzip,deflate
I/APP     ( 4059): Accept-Language: en-US
I/APP     ( 4059): Accept-Charset: utf-8, iso-8859-1, utf-16, *;q=0.7
I/APP     ( 4059): 
I/APP     ( 4059): ì
I/APP     ( 4059): I 03/13/2013 17:07:11:467 00000ff2           HttpServer| Process URI: '/app/Product/set_old_date'
I/APP     ( 4059): T 03/13/2013 17:07:11:472 00000ff2           HttpServer| Decide what to do with uri /app/Product/set_old_date
I/APP     ( 4059): T 03/13/2013 17:07:11:504 00000ff2           HttpServer| Uri /app/Product/set_old_date is correct route, so enable MVC logic
I/APP     ( 4059): I 03/13/2013 17:07:11:532 00000ff2                  APP| RHO serve: /app/Product/set_old_date
I/APP     ( 4059): T 03/13/2013 17:07:11:580 00000ff2                   DB| db_execute: select metadata from sources where "name"=?
I/APP     ( 4059): T 03/13/2013 17:07:11:604 00000ff2          GeoLocation| Set geo view notification callback: (null), (null)
I/APP     ( 4059): T 03/13/2013 17:07:11:656 00000ff2              RhoRuby| HTTP/1.1 200 OK
I/APP     ( 4059): Date: Wed, 13 Mar 2013 17:07:11 GMT
I/APP     ( 4059): Content-Type: text/html; charset=utf-8
I/APP     ( 4059): Content-Length: 11
I/APP     ( 4059): Connection: close
I/APP     ( 4059): Pragma: no-cache
I/APP     ( 4059): Cache-Control: must-revalidate
I/APP     ( 4059): Cache-Control: no-cache
I/APP     ( 4059): Cache-Control: no-store
I/APP     ( 4059): Expires: 0
I/APP     ( 4059): 
I/APP     ( 4059): <div></div>
I/APP     ( 4059): T 03/13/2013 17:07:11:677 00000ff2           HttpServer| Sending response...
I/APP     ( 4059): T 03/13/2013 17:07:11:713 00000ff2           HttpServer| Sent response (only headers displayed):
I/APP     ( 4059): HTTP/1.1 200 OK
I/APP     ( 4059): Date: Wed, 13 Mar 2013 17:07:11 GMT
I/APP     ( 4059): Content-Type: text/html; charset=utf-8
I/APP     ( 4059): Content-Length: 11
I/APP     ( 4059): Connection: close
I/APP     ( 4059): Pragma: no-cache
I/APP     ( 4059): Cache-Control: must-revalidate
I/APP     ( 4059): Cache-Control: no-cache
I/APP     ( 4059): Cache-Control: no-store
I/APP     ( 4059): Expires: 0
I/APP     ( 4059): 
I/APP     ( 4059): <div></div>
I/APP     ( 4059): T 03/13/2013 17:07:11:718 00000ff2           HttpServer| Close connected socket
I/APP     ( 4059): I 03/13/2013 17:07:11:749 00000ff2           HttpServer| GC Start.
I/APP     ( 4059): I 03/13/2013 17:07:11:830 00000ff2           HttpServer| GC End.
I/APP     ( 4059): T 03/13/2013 17:07:11:857 00000ff2           HttpServer| Waiting for connections...
D/dalvikvm(  170): GC_CONCURRENT freed 384K, 6% free 9533K/10119K, paused 13ms+4ms
D/AndroidRuntime( 4109): 
D/AndroidRuntime( 4109): >>>>>> AndroidRuntime START com.android.internal.os.RuntimeInit <<<<<<
D/AndroidRuntime( 4109): CheckJNI is ON
D/AndroidRuntime( 4109): Calling main entry com.android.commands.pm.Pm
W/ActivityManager(   85): No content provider found for permission revoke: file:///data/local/tmp/MacoTec-debug.apk
W/ActivityManager(   85): No content provider found for permission revoke: file:///data/local/tmp/MacoTec-debug.apk
D/dalvikvm(   85): GC_CONCURRENT freed 307K, 11% free 11529K/12871K, paused 10ms+11ms
D/dalvikvm(   85): GC_CONCURRENT freed 288K, 9% free 11770K/12871K, paused 5ms+6ms
D/dalvikvm(   85): GC_CONCURRENT freed 608K, 9% free 11763K/12871K, paused 7ms+7ms
D/dalvikvm(   85): GC_CONCURRENT freed 597K, 9% free 11772K/12871K, paused 6ms+8ms
D/dalvikvm(   85): GC_CONCURRENT freed 582K, 9% free 11779K/12871K, paused 33ms+28ms
D/dalvikvm(   85): GC_CONCURRENT freed 586K, 9% free 11784K/12871K, paused 22ms+29ms
I/PackageManager(   85): Removing non-system package:com.rhomobile.macotec
I/ActivityManager(   85): Force stopping package com.rhomobile.macotec uid=10040
I/ActivityManager(   85): Killing proc 4059:com.rhomobile.macotec/10040: force stop
W/ActivityManager(   85): Force removing ActivityRecord{41414c78 com.rhomobile.macotec/com.rhomobile.rhodes.RhodesActivity}: app died, no saved state
W/NetworkManagementSocketTagger(   85): setKernelCountSet(10040, 0) failed with errno -2
W/NetworkManagementSocketTagger(   85): setKernelCountSet(10009, 1) failed with errno -2
I/WindowManager(   85): WIN DEATH: Window{41581db8 com.rhomobile.macotec/com.rhomobile.rhodes.RhodesActivity paused=false}
I/PackageManager(   85): Package com.rhomobile.macotec codePath changed from /data/app/com.rhomobile.macotec-2.apk to /data/app/com.rhomobile.macotec-1.apk; Retaining data and using new
D/dalvikvm(   85): GC_CONCURRENT freed 541K, 9% free 11814K/12871K, paused 5ms+20ms
I/Process (   85): Sending signal. PID: 185 SIG: 3
I/dalvikvm(  185): threadid=3: reacting to signal 3
I/dalvikvm(  185): Wrote stack traces to '/data/anr/traces.txt'
W/InputManagerService(   85): Got RemoteException sending setActive(false) notification to pid 4059 uid 10040
I/Process (   85): Sending signal. PID: 185 SIG: 3
I/dalvikvm(  185): threadid=3: reacting to signal 3
I/dalvikvm(  185): Wrote stack traces to '/data/anr/traces.txt'
D/dalvikvm(  185): GC_CONCURRENT freed 400K, 20% free 18921K/23495K, paused 4ms+10ms
D/dalvikvm(  185): GC_FOR_ALLOC freed 2086K, 23% free 18159K/23495K, paused 63ms
D/dalvikvm(  185): GC_CONCURRENT freed 663K, 17% free 19527K/23495K, paused 5ms+15ms
I/PackageManager(   85): Running dexopt on: com.rhomobile.macotec
D/dalvikvm( 4120): DexOpt: load 102ms, verify+opt 543ms
W/PackageManager(   85): Code path for pkg : com.rhomobile.macotec changing from /data/app/com.rhomobile.macotec-2.apk to /data/app/com.rhomobile.macotec-1.apk
W/PackageManager(   85): Resource path for pkg : com.rhomobile.macotec changing from /data/app/com.rhomobile.macotec-2.apk to /data/app/com.rhomobile.macotec-1.apk
I/ActivityManager(   85): Force stopping package com.rhomobile.macotec uid=10040
D/PackageManager(   85): New package installed in /data/app/com.rhomobile.macotec-1.apk
I/ActivityManager(   85): Force stopping package com.rhomobile.macotec uid=10040
D/dalvikvm(  185): GC_EXPLICIT freed 2988K, 23% free 18243K/23495K, paused 3ms+11ms
D/dalvikvm(  233): GC_EXPLICIT freed 148K, 4% free 9389K/9735K, paused 3ms+4ms
D/dalvikvm(   85): GC_EXPLICIT freed 786K, 12% free 11346K/12871K, paused 13ms+8ms
D/PackageManager(   85): generateServicesMap(android.accounts.AccountAuthenticator): 2 services unchanged
D/PackageManager(   85): generateServicesMap(android.content.SyncAdapter): 4 services unchanged
D/BackupManagerService(   85): Received broadcast Intent { act=android.intent.action.PACKAGE_REMOVED dat=package:com.rhomobile.macotec flg=0x10000010 (has extras) }
I/AccountTypeManager(  314): Loaded meta-data for 1 account types, 0 accounts in 39ms(wall) 10ms(cpu)
D/PackageManager(   85): generateServicesMap(android.accounts.AccountAuthenticator): 2 services unchanged
D/PackageManager(   85): generateServicesMap(android.content.SyncAdapter): 4 services unchanged
D/BackupManagerService(   85): Received broadcast Intent { act=android.intent.action.PACKAGE_ADDED dat=package:com.rhomobile.macotec flg=0x10000010 (has extras) }
V/BackupManagerService(   85): updatePackageParticipantsLocked: #1
W/RecognitionManagerService(   85): no available voice recognition services found
I/AccountTypeManager(  314): Loaded meta-data for 1 account types, 0 accounts in 446ms(wall) 6ms(cpu)
D/dalvikvm(  185): GC_FOR_ALLOC freed 3498K, 31% free 16292K/23495K, paused 57ms
D/dalvikvm(  185): GC_FOR_ALLOC freed 429K, 25% free 17755K/23495K, paused 51ms
D/dalvikvm(  185): GC_FOR_ALLOC freed 4040K, 36% free 15213K/23495K, paused 61ms
D/dalvikvm(  314): GC_CONCURRENT freed 444K, 6% free 9311K/9863K, paused 3ms+3ms
D/BackupManagerService(   85): Received broadcast Intent { act=android.intent.action.PACKAGE_REPLACED dat=package:com.rhomobile.macotec flg=0x10000010 (has extras) }
V/BackupManagerService(   85): updatePackageParticipantsLocked: #1
D/dalvikvm(  185): GC_FOR_ALLOC freed 1545K, 35% free 15281K/23495K, paused 181ms
D/dalvikvm(   85): GC_CONCURRENT freed 455K, 11% free 11472K/12871K, paused 5ms+19ms
D/dalvikvm(  185): GC_FOR_ALLOC freed 1535K, 36% free 15120K/23495K, paused 58ms
D/dalvikvm(  185): GC_FOR_ALLOC freed 5K, 31% free 16289K/23495K, paused 53ms
D/dalvikvm(  185): GC_FOR_ALLOC freed 335K, 25% free 17827K/23495K, paused 51ms
D/dalvikvm(  185): GC_FOR_ALLOC freed 1686K, 24% free 17968K/23495K, paused 54ms
D/dalvikvm(   85): GC_EXPLICIT freed 212K, 13% free 11320K/12871K, paused 4ms+17ms
D/AndroidRuntime( 4109): Shutting down VM
D/dalvikvm( 4109): GC_CONCURRENT freed 97K, 79% free 450K/2048K, paused 1ms+0ms
D/dalvikvm(  185): GC_FOR_ALLOC freed 1651K, 23% free 18153K/23495K, paused 129ms
I/AndroidRuntime( 4109): NOTE: attach of thread 'Binder Thread #3' failed
D/dalvikvm(  185): GC_FOR_ALLOC freed 1308K, 22% free 18548K/23495K, paused 102ms
D/AndroidRuntime( 4128): 
D/AndroidRuntime( 4128): >>>>>> AndroidRuntime START com.android.internal.os.RuntimeInit <<<<<<
D/AndroidRuntime( 4128): CheckJNI is ON
D/dalvikvm(  185): GC_CONCURRENT freed 856K, 17% free 19726K/23495K, paused 4ms+20ms
D/AndroidRuntime( 4128): Calling main entry com.android.commands.am.Am
I/ActivityManager(   85): START {act=android.intent.action.MAIN flg=0x10000000 cmp=com.rhomobile.macotec/com.rhomobile.rhodes.RhodesActivity} from pid 4128
W/WindowManager(   85): Failure taking screenshot for (180x300) to layer 21005
D/AndroidRuntime( 4128): Shutting down VM
D/dalvikvm( 4128): GC_CONCURRENT freed 97K, 77% free 480K/2048K, paused 0ms+1ms
I/AndroidRuntime( 4128): NOTE: attach of thread 'Binder Thread #3' failed
I/ActivityManager(   85): Start proc com.rhomobile.macotec for activity com.rhomobile.macotec/com.rhomobile.rhodes.RhodesActivity: pid=4140 uid=10040 gids={3003, 1006}
I/dalvikvm( 4140): Turning on JNI app bug workarounds for target SDK version 4...
W/NetworkManagementSocketTagger(   85): setKernelCountSet(10040, 1) failed with errno -2
I/Process (   85): Sending signal. PID: 4140 SIG: 3
I/dalvikvm( 4140): threadid=3: reacting to signal 3
I/dalvikvm( 4140): Wrote stack traces to '/data/anr/traces.txt'
D/dalvikvm( 4140): Trying to load lib /data/data/com.rhomobile.macotec/lib/librhodes.so 0x4129fc00
D/dalvikvm( 4140): Added shared lib /data/data/com.rhomobile.macotec/lib/librhodes.so 0x4129fc00
D/dalvikvm( 4140): Trying to load lib /data/data/com.rhomobile.macotec/lib/librhodes.so 0x4129fc00
D/dalvikvm( 4140): Shared lib '/data/data/com.rhomobile.macotec/lib/librhodes.so' already loaded in same CL 0x4129fc00
I/ActivityThread( 4140): Pub com.rhomobile.macotec: com.rhomobile.rhodes.LocalFileProvider
I/Process (   85): Sending signal. PID: 4140 SIG: 3
I/dalvikvm( 4140): threadid=3: reacting to signal 3
I/dalvikvm( 4140): Wrote stack traces to '/data/anr/traces.txt'
I/RhodesApplication( 4140): Initializing...
D/RhoFileApi( 4140): App root path: /data/data/com.rhomobile.macotec/rhodata/
D/RhoFileApi( 4140): Sqlite journals path: /data/data/com.rhomobile.macotec/sqlite_stmt_journals/
D/RhoFileApi( 4140): Shared path: /data/data/com.rhomobile.macotec/rhodata/
D/RhodesApplication( 4140): Root path: /data/data/com.rhomobile.macotec/rhodata/
I/RhodesApplication( 4140): Application hash was changed
D/RhoFileApi( 4140): Copy hash to FS
D/RhoFileApi( 4140): File hash copied
D/RhoFileApi( 4140): Copy rho.dat to FS
D/RhoFileApi( 4140): File rho.dat copied
D/RhoFileApi( 4140): Copy apps/rhoconfig.txt to FS
D/RhoFileApi( 4140): File apps/rhoconfig.txt copied
I/RhoFileApi( 4140): Opening stat table from FS: /data/data/com.rhomobile.macotec/rhodata/rho.dat
I/Process (   85): Sending signal. PID: 4140 SIG: 3
I/dalvikvm( 4140): threadid=3: reacting to signal 3
I/dalvikvm( 4140): Wrote stack traces to '/data/anr/traces.txt'
D/RhoFileApi( 4140): Copy apps/rhoconfig.txt to FS
D/RhoFileApi( 4140): File apps/rhoconfig.txt copied
D/RhoFileApi( 4140): App root path: /data/data/com.rhomobile.macotec/rhodata/
D/RhoFileApi( 4140): Sqlite journals path: /data/data/com.rhomobile.macotec/sqlite_stmt_journals/
D/RhoFileApi( 4140): Shared path: /data/data/com.rhomobile.macotec/rhodata/
I/APP     ( 4140): I 03/13/2013 17:09:29:949 0000102c    RhodesApplication| Initialized
I/APP     ( 4140): I 03/13/2013 17:09:30:049 0000102c         BaseActivity| New screen properties - width: 480, height: 800, orientation: 1
I/APP     ( 4140): I 03/13/2013 17:09:30:184 0000102c         SplashScreen| Looking for start page source
I/Process (   85): Sending signal. PID: 4140 SIG: 3
I/dalvikvm( 4140): threadid=3: reacting to signal 3
I/dalvikvm( 4140): Wrote stack traces to '/data/anr/traces.txt'
D/dalvikvm( 4140): GC_CONCURRENT freed 287K, 5% free 9205K/9607K, paused 4ms+4ms
D/dalvikvm( 4140): GC_FOR_ALLOC freed 10K, 4% free 9229K/9607K, paused 39ms
I/dalvikvm-heap( 4140): Grow heap (frag case) to 12.148MB for 3217300-byte allocation
I/Process (   85): Sending signal. PID: 4140 SIG: 3
I/dalvikvm( 4140): threadid=3: reacting to signal 3
D/dalvikvm( 4140): GC_FOR_ALLOC freed 2K, 4% free 12368K/12807K, paused 177ms
I/dalvikvm( 4140): Wrote stack traces to '/data/anr/traces.txt'
D/dalvikvm( 4140): GC_CONCURRENT freed 0K, 4% free 12368K/12807K, paused 23ms+3ms
I/Process (   85): Sending signal. PID: 4140 SIG: 3
I/dalvikvm( 4140): threadid=3: reacting to signal 3
I/dalvikvm( 4140): Wrote stack traces to '/data/anr/traces.txt'
I/APP     ( 4140): I 03/13/2013 17:09:31:598 0000102c         SplashScreen| Done
I/APP     ( 4140): I 03/13/2013 17:09:31:604 0000102c    RhodesApplication| New UiState: MainActivityCreated
I/APP     ( 4140): I 03/13/2013 17:09:31:654 0000102c       RhodesActivity| onStart
I/APP     ( 4140): I 03/13/2013 17:09:31:686 0000102c    RhodesApplication| New UiState: MainActivityStarted
I/APP     ( 4140): I 03/13/2013 17:09:31:709 0000102c       RhodesActivity| onResume
I/APP     ( 4140): I 03/13/2013 17:09:31:714 0000102c AndroidFunctionality| Resume WebView
I/Process (   85): Sending signal. PID: 4140 SIG: 3
I/dalvikvm( 4140): threadid=3: reacting to signal 3
I/dalvikvm( 4140): Wrote stack traces to '/data/anr/traces.txt'
I/APP     ( 4140): I 03/13/2013 17:09:31:847 0000102c        RhodesService| onCreate
I/APP     ( 4140): I 03/13/2013 17:09:31:851 0000102c    LocalFileProvider| Revoke URI permissions: content:///com.rhomobile.macotec
W/ActivityManager(   85): No content provider found for permission revoke: content:///com.rhomobile.macotec
I/APP     ( 4140): I 03/13/2013 17:09:31:891 0000102c               Rhodes| Loading...
I/APP     ( 4140): I 03/13/2013 17:09:31:914 0000102c            RhodesApp| Trying to get free listening port.
I/APP     ( 4140): I 03/13/2013 17:09:31:920 0000102c            RhodesApp| Trying to bind of 8080 port...
I/APP     ( 4140): I 03/13/2013 17:09:31:952 0000102c            RhodesApp| Got port to bind on: 8080
I/APP     ( 4140): I 03/13/2013 17:09:31:978 0000102c            RhodesApp| Free listening port: 8080
I/APP     ( 4140): I 03/13/2013 17:09:31:947 00001040         AppCallbacks| Starting main routine...
I/APP     ( 4140): I 03/13/2013 17:09:32:005 00001040         AppCallbacks| ThreadQueue blocked for 4294967295 seconds...
I/APP     ( 4140): I 03/13/2013 17:09:32:089 0000102c        RhodesService| Push is disabled
I/APP     ( 4140): I 03/13/2013 17:09:32:118 0000102c            RhodesApp| callAppActiveCallback
I/APP     ( 4140): I 03/13/2013 17:09:32:122 0000102c         AppCallbacks| addCommand: APP-ACTIVATED
I/APP     ( 4140): I 03/13/2013 17:09:32:149 00001040         AppCallbacks| Received command APP-ACTIVATED which is greater than expected (LOCAL-SERVER-STARTED) - postpone it
I/APP     ( 4140): I 03/13/2013 17:09:32:150 00001040         AppCallbacks| ThreadQueue blocked for 4294967295 seconds...
I/APP     ( 4140): I 03/13/2013 17:09:32:179 0000102c         AppActivated| Cannot commit now, application will be activated when started.
I/APP     ( 4140): I 03/13/2013 17:09:32:184 0000102c    RhodesApplication| New AppState: Undefined
I/APP     ( 4140): I 03/13/2013 17:09:32:205 00001042            RhodesApp| Starting RhodesApp main routine...
D/RhodesService( 4140): +++ onStartCommand
I/RhodesService( 4140): handleCommand: startId=1, source=com.rhomobile.rhodes.BaseActivity
D/RhodesService( 4140): New activity was created
I/APP     ( 4140): I 03/13/2013 17:09:32:298 0000102c        RhodesService| onBind
I/Process (   85): Sending signal. PID: 4140 SIG: 3
I/dalvikvm( 4140): threadid=3: reacting to signal 3
I/APP     ( 4140): I 03/13/2013 17:09:32:392 0000102c         AppCallbacks| addCommand: UI-CREATED
I/dalvikvm( 4140): Wrote stack traces to '/data/anr/traces.txt'
I/APP     ( 4140): I 03/13/2013 17:09:32:434 00001040         AppCallbacks| Received command UI-CREATED which is greater than expected (LOCAL-SERVER-STARTED) - postpone it
I/APP     ( 4140): I 03/13/2013 17:09:32:436 00001040         AppCallbacks| ThreadQueue blocked for 4294967295 seconds...
V/PhoneStatusBar(  140): setLightsOn(true)
I/APP     ( 4140): I 03/13/2013 17:09:32:567 0000102c       RhodesActivity| onServiceConnected: {com.rhomobile.macotec/com.rhomobile.rhodes.RhodesService}
I/APP     ( 4140): I 03/13/2013 17:09:32:587 0000102c       RhodesActivity| New start parameters: 
I/APP     ( 4140): I 03/13/2013 17:09:32:592 0000102c            RhodesApp| New start params: 
W/InputManagerService(   85): Starting input on non-focused client com.android.internal.view.IInputMethodClient$Stub$Proxy@4146a4f8 (uid=10009 pid=185)
D/gralloc_goldfish( 4140): Emulator without GPU emulation detected.
I/Process (   85): Sending signal. PID: 4140 SIG: 3
I/dalvikvm( 4140): threadid=3: reacting to signal 3
I/dalvikvm( 4140): Wrote stack traces to '/data/anr/traces.txt'
I/ActivityManager(   85): Displayed com.rhomobile.macotec/com.rhomobile.rhodes.RhodesActivity: +5s192ms
I/APP     ( 4140): I 03/13/2013 17:09:33:370 00001042              RhoRuby| Init_RhoBlobs: /data/data/com.rhomobile.macotec/rhodata/db/db-files
W/NetworkManagementSocketTagger(   85): setKernelCountSet(10009, 0) failed with errno -2
I/APP     ( 4140): I 03/13/2013 17:09:33:519 00001042              RhoRuby| require_compiled: rhoframework
I/APP     ( 4140): I 03/13/2013 17:09:33:605 00001042              RhoRuby| require_compiled: rational
I/APP     ( 4140): I 03/13/2013 17:09:33:652 00001042              RhoRuby| require_compiled: rhom/rhom_db_adapter
I/APP     ( 4140): I 03/13/2013 17:09:33:763 00001042              RhoRuby| require_compiled: rhodes
I/APP     ( 4140): I 03/13/2013 17:09:33:844 00001042              RhoRuby| require_compiled: rhom/rhom_object
I/APP     ( 4140): I 03/13/2013 17:09:33:909 00001042              RhoRuby| require_compiled: rhofsconnector
I/APP     ( 4140): I 03/13/2013 17:09:33:957 00001042              RhoRuby| require_compiled: rho/rhofsconnector
I/APP     ( 4140): I 03/13/2013 17:09:34:036 00001042              RhoRuby| require_compiled: rhom/rhom_object_factory
I/APP     ( 4140): I 03/13/2013 17:09:34:337 00001042              RhoRuby| require_compiled: rhom/rhom
I/APP     ( 4140): I 03/13/2013 17:09:34:404 00001042              RhoRuby| require_compiled: rhom/rhom_model
I/APP     ( 4140): I 03/13/2013 17:09:34:469 00001042              RhoRuby| require_compiled: rhom
I/APP     ( 4140): I 03/13/2013 17:09:34:512 00001042              RhoRuby| require_compiled: rho/rhoapplication
I/APP     ( 4140): I 03/13/2013 17:09:34:582 00001042              RhoRuby| require_compiled: rholang/localization_simplified
I/APP     ( 4140): I 03/13/2013 17:09:34:648 00001042              RhoRuby| require_compiled: rho/rhomsg
I/APP     ( 4140): I 03/13/2013 17:09:34:693 00001042              RhoRuby| require_compiled: rho/rhotabbar
I/APP     ( 4140): I 03/13/2013 17:09:34:745 00001042              RhoRuby| require_compiled: rho/rhotoolbar
I/APP     ( 4140): I 03/13/2013 17:09:34:782 00001042                  APP| Current locale: ; Country code: 
I/APP     ( 4140): I 03/13/2013 17:09:34:811 00001042                  APP| Locilized file: /data/data/com.rhomobile.macotec/rhodata/lib/rholang/lang_
I/APP     ( 4140): I 03/13/2013 17:09:34:842 00001042              RhoRuby| require_compiled: /data/data/com.rhomobile.macotec/rhodata/lib/rholang/lang_en
I/APP     ( 4140): I 03/13/2013 17:09:34:891 00001042                  APP| Locilized file: /data/data/com.rhomobile.macotec/rhodata/apps/app/lang/lang_
I/APP     ( 4140): I 03/13/2013 17:09:34:896 00001042              RhoRuby| require_compiled: /data/data/com.rhomobile.macotec/rhodata/apps/app/lang/lang_en
I/APP     ( 4140): I 03/13/2013 17:09:34:971 00001042                  APP| Locilized file: /data/data/com.rhomobile.macotec/rhodata/lib/rholang/rhoerror_
I/APP     ( 4140): I 03/13/2013 17:09:34:996 00001042              RhoRuby| require_compiled: /data/data/com.rhomobile.macotec/rhodata/lib/rholang/rhoerror_en
I/APP     ( 4140): I 03/13/2013 17:09:35:030 00001042                  APP| Locilized file: /data/data/com.rhomobile.macotec/rhodata/lib/rholang/rhomsg_
I/APP     ( 4140): I 03/13/2013 17:09:35:063 00001042              RhoRuby| require_compiled: /data/data/com.rhomobile.macotec/rhodata/lib/rholang/rhomsg_en
I/APP     ( 4140): I 03/13/2013 17:09:35:099 00001042              RhoRuby| require_compiled: indifferent_access
I/APP     ( 4140): I 03/13/2013 17:09:35:165 00001042              RhoRuby| require_compiled: rho/rhosupport
I/APP     ( 4140): I 03/13/2013 17:09:35:340 00001042              RhoRuby| require_compiled: rho/rhocontroller
I/APP     ( 4140): I 03/13/2013 17:09:35:419 00001042              RhoRuby| require_compiled: rho/render
I/APP     ( 4140): I 03/13/2013 17:09:35:506 00001042              RhoRuby| require_compiled: rho/rho
I/APP     ( 4140): I 03/13/2013 17:09:36:320 00001042              RhoRuby| require_compiled: rho/rhoerror
I/APP     ( 4140): I 03/13/2013 17:09:36:560 00001042              RhoRuby| require_compiled: rhom/rhom_source
I/APP     ( 4140): I 03/13/2013 17:09:37:016 00001042              RhoRuby| require_compiled: rho/rhoviewhelpers
I/APP     ( 4140): I 03/13/2013 17:09:37:312 00001042              RhoRuby| require_compiled: rho
I/APP     ( 4140): I 03/13/2013 17:09:37:425 00001042                  APP| RHO loaded
I/APP     ( 4140): I 03/13/2013 17:09:37:520 00001042                  APP| Calling RHO.initialize
I/APP     ( 4140): I 03/13/2013 17:09:37:637 00001042                  APP| model file: Settings/settings
I/APP     ( 4140): I 03/13/2013 17:09:37:735 00001042                  APP| model file: Devproduct/devproduct
I/APP     ( 4140): I 03/13/2013 17:09:37:825 00001042                  APP| model file: Image/image
I/APP     ( 4140): I 03/13/2013 17:09:37:906 00001042                  APP| model file: Product/product
I/APP     ( 4140): I 03/13/2013 17:09:37:980 00001042                  APP| model file: Request/request
I/APP     ( 4140): I 03/13/2013 17:09:38:082 00001042                   DB| Open DB: /data/data/com.rhomobile.macotec/rhodata/db/syncdbuser.sqlite
I/APP     ( 4140): I 03/13/2013 17:09:38:328 00001042          GeoLocation| Creating singleton instance.
I/APP     ( 4140): I 03/13/2013 17:09:38:414 00001042            RhodesApp| Starting sync engine...
I/APP     ( 4140): I 03/13/2013 17:09:38:511 00001042                 Sync| sync_poll_interval: 0
I/APP     ( 4140): I 03/13/2013 17:09:38:605 00001042                 Sync| syncserver: 
I/APP     ( 4140): I 03/13/2013 17:09:38:686 00001042                 Sync| bulksync_state: 0
I/APP     ( 4140): I 03/13/2013 17:09:38:763 00001042            RhodesApp| RhoRubyInitApp...
I/APP     ( 4140): I 03/13/2013 17:09:38:852 00001042                  APP| init_app
I/APP     ( 4140): I 03/13/2013 17:09:38:925 00001042              RhoRuby| require_compiled: application
I/APP     ( 4140): I 03/13/2013 17:09:39:113 00001042                 Sync| Set notification. Source ID: -1;Url :http://localhost:8080/app/Settings/sync_notify; Params: 
I/APP     ( 4140): I 03/13/2013 17:09:39:231 00001042           HttpServer| Start HTTP server
I/APP     ( 4140): I 03/13/2013 17:09:39:323 00001042           HttpServer| Listen for connections on port 8080
I/APP     ( 4140): I 03/13/2013 17:09:39:409 00001042         AppCallbacks| addCommand: LOCAL-SERVER-STARTED
I/APP     ( 4140): I 03/13/2013 17:09:39:481 00001040         AppCallbacks| process command: LOCAL-SERVER-STARTED
I/APP     ( 4140): I 03/13/2013 17:09:39:543 00001040 RhodesAppActiveObserver| Ready
I/APP     ( 4140): I 03/13/2013 17:09:39:652 0000102c AndroidFunctionality| Disable WebView zoom
I/APP     ( 4140): I 03/13/2013 17:09:39:740 0000102c AndroidFunctionality| Set web plugins state 'OFF'
I/APP     ( 4140): I 03/13/2013 17:09:39:833 00001040    RhodesApplication| New AppState: AppActivated
I/APP     ( 4140): I 03/13/2013 17:09:39:921 00001040         AppCallbacks| process command: UI-CREATED
V/EmulatedCamera_Factory(   38): getCameraInfo: id = 0
V/EmulatedCamera_Camera(   38): getCameraInfo
V/EmulatedCamera_Factory(   38): getCameraInfo: id = 0
V/EmulatedCamera_Camera(   38): getCameraInfo
I/CameraService(   38): Opening camera 0
V/EmulatedCamera_Factory(   38): cameraDeviceOpen: id = 0
V/EmulatedCamera_Camera(   38): connectCamera
V/EmulatedCamera_FakeDevice(   38): connectDevice
V/EmulatedCamera_CallbackNotifier(   38): setCallbacks: 0x405954e9, 0x40595f9d, 0x40595f01, 0x40597359 (0x1bbc0)
V/EmulatedCamera_CallbackNotifier(   38): enableMessage: msg_type = 0x40d
V/EmulatedCamera_CallbackNotifier(   38):     CAMERA_MSG_ERROR
V/EmulatedCamera_CallbackNotifier(   38):     CAMERA_MSG_FOCUS
V/EmulatedCamera_CallbackNotifier(   38):     CAMERA_MSG_ZOOM
V/EmulatedCamera_CallbackNotifier(   38):     CAMERA_MSG_PREVIEW_METADATA
V/EmulatedCamera_CallbackNotifier(   38): **** Currently enabled messages:
V/EmulatedCamera_CallbackNotifier(   38):     CAMERA_MSG_ERROR
V/EmulatedCamera_CallbackNotifier(   38):     CAMERA_MSG_FOCUS
V/EmulatedCamera_CallbackNotifier(   38):     CAMERA_MSG_ZOOM
V/EmulatedCamera_CallbackNotifier(   38):     CAMERA_MSG_PREVIEW_METADATA
I/APP     ( 4140): I 03/13/2013 17:09:40:787 00001042           HttpServer| Process URI: '/system/uicreated'
I/APP     ( 4140): I 03/13/2013 17:09:40:793 00001042                  APP| on_ui_created.navigate to start url: '/app'
I/AwesomePlayer(   38): setDataSource_l('/system/media/audio/ui/camera_click.ogg')
I/APP     ( 4140): I 03/13/2013 17:09:40:877 00001040         AppCallbacks| process command: APP-ACTIVATED
I/APP     ( 4140): I 03/13/2013 17:09:40:942 00001042           HttpServer| Process URI: '/system/activateapp'
I/APP     ( 4140): I 03/13/2013 17:09:40:950 00001040         AppCallbacks| ThreadQueue blocked for 4294967295 seconds...
I/AwesomePlayer(   38): setDataSource_l('/system/media/audio/ui/VideoRecord.ogg')
V/EmulatedCamera_CallbackNotifier(   38): disableMessage: msg_type = 0x10
V/EmulatedCamera_CallbackNotifier(   38):     CAMERA_MSG_PREVIEW_FRAME
V/EmulatedCamera_CallbackNotifier(   38): **** Currently enabled messages:
V/EmulatedCamera_CallbackNotifier(   38):     CAMERA_MSG_ERROR
V/EmulatedCamera_CallbackNotifier(   38):     CAMERA_MSG_FOCUS
V/EmulatedCamera_CallbackNotifier(   38):     CAMERA_MSG_ZOOM
V/EmulatedCamera_CallbackNotifier(   38):     CAMERA_MSG_PREVIEW_METADATA
V/EmulatedCamera_CallbackNotifier(   38): disableMessage: msg_type = 0xffff
V/EmulatedCamera_CallbackNotifier(   38):     CAMERA_MSG_ERROR
V/EmulatedCamera_CallbackNotifier(   38):     CAMERA_MSG_SHUTTER
V/EmulatedCamera_CallbackNotifier(   38):     CAMERA_MSG_FOCUS
