I/APP     ( 1600): I 02/14/2013 16:03:08:381 00000657           HttpServer| Process URI: '/public/js/jqmobile-patch.js'
I/APP     ( 1600): I 02/14/2013 16:03:08:420 00000657           HttpServer| Process URI: '/public/css/macotec_style.css'
I/APP     ( 1600): I 02/14/2013 16:03:11:468 00000657           HttpServer| Process URI: '/public/images/macotec/logo.png'
I/APP     ( 1600): I 02/14/2013 16:03:12:169 00000657           HttpServer| Process URI: '/public/images/macotec/request_top.png'
I/APP     ( 1600): I 02/14/2013 16:03:12:235 00000657           HttpServer| Process URI: '/public/images/macotec/contact_png.png'
I/APP     ( 1600): I 02/14/2013 16:03:12:260 00000657           HttpServer| Process URI: '/public/images/macotec/products_png.png'
I/APP     ( 1600): I 02/14/2013 16:03:12:280 00000657           HttpServer| Process URI: '/public/images/macotec/info_png.png'
I/APP     ( 1600): I 02/14/2013 16:03:15:984 00000657           HttpServer| Process URI: '/app/Request/request'
I/APP     ( 1600): I 02/14/2013 16:03:15:987 00000657                  APP| RHO serve: /app/Request/request
I/APP     ( 1600): I 02/14/2013 16:03:15:991 00000657              RhoRuby| require_compiled: Request/request_controller
I/APP     ( 1600): I 02/14/2013 16:03:16:097 00000657              RhoRuby| require_compiled: helpers/browser_helper
I/APP     ( 1600): I 02/14/2013 16:03:16:138 00000657              RhoRuby| require_compiled: time
I/APP     ( 1600): I 02/14/2013 16:03:16:297 00000657              RhoRuby| require_compiled: date/format
I/APP     ( 1600): I 02/14/2013 16:03:16:616 00000657              RhoRuby| require_compiled: date
I/APP     ( 1600): I 02/14/2013 16:03:16:635 00000657              RhoRuby| require_compiled: dateOrig
D/dalvikvm( 1600): GC_CONCURRENT freed 881K, 8% free 12508K/13575K, paused 5ms+4ms
D/webviewglue( 1600): nativeDestroy view: 0x281808
I/APP     ( 1600): E 02/14/2013 16:03:16:935 00000657               RubyVM| lib/date.rb:14: warning: already initialized constant MONTHNAMES
I/APP     ( 1600): E 02/14/2013 16:03:16:937 00000657               RubyVM| lib/date.rb:15: warning: already initialized constant ABBR_MONTHNAMES
I/APP     ( 1600): E 02/14/2013 16:03:16:960 00000657               RubyVM| lib/date.rb:16: warning: already initialized constant DAYNAMES
I/APP     ( 1600): E 02/14/2013 16:03:16:961 00000657               RubyVM| lib/date.rb:17: warning: already initialized constant ABBR_DAYNAMES
I/APP     ( 1600): I 02/14/2013 16:03:16:981 00000657              RhoRuby| require_compiled: json
I/APP     ( 1600): I 02/14/2013 16:03:16:986 00000657              RhoRuby| require_compiled: json/common
I/APP     ( 1600): I 02/14/2013 16:03:17:037 00000657              RhoRuby| require_compiled: json/version
I/APP     ( 1600): I 02/14/2013 16:03:17:062 00000657              RhoRuby| require_compiled: json/pure
I/APP     ( 1600): I 02/14/2013 16:03:17:086 00000657              RhoRuby| require_compiled: json/pure/generator
I/APP     ( 1600): I 02/14/2013 16:03:17:187 00000657           HttpServer| GC Start.
I/APP     ( 1600): I 02/14/2013 16:03:17:254 00000657           HttpServer| GC End.
I/APP     ( 1600): I 02/14/2013 16:03:17:541 00000657           HttpServer| Process URI: '/public/images/macotec/forklifter_full.png'
I/APP     ( 1600): I 02/14/2013 16:03:17:588 00000657           HttpServer| Process URI: '/public/images/macotec/request_contract.png'
I/APP     ( 1600): I 02/14/2013 16:03:17:616 00000657           HttpServer| Process URI: '/public/jqmobile/images/icons-36-white.png'
E/libEGL  ( 1600): call to OpenGL ES API with no current context (logged once per thread)
D/ShaderProgram( 1600): couldn't load the vertex shader!
E/libEGL  ( 1600): call to OpenGL ES API with no current context (logged once per thread)
D/ShaderProgram( 1600): couldn't load the vertex shader!
E/libEGL  ( 1600): call to OpenGL ES API with no current context (logged once per thread)
D/ShaderProgram( 1600): couldn't load the vertex shader!
E/libEGL  ( 1600): call to OpenGL ES API with no current context (logged once per thread)
D/ShaderProgram( 1600): couldn't load the vertex shader!
E/libEGL  ( 1600): call to OpenGL ES API with no current context (logged once per thread)
D/ShaderProgram( 1600): couldn't load the vertex shader!
I/APP     ( 1600): I 02/14/2013 16:03:21:712 00000657           HttpServer| Process URI: '/app/Request/request_rental'
I/APP     ( 1600): I 02/14/2013 16:03:21:739 00000657                  APP| RHO serve: /app/Request/request_rental
I/APP     ( 1600): I 02/14/2013 16:03:21:813 00000657                  APP| const_missing: Product
I/APP     ( 1600): I 02/14/2013 16:03:21:816 00000657                  APP| load_model: Product
I/APP     ( 1600): I 02/14/2013 16:03:21:861 00000657              RhoRuby| require_compiled: Product/product
I/APP     ( 1600): I 02/14/2013 16:03:22:054 00000657                  APP| model name: Product
I/APP     ( 1600): I 02/14/2013 16:03:22:072 00000657                  APP| model class found
I/APP     ( 1600): I 02/14/2013 16:03:22:091 00000657                  APP| Product : {"property"=>{}}
I/APP     ( 1600): I 02/14/2013 16:03:22:096 00000657                   DB| Open DB: /data/data/com.rhomobile.macotec/rhodata/db/syncdblocal.sqlite
I/APP     ( 1600): I 02/14/2013 16:03:22:166 00000657                  APP| init_db_sources
I/APP     ( 1600): I 02/14/2013 16:03:22:221 00000657                  APP| start_id: 40005
I/APP     ( 1600): I 02/14/2013 16:03:22:224 00000657                  APP| Migrate schema sources: {}
I/APP     ( 1600): I 02/14/2013 16:03:22:260 00000657                  APP| const_missing: Settings
I/APP     ( 1600): I 02/14/2013 16:03:22:284 00000657                  APP| load_model: Settings
I/APP     ( 1600): I 02/14/2013 16:03:22:290 00000657              RhoRuby| require_compiled: Settings/settings
I/APP     ( 1600): I 02/14/2013 16:03:22:328 00000657                  APP| model name: Settings
I/APP     ( 1600): I 02/14/2013 16:03:22:347 00000657                  APP| model class found
I/APP     ( 1600): I 02/14/2013 16:03:22:350 00000657                  APP| Settings : {"schema"=>{"property"=>{"company"=>[:string, nil], "phone"=>[:string, nil], "email"=>[:string, nil]}}}
I/APP     ( 1600): I 02/14/2013 16:03:22:377 00000657                  APP| init_db_sources
I/APP     ( 1600): I 02/14/2013 16:03:22:392 00000657                  APP| start_id: 40005
I/APP     ( 1600): I 02/14/2013 16:03:22:397 00000657                  APP| Migrate schema sources: {}
I/APP     ( 1600): I 02/14/2013 16:03:22:540 00000657           HttpServer| GC Start.
I/APP     ( 1600): I 02/14/2013 16:03:22:604 00000657           HttpServer| GC End.
I/APP     ( 1600): I 02/14/2013 16:03:28:305 00000657           HttpServer| Process URI: '/app/index_erb.iseq'
I/APP     ( 1600): I 02/14/2013 16:03:28:310 00000657                  APP| RHO serve_index: /app/index_erb.iseq
I/APP     ( 1600): I 02/14/2013 16:03:28:335 00000657 RHO Rho::RhoController| inst_render_index
I/APP     ( 1600): I 02/14/2013 16:03:28:422 00000657           HttpServer| GC Start.
I/APP     ( 1600): I 02/14/2013 16:03:28:470 00000657           HttpServer| GC End.
I/APP     ( 1600): I 02/14/2013 16:03:33:220 00000657           HttpServer| Process URI: '/app/Menu/contact'
I/APP     ( 1600): I 02/14/2013 16:03:33:223 00000657                  APP| RHO serve: /app/Menu/contact
I/APP     ( 1600): I 02/14/2013 16:03:33:245 00000657              RhoRuby| require_compiled: Menu/menu_controller
I/APP     ( 1600): I 02/14/2013 16:03:33:365 00000657           HttpServer| GC Start.
I/APP     ( 1600): I 02/14/2013 16:03:33:420 00000657           HttpServer| GC End.
I/APP     ( 1600): I 02/14/2013 16:03:33:632 00000657           HttpServer| Process URI: '/public/images/macotec/phone_png.png'
I/APP     ( 1600): I 02/14/2013 16:03:33:690 00000657           HttpServer| Process URI: '/public/images/macotec/mail_png.png'
I/APP     ( 1600): I 02/14/2013 16:03:33:715 00000657           HttpServer| Process URI: '/public/images/macotec/web_png.png'
I/APP     ( 1600): I 02/14/2013 16:03:38:485 00000657           HttpServer| Process URI: '/app/index_erb.iseq'
I/APP     ( 1600): I 02/14/2013 16:03:38:488 00000657                  APP| RHO serve_index: /app/index_erb.iseq
I/APP     ( 1600): I 02/14/2013 16:03:38:514 00000657 RHO Rho::RhoController| inst_render_index
I/APP     ( 1600): I 02/14/2013 16:03:38:613 00000657           HttpServer| GC Start.
I/APP     ( 1600): I 02/14/2013 16:03:38:670 00000657           HttpServer| GC End.
D/dalvikvm(  234): GC_CONCURRENT freed 383K, 6% free 9533K/10119K, paused 44ms+36ms
F/BatteryStatsImpl(   77): problem reading network stats
F/BatteryStatsImpl(   77): java.lang.IllegalStateException: problem parsing idx 1
F/BatteryStatsImpl(   77): 	at com.android.internal.net.NetworkStatsFactory.readNetworkStatsDetail(NetworkStatsFactory.java:300)
F/BatteryStatsImpl(   77): 	at com.android.internal.net.NetworkStatsFactory.readNetworkStatsDetail(NetworkStatsFactory.java:250)
F/BatteryStatsImpl(   77): 	at com.android.internal.os.BatteryStatsImpl.getNetworkStatsDetailGroupedByUid(BatteryStatsImpl.java:5734)
F/BatteryStatsImpl(   77): 	at com.android.internal.os.BatteryStatsImpl.access$100(BatteryStatsImpl.java:76)
F/BatteryStatsImpl(   77): 	at com.android.internal.os.BatteryStatsImpl$Uid.computeCurrentTcpBytesReceived(BatteryStatsImpl.java:2457)
F/BatteryStatsImpl(   77): 	at com.android.internal.os.BatteryStatsImpl$Uid.getTcpBytesReceived(BatteryStatsImpl.java:2446)
F/BatteryStatsImpl(   77): 	at com.android.internal.os.BatteryStatsImpl.writeSummaryToParcel(BatteryStatsImpl.java:5437)
F/BatteryStatsImpl(   77): 	at com.android.internal.os.BatteryStatsImpl.writeLocked(BatteryStatsImpl.java:4836)
F/BatteryStatsImpl(   77): 	at com.android.internal.os.BatteryStatsImpl.writeAsyncLocked(BatteryStatsImpl.java:4818)
F/BatteryStatsImpl(   77): 	at com.android.server.am.ActivityManagerService.updateCpuStatsNow(ActivityManagerService.java:1652)
F/BatteryStatsImpl(   77): 	at com.android.server.am.ActivityManagerService$3.run(ActivityManagerService.java:1534)
F/BatteryStatsImpl(   77): Caused by: java.io.FileNotFoundException: /proc/net/xt_qtaguid/stats: open failed: ENOENT (No such file or directory)
F/BatteryStatsImpl(   77): 	at libcore.io.IoBridge.open(IoBridge.java:406)
F/BatteryStatsImpl(   77): 	at java.io.FileInputStream.<init>(FileInputStream.java:78)
F/BatteryStatsImpl(   77): 	at com.android.internal.net.NetworkStatsFactory.readNetworkStatsDetail(NetworkStatsFactory.java:269)
F/BatteryStatsImpl(   77): 	... 10 more
F/BatteryStatsImpl(   77): Caused by: libcore.io.ErrnoException: open failed: ENOENT (No such file or directory)
F/BatteryStatsImpl(   77): 	at libcore.io.Posix.open(Native Method)
F/BatteryStatsImpl(   77): 	at libcore.io.BlockGuardOs.open(BlockGuardOs.java:110)
F/BatteryStatsImpl(   77): 	at libcore.io.IoBridge.open(IoBridge.java:390)
F/BatteryStatsImpl(   77): 	... 12 more
W/ThrottleService(   77): unable to find stats for iface rmnet0
D/dalvikvm(   77): GC_CONCURRENT freed 462K, 40% free 11355K/18887K, paused 12ms+7ms
D/AndroidRuntime( 1639): 
D/AndroidRuntime( 1639): >>>>>> AndroidRuntime START com.android.internal.os.RuntimeInit <<<<<<
D/AndroidRuntime( 1639): CheckJNI is ON
D/AndroidRuntime( 1639): Calling main entry com.android.commands.pm.Pm
W/ActivityManager(   77): No content provider found for permission revoke: file:///data/local/tmp/MacoTec-debug.apk
W/ActivityManager(   77): No content provider found for permission revoke: file:///data/local/tmp/MacoTec-debug.apk
D/dalvikvm(   77): GC_CONCURRENT freed 300K, 39% free 11541K/18887K, paused 8ms+14ms
D/dalvikvm(   77): GC_CONCURRENT freed 330K, 38% free 11753K/18887K, paused 15ms+11ms
D/dalvikvm(   77): GC_CONCURRENT freed 628K, 38% free 11753K/18887K, paused 6ms+9ms
D/dalvikvm(   77): GC_CONCURRENT freed 568K, 38% free 11754K/18887K, paused 6ms+6ms
D/dalvikvm(   77): GC_CONCURRENT freed 583K, 38% free 11802K/18887K, paused 9ms+9ms
D/dalvikvm(   77): GC_CONCURRENT freed 679K, 38% free 11769K/18887K, paused 15ms+16ms
I/PackageManager(   77): Removing non-system package:com.rhomobile.macotec
I/ActivityManager(   77): Force stopping package com.rhomobile.macotec uid=10040
I/ActivityManager(   77): Killing proc 1600:com.rhomobile.macotec/10040: force stop
W/ActivityManager(   77): Force removing ActivityRecord{412d01e8 com.rhomobile.macotec/com.rhomobile.rhodes.RhodesActivity}: app died, no saved state
W/NetworkManagementSocketTagger(   77): setKernelCountSet(10040, 0) failed with errno -2
W/NetworkManagementSocketTagger(   77): setKernelCountSet(10009, 1) failed with errno -2
W/InputDispatcher(   77): channel '417ca6d8 com.rhomobile.macotec/com.rhomobile.rhodes.RhodesActivity (server)' ~ Consumer closed input channel or an error occurred.  events=0x8
E/InputDispatcher(   77): channel '417ca6d8 com.rhomobile.macotec/com.rhomobile.rhodes.RhodesActivity (server)' ~ Channel is unrecoverably broken and will be disposed!
I/WindowManager(   77): WIN DEATH: Window{417ca6d8 com.rhomobile.macotec/com.rhomobile.rhodes.RhodesActivity paused=false}
W/InputDispatcher(   77): Attempted to unregister already unregistered input channel '417ca6d8 com.rhomobile.macotec/com.rhomobile.rhodes.RhodesActivity (server)'
I/WindowManager(   77): WINDOW DIED Window{417ca6d8 com.rhomobile.macotec/com.rhomobile.rhodes.RhodesActivity paused=false}
I/PackageManager(   77): Package com.rhomobile.macotec codePath changed from /data/app/com.rhomobile.macotec-1.apk to /data/app/com.rhomobile.macotec-2.apk; Retaining data and using new
W/InputManagerService(   77): Got RemoteException sending setActive(false) notification to pid 1600 uid 10040
I/PackageManager(   77): Running dexopt on: com.rhomobile.macotec
D/dalvikvm( 1650): DexOpt: load 91ms, verify+opt 493ms
W/PackageManager(   77): Code path for pkg : com.rhomobile.macotec changing from /data/app/com.rhomobile.macotec-1.apk to /data/app/com.rhomobile.macotec-2.apk
W/PackageManager(   77): Resource path for pkg : com.rhomobile.macotec changing from /data/app/com.rhomobile.macotec-1.apk to /data/app/com.rhomobile.macotec-2.apk
I/ActivityManager(   77): Force stopping package com.rhomobile.macotec uid=10040
D/dalvikvm(   77): GC_CONCURRENT freed 587K, 38% free 11773K/18887K, paused 6ms+12ms
D/PackageManager(   77): New package installed in /data/app/com.rhomobile.macotec-2.apk
I/ActivityManager(   77): Force stopping package com.rhomobile.macotec uid=10040
D/dalvikvm(  245): GC_EXPLICIT freed 261K, 6% free 11327K/12039K, paused 13ms+4ms
D/dalvikvm(  285): GC_EXPLICIT freed 147K, 5% free 9396K/9799K, paused 12ms+4ms
D/dalvikvm(   77): GC_EXPLICIT freed 601K, 41% free 11329K/18887K, paused 5ms+9ms
D/PackageManager(   77): generateServicesMap(android.accounts.AccountAuthenticator): 2 services unchanged
D/PackageManager(   77): generateServicesMap(android.content.SyncAdapter): 4 services unchanged
D/BackupManagerService(   77): Received broadcast Intent { act=android.intent.action.PACKAGE_REMOVED dat=package:com.rhomobile.macotec flg=0x10000010 (has extras) }
D/PackageManager(   77): generateServicesMap(android.accounts.AccountAuthenticator): 2 services unchanged
D/PackageManager(   77): generateServicesMap(android.content.SyncAdapter): 4 services unchanged
D/BackupManagerService(   77): Received broadcast Intent { act=android.intent.action.PACKAGE_ADDED dat=package:com.rhomobile.macotec flg=0x10000010 (has extras) }
V/BackupManagerService(   77): updatePackageParticipantsLocked: #1
W/RecognitionManagerService(   77): no available voice recognition services found
D/BackupManagerService(   77): Received broadcast Intent { act=android.intent.action.PACKAGE_REPLACED dat=package:com.rhomobile.macotec flg=0x10000010 (has extras) }
V/BackupManagerService(   77): updatePackageParticipantsLocked: #1
D/dalvikvm(   77): GC_EXPLICIT freed 450K, 40% free 11457K/18887K, paused 5ms+10ms
D/AndroidRuntime( 1639): Shutting down VM
D/dalvikvm( 1639): GC_CONCURRENT freed 97K, 79% free 450K/2048K, paused 1ms+1ms
I/AndroidRuntime( 1639): NOTE: attach of thread 'Binder Thread #3' failed
D/AndroidRuntime( 1658): 
D/AndroidRuntime( 1658): >>>>>> AndroidRuntime START com.android.internal.os.RuntimeInit <<<<<<
D/AndroidRuntime( 1658): CheckJNI is ON
D/AndroidRuntime( 1658): Calling main entry com.android.commands.am.Am
I/ActivityManager(   77): START {act=android.intent.action.MAIN flg=0x10000000 cmp=com.rhomobile.macotec/com.rhomobile.rhodes.RhodesActivity} from pid 1658
W/WindowManager(   77): Failure taking screenshot for (180x300) to layer 21005
D/AndroidRuntime( 1658): Shutting down VM
D/dalvikvm( 1658): GC_CONCURRENT freed 97K, 77% free 480K/2048K, paused 1ms+1ms
I/AndroidRuntime( 1658): NOTE: attach of thread 'Binder Thread #3' failed
I/ActivityManager(   77): Start proc com.rhomobile.macotec for activity com.rhomobile.macotec/com.rhomobile.rhodes.RhodesActivity: pid=1668 uid=10040 gids={3003}
I/dalvikvm( 1668): Turning on JNI app bug workarounds for target SDK version 4...
W/NetworkManagementSocketTagger(   77): setKernelCountSet(10040, 1) failed with errno -2
I/Process (   77): Sending signal. PID: 1668 SIG: 3
I/dalvikvm( 1668): threadid=3: reacting to signal 3
I/dalvikvm( 1668): Wrote stack traces to '/data/anr/traces.txt'
D/dalvikvm( 1668): Trying to load lib /data/data/com.rhomobile.macotec/lib/librhodes.so 0x412a3bf0
D/dalvikvm( 1668): Added shared lib /data/data/com.rhomobile.macotec/lib/librhodes.so 0x412a3bf0
D/dalvikvm( 1668): Trying to load lib /data/data/com.rhomobile.macotec/lib/librhodes.so 0x412a3bf0
D/dalvikvm( 1668): Shared lib '/data/data/com.rhomobile.macotec/lib/librhodes.so' already loaded in same CL 0x412a3bf0
I/ActivityThread( 1668): Pub com.rhomobile.macotec: com.rhomobile.rhodes.LocalFileProvider
I/RhodesApplication( 1668): Initializing...
D/RhoFileApi( 1668): App root path: /data/data/com.rhomobile.macotec/rhodata/
D/RhoFileApi( 1668): Sqlite journals path: /data/data/com.rhomobile.macotec/sqlite_stmt_journals/
D/RhoFileApi( 1668): Shared path: /data/data/com.rhomobile.macotec/rhodata/
D/RhodesApplication( 1668): Root path: /data/data/com.rhomobile.macotec/rhodata/
I/RhodesApplication( 1668): Application hash was changed
D/RhoFileApi( 1668): Copy hash to FS
D/RhoFileApi( 1668): File hash copied
D/RhoFileApi( 1668): Copy rho.dat to FS
D/RhoFileApi( 1668): File rho.dat copied
D/RhoFileApi( 1668): Copy apps/rhoconfig.txt to FS
D/RhoFileApi( 1668): File apps/rhoconfig.txt copied
I/RhoFileApi( 1668): Opening stat table from FS: /data/data/com.rhomobile.macotec/rhodata/rho.dat
I/Process (   77): Sending signal. PID: 1668 SIG: 3
I/dalvikvm( 1668): threadid=3: reacting to signal 3
I/dalvikvm( 1668): Wrote stack traces to '/data/anr/traces.txt'
D/RhoFileApi( 1668): Copy apps/rhoconfig.txt to FS
D/RhoFileApi( 1668): File apps/rhoconfig.txt copied
D/RhoFileApi( 1668): App root path: /data/data/com.rhomobile.macotec/rhodata/
D/RhoFileApi( 1668): Sqlite journals path: /data/data/com.rhomobile.macotec/sqlite_stmt_journals/
D/RhoFileApi( 1668): Shared path: /data/data/com.rhomobile.macotec/rhodata/
I/APP     ( 1668): I 02/14/2013 16:10:36:338 00000684    RhodesApplication| Initialized
I/APP     ( 1668): I 02/14/2013 16:10:36:381 00000684         BaseActivity| New screen properties - width: 480, height: 800, orientation: 1
I/APP     ( 1668): I 02/14/2013 16:10:36:536 00000684         SplashScreen| Looking for start page source
D/dalvikvm( 1668): GC_CONCURRENT freed 300K, 5% free 9215K/9607K, paused 9ms+4ms
I/Process (   77): Sending signal. PID: 1668 SIG: 3
I/dalvikvm( 1668): threadid=3: reacting to signal 3
I/dalvikvm( 1668): Wrote stack traces to '/data/anr/traces.txt'
D/dalvikvm( 1668): GC_FOR_ALLOC freed 14K, 4% free 9227K/9607K, paused 41ms
I/dalvikvm-heap( 1668): Grow heap (frag case) to 12.146MB for 3217300-byte allocation
D/dalvikvm( 1668): GC_CONCURRENT freed <1K, 4% free 12368K/12807K, paused 4ms+12ms
I/Process (   77): Sending signal. PID: 1668 SIG: 3
I/dalvikvm( 1668): threadid=3: reacting to signal 3
I/dalvikvm( 1668): Wrote stack traces to '/data/anr/traces.txt'
I/APP     ( 1668): I 02/14/2013 16:10:37:278 00000684         SplashScreen| Done
I/APP     ( 1668): I 02/14/2013 16:10:37:281 00000684    RhodesApplication| New UiState: MainActivityCreated
I/APP     ( 1668): I 02/14/2013 16:10:37:304 00000684       RhodesActivity| onStart
I/APP     ( 1668): I 02/14/2013 16:10:37:307 00000684    RhodesApplication| New UiState: MainActivityStarted
I/APP     ( 1668): I 02/14/2013 16:10:37:329 00000684       RhodesActivity| onResume
I/APP     ( 1668): I 02/14/2013 16:10:37:332 00000684 AndroidFunctionality| Resume WebView
I/APP     ( 1668): I 02/14/2013 16:10:37:376 00000684        RhodesService| onCreate
I/APP     ( 1668): I 02/14/2013 16:10:37:379 00000684    LocalFileProvider| Revoke URI permissions: content:///com.rhomobile.macotec
W/ActivityManager(   77): No content provider found for permission revoke: content:///com.rhomobile.macotec
I/APP     ( 1668): I 02/14/2013 16:10:37:407 00000684               Rhodes| Loading...
I/APP     ( 1668): I 02/14/2013 16:10:37:430 00000684            RhodesApp| Trying to get free listening port.
I/APP     ( 1668): I 02/14/2013 16:10:37:433 00000684            RhodesApp| Trying to bind of 8080 port...
I/APP     ( 1668): I 02/14/2013 16:10:37:446 00000684            RhodesApp| Got port to bind on: 8080
I/APP     ( 1668): I 02/14/2013 16:10:37:448 00000684            RhodesApp| Free listening port: 8080
I/APP     ( 1668): I 02/14/2013 16:10:37:464 00000699         AppCallbacks| Starting main routine...
I/APP     ( 1668): I 02/14/2013 16:10:37:466 00000699         AppCallbacks| ThreadQueue blocked for 4294967295 seconds...
I/APP     ( 1668): I 02/14/2013 16:10:37:520 00000684        RhodesService| Push is disabled
I/APP     ( 1668): I 02/14/2013 16:10:37:522 00000684            RhodesApp| callAppActiveCallback
I/APP     ( 1668): I 02/14/2013 16:10:37:543 00000684         AppCallbacks| addCommand: APP-ACTIVATED
I/APP     ( 1668): I 02/14/2013 16:10:37:558 00000699         AppCallbacks| Received command APP-ACTIVATED which is greater than expected (LOCAL-SERVER-STARTED) - postpone it
I/APP     ( 1668): I 02/14/2013 16:10:37:559 00000699         AppCallbacks| ThreadQueue blocked for 4294967295 seconds...
I/APP     ( 1668): I 02/14/2013 16:10:37:577 00000684         AppActivated| Cannot commit now, application will be activated when started.
I/APP     ( 1668): I 02/14/2013 16:10:37:584 00000684    RhodesApplication| New AppState: Undefined
I/APP     ( 1668): I 02/14/2013 16:10:37:603 0000069b            RhodesApp| Starting RhodesApp main routine...
D/RhodesService( 1668): +++ onStartCommand
I/RhodesService( 1668): handleCommand: startId=1, source=com.rhomobile.rhodes.BaseActivity
D/RhodesService( 1668): New activity was created
I/Process (   77): Sending signal. PID: 1668 SIG: 3
I/dalvikvm( 1668): threadid=3: reacting to signal 3
I/dalvikvm( 1668): Wrote stack traces to '/data/anr/traces.txt'
I/APP     ( 1668): I 02/14/2013 16:10:37:715 00000684        RhodesService| onBind
I/APP     ( 1668): I 02/14/2013 16:10:37:800 00000684         AppCallbacks| addCommand: UI-CREATED
I/APP     ( 1668): I 02/14/2013 16:10:37:802 00000699         AppCallbacks| Received command UI-CREATED which is greater than expected (LOCAL-SERVER-STARTED) - postpone it
I/APP     ( 1668): I 02/14/2013 16:10:37:803 00000699         AppCallbacks| ThreadQueue blocked for 4294967295 seconds...
V/PhoneStatusBar(  200): setLightsOn(true)
I/APP     ( 1668): I 02/14/2013 16:10:37:931 00000684       RhodesActivity| onServiceConnected: {com.rhomobile.macotec/com.rhomobile.rhodes.RhodesService}
I/APP     ( 1668): I 02/14/2013 16:10:37:933 00000684       RhodesActivity| New start parameters: 
I/APP     ( 1668): I 02/14/2013 16:10:37:956 00000684            RhodesApp| New start params: 
D/gralloc_goldfish( 1668): Emulator without GPU emulation detected.
I/ActivityManager(   77): Displayed com.rhomobile.macotec/com.rhomobile.rhodes.RhodesActivity: +3s328ms
I/APP     ( 1668): I 02/14/2013 16:10:38:449 0000069b              RhoRuby| Init_RhoBlobs: /data/data/com.rhomobile.macotec/rhodata/db/db-files
I/APP     ( 1668): I 02/14/2013 16:10:38:485 0000069b              RhoRuby| require_compiled: rhoframework
W/NetworkManagementSocketTagger(   77): setKernelCountSet(10009, 0) failed with errno -2
I/APP     ( 1668): I 02/14/2013 16:10:38:578 0000069b              RhoRuby| require_compiled: rational
I/APP     ( 1668): I 02/14/2013 16:10:38:600 0000069b              RhoRuby| require_compiled: rhom/rhom_db_adapter
I/APP     ( 1668): I 02/14/2013 16:10:38:656 0000069b              RhoRuby| require_compiled: rhodes
I/APP     ( 1668): I 02/14/2013 16:10:38:677 0000069b              RhoRuby| require_compiled: rhom/rhom_object
I/APP     ( 1668): I 02/14/2013 16:10:38:702 0000069b              RhoRuby| require_compiled: rhofsconnector
I/APP     ( 1668): I 02/14/2013 16:10:38:707 0000069b              RhoRuby| require_compiled: rho/rhofsconnector
I/APP     ( 1668): I 02/14/2013 16:10:38:748 0000069b              RhoRuby| require_compiled: rhom/rhom_object_factory
I/APP     ( 1668): I 02/14/2013 16:10:38:911 0000069b              RhoRuby| require_compiled: rhom/rhom
I/APP     ( 1668): I 02/14/2013 16:10:38:949 0000069b              RhoRuby| require_compiled: rhom/rhom_model
I/APP     ( 1668): I 02/14/2013 16:10:38:985 0000069b              RhoRuby| require_compiled: rhom
I/APP     ( 1668): I 02/14/2013 16:10:38:989 0000069b              RhoRuby| require_compiled: rho/rhoapplication
I/APP     ( 1668): I 02/14/2013 16:10:39:070 0000069b              RhoRuby| require_compiled: rholang/localization_simplified
I/APP     ( 1668): I 02/14/2013 16:10:39:143 0000069b              RhoRuby| require_compiled: rho/rhomsg
I/APP     ( 1668): I 02/14/2013 16:10:39:180 0000069b              RhoRuby| require_compiled: rho/rhotabbar
I/APP     ( 1668): I 02/14/2013 16:10:39:208 0000069b              RhoRuby| require_compiled: rho/rhotoolbar
I/APP     ( 1668): I 02/14/2013 16:10:39:231 0000069b                  APP| Current locale: ; Country code: 
I/APP     ( 1668): I 02/14/2013 16:10:39:265 0000069b                  APP| Locilized file: /data/data/com.rhomobile.macotec/rhodata/lib/rholang/lang_
I/APP     ( 1668): I 02/14/2013 16:10:39:287 0000069b              RhoRuby| require_compiled: /data/data/com.rhomobile.macotec/rhodata/lib/rholang/lang_en
I/APP     ( 1668): I 02/14/2013 16:10:39:319 0000069b                  APP| Locilized file: /data/data/com.rhomobile.macotec/rhodata/apps/app/lang/lang_
I/APP     ( 1668): I 02/14/2013 16:10:39:322 0000069b              RhoRuby| require_compiled: /data/data/com.rhomobile.macotec/rhodata/apps/app/lang/lang_en
I/APP     ( 1668): I 02/14/2013 16:10:39:379 0000069b                  APP| Locilized file: /data/data/com.rhomobile.macotec/rhodata/lib/rholang/rhoerror_
I/APP     ( 1668): I 02/14/2013 16:10:39:382 0000069b              RhoRuby| require_compiled: /data/data/com.rhomobile.macotec/rhodata/lib/rholang/rhoerror_en
I/APP     ( 1668): I 02/14/2013 16:10:39:411 0000069b                  APP| Locilized file: /data/data/com.rhomobile.macotec/rhodata/lib/rholang/rhomsg_
I/APP     ( 1668): I 02/14/2013 16:10:39:413 0000069b              RhoRuby| require_compiled: /data/data/com.rhomobile.macotec/rhodata/lib/rholang/rhomsg_en
I/APP     ( 1668): I 02/14/2013 16:10:39:461 0000069b              RhoRuby| require_compiled: indifferent_access
I/APP     ( 1668): I 02/14/2013 16:10:39:520 0000069b              RhoRuby| require_compiled: rho/rhosupport
I/APP     ( 1668): I 02/14/2013 16:10:39:583 0000069b              RhoRuby| require_compiled: rho/rhocontroller
I/APP     ( 1668): I 02/14/2013 16:10:39:618 0000069b              RhoRuby| require_compiled: rho/render
I/APP     ( 1668): I 02/14/2013 16:10:39:669 0000069b              RhoRuby| require_compiled: rho/rho
I/APP     ( 1668): I 02/14/2013 16:10:39:821 0000069b              RhoRuby| require_compiled: rho/rhoerror
I/APP     ( 1668): I 02/14/2013 16:10:39:862 0000069b              RhoRuby| require_compiled: rhom/rhom_source
I/APP     ( 1668): I 02/14/2013 16:10:39:895 0000069b              RhoRuby| require_compiled: rho/rhoviewhelpers
I/APP     ( 1668): I 02/14/2013 16:10:39:926 0000069b              RhoRuby| require_compiled: rho
I/APP     ( 1668): I 02/14/2013 16:10:39:930 0000069b                  APP| RHO loaded
I/APP     ( 1668): I 02/14/2013 16:10:39:953 0000069b                  APP| Calling RHO.initialize
I/APP     ( 1668): I 02/14/2013 16:10:39:958 0000069b                  APP| model file: Settings/settings
I/APP     ( 1668): I 02/14/2013 16:10:39:985 0000069b                  APP| model file: Product/product
I/APP     ( 1668): I 02/14/2013 16:10:39:987 0000069b                  APP| model file: Request/request
I/APP     ( 1668): I 02/14/2013 16:10:40:011 0000069b                   DB| Open DB: /data/data/com.rhomobile.macotec/rhodata/db/syncdbuser.sqlite
I/APP     ( 1668): I 02/14/2013 16:10:40:033 0000069b          GeoLocation| Creating singleton instance.
I/APP     ( 1668): I 02/14/2013 16:10:40:035 0000069b            RhodesApp| Starting sync engine...
I/APP     ( 1668): I 02/14/2013 16:10:40:058 0000069b                 Sync| sync_poll_interval: 0
I/APP     ( 1668): I 02/14/2013 16:10:40:061 0000069b                 Sync| syncserver: 
I/APP     ( 1668): I 02/14/2013 16:10:40:084 0000069b                 Sync| bulksync_state: 0
I/APP     ( 1668): I 02/14/2013 16:10:40:086 0000069b            RhodesApp| RhoRubyInitApp...
I/APP     ( 1668): I 02/14/2013 16:10:40:097 0000069b                  APP| init_app
I/APP     ( 1668): I 02/14/2013 16:10:40:100 0000069b              RhoRuby| require_compiled: application
I/APP     ( 1668): I 02/14/2013 16:10:40:127 0000069b                 Sync| Set notification. Source ID: -1;Url :http://localhost:8080/app/Settings/sync_notify; Params: 
I/APP     ( 1668): I 02/14/2013 16:10:40:130 0000069b           HttpServer| Start HTTP server
I/APP     ( 1668): I 02/14/2013 16:10:40:149 0000069b           HttpServer| Listen for connections on port 8080
I/APP     ( 1668): I 02/14/2013 16:10:40:150 0000069b         AppCallbacks| addCommand: LOCAL-SERVER-STARTED
I/APP     ( 1668): I 02/14/2013 16:10:40:162 00000699         AppCallbacks| process command: LOCAL-SERVER-STARTED
I/APP     ( 1668): I 02/14/2013 16:10:40:162 00000699 RhodesAppActiveObserver| Ready
I/APP     ( 1668): I 02/14/2013 16:10:40:167 00000684 AndroidFunctionality| Disable WebView zoom
I/APP     ( 1668): I 02/14/2013 16:10:40:168 00000684 AndroidFunctionality| Set web plugins state 'OFF'
I/APP     ( 1668): I 02/14/2013 16:10:40:187 00000699    RhodesApplication| New AppState: AppActivated
I/APP     ( 1668): I 02/14/2013 16:10:40:196 00000699         AppCallbacks| process command: UI-CREATED
I/APP     ( 1668): I 02/14/2013 16:10:40:271 0000069b           HttpServer| Process URI: '/system/uicreated'
I/APP     ( 1668): I 02/14/2013 16:10:40:274 0000069b                  APP| on_ui_created.navigate to start url: '/app'
I/APP     ( 1668): I 02/14/2013 16:10:40:276 00000684         SplashScreen| navigate: url=http://localhost:8080/app
I/APP     ( 1668): I 02/14/2013 16:10:40:277 00000684         SplashScreen| DELAY for SplashScreen = 0
I/APP     ( 1668): I 02/14/2013 16:10:40:310 00000699         AppCallbacks| process command: APP-ACTIVATED
I/APP     ( 1668): I 02/14/2013 16:10:40:351 00000684        GoogleWebView| Creating new RhoWebChromeClient
I/APP     ( 1668): I 02/14/2013 16:10:40:359 00000684       SimpleMainView| Cleared URL: http://localhost:8080/app
I/APP     ( 1668): I 02/14/2013 16:10:40:401 0000069b           HttpServer| Process URI: '/system/activateapp'
I/APP     ( 1668): I 02/14/2013 16:10:40:417 00000699         AppCallbacks| ThreadQueue blocked for 4294967295 seconds...
V/SimpleMainView.View( 1668): ms[1360854640421]  Main Window :: onSizeChanged() old [ 480 x 724 ]  new [ 0 x 0 ]
I/APP     ( 1668): I 02/14/2013 16:10:40:487 00000684        GoogleWebView| Setting RhoWebChromeClient
I/APP     ( 1668): I 02/14/2013 16:10:40:591 0000069b           HttpServer| Process URI: '/app'
I/APP     ( 1668): I 02/14/2013 16:10:40:629 00000684     RhoWebViewClient| Loading URL: http://localhost:8080/app/index_erb.iseq
I/APP     ( 1668): I 02/14/2013 16:10:40:658 0000069b           HttpServer| Process URI: '/app/index_erb.iseq'
I/APP     ( 1668): I 02/14/2013 16:10:40:663 0000069b                  APP| RHO serve_index: /app/index_erb.iseq
I/APP     ( 1668): I 02/14/2013 16:10:40:699 0000069b RHO Rho::RhoController| inst_render_index
I/APP     ( 1668): I 02/14/2013 16:10:40:752 0000069b RHO Rho::RhoController| index layout
I/APP     ( 1668): I 02/14/2013 16:10:40:834 0000069b           HttpServer| GC Start.
I/APP     ( 1668): I 02/14/2013 16:10:40:903 0000069b           HttpServer| GC End.
I/APP     ( 1668): I 02/14/2013 16:10:41:050 0000069b           HttpServer| Process URI: '/public/js/request.js'
I/APP     ( 1668): I 02/14/2013 16:10:41:092 0000069b           HttpServer| Process URI: '/public/jquery/jquery-1.6.4.min.js'
I/APP     ( 1668): I 02/14/2013 16:10:41:224 0000069b           HttpServer| Process URI: '/public/jquery/jquery.json-2.3.min.js'
I/APP     ( 1668): I 02/14/2013 16:10:41:255 0000069b           HttpServer| Process URI: '/public/jqmobile/jquery.mobile-1.0.1.min.css'
I/APP     ( 1668): I 02/14/2013 16:10:41:289 0000069b           HttpServer| Process URI: '/public/css/jqmobile-patch.css'
I/APP     ( 1668): I 02/14/2013 16:10:41:351 0000069b           HttpServer| Process URI: '/public/jqmobile/jquery.mobile-1.0.1.min.js'
I/APP     ( 1668): I 02/14/2013 16:10:41:433 0000069b           HttpServer| Process URI: '/public/js/jqmobile-patch.js'
I/APP     ( 1668): I 02/14/2013 16:10:41:469 0000069b           HttpServer| Process URI: '/public/css/macotec_style.css'
I/APP     ( 1668): I 02/14/2013 16:10:44:813 0000069b           HttpServer| Process URI: '/public/images/macotec/logo.png'
I/APP     ( 1668): I 02/14/2013 16:10:45:483 0000069b           HttpServer| Process URI: '/public/images/macotec/request_top.png'
I/APP     ( 1668): I 02/14/2013 16:10:45:551 0000069b           HttpServer| Process URI: '/public/images/macotec/contact_png.png'
I/APP     ( 1668): I 02/14/2013 16:10:45:559 0000069b           HttpServer| Process URI: '/public/images/macotec/products_png.png'
I/APP     ( 1668): I 02/14/2013 16:10:45:601 0000069b           HttpServer| Process URI: '/public/images/macotec/info_png.png'
W/webview ( 1668): Stale touch event ACTION_DOWN received from webcore; ignoring
