I/APP     ( 3799): I 02/07/2013 16:33:30:628 00000eee              RhoRuby| require_compiled: /data/data/com.rhomobile.macotec/rhodata/lib/rholang/lang_en
I/APP     ( 3799): I 02/07/2013 16:33:30:665 00000eee                  APP| Locilized file: /data/data/com.rhomobile.macotec/rhodata/apps/app/lang/lang_
I/APP     ( 3799): I 02/07/2013 16:33:30:691 00000eee                  APP| Locilized file: /data/data/com.rhomobile.macotec/rhodata/lib/rholang/rhoerror_
I/APP     ( 3799): I 02/07/2013 16:33:30:722 00000eee              RhoRuby| require_compiled: /data/data/com.rhomobile.macotec/rhodata/lib/rholang/rhoerror_en
I/APP     ( 3799): I 02/07/2013 16:33:30:755 00000eee                  APP| Locilized file: /data/data/com.rhomobile.macotec/rhodata/lib/rholang/rhomsg_
I/APP     ( 3799): I 02/07/2013 16:33:30:787 00000eee              RhoRuby| require_compiled: /data/data/com.rhomobile.macotec/rhodata/lib/rholang/rhomsg_en
I/APP     ( 3799): I 02/07/2013 16:33:30:817 00000eee              RhoRuby| require_compiled: indifferent_access
I/APP     ( 3799): I 02/07/2013 16:33:30:919 00000eee              RhoRuby| require_compiled: rho/rhosupport
I/APP     ( 3799): I 02/07/2013 16:33:31:006 00000eee              RhoRuby| require_compiled: rho/rhocontroller
I/APP     ( 3799): I 02/07/2013 16:33:31:071 00000eee              RhoRuby| require_compiled: rho/render
I/APP     ( 3799): I 02/07/2013 16:33:31:154 00000eee              RhoRuby| require_compiled: rho/rho
I/APP     ( 3799): I 02/07/2013 16:33:31:335 00000eee              RhoRuby| require_compiled: rho/rhoerror
I/APP     ( 3799): I 02/07/2013 16:33:31:384 00000eee              RhoRuby| require_compiled: rhom/rhom_source
I/APP     ( 3799): I 02/07/2013 16:33:31:452 00000eee              RhoRuby| require_compiled: rho/rhoviewhelpers
I/APP     ( 3799): I 02/07/2013 16:33:31:516 00000eee              RhoRuby| require_compiled: rho
I/APP     ( 3799): I 02/07/2013 16:33:31:561 00000eee                  APP| RHO loaded
I/APP     ( 3799): I 02/07/2013 16:33:31:567 00000eee                  APP| Calling RHO.initialize
I/APP     ( 3799): I 02/07/2013 16:33:31:629 00000eee                  APP| model file: Product/product
I/APP     ( 3799): I 02/07/2013 16:33:31:659 00000eee                  APP| model file: Request/request
I/APP     ( 3799): I 02/07/2013 16:33:31:679 00000eee                   DB| Open DB: /data/data/com.rhomobile.macotec/rhodata/db/syncdbuser.sqlite
I/APP     ( 3799): I 02/07/2013 16:33:31:711 00000eee          GeoLocation| Creating singleton instance.
I/APP     ( 3799): I 02/07/2013 16:33:31:745 00000eee            RhodesApp| Starting sync engine...
I/APP     ( 3799): I 02/07/2013 16:33:31:752 00000eee                 Sync| sync_poll_interval: 0
I/APP     ( 3799): I 02/07/2013 16:33:31:766 00000eee                 Sync| syncserver: 
I/APP     ( 3799): I 02/07/2013 16:33:31:795 00000eee                 Sync| bulksync_state: 0
I/APP     ( 3799): I 02/07/2013 16:33:31:799 00000eee            RhodesApp| RhoRubyInitApp...
I/APP     ( 3799): I 02/07/2013 16:33:31:829 00000eee                  APP| init_app
I/APP     ( 3799): I 02/07/2013 16:33:31:835 00000eee              RhoRuby| require_compiled: application
I/APP     ( 3799): I 02/07/2013 16:33:31:873 00000eee                 Sync| Set notification. Source ID: -1;Url :http://localhost:8080/app/Settings/sync_notify; Params: 
I/APP     ( 3799): I 02/07/2013 16:33:31:896 00000eee           HttpServer| Start HTTP server
I/APP     ( 3799): I 02/07/2013 16:33:31:901 00000eee           HttpServer| Listen for connections on port 8080
I/APP     ( 3799): I 02/07/2013 16:33:31:931 00000eee         AppCallbacks| addCommand: LOCAL-SERVER-STARTED
I/APP     ( 3799): I 02/07/2013 16:33:31:935 00000eec         AppCallbacks| process command: LOCAL-SERVER-STARTED
I/APP     ( 3799): I 02/07/2013 16:33:31:936 00000eec RhodesAppActiveObserver| Ready
I/APP     ( 3799): I 02/07/2013 16:33:31:943 00000ed7 AndroidFunctionality| Disable WebView zoom
I/APP     ( 3799): I 02/07/2013 16:33:31:944 00000ed7 AndroidFunctionality| Set web plugins state 'OFF'
I/APP     ( 3799): I 02/07/2013 16:33:32:002 00000eec    RhodesApplication| New AppState: AppActivated
I/APP     ( 3799): I 02/07/2013 16:33:32:021 00000eec         AppCallbacks| process command: UI-CREATED
I/APP     ( 3799): I 02/07/2013 16:33:32:132 00000eee           HttpServer| Process URI: '/system/uicreated'
I/APP     ( 3799): I 02/07/2013 16:33:32:139 00000eee                  APP| on_ui_created.navigate to start url: '/app'
I/APP     ( 3799): I 02/07/2013 16:33:32:155 00000ed7         SplashScreen| navigate: url=http://localhost:8080/app
I/APP     ( 3799): I 02/07/2013 16:33:32:157 00000ed7         SplashScreen| DELAY for SplashScreen = 0
I/APP     ( 3799): I 02/07/2013 16:33:32:205 00000eec         AppCallbacks| process command: APP-ACTIVATED
I/APP     ( 3799): I 02/07/2013 16:33:32:234 00000ed7        GoogleWebView| Creating new RhoWebChromeClient
I/APP     ( 3799): I 02/07/2013 16:33:32:273 00000ed7       SimpleMainView| Cleared URL: http://localhost:8080/app
I/APP     ( 3799): I 02/07/2013 16:33:32:306 00000eee           HttpServer| Process URI: '/system/activateapp'
V/SimpleMainView.View( 3799): ms[1360251212327]  Main Window :: onSizeChanged() old [ 480 x 652 ]  new [ 0 x 0 ]
I/APP     ( 3799): I 02/07/2013 16:33:32:355 00000eec         AppCallbacks| ThreadQueue blocked for 4294967295 seconds...
I/APP     ( 3799): I 02/07/2013 16:33:32:455 00000ed7        GoogleWebView| Setting RhoWebChromeClient
I/APP     ( 3799): I 02/07/2013 16:33:32:606 00000eee           HttpServer| Process URI: '/app'
I/APP     ( 3799): I 02/07/2013 16:33:32:643 00000ed7     RhoWebViewClient| Loading URL: http://localhost:8080/app/index_erb.iseq
I/APP     ( 3799): I 02/07/2013 16:33:32:695 00000eee           HttpServer| Process URI: '/app/index_erb.iseq'
I/APP     ( 3799): I 02/07/2013 16:33:32:701 00000eee                  APP| RHO serve_index: /app/index_erb.iseq
I/APP     ( 3799): I 02/07/2013 16:33:32:732 00000eee RHO Rho::RhoController| inst_render_index
I/APP     ( 3799): I 02/07/2013 16:33:32:851 00000eee RHO Rho::RhoController| index layout
I/APP     ( 3799): I 02/07/2013 16:33:32:963 00000eee           HttpServer| GC Start.
I/APP     ( 3799): I 02/07/2013 16:33:33:082 00000eee           HttpServer| GC End.
I/APP     ( 3799): I 02/07/2013 16:33:33:247 00000eee           HttpServer| Process URI: '/public/js/request.js'
I/APP     ( 3799): I 02/07/2013 16:33:33:343 00000eee           HttpServer| Process URI: '/public/jquery/jquery-1.6.4.min.js'
I/APP     ( 3799): I 02/07/2013 16:33:33:473 00000eee           HttpServer| Process URI: '/public/jquery/jquery.json-2.3.min.js'
I/APP     ( 3799): I 02/07/2013 16:33:33:673 00000eee           HttpServer| Process URI: '/public/jqmobile/jquery.mobile-1.0.1.min.css'
I/APP     ( 3799): I 02/07/2013 16:33:33:749 00000eee           HttpServer| Process URI: '/public/css/jqmobile-patch.css'
I/APP     ( 3799): I 02/07/2013 16:33:33:790 00000eee           HttpServer| Process URI: '/public/jqmobile/jquery.mobile-1.0.1.min.js'
I/APP     ( 3799): I 02/07/2013 16:33:33:943 00000eee           HttpServer| Process URI: '/public/js/jqmobile-patch.js'
I/APP     ( 3799): I 02/07/2013 16:33:34:013 00000eee           HttpServer| Process URI: '/public/css/macotec_style.css'
I/APP     ( 3799): I 02/07/2013 16:33:41:510 00000eee           HttpServer| Process URI: '/public/images/macotec/logo.png'
I/APP     ( 3799): I 02/07/2013 16:33:42:349 00000eee           HttpServer| Process URI: '/public/images/macotec/request_top.png'
I/APP     ( 3799): I 02/07/2013 16:33:42:448 00000eee           HttpServer| Process URI: '/public/images/macotec/contact_png.png'
I/APP     ( 3799): I 02/07/2013 16:33:42:513 00000eee           HttpServer| Process URI: '/public/images/macotec/products_png.png'
I/APP     ( 3799): I 02/07/2013 16:33:42:536 00000eee           HttpServer| Process URI: '/public/images/macotec/info_png.png'
I/APP     ( 3799): I 02/07/2013 16:33:56:398 00000eee           HttpServer| Process URI: '/app/Request/request'
I/APP     ( 3799): I 02/07/2013 16:33:56:405 00000eee                  APP| RHO serve: /app/Request/request
I/APP     ( 3799): I 02/07/2013 16:33:56:464 00000eee              RhoRuby| require_compiled: Request/request_controller
I/APP     ( 3799): I 02/07/2013 16:33:56:585 00000eee              RhoRuby| require_compiled: helpers/browser_helper
I/APP     ( 3799): I 02/07/2013 16:33:56:658 00000eee              RhoRuby| require_compiled: time
I/APP     ( 3799): I 02/07/2013 16:33:56:883 00000eee              RhoRuby| require_compiled: date/format
I/APP     ( 3799): I 02/07/2013 16:33:57:175 00000eee              RhoRuby| require_compiled: date
I/APP     ( 3799): I 02/07/2013 16:33:57:224 00000eee              RhoRuby| require_compiled: dateOrig
D/dalvikvm( 3799): GC_CONCURRENT freed 873K, 8% free 12508K/13575K, paused 4ms+15ms
D/webviewglue( 3799): nativeDestroy view: 0x299408
I/APP     ( 3799): E 02/07/2013 16:33:57:574 00000eee               RubyVM| lib/date.rb:14: warning: already initialized constant MONTHNAMES
I/APP     ( 3799): E 02/07/2013 16:33:57:578 00000eee               RubyVM| lib/date.rb:15: warning: already initialized constant ABBR_MONTHNAMES
I/APP     ( 3799): E 02/07/2013 16:33:57:631 00000eee               RubyVM| lib/date.rb:16: warning: already initialized constant DAYNAMES
I/APP     ( 3799): E 02/07/2013 16:33:57:636 00000eee               RubyVM| lib/date.rb:17: warning: already initialized constant ABBR_DAYNAMES
I/APP     ( 3799): I 02/07/2013 16:33:57:744 00000eee           HttpServer| GC Start.
I/APP     ( 3799): I 02/07/2013 16:33:57:850 00000eee           HttpServer| GC End.
I/APP     ( 3799): I 02/07/2013 16:33:58:125 00000eee           HttpServer| Process URI: '/public/images/macotec/forklifter_full.png'
I/APP     ( 3799): I 02/07/2013 16:33:58:204 00000eee           HttpServer| Process URI: '/public/images/macotec/request_contract.png'
I/APP     ( 3799): I 02/07/2013 16:33:58:304 00000eee           HttpServer| Process URI: '/public/jqmobile/images/icons-36-white.png'
E/libEGL  ( 3799): call to OpenGL ES API with no current context (logged once per thread)
D/ShaderProgram( 3799): couldn't load the vertex shader!
E/libEGL  ( 3799): call to OpenGL ES API with no current context (logged once per thread)
D/ShaderProgram( 3799): couldn't load the vertex shader!
E/libEGL  ( 3799): call to OpenGL ES API with no current context (logged once per thread)
D/ShaderProgram( 3799): couldn't load the vertex shader!
E/libEGL  ( 3799): call to OpenGL ES API with no current context (logged once per thread)
D/ShaderProgram( 3799): couldn't load the vertex shader!
E/libEGL  ( 3799): call to OpenGL ES API with no current context (logged once per thread)
D/ShaderProgram( 3799): couldn't load the vertex shader!
D/AndroidRuntime( 3836): 
D/AndroidRuntime( 3836): >>>>>> AndroidRuntime START com.android.internal.os.RuntimeInit <<<<<<
D/AndroidRuntime( 3836): CheckJNI is ON
D/AndroidRuntime( 3836): Calling main entry com.android.commands.pm.Pm
W/ActivityManager(   77): No content provider found for permission revoke: file:///data/local/tmp/macotec-debug.apk
W/ActivityManager(   77): No content provider found for permission revoke: file:///data/local/tmp/macotec-debug.apk
D/dalvikvm(   77): GC_CONCURRENT freed 341K, 11% free 11556K/12871K, paused 6ms+7ms
D/dalvikvm(   77): GC_CONCURRENT freed 292K, 9% free 11798K/12871K, paused 5ms+7ms
D/dalvikvm(   77): GC_CONCURRENT freed 634K, 9% free 11770K/12871K, paused 10ms+6ms
D/dalvikvm(   77): GC_CONCURRENT freed 585K, 9% free 11829K/12871K, paused 15ms+10ms
D/dalvikvm(   77): GC_CONCURRENT freed 630K, 9% free 11779K/12871K, paused 9ms+7ms
D/dalvikvm(   77): GC_CONCURRENT freed 632K, 9% free 11803K/12871K, paused 14ms+9ms
I/PackageManager(   77): Removing non-system package:com.rhomobile.macotec
I/ActivityManager(   77): Force stopping package com.rhomobile.macotec uid=10040
I/ActivityManager(   77): Killing proc 3799:com.rhomobile.macotec/10040: force stop
W/ActivityManager(   77): Force removing ActivityRecord{413cbb68 com.rhomobile.macotec/com.rhomobile.rhodes.RhodesActivity}: app died, no saved state
W/NetworkManagementSocketTagger(   77): setKernelCountSet(10040, 0) failed with errno -2
W/NetworkManagementSocketTagger(   77): setKernelCountSet(10009, 1) failed with errno -2
I/WindowManager(   77): WIN DEATH: Window{415142a0 com.rhomobile.macotec/com.rhomobile.rhodes.RhodesActivity paused=false}
I/PackageManager(   77): Package com.rhomobile.macotec codePath changed from /data/app/com.rhomobile.macotec-1.apk to /data/app/com.rhomobile.macotec-2.apk; Retaining data and using new
I/PackageManager(   77): Running dexopt on: com.rhomobile.macotec
D/dalvikvm( 3847): DexOpt: load 94ms, verify+opt 519ms
W/PackageManager(   77): Code path for pkg : com.rhomobile.macotec changing from /data/app/com.rhomobile.macotec-1.apk to /data/app/com.rhomobile.macotec-2.apk
W/PackageManager(   77): Resource path for pkg : com.rhomobile.macotec changing from /data/app/com.rhomobile.macotec-1.apk to /data/app/com.rhomobile.macotec-2.apk
I/ActivityManager(   77): Force stopping package com.rhomobile.macotec uid=10040
D/dalvikvm(   77): GC_CONCURRENT freed 585K, 9% free 11812K/12871K, paused 18ms+16ms
D/PackageManager(   77): New package installed in /data/app/com.rhomobile.macotec-2.apk
I/ActivityManager(   77): Force stopping package com.rhomobile.macotec uid=10040
D/dalvikvm(  179): GC_EXPLICIT freed 221K, 6% free 11327K/12039K, paused 3ms+5ms
D/dalvikvm(  224): GC_EXPLICIT freed 143K, 4% free 9391K/9735K, paused 3ms+5ms
D/dalvikvm(   77): GC_EXPLICIT freed 682K, 12% free 11356K/12871K, paused 8ms+7ms
D/PackageManager(   77): generateServicesMap(android.accounts.AccountAuthenticator): 2 services unchanged
D/PackageManager(   77): generateServicesMap(android.content.SyncAdapter): 4 services unchanged
D/BackupManagerService(   77): Received broadcast Intent { act=android.intent.action.PACKAGE_REMOVED dat=package:com.rhomobile.macotec flg=0x10000010 (has extras) }
I/AccountTypeManager(  303): Loaded meta-data for 1 account types, 0 accounts in 11ms(wall) 6ms(cpu)
D/PackageManager(   77): generateServicesMap(android.accounts.AccountAuthenticator): 2 services unchanged
D/PackageManager(   77): generateServicesMap(android.content.SyncAdapter): 4 services unchanged
D/BackupManagerService(   77): Received broadcast Intent { act=android.intent.action.PACKAGE_ADDED dat=package:com.rhomobile.macotec flg=0x10000010 (has extras) }
V/BackupManagerService(   77): updatePackageParticipantsLocked: #1
W/RecognitionManagerService(   77): no available voice recognition services found
I/AccountTypeManager(  303): Loaded meta-data for 1 account types, 0 accounts in 154ms(wall) 6ms(cpu)
D/BackupManagerService(   77): Received broadcast Intent { act=android.intent.action.PACKAGE_REPLACED dat=package:com.rhomobile.macotec flg=0x10000010 (has extras) }
V/BackupManagerService(   77): updatePackageParticipantsLocked: #1
D/dalvikvm(   77): GC_CONCURRENT freed 456K, 11% free 11486K/12871K, paused 5ms+8ms
D/dalvikvm(   77): GC_EXPLICIT freed 204K, 12% free 11332K/12871K, paused 5ms+28ms
D/AndroidRuntime( 3836): Shutting down VM
D/dalvikvm( 3836): GC_CONCURRENT freed 97K, 79% free 450K/2048K, paused 1ms+1ms
I/AndroidRuntime( 3836): NOTE: attach of thread 'Binder Thread #3' failed
W/ThrottleService(   77): unable to find stats for iface rmnet0
D/AndroidRuntime( 3855): 
D/AndroidRuntime( 3855): >>>>>> AndroidRuntime START com.android.internal.os.RuntimeInit <<<<<<
D/AndroidRuntime( 3855): CheckJNI is ON
D/AndroidRuntime( 3855): Calling main entry com.android.commands.am.Am
I/ActivityManager(   77): START {act=android.intent.action.MAIN flg=0x10000000 cmp=com.rhomobile.macotec/com.rhomobile.rhodes.RhodesActivity} from pid 3855
W/WindowManager(   77): Failure taking screenshot for (180x273) to layer 21005
D/AndroidRuntime( 3855): Shutting down VM
D/dalvikvm( 3855): GC_CONCURRENT freed 97K, 77% free 480K/2048K, paused 1ms+1ms
I/AndroidRuntime( 3855): NOTE: attach of thread 'Binder Thread #3' failed
I/ActivityManager(   77): Start proc com.rhomobile.macotec for activity com.rhomobile.macotec/com.rhomobile.rhodes.RhodesActivity: pid=3865 uid=10040 gids={3003}
I/dalvikvm( 3865): Turning on JNI app bug workarounds for target SDK version 4...
W/NetworkManagementSocketTagger(   77): setKernelCountSet(10040, 1) failed with errno -2
I/Process (   77): Sending signal. PID: 3865 SIG: 3
I/dalvikvm( 3865): threadid=3: reacting to signal 3
D/dalvikvm( 3865): Trying to load lib /data/data/com.rhomobile.macotec/lib/librhodes.so 0x412a1490
I/dalvikvm( 3865): Wrote stack traces to '/data/anr/traces.txt'
D/dalvikvm( 3865): Added shared lib /data/data/com.rhomobile.macotec/lib/librhodes.so 0x412a1490
D/dalvikvm( 3865): Trying to load lib /data/data/com.rhomobile.macotec/lib/librhodes.so 0x412a1490
D/dalvikvm( 3865): Shared lib '/data/data/com.rhomobile.macotec/lib/librhodes.so' already loaded in same CL 0x412a1490
I/ActivityThread( 3865): Pub com.rhomobile.macotec: com.rhomobile.rhodes.LocalFileProvider
I/Process (   77): Sending signal. PID: 3865 SIG: 3
I/dalvikvm( 3865): threadid=3: reacting to signal 3
I/dalvikvm( 3865): Wrote stack traces to '/data/anr/traces.txt'
I/RhodesApplication( 3865): Initializing...
D/RhoFileApi( 3865): App root path: /data/data/com.rhomobile.macotec/rhodata/
D/RhoFileApi( 3865): Sqlite journals path: /data/data/com.rhomobile.macotec/sqlite_stmt_journals/
D/RhoFileApi( 3865): Shared path: /data/data/com.rhomobile.macotec/rhodata/
D/RhodesApplication( 3865): Root path: /data/data/com.rhomobile.macotec/rhodata/
I/RhodesApplication( 3865): Application hash was changed
D/RhoFileApi( 3865): Copy hash to FS
D/RhoFileApi( 3865): File hash copied
D/RhoFileApi( 3865): Copy rho.dat to FS
D/RhoFileApi( 3865): File rho.dat copied
D/RhoFileApi( 3865): Copy apps/rhoconfig.txt to FS
D/RhoFileApi( 3865): File apps/rhoconfig.txt copied
I/RhoFileApi( 3865): Opening stat table from FS: /data/data/com.rhomobile.macotec/rhodata/rho.dat
D/RhoFileApi( 3865): Copy apps/rhoconfig.txt to FS
D/RhoFileApi( 3865): File apps/rhoconfig.txt copied
I/Process (   77): Sending signal. PID: 3865 SIG: 3
I/dalvikvm( 3865): threadid=3: reacting to signal 3
I/dalvikvm( 3865): Wrote stack traces to '/data/anr/traces.txt'
D/RhoFileApi( 3865): App root path: /data/data/com.rhomobile.macotec/rhodata/
D/RhoFileApi( 3865): Sqlite journals path: /data/data/com.rhomobile.macotec/sqlite_stmt_journals/
D/RhoFileApi( 3865): Shared path: /data/data/com.rhomobile.macotec/rhodata/
I/APP     ( 3865): I 02/07/2013 16:34:53:947 00000f19    RhodesApplication| Initialized
I/APP     ( 3865): I 02/07/2013 16:34:54:015 00000f19         BaseActivity| New screen properties - width: 480, height: 728, orientation: 1
I/APP     ( 3865): I 02/07/2013 16:34:54:209 00000f19         SplashScreen| Looking for start page source
I/Process (   77): Sending signal. PID: 3865 SIG: 3
I/dalvikvm( 3865): threadid=3: reacting to signal 3
I/dalvikvm( 3865): Wrote stack traces to '/data/anr/traces.txt'
D/dalvikvm( 3865): GC_CONCURRENT freed 294K, 5% free 9220K/9607K, paused 17ms+4ms
D/dalvikvm( 3865): GC_FOR_ALLOC freed 8K, 4% free 9227K/9607K, paused 41ms
I/dalvikvm-heap( 3865): Grow heap (frag case) to 12.146MB for 3217300-byte allocation
I/Process (   77): Sending signal. PID: 3865 SIG: 3
I/dalvikvm( 3865): threadid=3: reacting to signal 3
I/dalvikvm( 3865): Wrote stack traces to '/data/anr/traces.txt'
D/dalvikvm( 3865): GC_CONCURRENT freed <1K, 4% free 12368K/12807K, paused 4ms+3ms
I/APP     ( 3865): I 02/07/2013 16:34:55:315 00000f19         SplashScreen| Done
I/Process (   77): Sending signal. PID: 3865 SIG: 3
I/dalvikvm( 3865): threadid=3: reacting to signal 3
I/dalvikvm( 3865): Wrote stack traces to '/data/anr/traces.txt'
I/APP     ( 3865): I 02/07/2013 16:34:55:414 00000f19    RhodesApplication| New UiState: MainActivityCreated
I/APP     ( 3865): I 02/07/2013 16:34:55:440 00000f19       RhodesActivity| onStart
I/APP     ( 3865): I 02/07/2013 16:34:55:463 00000f19    RhodesApplication| New UiState: MainActivityStarted
I/APP     ( 3865): I 02/07/2013 16:34:55:469 00000f19       RhodesActivity| onResume
I/APP     ( 3865): I 02/07/2013 16:34:55:503 00000f19 AndroidFunctionality| Resume WebView
I/APP     ( 3865): I 02/07/2013 16:34:55:554 00000f19        RhodesService| onCreate
I/APP     ( 3865): I 02/07/2013 16:34:55:580 00000f19    LocalFileProvider| Revoke URI permissions: content:///com.rhomobile.macotec
W/ActivityManager(   77): No content provider found for permission revoke: content:///com.rhomobile.macotec
I/APP     ( 3865): I 02/07/2013 16:34:55:609 00000f19               Rhodes| Loading...
I/APP     ( 3865): I 02/07/2013 16:34:55:629 00000f19            RhodesApp| Trying to get free listening port.
I/APP     ( 3865): I 02/07/2013 16:34:55:634 00000f19            RhodesApp| Trying to bind of 8080 port...
I/APP     ( 3865): I 02/07/2013 16:34:55:666 00000f19            RhodesApp| Got port to bind on: 8080
I/APP     ( 3865): I 02/07/2013 16:34:55:671 00000f19            RhodesApp| Free listening port: 8080
I/APP     ( 3865): I 02/07/2013 16:34:55:693 00000f2e         AppCallbacks| Starting main routine...
I/APP     ( 3865): I 02/07/2013 16:34:55:707 00000f2e         AppCallbacks| ThreadQueue blocked for 4294967295 seconds...
I/APP     ( 3865): I 02/07/2013 16:34:55:801 00000f19        RhodesService| Push is disabled
I/Process (   77): Sending signal. PID: 3865 SIG: 3
I/dalvikvm( 3865): threadid=3: reacting to signal 3
I/dalvikvm( 3865): Wrote stack traces to '/data/anr/traces.txt'
I/APP     ( 3865): I 02/07/2013 16:34:55:898 00000f19            RhodesApp| callAppActiveCallback
I/APP     ( 3865): I 02/07/2013 16:34:55:902 00000f19         AppCallbacks| addCommand: APP-ACTIVATED
I/APP     ( 3865): I 02/07/2013 16:34:55:944 00000f2e         AppCallbacks| Received command APP-ACTIVATED which is greater than expected (LOCAL-SERVER-STARTED) - postpone it
I/APP     ( 3865): I 02/07/2013 16:34:55:945 00000f2e         AppCallbacks| ThreadQueue blocked for 4294967295 seconds...
I/APP     ( 3865): I 02/07/2013 16:34:55:972 00000f19         AppActivated| Cannot commit now, application will be activated when started.
I/APP     ( 3865): I 02/07/2013 16:34:55:976 00000f19    RhodesApplication| New AppState: Undefined
D/RhodesService( 3865): +++ onStartCommand
I/APP     ( 3865): I 02/07/2013 16:34:56:001 00000f30            RhodesApp| Starting RhodesApp main routine...
I/RhodesService( 3865): handleCommand: startId=1, source=com.rhomobile.rhodes.BaseActivity
D/RhodesService( 3865): New activity was created
I/APP     ( 3865): I 02/07/2013 16:34:56:084 00000f19        RhodesService| onBind
I/APP     ( 3865): I 02/07/2013 16:34:56:143 00000f19         AppCallbacks| addCommand: UI-CREATED
I/APP     ( 3865): I 02/07/2013 16:34:56:172 00000f2e         AppCallbacks| Received command UI-CREATED which is greater than expected (LOCAL-SERVER-STARTED) - postpone it
I/APP     ( 3865): I 02/07/2013 16:34:56:173 00000f2e         AppCallbacks| ThreadQueue blocked for 4294967295 seconds...
V/PhoneStatusBar(  131): setLightsOn(true)
I/Process (   77): Sending signal. PID: 3865 SIG: 3
I/dalvikvm( 3865): threadid=3: reacting to signal 3
I/APP     ( 3865): I 02/07/2013 16:34:56:400 00000f19       RhodesActivity| onServiceConnected: {com.rhomobile.macotec/com.rhomobile.rhodes.RhodesService}
I/APP     ( 3865): I 02/07/2013 16:34:56:406 00000f19       RhodesActivity| New start parameters: 
I/APP     ( 3865): I 02/07/2013 16:34:56:434 00000f19            RhodesApp| New start params: 
I/dalvikvm( 3865): Wrote stack traces to '/data/anr/traces.txt'
D/gralloc_goldfish( 3865): Emulator without GPU emulation detected.
I/Process (   77): Sending signal. PID: 3865 SIG: 3
I/dalvikvm( 3865): threadid=3: reacting to signal 3
I/dalvikvm( 3865): Wrote stack traces to '/data/anr/traces.txt'
I/ActivityManager(   77): Displayed com.rhomobile.macotec/com.rhomobile.rhodes.RhodesActivity: +5s222ms
I/APP     ( 3865): I 02/07/2013 16:34:57:439 00000f30              RhoRuby| Init_RhoBlobs: /data/data/com.rhomobile.macotec/rhodata/db/db-files
I/APP     ( 3865): I 02/07/2013 16:34:57:520 00000f30              RhoRuby| require_compiled: rhoframework
I/APP     ( 3865): I 02/07/2013 16:34:57:638 00000f30              RhoRuby| require_compiled: rational
I/APP     ( 3865): I 02/07/2013 16:34:57:692 00000f30              RhoRuby| require_compiled: rhom/rhom_db_adapter
I/APP     ( 3865): I 02/07/2013 16:34:57:814 00000f30              RhoRuby| require_compiled: rhodes
I/APP     ( 3865): I 02/07/2013 16:34:57:897 00000f30              RhoRuby| require_compiled: rhom/rhom_object
I/APP     ( 3865): I 02/07/2013 16:34:57:973 00000f30              RhoRuby| require_compiled: rhofsconnector
I/APP     ( 3865): I 02/07/2013 16:34:58:025 00000f30              RhoRuby| require_compiled: rho/rhofsconnector
I/APP     ( 3865): I 02/07/2013 16:34:58:119 00000f30              RhoRuby| require_compiled: rhom/rhom_object_factory
W/NetworkManagementSocketTagger(   77): setKernelCountSet(10009, 0) failed with errno -2
I/APP     ( 3865): I 02/07/2013 16:34:58:445 00000f30              RhoRuby| require_compiled: rhom/rhom
I/APP     ( 3865): I 02/07/2013 16:34:58:515 00000f30              RhoRuby| require_compiled: rhom/rhom_model
I/APP     ( 3865): I 02/07/2013 16:34:58:579 00000f30              RhoRuby| require_compiled: rhom
I/APP     ( 3865): I 02/07/2013 16:34:58:625 00000f30              RhoRuby| require_compiled: rho/rhoapplication
I/APP     ( 3865): I 02/07/2013 16:34:58:694 00000f30              RhoRuby| require_compiled: rholang/localization_simplified
I/APP     ( 3865): I 02/07/2013 16:34:58:766 00000f30              RhoRuby| require_compiled: rho/rhomsg
I/APP     ( 3865): I 02/07/2013 16:34:58:813 00000f30              RhoRuby| require_compiled: rho/rhotabbar
I/APP     ( 3865): I 02/07/2013 16:34:58:856 00000f30              RhoRuby| require_compiled: rho/rhotoolbar
I/APP     ( 3865): I 02/07/2013 16:34:58:892 00000f30                  APP| Current locale: ; Country code: 
I/APP     ( 3865): I 02/07/2013 16:34:58:922 00000f30                  APP| Locilized file: /data/data/com.rhomobile.macotec/rhodata/lib/rholang/lang_
I/APP     ( 3865): I 02/07/2013 16:34:58:942 00000f30              RhoRuby| require_compiled: /data/data/com.rhomobile.macotec/rhodata/lib/rholang/lang_en
I/APP     ( 3865): I 02/07/2013 16:34:58:992 00000f30                  APP| Locilized file: /data/data/com.rhomobile.macotec/rhodata/apps/app/lang/lang_
I/APP     ( 3865): I 02/07/2013 16:34:59:011 00000f30                  APP| Locilized file: /data/data/com.rhomobile.macotec/rhodata/lib/rholang/rhoerror_
I/APP     ( 3865): I 02/07/2013 16:34:59:039 00000f30              RhoRuby| require_compiled: /data/data/com.rhomobile.macotec/rhodata/lib/rholang/rhoerror_en
I/APP     ( 3865): I 02/07/2013 16:34:59:070 00000f30                  APP| Locilized file: /data/data/com.rhomobile.macotec/rhodata/lib/rholang/rhomsg_
I/APP     ( 3865): I 02/07/2013 16:34:59:098 00000f30              RhoRuby| require_compiled: /data/data/com.rhomobile.macotec/rhodata/lib/rholang/rhomsg_en
I/APP     ( 3865): I 02/07/2013 16:34:59:129 00000f30              RhoRuby| require_compiled: indifferent_access
I/APP     ( 3865): I 02/07/2013 16:34:59:220 00000f30              RhoRuby| require_compiled: rho/rhosupport
I/APP     ( 3865): I 02/07/2013 16:34:59:310 00000f30              RhoRuby| require_compiled: rho/rhocontroller
I/APP     ( 3865): I 02/07/2013 16:34:59:373 00000f30              RhoRuby| require_compiled: rho/render
I/APP     ( 3865): I 02/07/2013 16:34:59:455 00000f30              RhoRuby| require_compiled: rho/rho
I/APP     ( 3865): I 02/07/2013 16:34:59:645 00000f30              RhoRuby| require_compiled: rho/rhoerror
I/APP     ( 3865): I 02/07/2013 16:34:59:697 00000f30              RhoRuby| require_compiled: rhom/rhom_source
I/APP     ( 3865): I 02/07/2013 16:34:59:758 00000f30              RhoRuby| require_compiled: rho/rhoviewhelpers
I/APP     ( 3865): I 02/07/2013 16:34:59:820 00000f30              RhoRuby| require_compiled: rho
I/APP     ( 3865): I 02/07/2013 16:34:59:866 00000f30                  APP| RHO loaded
I/APP     ( 3865): I 02/07/2013 16:34:59:871 00000f30                  APP| Calling RHO.initialize
I/APP     ( 3865): I 02/07/2013 16:34:59:921 00000f30                  APP| model file: Product/product
I/APP     ( 3865): I 02/07/2013 16:34:59:955 00000f30                  APP| model file: Request/request
I/APP     ( 3865): I 02/07/2013 16:34:59:962 00000f30                   DB| Open DB: /data/data/com.rhomobile.macotec/rhodata/db/syncdbuser.sqlite
I/APP     ( 3865): I 02/07/2013 16:35:00:085 00000f30          GeoLocation| Creating singleton instance.
I/APP     ( 3865): I 02/07/2013 16:35:00:121 00000f30            RhodesApp| Starting sync engine...
I/APP     ( 3865): I 02/07/2013 16:35:00:126 00000f30                 Sync| sync_poll_interval: 0
I/APP     ( 3865): I 02/07/2013 16:35:00:154 00000f30                 Sync| syncserver: 
I/APP     ( 3865): I 02/07/2013 16:35:00:158 00000f30                 Sync| bulksync_state: 0
I/APP     ( 3865): I 02/07/2013 16:35:00:180 00000f30            RhodesApp| RhoRubyInitApp...
I/APP     ( 3865): I 02/07/2013 16:35:00:197 00000f30                  APP| init_app
I/APP     ( 3865): I 02/07/2013 16:35:00:202 00000f30              RhoRuby| require_compiled: application
I/APP     ( 3865): I 02/07/2013 16:35:00:239 00000f30                 Sync| Set notification. Source ID: -1;Url :http://localhost:8080/app/Settings/sync_notify; Params: 
I/APP     ( 3865): I 02/07/2013 16:35:00:267 00000f30           HttpServer| Start HTTP server
I/APP     ( 3865): I 02/07/2013 16:35:00:272 00000f30           HttpServer| Listen for connections on port 8080
I/APP     ( 3865): I 02/07/2013 16:35:00:302 00000f30         AppCallbacks| addCommand: LOCAL-SERVER-STARTED
I/APP     ( 3865): I 02/07/2013 16:35:00:306 00000f2e         AppCallbacks| process command: LOCAL-SERVER-STARTED
I/APP     ( 3865): I 02/07/2013 16:35:00:307 00000f2e RhodesAppActiveObserver| Ready
I/APP     ( 3865): I 02/07/2013 16:35:00:342 00000f19 AndroidFunctionality| Disable WebView zoom
I/APP     ( 3865): I 02/07/2013 16:35:00:348 00000f19 AndroidFunctionality| Set web plugins state 'OFF'
I/APP     ( 3865): I 02/07/2013 16:35:00:372 00000f2e    RhodesApplication| New AppState: AppActivated
I/APP     ( 3865): I 02/07/2013 16:35:00:383 00000f2e         AppCallbacks| process command: UI-CREATED
I/APP     ( 3865): I 02/07/2013 16:35:00:467 00000f30           HttpServer| Process URI: '/system/uicreated'
I/APP     ( 3865): I 02/07/2013 16:35:00:486 00000f30                  APP| on_ui_created.navigate to start url: '/app'
I/APP     ( 3865): I 02/07/2013 16:35:00:492 00000f19         SplashScreen| navigate: url=http://localhost:8080/app
I/APP     ( 3865): I 02/07/2013 16:35:00:493 00000f19         SplashScreen| DELAY for SplashScreen = 0
I/APP     ( 3865): I 02/07/2013 16:35:00:550 00000f2e         AppCallbacks| process command: APP-ACTIVATED
I/APP     ( 3865): I 02/07/2013 16:35:00:574 00000f19        GoogleWebView| Creating new RhoWebChromeClient
I/APP     ( 3865): I 02/07/2013 16:35:00:643 00000f19       SimpleMainView| Cleared URL: http://localhost:8080/app
I/APP     ( 3865): I 02/07/2013 16:35:00:668 00000f30           HttpServer| Process URI: '/system/activateapp'
I/APP     ( 3865): I 02/07/2013 16:35:00:696 00000f2e         AppCallbacks| ThreadQueue blocked for 4294967295 seconds...
V/SimpleMainView.View( 3865): ms[1360251300702]  Main Window :: onSizeChanged() old [ 480 x 652 ]  new [ 0 x 0 ]
I/APP     ( 3865): I 02/07/2013 16:35:00:784 00000f19        GoogleWebView| Setting RhoWebChromeClient
I/APP     ( 3865): I 02/07/2013 16:35:00:905 00000f30           HttpServer| Process URI: '/app'
I/APP     ( 3865): I 02/07/2013 16:35:00:936 00000f19     RhoWebViewClient| Loading URL: http://localhost:8080/app/index_erb.iseq
I/APP     ( 3865): I 02/07/2013 16:35:00:968 00000f30           HttpServer| Process URI: '/app/index_erb.iseq'
I/APP     ( 3865): I 02/07/2013 16:35:00:979 00000f30                  APP| RHO serve_index: /app/index_erb.iseq
I/APP     ( 3865): I 02/07/2013 16:35:01:003 00000f30 RHO Rho::RhoController| inst_render_index
I/APP     ( 3865): I 02/07/2013 16:35:01:119 00000f30 RHO Rho::RhoController| index layout
I/APP     ( 3865): I 02/07/2013 16:35:01:218 00000f30           HttpServer| GC Start.
I/APP     ( 3865): I 02/07/2013 16:35:01:324 00000f30           HttpServer| GC End.
I/APP     ( 3865): I 02/07/2013 16:35:01:455 00000f30           HttpServer| Process URI: '/public/js/request.js'
I/APP     ( 3865): I 02/07/2013 16:35:01:584 00000f30           HttpServer| Process URI: '/public/jquery/jquery-1.6.4.min.js'
I/APP     ( 3865): I 02/07/2013 16:35:01:678 00000f30           HttpServer| Process URI: '/public/jquery/jquery.json-2.3.min.js'
I/APP     ( 3865): I 02/07/2013 16:35:01:752 00000f30           HttpServer| Process URI: '/public/jqmobile/jquery.mobile-1.0.1.min.css'
I/APP     ( 3865): I 02/07/2013 16:35:01:842 00000f30           HttpServer| Process URI: '/public/css/jqmobile-patch.css'
I/APP     ( 3865): I 02/07/2013 16:35:01:954 00000f30           HttpServer| Process URI: '/public/jqmobile/jquery.mobile-1.0.1.min.js'
I/APP     ( 3865): I 02/07/2013 16:35:02:131 00000f30           HttpServer| Process URI: '/public/js/jqmobile-patch.js'
I/APP     ( 3865): I 02/07/2013 16:35:02:233 00000f30           HttpServer| Process URI: '/public/css/macotec_style.css'
I/APP     ( 3865): I 02/07/2013 16:35:04:973 00000f30           HttpServer| Process URI: '/public/images/macotec/logo.png'
D/dalvikvm(  161): GC_CONCURRENT freed 386K, 6% free 9533K/10119K, paused 6ms+19ms
I/APP     ( 3865): I 02/07/2013 16:35:06:355 00000f30           HttpServer| Process URI: '/public/images/macotec/request_top.png'
I/APP     ( 3865): I 02/07/2013 16:35:06:437 00000f30           HttpServer| Process URI: '/public/images/macotec/contact_png.png'
I/APP     ( 3865): I 02/07/2013 16:35:06:493 00000f30           HttpServer| Process URI: '/public/images/macotec/products_png.png'
I/APP     ( 3865): I 02/07/2013 16:35:06:598 00000f30           HttpServer| Process URI: '/public/images/macotec/info_png.png'
