I/WindowManager( 3361): WIN DEATH: Window{41582680 com.rhomobile.macotec/com.rhomobile.rhodes.RhodesActivity paused=false}
W/NetworkManagementSocketTagger( 3361): setKernelCountSet(10040, 0) failed with errno -2
W/NetworkManagementSocketTagger( 3361): setKernelCountSet(10009, 1) failed with errno -2
W/InputManagerService( 3361): Got RemoteException sending setActive(false) notification to pid 4150 uid 10040
I/PackageManager( 3361): Package com.rhomobile.macotec codePath changed from /data/app/com.rhomobile.macotec-2.apk to /data/app/com.rhomobile.macotec-1.apk; Retaining data and using new
I/PackageManager( 3361): Running dexopt on: com.rhomobile.macotec
D/dalvikvm( 4199): DexOpt: load 86ms, verify+opt 509ms
W/PackageManager( 3361): Code path for pkg : com.rhomobile.macotec changing from /data/app/com.rhomobile.macotec-2.apk to /data/app/com.rhomobile.macotec-1.apk
W/PackageManager( 3361): Resource path for pkg : com.rhomobile.macotec changing from /data/app/com.rhomobile.macotec-2.apk to /data/app/com.rhomobile.macotec-1.apk
I/ActivityManager( 3361): Force stopping package com.rhomobile.macotec uid=10040
D/dalvikvm( 3361): GC_CONCURRENT freed 566K, 10% free 11699K/12999K, paused 24ms+13ms
D/PackageManager( 3361): New package installed in /data/app/com.rhomobile.macotec-1.apk
I/ActivityManager( 3361): Force stopping package com.rhomobile.macotec uid=10040
D/dalvikvm( 3489): GC_EXPLICIT freed 224K, 6% free 11326K/12039K, paused 24ms+15ms
D/dalvikvm( 3534): GC_EXPLICIT freed 148K, 4% free 9388K/9735K, paused 3ms+5ms
D/dalvikvm( 3361): GC_EXPLICIT freed 605K, 14% free 11257K/12999K, paused 6ms+19ms
D/PackageManager( 3361): generateServicesMap(android.accounts.AccountAuthenticator): 2 services unchanged
D/PackageManager( 3361): generateServicesMap(android.content.SyncAdapter): 4 services unchanged
D/BackupManagerService( 3361): Received broadcast Intent { act=android.intent.action.PACKAGE_REMOVED dat=package:com.rhomobile.macotec flg=0x10000010 (has extras) }
I/AccountTypeManager( 3571): Loaded meta-data for 1 account types, 0 accounts in 347ms(wall) 8ms(cpu)
D/PackageManager( 3361): generateServicesMap(android.accounts.AccountAuthenticator): 2 services unchanged
D/PackageManager( 3361): generateServicesMap(android.content.SyncAdapter): 4 services unchanged
D/BackupManagerService( 3361): Received broadcast Intent { act=android.intent.action.PACKAGE_ADDED dat=package:com.rhomobile.macotec flg=0x10000010 (has extras) }
V/BackupManagerService( 3361): updatePackageParticipantsLocked: #1
W/RecognitionManagerService( 3361): no available voice recognition services found
I/AccountTypeManager( 3571): Loaded meta-data for 1 account types, 0 accounts in 388ms(wall) 7ms(cpu)
D/BackupManagerService( 3361): Received broadcast Intent { act=android.intent.action.PACKAGE_REPLACED dat=package:com.rhomobile.macotec flg=0x10000010 (has extras) }
V/BackupManagerService( 3361): updatePackageParticipantsLocked: #1
D/dalvikvm( 3361): GC_CONCURRENT freed 445K, 13% free 11372K/12999K, paused 5ms+8ms
D/dalvikvm( 3361): GC_EXPLICIT freed 183K, 14% free 11254K/12999K, paused 4ms+7ms
D/AndroidRuntime( 4188): Shutting down VM
D/dalvikvm( 4188): GC_CONCURRENT freed 97K, 79% free 450K/2048K, paused 0ms+2ms
I/AndroidRuntime( 4188): NOTE: attach of thread 'Binder Thread #3' failed
D/AndroidRuntime( 4207): 
D/AndroidRuntime( 4207): >>>>>> AndroidRuntime START com.android.internal.os.RuntimeInit <<<<<<
D/AndroidRuntime( 4207): CheckJNI is ON
D/AndroidRuntime( 4207): Calling main entry com.android.commands.am.Am
I/ActivityManager( 3361): START {act=android.intent.action.MAIN flg=0x10000000 cmp=com.rhomobile.macotec/com.rhomobile.rhodes.RhodesActivity} from pid 4207
W/WindowManager( 3361): Failure taking screenshot for (180x273) to layer 21005
D/AndroidRuntime( 4207): Shutting down VM
D/dalvikvm( 4207): GC_CONCURRENT freed 97K, 77% free 480K/2048K, paused 0ms+1ms
I/AndroidRuntime( 4207): NOTE: attach of thread 'Binder Thread #3' failed
I/ActivityManager( 3361): Start proc com.rhomobile.macotec for activity com.rhomobile.macotec/com.rhomobile.rhodes.RhodesActivity: pid=4218 uid=10040 gids={3003}
I/dalvikvm( 4218): Turning on JNI app bug workarounds for target SDK version 4...
W/NetworkManagementSocketTagger( 3361): setKernelCountSet(10040, 1) failed with errno -2
I/Process ( 3361): Sending signal. PID: 4218 SIG: 3
I/dalvikvm( 4218): threadid=3: reacting to signal 3
I/dalvikvm( 4218): Wrote stack traces to '/data/anr/traces.txt'
D/dalvikvm( 4218): Trying to load lib /data/data/com.rhomobile.macotec/lib/librhodes.so 0x412a14b8
D/dalvikvm( 4218): Added shared lib /data/data/com.rhomobile.macotec/lib/librhodes.so 0x412a14b8
D/dalvikvm( 4218): Trying to load lib /data/data/com.rhomobile.macotec/lib/librhodes.so 0x412a14b8
D/dalvikvm( 4218): Shared lib '/data/data/com.rhomobile.macotec/lib/librhodes.so' already loaded in same CL 0x412a14b8
I/ActivityThread( 4218): Pub com.rhomobile.macotec: com.rhomobile.rhodes.LocalFileProvider
I/Process ( 3361): Sending signal. PID: 4218 SIG: 3
I/dalvikvm( 4218): threadid=3: reacting to signal 3
I/dalvikvm( 4218): Wrote stack traces to '/data/anr/traces.txt'
I/RhodesApplication( 4218): Initializing...
D/RhoFileApi( 4218): App root path: /data/data/com.rhomobile.macotec/rhodata/
D/RhoFileApi( 4218): Sqlite journals path: /data/data/com.rhomobile.macotec/sqlite_stmt_journals/
D/RhoFileApi( 4218): Shared path: /data/data/com.rhomobile.macotec/rhodata/
D/RhodesApplication( 4218): Root path: /data/data/com.rhomobile.macotec/rhodata/
I/RhodesApplication( 4218): Application hash was changed
D/RhoFileApi( 4218): Copy hash to FS
D/RhoFileApi( 4218): File hash copied
D/RhoFileApi( 4218): Copy rho.dat to FS
D/RhoFileApi( 4218): File rho.dat copied
D/RhoFileApi( 4218): Copy apps/rhoconfig.txt to FS
D/RhoFileApi( 4218): File apps/rhoconfig.txt copied
I/RhoFileApi( 4218): Opening stat table from FS: /data/data/com.rhomobile.macotec/rhodata/rho.dat
I/Process ( 3361): Sending signal. PID: 4218 SIG: 3
I/dalvikvm( 4218): threadid=3: reacting to signal 3
I/dalvikvm( 4218): Wrote stack traces to '/data/anr/traces.txt'
D/RhoFileApi( 4218): Copy apps/rhoconfig.txt to FS
D/RhoFileApi( 4218): File apps/rhoconfig.txt copied
D/RhoFileApi( 4218): App root path: /data/data/com.rhomobile.macotec/rhodata/
D/RhoFileApi( 4218): Sqlite journals path: /data/data/com.rhomobile.macotec/sqlite_stmt_journals/
D/RhoFileApi( 4218): Shared path: /data/data/com.rhomobile.macotec/rhodata/
I/APP     ( 4218): I 02/08/2013 17:32:36:717 0000107a    RhodesApplication| Initialized
I/APP     ( 4218): I 02/08/2013 17:32:36:803 0000107a         BaseActivity| New screen properties - width: 480, height: 728, orientation: 1
I/Process ( 3361): Sending signal. PID: 4218 SIG: 3
I/dalvikvm( 4218): threadid=3: reacting to signal 3
I/dalvikvm( 4218): Wrote stack traces to '/data/anr/traces.txt'
D/dalvikvm( 4218): GC_CONCURRENT freed 290K, 5% free 9199K/9607K, paused 5ms+3ms
I/APP     ( 4218): I 02/08/2013 17:32:37:182 0000107a         SplashScreen| Looking for start page source
D/dalvikvm( 4218): GC_FOR_ALLOC freed 14K, 4% free 9228K/9607K, paused 51ms
I/Process ( 3361): Sending signal. PID: 4218 SIG: 3
I/dalvikvm( 4218): threadid=3: reacting to signal 3
I/dalvikvm-heap( 4218): Grow heap (frag case) to 12.147MB for 3217300-byte allocation
I/dalvikvm( 4218): Wrote stack traces to '/data/anr/traces.txt'
D/dalvikvm( 4218): GC_CONCURRENT freed 1K, 4% free 12368K/12807K, paused 4ms+16ms
I/Process ( 3361): Sending signal. PID: 4218 SIG: 3
I/dalvikvm( 4218): threadid=3: reacting to signal 3
I/dalvikvm( 4218): Wrote stack traces to '/data/anr/traces.txt'
I/APP     ( 4218): I 02/08/2013 17:32:38:373 0000107a         SplashScreen| Done
I/Process ( 3361): Sending signal. PID: 4218 SIG: 3
I/APP     ( 4218): I 02/08/2013 17:32:38:584 0000107a    RhodesApplication| New UiState: MainActivityCreated
I/dalvikvm( 4218): threadid=3: reacting to signal 3
I/APP     ( 4218): I 02/08/2013 17:32:38:894 0000107a       RhodesActivity| onStart
I/APP     ( 4218): I 02/08/2013 17:32:39:035 0000107a    RhodesApplication| New UiState: MainActivityStarted
I/dalvikvm( 4218): Wrote stack traces to '/data/anr/traces.txt'
I/APP     ( 4218): I 02/08/2013 17:32:39:279 0000107a       RhodesActivity| onResume
I/APP     ( 4218): I 02/08/2013 17:32:39:370 0000107a AndroidFunctionality| Resume WebView
I/Process ( 3361): Sending signal. PID: 4218 SIG: 3
I/dalvikvm( 4218): threadid=3: reacting to signal 3
E/dalvikvm( 4218): Unable to open stack trace file '/data/anr/traces.txt': Permission denied
I/APP     ( 4218): I 02/08/2013 17:32:40:145 0000107a        RhodesService| onCreate
I/APP     ( 4218): I 02/08/2013 17:32:40:302 0000107a    LocalFileProvider| Revoke URI permissions: content:///com.rhomobile.macotec
I/Process ( 3361): Sending signal. PID: 4218 SIG: 3
I/dalvikvm( 4218): threadid=3: reacting to signal 3
I/dalvikvm( 4218): Wrote stack traces to '/data/anr/traces.txt'
W/ActivityManager( 3361): No content provider found for permission revoke: content:///com.rhomobile.macotec
I/APP     ( 4218): I 02/08/2013 17:32:41:129 0000107a               Rhodes| Loading...
I/APP     ( 4218): I 02/08/2013 17:32:41:195 0000107a            RhodesApp| Trying to get free listening port.
I/APP     ( 4218): I 02/08/2013 17:32:41:292 0000107a            RhodesApp| Trying to bind of 8080 port...
I/APP     ( 4218): I 02/08/2013 17:32:41:278 0000108e         AppCallbacks| Starting main routine...
I/APP     ( 4218): I 02/08/2013 17:32:41:472 0000108e         AppCallbacks| ThreadQueue blocked for 4294967295 seconds...
I/Process ( 3361): Sending signal. PID: 4218 SIG: 3
I/APP     ( 4218): I 02/08/2013 17:32:41:537 0000107a            RhodesApp| Got port to bind on: 8080
I/APP     ( 4218): I 02/08/2013 17:32:41:677 0000107a            RhodesApp| Free listening port: 8080
I/dalvikvm( 4218): threadid=3: reacting to signal 3
I/dalvikvm( 4218): Wrote stack traces to '/data/anr/traces.txt'
I/Process ( 3361): Sending signal. PID: 4218 SIG: 3
I/dalvikvm( 4218): threadid=3: reacting to signal 3
I/APP     ( 4218): I 02/08/2013 17:32:42:866 0000107a        RhodesService| Push is disabled
I/dalvikvm( 4218): Wrote stack traces to '/data/anr/traces.txt'
I/APP     ( 4218): I 02/08/2013 17:32:43:096 0000107a            RhodesApp| callAppActiveCallback
I/APP     ( 4218): I 02/08/2013 17:32:43:150 0000107a         AppCallbacks| addCommand: APP-ACTIVATED
I/APP     ( 4218): I 02/08/2013 17:32:43:156 0000108e         AppCallbacks| Received command APP-ACTIVATED which is greater than expected (LOCAL-SERVER-STARTED) - postpone it
I/APP     ( 4218): I 02/08/2013 17:32:43:157 0000108e         AppCallbacks| ThreadQueue blocked for 4294967295 seconds...
I/APP     ( 4218): I 02/08/2013 17:32:43:197 00001090            RhodesApp| Starting RhodesApp main routine...
I/APP     ( 4218): I 02/08/2013 17:32:43:215 0000107a         AppActivated| Cannot commit now, application will be activated when started.
I/APP     ( 4218): I 02/08/2013 17:32:43:221 0000107a    RhodesApplication| New AppState: Undefined
D/RhodesService( 4218): +++ onStartCommand
I/RhodesService( 4218): handleCommand: startId=1, source=com.rhomobile.rhodes.BaseActivity
D/RhodesService( 4218): New activity was created
I/APP     ( 4218): I 02/08/2013 17:32:43:295 0000107a        RhodesService| onBind
I/APP     ( 4218): I 02/08/2013 17:32:43:366 0000107a         AppCallbacks| addCommand: UI-CREATED
I/APP     ( 4218): I 02/08/2013 17:32:43:371 0000108e         AppCallbacks| Received command UI-CREATED which is greater than expected (LOCAL-SERVER-STARTED) - postpone it
I/APP     ( 4218): I 02/08/2013 17:32:43:372 0000108e         AppCallbacks| ThreadQueue blocked for 4294967295 seconds...
I/Process ( 3361): Sending signal. PID: 4218 SIG: 3
I/dalvikvm( 4218): threadid=3: reacting to signal 3
I/dalvikvm( 4218): Wrote stack traces to '/data/anr/traces.txt'
V/PhoneStatusBar( 3445): setLightsOn(true)
I/APP     ( 4218): I 02/08/2013 17:32:43:752 0000107a       RhodesActivity| onServiceConnected: {com.rhomobile.macotec/com.rhomobile.rhodes.RhodesService}
I/APP     ( 4218): I 02/08/2013 17:32:43:820 0000107a       RhodesActivity| New start parameters: 
I/APP     ( 4218): I 02/08/2013 17:32:43:824 0000107a            RhodesApp| New start params: 
I/Process ( 3361): Sending signal. PID: 4218 SIG: 3
I/dalvikvm( 4218): threadid=3: reacting to signal 3
D/gralloc_goldfish( 4218): Emulator without GPU emulation detected.
I/dalvikvm( 4218): Wrote stack traces to '/data/anr/traces.txt'
I/Process ( 3361): Sending signal. PID: 4218 SIG: 3
I/dalvikvm( 4218): threadid=3: reacting to signal 3
I/dalvikvm( 4218): Wrote stack traces to '/data/anr/traces.txt'
W/ActivityManager( 3361): Launch timeout has expired, giving up wake lock!
I/ActivityManager( 3361): Displayed com.rhomobile.macotec/com.rhomobile.rhodes.RhodesActivity: +10s176ms
I/APP     ( 4218): I 02/08/2013 17:32:44:804 00001090              RhoRuby| Init_RhoBlobs: /data/data/com.rhomobile.macotec/rhodata/db/db-files
W/ActivityManager( 3361): Activity idle timeout for ActivityRecord{412cc898 com.rhomobile.macotec/com.rhomobile.rhodes.RhodesActivity}
I/APP     ( 4218): I 02/08/2013 17:32:45:002 00001090              RhoRuby| require_compiled: rhoframework
I/APP     ( 4218): I 02/08/2013 17:32:45:166 00001090              RhoRuby| require_compiled: rational
I/APP     ( 4218): I 02/08/2013 17:32:45:220 00001090              RhoRuby| require_compiled: rhom/rhom_db_adapter
I/APP     ( 4218): I 02/08/2013 17:32:45:349 00001090              RhoRuby| require_compiled: rhodes
I/APP     ( 4218): I 02/08/2013 17:32:45:403 00001090              RhoRuby| require_compiled: rhom/rhom_object
I/APP     ( 4218): I 02/08/2013 17:32:45:470 00001090              RhoRuby| require_compiled: rhofsconnector
I/APP     ( 4218): I 02/08/2013 17:32:45:533 00001090              RhoRuby| require_compiled: rho/rhofsconnector
I/APP     ( 4218): I 02/08/2013 17:32:45:611 00001090              RhoRuby| require_compiled: rhom/rhom_object_factory
I/APP     ( 4218): I 02/08/2013 17:32:45:889 00001090              RhoRuby| require_compiled: rhom/rhom
W/NetworkManagementSocketTagger( 3361): setKernelCountSet(10009, 0) failed with errno -2
I/APP     ( 4218): I 02/08/2013 17:32:45:999 00001090              RhoRuby| require_compiled: rhom/rhom_model
I/APP     ( 4218): I 02/08/2013 17:32:46:061 00001090              RhoRuby| require_compiled: rhom
I/APP     ( 4218): I 02/08/2013 17:32:46:109 00001090              RhoRuby| require_compiled: rho/rhoapplication
I/APP     ( 4218): I 02/08/2013 17:32:46:174 00001090              RhoRuby| require_compiled: rholang/localization_simplified
I/APP     ( 4218): I 02/08/2013 17:32:46:270 00001090              RhoRuby| require_compiled: rho/rhomsg
I/APP     ( 4218): I 02/08/2013 17:32:46:313 00001090              RhoRuby| require_compiled: rho/rhotabbar
I/APP     ( 4218): I 02/08/2013 17:32:46:356 00001090              RhoRuby| require_compiled: rho/rhotoolbar
I/APP     ( 4218): I 02/08/2013 17:32:46:392 00001090                  APP| Current locale: ; Country code: 
I/APP     ( 4218): I 02/08/2013 17:32:46:432 00001090                  APP| Locilized file: /data/data/com.rhomobile.macotec/rhodata/lib/rholang/lang_
I/APP     ( 4218): I 02/08/2013 17:32:46:457 00001090              RhoRuby| require_compiled: /data/data/com.rhomobile.macotec/rhodata/lib/rholang/lang_en
I/APP     ( 4218): I 02/08/2013 17:32:46:501 00001090                  APP| Locilized file: /data/data/com.rhomobile.macotec/rhodata/apps/app/lang/lang_
I/APP     ( 4218): I 02/08/2013 17:32:46:536 00001090                  APP| Locilized file: /data/data/com.rhomobile.macotec/rhodata/lib/rholang/rhoerror_
I/APP     ( 4218): I 02/08/2013 17:32:46:541 00001090              RhoRuby| require_compiled: /data/data/com.rhomobile.macotec/rhodata/lib/rholang/rhoerror_en
I/APP     ( 4218): I 02/08/2013 17:32:46:591 00001090                  APP| Locilized file: /data/data/com.rhomobile.macotec/rhodata/lib/rholang/rhomsg_
I/APP     ( 4218): I 02/08/2013 17:32:46:617 00001090              RhoRuby| require_compiled: /data/data/com.rhomobile.macotec/rhodata/lib/rholang/rhomsg_en
I/APP     ( 4218): I 02/08/2013 17:32:46:649 00001090              RhoRuby| require_compiled: indifferent_access
I/APP     ( 4218): I 02/08/2013 17:32:46:734 00001090              RhoRuby| require_compiled: rho/rhosupport
I/APP     ( 4218): I 02/08/2013 17:32:46:831 00001090              RhoRuby| require_compiled: rho/rhocontroller
I/APP     ( 4218): I 02/08/2013 17:32:46:896 00001090              RhoRuby| require_compiled: rho/render
I/APP     ( 4218): I 02/08/2013 17:32:46:983 00001090              RhoRuby| require_compiled: rho/rho
I/APP     ( 4218): I 02/08/2013 17:32:47:168 00001090              RhoRuby| require_compiled: rho/rhoerror
I/APP     ( 4218): I 02/08/2013 17:32:47:216 00001090              RhoRuby| require_compiled: rhom/rhom_source
I/APP     ( 4218): I 02/08/2013 17:32:47:283 00001090              RhoRuby| require_compiled: rho/rhoviewhelpers
I/APP     ( 4218): I 02/08/2013 17:32:47:341 00001090              RhoRuby| require_compiled: rho
I/APP     ( 4218): I 02/08/2013 17:32:47:387 00001090                  APP| RHO loaded
I/APP     ( 4218): I 02/08/2013 17:32:47:392 00001090                  APP| Calling RHO.initialize
I/APP     ( 4218): I 02/08/2013 17:32:47:436 00001090                  APP| model file: Product/product
I/APP     ( 4218): I 02/08/2013 17:32:47:463 00001090                  APP| model file: Request/request
I/APP     ( 4218): I 02/08/2013 17:32:47:483 00001090                   DB| Open DB: /data/data/com.rhomobile.macotec/rhodata/db/syncdbuser.sqlite
I/APP     ( 4218): I 02/08/2013 17:32:47:524 00001090          GeoLocation| Creating singleton instance.
I/APP     ( 4218): I 02/08/2013 17:32:47:556 00001090            RhodesApp| Starting sync engine...
I/APP     ( 4218): I 02/08/2013 17:32:47:561 00001090                 Sync| sync_poll_interval: 0
I/APP     ( 4218): I 02/08/2013 17:32:47:586 00001090                 Sync| syncserver: 
I/APP     ( 4218): I 02/08/2013 17:32:47:590 00001090                 Sync| bulksync_state: 0
I/APP     ( 4218): I 02/08/2013 17:32:47:614 00001090            RhodesApp| RhoRubyInitApp...
I/APP     ( 4218): I 02/08/2013 17:32:47:619 00001090                  APP| init_app
I/APP     ( 4218): I 02/08/2013 17:32:47:648 00001090              RhoRuby| require_compiled: application
I/APP     ( 4218): I 02/08/2013 17:32:47:689 00001090                 Sync| Set notification. Source ID: -1;Url :http://localhost:8080/app/Settings/sync_notify; Params: 
I/APP     ( 4218): I 02/08/2013 17:32:47:695 00001090           HttpServer| Start HTTP server
I/APP     ( 4218): I 02/08/2013 17:32:47:725 00001090           HttpServer| Listen for connections on port 8080
I/APP     ( 4218): I 02/08/2013 17:32:47:745 00001090         AppCallbacks| addCommand: LOCAL-SERVER-STARTED
I/APP     ( 4218): I 02/08/2013 17:32:47:750 0000108e         AppCallbacks| process command: LOCAL-SERVER-STARTED
I/APP     ( 4218): I 02/08/2013 17:32:47:751 0000108e RhodesAppActiveObserver| Ready
I/APP     ( 4218): I 02/08/2013 17:32:47:757 0000107a AndroidFunctionality| Disable WebView zoom
I/APP     ( 4218): I 02/08/2013 17:32:47:758 0000107a AndroidFunctionality| Set web plugins state 'OFF'
I/APP     ( 4218): I 02/08/2013 17:32:47:811 0000108e    RhodesApplication| New AppState: AppActivated
I/APP     ( 4218): I 02/08/2013 17:32:47:828 0000108e         AppCallbacks| process command: UI-CREATED
I/APP     ( 4218): I 02/08/2013 17:32:47:899 00001090           HttpServer| Process URI: '/system/uicreated'
I/APP     ( 4218): I 02/08/2013 17:32:47:922 00001090                  APP| on_ui_created.navigate to start url: '/app'
I/APP     ( 4218): I 02/08/2013 17:32:47:928 0000107a         SplashScreen| navigate: url=http://localhost:8080/app
I/APP     ( 4218): I 02/08/2013 17:32:47:930 0000107a         SplashScreen| DELAY for SplashScreen = 0
I/APP     ( 4218): I 02/08/2013 17:32:47:970 0000108e         AppCallbacks| process command: APP-ACTIVATED
I/APP     ( 4218): I 02/08/2013 17:32:47:999 0000107a        GoogleWebView| Creating new RhoWebChromeClient
I/APP     ( 4218): I 02/08/2013 17:32:48:015 0000107a       SimpleMainView| Cleared URL: http://localhost:8080/app
I/APP     ( 4218): I 02/08/2013 17:32:48:057 00001090           HttpServer| Process URI: '/system/activateapp'
V/SimpleMainView.View( 4218): ms[1360341168077]  Main Window :: onSizeChanged() old [ 480 x 652 ]  new [ 0 x 0 ]
I/APP     ( 4218): I 02/08/2013 17:32:48:115 0000108e         AppCallbacks| ThreadQueue blocked for 4294967295 seconds...
I/APP     ( 4218): I 02/08/2013 17:32:48:147 0000107a        GoogleWebView| Setting RhoWebChromeClient
I/APP     ( 4218): I 02/08/2013 17:32:48:421 00001090           HttpServer| Process URI: '/app'
I/APP     ( 4218): I 02/08/2013 17:32:48:459 0000107a     RhoWebViewClient| Loading URL: http://localhost:8080/app/index_erb.iseq
I/APP     ( 4218): I 02/08/2013 17:32:48:544 00001090           HttpServer| Process URI: '/app/index_erb.iseq'
I/APP     ( 4218): I 02/08/2013 17:32:48:555 00001090                  APP| RHO serve_index: /app/index_erb.iseq
I/APP     ( 4218): I 02/08/2013 17:32:48:601 00001090 RHO Rho::RhoController| inst_render_index
I/APP     ( 4218): I 02/08/2013 17:32:48:708 00001090 RHO Rho::RhoController| index layout
I/APP     ( 4218): I 02/08/2013 17:32:48:812 00001090           HttpServer| GC Start.
I/APP     ( 4218): I 02/08/2013 17:32:48:915 00001090           HttpServer| GC End.
I/APP     ( 4218): I 02/08/2013 17:32:49:101 00001090           HttpServer| Process URI: '/public/js/request.js'
I/APP     ( 4218): I 02/08/2013 17:32:49:216 00001090           HttpServer| Process URI: '/public/jquery/jquery-1.6.4.min.js'
I/APP     ( 4218): I 02/08/2013 17:32:49:388 00001090           HttpServer| Process URI: '/public/jquery/jquery.json-2.3.min.js'
I/APP     ( 4218): I 02/08/2013 17:32:49:488 00001090           HttpServer| Process URI: '/public/jqmobile/jquery.mobile-1.0.1.min.css'
I/APP     ( 4218): I 02/08/2013 17:32:49:632 00001090           HttpServer| Process URI: '/public/css/jqmobile-patch.css'
I/APP     ( 4218): I 02/08/2013 17:32:49:710 00001090           HttpServer| Process URI: '/public/jqmobile/jquery.mobile-1.0.1.min.js'
I/APP     ( 4218): I 02/08/2013 17:32:49:837 00001090           HttpServer| Process URI: '/public/js/jqmobile-patch.js'
I/APP     ( 4218): I 02/08/2013 17:32:49:892 00001090           HttpServer| Process URI: '/public/css/macotec_style.css'
I/APP     ( 4218): I 02/08/2013 17:32:53:042 00001090           HttpServer| Process URI: '/public/images/macotec/logo.png'
I/APP     ( 4218): I 02/08/2013 17:32:53:690 00001090           HttpServer| Process URI: '/public/images/macotec/request_top.png'
I/APP     ( 4218): I 02/08/2013 17:32:53:787 00001090           HttpServer| Process URI: '/public/images/macotec/contact_png.png'
I/APP     ( 4218): I 02/08/2013 17:32:53:844 00001090           HttpServer| Process URI: '/public/images/macotec/products_png.png'
I/APP     ( 4218): I 02/08/2013 17:32:53:882 00001090           HttpServer| Process URI: '/public/images/macotec/info_png.png'
I/APP     ( 4218): I 02/08/2013 17:32:57:969 00001090           HttpServer| Process URI: '/app/Request/request'
I/APP     ( 4218): I 02/08/2013 17:32:57:972 00001090                  APP| RHO serve: /app/Request/request
I/APP     ( 4218): I 02/08/2013 17:32:58:019 00001090              RhoRuby| require_compiled: Request/request_controller
I/APP     ( 4218): I 02/08/2013 17:32:58:164 00001090              RhoRuby| require_compiled: helpers/browser_helper
I/APP     ( 4218): I 02/08/2013 17:32:58:264 00001090              RhoRuby| require_compiled: time
I/APP     ( 4218): I 02/08/2013 17:32:59:491 00001090              RhoRuby| require_compiled: date/format
I/APP     ( 4218): I 02/08/2013 17:33:01:447 00001090              RhoRuby| require_compiled: date
I/APP     ( 4218): I 02/08/2013 17:33:01:679 00001090              RhoRuby| require_compiled: dateOrig
D/dalvikvm( 4218): GC_CONCURRENT freed 877K, 8% free 12507K/13575K, paused 17ms+51ms
D/webviewglue( 4218): nativeDestroy view: 0x2aecf0
I/APP     ( 4218): E 02/08/2013 17:33:03:302 00001090               RubyVM| lib/date.rb:14: warning: already initialized constant MONTHNAMES
I/APP     ( 4218): E 02/08/2013 17:33:03:306 00001090               RubyVM| lib/date.rb:15: warning: already initialized constant ABBR_MONTHNAMES
I/APP     ( 4218): E 02/08/2013 17:33:03:352 00001090               RubyVM| lib/date.rb:16: warning: already initialized constant DAYNAMES
I/APP     ( 4218): E 02/08/2013 17:33:03:357 00001090               RubyVM| lib/date.rb:17: warning: already initialized constant ABBR_DAYNAMES
I/APP     ( 4218): I 02/08/2013 17:33:03:395 00001090              RhoRuby| require_compiled: json
I/APP     ( 4218): I 02/08/2013 17:33:03:428 00001090              RhoRuby| require_compiled: json/common
I/APP     ( 4218): I 02/08/2013 17:33:03:516 00001090              RhoRuby| require_compiled: json/version
I/APP     ( 4218): I 02/08/2013 17:33:03:561 00001090              RhoRuby| require_compiled: json/pure
I/APP     ( 4218): I 02/08/2013 17:33:03:622 00001090              RhoRuby| require_compiled: json/pure/generator
I/APP     ( 4218): I 02/08/2013 17:33:03:762 00001090           HttpServer| GC Start.
I/APP     ( 4218): I 02/08/2013 17:33:03:864 00001090           HttpServer| GC End.
I/APP     ( 4218): I 02/08/2013 17:33:04:164 00001090           HttpServer| Process URI: '/public/images/macotec/forklifter_full.png'
I/APP     ( 4218): I 02/08/2013 17:33:04:233 00001090           HttpServer| Process URI: '/public/images/macotec/request_contract.png'
I/APP     ( 4218): I 02/08/2013 17:33:04:284 00001090           HttpServer| Process URI: '/public/images/macotec/settings.png'
I/APP     ( 4218): I 02/08/2013 17:33:04:411 00001090           HttpServer| Process URI: '/public/jqmobile/images/icons-36-white.png'
E/libEGL  ( 4218): call to OpenGL ES API with no current context (logged once per thread)
D/ShaderProgram( 4218): couldn't load the vertex shader!
E/libEGL  ( 4218): call to OpenGL ES API with no current context (logged once per thread)
D/ShaderProgram( 4218): couldn't load the vertex shader!
E/libEGL  ( 4218): call to OpenGL ES API with no current context (logged once per thread)
D/ShaderProgram( 4218): couldn't load the vertex shader!
E/libEGL  ( 4218): call to OpenGL ES API with no current context (logged once per thread)
D/ShaderProgram( 4218): couldn't load the vertex shader!
E/libEGL  ( 4218): call to OpenGL ES API with no current context (logged once per thread)
D/ShaderProgram( 4218): couldn't load the vertex shader!
D/dalvikvm( 3474): GC_CONCURRENT freed 385K, 6% free 9530K/10119K, paused 5ms+4ms
W/ThrottleService( 3361): unable to find stats for iface rmnet0
D/AndroidRuntime( 4254): 
D/AndroidRuntime( 4254): >>>>>> AndroidRuntime START com.android.internal.os.RuntimeInit <<<<<<
D/AndroidRuntime( 4254): CheckJNI is ON
D/AndroidRuntime( 4254): Calling main entry com.android.commands.pm.Pm
W/ActivityManager( 3361): No content provider found for permission revoke: file:///data/local/tmp/macotec-debug.apk
W/ActivityManager( 3361): No content provider found for permission revoke: file:///data/local/tmp/macotec-debug.apk
D/dalvikvm( 3361): GC_CONCURRENT freed 369K, 13% free 11343K/12999K, paused 11ms+10ms
D/dalvikvm( 3361): GC_CONCURRENT freed 277K, 12% free 11538K/12999K, paused 7ms+12ms
D/dalvikvm( 3361): GC_CONCURRENT freed 393K, 10% free 11713K/12999K, paused 11ms+16ms
D/dalvikvm( 3361): GC_CONCURRENT freed 635K, 11% free 11686K/12999K, paused 13ms+12ms
D/dalvikvm( 3361): GC_CONCURRENT freed 563K, 11% free 11679K/12999K, paused 7ms+6ms
D/dalvikvm( 3361): GC_CONCURRENT freed 567K, 10% free 11703K/12999K, paused 5ms+8ms
D/dalvikvm( 3361): GC_CONCURRENT freed 624K, 10% free 11727K/12999K, paused 15ms+16ms
I/PackageManager( 3361): Removing non-system package:com.rhomobile.macotec
I/ActivityManager( 3361): Force stopping package com.rhomobile.macotec uid=10040
I/ActivityManager( 3361): Killing proc 4218:com.rhomobile.macotec/10040: force stop
W/ActivityManager( 3361): Force removing ActivityRecord{412cc898 com.rhomobile.macotec/com.rhomobile.rhodes.RhodesActivity}: app died, no saved state
W/NetworkManagementSocketTagger( 3361): setKernelCountSet(10040, 0) failed with errno -2
W/NetworkManagementSocketTagger( 3361): setKernelCountSet(10009, 1) failed with errno -2
I/WindowManager( 3361): WIN DEATH: Window{414c7700 com.rhomobile.macotec/com.rhomobile.rhodes.RhodesActivity paused=false}
I/PackageManager( 3361): Package com.rhomobile.macotec codePath changed from /data/app/com.rhomobile.macotec-1.apk to /data/app/com.rhomobile.macotec-2.apk; Retaining data and using new
I/PackageManager( 3361): Running dexopt on: com.rhomobile.macotec
D/dalvikvm( 4265): DexOpt: load 82ms, verify+opt 488ms
W/PackageManager( 3361): Code path for pkg : com.rhomobile.macotec changing from /data/app/com.rhomobile.macotec-1.apk to /data/app/com.rhomobile.macotec-2.apk
W/PackageManager( 3361): Resource path for pkg : com.rhomobile.macotec changing from /data/app/com.rhomobile.macotec-1.apk to /data/app/com.rhomobile.macotec-2.apk
I/ActivityManager( 3361): Force stopping package com.rhomobile.macotec uid=10040
D/PackageManager( 3361): New package installed in /data/app/com.rhomobile.macotec-2.apk
D/dalvikvm( 3361): GC_CONCURRENT freed 575K, 10% free 11717K/12999K, paused 13ms+26ms
I/ActivityManager( 3361): Force stopping package com.rhomobile.macotec uid=10040
D/dalvikvm( 3489): GC_EXPLICIT freed 272K, 6% free 11327K/12039K, paused 3ms+15ms
D/dalvikvm( 3534): GC_EXPLICIT freed 148K, 4% free 9388K/9735K, paused 3ms+4ms
D/dalvikvm( 3361): GC_EXPLICIT freed 556K, 14% free 11252K/12999K, paused 6ms+8ms
D/PackageManager( 3361): generateServicesMap(android.accounts.AccountAuthenticator): 2 services unchanged
D/PackageManager( 3361): generateServicesMap(android.content.SyncAdapter): 4 services unchanged
D/BackupManagerService( 3361): Received broadcast Intent { act=android.intent.action.PACKAGE_REMOVED dat=package:com.rhomobile.macotec flg=0x10000010 (has extras) }
I/AccountTypeManager( 3571): Loaded meta-data for 1 account types, 0 accounts in 16ms(wall) 9ms(cpu)
D/PackageManager( 3361): generateServicesMap(android.accounts.AccountAuthenticator): 2 services unchanged
D/PackageManager( 3361): generateServicesMap(android.content.SyncAdapter): 4 services unchanged
D/BackupManagerService( 3361): Received broadcast Intent { act=android.intent.action.PACKAGE_ADDED dat=package:com.rhomobile.macotec flg=0x10000010 (has extras) }
V/BackupManagerService( 3361): updatePackageParticipantsLocked: #1
W/RecognitionManagerService( 3361): no available voice recognition services found
I/AccountTypeManager( 3571): Loaded meta-data for 1 account types, 0 accounts in 202ms(wall) 6ms(cpu)
D/dalvikvm( 3361): GC_CONCURRENT freed 411K, 14% free 11277K/12999K, paused 7ms+8ms
D/BackupManagerService( 3361): Received broadcast Intent { act=android.intent.action.PACKAGE_REPLACED dat=package:com.rhomobile.macotec flg=0x10000010 (has extras) }
V/BackupManagerService( 3361): updatePackageParticipantsLocked: #1
D/dalvikvm( 3361): GC_EXPLICIT freed 240K, 14% free 11236K/12999K, paused 4ms+17ms
D/AndroidRuntime( 4254): Shutting down VM
D/dalvikvm( 4254): GC_CONCURRENT freed 97K, 79% free 450K/2048K, paused 1ms+1ms
I/AndroidRuntime( 4254): NOTE: attach of thread 'Binder Thread #3' failed
D/AndroidRuntime( 4273): 
D/AndroidRuntime( 4273): >>>>>> AndroidRuntime START com.android.internal.os.RuntimeInit <<<<<<
D/AndroidRuntime( 4273): CheckJNI is ON
D/AndroidRuntime( 4273): Calling main entry com.android.commands.am.Am
I/ActivityManager( 3361): START {act=android.intent.action.MAIN flg=0x10000000 cmp=com.rhomobile.macotec/com.rhomobile.rhodes.RhodesActivity} from pid 4273
W/WindowManager( 3361): Failure taking screenshot for (180x273) to layer 21005
D/AndroidRuntime( 4273): Shutting down VM
D/dalvikvm( 4273): GC_CONCURRENT freed 97K, 77% free 480K/2048K, paused 0ms+1ms
I/AndroidRuntime( 4273): NOTE: attach of thread 'Binder Thread #3' failed
I/ActivityManager( 3361): Start proc com.rhomobile.macotec for activity com.rhomobile.macotec/com.rhomobile.rhodes.RhodesActivity: pid=4284 uid=10040 gids={3003}
I/dalvikvm( 4284): Turning on JNI app bug workarounds for target SDK version 4...
W/NetworkManagementSocketTagger( 3361): setKernelCountSet(10040, 1) failed with errno -2
I/Process ( 3361): Sending signal. PID: 4284 SIG: 3
I/dalvikvm( 4284): threadid=3: reacting to signal 3
I/dalvikvm( 4284): Wrote stack traces to '/data/anr/traces.txt'
D/dalvikvm( 4284): Trying to load lib /data/data/com.rhomobile.macotec/lib/librhodes.so 0x412a2280
D/dalvikvm( 4284): Added shared lib /data/data/com.rhomobile.macotec/lib/librhodes.so 0x412a2280
D/dalvikvm( 4284): Trying to load lib /data/data/com.rhomobile.macotec/lib/librhodes.so 0x412a2280
D/dalvikvm( 4284): Shared lib '/data/data/com.rhomobile.macotec/lib/librhodes.so' already loaded in same CL 0x412a2280
I/Process ( 3361): Sending signal. PID: 4284 SIG: 3
I/dalvikvm( 4284): threadid=3: reacting to signal 3
I/ActivityThread( 4284): Pub com.rhomobile.macotec: com.rhomobile.rhodes.LocalFileProvider
I/dalvikvm( 4284): Wrote stack traces to '/data/anr/traces.txt'
I/RhodesApplication( 4284): Initializing...
D/RhoFileApi( 4284): App root path: /data/data/com.rhomobile.macotec/rhodata/
D/RhoFileApi( 4284): Sqlite journals path: /data/data/com.rhomobile.macotec/sqlite_stmt_journals/
D/RhoFileApi( 4284): Shared path: /data/data/com.rhomobile.macotec/rhodata/
D/RhodesApplication( 4284): Root path: /data/data/com.rhomobile.macotec/rhodata/
I/RhodesApplication( 4284): Application hash was changed
D/RhoFileApi( 4284): Copy hash to FS
D/RhoFileApi( 4284): File hash copied
D/RhoFileApi( 4284): Copy rho.dat to FS
D/RhoFileApi( 4284): File rho.dat copied
D/RhoFileApi( 4284): Copy apps/rhoconfig.txt to FS
D/RhoFileApi( 4284): File apps/rhoconfig.txt copied
I/RhoFileApi( 4284): Opening stat table from FS: /data/data/com.rhomobile.macotec/rhodata/rho.dat
I/Process ( 3361): Sending signal. PID: 4284 SIG: 3
I/dalvikvm( 4284): threadid=3: reacting to signal 3
I/dalvikvm( 4284): Wrote stack traces to '/data/anr/traces.txt'
D/RhoFileApi( 4284): Copy apps/rhoconfig.txt to FS
D/RhoFileApi( 4284): File apps/rhoconfig.txt copied
D/RhoFileApi( 4284): App root path: /data/data/com.rhomobile.macotec/rhodata/
D/RhoFileApi( 4284): Sqlite journals path: /data/data/com.rhomobile.macotec/sqlite_stmt_journals/
D/RhoFileApi( 4284): Shared path: /data/data/com.rhomobile.macotec/rhodata/
I/APP     ( 4284): I 02/08/2013 17:37:01:133 000010bc    RhodesApplication| Initialized
I/APP     ( 4284): I 02/08/2013 17:37:01:217 000010bc         BaseActivity| New screen properties - width: 480, height: 728, orientation: 1
I/Process ( 3361): Sending signal. PID: 4284 SIG: 3
I/dalvikvm( 4284): threadid=3: reacting to signal 3
I/dalvikvm( 4284): Wrote stack traces to '/data/anr/traces.txt'
D/dalvikvm( 4284): GC_CONCURRENT freed 292K, 5% free 9192K/9607K, paused 34ms+4ms
I/APP     ( 4284): I 02/08/2013 17:37:01:662 000010bc         SplashScreen| Looking for start page source
I/Process ( 3361): Sending signal. PID: 4284 SIG: 3
I/dalvikvm( 4284): threadid=3: reacting to signal 3
I/dalvikvm( 4284): Wrote stack traces to '/data/anr/traces.txt'
D/dalvikvm( 4284): GC_FOR_ALLOC freed 14K, 4% free 9229K/9607K, paused 167ms
I/Process ( 3361): Sending signal. PID: 4284 SIG: 3
I/dalvikvm( 4284): threadid=3: reacting to signal 3
I/Process ( 3361): Sending signal. PID: 4284 SIG: 3
I/dalvikvm-heap( 4284): Grow heap (frag case) to 12.148MB for 3217300-byte allocation
I/Process ( 3361): Sending signal. PID: 4284 SIG: 3
I/dalvikvm( 4284): Wrote stack traces to '/data/anr/traces.txt'
I/Process ( 3361): Sending signal. PID: 4284 SIG: 3
I/Process ( 3361): Sending signal. PID: 4284 SIG: 3
I/dalvikvm( 4284): threadid=3: reacting to signal 3
D/dalvikvm( 4284): GC_FOR_ALLOC freed <1K, 4% free 12370K/12807K, paused 962ms
I/Process ( 3361): Sending signal. PID: 4284 SIG: 3
I/dalvikvm( 4284): Wrote stack traces to '/data/anr/traces.txt'
I/dalvikvm( 4284): threadid=3: reacting to signal 3
I/Process ( 3361): Sending signal. PID: 4284 SIG: 3
I/Process ( 3361): Sending signal. PID: 4284 SIG: 3
I/dalvikvm( 4284): Wrote stack traces to '/data/anr/traces.txt'
I/dalvikvm( 4284): threadid=3: reacting to signal 3
D/dalvikvm( 4284): GC_CONCURRENT freed <1K, 4% free 12371K/12807K, paused 81ms+115ms
I/Process ( 3361): Sending signal. PID: 4284 SIG: 3
I/dalvikvm( 4284): Wrote stack traces to '/data/anr/traces.txt'
I/dalvikvm( 4284): threadid=3: reacting to signal 3
I/dalvikvm( 4284): Wrote stack traces to '/data/anr/traces.txt'
I/APP     ( 4284): I 02/08/2013 17:37:07:371 000010bc         SplashScreen| Done
I/APP     ( 4284): I 02/08/2013 17:37:07:378 000010bc    RhodesApplication| New UiState: MainActivityCreated
I/APP     ( 4284): I 02/08/2013 17:37:07:422 000010bc       RhodesActivity| onStart
I/APP     ( 4284): I 02/08/2013 17:37:07:428 000010bc    RhodesApplication| New UiState: MainActivityStarted
I/Process ( 3361): Sending signal. PID: 4284 SIG: 3
I/dalvikvm( 4284): threadid=3: reacting to signal 3
I/dalvikvm( 4284): Wrote stack traces to '/data/anr/traces.txt'
I/APP     ( 4284): I 02/08/2013 17:37:07:539 000010bc       RhodesActivity| onResume
I/APP     ( 4284): I 02/08/2013 17:37:07:544 000010bc AndroidFunctionality| Resume WebView
I/APP     ( 4284): I 02/08/2013 17:37:07:601 000010bc        RhodesService| onCreate
I/APP     ( 4284): I 02/08/2013 17:37:07:637 000010bc    LocalFileProvider| Revoke URI permissions: content:///com.rhomobile.macotec
W/ActivityManager( 3361): No content provider found for permission revoke: content:///com.rhomobile.macotec
I/APP     ( 4284): I 02/08/2013 17:37:07:673 000010bc               Rhodes| Loading...
I/APP     ( 4284): I 02/08/2013 17:37:07:701 000010d0         AppCallbacks| Starting main routine...
I/APP     ( 4284): I 02/08/2013 17:37:07:698 000010bc            RhodesApp| Trying to get free listening port.
I/APP     ( 4284): I 02/08/2013 17:37:07:729 000010bc            RhodesApp| Trying to bind of 8080 port...
I/APP     ( 4284): I 02/08/2013 17:37:07:767 000010bc            RhodesApp| Got port to bind on: 8080
I/APP     ( 4284): I 02/08/2013 17:37:07:775 000010bc            RhodesApp| Free listening port: 8080
I/APP     ( 4284): I 02/08/2013 17:37:07:708 000010d0         AppCallbacks| ThreadQueue blocked for 4294967295 seconds...
I/APP     ( 4284): I 02/08/2013 17:37:07:902 000010bc        RhodesService| Push is disabled
I/APP     ( 4284): I 02/08/2013 17:37:07:929 000010bc            RhodesApp| callAppActiveCallback
I/APP     ( 4284): I 02/08/2013 17:37:07:934 000010bc         AppCallbacks| addCommand: APP-ACTIVATED
I/Process ( 3361): Sending signal. PID: 4284 SIG: 3
I/dalvikvm( 4284): threadid=3: reacting to signal 3
I/APP     ( 4284): I 02/08/2013 17:37:08:008 000010d0         AppCallbacks| Received command APP-ACTIVATED which is greater than expected (LOCAL-SERVER-STARTED) - postpone it
I/APP     ( 4284): I 02/08/2013 17:37:08:009 000010d0         AppCallbacks| ThreadQueue blocked for 4294967295 seconds...
I/dalvikvm( 4284): Wrote stack traces to '/data/anr/traces.txt'
I/APP     ( 4284): I 02/08/2013 17:37:08:041 000010bc         AppActivated| Cannot commit now, application will be activated when started.
I/APP     ( 4284): I 02/08/2013 17:37:08:063 000010bc    RhodesApplication| New AppState: Undefined
D/RhodesService( 4284): +++ onStartCommand
I/APP     ( 4284): I 02/08/2013 17:37:08:062 000010d2            RhodesApp| Starting RhodesApp main routine...
I/RhodesService( 4284): handleCommand: startId=1, source=com.rhomobile.rhodes.BaseActivity
D/RhodesService( 4284): New activity was created
I/APP     ( 4284): I 02/08/2013 17:37:08:174 000010bc        RhodesService| onBind
I/APP     ( 4284): I 02/08/2013 17:37:08:216 000010bc         AppCallbacks| addCommand: UI-CREATED
I/APP     ( 4284): I 02/08/2013 17:37:08:251 000010d0         AppCallbacks| Received command UI-CREATED which is greater than expected (LOCAL-SERVER-STARTED) - postpone it
I/APP     ( 4284): I 02/08/2013 17:37:08:253 000010d0         AppCallbacks| ThreadQueue blocked for 4294967295 seconds...
V/PhoneStatusBar( 3445): setLightsOn(true)
I/Process ( 3361): Sending signal. PID: 4284 SIG: 3
I/dalvikvm( 4284): threadid=3: reacting to signal 3
I/APP     ( 4284): I 02/08/2013 17:37:08:583 000010bc       RhodesActivity| onServiceConnected: {com.rhomobile.macotec/com.rhomobile.rhodes.RhodesService}
I/APP     ( 4284): I 02/08/2013 17:37:08:588 000010bc       RhodesActivity| New start parameters: 
I/APP     ( 4284): I 02/08/2013 17:37:08:619 000010bc            RhodesApp| New start params: 
I/dalvikvm( 4284): Wrote stack traces to '/data/anr/traces.txt'
D/gralloc_goldfish( 4284): Emulator without GPU emulation detected.
W/ActivityManager( 3361): Launch timeout has expired, giving up wake lock!
I/Process ( 3361): Sending signal. PID: 4284 SIG: 3
I/dalvikvm( 4284): threadid=3: reacting to signal 3
I/dalvikvm( 4284): Wrote stack traces to '/data/anr/traces.txt'
W/ActivityManager( 3361): Activity idle timeout for ActivityRecord{412cc898 com.rhomobile.macotec/com.rhomobile.rhodes.RhodesActivity}
I/ActivityManager( 3361): Displayed com.rhomobile.macotec/com.rhomobile.rhodes.RhodesActivity: +10s674ms
I/APP     ( 4284): I 02/08/2013 17:37:10:814 000010d2              RhoRuby| Init_RhoBlobs: /data/data/com.rhomobile.macotec/rhodata/db/db-files
I/APP     ( 4284): I 02/08/2013 17:37:11:325 000010d2              RhoRuby| require_compiled: rhoframework
I/APP     ( 4284): I 02/08/2013 17:37:12:286 000010d2              RhoRuby| require_compiled: rational
I/APP     ( 4284): I 02/08/2013 17:37:12:521 000010d2              RhoRuby| require_compiled: rhom/rhom_db_adapter
I/APP     ( 4284): I 02/08/2013 17:37:13:002 000010d2              RhoRuby| require_compiled: rhodes
I/APP     ( 4284): I 02/08/2013 17:37:13:177 000010d2              RhoRuby| require_compiled: rhom/rhom_object
I/APP     ( 4284): I 02/08/2013 17:37:13:420 000010d2              RhoRuby| require_compiled: rhofsconnector
I/APP     ( 4284): I 02/08/2013 17:37:13:574 000010d2              RhoRuby| require_compiled: rho/rhofsconnector
I/APP     ( 4284): I 02/08/2013 17:37:13:871 000010d2              RhoRuby| require_compiled: rhom/rhom_object_factory
W/NetworkManagementSocketTagger( 3361): setKernelCountSet(10009, 0) failed with errno -2
I/APP     ( 4284): I 02/08/2013 17:37:14:446 000010d2              RhoRuby| require_compiled: rhom/rhom
I/APP     ( 4284): I 02/08/2013 17:37:14:521 000010d2              RhoRuby| require_compiled: rhom/rhom_model
I/APP     ( 4284): I 02/08/2013 17:37:14:582 000010d2              RhoRuby| require_compiled: rhom
I/APP     ( 4284): I 02/08/2013 17:37:14:633 000010d2              RhoRuby| require_compiled: rho/rhoapplication
I/APP     ( 4284): I 02/08/2013 17:37:14:699 000010d2              RhoRuby| require_compiled: rholang/localization_simplified
I/APP     ( 4284): I 02/08/2013 17:37:14:766 000010d2              RhoRuby| require_compiled: rho/rhomsg
I/APP     ( 4284): I 02/08/2013 17:37:14:811 000010d2              RhoRuby| require_compiled: rho/rhotabbar
I/APP     ( 4284): I 02/08/2013 17:37:14:860 000010d2              RhoRuby| require_compiled: rho/rhotoolbar
I/APP     ( 4284): I 02/08/2013 17:37:14:895 000010d2                  APP| Current locale: ; Country code: 
I/APP     ( 4284): I 02/08/2013 17:37:14:924 000010d2                  APP| Locilized file: /data/data/com.rhomobile.macotec/rhodata/lib/rholang/lang_
I/APP     ( 4284): I 02/08/2013 17:37:14:929 000010d2              RhoRuby| require_compiled: /data/data/com.rhomobile.macotec/rhodata/lib/rholang/lang_en
I/APP     ( 4284): I 02/08/2013 17:37:14:999 000010d2                  APP| Locilized file: /data/data/com.rhomobile.macotec/rhodata/apps/app/lang/lang_
I/APP     ( 4284): I 02/08/2013 17:37:15:041 000010d2                  APP| Locilized file: /data/data/com.rhomobile.macotec/rhodata/lib/rholang/rhoerror_
I/APP     ( 4284): I 02/08/2013 17:37:15:047 000010d2              RhoRuby| require_compiled: /data/data/com.rhomobile.macotec/rhodata/lib/rholang/rhoerror_en
I/APP     ( 4284): I 02/08/2013 17:37:15:134 000010d2                  APP| Locilized file: /data/data/com.rhomobile.macotec/rhodata/lib/rholang/rhomsg_
I/APP     ( 4284): I 02/08/2013 17:37:15:140 000010d2              RhoRuby| require_compiled: /data/data/com.rhomobile.macotec/rhodata/lib/rholang/rhomsg_en
I/APP     ( 4284): I 02/08/2013 17:37:15:210 000010d2              RhoRuby| require_compiled: indifferent_access
I/APP     ( 4284): I 02/08/2013 17:37:15:308 000010d2              RhoRuby| require_compiled: rho/rhosupport
I/APP     ( 4284): I 02/08/2013 17:37:15:440 000010d2              RhoRuby| require_compiled: rho/rhocontroller
I/APP     ( 4284): I 02/08/2013 17:37:15:526 000010d2              RhoRuby| require_compiled: rho/render
I/APP     ( 4284): I 02/08/2013 17:37:15:665 000010d2              RhoRuby| require_compiled: rho/rho
I/APP     ( 4284): I 02/08/2013 17:37:15:893 000010d2              RhoRuby| require_compiled: rho/rhoerror
I/APP     ( 4284): I 02/08/2013 17:37:15:949 000010d2              RhoRuby| require_compiled: rhom/rhom_source
I/APP     ( 4284): I 02/08/2013 17:37:16:033 000010d2              RhoRuby| require_compiled: rho/rhoviewhelpers
I/APP     ( 4284): I 02/08/2013 17:37:16:100 000010d2              RhoRuby| require_compiled: rho
I/APP     ( 4284): I 02/08/2013 17:37:16:157 000010d2                  APP| RHO loaded
I/APP     ( 4284): I 02/08/2013 17:37:16:162 000010d2                  APP| Calling RHO.initialize
I/APP     ( 4284): I 02/08/2013 17:37:16:208 000010d2                  APP| model file: Product/product
I/APP     ( 4284): I 02/08/2013 17:37:16:236 000010d2                  APP| model file: Request/request
I/APP     ( 4284): I 02/08/2013 17:37:16:265 000010d2                   DB| Open DB: /data/data/com.rhomobile.macotec/rhodata/db/syncdbuser.sqlite
I/APP     ( 4284): I 02/08/2013 17:37:16:297 000010d2          GeoLocation| Creating singleton instance.
I/APP     ( 4284): I 02/08/2013 17:37:16:327 000010d2            RhodesApp| Starting sync engine...
I/APP     ( 4284): I 02/08/2013 17:37:16:332 000010d2                 Sync| sync_poll_interval: 0
I/APP     ( 4284): I 02/08/2013 17:37:16:365 000010d2                 Sync| syncserver: 
I/APP     ( 4284): I 02/08/2013 17:37:16:370 000010d2                 Sync| bulksync_state: 0
I/APP     ( 4284): I 02/08/2013 17:37:16:407 000010d2            RhodesApp| RhoRubyInitApp...
I/APP     ( 4284): I 02/08/2013 17:37:16:414 000010d2                  APP| init_app
I/APP     ( 4284): I 02/08/2013 17:37:16:439 000010d2              RhoRuby| require_compiled: application
I/APP     ( 4284): I 02/08/2013 17:37:16:489 000010d2                 Sync| Set notification. Source ID: -1;Url :http://localhost:8080/app/Settings/sync_notify; Params: 
I/APP     ( 4284): I 02/08/2013 17:37:16:517 000010d2           HttpServer| Start HTTP server
I/APP     ( 4284): I 02/08/2013 17:37:16:522 000010d2           HttpServer| Listen for connections on port 8080
I/APP     ( 4284): I 02/08/2013 17:37:16:556 000010d2         AppCallbacks| addCommand: LOCAL-SERVER-STARTED
I/APP     ( 4284): I 02/08/2013 17:37:16:561 000010d0         AppCallbacks| process command: LOCAL-SERVER-STARTED
I/APP     ( 4284): I 02/08/2013 17:37:16:563 000010d0 RhodesAppActiveObserver| Ready
I/APP     ( 4284): I 02/08/2013 17:37:16:568 000010bc AndroidFunctionality| Disable WebView zoom
I/APP     ( 4284): I 02/08/2013 17:37:16:569 000010bc AndroidFunctionality| Set web plugins state 'OFF'
I/APP     ( 4284): I 02/08/2013 17:37:16:633 000010d0    RhodesApplication| New AppState: AppActivated
I/APP     ( 4284): I 02/08/2013 17:37:16:640 000010d0         AppCallbacks| process command: UI-CREATED
I/APP     ( 4284): I 02/08/2013 17:37:16:754 000010d2           HttpServer| Process URI: '/system/uicreated'
I/APP     ( 4284): I 02/08/2013 17:37:16:771 000010d2                  APP| on_ui_created.navigate to start url: '/app'
I/APP     ( 4284): I 02/08/2013 17:37:16:790 000010bc         SplashScreen| navigate: url=http://localhost:8080/app
I/APP     ( 4284): I 02/08/2013 17:37:16:791 000010bc         SplashScreen| DELAY for SplashScreen = 0
I/APP     ( 4284): I 02/08/2013 17:37:16:830 000010d0         AppCallbacks| process command: APP-ACTIVATED
I/APP     ( 4284): I 02/08/2013 17:37:16:875 000010bc        GoogleWebView| Creating new RhoWebChromeClient
I/APP     ( 4284): I 02/08/2013 17:37:16:916 000010bc       SimpleMainView| Cleared URL: http://localhost:8080/app
V/SimpleMainView.View( 4284): ms[1360341436951]  Main Window :: onSizeChanged() old [ 480 x 652 ]  new [ 0 x 0 ]
I/APP     ( 4284): I 02/08/2013 17:37:16:990 000010d2           HttpServer| Process URI: '/system/activateapp'
I/APP     ( 4284): I 02/08/2013 17:37:17:014 000010d0         AppCallbacks| ThreadQueue blocked for 4294967295 seconds...
I/APP     ( 4284): I 02/08/2013 17:37:17:076 000010bc        GoogleWebView| Setting RhoWebChromeClient
I/APP     ( 4284): I 02/08/2013 17:37:17:203 000010d2           HttpServer| Process URI: '/app'
I/APP     ( 4284): I 02/08/2013 17:37:17:240 000010bc     RhoWebViewClient| Loading URL: http://localhost:8080/app/index_erb.iseq
I/APP     ( 4284): I 02/08/2013 17:37:17:274 000010d2           HttpServer| Process URI: '/app/index_erb.iseq'
I/APP     ( 4284): I 02/08/2013 17:37:17:280 000010d2                  APP| RHO serve_index: /app/index_erb.iseq
I/APP     ( 4284): I 02/08/2013 17:37:17:305 000010d2 RHO Rho::RhoController| inst_render_index
I/APP     ( 4284): I 02/08/2013 17:37:17:421 000010d2 RHO Rho::RhoController| index layout
I/APP     ( 4284): I 02/08/2013 17:37:17:521 000010d2           HttpServer| GC Start.
