I/APP     ( 5031): I 03/14/2013 14:44:55:915 000013a7       RhodesActivity| onResume
I/APP     ( 5031): I 03/14/2013 14:44:55:956 000013a7 AndroidFunctionality| Resume WebView
I/APP     ( 5031): I 03/14/2013 14:44:56:011 000013a7        RhodesService| onCreate
I/APP     ( 5031): I 03/14/2013 14:44:56:018 000013a7    LocalFileProvider| Revoke URI permissions: content:///com.rhomobile.macotec
W/ActivityManager(   78): No content provider found for permission revoke: content:///com.rhomobile.macotec
I/APP     ( 5031): I 03/14/2013 14:44:56:059 000013a7               Rhodes| Loading...
I/APP     ( 5031): I 03/14/2013 14:44:56:089 000013a7            RhodesApp| Trying to get free listening port.
I/APP     ( 5031): I 03/14/2013 14:44:56:094 000013a7            RhodesApp| Trying to bind of 8080 port...
I/APP     ( 5031): I 03/14/2013 14:44:56:129 000013a7            RhodesApp| Got port to bind on: 8080
I/APP     ( 5031): I 03/14/2013 14:44:56:135 000013a7            RhodesApp| Free listening port: 8080
I/APP     ( 5031): I 03/14/2013 14:44:56:163 000013bc         AppCallbacks| Starting main routine...
I/APP     ( 5031): I 03/14/2013 14:44:56:176 000013bc         AppCallbacks| ThreadQueue blocked for 4294967295 seconds...
I/APP     ( 5031): I 03/14/2013 14:44:56:274 000013a7        RhodesService| Push is disabled
I/Process (   78): Sending signal. PID: 5031 SIG: 3
I/dalvikvm( 5031): threadid=3: reacting to signal 3
I/dalvikvm( 5031): Wrote stack traces to '/data/anr/traces.txt'
I/APP     ( 5031): I 03/14/2013 14:44:56:378 000013a7            RhodesApp| callAppActiveCallback
I/APP     ( 5031): I 03/14/2013 14:44:56:384 000013a7         AppCallbacks| addCommand: APP-ACTIVATED
I/APP     ( 5031): I 03/14/2013 14:44:56:411 000013bc         AppCallbacks| Received command APP-ACTIVATED which is greater than expected (LOCAL-SERVER-STARTED) - postpone it
I/APP     ( 5031): I 03/14/2013 14:44:56:412 000013bc         AppCallbacks| ThreadQueue blocked for 4294967295 seconds...
I/APP     ( 5031): I 03/14/2013 14:44:56:440 000013a7         AppActivated| Cannot commit now, application will be activated when started.
I/APP     ( 5031): I 03/14/2013 14:44:56:445 000013a7    RhodesApplication| New AppState: Undefined
D/RhodesService( 5031): +++ onStartCommand
I/RhodesService( 5031): handleCommand: startId=1, source=com.rhomobile.rhodes.BaseActivity
I/APP     ( 5031): I 03/14/2013 14:44:56:512 000013be            RhodesApp| Starting RhodesApp main routine...
D/RhodesService( 5031): New activity was created
I/APP     ( 5031): I 03/14/2013 14:44:56:561 000013a7        RhodesService| onBind
I/APP     ( 5031): I 03/14/2013 14:44:56:646 000013a7         AppCallbacks| addCommand: UI-CREATED
I/APP     ( 5031): I 03/14/2013 14:44:56:652 000013bc         AppCallbacks| Received command UI-CREATED which is greater than expected (LOCAL-SERVER-STARTED) - postpone it
I/APP     ( 5031): I 03/14/2013 14:44:56:653 000013bc         AppCallbacks| ThreadQueue blocked for 4294967295 seconds...
V/PhoneStatusBar(  134): setLightsOn(true)
I/APP     ( 5031): I 03/14/2013 14:44:56:787 000013a7       RhodesActivity| onServiceConnected: {com.rhomobile.macotec/com.rhomobile.rhodes.RhodesService}
I/Process (   78): Sending signal. PID: 5031 SIG: 3
I/dalvikvm( 5031): threadid=3: reacting to signal 3
I/dalvikvm( 5031): Wrote stack traces to '/data/anr/traces.txt'
I/APP     ( 5031): I 03/14/2013 14:44:56:934 000013a7       RhodesActivity| New start parameters: 
I/APP     ( 5031): I 03/14/2013 14:44:56:940 000013a7            RhodesApp| New start params: 
D/gralloc_goldfish( 5031): Emulator without GPU emulation detected.
W/InputManagerService(   78): Starting input on non-focused client com.android.internal.view.IInputMethodClient$Stub$Proxy@41489948 (uid=10009 pid=175)
I/Process (   78): Sending signal. PID: 5031 SIG: 3
I/dalvikvm( 5031): threadid=3: reacting to signal 3
I/dalvikvm( 5031): Wrote stack traces to '/data/anr/traces.txt'
I/ActivityManager(   78): Displayed com.rhomobile.macotec/com.rhomobile.rhodes.RhodesActivity: +5s593ms
I/APP     ( 5031): I 03/14/2013 14:44:57:887 000013be              RhoRuby| Init_RhoBlobs: /data/data/com.rhomobile.macotec/rhodata/db/db-files
I/APP     ( 5031): I 03/14/2013 14:44:58:005 000013be              RhoRuby| require_compiled: rhoframework
I/APP     ( 5031): I 03/14/2013 14:44:58:129 000013be              RhoRuby| require_compiled: rational
I/APP     ( 5031): I 03/14/2013 14:44:58:188 000013be              RhoRuby| require_compiled: rhom/rhom_db_adapter
I/APP     ( 5031): I 03/14/2013 14:44:58:321 000013be              RhoRuby| require_compiled: rhodes
I/APP     ( 5031): I 03/14/2013 14:44:58:387 000013be              RhoRuby| require_compiled: rhom/rhom_object
I/APP     ( 5031): I 03/14/2013 14:44:58:453 000013be              RhoRuby| require_compiled: rhofsconnector
I/APP     ( 5031): I 03/14/2013 14:44:58:506 000013be              RhoRuby| require_compiled: rho/rhofsconnector
I/APP     ( 5031): I 03/14/2013 14:44:58:585 000013be              RhoRuby| require_compiled: rhom/rhom_object_factory
I/APP     ( 5031): I 03/14/2013 14:44:58:838 000013be              RhoRuby| require_compiled: rhom/rhom
I/APP     ( 5031): I 03/14/2013 14:44:58:918 000013be              RhoRuby| require_compiled: rhom/rhom_model
I/APP     ( 5031): I 03/14/2013 14:44:58:986 000013be              RhoRuby| require_compiled: rhom
I/APP     ( 5031): I 03/14/2013 14:44:59:039 000013be              RhoRuby| require_compiled: rho/rhoapplication
I/APP     ( 5031): I 03/14/2013 14:44:59:111 000013be              RhoRuby| require_compiled: rholang/localization_simplified
I/APP     ( 5031): I 03/14/2013 14:44:59:186 000013be              RhoRuby| require_compiled: rho/rhomsg
W/NetworkManagementSocketTagger(   78): setKernelCountSet(10009, 0) failed with errno -2
I/APP     ( 5031): I 03/14/2013 14:44:59:257 000013be              RhoRuby| require_compiled: rho/rhotabbar
I/APP     ( 5031): I 03/14/2013 14:44:59:310 000013be              RhoRuby| require_compiled: rho/rhotoolbar
I/APP     ( 5031): I 03/14/2013 14:44:59:345 000013be                  APP| Current locale: ; Country code: 
I/APP     ( 5031): I 03/14/2013 14:44:59:374 000013be                  APP| Locilized file: /data/data/com.rhomobile.macotec/rhodata/lib/rholang/lang_
I/APP     ( 5031): I 03/14/2013 14:44:59:381 000013be              RhoRuby| require_compiled: /data/data/com.rhomobile.macotec/rhodata/lib/rholang/lang_en
I/APP     ( 5031): I 03/14/2013 14:44:59:439 000013be                  APP| Locilized file: /data/data/com.rhomobile.macotec/rhodata/apps/app/lang/lang_
I/APP     ( 5031): I 03/14/2013 14:44:59:476 000013be              RhoRuby| require_compiled: /data/data/com.rhomobile.macotec/rhodata/apps/app/lang/lang_en
I/APP     ( 5031): I 03/14/2013 14:44:59:533 000013be                  APP| Locilized file: /data/data/com.rhomobile.macotec/rhodata/lib/rholang/rhoerror_
I/APP     ( 5031): I 03/14/2013 14:44:59:557 000013be              RhoRuby| require_compiled: /data/data/com.rhomobile.macotec/rhodata/lib/rholang/rhoerror_en
I/APP     ( 5031): I 03/14/2013 14:44:59:588 000013be                  APP| Locilized file: /data/data/com.rhomobile.macotec/rhodata/lib/rholang/rhomsg_
I/APP     ( 5031): I 03/14/2013 14:44:59:626 000013be              RhoRuby| require_compiled: /data/data/com.rhomobile.macotec/rhodata/lib/rholang/rhomsg_en
I/APP     ( 5031): I 03/14/2013 14:44:59:655 000013be              RhoRuby| require_compiled: indifferent_access
I/APP     ( 5031): I 03/14/2013 14:44:59:744 000013be              RhoRuby| require_compiled: rho/rhosupport
I/APP     ( 5031): I 03/14/2013 14:44:59:844 000013be              RhoRuby| require_compiled: rho/rhocontroller
I/APP     ( 5031): I 03/14/2013 14:44:59:909 000013be              RhoRuby| require_compiled: rho/render
I/APP     ( 5031): I 03/14/2013 14:44:59:994 000013be              RhoRuby| require_compiled: rho/rho
I/APP     ( 5031): I 03/14/2013 14:45:00:258 000013be              RhoRuby| require_compiled: rho/rhoerror
I/APP     ( 5031): I 03/14/2013 14:45:00:311 000013be              RhoRuby| require_compiled: rhom/rhom_source
I/APP     ( 5031): I 03/14/2013 14:45:00:378 000013be              RhoRuby| require_compiled: rho/rhoviewhelpers
I/APP     ( 5031): I 03/14/2013 14:45:00:446 000013be              RhoRuby| require_compiled: rho
I/APP     ( 5031): I 03/14/2013 14:45:00:496 000013be                  APP| RHO loaded
I/APP     ( 5031): I 03/14/2013 14:45:00:501 000013be                  APP| Calling RHO.initialize
I/APP     ( 5031): I 03/14/2013 14:45:00:542 000013be                  APP| model file: Settings/settings
I/APP     ( 5031): I 03/14/2013 14:45:00:571 000013be                  APP| model file: Devproduct/devproduct
I/APP     ( 5031): I 03/14/2013 14:45:00:589 000013be                  APP| model file: Image/image
I/APP     ( 5031): I 03/14/2013 14:45:00:595 000013be                  APP| model file: Product/product
I/APP     ( 5031): I 03/14/2013 14:45:00:619 000013be                  APP| model file: Request/request
I/APP     ( 5031): I 03/14/2013 14:45:00:650 000013be                   DB| Open DB: /data/data/com.rhomobile.macotec/rhodata/db/syncdbuser.sqlite
I/APP     ( 5031): I 03/14/2013 14:45:00:682 000013be          GeoLocation| Creating singleton instance.
I/APP     ( 5031): I 03/14/2013 14:45:00:704 000013be            RhodesApp| Starting sync engine...
I/APP     ( 5031): I 03/14/2013 14:45:00:734 000013be                 Sync| sync_poll_interval: 0
I/APP     ( 5031): I 03/14/2013 14:45:00:757 000013be                 Sync| syncserver: 
I/APP     ( 5031): I 03/14/2013 14:45:00:776 000013be                 Sync| bulksync_state: 0
I/APP     ( 5031): I 03/14/2013 14:45:00:781 000013be            RhodesApp| RhoRubyInitApp...
I/APP     ( 5031): I 03/14/2013 14:45:00:809 000013be                  APP| init_app
I/APP     ( 5031): I 03/14/2013 14:45:00:816 000013be              RhoRuby| require_compiled: application
I/APP     ( 5031): I 03/14/2013 14:45:00:857 000013be                 Sync| Set notification. Source ID: -1;Url :http://localhost:8080/app/Settings/sync_notify; Params: 
I/APP     ( 5031): I 03/14/2013 14:45:00:888 000013be           HttpServer| Start HTTP server
I/APP     ( 5031): I 03/14/2013 14:45:00:908 000013be           HttpServer| Listen for connections on port 8080
I/APP     ( 5031): I 03/14/2013 14:45:00:931 000013be         AppCallbacks| addCommand: LOCAL-SERVER-STARTED
I/APP     ( 5031): I 03/14/2013 14:45:00:936 000013bc         AppCallbacks| process command: LOCAL-SERVER-STARTED
I/APP     ( 5031): I 03/14/2013 14:45:00:937 000013bc RhodesAppActiveObserver| Ready
I/APP     ( 5031): I 03/14/2013 14:45:00:942 000013a7 AndroidFunctionality| Disable WebView zoom
I/APP     ( 5031): I 03/14/2013 14:45:00:943 000013a7 AndroidFunctionality| Set web plugins state 'OFF'
I/APP     ( 5031): I 03/14/2013 14:45:01:003 000013bc    RhodesApplication| New AppState: AppActivated
I/APP     ( 5031): I 03/14/2013 14:45:01:008 000013bc         AppCallbacks| process command: UI-CREATED
V/EmulatedCamera_Factory(   38): getCameraInfo: id = 0
V/EmulatedCamera_Camera(   38): getCameraInfo
V/EmulatedCamera_Factory(   38): getCameraInfo: id = 0
V/EmulatedCamera_Camera(   38): getCameraInfo
I/CameraService(   38): Opening camera 0
V/EmulatedCamera_Factory(   38): cameraDeviceOpen: id = 0
V/EmulatedCamera_Camera(   38): connectCamera
V/EmulatedCamera_FakeDevice(   38): connectDevice
V/EmulatedCamera_CallbackNotifier(   38): setCallbacks: 0x405954e9, 0x40595f9d, 0x40595f01, 0x40597359 (0x1d0a0)
V/EmulatedCamera_CallbackNotifier(   38): enableMessage: msg_type = 0x40d
V/EmulatedCamera_CallbackNotifier(   38):     CAMERA_MSG_ERROR
V/EmulatedCamera_CallbackNotifier(   38):     CAMERA_MSG_FOCUS
V/EmulatedCamera_CallbackNotifier(   38):     CAMERA_MSG_ZOOM
V/EmulatedCamera_CallbackNotifier(   38):     CAMERA_MSG_PREVIEW_METADATA
V/EmulatedCamera_CallbackNotifier(   38): **** Currently enabled messages:
V/EmulatedCamera_CallbackNotifier(   38):     CAMERA_MSG_ERROR
V/EmulatedCamera_CallbackNotifier(   38):     CAMERA_MSG_FOCUS
V/EmulatedCamera_CallbackNotifier(   38):     CAMERA_MSG_ZOOM
V/EmulatedCamera_CallbackNotifier(   38):     CAMERA_MSG_PREVIEW_METADATA
I/AwesomePlayer(   38): setDataSource_l('/system/media/audio/ui/camera_click.ogg')
I/APP     ( 5031): I 03/14/2013 14:45:01:316 000013be           HttpServer| Process URI: '/system/uicreated'
I/APP     ( 5031): I 03/14/2013 14:45:01:335 000013be                  APP| on_ui_created.navigate to start url: '/app'
I/APP     ( 5031): I 03/14/2013 14:45:01:375 000013bc         AppCallbacks| process command: APP-ACTIVATED
I/APP     ( 5031): I 03/14/2013 14:45:01:452 000013be           HttpServer| Process URI: '/system/activateapp'
I/APP     ( 5031): I 03/14/2013 14:45:01:479 000013bc         AppCallbacks| ThreadQueue blocked for 4294967295 seconds...
I/AwesomePlayer(   38): setDataSource_l('/system/media/audio/ui/VideoRecord.ogg')
V/EmulatedCamera_CallbackNotifier(   38): disableMessage: msg_type = 0x10
V/EmulatedCamera_CallbackNotifier(   38):     CAMERA_MSG_PREVIEW_FRAME
V/EmulatedCamera_CallbackNotifier(   38): **** Currently enabled messages:
V/EmulatedCamera_CallbackNotifier(   38):     CAMERA_MSG_ERROR
V/EmulatedCamera_CallbackNotifier(   38):     CAMERA_MSG_FOCUS
V/EmulatedCamera_CallbackNotifier(   38):     CAMERA_MSG_ZOOM
V/EmulatedCamera_CallbackNotifier(   38):     CAMERA_MSG_PREVIEW_METADATA
V/EmulatedCamera_CallbackNotifier(   38): disableMessage: msg_type = 0xffff
V/EmulatedCamera_CallbackNotifier(   38):     CAMERA_MSG_ERROR
V/EmulatedCamera_CallbackNotifier(   38):     CAMERA_MSG_SHUTTER
V/EmulatedCamera_CallbackNotifier(   38):     CAMERA_MSG_FOCUS
V/EmulatedCamera_CallbackNotifier(   38):     CAMERA_MSG_ZOOM
V/EmulatedCamera_CallbackNotifier(   38):     CAMERA_MSG_PREVIEW_FRAME
V/EmulatedCamera_CallbackNotifier(   38):     CAMERA_MSG_VIDEO_FRAME
V/EmulatedCamera_CallbackNotifier(   38):     CAMERA_MSG_POSTVIEW_FRAME
V/EmulatedCamera_CallbackNotifier(   38):     CAMERA_MSG_RAW_IMAGE
V/EmulatedCamera_CallbackNotifier(   38):     CAMERA_MSG_COMPRESSED_IMAGE
V/EmulatedCamera_CallbackNotifier(   38):     CAMERA_MSG_RAW_IMAGE_NOTIFY
V/EmulatedCamera_CallbackNotifier(   38):     CAMERA_MSG_PREVIEW_METADATA
V/EmulatedCamera_CallbackNotifier(   38): **** Currently enabled messages:
V/EmulatedCamera_Camera(   38): doStopPreview
V/EmulatedCamera_Camera(   38): cancelPicture
V/EmulatedCamera_Camera(   38): releaseCamera
V/EmulatedCamera_Camera(   38): doStopPreview
V/EmulatedCamera_FakeDevice(   38): disconnectDevice
I/CameraService(   38): Destroying camera 0
V/EmulatedCamera_Camera(   38): closeCamera
V/EmulatedCamera_Camera(   38): doStopPreview
W/AudioFlinger(   38): session id 125 not found for pid 38
W/AudioFlinger(   38): session id 126 not found for pid 38
V/EmulatedCamera_Factory(   38): getCameraInfo: id = 0
V/EmulatedCamera_Camera(   38): getCameraInfo
I/APP     ( 5031): I 03/14/2013 14:45:02:110 000013a7         SplashScreen| navigate: url=http://localhost:8080/app
I/APP     ( 5031): I 03/14/2013 14:45:02:137 000013a7         SplashScreen| DELAY for SplashScreen = 0
I/APP     ( 5031): I 03/14/2013 14:45:02:182 000013a7        GoogleWebView| Creating new RhoWebChromeClient
I/APP     ( 5031): I 03/14/2013 14:45:02:310 000013a7       SimpleMainView| Cleared URL: http://localhost:8080/app
V/SimpleMainView.View( 5031): ms[1363268702516]  Main Window :: onSizeChanged() old [ 480 x 762 ]  new [ 0 x 0 ]
I/APP     ( 5031): I 03/14/2013 14:45:02:816 000013a7        GoogleWebView| Setting RhoWebChromeClient
I/APP     ( 5031): I 03/14/2013 14:45:03:447 000013be           HttpServer| Process URI: '/app'
I/APP     ( 5031): I 03/14/2013 14:45:03:986 000013a7     RhoWebViewClient| Loading URL: http://localhost:8080/app/index_erb.iseq
I/APP     ( 5031): I 03/14/2013 14:45:04:307 000013be           HttpServer| Process URI: '/app/index_erb.iseq'
I/APP     ( 5031): I 03/14/2013 14:45:04:523 000013be                  APP| RHO serve_index: /app/index_erb.iseq
I/APP     ( 5031): I 03/14/2013 14:45:04:646 000013be RHO Rho::RhoController| inst_render_index
I/APP     ( 5031): I 03/14/2013 14:45:05:306 000013be RHO Rho::RhoController| index layout
I/APP     ( 5031): I 03/14/2013 14:45:05:891 000013be           HttpServer| GC Start.
I/APP     ( 5031): I 03/14/2013 14:45:06:538 000013be           HttpServer| GC End.
I/APP     ( 5031): I 03/14/2013 14:45:07:262 000013be           HttpServer| Process URI: '/public/js/request.js'
I/APP     ( 5031): I 03/14/2013 14:45:07:409 000013be           HttpServer| Process URI: '/public/jquery/jquery-1.6.4.min.js'
I/APP     ( 5031): I 03/14/2013 14:45:07:522 000013be           HttpServer| Process URI: '/public/jquery/jquery.json-2.3.min.js'
I/APP     ( 5031): I 03/14/2013 14:45:07:597 000013be           HttpServer| Process URI: '/public/jqmobile/jquery.mobile-1.0.1.min.css'
I/APP     ( 5031): I 03/14/2013 14:45:07:675 000013be           HttpServer| Process URI: '/public/css/jqmobile-patch.css'
I/APP     ( 5031): I 03/14/2013 14:45:07:723 000013be           HttpServer| Process URI: '/public/jqmobile/jquery.mobile-1.0.1.min.js'
I/APP     ( 5031): I 03/14/2013 14:45:07:914 000013be           HttpServer| Process URI: '/public/js/jqmobile-patch.js'
I/APP     ( 5031): I 03/14/2013 14:45:07:960 000013be           HttpServer| Process URI: '/public/css/macotec_style.css'
I/APP     ( 5031): I 03/14/2013 14:45:10:823 000013be           HttpServer| Process URI: '/public/images/macotec/logo.png'
I/APP     ( 5031): I 03/14/2013 14:45:11:485 000013be           HttpServer| Process URI: '/public/images/macotec/request_top.png'
I/APP     ( 5031): I 03/14/2013 14:45:11:595 000013be           HttpServer| Process URI: '/public/images/macotec/contact_png.png'
I/APP     ( 5031): I 03/14/2013 14:45:11:659 000013be           HttpServer| Process URI: '/public/images/macotec/products_png.png'
I/APP     ( 5031): I 03/14/2013 14:45:11:683 000013be           HttpServer| Process URI: '/public/images/macotec/info_png.png'
I/APP     ( 5031): I 03/14/2013 14:45:11:742 000013be           HttpServer| Process URI: '/public/images/macotec/attention.png'
I/APP     ( 5031): I 03/14/2013 14:45:31:007 000013be           HttpServer| Process URI: '/app/Product'
I/APP     ( 5031): I 03/14/2013 14:45:31:014 000013be                  APP| RHO serve: /app/Product
I/APP     ( 5031): I 03/14/2013 14:45:31:101 000013be              RhoRuby| require_compiled: Product/product_controller
I/APP     ( 5031): I 03/14/2013 14:45:31:197 000013be              RhoRuby| require_compiled: helpers/browser_helper
I/APP     ( 5031): I 03/14/2013 14:45:31:272 000013be              RhoRuby| require_compiled: json
I/APP     ( 5031): I 03/14/2013 14:45:31:302 000013be              RhoRuby| require_compiled: json/common
I/APP     ( 5031): I 03/14/2013 14:45:31:499 000013be              RhoRuby| require_compiled: json/version
I/APP     ( 5031): I 03/14/2013 14:45:31:586 000013be              RhoRuby| require_compiled: json/pure
I/APP     ( 5031): I 03/14/2013 14:45:31:675 000013be              RhoRuby| require_compiled: json/pure/generator
I/APP     ( 5031): I 03/14/2013 14:45:31:860 000013be              RhoRuby| require_compiled: Connection/connection_controller
I/APP     ( 5031): I 03/14/2013 14:45:31:943 000013be              RhoRuby| require_compiled: date
I/APP     ( 5031): I 03/14/2013 14:45:32:004 000013be              RhoRuby| require_compiled: dateOrig
I/APP     ( 5031): I 03/14/2013 14:45:32:326 000013be              RhoRuby| require_compiled: date/format
D/dalvikvm( 5031): GC_CONCURRENT freed 936K, 8% free 12506K/13575K, paused 4ms+5ms
D/webviewglue( 5031): nativeDestroy view: 0x28ee40
I/APP     ( 5031): E 03/14/2013 14:45:32:696 000013be               RubyVM| lib/date.rb:14: warning: already initialized constant MONTHNAMES
I/APP     ( 5031): E 03/14/2013 14:45:32:702 000013be               RubyVM| lib/date.rb:15: warning: already initialized constant ABBR_MONTHNAMES
I/APP     ( 5031): E 03/14/2013 14:45:32:750 000013be               RubyVM| lib/date.rb:16: warning: already initialized constant DAYNAMES
I/APP     ( 5031): E 03/14/2013 14:45:32:777 000013be               RubyVM| lib/date.rb:17: warning: already initialized constant ABBR_DAYNAMES
I/APP     ( 5031): I 03/14/2013 14:45:32:807 000013be                  APP| const_missing: Product
I/APP     ( 5031): I 03/14/2013 14:45:32:830 000013be                  APP| load_model: Product
I/APP     ( 5031): I 03/14/2013 14:45:32:863 000013be              RhoRuby| require_compiled: Product/product
I/APP     ( 5031): I 03/14/2013 14:45:32:920 000013be                  APP| model name: Product
I/APP     ( 5031): I 03/14/2013 14:45:32:969 000013be                  APP| model class found
I/APP     ( 5031): I 03/14/2013 14:45:32:995 000013be                  APP| Product : {"schema"=>{"property"=>{"catalog_date"=>[:date, nil], "category"=>[:string, nil], "category_name"=>[:string, nil], "category_img_url"=>[:string, nil], "sub_category"=>[:string, nil], "sub_category_name"=>[:string, nil], "sub_category_img_url"=>[:string, nil], "details"=>[:string, nil], "details_name"=>[:string, nil], "detail_img_url"=>[:string, nil], "header"=>[:string, nil], "attribute_title_1"=>[:string, nil], "attribute_title_2"=>[:string, nil], "attribute_title_3"=>[:string, nil], "attribute_title_4"=>[:string, nil], "attribute_title_5"=>[:string, nil], "attribute_list_title"=>[:string, nil], "attribute_1"=>[:string, nil], "attribute_2"=>[:string, nil], "attribute_3"=>[:string, nil], "attribute_4"=>[:string, nil], "attribute_5"=>[:string, nil], "attribute_list"=>[:string, nil]}}}
I/APP     ( 5031): I 03/14/2013 14:45:33:032 000013be                   DB| Open DB: /data/data/com.rhomobile.macotec/rhodata/db/syncdblocal.sqlite
I/APP     ( 5031): I 03/14/2013 14:45:33:088 000013be                  APP| init_db_sources
I/APP     ( 5031): I 03/14/2013 14:45:33:181 000013be                  APP| start_id: 40005
I/APP     ( 5031): I 03/14/2013 14:45:33:208 000013be                  APP| Migrate schema sources: {}
I/APP     ( 5031): I 03/14/2013 14:45:33:275 000013be                  APP| false
I/APP     ( 5031): I 03/14/2013 14:45:33:313 000013be                  APP| true
I/APP     ( 5031): I 03/14/2013 14:45:33:393 000013be                  APP| true
I/APP     ( 5031): I 03/14/2013 14:45:33:437 000013be            AsyncHttp| addCommand: GET
I/APP     ( 5031): I 03/14/2013 14:45:33:481 000013cc            AsyncHttp| Starting main routine...
I/APP     ( 5031): I 03/14/2013 14:45:33:502 000013cc                  Net| GET request (Pull): http://www.datenloft.com/macotec/catalog.php
I/APP     ( 5031): I 03/14/2013 14:45:33:596 000013be           HttpServer| GC Start.
I/APP     ( 5031): I 03/14/2013 14:45:33:719 000013be           HttpServer| GC End.
I/APP     ( 5031): I 03/14/2013 14:45:33:980 000013be           HttpServer| Process URI: '/public/images/macotec/macotec_loader.gif'
I/APP     ( 5031): I 03/14/2013 14:45:34:059 000013be           HttpServer| Process URI: '/app/Product/http_callback'
I/APP     ( 5031): I 03/14/2013 14:45:34:081 000013be                  APP| RHO serve: /app/Product/http_callback
I/APP     ( 5031): I 03/14/2013 14:45:34:198 000013be                  APP| Params: {"rho_callback"=>"1", "status"=>"ok", "http_error"=>"200", "headers"=>{"Content-Type"=>"application/x-www-form-urlencoded", "User-Agent"=>"Mozilla-5.0 (ANDROID; unknown generic; 4.0.4)", "charset"=>"UTF-8", "connection"=>"Keep-Alive", "content-type"=>"application/json", "date"=>"Thu, 14 Mar 2013 13:45:34 GMT", "keep-alive"=>"timeout=3, max=100", "server"=>"Apache/2.2.21 (Unix) mod_ssl/2.2.21 OpenSSL/0.9.8r", "transfer-encoding"=>"chunked", "x-pad"=>"avoid browser bug", "x-powered-by"=>"PHP/5.2.17"}, "__rho_object"=>{"body"=>"0"}}
I/APP     ( 5031): I 03/14/2013 14:45:34:315 000013be                  APP| ################# {"rho_callback"=>"1", "status"=>"ok", "http_error"=>"200", "headers"=>{"Content-Type"=>"application/x-www-form-urlencoded", "User-Agent"=>"Mozilla-5.0 (ANDROID; unknown generic; 4.0.4)", "charset"=>"UTF-8", "connection"=>"Keep-Alive", "content-type"=>"application/json", "date"=>"Thu, 14 Mar 2013 13:45:34 GMT", "keep-alive"=>"timeout=3, max=100", "server"=>"Apache/2.2.21 (Unix) mod_ssl/2.2.21 OpenSSL/0.9.8r", "transfer-encoding"=>"chunked", "x-pad"=>"avoid browser bug", "x-powered-by"=>"PHP/5.2.17"}, "body"=>"{\n    \"product1\": {\n        \"category\": \"working_platforms\",\n        \"category_name\": \"Arbeitsb\xC3\xBChnen\",\n        \"category_img_url\": \"\",\n        \"sub_category\": \"scissorslifts\",\n        \"sub_category_name\": \"Scherenb\xC3\xBChnen\",\n        \"sub_category_img_url\": \"\",\n        \"details\": \"scissors_lifts_diesel\",\n        \"details_name\": \"Scherenb\xC3\xBChne Diesel\",\n        \"detail_img_url\": \"http://www.maco-tec.de/images/content_pics/scherenbuehne_diesel_gr.jpg\",\n        \"header\": \"SCHERENB\xC3\x9CHNE DIESEL\",\n        \"attribute_1\": \"10,0 m - 33,0 m\",\n        \"attribute_title_1\": \"Arbeitsh\xC3\xB6he\",\n        \"attribute_2\": \"560 Kg - 1000 Kg\",\n        \"attribute_title_2\": \"Hublast\",\n        \"attribute_3\": \"3500 Kg - 33000 Kg\",\n        \"attribute_title_3\": \"Leergewicht\",\n        \"attribute_4\": \"Diesel\",\n        \"attribute_title_4\": \"Antrieb\",\n        \"attribute_5\": \"\",\n        \"attribute_title_5\": \"\",\n        \"attribute_list_title\": \"Ausstattungs-M\xC3\xB6glichkeiten\",\n        \"attribute_list\": \"4WD,Pendelachse,Differentialsperre,schmale oder breite Bauweise\"\n    },\n    \"product2\": {\n        \"category\": \"working_platforms\",\n        \"category_name\": \"Arbeitsb\xC3\xBChnen\",\n        \"category_img_url\": \"\",\n        \"sub_category\": \"scissorslifts\",\n        \"sub_category_name\": \"Scherenb\xC3\xBChnen\",\n        \"sub_category_img_url\": \"\",\n        \"details\": \"scissors_lifts_electro\",\n        \"details_name\": \"Scherenb\xC3\xBChne Elektro\",\n        \"detail_img_url\": \"http://www.maco-tec.de/images/content_pics/scherenbuehne_elektro_diesel_gr.jpg\",\n        \"header\": \"SCHERENB\xC3\x9CHNE ELEKTRO\",\n        \"attribute_1\": \"4,8 m - 28,0 m\",\n        \"attribute_title_1\": \"Arbeitsh\xC3\xB6he\",\n        \"attribute_2\": \"180 Kg - 750 Kg\",\n        \"attribute_title_2\": \"Hublast\",\n        \"attribute_3\": \"450 Kg - 18700 Kg\",\n        \"attribute_title_3\": \"Leergewicht\",\n        \"attribute_4\": \"Elektro\",\n        \"attribute_title_4\": \"Antrieb\",\n        \"attribute_5\": \"\",\n        \"attribute_title_5\": \"\",\n        \"attribute_list_title\": \"Ausstattungs-M\xC3\xB6glichkeiten\",\n        \"attribute_list\": \"4WD,Pendelachse,Differentialsperre,hydraulischer Niveauausgleich\"\n    },\n    \"product3\": {\n        \"category\": \"working_platforms\",\n        \"category_name\": \"Arbeitsb\xC3\xBChnen\",\n        \"category_img_url\": \"\",\n        \"sub_category\": \"telescopic_platforms\",\n        \"sub_category_name\": \"Teleskopb\xC3\xBChnen\",\n        \"sub_category_img_url\": \"\",\n        \"details\": \"telescopic_platform_diesel\",\n        \"details_name\": \"Teleskopb\xC3\xBChne Diesel\",\n        \"detail_img_url\": \"http://www.maco-tec.de/images/content_pics/teleskopbuehne_elektro_diesel_gr.jpg\",\n        \"header\": \"TELESKOPB\xC3\x9CHNE DIESEL\",\n        \"attribute_1\": \"14,0 m - 47,6 m\",\n        \"attribute_title_1\": \"Arbeitsh\xC3\xB6he\",\n        \"attribute_2\": \"10,4 m - 24,4 m\",\n        \"attribute_title_2\": \"seitliche Reichweite\",\n        \"attribute_3\": \"230 Kg - 450 Kg\",\n        \"attribute_title_3\": \"Korblast\",\n        \"attribute_4\": \"Diesel\",\n        \"attribute_title_4\": \"Antrieb\",\n        \"attribute_5\": \"6000 Kg - 21750 Kg\",\n        \"attribute_title_5\": \"Eigengewicht\",\
I/APP     ( 5031): I 03/14/2013 14:45:34:407 000013be                  APP| ::::::::::::::::::::::: update_product_list
E/libEGL  ( 5031): call to OpenGL ES API with no current context (logged once per thread)
D/ShaderProgram( 5031): couldn't load the vertex shader!
E/libEGL  ( 5031): call to OpenGL ES API with no current context (logged once per thread)
D/ShaderProgram( 5031): couldn't load the vertex shader!
E/libEGL  ( 5031): call to OpenGL ES API with no current context (logged once per thread)
D/ShaderProgram( 5031): couldn't load the vertex shader!
E/libEGL  ( 5031): call to OpenGL ES API with no current context (logged once per thread)
D/ShaderProgram( 5031): couldn't load the vertex shader!
E/libEGL  ( 5031): call to OpenGL ES API with no current context (logged once per thread)
D/ShaderProgram( 5031): couldn't load the vertex shader!
I/APP     ( 5031): I 03/14/2013 14:45:39:854 000013cc            AsyncHttp| ThreadQueue blocked for 4294967295 seconds...
I/APP     ( 5031): I 03/14/2013 14:45:39:861 000013be           HttpServer| GC Start.
I/APP     ( 5031): I 03/14/2013 14:45:39:948 000013a7       SimpleMainView| Cleared URL: http://localhost:8080/app/Product
I/APP     ( 5031): I 03/14/2013 14:45:40:122 000013be           HttpServer| GC End.
I/APP     ( 5031): I 03/14/2013 14:45:40:127 000013be           HttpServer| Process URI: '/app/Product'
I/APP     ( 5031): I 03/14/2013 14:45:40:172 000013be                  APP| RHO serve: /app/Product
I/APP     ( 5031): I 03/14/2013 14:45:40:339 000013be RHO ProductController| Layout file: /data/data/com.rhomobile.macotec/rhodata/apps/app/layout_erb.iseq. Content size: 3718
I/APP     ( 5031): I 03/14/2013 14:45:40:416 000013be           HttpServer| GC Start.
I/APP     ( 5031): I 03/14/2013 14:45:40:497 000013be           HttpServer| GC End.
I/APP     ( 5031): I 03/14/2013 14:45:42:356 000013be           HttpServer| Process URI: '/public/jqmobile/images/icons-36-white.png'
I/APP     ( 5031): I 03/14/2013 14:45:46:081 000013be           HttpServer| Process URI: '/app/index_erb.iseq'
I/APP     ( 5031): I 03/14/2013 14:45:46:148 000013be                  APP| RHO serve_index: /app/index_erb.iseq
I/APP     ( 5031): I 03/14/2013 14:45:46:204 000013be RHO Rho::RhoController| inst_render_index
I/APP     ( 5031): I 03/14/2013 14:45:46:419 000013be           HttpServer| GC Start.
I/APP     ( 5031): I 03/14/2013 14:45:46:504 000013be           HttpServer| GC End.
I/APP     ( 5031): I 03/14/2013 14:46:06:301 000013be           HttpServer| Process URI: '/app/index_erb.iseq'
I/APP     ( 5031): I 03/14/2013 14:46:06:305 000013be                  APP| RHO serve_index: /app/index_erb.iseq
I/APP     ( 5031): I 03/14/2013 14:46:06:361 000013be RHO Rho::RhoController| inst_render_index
I/APP     ( 5031): I 03/14/2013 14:46:06:516 000013be           HttpServer| GC Start.
I/APP     ( 5031): I 03/14/2013 14:46:06:644 000013be           HttpServer| GC End.
I/APP     ( 5031): I 03/14/2013 14:46:11:287 000013a7   RhoWebChromeClient| Uncaught ReferenceError: delete_catalog is not defined -- From line 1 of http://localhost:8080/app/Product
E/Web Console( 5031): Uncaught ReferenceError: delete_catalog is not defined at http://localhost:8080/app/Product:1
D/dalvikvm(  161): GC_CONCURRENT freed 385K, 6% free 9533K/10119K, paused 5ms+4ms
I/APP     ( 5031): I 03/14/2013 14:46:15:619 000013be           HttpServer| Process URI: '/app/Menu/info'
I/APP     ( 5031): I 03/14/2013 14:46:15:621 000013be                  APP| RHO serve: /app/Menu/info
I/APP     ( 5031): I 03/14/2013 14:46:15:713 000013be              RhoRuby| require_compiled: Menu/menu_controller
I/APP     ( 5031): I 03/14/2013 14:46:15:914 000013be           HttpServer| GC Start.
I/APP     ( 5031): I 03/14/2013 14:46:15:998 000013be           HttpServer| GC End.
I/APP     ( 5031): I 03/14/2013 14:46:18:034 000013a7       SimpleMainView| Cleared URL: http://localhost:8080/app
I/APP     ( 5031): I 03/14/2013 14:46:18:111 000013a7     RhoWebViewClient| Loading URL: http://localhost:8080/app/index_erb.iseq
I/APP     ( 5031): I 03/14/2013 14:46:18:150 000013be           HttpServer| Process URI: '/app/index_erb.iseq'
I/APP     ( 5031): I 03/14/2013 14:46:18:153 000013be                  APP| RHO serve_index: /app/index_erb.iseq
I/APP     ( 5031): I 03/14/2013 14:46:18:155 000013be RHO Rho::RhoController| inst_render_index
I/APP     ( 5031): I 03/14/2013 14:46:18:274 000013be RHO Rho::RhoController| index layout
I/APP     ( 5031): I 03/14/2013 14:46:18:385 000013be           HttpServer| GC Start.
I/APP     ( 5031): I 03/14/2013 14:46:18:467 000013be           HttpServer| GC End.
I/APP     ( 5031): I 03/14/2013 14:46:22:665 000013be           HttpServer| Process URI: '/app/Product/delete_catalog'
I/APP     ( 5031): I 03/14/2013 14:46:22:667 000013be                  APP| RHO serve: /app/Product/delete_catalog
I/APP     ( 5031): I 03/14/2013 14:46:22:670 000013be                  APP| ::::::::::::::::: delete catalog...
I/APP     ( 5031): I 03/14/2013 14:46:23:236 000013be           HttpServer| GC Start.
I/APP     ( 5031): I 03/14/2013 14:46:23:311 000013be           HttpServer| GC End.
I/APP     ( 5031): I 03/14/2013 14:46:27:331 000013be           HttpServer| Process URI: '/app/Product'
I/APP     ( 5031): I 03/14/2013 14:46:27:333 000013be                  APP| RHO serve: /app/Product
I/APP     ( 5031): I 03/14/2013 14:46:27:382 000013be                  APP| false
I/APP     ( 5031): I 03/14/2013 14:46:27:414 000013be                  APP| true
I/APP     ( 5031): I 03/14/2013 14:46:27:469 000013be                  APP| true
I/APP     ( 5031): I 03/14/2013 14:46:27:513 000013be            AsyncHttp| addCommand: GET
I/APP     ( 5031): I 03/14/2013 14:46:27:548 000013cc                  Net| GET request (Pull): http://www.datenloft.com/macotec/catalog.php
I/APP     ( 5031): E 03/14/2013 14:46:27:639 000013cc                  Net| Operation finished with error 7: Couldn't connect to server
I/APP     ( 5031): E 03/14/2013 14:46:27:660 000013cc                  Net|   CURLNetRequest: METHOD = [GET] URL = [http://www.datenloft.com/macotec/catalog.php] BODY = []
I/APP     ( 5031): I 03/14/2013 14:46:27:687 000013be           HttpServer| GC Start.
I/APP     ( 5031): E 03/14/2013 14:46:27:741 000013cc        RhodesService| PING network FAILED.
I/APP     ( 5031): I 03/14/2013 14:46:27:867 000013be           HttpServer| GC End.
I/APP     ( 5031): I 03/14/2013 14:46:27:888 000013be           HttpServer| Process URI: '/app/Product/http_callback'
I/APP     ( 5031): I 03/14/2013 14:46:27:916 000013be                  APP| RHO serve: /app/Product/http_callback
I/APP     ( 5031): I 03/14/2013 14:46:27:951 000013be                  APP| Params: {"rho_callback"=>"1", "status"=>"error", "error_code"=>"1", "headers"=>{"Content-Type"=>"application/x-www-form-urlencoded", "User-Agent"=>"Mozilla-5.0 (ANDROID; unknown generic; 4.0.4)", "charset"=>"UTF-8"}, "__rho_object"=>{"body"=>"0"}}
I/APP     ( 5031): I 03/14/2013 14:46:28:001 000013be                  APP| ################# {"rho_callback"=>"1", "status"=>"error", "error_code"=>"1", "headers"=>{"Content-Type"=>"application/x-www-form-urlencoded", "User-Agent"=>"Mozilla-5.0 (ANDROID; unknown generic; 4.0.4)", "charset"=>"UTF-8"}, "body"=>""}
I/APP     ( 5031): I 03/14/2013 14:46:28:007 000013be                  APP| ################## Alert
I/APP     ( 5031): I 03/14/2013 14:46:28:058 000013cc            AsyncHttp| ThreadQueue blocked for 4294967295 seconds...
I/APP     ( 5031): I 03/14/2013 14:46:28:085 000013be           HttpServer| GC Start.
I/APP     ( 5031): I 03/14/2013 14:46:28:180 000013be           HttpServer| GC End.
I/APP     ( 5031): I 03/14/2013 14:46:28:274 000013a7       SimpleMainView| Cleared URL: http://localhost:8080/app/Product/catalog_failure
I/APP     ( 5031): I 03/14/2013 14:46:28:682 000013be           HttpServer| Process URI: '/app/Product/catalog_failure'
I/APP     ( 5031): I 03/14/2013 14:46:28:684 000013be                  APP| RHO serve: /app/Product/catalog_failure
I/APP     ( 5031): I 03/14/2013 14:46:28:820 000013be RHO ProductController| Layout file: /data/data/com.rhomobile.macotec/rhodata/apps/app/layout_erb.iseq. Content size: 3013
I/APP     ( 5031): I 03/14/2013 14:46:28:885 000013be           HttpServer| GC Start.
I/APP     ( 5031): I 03/14/2013 14:46:28:970 000013be           HttpServer| GC End.
I/APP     ( 5031): I 03/14/2013 14:46:30:147 000013be           HttpServer| Process URI: '/public/images/macotec/failed_smiley.png'
I/APP     ( 5031): I 03/14/2013 14:46:39:658 000013a7       SimpleMainView| Cleared URL: http://localhost:8080/app
I/APP     ( 5031): I 03/14/2013 14:46:39:719 000013a7     RhoWebViewClient| Loading URL: http://localhost:8080/app/index_erb.iseq
I/APP     ( 5031): I 03/14/2013 14:46:39:771 000013be           HttpServer| Process URI: '/app/index_erb.iseq'
I/APP     ( 5031): I 03/14/2013 14:46:39:774 000013be                  APP| RHO serve_index: /app/index_erb.iseq
I/APP     ( 5031): I 03/14/2013 14:46:39:775 000013be RHO Rho::RhoController| inst_render_index
I/APP     ( 5031): I 03/14/2013 14:46:39:902 000013be RHO Rho::RhoController| index layout
I/APP     ( 5031): I 03/14/2013 14:46:40:044 000013be           HttpServer| GC Start.
I/APP     ( 5031): I 03/14/2013 14:46:40:128 000013be           HttpServer| GC End.
I/APP     ( 5031): I 03/14/2013 14:47:29:643 000013be           HttpServer| Process URI: '/app/Request/request'
I/APP     ( 5031): I 03/14/2013 14:47:29:645 000013be                  APP| RHO serve: /app/Request/request
I/APP     ( 5031): I 03/14/2013 14:47:29:698 000013be              RhoRuby| require_compiled: Request/request_controller
I/APP     ( 5031): I 03/14/2013 14:47:29:870 000013be              RhoRuby| require_compiled: time
I/APP     ( 5031): I 03/14/2013 14:47:30:234 000013be           HttpServer| GC Start.
I/APP     ( 5031): I 03/14/2013 14:47:30:331 000013be           HttpServer| GC End.
I/APP     ( 5031): I 03/14/2013 14:47:30:785 000013be           HttpServer| Process URI: '/public/images/macotec/forklifter_full.png'
I/APP     ( 5031): I 03/14/2013 14:47:30:865 000013be           HttpServer| Process URI: '/public/images/macotec/request_contract.png'
I/APP     ( 5031): I 03/14/2013 14:47:33:296 000013be           HttpServer| Process URI: '/app/Request/request_rental'
I/APP     ( 5031): I 03/14/2013 14:47:33:303 000013be                  APP| RHO serve: /app/Request/request_rental
I/APP     ( 5031): I 03/14/2013 14:47:33:355 000013be                  APP| const_missing: Settings
I/APP     ( 5031): I 03/14/2013 14:47:33:394 000013be                  APP| load_model: Settings
I/APP     ( 5031): I 03/14/2013 14:47:33:444 000013be              RhoRuby| require_compiled: Settings/settings
I/APP     ( 5031): I 03/14/2013 14:47:33:557 000013be                  APP| model name: Settings
I/APP     ( 5031): I 03/14/2013 14:47:33:596 000013be                  APP| model class found
I/APP     ( 5031): I 03/14/2013 14:47:33:618 000013be                  APP| Settings : {"schema"=>{"property"=>{"company"=>[:string, nil], "phone"=>[:string, nil], "email"=>[:string, nil]}}}
I/APP     ( 5031): I 03/14/2013 14:47:33:654 000013be                  APP| init_db_sources
I/APP     ( 5031): I 03/14/2013 14:47:33:690 000013be                  APP| start_id: 40005
I/APP     ( 5031): I 03/14/2013 14:47:33:717 000013be                  APP| Migrate schema sources: {}
I/APP     ( 5031): I 03/14/2013 14:47:34:064 000013be           HttpServer| GC Start.
I/APP     ( 5031): I 03/14/2013 14:47:34:177 000013be           HttpServer| GC End.
D/dalvikvm(  134): GC_FOR_ALLOC freed 308K, 30% free 9820K/14023K, paused 125ms
D/dalvikvm(   78): GC_CONCURRENT freed 419K, 14% free 11427K/13255K, paused 5ms+17ms
E/ActivityThread(  148): Failed to find provider info for com.android.inputmethod.latin.dictionarypack
E/BinaryDictionaryGetter(  148): Could not find a dictionary pack
I/APP     ( 5031): I 03/14/2013 14:47:57:046 000013be           HttpServer| Process URI: '/app/Request/submit_request_rental'
I/APP     ( 5031): I 03/14/2013 14:47:57:052 000013be                  APP| RHO serve: /app/Request/submit_request_rental
I/APP     ( 5031): I 03/14/2013 14:47:57:103 000013be                  APP| Params: {"product"=>"nothing", "rental_begin"=>"", "operation_period"=>"", "amount_product"=>"", "location"=>"", "information"=>"", "hiddenImagePath"=>"", "company"=>"oliver", "phone"=>"0234234", "email"=>"oliver@hase.de"}
I/APP     ( 5031): I 03/14/2013 14:47:57:145 000013be            AsyncHttp| addCommand: POST
I/APP     ( 5031): I 03/14/2013 14:47:57:180 000013cc                  Net| POST request (Pull): http://www.datenloft.com/macotec/send_request_rental_test.php
I/APP     ( 5031): E 03/14/2013 14:47:57:206 000013cc                  Net| Operation finished with error 7: Couldn't connect to server
I/APP     ( 5031): E 03/14/2013 14:47:57:225 000013cc                  Net|   CURLNetRequest: METHOD = [POST] URL = [http://www.datenloft.com/macotec/send_request_rental_test.php] BODY = [subject=Mietanfrage aus Maco-Tec App&product=nothing&rental_begin=&operation_period=&amount_product=&location=&company=oliver&phone=0234234&email=oliver@hase.de&information=&app_version_key=dc82454ae476ef735341a904b6d1b230]
I/APP     ( 5031): E 03/14/2013 14:47:57:276 000013cc        RhodesService| PING network FAILED.
I/APP     ( 5031): I 03/14/2013 14:47:57:331 000013be           HttpServer| GC Start.
I/APP     ( 5031): I 03/14/2013 14:47:57:432 000013be           HttpServer| GC End.
I/APP     ( 5031): I 03/14/2013 14:47:57:463 000013be           HttpServer| Process URI: '/app/Request/http_callback'
I/APP     ( 5031): I 03/14/2013 14:47:57:515 000013be                  APP| RHO serve: /app/Request/http_callback
I/APP     ( 5031): I 03/14/2013 14:47:57:598 000013be                  APP| Params: {"rho_callback"=>"1", "status"=>"error", "error_code"=>"1", "headers"=>{"Content-Type"=>"application/x-www-form-urlencoded", "User-Agent"=>"Mozilla-5.0 (ANDROID; unknown generic; 4.0.4)", "charset"=>"UTF-8"}, "__rho_object"=>{"body"=>"0"}}
D/dalvikvm(  134): GC_FOR_ALLOC freed 408K, 31% free 9788K/14023K, paused 230ms
I/APP     ( 5031): I 03/14/2013 14:48:01:671 000013be                  APP| App error: undefined method `each' for #<String:0x4b03a398>
I/APP     ( 5031):  lib/rho/rhoviewhelpers.rb:181:in `query_to_s'
I/APP     ( 5031): lib/rho/rhoviewhelpers.rb:136:in `url_for'
I/APP     ( 5031): apps/app/Request/request_controller.rb:103:in `http_callback'
I/APP     ( 5031): lib/rho/rhocontroller.rb:104:in `serve'
I/APP     ( 5031): lib/rho/rhoapplication.rb:226:in `serve'
I/APP     ( 5031): lib/rho/rho.rb:879:in `serve'
I/APP     ( 5031): E 03/14/2013 14:48:01:716 000013cc                  Net| Request failed. HTTP Code: 500 returned. HTTP Response:         <html>
I/APP     ( 5031):             <head>
I/APP     ( 5031):                 <meta name="viewport" content="width=320"/>
I/APP     ( 5031):             </head>
I/APP     ( 5031):             <body>
I/APP     ( 5031):                 <h2>Server Error</h2>
I/APP     ( 5031):                 <p>
I/APP     ( 5031): Error: undefined method `each' for #<String:0x4b03a398><br/>Trace: <br/>
I/APP     ( 5031): lib/rho/rhoviewhelpers.rb:181:in `query_to_s'<br/>
I/APP     ( 5031): lib/rho/rhoviewhelpers.rb:136:in `url_for'<br/>
I/APP     ( 5031): apps/app/Request/request_controller.rb:103:in `http_callback'<br/>
I/APP     ( 5031): lib/rho/rhocontroller.rb:104:in `serve'<br/>
I/APP     ( 5031): lib/rho/rhoapplication.rb:226:in `serve'<br/>
I/APP     ( 5031): lib/rho/rho.rb:879:in `serve'                </p>    
I/APP     ( 5031):             </body>
I/APP     ( 5031):         </html>
I/APP     ( 5031):         
I/APP     ( 5031): 
I/APP     ( 5031): I 03/14/2013 14:48:01:749 000013cc            AsyncHttp| ThreadQueue blocked for 4294967295 seconds...
I/APP     ( 5031): I 03/14/2013 14:48:01:795 000013be           HttpServer| GC Start.
I/APP     ( 5031): I 03/14/2013 14:48:01:940 000013be           HttpServer| GC End.
I/APP     ( 5031): I 03/14/2013 14:48:34:173 000013be           HttpServer| Process URI: '/app/Request/request_rental'
I/APP     ( 5031): I 03/14/2013 14:48:34:221 000013be                  APP| RHO serve: /app/Request/request_rental
I/APP     ( 5031): I 03/14/2013 14:48:34:616 000013be           HttpServer| GC Start.
I/APP     ( 5031): I 03/14/2013 14:48:34:711 000013be           HttpServer| GC End.
I/APP     ( 5031): I 03/14/2013 14:48:46:041 000013be           HttpServer| Process URI: '/app/index_erb.iseq'
I/APP     ( 5031): I 03/14/2013 14:48:46:049 000013be                  APP| RHO serve_index: /app/index_erb.iseq
I/APP     ( 5031): I 03/14/2013 14:48:46:098 000013be RHO Rho::RhoController| inst_render_index
I/APP     ( 5031): I 03/14/2013 14:48:46:321 000013be           HttpServer| GC Start.
I/APP     ( 5031): I 03/14/2013 14:48:46:417 000013be           HttpServer| GC End.
I/APP     ( 5031): I 03/14/2013 14:49:13:843 000013be           HttpServer| Process URI: '/app/Product'
I/APP     ( 5031): I 03/14/2013 14:49:13:947 000013be                  APP| RHO serve: /app/Product
I/APP     ( 5031): I 03/14/2013 14:49:14:140 000013be                  APP| false
I/APP     ( 5031): I 03/14/2013 14:49:14:223 000013be                  APP| true
I/APP     ( 5031): I 03/14/2013 14:49:14:265 000013be                  APP| true
I/APP     ( 5031): I 03/14/2013 14:49:14:307 000013be            AsyncHttp| addCommand: GET
I/APP     ( 5031): I 03/14/2013 14:49:14:335 000013cc                  Net| GET request (Pull): http://www.datenloft.com/macotec/catalog.php
I/APP     ( 5031): I 03/14/2013 14:49:14:427 000013be           HttpServer| GC Start.
I/APP     ( 5031): I 03/14/2013 14:49:14:512 000013be           HttpServer| GC End.
D/dalvikvm( 5031): GC_CONCURRENT freed 1012K, 9% free 12561K/13703K, paused 26ms+50ms
I/APP     ( 5031): I 03/14/2013 14:49:35:828 000013be           HttpServer| Process URI: '/app/Product/http_callback'
I/APP     ( 5031): I 03/14/2013 14:49:35:866 000013be                  APP| RHO serve: /app/Product/http_callback
I/APP     ( 5031): I 03/14/2013 14:49:35:988 000013be                  APP| Params: {"rho_callback"=>"1", "status"=>"ok", "http_error"=>"200", "headers"=>{"Content-Type"=>"application/x-www-form-urlencoded", "User-Agent"=>"Mozilla-5.0 (ANDROID; unknown generic; 4.0.4)", "charset"=>"UTF-8", "connection"=>"Keep-Alive", "content-type"=>"application/json", "date"=>"Thu, 14 Mar 2013 13:49:36 GMT", "keep-alive"=>"timeout=3, max=100", "server"=>"Apache/2.2.21 (Unix) mod_ssl/2.2.21 OpenSSL/0.9.8r", "transfer-encoding"=>"chunked", "x-pad"=>"avoid browser bug", "x-powered-by"=>"PHP/5.2.17"}, "__rho_object"=>{"body"=>"0"}}
