I/APP     ( 2290): I 02/06/2013 12:18:06:272 00000909                  APP| Params: {"button_id"=>"Ok", "button_title"=>"Ok", "rho_callback"=>"1"}
I/APP     ( 2290): I 02/06/2013 12:18:06:304 00000909                  APP| popup_callback: id: 'Ok', title: 'Ok'
I/APP     ( 2290): I 02/06/2013 12:18:06:342 000008f2       SimpleMainView| Cleared URL: javascript:setFieldValue("date","");
I/APP     ( 2290): I 02/06/2013 12:18:06:363 00000909           HttpServer| GC Start.
I/APP     ( 2290): I 02/06/2013 12:18:06:398 000008f2       SimpleMainView| Cleared URL: http://localhost:8080/app
W/WindowManager(   78): Failure taking screenshot for (180x273) to layer 21020
V/PhoneStatusBar(  136): setLightsOn(true)
I/APP     ( 2290): I 02/06/2013 12:18:06:571 00000909           HttpServer| GC End.
I/APP     ( 2290): I 02/06/2013 12:18:06:754 000008f2       RhodesActivity| onResume
I/APP     ( 2290): I 02/06/2013 12:18:06:755 000008f2 AndroidFunctionality| Resume WebView
I/Process (   78): Sending signal. PID: 2290 SIG: 3
I/dalvikvm( 2290): threadid=3: reacting to signal 3
I/dalvikvm( 2290): Wrote stack traces to '/data/anr/traces.txt'
I/APP     ( 2290): I 02/06/2013 12:18:07:317 000008f2     RhoWebViewClient| Loading URL: http://localhost:8080/app/index_erb.iseq
I/APP     ( 2290): I 02/06/2013 12:18:07:353 00000909           HttpServer| Process URI: '/app/index_erb.iseq'
I/APP     ( 2290): I 02/06/2013 12:18:07:356 00000909                  APP| RHO serve_index: /app/index_erb.iseq
I/APP     ( 2290): I 02/06/2013 12:18:07:357 00000909 RHO Rho::RhoController| inst_render_index
I/APP     ( 2290): I 02/06/2013 12:18:07:464 00000909 RHO Rho::RhoController| index layout
I/APP     ( 2290): I 02/06/2013 12:18:07:594 00000909           HttpServer| GC Start.
I/APP     ( 2290): I 02/06/2013 12:18:07:649 00000909           HttpServer| GC End.
I/APP     ( 2290): I 02/06/2013 12:18:12:144 00000909           HttpServer| Process URI: '/app/Request/request'
I/APP     ( 2290): I 02/06/2013 12:18:12:148 00000909                  APP| RHO serve: /app/Request/request
I/APP     ( 2290): I 02/06/2013 12:18:12:244 00000909           HttpServer| GC Start.
I/APP     ( 2290): I 02/06/2013 12:18:12:297 00000909           HttpServer| GC End.
D/dalvikvm(   78): GC_CONCURRENT freed 363K, 13% free 11355K/12935K, paused 19ms+8ms
W/ThrottleService(   78): unable to find stats for iface rmnet0
I/APP     ( 2290): I 02/06/2013 12:21:46:398 00000909           HttpServer| Process URI: '/app/Request/request'
I/APP     ( 2290): I 02/06/2013 12:21:46:400 00000909                  APP| RHO serve: /app/Request/request
I/APP     ( 2290): I 02/06/2013 12:21:46:493 00000909           HttpServer| GC Start.
I/APP     ( 2290): I 02/06/2013 12:21:46:542 00000909           HttpServer| GC End.
I/APP     ( 2290): I 02/06/2013 12:21:50:536 00000909           HttpServer| Process URI: '/app/Request/popup'
I/APP     ( 2290): I 02/06/2013 12:21:50:538 00000909                  APP| RHO serve: /app/Request/popup
I/APP     ( 2290): I 02/06/2013 12:21:50:590 00000909                  APP| Params: {"flag"=>"1", "title"=>"Mietbeginn", "field_key"=>"date"}
I/ActivityManager(   78): START {cmp=com.rhomobile.macotec/com.rhomobile.rhodes.datetime.DateTimePickerScreen (has extras)} from pid 2290
W/WindowManager(   78): Failure taking screenshot for (180x273) to layer 21010
I/APP     ( 2290): I 02/06/2013 12:21:50:784 00000909           HttpServer| GC Start.
I/APP     ( 2290): I 02/06/2013 12:21:50:859 00000909           HttpServer| GC End.
I/APP     ( 2290): I 02/06/2013 12:21:51:009 000008f2       SimpleMainView| Cleared URL: javascript:setFieldValue("date","2013-02-10");
I/APP     ( 2290): I 02/06/2013 12:21:51:044 000008f2 AndroidFunctionality| Pause WebView
I/APP     ( 2290): I 02/06/2013 12:21:51:070 000008f2       RhodesActivity| onPause
I/APP     ( 2290): I 02/06/2013 12:21:51:075 000008f2    RhodesApplication| New UiState: MainActivityPaused
I/APP     ( 2290): I 02/06/2013 12:21:51:157 000008f2       DateTimePicker| onCreate
D/dalvikvm( 2290): GC_CONCURRENT freed 468K, 5% free 13151K/13703K, paused 4ms+19ms
I/Process (   78): Sending signal. PID: 2290 SIG: 3
I/dalvikvm( 2290): threadid=3: reacting to signal 3
I/dalvikvm( 2290): Wrote stack traces to '/data/anr/traces.txt'
D/RhodesService( 2290): +++ onStartCommand
I/RhodesService( 2290): handleCommand: startId=4, source=com.rhomobile.rhodes.BaseActivity
D/RhodesService( 2290): New activity was created
I/Process (   78): Sending signal. PID: 2290 SIG: 3
I/dalvikvm( 2290): threadid=3: reacting to signal 3
I/dalvikvm( 2290): Wrote stack traces to '/data/anr/traces.txt'
V/PhoneStatusBar(  136): setLightsOn(true)
I/ActivityManager(   78): Displayed com.rhomobile.macotec/com.rhomobile.rhodes.datetime.DateTimePickerScreen: +1s327ms
I/APP     ( 2290): I 02/06/2013 12:21:52:662 000008f2       RhodesActivity| onStop
I/APP     ( 2290): I 02/06/2013 12:21:54:754 000008f2       DateTimePicker| Return result: 1360537200
I/APP     ( 2290): I 02/06/2013 12:21:54:781 00000909           HttpServer| Process URI: '/app/Request/callback'
I/APP     ( 2290): I 02/06/2013 12:21:54:784 00000909                  APP| RHO serve: /app/Request/callback
I/APP     ( 2290): I 02/06/2013 12:21:54:787 00000909                  APP| Params: {"status"=>"ok", "result"=>"1360537200", "opaque"=>"\x04\b{\a:\tflag\"\x061:\x0Efield_key\"\tdate", "rho_callback"=>"1"}
W/WindowManager(   78): Failure taking screenshot for (180x273) to layer 21015
I/APP     ( 2290): I 02/06/2013 12:21:54:881 00000909           HttpServer| GC Start.
I/APP     ( 2290): I 02/06/2013 12:21:54:941 00000909           HttpServer| GC End.
I/APP     ( 2290): I 02/06/2013 12:21:54:990 000008f2       SimpleMainView| Cleared URL: javascript:setFieldValue("date","11. February 2013");
I/APP     ( 2290): I 02/06/2013 12:21:55:070 000008f2       RhodesActivity| onStart
I/APP     ( 2290): I 02/06/2013 12:21:55:074 000008f2    RhodesApplication| New UiState: MainActivityStarted
I/APP     ( 2290): I 02/06/2013 12:21:55:121 000008f2       RhodesActivity| onResume
I/APP     ( 2290): I 02/06/2013 12:21:55:124 000008f2 AndroidFunctionality| Resume WebView
V/PhoneStatusBar(  136): setLightsOn(true)
I/Process (   78): Sending signal. PID: 2290 SIG: 3
I/dalvikvm( 2290): threadid=3: reacting to signal 3
I/dalvikvm( 2290): Wrote stack traces to '/data/anr/traces.txt'
I/APP     ( 2290): I 02/06/2013 12:21:57:276 00000909           HttpServer| Process URI: '/app/Request/callback_alert'
I/APP     ( 2290): I 02/06/2013 12:21:57:277 00000909                  APP| RHO serve: /app/Request/callback_alert
I/APP     ( 2290): I 02/06/2013 12:21:57:280 00000909                  APP| Params: {"rho_callback"=>"1"}
I/ActivityManager(   78): START {cmp=com.rhomobile.macotec/com.rhomobile.rhodes.alert.PopupActivity (has extras)} from pid 2290
W/WindowManager(   78): Failure taking screenshot for (180x273) to layer 21010
I/APP     ( 2290): I 02/06/2013 12:21:57:355 00000909           HttpServer| GC Start.
I/APP     ( 2290): I 02/06/2013 12:21:57:387 000008f2 AndroidFunctionality| Pause WebView
I/APP     ( 2290): I 02/06/2013 12:21:57:393 000008f2       RhodesActivity| onPause
I/APP     ( 2290): I 02/06/2013 12:21:57:468 00000909           HttpServer| GC End.
I/APP     ( 2290): I 02/06/2013 12:21:57:503 00000909           HttpServer| Process URI: '/system/uidestroyed'
I/APP     ( 2290): I 02/06/2013 12:21:57:514 000008f2    RhodesApplication| New UiState: MainActivityPaused
V/PhoneStatusBar(  136): setLightsOn(true)
D/InputEventConsistencyVerifier( 2290): KeyEvent: ACTION_UP but key was not down.
D/InputEventConsistencyVerifier( 2290):   in Handler (android.view.ViewRootImpl) {416ed3b0}
D/InputEventConsistencyVerifier( 2290):   0: sent at 8617944000000, KeyEvent { action=ACTION_UP, keyCode=KEYCODE_BACK, scanCode=0, metaState=0, flags=0x48, repeatCount=0, eventTime=8617944, downTime=8617745, deviceId=-1, source=0x101 }
D/RhodesService( 2290): +++ onStartCommand
I/RhodesService( 2290): handleCommand: startId=5, source=com.rhomobile.rhodes.BaseActivity
D/RhodesService( 2290): New activity was created
I/Process (   78): Sending signal. PID: 2290 SIG: 3
I/dalvikvm( 2290): threadid=3: reacting to signal 3
I/dalvikvm( 2290): Wrote stack traces to '/data/anr/traces.txt'
D/dalvikvm(  181): GC_CONCURRENT freed 384K, 6% free 9533K/10119K, paused 5ms+130ms
I/Process (   78): Sending signal. PID: 2290 SIG: 3
I/dalvikvm( 2290): threadid=3: reacting to signal 3
I/dalvikvm( 2290): Wrote stack traces to '/data/anr/traces.txt'
I/ActivityManager(   78): Displayed com.rhomobile.macotec/com.rhomobile.rhodes.alert.PopupActivity: +1s171ms
I/APP     ( 2290): I 02/06/2013 12:22:02:090 00000909           HttpServer| Process URI: '/app/Request/popup_callback'
I/APP     ( 2290): I 02/06/2013 12:22:02:092 00000909                  APP| RHO serve: /app/Request/popup_callback
I/APP     ( 2290): I 02/06/2013 12:22:02:095 00000909                  APP| Params: {"button_id"=>"Ok", "button_title"=>"Ok", "rho_callback"=>"1"}
I/APP     ( 2290): I 02/06/2013 12:22:02:096 00000909                  APP| popup_callback: id: 'Ok', title: 'Ok'
I/APP     ( 2290): I 02/06/2013 12:22:02:140 00000909           HttpServer| GC Start.
I/APP     ( 2290): I 02/06/2013 12:22:02:171 000008f2       SimpleMainView| Cleared URL: javascript:setFieldValue("date","");
I/APP     ( 2290): I 02/06/2013 12:22:02:220 000008f2       SimpleMainView| Cleared URL: http://localhost:8080/app
I/APP     ( 2290): I 02/06/2013 12:22:02:254 00000909           HttpServer| GC End.
W/WindowManager(   78): Failure taking screenshot for (180x273) to layer 21020
V/PhoneStatusBar(  136): setLightsOn(true)
I/APP     ( 2290): I 02/06/2013 12:22:02:531 000008f2       RhodesActivity| onResume
I/APP     ( 2290): I 02/06/2013 12:22:02:534 000008f2 AndroidFunctionality| Resume WebView
I/Process (   78): Sending signal. PID: 2290 SIG: 3
I/dalvikvm( 2290): threadid=3: reacting to signal 3
I/dalvikvm( 2290): Wrote stack traces to '/data/anr/traces.txt'
I/APP     ( 2290): I 02/06/2013 12:22:03:187 000008f2     RhoWebViewClient| Loading URL: http://localhost:8080/app/index_erb.iseq
I/APP     ( 2290): I 02/06/2013 12:22:03:225 00000909           HttpServer| Process URI: '/app/index_erb.iseq'
I/APP     ( 2290): I 02/06/2013 12:22:03:227 00000909                  APP| RHO serve_index: /app/index_erb.iseq
I/APP     ( 2290): I 02/06/2013 12:22:03:250 00000909 RHO Rho::RhoController| inst_render_index
I/APP     ( 2290): I 02/06/2013 12:22:03:322 00000909 RHO Rho::RhoController| index layout
I/APP     ( 2290): I 02/06/2013 12:22:03:451 00000909           HttpServer| GC Start.
I/APP     ( 2290): I 02/06/2013 12:22:03:530 00000909           HttpServer| GC End.
I/APP     ( 2290): I 02/06/2013 12:22:07:914 00000909           HttpServer| Process URI: '/app/Request/request'
I/APP     ( 2290): I 02/06/2013 12:22:07:916 00000909                  APP| RHO serve: /app/Request/request
I/APP     ( 2290): I 02/06/2013 12:22:08:034 00000909           HttpServer| GC Start.
I/APP     ( 2290): I 02/06/2013 12:22:08:092 00000909           HttpServer| GC End.
D/AndroidRuntime( 2333): 
D/AndroidRuntime( 2333): >>>>>> AndroidRuntime START com.android.internal.os.RuntimeInit <<<<<<
D/AndroidRuntime( 2333): CheckJNI is ON
D/AndroidRuntime( 2333): Calling main entry com.android.commands.pm.Pm
W/ActivityManager(   78): No content provider found for permission revoke: file:///data/local/tmp/macotec-debug.apk
W/ActivityManager(   78): No content provider found for permission revoke: file:///data/local/tmp/macotec-debug.apk
D/dalvikvm(   78): JIT code cache reset in 34 ms (1048540 bytes 1/0)
D/dalvikvm(   78): GC_CONCURRENT freed 418K, 12% free 11412K/12935K, paused 8ms+49ms
D/dalvikvm(   78): GC_CONCURRENT freed 298K, 11% free 11593K/12935K, paused 10ms+13ms
D/dalvikvm(   78): GC_CONCURRENT freed 417K, 10% free 11708K/12935K, paused 12ms+16ms
D/dalvikvm(   78): GC_CONCURRENT freed 565K, 10% free 11711K/12935K, paused 9ms+11ms
D/dalvikvm(   78): GC_CONCURRENT freed 567K, 10% free 11715K/12935K, paused 10ms+12ms
D/dalvikvm(   78): GC_CONCURRENT freed 567K, 10% free 11719K/12935K, paused 5ms+7ms
D/dalvikvm(   78): GC_CONCURRENT freed 581K, 10% free 11714K/12935K, paused 5ms+9ms
I/PackageManager(   78): Removing non-system package:com.rhomobile.macotec
I/ActivityManager(   78): Force stopping package com.rhomobile.macotec uid=10040
I/ActivityManager(   78): Killing proc 2290:com.rhomobile.macotec/10040: force stop
W/ActivityManager(   78): Force removing ActivityRecord{41404a70 com.rhomobile.macotec/com.rhomobile.rhodes.RhodesActivity}: app died, no saved state
W/NetworkManagementSocketTagger(   78): setKernelCountSet(10040, 0) failed with errno -2
W/NetworkManagementSocketTagger(   78): setKernelCountSet(10009, 1) failed with errno -2
I/WindowManager(   78): WIN DEATH: Window{41565088 com.rhomobile.macotec/com.rhomobile.rhodes.RhodesActivity paused=false}
I/Process (   78): Sending signal. PID: 189 SIG: 3
I/dalvikvm(  189): threadid=3: reacting to signal 3
I/dalvikvm(  189): Wrote stack traces to '/data/anr/traces.txt'
W/InputManagerService(   78): Got RemoteException sending setActive(false) notification to pid 2290 uid 10040
D/dalvikvm(  136): GC_CONCURRENT freed 579K, 30% free 10327K/14663K, paused 4ms+20ms
I/PackageManager(   78): Package com.rhomobile.macotec codePath changed from /data/app/com.rhomobile.macotec-2.apk to /data/app/com.rhomobile.macotec-1.apk; Retaining data and using new
D/dalvikvm(  189): GC_FOR_ALLOC freed 1772K, 24% free 17208K/22599K, paused 86ms
D/dalvikvm(  189): GC_FOR_ALLOC freed 326K, 20% free 18150K/22599K, paused 86ms
D/dalvikvm(  189): GC_CONCURRENT freed 2666K, 23% free 17531K/22599K, paused 4ms+9ms
I/PackageManager(   78): Running dexopt on: com.rhomobile.macotec
D/dalvikvm( 2344): DexOpt: load 106ms, verify+opt 540ms
W/PackageManager(   78): Code path for pkg : com.rhomobile.macotec changing from /data/app/com.rhomobile.macotec-2.apk to /data/app/com.rhomobile.macotec-1.apk
W/PackageManager(   78): Resource path for pkg : com.rhomobile.macotec changing from /data/app/com.rhomobile.macotec-2.apk to /data/app/com.rhomobile.macotec-1.apk
I/ActivityManager(   78): Force stopping package com.rhomobile.macotec uid=10040
D/PackageManager(   78): New package installed in /data/app/com.rhomobile.macotec-1.apk
D/dalvikvm(   78): GC_CONCURRENT freed 533K, 10% free 11740K/12935K, paused 7ms+17ms
I/ActivityManager(   78): Force stopping package com.rhomobile.macotec uid=10040
D/dalvikvm(  189): GC_EXPLICIT freed 1746K, 23% free 17422K/22599K, paused 4ms+10ms
D/dalvikvm(  220): GC_EXPLICIT freed 149K, 4% free 9387K/9735K, paused 3ms+10ms
D/PackageManager(   78): generateServicesMap(android.accounts.AccountAuthenticator): 2 services unchanged
D/PackageManager(   78): generateServicesMap(android.content.SyncAdapter): 4 services unchanged
D/BackupManagerService(   78): Received broadcast Intent { act=android.intent.action.PACKAGE_REMOVED dat=package:com.rhomobile.macotec flg=0x10000010 (has extras) }
D/dalvikvm(   78): GC_EXPLICIT freed 552K, 13% free 11302K/12935K, paused 5ms+8ms
I/AccountTypeManager(  310): Loaded meta-data for 1 account types, 0 accounts in 150ms(wall) 6ms(cpu)
D/PackageManager(   78): generateServicesMap(android.accounts.AccountAuthenticator): 2 services unchanged
D/PackageManager(   78): generateServicesMap(android.content.SyncAdapter): 4 services unchanged
D/BackupManagerService(   78): Received broadcast Intent { act=android.intent.action.PACKAGE_ADDED dat=package:com.rhomobile.macotec flg=0x10000010 (has extras) }
V/BackupManagerService(   78): updatePackageParticipantsLocked: #1
I/AccountTypeManager(  310): Loaded meta-data for 1 account types, 0 accounts in 438ms(wall) 5ms(cpu)
W/RecognitionManagerService(   78): no available voice recognition services found
D/dalvikvm(  189): GC_FOR_ALLOC freed 3103K, 31% free 15742K/22599K, paused 61ms
D/BackupManagerService(   78): Received broadcast Intent { act=android.intent.action.PACKAGE_REPLACED dat=package:com.rhomobile.macotec flg=0x10000010 (has extras) }
V/BackupManagerService(   78): updatePackageParticipantsLocked: #1
D/dalvikvm(  189): GC_FOR_ALLOC freed 429K, 25% free 16968K/22599K, paused 231ms
D/dalvikvm(   78): GC_CONCURRENT freed 429K, 12% free 11444K/12935K, paused 10ms+35ms
D/dalvikvm(  189): GC_FOR_ALLOC freed 3931K, 35% free 14770K/22599K, paused 55ms
D/dalvikvm(  189): GC_FOR_ALLOC freed 53K, 31% free 15752K/22599K, paused 61ms
D/dalvikvm(  189): GC_FOR_ALLOC freed 342K, 26% free 16932K/22599K, paused 61ms
D/dalvikvm(  189): GC_CONCURRENT freed 1612K, 24% free 17329K/22599K, paused 3ms+14ms
D/dalvikvm(  189): GC_CONCURRENT freed 397K, 17% free 18973K/22599K, paused 4ms+6ms
D/dalvikvm(   78): GC_EXPLICIT freed 207K, 13% free 11285K/12935K, paused 4ms+8ms
D/AndroidRuntime( 2333): Shutting down VM
D/dalvikvm( 2333): GC_CONCURRENT freed 97K, 79% free 450K/2048K, paused 0ms+1ms
I/AndroidRuntime( 2333): NOTE: attach of thread 'Binder Thread #3' failed
D/AndroidRuntime( 2353): 
D/AndroidRuntime( 2353): >>>>>> AndroidRuntime START com.android.internal.os.RuntimeInit <<<<<<
D/AndroidRuntime( 2353): CheckJNI is ON
D/AndroidRuntime( 2353): Calling main entry com.android.commands.am.Am
I/ActivityManager(   78): START {act=android.intent.action.MAIN flg=0x10000000 cmp=com.rhomobile.macotec/com.rhomobile.rhodes.RhodesActivity} from pid 2353
W/WindowManager(   78): Failure taking screenshot for (180x273) to layer 21005
D/AndroidRuntime( 2353): Shutting down VM
D/dalvikvm( 2353): GC_CONCURRENT freed 97K, 77% free 480K/2048K, paused 1ms+1ms
I/AndroidRuntime( 2353): NOTE: attach of thread 'Binder Thread #3' failed
I/ActivityManager(   78): Start proc com.rhomobile.macotec for activity com.rhomobile.macotec/com.rhomobile.rhodes.RhodesActivity: pid=2363 uid=10040 gids={3003}
I/dalvikvm( 2363): Turning on JNI app bug workarounds for target SDK version 4...
W/NetworkManagementSocketTagger(   78): setKernelCountSet(10040, 1) failed with errno -2
I/Process (   78): Sending signal. PID: 2363 SIG: 3
I/dalvikvm( 2363): threadid=3: reacting to signal 3
I/dalvikvm( 2363): Wrote stack traces to '/data/anr/traces.txt'
D/dalvikvm( 2363): Trying to load lib /data/data/com.rhomobile.macotec/lib/librhodes.so 0x412a0878
D/dalvikvm( 2363): Added shared lib /data/data/com.rhomobile.macotec/lib/librhodes.so 0x412a0878
D/dalvikvm( 2363): Trying to load lib /data/data/com.rhomobile.macotec/lib/librhodes.so 0x412a0878
D/dalvikvm( 2363): Shared lib '/data/data/com.rhomobile.macotec/lib/librhodes.so' already loaded in same CL 0x412a0878
I/ActivityThread( 2363): Pub com.rhomobile.macotec: com.rhomobile.rhodes.LocalFileProvider
I/RhodesApplication( 2363): Initializing...
D/RhoFileApi( 2363): App root path: /data/data/com.rhomobile.macotec/rhodata/
D/RhoFileApi( 2363): Sqlite journals path: /data/data/com.rhomobile.macotec/sqlite_stmt_journals/
D/RhoFileApi( 2363): Shared path: /data/data/com.rhomobile.macotec/rhodata/
D/RhodesApplication( 2363): Root path: /data/data/com.rhomobile.macotec/rhodata/
I/Process (   78): Sending signal. PID: 2363 SIG: 3
I/dalvikvm( 2363): threadid=3: reacting to signal 3
I/dalvikvm( 2363): Wrote stack traces to '/data/anr/traces.txt'
I/RhodesApplication( 2363): Application hash was changed
D/RhoFileApi( 2363): Copy hash to FS
D/RhoFileApi( 2363): File hash copied
D/RhoFileApi( 2363): Copy rho.dat to FS
D/RhoFileApi( 2363): File rho.dat copied
D/RhoFileApi( 2363): Copy apps/rhoconfig.txt to FS
D/RhoFileApi( 2363): File apps/rhoconfig.txt copied
I/RhoFileApi( 2363): Opening stat table from FS: /data/data/com.rhomobile.macotec/rhodata/rho.dat
D/RhoFileApi( 2363): Copy apps/rhoconfig.txt to FS
D/RhoFileApi( 2363): File apps/rhoconfig.txt copied
D/RhoFileApi( 2363): App root path: /data/data/com.rhomobile.macotec/rhodata/
D/RhoFileApi( 2363): Sqlite journals path: /data/data/com.rhomobile.macotec/sqlite_stmt_journals/
D/RhoFileApi( 2363): Shared path: /data/data/com.rhomobile.macotec/rhodata/
I/APP     ( 2363): I 02/06/2013 12:28:07:311 0000093b    RhodesApplication| Initialized
I/APP     ( 2363): I 02/06/2013 12:28:07:369 0000093b         BaseActivity| New screen properties - width: 480, height: 728, orientation: 1
I/Process (   78): Sending signal. PID: 2363 SIG: 3
I/dalvikvm( 2363): threadid=3: reacting to signal 3
I/dalvikvm( 2363): Wrote stack traces to '/data/anr/traces.txt'
I/APP     ( 2363): I 02/06/2013 12:28:07:591 0000093b         SplashScreen| Looking for start page source
D/dalvikvm( 2363): GC_CONCURRENT freed 291K, 4% free 9226K/9607K, paused 5ms+3ms
D/dalvikvm( 2363): GC_FOR_ALLOC freed 4K, 5% free 9222K/9607K, paused 59ms
I/dalvikvm-heap( 2363): Grow heap (frag case) to 12.141MB for 3217300-byte allocation
I/Process (   78): Sending signal. PID: 2363 SIG: 3
I/dalvikvm( 2363): threadid=3: reacting to signal 3
I/dalvikvm( 2363): Wrote stack traces to '/data/anr/traces.txt'
D/dalvikvm( 2363): GC_FOR_ALLOC freed 0K, 4% free 12364K/12807K, paused 58ms
I/APP     ( 2363): I 02/06/2013 12:28:08:397 0000093b         SplashScreen| Done
I/APP     ( 2363): I 02/06/2013 12:28:08:401 0000093b    RhodesApplication| New UiState: MainActivityCreated
I/APP     ( 2363): I 02/06/2013 12:28:08:438 0000093b       RhodesActivity| onStart
I/Process (   78): Sending signal. PID: 2363 SIG: 3
I/dalvikvm( 2363): threadid=3: reacting to signal 3
I/APP     ( 2363): I 02/06/2013 12:28:08:510 0000093b    RhodesApplication| New UiState: MainActivityStarted
I/APP     ( 2363): I 02/06/2013 12:28:08:513 0000093b       RhodesActivity| onResume
I/APP     ( 2363): I 02/06/2013 12:28:08:520 0000093b AndroidFunctionality| Resume WebView
I/dalvikvm( 2363): Wrote stack traces to '/data/anr/traces.txt'
I/APP     ( 2363): I 02/06/2013 12:28:08:596 0000093b        RhodesService| onCreate
I/APP     ( 2363): I 02/06/2013 12:28:08:615 0000093b    LocalFileProvider| Revoke URI permissions: content:///com.rhomobile.macotec
W/ActivityManager(   78): No content provider found for permission revoke: content:///com.rhomobile.macotec
I/APP     ( 2363): I 02/06/2013 12:28:08:641 0000093b               Rhodes| Loading...
I/APP     ( 2363): I 02/06/2013 12:28:08:645 0000093b            RhodesApp| Trying to get free listening port.
I/APP     ( 2363): I 02/06/2013 12:28:08:666 0000093b            RhodesApp| Trying to bind of 8080 port...
I/APP     ( 2363): I 02/06/2013 12:28:08:669 0000093b            RhodesApp| Got port to bind on: 8080
I/APP     ( 2363): I 02/06/2013 12:28:08:685 0000093b            RhodesApp| Free listening port: 8080
I/APP     ( 2363): I 02/06/2013 12:28:08:679 00000951         AppCallbacks| Starting main routine...
I/APP     ( 2363): I 02/06/2013 12:28:08:708 00000951         AppCallbacks| ThreadQueue blocked for 4294967295 seconds...
I/APP     ( 2363): I 02/06/2013 12:28:08:779 0000093b        RhodesService| Push is disabled
I/APP     ( 2363): I 02/06/2013 12:28:08:785 0000093b            RhodesApp| callAppActiveCallback
I/APP     ( 2363): I 02/06/2013 12:28:08:813 0000093b         AppCallbacks| addCommand: APP-ACTIVATED
I/APP     ( 2363): I 02/06/2013 12:28:08:817 00000951         AppCallbacks| Received command APP-ACTIVATED which is greater than expected (LOCAL-SERVER-STARTED) - postpone it
I/APP     ( 2363): I 02/06/2013 12:28:08:818 00000951         AppCallbacks| ThreadQueue blocked for 4294967295 seconds...
I/APP     ( 2363): I 02/06/2013 12:28:08:842 0000093b         AppActivated| Cannot commit now, application will be activated when started.
I/APP     ( 2363): I 02/06/2013 12:28:08:845 0000093b    RhodesApplication| New AppState: Undefined
D/RhodesService( 2363): +++ onStartCommand
I/RhodesService( 2363): handleCommand: startId=1, source=com.rhomobile.rhodes.BaseActivity
D/RhodesService( 2363): New activity was created
I/APP     ( 2363): I 02/06/2013 12:28:08:889 00000953            RhodesApp| Starting RhodesApp main routine...
I/APP     ( 2363): I 02/06/2013 12:28:08:914 0000093b        RhodesService| onBind
I/APP     ( 2363): I 02/06/2013 12:28:08:951 0000093b         AppCallbacks| addCommand: UI-CREATED
I/Process (   78): Sending signal. PID: 2363 SIG: 3
I/dalvikvm( 2363): threadid=3: reacting to signal 3
I/dalvikvm( 2363): Wrote stack traces to '/data/anr/traces.txt'
I/APP     ( 2363): I 02/06/2013 12:28:09:011 00000951         AppCallbacks| Received command UI-CREATED which is greater than expected (LOCAL-SERVER-STARTED) - postpone it
I/APP     ( 2363): I 02/06/2013 12:28:09:012 00000951         AppCallbacks| ThreadQueue blocked for 4294967295 seconds...
V/PhoneStatusBar(  136): setLightsOn(true)
I/APP     ( 2363): I 02/06/2013 12:28:09:198 0000093b       RhodesActivity| onServiceConnected: {com.rhomobile.macotec/com.rhomobile.rhodes.RhodesService}
I/APP     ( 2363): I 02/06/2013 12:28:09:226 0000093b       RhodesActivity| New start parameters: 
I/APP     ( 2363): I 02/06/2013 12:28:09:253 0000093b            RhodesApp| New start params: 
W/InputManagerService(   78): Starting input on non-focused client com.android.internal.view.IInputMethodClient$Stub$Proxy@415b6a98 (uid=10009 pid=189)
D/gralloc_goldfish( 2363): Emulator without GPU emulation detected.
I/Process (   78): Sending signal. PID: 2363 SIG: 3
I/dalvikvm( 2363): threadid=3: reacting to signal 3
I/dalvikvm( 2363): Wrote stack traces to '/data/anr/traces.txt'
I/ActivityManager(   78): Displayed com.rhomobile.macotec/com.rhomobile.rhodes.RhodesActivity: +4s104ms
I/APP     ( 2363): I 02/06/2013 12:28:10:113 00000953              RhoRuby| Init_RhoBlobs: /data/data/com.rhomobile.macotec/rhodata/db/db-files
W/NetworkManagementSocketTagger(   78): setKernelCountSet(10009, 0) failed with errno -2
I/APP     ( 2363): I 02/06/2013 12:28:10:175 00000953              RhoRuby| require_compiled: rhoframework
I/APP     ( 2363): I 02/06/2013 12:28:10:332 00000953              RhoRuby| require_compiled: rational
I/APP     ( 2363): I 02/06/2013 12:28:10:389 00000953              RhoRuby| require_compiled: rhom/rhom_db_adapter
I/APP     ( 2363): I 02/06/2013 12:28:10:488 00000953              RhoRuby| require_compiled: rhodes
I/APP     ( 2363): I 02/06/2013 12:28:10:550 00000953              RhoRuby| require_compiled: rhom/rhom_object
I/APP     ( 2363): I 02/06/2013 12:28:10:596 00000953              RhoRuby| require_compiled: rhofsconnector
I/APP     ( 2363): I 02/06/2013 12:28:10:634 00000953              RhoRuby| require_compiled: rho/rhofsconnector
I/APP     ( 2363): I 02/06/2013 12:28:10:739 00000953              RhoRuby| require_compiled: rhom/rhom_object_factory
I/APP     ( 2363): I 02/06/2013 12:28:10:964 00000953              RhoRuby| require_compiled: rhom/rhom
I/APP     ( 2363): I 02/06/2013 12:28:11:024 00000953              RhoRuby| require_compiled: rhom/rhom_model
I/APP     ( 2363): I 02/06/2013 12:28:11:068 00000953              RhoRuby| require_compiled: rhom
I/APP     ( 2363): I 02/06/2013 12:28:11:097 00000953              RhoRuby| require_compiled: rho/rhoapplication
I/APP     ( 2363): I 02/06/2013 12:28:11:153 00000953              RhoRuby| require_compiled: rholang/localization_simplified
I/APP     ( 2363): I 02/06/2013 12:28:11:203 00000953              RhoRuby| require_compiled: rho/rhomsg
I/APP     ( 2363): I 02/06/2013 12:28:11:229 00000953              RhoRuby| require_compiled: rho/rhotabbar
I/APP     ( 2363): I 02/06/2013 12:28:11:263 00000953              RhoRuby| require_compiled: rho/rhotoolbar
I/APP     ( 2363): I 02/06/2013 12:28:11:291 00000953                  APP| Current locale: ; Country code: 
I/APP     ( 2363): I 02/06/2013 12:28:11:298 00000953                  APP| Locilized file: /data/data/com.rhomobile.macotec/rhodata/lib/rholang/lang_
I/APP     ( 2363): I 02/06/2013 12:28:11:324 00000953              RhoRuby| require_compiled: /data/data/com.rhomobile.macotec/rhodata/lib/rholang/lang_en
I/APP     ( 2363): I 02/06/2013 12:28:11:364 00000953                  APP| Locilized file: /data/data/com.rhomobile.macotec/rhodata/apps/app/lang/lang_
I/APP     ( 2363): I 02/06/2013 12:28:11:368 00000953                  APP| Locilized file: /data/data/com.rhomobile.macotec/rhodata/lib/rholang/rhoerror_
I/APP     ( 2363): I 02/06/2013 12:28:11:402 00000953              RhoRuby| require_compiled: /data/data/com.rhomobile.macotec/rhodata/lib/rholang/rhoerror_en
I/APP     ( 2363): I 02/06/2013 12:28:11:436 00000953                  APP| Locilized file: /data/data/com.rhomobile.macotec/rhodata/lib/rholang/rhomsg_
I/APP     ( 2363): I 02/06/2013 12:28:11:439 00000953              RhoRuby| require_compiled: /data/data/com.rhomobile.macotec/rhodata/lib/rholang/rhomsg_en
I/APP     ( 2363): I 02/06/2013 12:28:11:484 00000953              RhoRuby| require_compiled: indifferent_access
I/APP     ( 2363): I 02/06/2013 12:28:11:530 00000953              RhoRuby| require_compiled: rho/rhosupport
I/APP     ( 2363): I 02/06/2013 12:28:11:591 00000953              RhoRuby| require_compiled: rho/rhocontroller
I/APP     ( 2363): I 02/06/2013 12:28:11:635 00000953              RhoRuby| require_compiled: rho/render
I/APP     ( 2363): I 02/06/2013 12:28:11:735 00000953              RhoRuby| require_compiled: rho/rho
I/APP     ( 2363): I 02/06/2013 12:28:11:932 00000953              RhoRuby| require_compiled: rho/rhoerror
I/APP     ( 2363): I 02/06/2013 12:28:11:962 00000953              RhoRuby| require_compiled: rhom/rhom_source
I/APP     ( 2363): I 02/06/2013 12:28:12:010 00000953              RhoRuby| require_compiled: rho/rhoviewhelpers
I/APP     ( 2363): I 02/06/2013 12:28:12:051 00000953              RhoRuby| require_compiled: rho
I/APP     ( 2363): I 02/06/2013 12:28:12:078 00000953                  APP| RHO loaded
I/APP     ( 2363): I 02/06/2013 12:28:12:082 00000953                  APP| Calling RHO.initialize
I/APP     ( 2363): I 02/06/2013 12:28:12:117 00000953                  APP| model file: Product/product
I/APP     ( 2363): I 02/06/2013 12:28:12:150 00000953                  APP| model file: Request/request
I/APP     ( 2363): I 02/06/2013 12:28:12:174 00000953                   DB| Open DB: /data/data/com.rhomobile.macotec/rhodata/db/syncdbuser.sqlite
I/APP     ( 2363): I 02/06/2013 12:28:12:230 00000953          GeoLocation| Creating singleton instance.
I/APP     ( 2363): I 02/06/2013 12:28:12:253 00000953            RhodesApp| Starting sync engine...
I/APP     ( 2363): I 02/06/2013 12:28:12:256 00000953                 Sync| sync_poll_interval: 0
I/APP     ( 2363): I 02/06/2013 12:28:12:271 00000953                 Sync| syncserver: 
I/APP     ( 2363): I 02/06/2013 12:28:12:291 00000953                 Sync| bulksync_state: 0
I/APP     ( 2363): I 02/06/2013 12:28:12:295 00000953            RhodesApp| RhoRubyInitApp...
I/APP     ( 2363): I 02/06/2013 12:28:12:319 00000953                  APP| init_app
I/APP     ( 2363): I 02/06/2013 12:28:12:334 00000953              RhoRuby| require_compiled: application
I/APP     ( 2363): I 02/06/2013 12:28:12:364 00000953                 Sync| Set notification. Source ID: -1;Url :http://localhost:8080/app/Settings/sync_notify; Params: 
I/APP     ( 2363): I 02/06/2013 12:28:12:381 00000953           HttpServer| Start HTTP server
I/APP     ( 2363): I 02/06/2013 12:28:12:396 00000953           HttpServer| Listen for connections on port 8080
I/APP     ( 2363): I 02/06/2013 12:28:12:399 00000953         AppCallbacks| addCommand: LOCAL-SERVER-STARTED
I/APP     ( 2363): I 02/06/2013 12:28:12:415 00000951         AppCallbacks| process command: LOCAL-SERVER-STARTED
I/APP     ( 2363): I 02/06/2013 12:28:12:416 00000951 RhodesAppActiveObserver| Ready
I/APP     ( 2363): I 02/06/2013 12:28:12:433 0000093b AndroidFunctionality| Disable WebView zoom
I/APP     ( 2363): I 02/06/2013 12:28:12:434 0000093b AndroidFunctionality| Set web plugins state 'OFF'
I/APP     ( 2363): I 02/06/2013 12:28:12:458 00000951    RhodesApplication| New AppState: AppActivated
I/APP     ( 2363): I 02/06/2013 12:28:12:462 00000951         AppCallbacks| process command: UI-CREATED
I/APP     ( 2363): I 02/06/2013 12:28:12:546 00000953           HttpServer| Process URI: '/system/uicreated'
I/APP     ( 2363): I 02/06/2013 12:28:12:563 00000953                  APP| on_ui_created.navigate to start url: '/app'
I/APP     ( 2363): I 02/06/2013 12:28:12:567 0000093b         SplashScreen| navigate: url=http://localhost:8080/app
I/APP     ( 2363): I 02/06/2013 12:28:12:568 0000093b         SplashScreen| DELAY for SplashScreen = 0
I/APP     ( 2363): I 02/06/2013 12:28:12:630 0000093b        GoogleWebView| Creating new RhoWebChromeClient
I/APP     ( 2363): I 02/06/2013 12:28:12:645 0000093b       SimpleMainView| Cleared URL: http://localhost:8080/app
I/APP     ( 2363): I 02/06/2013 12:28:12:666 00000951         AppCallbacks| process command: APP-ACTIVATED
V/SimpleMainView.View( 2363): ms[1360150092700]  Main Window :: onSizeChanged() old [ 480 x 652 ]  new [ 0 x 0 ]
I/APP     ( 2363): I 02/06/2013 12:28:12:731 00000953           HttpServer| Process URI: '/system/activateapp'
I/APP     ( 2363): I 02/06/2013 12:28:12:739 00000951         AppCallbacks| ThreadQueue blocked for 4294967295 seconds...
I/APP     ( 2363): I 02/06/2013 12:28:12:807 0000093b        GoogleWebView| Setting RhoWebChromeClient
I/APP     ( 2363): I 02/06/2013 12:28:12:910 00000953           HttpServer| Process URI: '/app'
I/APP     ( 2363): I 02/06/2013 12:28:12:951 0000093b     RhoWebViewClient| Loading URL: http://localhost:8080/app/index_erb.iseq
I/APP     ( 2363): I 02/06/2013 12:28:12:992 00000953           HttpServer| Process URI: '/app/index_erb.iseq'
I/APP     ( 2363): I 02/06/2013 12:28:12:998 00000953                  APP| RHO serve_index: /app/index_erb.iseq
I/APP     ( 2363): I 02/06/2013 12:28:13:001 00000953 RHO Rho::RhoController| inst_render_index
I/APP     ( 2363): I 02/06/2013 12:28:13:071 00000953 RHO Rho::RhoController| index layout
I/APP     ( 2363): I 02/06/2013 12:28:13:153 00000953           HttpServer| GC Start.
I/APP     ( 2363): I 02/06/2013 12:28:13:249 00000953           HttpServer| GC End.
I/APP     ( 2363): I 02/06/2013 12:28:13:372 00000953           HttpServer| Process URI: '/public/js/request.js'
I/APP     ( 2363): I 02/06/2013 12:28:13:479 00000953           HttpServer| Process URI: '/public/jquery/jquery-1.6.4.min.js'
I/APP     ( 2363): I 02/06/2013 12:28:13:556 00000953           HttpServer| Process URI: '/public/jquery/jquery.json-2.3.min.js'
I/APP     ( 2363): I 02/06/2013 12:28:13:621 00000953           HttpServer| Process URI: '/public/jqmobile/jquery.mobile-1.0.1.min.css'
I/APP     ( 2363): I 02/06/2013 12:28:13:688 00000953           HttpServer| Process URI: '/public/css/jqmobile-patch.css'
I/APP     ( 2363): I 02/06/2013 12:28:13:727 00000953           HttpServer| Process URI: '/public/jqmobile/jquery.mobile-1.0.1.min.js'
I/APP     ( 2363): I 02/06/2013 12:28:13:832 00000953           HttpServer| Process URI: '/public/js/jqmobile-patch.js'
I/APP     ( 2363): I 02/06/2013 12:28:13:940 00000953           HttpServer| Process URI: '/public/css/macotec_style.css'
I/APP     ( 2363): I 02/06/2013 12:28:16:877 00000953           HttpServer| Process URI: '/public/images/macotec/logo.png'
I/APP     ( 2363): I 02/06/2013 12:28:17:410 00000953           HttpServer| Process URI: '/public/images/macotec/request.png'
I/APP     ( 2363): I 02/06/2013 12:28:17:496 00000953           HttpServer| Process URI: '/public/images/macotec/contact.png'
I/APP     ( 2363): I 02/06/2013 12:28:17:530 00000953           HttpServer| Process URI: '/public/images/macotec/products.png'
I/APP     ( 2363): I 02/06/2013 12:28:17:579 00000953           HttpServer| Process URI: '/public/images/macotec/info.png'
F/BatteryStatsImpl(   78): problem reading network stats
F/BatteryStatsImpl(   78): java.lang.IllegalStateException: problem parsing idx 1
F/BatteryStatsImpl(   78): 	at com.android.internal.net.NetworkStatsFactory.readNetworkStatsDetail(NetworkStatsFactory.java:300)
F/BatteryStatsImpl(   78): 	at com.android.internal.net.NetworkStatsFactory.readNetworkStatsDetail(NetworkStatsFactory.java:250)
F/BatteryStatsImpl(   78): 	at com.android.internal.os.BatteryStatsImpl.getNetworkStatsDetailGroupedByUid(BatteryStatsImpl.java:5734)
F/BatteryStatsImpl(   78): 	at com.android.internal.os.BatteryStatsImpl.access$100(BatteryStatsImpl.java:76)
F/BatteryStatsImpl(   78): 	at com.android.internal.os.BatteryStatsImpl$Uid.computeCurrentTcpBytesReceived(BatteryStatsImpl.java:2457)
F/BatteryStatsImpl(   78): 	at com.android.internal.os.BatteryStatsImpl$Uid.getTcpBytesReceived(BatteryStatsImpl.java:2446)
F/BatteryStatsImpl(   78): 	at com.android.internal.os.BatteryStatsImpl.writeSummaryToParcel(BatteryStatsImpl.java:5437)
F/BatteryStatsImpl(   78): 	at com.android.internal.os.BatteryStatsImpl.writeLocked(BatteryStatsImpl.java:4836)
F/BatteryStatsImpl(   78): 	at com.android.internal.os.BatteryStatsImpl.writeAsyncLocked(BatteryStatsImpl.java:4818)
F/BatteryStatsImpl(   78): 	at com.android.server.am.ActivityManagerService.updateCpuStatsNow(ActivityManagerService.java:1652)
F/BatteryStatsImpl(   78): 	at com.android.server.am.ActivityManagerService$3.run(ActivityManagerService.java:1534)
F/BatteryStatsImpl(   78): Caused by: java.io.FileNotFoundException: /proc/net/xt_qtaguid/stats: open failed: ENOENT (No such file or directory)
F/BatteryStatsImpl(   78): 	at libcore.io.IoBridge.open(IoBridge.java:406)
F/BatteryStatsImpl(   78): 	at java.io.FileInputStream.<init>(FileInputStream.java:78)
F/BatteryStatsImpl(   78): 	at com.android.internal.net.NetworkStatsFactory.readNetworkStatsDetail(NetworkStatsFactory.java:269)
F/BatteryStatsImpl(   78): 	... 10 more
F/BatteryStatsImpl(   78): Caused by: libcore.io.ErrnoException: open failed: ENOENT (No such file or directory)
F/BatteryStatsImpl(   78): 	at libcore.io.Posix.open(Native Method)
F/BatteryStatsImpl(   78): 	at libcore.io.BlockGuardOs.open(BlockGuardOs.java:110)
F/BatteryStatsImpl(   78): 	at libcore.io.IoBridge.open(IoBridge.java:390)
F/BatteryStatsImpl(   78): 	... 12 more
I/APP     ( 2363): I 02/06/2013 12:28:20:772 00000953           HttpServer| Process URI: '/app/Request/request'
I/APP     ( 2363): I 02/06/2013 12:28:20:803 00000953                  APP| RHO serve: /app/Request/request
I/APP     ( 2363): I 02/06/2013 12:28:20:841 00000953              RhoRuby| require_compiled: Request/request_controller
I/APP     ( 2363): I 02/06/2013 12:28:20:900 00000953              RhoRuby| require_compiled: helpers/browser_helper
I/APP     ( 2363): I 02/06/2013 12:28:20:933 00000953              RhoRuby| require_compiled: time
I/APP     ( 2363): I 02/06/2013 12:28:21:113 00000953              RhoRuby| require_compiled: date/format
I/APP     ( 2363): I 02/06/2013 12:28:21:319 00000953              RhoRuby| require_compiled: date
I/APP     ( 2363): I 02/06/2013 12:28:21:348 00000953              RhoRuby| require_compiled: dateOrig
D/dalvikvm( 2363): GC_CONCURRENT freed 892K, 8% free 12504K/13575K, paused 5ms+5ms
D/webviewglue( 2363): nativeDestroy view: 0x28c9b8
I/APP     ( 2363): E 02/06/2013 12:28:21:670 00000953               RubyVM| lib/date.rb:14: warning: already initialized constant MONTHNAMES
I/APP     ( 2363): E 02/06/2013 12:28:21:673 00000953               RubyVM| lib/date.rb:15: warning: already initialized constant ABBR_MONTHNAMES
I/APP     ( 2363): E 02/06/2013 12:28:21:709 00000953               RubyVM| lib/date.rb:16: warning: already initialized constant DAYNAMES
I/APP     ( 2363): E 02/06/2013 12:28:21:712 00000953               RubyVM| lib/date.rb:17: warning: already initialized constant ABBR_DAYNAMES
I/APP     ( 2363): I 02/06/2013 12:28:21:741 00000953                  APP| const_missing: Product
I/APP     ( 2363): I 02/06/2013 12:28:21:747 00000953                  APP| load_model: Product
I/APP     ( 2363): I 02/06/2013 12:28:21:778 00000953              RhoRuby| require_compiled: Product/product
I/APP     ( 2363): I 02/06/2013 12:28:21:825 00000953                  APP| model name: Product
I/APP     ( 2363): I 02/06/2013 12:28:21:827 00000953                  APP| model class found
I/APP     ( 2363): I 02/06/2013 12:28:21:860 00000953                  APP| Product : {"property"=>{}}
I/APP     ( 2363): I 02/06/2013 12:28:21:865 00000953                   DB| Open DB: /data/data/com.rhomobile.macotec/rhodata/db/syncdblocal.sqlite
I/APP     ( 2363): I 02/06/2013 12:28:21:928 00000953                  APP| init_db_sources
I/APP     ( 2363): I 02/06/2013 12:28:21:972 00000953                  APP| start_id: 40005
I/APP     ( 2363): I 02/06/2013 12:28:21:977 00000953                  APP| Migrate schema sources: {}
I/APP     ( 2363): I 02/06/2013 12:28:22:088 00000953           HttpServer| GC Start.
I/APP     ( 2363): I 02/06/2013 12:28:22:182 00000953           HttpServer| GC End.
I/APP     ( 2363): I 02/06/2013 12:28:22:932 00000953           HttpServer| Process URI: '/public/jqmobile/images/icons-36-white.png'
E/libEGL  ( 2363): call to OpenGL ES API with no current context (logged once per thread)
D/ShaderProgram( 2363): couldn't load the vertex shader!
E/libEGL  ( 2363): call to OpenGL ES API with no current context (logged once per thread)
D/ShaderProgram( 2363): couldn't load the vertex shader!
E/libEGL  ( 2363): call to OpenGL ES API with no current context (logged once per thread)
D/ShaderProgram( 2363): couldn't load the vertex shader!
E/libEGL  ( 2363): call to OpenGL ES API with no current context (logged once per thread)
D/ShaderProgram( 2363): couldn't load the vertex shader!
E/libEGL  ( 2363): call to OpenGL ES API with no current context (logged once per thread)
D/ShaderProgram( 2363): couldn't load the vertex shader!
I/APP     ( 2363): I 02/06/2013 12:28:26:758 00000953           HttpServer| Process URI: '/app/Request/popup'
I/APP     ( 2363): I 02/06/2013 12:28:26:763 00000953                  APP| RHO serve: /app/Request/popup
I/APP     ( 2363): I 02/06/2013 12:28:26:809 00000953                  APP| Params: {"flag"=>"1", "title"=>"Mietbeginn", "field_key"=>"date"}
I/ActivityManager(   78): START {cmp=com.rhomobile.macotec/com.rhomobile.rhodes.datetime.DateTimePickerScreen (has extras)} from pid 2363
W/WindowManager(   78): Failure taking screenshot for (180x273) to layer 21010
I/APP     ( 2363): I 02/06/2013 12:28:27:003 00000953           HttpServer| GC Start.
I/APP     ( 2363): I 02/06/2013 12:28:27:081 00000953           HttpServer| GC End.
I/APP     ( 2363): I 02/06/2013 12:28:27:244 0000093b       SimpleMainView| Cleared URL: javascript:setFieldValue("date","2013-02-06");
I/APP     ( 2363): I 02/06/2013 12:28:27:292 0000093b AndroidFunctionality| Pause WebView
I/APP     ( 2363): I 02/06/2013 12:28:27:296 0000093b       RhodesActivity| onPause
I/APP     ( 2363): I 02/06/2013 12:28:27:386 00000953           HttpServer| Process URI: '/system/uidestroyed'
I/APP     ( 2363): I 02/06/2013 12:28:27:436 0000093b    RhodesApplication| New UiState: MainActivityPaused
I/APP     ( 2363): I 02/06/2013 12:28:27:531 0000093b       DateTimePicker| onCreate
I/Process (   78): Sending signal. PID: 2363 SIG: 3
I/dalvikvm( 2363): threadid=3: reacting to signal 3
I/dalvikvm( 2363): Wrote stack traces to '/data/anr/traces.txt'
D/dalvikvm( 2363): GREF has increased to 201
I/Process (   78): Sending signal. PID: 2363 SIG: 3
I/dalvikvm( 2363): threadid=3: reacting to signal 3
I/dalvikvm( 2363): Wrote stack traces to '/data/anr/traces.txt'
D/RhodesService( 2363): +++ onStartCommand
I/RhodesService( 2363): handleCommand: startId=2, source=com.rhomobile.rhodes.BaseActivity
D/RhodesService( 2363): New activity was created
I/Process (   78): Sending signal. PID: 2363 SIG: 3
I/dalvikvm( 2363): threadid=3: reacting to signal 3
I/dalvikvm( 2363): Wrote stack traces to '/data/anr/traces.txt'
V/PhoneStatusBar(  136): setLightsOn(true)
I/ActivityManager(   78): Displayed com.rhomobile.macotec/com.rhomobile.rhodes.datetime.DateTimePickerScreen: +1s927ms
I/APP     ( 2363): I 02/06/2013 12:28:29:614 0000093b       RhodesActivity| onStop
I/APP     ( 2363): I 02/06/2013 12:28:33:177 0000093b       DateTimePicker| Return result: 1363001280
I/APP     ( 2363): I 02/06/2013 12:28:33:204 00000953           HttpServer| Process URI: '/app/Request/callback'
I/APP     ( 2363): I 02/06/2013 12:28:33:207 00000953                  APP| RHO serve: /app/Request/callback
I/APP     ( 2363): I 02/06/2013 12:28:33:239 00000953                  APP| Params: {"status"=>"ok", "result"=>"1363001280", "opaque"=>"\x04\b{\a:\tflag\"\x061:\x0Efield_key\"\tdate", "rho_callback"=>"1"}
W/WindowManager(   78): Failure taking screenshot for (180x273) to layer 21015
I/APP     ( 2363): I 02/06/2013 12:28:33:291 00000953           HttpServer| GC Start.
I/APP     ( 2363): I 02/06/2013 12:28:33:354 00000953           HttpServer| GC End.
I/APP     ( 2363): I 02/06/2013 12:28:33:402 0000093b       SimpleMainView| Cleared URL: javascript:setFieldValue("date","11. March 2013");
I/APP     ( 2363): I 02/06/2013 12:28:33:485 0000093b       RhodesActivity| onStart
I/APP     ( 2363): I 02/06/2013 12:28:33:489 0000093b    RhodesApplication| New UiState: MainActivityStarted
I/APP     ( 2363): I 02/06/2013 12:28:33:535 0000093b       RhodesActivity| onResume
I/APP     ( 2363): I 02/06/2013 12:28:33:559 0000093b AndroidFunctionality| Resume WebView
V/PhoneStatusBar(  136): setLightsOn(true)
I/Process (   78): Sending signal. PID: 2363 SIG: 3
I/dalvikvm( 2363): threadid=3: reacting to signal 3
I/dalvikvm( 2363): Wrote stack traces to '/data/anr/traces.txt'
D/dalvikvm(   78): GC_CONCURRENT freed 401K, 13% free 11344K/12935K, paused 5ms+30ms
D/dalvikvm(  136): GC_CONCURRENT freed 340K, 29% free 10458K/14663K, paused 3ms+5ms
D/dalvikvm(  136): GC_FOR_ALLOC freed 502K, 30% free 10316K/14663K, paused 85ms
I/APP     ( 2363): I 02/06/2013 12:28:43:414 00000953           HttpServer| Process URI: '/app/Request/callback_alert'
I/APP     ( 2363): I 02/06/2013 12:28:43:416 00000953                  APP| RHO serve: /app/Request/callback_alert
I/APP     ( 2363): I 02/06/2013 12:28:43:419 00000953                  APP| Params: {"rho_callback"=>"1"}
I/ActivityManager(   78): START {cmp=com.rhomobile.macotec/com.rhomobile.rhodes.alert.PopupActivity (has extras)} from pid 2363
W/WindowManager(   78): Failure taking screenshot for (180x273) to layer 21010
I/APP     ( 2363): I 02/06/2013 12:28:43:520 0000093b AndroidFunctionality| Pause WebView
I/APP     ( 2363): I 02/06/2013 12:28:43:523 0000093b       RhodesActivity| onPause
I/APP     ( 2363): I 02/06/2013 12:28:43:572 00000953           HttpServer| GC Start.
I/APP     ( 2363): I 02/06/2013 12:28:43:657 00000953           HttpServer| GC End.
I/APP     ( 2363): I 02/06/2013 12:28:43:661 00000953           HttpServer| Process URI: '/system/uidestroyed'
I/APP     ( 2363): I 02/06/2013 12:28:43:723 0000093b    RhodesApplication| New UiState: MainActivityPaused
V/PhoneStatusBar(  136): setLightsOn(true)
D/InputEventConsistencyVerifier( 2363): KeyEvent: ACTION_UP but key was not down.
D/InputEventConsistencyVerifier( 2363):   in Handler (android.view.ViewRootImpl) {416dff68}
D/InputEventConsistencyVerifier( 2363):   0: sent at 9024094000000, KeyEvent { action=ACTION_UP, keyCode=KEYCODE_BACK, scanCode=0, metaState=0, flags=0x48, repeatCount=0, eventTime=9024094, downTime=9023866, deviceId=-1, source=0x101 }
D/RhodesService( 2363): +++ onStartCommand
I/RhodesService( 2363): handleCommand: startId=3, source=com.rhomobile.rhodes.BaseActivity
D/RhodesService( 2363): New activity was created
I/Process (   78): Sending signal. PID: 2363 SIG: 3
I/dalvikvm( 2363): threadid=3: reacting to signal 3
I/dalvikvm( 2363): Wrote stack traces to '/data/anr/traces.txt'
I/ActivityManager(   78): Displayed com.rhomobile.macotec/com.rhomobile.rhodes.alert.PopupActivity: +987ms
I/APP     ( 2363): I 02/06/2013 12:28:46:071 00000953           HttpServer| Process URI: '/app/Request/popup_callback'
I/APP     ( 2363): I 02/06/2013 12:28:46:073 00000953                  APP| RHO serve: /app/Request/popup_callback
I/APP     ( 2363): I 02/06/2013 12:28:46:076 00000953                  APP| Params: {"button_id"=>"Ok", "button_title"=>"Ok", "rho_callback"=>"1"}
I/APP     ( 2363): I 02/06/2013 12:28:46:077 00000953                  APP| popup_callback: id: 'Ok', title: 'Ok'
I/APP     ( 2363): I 02/06/2013 12:28:46:080 00000953           HttpServer| GC Start.
I/APP     ( 2363): I 02/06/2013 12:28:46:172 0000093b       SimpleMainView| Cleared URL: http://localhost:8080/app
W/WindowManager(   78): Failure taking screenshot for (180x273) to layer 21020
I/APP     ( 2363): I 02/06/2013 12:28:46:351 00000953           HttpServer| GC End.
I/APP     ( 2363): I 02/06/2013 12:28:46:377 0000093b     RhoWebViewClient| Loading URL: http://localhost:8080/app/index_erb.iseq
I/APP     ( 2363): I 02/06/2013 12:28:46:455 00000953           HttpServer| Process URI: '/app/index_erb.iseq'
I/APP     ( 2363): I 02/06/2013 12:28:46:460 00000953                  APP| RHO serve_index: /app/index_erb.iseq
I/APP     ( 2363): I 02/06/2013 12:28:46:509 00000953 RHO Rho::RhoController| inst_render_index
D/dalvikvm(  181): GC_CONCURRENT freed 384K, 6% free 9533K/10119K, paused 4ms+4ms
V/PhoneStatusBar(  136): setLightsOn(true)
I/APP     ( 2363): I 02/06/2013 12:28:46:791 00000953 RHO Rho::RhoController| index layout
I/APP     ( 2363): I 02/06/2013 12:28:46:826 0000093b       RhodesActivity| onResume
I/APP     ( 2363): I 02/06/2013 12:28:46:865 0000093b AndroidFunctionality| Resume WebView
I/Process (   78): Sending signal. PID: 2363 SIG: 3
I/dalvikvm( 2363): threadid=3: reacting to signal 3
I/dalvikvm( 2363): Wrote stack traces to '/data/anr/traces.txt'
I/APP     ( 2363): I 02/06/2013 12:28:47:280 00000953           HttpServer| GC Start.
I/APP     ( 2363): I 02/06/2013 12:28:47:339 00000953           HttpServer| GC End.
I/Process (   78): Sending signal. PID: 2363 SIG: 3
I/dalvikvm( 2363): threadid=3: reacting to signal 3
I/dalvikvm( 2363): Wrote stack traces to '/data/anr/traces.txt'
