I/APP     ( 2830): I 02/13/2013 12:11:32:648 00000b25           HttpServer| GC Start.
I/APP     ( 2830): I 02/13/2013 12:11:32:944 00000b25           HttpServer| GC End.
I/APP     ( 2830): I 02/13/2013 12:11:33:936 00000b25           HttpServer| Process URI: '/favicon.ico'
I/APP     ( 2830): E 02/13/2013 12:11:34:018 00000b25           HttpServer| The file /favicon.ico was not found
I/APP     ( 2830): I 02/13/2013 12:11:34:806 00000b25           HttpServer| Process URI: '/app/Request/request'
I/APP     ( 2830): I 02/13/2013 12:11:34:857 00000b25                  APP| RHO serve: /app/Request/request
I/APP     ( 2830): I 02/13/2013 12:11:35:002 00000b25              RhoRuby| require_compiled: Request/request_controller
I/APP     ( 2830): I 02/13/2013 12:11:35:316 00000b25              RhoRuby| require_compiled: helpers/browser_helper
I/APP     ( 2830): I 02/13/2013 12:11:35:527 00000b25              RhoRuby| require_compiled: time
I/APP     ( 2830): I 02/13/2013 12:11:35:966 00000b25              RhoRuby| require_compiled: date/format
I/APP     ( 2830): I 02/13/2013 12:11:36:825 00000b25              RhoRuby| require_compiled: date
I/APP     ( 2830): I 02/13/2013 12:11:36:994 00000b25              RhoRuby| require_compiled: dateOrig
D/dalvikvm( 2830): GC_CONCURRENT freed 900K, 8% free 12501K/13575K, paused 38ms+5ms
D/webviewglue( 2830): nativeDestroy view: 0x2a1300
I/APP     ( 2830): E 02/13/2013 12:11:37:527 00000b25               RubyVM| lib/date.rb:14: warning: already initialized constant MONTHNAMES
I/APP     ( 2830): E 02/13/2013 12:11:37:531 00000b25               RubyVM| lib/date.rb:15: warning: already initialized constant ABBR_MONTHNAMES
I/APP     ( 2830): E 02/13/2013 12:11:37:567 00000b25               RubyVM| lib/date.rb:16: warning: already initialized constant DAYNAMES
I/APP     ( 2830): E 02/13/2013 12:11:37:573 00000b25               RubyVM| lib/date.rb:17: warning: already initialized constant ABBR_DAYNAMES
I/APP     ( 2830): I 02/13/2013 12:11:37:610 00000b25              RhoRuby| require_compiled: json
I/APP     ( 2830): I 02/13/2013 12:11:37:627 00000b25              RhoRuby| require_compiled: json/common
I/APP     ( 2830): I 02/13/2013 12:11:37:699 00000b25              RhoRuby| require_compiled: json/version
I/APP     ( 2830): I 02/13/2013 12:11:37:737 00000b25              RhoRuby| require_compiled: json/pure
I/APP     ( 2830): I 02/13/2013 12:11:37:784 00000b25              RhoRuby| require_compiled: json/pure/generator
I/APP     ( 2830): I 02/13/2013 12:11:37:888 00000b25           HttpServer| GC Start.
I/APP     ( 2830): I 02/13/2013 12:11:37:975 00000b25           HttpServer| GC End.
I/APP     ( 2830): I 02/13/2013 12:11:37:981 00000b25           HttpServer| Process URI: '/favicon.ico'
I/APP     ( 2830): E 02/13/2013 12:11:38:036 00000b25           HttpServer| The file /favicon.ico was not found
I/APP     ( 2830): I 02/13/2013 12:11:39:055 00000b25           HttpServer| Process URI: '/app/Request/request_rental'
I/APP     ( 2830): I 02/13/2013 12:11:39:057 00000b25                  APP| RHO serve: /app/Request/request_rental
I/APP     ( 2830): I 02/13/2013 12:11:39:059 00000b25                  APP| const_missing: Product
I/APP     ( 2830): I 02/13/2013 12:11:39:091 00000b25                  APP| load_model: Product
I/APP     ( 2830): I 02/13/2013 12:11:39:133 00000b25              RhoRuby| require_compiled: Product/product
I/APP     ( 2830): I 02/13/2013 12:11:39:188 00000b25                  APP| model name: Product
I/APP     ( 2830): I 02/13/2013 12:11:39:194 00000b25                  APP| model class found
I/APP     ( 2830): I 02/13/2013 12:11:39:226 00000b25                  APP| Product : {"property"=>{}}
I/APP     ( 2830): I 02/13/2013 12:11:39:256 00000b25                   DB| Open DB: /data/data/com.rhomobile.macotec/rhodata/db/syncdblocal.sqlite
I/APP     ( 2830): I 02/13/2013 12:11:39:287 00000b25                  APP| init_db_sources
I/APP     ( 2830): I 02/13/2013 12:11:39:360 00000b25                  APP| start_id: 40005
I/APP     ( 2830): I 02/13/2013 12:11:39:393 00000b25                  APP| Migrate schema sources: {}
I/APP     ( 2830): I 02/13/2013 12:11:39:441 00000b25                  APP| const_missing: Settings
I/APP     ( 2830): I 02/13/2013 12:11:39:468 00000b25                  APP| load_model: Settings
I/APP     ( 2830): I 02/13/2013 12:11:39:496 00000b25              RhoRuby| require_compiled: Settings/settings
I/APP     ( 2830): I 02/13/2013 12:11:39:531 00000b25                  APP| model name: Settings
I/APP     ( 2830): I 02/13/2013 12:11:39:534 00000b25                  APP| model class found
I/APP     ( 2830): I 02/13/2013 12:11:39:564 00000b25                  APP| Settings : {"schema"=>{"property"=>{"company"=>[:string, nil], "phone"=>[:string, nil], "email"=>[:string, nil]}}}
I/APP     ( 2830): I 02/13/2013 12:11:39:570 00000b25                  APP| init_db_sources
I/APP     ( 2830): I 02/13/2013 12:11:39:596 00000b25                  APP| start_id: 40005
I/APP     ( 2830): I 02/13/2013 12:11:39:615 00000b25                  APP| Migrate schema sources: {}
I/APP     ( 2830): I 02/13/2013 12:11:39:736 00000b25           HttpServer| GC Start.
I/APP     ( 2830): I 02/13/2013 12:11:39:821 00000b25           HttpServer| GC End.
I/APP     ( 2830): I 02/13/2013 12:11:39:873 00000b25           HttpServer| Process URI: '/favicon.ico'
I/APP     ( 2830): E 02/13/2013 12:11:39:902 00000b25           HttpServer| The file /favicon.ico was not found
I/APP     ( 2830): I 02/13/2013 12:11:41:753 00000b25           HttpServer| Process URI: '/favicon.ico'
I/APP     ( 2830): E 02/13/2013 12:11:41:755 00000b25           HttpServer| The file /favicon.ico was not found
I/APP     ( 2830): I 02/13/2013 12:11:41:849 00000b25           HttpServer| Process URI: '/app/Request/request'
I/APP     ( 2830): I 02/13/2013 12:11:41:857 00000b25                  APP| RHO serve: /app/Request/request
I/APP     ( 2830): I 02/13/2013 12:11:41:923 00000b25           HttpServer| GC Start.
I/APP     ( 2830): I 02/13/2013 12:11:41:974 00000b25           HttpServer| GC End.
I/APP     ( 2830): I 02/13/2013 12:11:42:772 00000b25           HttpServer| Process URI: '/app/Request/request_project'
I/APP     ( 2830): I 02/13/2013 12:11:42:777 00000b25                  APP| RHO serve: /app/Request/request_project
I/APP     ( 2830): I 02/13/2013 12:11:42:841 00000b25           HttpServer| GC Start.
I/APP     ( 2830): I 02/13/2013 12:11:42:909 00000b25           HttpServer| GC End.
I/APP     ( 2830): I 02/13/2013 12:11:42:952 00000b25           HttpServer| Process URI: '/favicon.ico'
I/APP     ( 2830): E 02/13/2013 12:11:42:957 00000b25           HttpServer| The file /favicon.ico was not found
I/APP     ( 2830): E 02/13/2013 12:11:55:472 00000b25           HttpServer| Connection gracefully closed before we send any data
I/APP     ( 2830): E 02/13/2013 12:11:55:525 00000b25           HttpServer| Parsing error
I/APP     ( 2830): E 02/13/2013 12:11:55:577 00000b25           HttpServer| Connection gracefully closed before we send any data
I/APP     ( 2830): E 02/13/2013 12:11:55:648 00000b25           HttpServer| Parsing error
W/webview ( 2830): Stale touch event ACTION_DOWN received from webcore; ignoring
W/webview ( 2830): Stale touch event ACTION_CANCEL received from webcore; ignoring
W/webview ( 2830): Stale touch event ACTION_DOWN received from webcore; ignoring
I/APP     ( 2830): I 02/13/2013 12:11:59:790 00000b25           HttpServer| Process URI: '/app/Request/request'
I/APP     ( 2830): I 02/13/2013 12:11:59:792 00000b25                  APP| RHO serve: /app/Request/request
I/APP     ( 2830): I 02/13/2013 12:11:59:903 00000b25           HttpServer| GC Start.
I/APP     ( 2830): I 02/13/2013 12:11:59:978 00000b25           HttpServer| GC End.
I/APP     ( 2830): I 02/13/2013 12:12:00:612 00000b25           HttpServer| Process URI: '/public/images/macotec/forklifter_full.png'
I/APP     ( 2830): I 02/13/2013 12:12:00:677 00000b25           HttpServer| Process URI: '/public/images/macotec/request_contract.png'
I/APP     ( 2830): I 02/13/2013 12:12:00:802 00000b25           HttpServer| Process URI: '/public/jqmobile/images/icons-36-white.png'
E/libEGL  ( 2830): call to OpenGL ES API with no current context (logged once per thread)
D/ShaderProgram( 2830): couldn't load the vertex shader!
E/libEGL  ( 2830): call to OpenGL ES API with no current context (logged once per thread)
D/ShaderProgram( 2830): couldn't load the vertex shader!
E/libEGL  ( 2830): call to OpenGL ES API with no current context (logged once per thread)
D/ShaderProgram( 2830): couldn't load the vertex shader!
E/libEGL  ( 2830): call to OpenGL ES API with no current context (logged once per thread)
D/ShaderProgram( 2830): couldn't load the vertex shader!
E/libEGL  ( 2830): call to OpenGL ES API with no current context (logged once per thread)
D/ShaderProgram( 2830): couldn't load the vertex shader!
I/APP     ( 2830): I 02/13/2013 12:12:13:745 00000b25           HttpServer| Process URI: '/app/Settings'
I/APP     ( 2830): I 02/13/2013 12:12:13:750 00000b25                  APP| RHO serve: /app/Settings
I/APP     ( 2830): I 02/13/2013 12:12:13:783 00000b25              RhoRuby| require_compiled: Settings/settings_controller
I/APP     ( 2830): I 02/13/2013 12:12:13:967 00000b25           HttpServer| GC Start.
I/APP     ( 2830): I 02/13/2013 12:12:14:062 00000b25           HttpServer| GC End.
I/APP     ( 2830): I 02/13/2013 12:12:14:177 00000b25           HttpServer| Process URI: '/app/Settings/get_data'
I/APP     ( 2830): I 02/13/2013 12:12:14:179 00000b25                  APP| RHO serve: /app/Settings/get_data
I/APP     ( 2830): I 02/13/2013 12:12:14:225 00000b0e       SimpleMainView| Cleared URL: javascript:setData("Datenloft","234234234","oliver@datenloft.com");
I/APP     ( 2830): I 02/13/2013 12:12:14:291 00000b25           HttpServer| GC Start.
I/APP     ( 2830): I 02/13/2013 12:12:14:346 00000b25           HttpServer| GC End.
I/APP     ( 2830): I 02/13/2013 12:12:17:374 00000b25           HttpServer| Process URI: '/app/Request/request'
I/APP     ( 2830): I 02/13/2013 12:12:17:379 00000b25                  APP| RHO serve: /app/Request/request
I/APP     ( 2830): I 02/13/2013 12:12:17:548 00000b25           HttpServer| GC Start.
I/APP     ( 2830): I 02/13/2013 12:12:17:643 00000b25           HttpServer| GC End.
I/APP     ( 2830): I 02/13/2013 12:12:20:477 00000b25           HttpServer| Process URI: '/app/Request/request_project'
I/APP     ( 2830): I 02/13/2013 12:12:20:478 00000b25                  APP| RHO serve: /app/Request/request_project
I/APP     ( 2830): I 02/13/2013 12:12:20:619 00000b25           HttpServer| GC Start.
I/APP     ( 2830): I 02/13/2013 12:12:20:698 00000b25           HttpServer| GC End.
I/APP     ( 2830): I 02/13/2013 12:12:24:583 00000b25           HttpServer| Process URI: '/app/Request/request'
I/APP     ( 2830): I 02/13/2013 12:12:24:612 00000b25                  APP| RHO serve: /app/Request/request
I/APP     ( 2830): I 02/13/2013 12:12:24:780 00000b25           HttpServer| GC Start.
I/APP     ( 2830): I 02/13/2013 12:12:24:881 00000b25           HttpServer| GC End.
I/APP     ( 2830): I 02/13/2013 12:12:27:387 00000b25           HttpServer| Process URI: '/app/Request/request_rental'
I/APP     ( 2830): I 02/13/2013 12:12:27:392 00000b25                  APP| RHO serve: /app/Request/request_rental
I/APP     ( 2830): I 02/13/2013 12:12:27:587 00000b25           HttpServer| GC Start.
I/APP     ( 2830): I 02/13/2013 12:12:27:669 00000b25           HttpServer| GC End.
I/APP     ( 2830): I 02/13/2013 12:12:39:001 00000b25           HttpServer| Process URI: '/app/Request/request'
I/APP     ( 2830): I 02/13/2013 12:12:39:006 00000b25                  APP| RHO serve: /app/Request/request
I/APP     ( 2830): I 02/13/2013 12:12:39:129 00000b25           HttpServer| GC Start.
I/APP     ( 2830): I 02/13/2013 12:12:39:211 00000b25           HttpServer| GC End.
D/dalvikvm(  177): GC_CONCURRENT freed 384K, 6% free 9533K/10119K, paused 5ms+4ms
D/AndroidRuntime( 2872): 
D/AndroidRuntime( 2872): >>>>>> AndroidRuntime START com.android.internal.os.RuntimeInit <<<<<<
D/AndroidRuntime( 2872): CheckJNI is ON
D/AndroidRuntime( 2872): Calling main entry com.android.commands.pm.Pm
W/ActivityManager(   85): No content provider found for permission revoke: file:///data/local/tmp/macotec-debug.apk
W/ActivityManager(   85): No content provider found for permission revoke: file:///data/local/tmp/macotec-debug.apk
D/dalvikvm(   85): GC_CONCURRENT freed 385K, 13% free 11358K/12935K, paused 6ms+12ms
D/dalvikvm(   85): GC_CONCURRENT freed 279K, 11% free 11582K/12935K, paused 5ms+7ms
D/dalvikvm(   85): GC_CONCURRENT freed 401K, 9% free 11786K/12935K, paused 7ms+11ms
D/dalvikvm(   85): GC_CONCURRENT freed 633K, 10% free 11749K/12935K, paused 13ms+45ms
D/dalvikvm(   85): GC_CONCURRENT freed 584K, 10% free 11752K/12935K, paused 43ms+56ms
D/dalvikvm(   85): GC_CONCURRENT freed 567K, 10% free 11767K/12935K, paused 27ms+51ms
D/dalvikvm(   85): GC_CONCURRENT freed 622K, 10% free 11760K/12935K, paused 7ms+8ms
I/PackageManager(   85): Removing non-system package:com.rhomobile.macotec
I/ActivityManager(   85): Force stopping package com.rhomobile.macotec uid=10040
I/ActivityManager(   85): Killing proc 2830:com.rhomobile.macotec/10040: force stop
W/ActivityManager(   85): Force removing ActivityRecord{41461370 com.rhomobile.macotec/com.rhomobile.rhodes.RhodesActivity}: app died, no saved state
W/InputDispatcher(   85): channel '4142e298 com.rhomobile.macotec/com.rhomobile.rhodes.RhodesActivity (server)' ~ Consumer closed input channel or an error occurred.  events=0x8
E/InputDispatcher(   85): channel '4142e298 com.rhomobile.macotec/com.rhomobile.rhodes.RhodesActivity (server)' ~ Channel is unrecoverably broken and will be disposed!
I/WindowManager(   85): WINDOW DIED Window{4142e298 com.rhomobile.macotec/com.rhomobile.rhodes.RhodesActivity paused=false}
W/InputDispatcher(   85): Attempted to unregister already unregistered input channel '4142e298 com.rhomobile.macotec/com.rhomobile.rhodes.RhodesActivity (server)'
I/PackageManager(   85): Package com.rhomobile.macotec codePath changed from /data/app/com.rhomobile.macotec-2.apk to /data/app/com.rhomobile.macotec-1.apk; Retaining data and using new
W/NetworkManagementSocketTagger(   85): setKernelCountSet(10040, 0) failed with errno -2
W/NetworkManagementSocketTagger(   85): setKernelCountSet(10009, 1) failed with errno -2
I/Process (   85): Sending signal. PID: 198 SIG: 3
I/dalvikvm(  198): threadid=3: reacting to signal 3
I/dalvikvm(  198): Wrote stack traces to '/data/anr/traces.txt'
W/InputManagerService(   85): Got RemoteException sending setActive(false) notification to pid 2830 uid 10040
I/Process (   85): Sending signal. PID: 198 SIG: 3
I/dalvikvm(  198): threadid=3: reacting to signal 3
I/dalvikvm(  198): Wrote stack traces to '/data/anr/traces.txt'
D/dalvikvm(  145): GC_CONCURRENT freed 475K, 30% free 10320K/14599K, paused 3ms+6ms
I/PackageManager(   85): Running dexopt on: com.rhomobile.macotec
D/dalvikvm( 2883): DexOpt: load 94ms, verify+opt 516ms
W/PackageManager(   85): Code path for pkg : com.rhomobile.macotec changing from /data/app/com.rhomobile.macotec-2.apk to /data/app/com.rhomobile.macotec-1.apk
W/PackageManager(   85): Resource path for pkg : com.rhomobile.macotec changing from /data/app/com.rhomobile.macotec-2.apk to /data/app/com.rhomobile.macotec-1.apk
I/ActivityManager(   85): Force stopping package com.rhomobile.macotec uid=10040
D/PackageManager(   85): New package installed in /data/app/com.rhomobile.macotec-1.apk
D/dalvikvm(   85): GC_CONCURRENT freed 556K, 9% free 11775K/12935K, paused 5ms+14ms
I/ActivityManager(   85): Force stopping package com.rhomobile.macotec uid=10040
D/dalvikvm(  198): GC_EXPLICIT freed 273K, 7% free 11324K/12103K, paused 29ms+4ms
D/dalvikvm(  234): GC_EXPLICIT freed 150K, 4% free 9389K/9735K, paused 4ms+12ms
D/dalvikvm(   85): GC_EXPLICIT freed 545K, 13% free 11316K/12935K, paused 5ms+9ms
D/PackageManager(   85): generateServicesMap(android.accounts.AccountAuthenticator): 2 services unchanged
D/PackageManager(   85): generateServicesMap(android.content.SyncAdapter): 4 services unchanged
D/BackupManagerService(   85): Received broadcast Intent { act=android.intent.action.PACKAGE_REMOVED dat=package:com.rhomobile.macotec flg=0x10000010 (has extras) }
I/AccountTypeManager(  272): Loaded meta-data for 1 account types, 0 accounts in 265ms(wall) 6ms(cpu)
D/PackageManager(   85): generateServicesMap(android.accounts.AccountAuthenticator): 2 services unchanged
D/PackageManager(   85): generateServicesMap(android.content.SyncAdapter): 4 services unchanged
D/BackupManagerService(   85): Received broadcast Intent { act=android.intent.action.PACKAGE_ADDED dat=package:com.rhomobile.macotec flg=0x10000010 (has extras) }
V/BackupManagerService(   85): updatePackageParticipantsLocked: #1
W/RecognitionManagerService(   85): no available voice recognition services found
I/AccountTypeManager(  272): Loaded meta-data for 1 account types, 0 accounts in 81ms(wall) 6ms(cpu)
D/BackupManagerService(   85): Received broadcast Intent { act=android.intent.action.PACKAGE_REPLACED dat=package:com.rhomobile.macotec flg=0x10000010 (has extras) }
V/BackupManagerService(   85): updatePackageParticipantsLocked: #1
D/dalvikvm(   85): GC_CONCURRENT freed 449K, 12% free 11441K/12935K, paused 5ms+9ms
D/dalvikvm(   85): GC_EXPLICIT freed 203K, 13% free 11296K/12935K, paused 5ms+18ms
D/AndroidRuntime( 2872): Shutting down VM
D/dalvikvm( 2872): GC_CONCURRENT freed 97K, 79% free 450K/2048K, paused 1ms+5ms
I/AndroidRuntime( 2872): NOTE: attach of thread 'Binder Thread #3' failed
D/AndroidRuntime( 2891): 
D/AndroidRuntime( 2891): >>>>>> AndroidRuntime START com.android.internal.os.RuntimeInit <<<<<<
D/AndroidRuntime( 2891): CheckJNI is ON
D/AndroidRuntime( 2891): Calling main entry com.android.commands.am.Am
I/ActivityManager(   85): START {act=android.intent.action.MAIN flg=0x10000000 cmp=com.rhomobile.macotec/com.rhomobile.rhodes.RhodesActivity} from pid 2891
W/WindowManager(   85): Failure taking screenshot for (180x273) to layer 21005
D/AndroidRuntime( 2891): Shutting down VM
I/AndroidRuntime( 2891): NOTE: attach of thread 'Binder Thread #3' failed
D/dalvikvm( 2891): GC_CONCURRENT freed 97K, 77% free 480K/2048K, paused 3ms+4ms
I/ActivityManager(   85): Start proc com.rhomobile.macotec for activity com.rhomobile.macotec/com.rhomobile.rhodes.RhodesActivity: pid=2902 uid=10040 gids={3003}
I/dalvikvm( 2902): Turning on JNI app bug workarounds for target SDK version 4...
W/NetworkManagementSocketTagger(   85): setKernelCountSet(10040, 1) failed with errno -2
I/Process (   85): Sending signal. PID: 2902 SIG: 3
I/dalvikvm( 2902): threadid=3: reacting to signal 3
I/dalvikvm( 2902): Wrote stack traces to '/data/anr/traces.txt'
D/dalvikvm( 2902): Trying to load lib /data/data/com.rhomobile.macotec/lib/librhodes.so 0x4129dbe0
I/Process (   85): Sending signal. PID: 2902 SIG: 3
I/dalvikvm( 2902): threadid=3: reacting to signal 3
I/dalvikvm( 2902): Wrote stack traces to '/data/anr/traces.txt'
D/dalvikvm( 2902): Added shared lib /data/data/com.rhomobile.macotec/lib/librhodes.so 0x4129dbe0
D/dalvikvm( 2902): Trying to load lib /data/data/com.rhomobile.macotec/lib/librhodes.so 0x4129dbe0
D/dalvikvm( 2902): Shared lib '/data/data/com.rhomobile.macotec/lib/librhodes.so' already loaded in same CL 0x4129dbe0
I/ActivityThread( 2902): Pub com.rhomobile.macotec: com.rhomobile.rhodes.LocalFileProvider
I/RhodesApplication( 2902): Initializing...
D/RhoFileApi( 2902): App root path: /data/data/com.rhomobile.macotec/rhodata/
D/RhoFileApi( 2902): Sqlite journals path: /data/data/com.rhomobile.macotec/sqlite_stmt_journals/
D/RhoFileApi( 2902): Shared path: /data/data/com.rhomobile.macotec/rhodata/
D/RhodesApplication( 2902): Root path: /data/data/com.rhomobile.macotec/rhodata/
I/RhodesApplication( 2902): Application hash was changed
D/RhoFileApi( 2902): Copy hash to FS
D/RhoFileApi( 2902): File hash copied
D/RhoFileApi( 2902): Copy rho.dat to FS
D/RhoFileApi( 2902): File rho.dat copied
D/RhoFileApi( 2902): Copy apps/rhoconfig.txt to FS
D/RhoFileApi( 2902): File apps/rhoconfig.txt copied
I/Process (   85): Sending signal. PID: 2902 SIG: 3
I/dalvikvm( 2902): threadid=3: reacting to signal 3
I/dalvikvm( 2902): Wrote stack traces to '/data/anr/traces.txt'
I/RhoFileApi( 2902): Opening stat table from FS: /data/data/com.rhomobile.macotec/rhodata/rho.dat
D/RhoFileApi( 2902): Copy apps/rhoconfig.txt to FS
D/RhoFileApi( 2902): File apps/rhoconfig.txt copied
D/RhoFileApi( 2902): App root path: /data/data/com.rhomobile.macotec/rhodata/
D/RhoFileApi( 2902): Sqlite journals path: /data/data/com.rhomobile.macotec/sqlite_stmt_journals/
D/RhoFileApi( 2902): Shared path: /data/data/com.rhomobile.macotec/rhodata/
I/APP     ( 2902): I 02/13/2013 12:15:05:261 00000b56    RhodesApplication| Initialized
D/dalvikvm(   85): GC_EXPLICIT freed 66K, 13% free 11338K/12935K, paused 6ms+7ms
I/APP     ( 2902): I 02/13/2013 12:15:05:462 00000b56         BaseActivity| New screen properties - width: 480, height: 728, orientation: 1
I/Process (   85): Sending signal. PID: 2902 SIG: 3
I/dalvikvm( 2902): threadid=3: reacting to signal 3
I/dalvikvm( 2902): Wrote stack traces to '/data/anr/traces.txt'
I/APP     ( 2902): I 02/13/2013 12:15:05:747 00000b56         SplashScreen| Looking for start page source
D/dalvikvm( 2902): GC_CONCURRENT freed 285K, 4% free 9228K/9607K, paused 4ms+4ms
I/Process (   85): Sending signal. PID: 2902 SIG: 3
I/dalvikvm( 2902): threadid=3: reacting to signal 3
D/dalvikvm( 2902): GC_FOR_ALLOC freed 5K, 4% free 9226K/9607K, paused 81ms
I/dalvikvm( 2902): Wrote stack traces to '/data/anr/traces.txt'
I/dalvikvm-heap( 2902): Grow heap (frag case) to 12.145MB for 3217300-byte allocation
D/dalvikvm( 2902): GC_FOR_ALLOC freed <1K, 4% free 12368K/12807K, paused 59ms
I/Process (   85): Sending signal. PID: 2902 SIG: 3
I/dalvikvm( 2902): threadid=3: reacting to signal 3
I/dalvikvm( 2902): Wrote stack traces to '/data/anr/traces.txt'
I/APP     ( 2902): I 02/13/2013 12:15:06:668 00000b56         SplashScreen| Done
I/APP     ( 2902): I 02/13/2013 12:15:06:673 00000b56    RhodesApplication| New UiState: MainActivityCreated
I/APP     ( 2902): I 02/13/2013 12:15:06:713 00000b56       RhodesActivity| onStart
I/APP     ( 2902): I 02/13/2013 12:15:06:718 00000b56    RhodesApplication| New UiState: MainActivityStarted
I/APP     ( 2902): I 02/13/2013 12:15:06:754 00000b56       RhodesActivity| onResume
I/APP     ( 2902): I 02/13/2013 12:15:06:759 00000b56 AndroidFunctionality| Resume WebView
I/APP     ( 2902): I 02/13/2013 12:15:06:820 00000b56        RhodesService| onCreate
I/APP     ( 2902): I 02/13/2013 12:15:06:824 00000b56    LocalFileProvider| Revoke URI permissions: content:///com.rhomobile.macotec
W/ActivityManager(   85): No content provider found for permission revoke: content:///com.rhomobile.macotec
I/APP     ( 2902): I 02/13/2013 12:15:06:863 00000b56               Rhodes| Loading...
I/APP     ( 2902): I 02/13/2013 12:15:06:884 00000b56            RhodesApp| Trying to get free listening port.
I/APP     ( 2902): I 02/13/2013 12:15:06:888 00000b56            RhodesApp| Trying to bind of 8080 port...
I/APP     ( 2902): I 02/13/2013 12:15:06:917 00000b56            RhodesApp| Got port to bind on: 8080
I/APP     ( 2902): I 02/13/2013 12:15:06:921 00000b56            RhodesApp| Free listening port: 8080
I/Process (   85): Sending signal. PID: 2902 SIG: 3
I/dalvikvm( 2902): threadid=3: reacting to signal 3
I/APP     ( 2902): I 02/13/2013 12:15:06:916 00000b6a         AppCallbacks| Starting main routine...
I/APP     ( 2902): I 02/13/2013 12:15:06:995 00000b6a         AppCallbacks| ThreadQueue blocked for 4294967295 seconds...
I/dalvikvm( 2902): Wrote stack traces to '/data/anr/traces.txt'
I/APP     ( 2902): I 02/13/2013 12:15:07:086 00000b56        RhodesService| Push is disabled
I/APP     ( 2902): I 02/13/2013 12:15:07:116 00000b56            RhodesApp| callAppActiveCallback
I/APP     ( 2902): I 02/13/2013 12:15:07:120 00000b56         AppCallbacks| addCommand: APP-ACTIVATED
I/APP     ( 2902): I 02/13/2013 12:15:07:142 00000b6a         AppCallbacks| Received command APP-ACTIVATED which is greater than expected (LOCAL-SERVER-STARTED) - postpone it
I/APP     ( 2902): I 02/13/2013 12:15:07:143 00000b6a         AppCallbacks| ThreadQueue blocked for 4294967295 seconds...
I/APP     ( 2902): I 02/13/2013 12:15:07:167 00000b56         AppActivated| Cannot commit now, application will be activated when started.
I/APP     ( 2902): I 02/13/2013 12:15:07:172 00000b56    RhodesApplication| New AppState: Undefined
D/RhodesService( 2902): +++ onStartCommand
I/RhodesService( 2902): handleCommand: startId=1, source=com.rhomobile.rhodes.BaseActivity
I/APP     ( 2902): I 02/13/2013 12:15:07:187 00000b6c            RhodesApp| Starting RhodesApp main routine...
D/RhodesService( 2902): New activity was created
I/APP     ( 2902): I 02/13/2013 12:15:07:236 00000b56        RhodesService| onBind
I/APP     ( 2902): I 02/13/2013 12:15:07:303 00000b56         AppCallbacks| addCommand: UI-CREATED
I/APP     ( 2902): I 02/13/2013 12:15:07:325 00000b6a         AppCallbacks| Received command UI-CREATED which is greater than expected (LOCAL-SERVER-STARTED) - postpone it
I/APP     ( 2902): I 02/13/2013 12:15:07:326 00000b6a         AppCallbacks| ThreadQueue blocked for 4294967295 seconds...
V/PhoneStatusBar(  145): setLightsOn(true)
I/Process (   85): Sending signal. PID: 2902 SIG: 3
I/dalvikvm( 2902): threadid=3: reacting to signal 3
I/dalvikvm( 2902): Wrote stack traces to '/data/anr/traces.txt'
I/APP     ( 2902): I 02/13/2013 12:15:07:549 00000b56       RhodesActivity| onServiceConnected: {com.rhomobile.macotec/com.rhomobile.rhodes.RhodesService}
I/APP     ( 2902): I 02/13/2013 12:15:07:594 00000b56       RhodesActivity| New start parameters: 
I/APP     ( 2902): I 02/13/2013 12:15:07:622 00000b56            RhodesApp| New start params: 
D/gralloc_goldfish( 2902): Emulator without GPU emulation detected.
I/Process (   85): Sending signal. PID: 2902 SIG: 3
I/dalvikvm( 2902): threadid=3: reacting to signal 3
I/dalvikvm( 2902): Wrote stack traces to '/data/anr/traces.txt'
D/dalvikvm(  162): GC_EXPLICIT freed 202K, 6% free 9373K/9927K, paused 5ms+198ms
I/ActivityManager(   85): Displayed com.rhomobile.macotec/com.rhomobile.rhodes.RhodesActivity: +6s696ms
I/APP     ( 2902): I 02/13/2013 12:15:08:579 00000b6c              RhoRuby| Init_RhoBlobs: /data/data/com.rhomobile.macotec/rhodata/db/db-files
I/APP     ( 2902): I 02/13/2013 12:15:08:729 00000b6c              RhoRuby| require_compiled: rhoframework
I/APP     ( 2902): I 02/13/2013 12:15:08:849 00000b6c              RhoRuby| require_compiled: rational
I/APP     ( 2902): I 02/13/2013 12:15:08:894 00000b6c              RhoRuby| require_compiled: rhom/rhom_db_adapter
I/APP     ( 2902): I 02/13/2013 12:15:09:015 00000b6c              RhoRuby| require_compiled: rhodes
I/APP     ( 2902): I 02/13/2013 12:15:09:059 00000b6c              RhoRuby| require_compiled: rhom/rhom_object
I/APP     ( 2902): I 02/13/2013 12:15:09:136 00000b6c              RhoRuby| require_compiled: rhofsconnector
I/APP     ( 2902): I 02/13/2013 12:15:09:180 00000b6c              RhoRuby| require_compiled: rho/rhofsconnector
I/APP     ( 2902): I 02/13/2013 12:15:09:242 00000b6c              RhoRuby| require_compiled: rhom/rhom_object_factory
W/NetworkManagementSocketTagger(   85): setKernelCountSet(10009, 0) failed with errno -2
I/APP     ( 2902): I 02/13/2013 12:15:09:556 00000b6c              RhoRuby| require_compiled: rhom/rhom
I/APP     ( 2902): I 02/13/2013 12:15:09:618 00000b6c              RhoRuby| require_compiled: rhom/rhom_model
I/APP     ( 2902): I 02/13/2013 12:15:09:671 00000b6c              RhoRuby| require_compiled: rhom
I/APP     ( 2902): I 02/13/2013 12:15:09:710 00000b6c              RhoRuby| require_compiled: rho/rhoapplication
I/APP     ( 2902): I 02/13/2013 12:15:09:770 00000b6c              RhoRuby| require_compiled: rholang/localization_simplified
I/APP     ( 2902): I 02/13/2013 12:15:09:832 00000b6c              RhoRuby| require_compiled: rho/rhomsg
I/APP     ( 2902): I 02/13/2013 12:15:09:867 00000b6c              RhoRuby| require_compiled: rho/rhotabbar
I/APP     ( 2902): I 02/13/2013 12:15:09:909 00000b6c              RhoRuby| require_compiled: rho/rhotoolbar
I/APP     ( 2902): I 02/13/2013 12:15:09:948 00000b6c                  APP| Current locale: ; Country code: 
I/APP     ( 2902): I 02/13/2013 12:15:09:976 00000b6c                  APP| Locilized file: /data/data/com.rhomobile.macotec/rhodata/lib/rholang/lang_
I/APP     ( 2902): I 02/13/2013 12:15:09:999 00000b6c              RhoRuby| require_compiled: /data/data/com.rhomobile.macotec/rhodata/lib/rholang/lang_en
I/APP     ( 2902): I 02/13/2013 12:15:10:053 00000b6c                  APP| Locilized file: /data/data/com.rhomobile.macotec/rhodata/apps/app/lang/lang_
I/APP     ( 2902): I 02/13/2013 12:15:10:081 00000b6c                  APP| Locilized file: /data/data/com.rhomobile.macotec/rhodata/lib/rholang/rhoerror_
I/APP     ( 2902): I 02/13/2013 12:15:10:085 00000b6c              RhoRuby| require_compiled: /data/data/com.rhomobile.macotec/rhodata/lib/rholang/rhoerror_en
I/APP     ( 2902): I 02/13/2013 12:15:10:134 00000b6c                  APP| Locilized file: /data/data/com.rhomobile.macotec/rhodata/lib/rholang/rhomsg_
I/APP     ( 2902): I 02/13/2013 12:15:10:138 00000b6c              RhoRuby| require_compiled: /data/data/com.rhomobile.macotec/rhodata/lib/rholang/rhomsg_en
I/APP     ( 2902): I 02/13/2013 12:15:10:169 00000b6c              RhoRuby| require_compiled: indifferent_access
I/APP     ( 2902): I 02/13/2013 12:15:10:250 00000b6c              RhoRuby| require_compiled: rho/rhosupport
I/APP     ( 2902): I 02/13/2013 12:15:10:314 00000b6c              RhoRuby| require_compiled: rho/rhocontroller
I/APP     ( 2902): I 02/13/2013 12:15:10:370 00000b6c              RhoRuby| require_compiled: rho/render
I/APP     ( 2902): I 02/13/2013 12:15:10:439 00000b6c              RhoRuby| require_compiled: rho/rho
I/APP     ( 2902): I 02/13/2013 12:15:10:615 00000b6c              RhoRuby| require_compiled: rho/rhoerror
I/APP     ( 2902): I 02/13/2013 12:15:10:663 00000b6c              RhoRuby| require_compiled: rhom/rhom_source
I/APP     ( 2902): I 02/13/2013 12:15:10:731 00000b6c              RhoRuby| require_compiled: rho/rhoviewhelpers
I/APP     ( 2902): I 02/13/2013 12:15:10:781 00000b6c              RhoRuby| require_compiled: rho
I/APP     ( 2902): I 02/13/2013 12:15:10:822 00000b6c                  APP| RHO loaded
I/APP     ( 2902): I 02/13/2013 12:15:10:826 00000b6c                  APP| Calling RHO.initialize
I/APP     ( 2902): I 02/13/2013 12:15:10:864 00000b6c                  APP| model file: Settings/settings
I/APP     ( 2902): I 02/13/2013 12:15:10:895 00000b6c                  APP| model file: Product/product
I/APP     ( 2902): I 02/13/2013 12:15:10:899 00000b6c                  APP| model file: Request/request
I/APP     ( 2902): I 02/13/2013 12:15:10:935 00000b6c                   DB| Open DB: /data/data/com.rhomobile.macotec/rhodata/db/syncdbuser.sqlite
I/APP     ( 2902): I 02/13/2013 12:15:10:985 00000b6c          GeoLocation| Creating singleton instance.
I/APP     ( 2902): I 02/13/2013 12:15:10:992 00000b6c            RhodesApp| Starting sync engine...
I/APP     ( 2902): I 02/13/2013 12:15:11:024 00000b6c                 Sync| sync_poll_interval: 0
I/APP     ( 2902): I 02/13/2013 12:15:11:032 00000b6c                 Sync| syncserver: 
I/APP     ( 2902): I 02/13/2013 12:15:11:061 00000b6c                 Sync| bulksync_state: 0
I/APP     ( 2902): I 02/13/2013 12:15:11:065 00000b6c            RhodesApp| RhoRubyInitApp...
I/APP     ( 2902): I 02/13/2013 12:15:11:095 00000b6c                  APP| init_app
I/APP     ( 2902): I 02/13/2013 12:15:11:100 00000b6c              RhoRuby| require_compiled: application
I/APP     ( 2902): I 02/13/2013 12:15:11:138 00000b6c                 Sync| Set notification. Source ID: -1;Url :http://localhost:8080/app/Settings/sync_notify; Params: 
I/APP     ( 2902): I 02/13/2013 12:15:11:143 00000b6c           HttpServer| Start HTTP server
I/APP     ( 2902): I 02/13/2013 12:15:11:159 00000b6c           HttpServer| Listen for connections on port 8080
I/APP     ( 2902): I 02/13/2013 12:15:11:164 00000b6c         AppCallbacks| addCommand: LOCAL-SERVER-STARTED
I/APP     ( 2902): I 02/13/2013 12:15:11:195 00000b6a         AppCallbacks| process command: LOCAL-SERVER-STARTED
I/APP     ( 2902): I 02/13/2013 12:15:11:196 00000b6a RhodesAppActiveObserver| Ready
I/APP     ( 2902): I 02/13/2013 12:15:11:220 00000b56 AndroidFunctionality| Disable WebView zoom
I/APP     ( 2902): I 02/13/2013 12:15:11:224 00000b56 AndroidFunctionality| Set web plugins state 'OFF'
I/APP     ( 2902): I 02/13/2013 12:15:11:246 00000b6a    RhodesApplication| New AppState: AppActivated
I/APP     ( 2902): I 02/13/2013 12:15:11:251 00000b6a         AppCallbacks| process command: UI-CREATED
I/APP     ( 2902): I 02/13/2013 12:15:11:328 00000b6c           HttpServer| Process URI: '/system/uicreated'
I/APP     ( 2902): I 02/13/2013 12:15:11:334 00000b6c                  APP| on_ui_created.navigate to start url: '/app'
I/APP     ( 2902): I 02/13/2013 12:15:11:348 00000b56         SplashScreen| navigate: url=http://localhost:8080/app
I/APP     ( 2902): I 02/13/2013 12:15:11:349 00000b56         SplashScreen| DELAY for SplashScreen = 0
I/APP     ( 2902): I 02/13/2013 12:15:11:428 00000b56        GoogleWebView| Creating new RhoWebChromeClient
I/APP     ( 2902): I 02/13/2013 12:15:11:446 00000b56       SimpleMainView| Cleared URL: http://localhost:8080/app
I/APP     ( 2902): I 02/13/2013 12:15:11:465 00000b6a         AppCallbacks| process command: APP-ACTIVATED
I/APP     ( 2902): I 02/13/2013 12:15:11:506 00000b6c           HttpServer| Process URI: '/system/activateapp'
V/SimpleMainView.View( 2902): ms[1360754111511]  Main Window :: onSizeChanged() old [ 480 x 652 ]  new [ 0 x 0 ]
I/APP     ( 2902): I 02/13/2013 12:15:11:542 00000b6a         AppCallbacks| ThreadQueue blocked for 4294967295 seconds...
I/APP     ( 2902): I 02/13/2013 12:15:11:604 00000b56        GoogleWebView| Setting RhoWebChromeClient
I/APP     ( 2902): I 02/13/2013 12:15:11:758 00000b6c           HttpServer| Process URI: '/app'
I/APP     ( 2902): I 02/13/2013 12:15:11:813 00000b56     RhoWebViewClient| Loading URL: http://localhost:8080/app/index_erb.iseq
I/APP     ( 2902): I 02/13/2013 12:15:11:910 00000b6c           HttpServer| Process URI: '/app/index_erb.iseq'
I/APP     ( 2902): I 02/13/2013 12:15:11:930 00000b6c                  APP| RHO serve_index: /app/index_erb.iseq
I/APP     ( 2902): I 02/13/2013 12:15:11:965 00000b6c RHO Rho::RhoController| inst_render_index
I/APP     ( 2902): I 02/13/2013 12:15:12:077 00000b6c RHO Rho::RhoController| index layout
I/APP     ( 2902): I 02/13/2013 12:15:12:162 00000b6c           HttpServer| GC Start.
I/APP     ( 2902): I 02/13/2013 12:15:12:262 00000b6c           HttpServer| GC End.
I/APP     ( 2902): I 02/13/2013 12:15:12:391 00000b6c           HttpServer| Process URI: '/public/js/request.js'
I/APP     ( 2902): I 02/13/2013 12:15:12:507 00000b6c           HttpServer| Process URI: '/public/jquery/jquery-1.6.4.min.js'
I/APP     ( 2902): I 02/13/2013 12:15:12:591 00000b6c           HttpServer| Process URI: '/public/jquery/jquery.json-2.3.min.js'
I/APP     ( 2902): I 02/13/2013 12:15:12:721 00000b6c           HttpServer| Process URI: '/public/jqmobile/jquery.mobile-1.0.1.min.css'
I/APP     ( 2902): I 02/13/2013 12:15:12:847 00000b6c           HttpServer| Process URI: '/public/css/jqmobile-patch.css'
I/APP     ( 2902): I 02/13/2013 12:15:12:886 00000b6c           HttpServer| Process URI: '/public/jqmobile/jquery.mobile-1.0.1.min.js'
I/APP     ( 2902): I 02/13/2013 12:15:13:055 00000b6c           HttpServer| Process URI: '/public/js/jqmobile-patch.js'
I/APP     ( 2902): I 02/13/2013 12:15:13:118 00000b6c           HttpServer| Process URI: '/public/css/macotec_style.css'
I/APP     ( 2902): I 02/13/2013 12:15:16:325 00000b6c           HttpServer| Process URI: '/public/images/macotec/logo.png'
I/APP     ( 2902): I 02/13/2013 12:15:17:218 00000b6c           HttpServer| Process URI: '/public/images/macotec/request_top.png'
I/APP     ( 2902): I 02/13/2013 12:15:17:346 00000b6c           HttpServer| Process URI: '/public/images/macotec/contact_png.png'
I/APP     ( 2902): I 02/13/2013 12:15:17:399 00000b6c           HttpServer| Process URI: '/public/images/macotec/products_png.png'
I/APP     ( 2902): I 02/13/2013 12:15:17:448 00000b6c           HttpServer| Process URI: '/public/images/macotec/info_png.png'
I/APP     ( 2902): I 02/13/2013 12:15:23:271 00000b6c           HttpServer| Process URI: '/app/index_erb.iseq'
I/APP     ( 2902): I 02/13/2013 12:15:23:535 00000b6c                  APP| RHO serve_index: /app/index_erb.iseq
I/APP     ( 2902): I 02/13/2013 12:15:23:655 00000b6c RHO Rho::RhoController| inst_render_index
I/APP     ( 2902): I 02/13/2013 12:15:24:052 00000b6c RHO Rho::RhoController| index layout
I/APP     ( 2902): I 02/13/2013 12:15:24:530 00000b6c           HttpServer| GC Start.
I/APP     ( 2902): I 02/13/2013 12:15:24:882 00000b6c           HttpServer| GC End.
I/APP     ( 2902): I 02/13/2013 12:15:25:729 00000b6c           HttpServer| Process URI: '/favicon.ico'
I/APP     ( 2902): E 02/13/2013 12:15:25:793 00000b6c           HttpServer| The file /favicon.ico was not found
I/APP     ( 2902): I 02/13/2013 12:15:26:438 00000b6c           HttpServer| Process URI: '/app/Request/request'
I/APP     ( 2902): I 02/13/2013 12:15:26:493 00000b6c                  APP| RHO serve: /app/Request/request
I/APP     ( 2902): I 02/13/2013 12:15:26:618 00000b6c              RhoRuby| require_compiled: Request/request_controller
I/APP     ( 2902): I 02/13/2013 12:15:26:930 00000b6c              RhoRuby| require_compiled: helpers/browser_helper
I/APP     ( 2902): I 02/13/2013 12:15:27:119 00000b6c              RhoRuby| require_compiled: time
I/APP     ( 2902): I 02/13/2013 12:15:27:511 00000b6c              RhoRuby| require_compiled: date/format
I/APP     ( 2902): I 02/13/2013 12:15:28:380 00000b6c              RhoRuby| require_compiled: date
I/APP     ( 2902): I 02/13/2013 12:15:28:529 00000b6c              RhoRuby| require_compiled: dateOrig
D/dalvikvm( 2902): GC_CONCURRENT freed 899K, 8% free 12501K/13575K, paused 28ms+30ms
D/webviewglue( 2902): nativeDestroy view: 0x294df0
I/APP     ( 2902): E 02/13/2013 12:15:30:058 00000b6c               RubyVM| lib/date.rb:14: warning: already initialized constant MONTHNAMES
I/APP     ( 2902): E 02/13/2013 12:15:30:062 00000b6c               RubyVM| lib/date.rb:15: warning: already initialized constant ABBR_MONTHNAMES
I/APP     ( 2902): E 02/13/2013 12:15:30:104 00000b6c               RubyVM| lib/date.rb:16: warning: already initialized constant DAYNAMES
I/APP     ( 2902): E 02/13/2013 12:15:30:107 00000b6c               RubyVM| lib/date.rb:17: warning: already initialized constant ABBR_DAYNAMES
I/APP     ( 2902): I 02/13/2013 12:15:30:140 00000b6c              RhoRuby| require_compiled: json
I/APP     ( 2902): I 02/13/2013 12:15:30:165 00000b6c              RhoRuby| require_compiled: json/common
I/APP     ( 2902): I 02/13/2013 12:15:30:242 00000b6c              RhoRuby| require_compiled: json/version
I/APP     ( 2902): I 02/13/2013 12:15:30:282 00000b6c              RhoRuby| require_compiled: json/pure
I/APP     ( 2902): I 02/13/2013 12:15:30:326 00000b6c              RhoRuby| require_compiled: json/pure/generator
I/APP     ( 2902): I 02/13/2013 12:15:30:432 00000b6c           HttpServer| GC Start.
I/APP     ( 2902): I 02/13/2013 12:15:30:533 00000b6c           HttpServer| GC End.
I/APP     ( 2902): I 02/13/2013 12:15:30:539 00000b6c           HttpServer| Process URI: '/favicon.ico'
I/APP     ( 2902): E 02/13/2013 12:15:30:577 00000b6c           HttpServer| The file /favicon.ico was not found
I/APP     ( 2902): I 02/13/2013 12:15:31:715 00000b6c           HttpServer| Process URI: '/app/Request/request_rental'
I/APP     ( 2902): I 02/13/2013 12:15:31:741 00000b6c                  APP| RHO serve: /app/Request/request_rental
I/APP     ( 2902): I 02/13/2013 12:15:31:764 00000b6c                  APP| const_missing: Product
I/APP     ( 2902): I 02/13/2013 12:15:31:787 00000b6c                  APP| load_model: Product
I/APP     ( 2902): I 02/13/2013 12:15:31:817 00000b6c              RhoRuby| require_compiled: Product/product
I/APP     ( 2902): I 02/13/2013 12:15:31:874 00000b6c                  APP| model name: Product
I/APP     ( 2902): I 02/13/2013 12:15:31:895 00000b6c                  APP| model class found
I/APP     ( 2902): I 02/13/2013 12:15:31:901 00000b6c                  APP| Product : {"property"=>{}}
I/APP     ( 2902): I 02/13/2013 12:15:31:931 00000b6c                   DB| Open DB: /data/data/com.rhomobile.macotec/rhodata/db/syncdblocal.sqlite
I/APP     ( 2902): I 02/13/2013 12:15:31:999 00000b6c                  APP| init_db_sources
I/APP     ( 2902): I 02/13/2013 12:15:32:057 00000b6c                  APP| start_id: 40005
I/APP     ( 2902): I 02/13/2013 12:15:32:062 00000b6c                  APP| Migrate schema sources: {}
I/APP     ( 2902): I 02/13/2013 12:15:32:118 00000b6c                  APP| const_missing: Settings
I/APP     ( 2902): I 02/13/2013 12:15:32:121 00000b6c                  APP| load_model: Settings
I/APP     ( 2902): I 02/13/2013 12:15:32:170 00000b6c              RhoRuby| require_compiled: Settings/settings
I/APP     ( 2902): I 02/13/2013 12:15:32:209 00000b6c                  APP| model name: Settings
I/APP     ( 2902): I 02/13/2013 12:15:32:214 00000b6c                  APP| model class found
I/APP     ( 2902): I 02/13/2013 12:15:32:251 00000b6c                  APP| Settings : {"schema"=>{"property"=>{"company"=>[:string, nil], "phone"=>[:string, nil], "email"=>[:string, nil]}}}
I/APP     ( 2902): I 02/13/2013 12:15:32:258 00000b6c                  APP| init_db_sources
I/APP     ( 2902): I 02/13/2013 12:15:32:301 00000b6c                  APP| start_id: 40005
I/APP     ( 2902): I 02/13/2013 12:15:32:305 00000b6c                  APP| Migrate schema sources: {}
I/APP     ( 2902): I 02/13/2013 12:15:32:396 00000b6c           HttpServer| GC Start.
I/APP     ( 2902): I 02/13/2013 12:15:32:482 00000b6c           HttpServer| GC End.
I/APP     ( 2902): I 02/13/2013 12:15:32:533 00000b6c           HttpServer| Process URI: '/favicon.ico'
I/APP     ( 2902): E 02/13/2013 12:15:32:564 00000b6c           HttpServer| The file /favicon.ico was not found
I/APP     ( 2902): I 02/13/2013 12:15:35:573 00000b6c           HttpServer| Process URI: '/favicon.ico'
I/APP     ( 2902): E 02/13/2013 12:15:35:575 00000b6c           HttpServer| The file /favicon.ico was not found
I/APP     ( 2902): I 02/13/2013 12:15:35:653 00000b6c           HttpServer| Process URI: '/app/Request/request'
I/APP     ( 2902): I 02/13/2013 12:15:35:657 00000b6c                  APP| RHO serve: /app/Request/request
I/APP     ( 2902): I 02/13/2013 12:15:35:726 00000b6c           HttpServer| GC Start.
I/APP     ( 2902): I 02/13/2013 12:15:35:821 00000b6c           HttpServer| GC End.
I/APP     ( 2902): I 02/13/2013 12:15:36:692 00000b6c           HttpServer| Process URI: '/app/Request/request_project'
I/APP     ( 2902): I 02/13/2013 12:15:36:698 00000b6c                  APP| RHO serve: /app/Request/request_project
I/APP     ( 2902): I 02/13/2013 12:15:36:762 00000b6c           HttpServer| GC Start.
I/APP     ( 2902): I 02/13/2013 12:15:36:837 00000b6c           HttpServer| GC End.
I/APP     ( 2902): I 02/13/2013 12:15:36:889 00000b6c           HttpServer| Process URI: '/favicon.ico'
I/APP     ( 2902): E 02/13/2013 12:15:36:921 00000b6c           HttpServer| The file /favicon.ico was not found
I/APP     ( 2902): I 02/13/2013 12:15:39:335 00000b6c           HttpServer| Process URI: '/favicon.ico'
I/APP     ( 2902): E 02/13/2013 12:15:39:389 00000b6c           HttpServer| The file /favicon.ico was not found
I/APP     ( 2902): I 02/13/2013 12:15:39:488 00000b6c           HttpServer| Process URI: '/app/Request/request'
I/APP     ( 2902): I 02/13/2013 12:15:39:636 00000b6c                  APP| RHO serve: /app/Request/request
I/APP     ( 2902): I 02/13/2013 12:15:40:009 00000b6c           HttpServer| GC Start.
I/APP     ( 2902): I 02/13/2013 12:15:40:285 00000b6c           HttpServer| GC End.
I/APP     ( 2902): I 02/13/2013 12:15:41:098 00000b6c           HttpServer| Process URI: '/app/Settings'
I/APP     ( 2902): I 02/13/2013 12:15:41:159 00000b6c                  APP| RHO serve: /app/Settings
I/APP     ( 2902): I 02/13/2013 12:15:41:262 00000b6c              RhoRuby| require_compiled: Settings/settings_controller
I/APP     ( 2902): I 02/13/2013 12:15:41:734 00000b6c           HttpServer| GC Start.
I/APP     ( 2902): I 02/13/2013 12:15:42:036 00000b6c           HttpServer| GC End.
I/APP     ( 2902): I 02/13/2013 12:15:42:043 00000b6c           HttpServer| Process URI: '/app/Settings/get_data'
I/APP     ( 2902): I 02/13/2013 12:15:42:083 00000b6c                  APP| RHO serve: /app/Settings/get_data
I/APP     ( 2902): I 02/13/2013 12:15:42:137 00000b56       SimpleMainView| Cleared URL: javascript:setData("Datenloft","234234234","oliver@datenloft.com");
I/APP     ( 2902): I 02/13/2013 12:15:42:211 00000b6c           HttpServer| GC Start.
I/APP     ( 2902): I 02/13/2013 12:15:42:288 00000b6c           HttpServer| GC End.
I/APP     ( 2902): I 02/13/2013 12:15:42:293 00000b6c           HttpServer| Process URI: '/favicon.ico'
I/APP     ( 2902): E 02/13/2013 12:15:42:339 00000b6c           HttpServer| The file /favicon.ico was not found
I/APP     ( 2902): I 02/13/2013 12:15:42:411 00000b56   RhoWebChromeClient| Uncaught ReferenceError: setData is not defined -- From line 1 of null
E/Web Console( 2902): Uncaught ReferenceError: setData is not defined at null:1
I/APP     ( 2902): I 02/13/2013 12:15:48:806 00000b6c           HttpServer| Process URI: '/app/Settings/save_data'
I/APP     ( 2902): I 02/13/2013 12:15:48:839 00000b6c                  APP| RHO serve: /app/Settings/save_data
I/APP     ( 2902): I 02/13/2013 12:15:48:868 00000b6c                  APP| Params: {"company"=>"", "phone"=>"", "email"=>""}
I/APP     ( 2902): I 02/13/2013 12:15:48:873 00000b6c                  APP| ############### {"company"=>"", "phone"=>"", "email"=>""}
I/ActivityManager(   85): START {cmp=com.rhomobile.macotec/com.rhomobile.rhodes.alert.PopupActivity (has extras)} from pid 2902
W/WindowManager(   85): Failure taking screenshot for (180x273) to layer 21010
I/APP     ( 2902): I 02/13/2013 12:15:49:007 00000b56 AndroidFunctionality| Pause WebView
I/APP     ( 2902): I 02/13/2013 12:15:49:011 00000b56       RhodesActivity| onPause
I/APP     ( 2902): I 02/13/2013 12:15:49:074 00000b6c           HttpServer| GC Start.
I/APP     ( 2902): I 02/13/2013 12:15:49:116 00000b6c           HttpServer| GC End.
I/APP     ( 2902): I 02/13/2013 12:15:49:154 00000b6c           HttpServer| Process URI: '/system/uidestroyed'
I/APP     ( 2902): I 02/13/2013 12:15:49:178 00000b56    RhodesApplication| New UiState: MainActivityPaused
V/PhoneStatusBar(  145): setLightsOn(true)
D/RhodesService( 2902): +++ onStartCommand
I/RhodesService( 2902): handleCommand: startId=2, source=com.rhomobile.rhodes.BaseActivity
D/RhodesService( 2902): New activity was created
I/Process (   85): Sending signal. PID: 2902 SIG: 3
I/dalvikvm( 2902): threadid=3: reacting to signal 3
I/dalvikvm( 2902): Wrote stack traces to '/data/anr/traces.txt'
I/ActivityManager(   85): Displayed com.rhomobile.macotec/com.rhomobile.rhodes.alert.PopupActivity: +821ms
W/WindowManager(   85): Failure taking screenshot for (180x273) to layer 21020
V/PhoneStatusBar(  145): setLightsOn(true)
I/APP     ( 2902): I 02/13/2013 12:15:51:481 00000b56       RhodesActivity| onResume
I/APP     ( 2902): I 02/13/2013 12:15:51:482 00000b56 AndroidFunctionality| Resume WebView
I/APP     ( 2902): I 02/13/2013 12:15:53:120 00000b6c           HttpServer| Process URI: '/app/Request/request'
I/APP     ( 2902): I 02/13/2013 12:15:53:126 00000b6c                  APP| RHO serve: /app/Request/request
I/APP     ( 2902): I 02/13/2013 12:15:53:301 00000b6c           HttpServer| GC Start.
I/APP     ( 2902): I 02/13/2013 12:15:53:381 00000b6c           HttpServer| GC End.
I/APP     ( 2902): I 02/13/2013 12:15:53:851 00000b6c           HttpServer| Process URI: '/public/images/macotec/forklifter_full.png'
I/APP     ( 2902): I 02/13/2013 12:15:53:921 00000b6c           HttpServer| Process URI: '/public/images/macotec/request_contract.png'
I/APP     ( 2902): I 02/13/2013 12:15:54:023 00000b6c           HttpServer| Process URI: '/public/jqmobile/images/icons-36-white.png'
E/libEGL  ( 2902): call to OpenGL ES API with no current context (logged once per thread)
D/ShaderProgram( 2902): couldn't load the vertex shader!
E/libEGL  ( 2902): call to OpenGL ES API with no current context (logged once per thread)
D/ShaderProgram( 2902): couldn't load the vertex shader!
E/libEGL  ( 2902): call to OpenGL ES API with no current context (logged once per thread)
D/ShaderProgram( 2902): couldn't load the vertex shader!
E/libEGL  ( 2902): call to OpenGL ES API with no current context (logged once per thread)
D/ShaderProgram( 2902): couldn't load the vertex shader!
E/libEGL  ( 2902): call to OpenGL ES API with no current context (logged once per thread)
D/ShaderProgram( 2902): couldn't load the vertex shader!
I/APP     ( 2902): I 02/13/2013 12:15:56:418 00000b6c           HttpServer| Process URI: '/app/Settings'
I/APP     ( 2902): I 02/13/2013 12:15:56:420 00000b6c                  APP| RHO serve: /app/Settings
I/APP     ( 2902): I 02/13/2013 12:15:56:540 00000b6c           HttpServer| GC Start.
