V/EmulatedCamera_CallbackNotifier(   38):     CAMERA_MSG_PREVIEW_FRAME
V/EmulatedCamera_CallbackNotifier(   38):     CAMERA_MSG_VIDEO_FRAME
V/EmulatedCamera_CallbackNotifier(   38):     CAMERA_MSG_POSTVIEW_FRAME
V/EmulatedCamera_CallbackNotifier(   38):     CAMERA_MSG_RAW_IMAGE
V/EmulatedCamera_CallbackNotifier(   38):     CAMERA_MSG_COMPRESSED_IMAGE
V/EmulatedCamera_CallbackNotifier(   38):     CAMERA_MSG_RAW_IMAGE_NOTIFY
V/EmulatedCamera_CallbackNotifier(   38):     CAMERA_MSG_PREVIEW_METADATA
V/EmulatedCamera_CallbackNotifier(   38): **** Currently enabled messages:
V/EmulatedCamera_Camera(   38): doStopPreview
V/EmulatedCamera_Camera(   38): cancelPicture
V/EmulatedCamera_Camera(   38): releaseCamera
V/EmulatedCamera_Camera(   38): doStopPreview
V/EmulatedCamera_Device(   38): stopDeliveringFrames
V/EmulatedCamera_Device(   38): stopWorkerThread
V/EmulatedCamera_Device(   38): Stopping emulated camera device's worker thread...
V/EmulatedCamera_Device(   38): Emulated camera device's worker thread has been stopped.
V/EmulatedCamera_FakeDevice(   38): stopDevice
V/EmulatedCamera_FakeDevice(   38): disconnectDevice
V/EmulatedCamera_Preview(   38): setPreviewWindow: current: 0x1daa0 -> new: 0x0
I/CameraService(   38): Destroying camera 0
V/EmulatedCamera_Camera(   38): closeCamera
V/EmulatedCamera_Camera(   38): doStopPreview
W/AudioFlinger(   38): session id 45 not found for pid 38
W/AudioFlinger(   38): session id 46 not found for pid 38
V/PhoneStatusBar(  141): setLightsOn(true)
I/Process (   86): Sending signal. PID: 1442 SIG: 3
I/dalvikvm( 1442): threadid=3: reacting to signal 3
I/dalvikvm( 1442): Wrote stack traces to '/data/anr/traces.txt'
I/APP     ( 1442): I 03/01/2013 15:33:12:595 000005a2         ImageCapture| onStop
D/dalvikvm(   86): GC_EXPLICIT freed 64K, 16% free 11296K/13319K, paused 4ms+9ms
I/APP     ( 1442): I 03/01/2013 15:33:22:575 000005b9           HttpServer| Process URI: '/app/Request/request'
I/APP     ( 1442): I 03/01/2013 15:33:22:576 000005b9                  APP| RHO serve: /app/Request/request
I/APP     ( 1442): I 03/01/2013 15:33:22:677 000005b9           HttpServer| GC Start.
I/APP     ( 1442): I 03/01/2013 15:33:22:722 000005b9           HttpServer| GC End.
I/APP     ( 1442): I 03/01/2013 15:33:26:566 000005b9           HttpServer| Process URI: '/app/Request/request_project'
I/APP     ( 1442): I 03/01/2013 15:33:26:568 000005b9                  APP| RHO serve: /app/Request/request_project
I/APP     ( 1442): I 03/01/2013 15:33:26:739 000005b9           HttpServer| GC Start.
I/APP     ( 1442): I 03/01/2013 15:33:26:800 000005b9           HttpServer| GC End.
F/NetworkStats(   86): problem reading network stats
F/NetworkStats(   86): java.lang.IllegalStateException: problem parsing idx 1
F/NetworkStats(   86): 	at com.android.internal.net.NetworkStatsFactory.readNetworkStatsDetail(NetworkStatsFactory.java:300)
F/NetworkStats(   86): 	at com.android.server.NetworkManagementService.getNetworkStatsUidDetail(NetworkManagementService.java:1282)
F/NetworkStats(   86): 	at com.android.server.net.NetworkStatsService.performPollLocked(NetworkStatsService.java:831)
F/NetworkStats(   86): 	at com.android.server.net.NetworkStatsService.performPoll(NetworkStatsService.java:799)
F/NetworkStats(   86): 	at com.android.server.net.NetworkStatsService.access$100(NetworkStatsService.java:128)
F/NetworkStats(   86): 	at com.android.server.net.NetworkStatsService$3.onReceive(NetworkStatsService.java:633)
F/NetworkStats(   86): 	at android.app.LoadedApk$ReceiverDispatcher$Args.run(LoadedApk.java:728)
F/NetworkStats(   86): 	at android.os.Handler.handleCallback(Handler.java:605)
F/NetworkStats(   86): 	at android.os.Handler.dispatchMessage(Handler.java:92)
F/NetworkStats(   86): 	at android.os.Looper.loop(Looper.java:137)
F/NetworkStats(   86): 	at android.os.HandlerThread.run(HandlerThread.java:60)
F/NetworkStats(   86): Caused by: java.io.FileNotFoundException: /proc/net/xt_qtaguid/stats: open failed: ENOENT (No such file or directory)
F/NetworkStats(   86): 	at libcore.io.IoBridge.open(IoBridge.java:406)
F/NetworkStats(   86): 	at java.io.FileInputStream.<init>(FileInputStream.java:78)
F/NetworkStats(   86): 	at com.android.internal.net.NetworkStatsFactory.readNetworkStatsDetail(NetworkStatsFactory.java:269)
F/NetworkStats(   86): 	... 10 more
F/NetworkStats(   86): Caused by: libcore.io.ErrnoException: open failed: ENOENT (No such file or directory)
F/NetworkStats(   86): 	at libcore.io.Posix.open(Native Method)
F/NetworkStats(   86): 	at libcore.io.BlockGuardOs.open(BlockGuardOs.java:110)
F/NetworkStats(   86): 	at libcore.io.IoBridge.open(IoBridge.java:390)
F/NetworkStats(   86): 	... 12 more
I/APP     ( 1442): I 03/01/2013 15:33:52:166 000005b9           HttpServer| Process URI: '/app/Request/choose_existing'
I/APP     ( 1442): I 03/01/2013 15:33:52:168 000005b9                  APP| RHO serve: /app/Request/choose_existing
I/APP     ( 1442): I 03/01/2013 15:33:52:212 000005b9           HttpServer| GC Start.
I/APP     ( 1442): I 03/01/2013 15:33:52:253 000005b9           HttpServer| GC End.
I/ActivityManager(   86): START {cmp=com.rhomobile.macotec/com.rhomobile.rhodes.camera.FileList (has extras)} from pid 1442
W/WindowManager(   86): Failure taking screenshot for (180x300) to layer 21015
I/APP     ( 1442): I 03/01/2013 15:33:52:425 000005a2 AndroidFunctionality| Pause WebView
I/APP     ( 1442): I 03/01/2013 15:33:52:427 000005a2       RhodesActivity| onPause
I/APP     ( 1442): I 03/01/2013 15:33:52:454 000005b9           HttpServer| Process URI: '/system/uidestroyed'
I/APP     ( 1442): I 03/01/2013 15:33:52:474 000005a2    RhodesApplication| New UiState: MainActivityPaused
D/RhodesService( 1442): +++ onStartCommand
I/RhodesService( 1442): handleCommand: startId=3, source=com.rhomobile.rhodes.BaseActivity
D/RhodesService( 1442): New activity was created
V/PhoneStatusBar(  141): setLightsOn(true)
I/Process (   86): Sending signal. PID: 1442 SIG: 3
I/dalvikvm( 1442): threadid=3: reacting to signal 3
I/dalvikvm( 1442): Wrote stack traces to '/data/anr/traces.txt'
I/Process (   86): Sending signal. PID: 1442 SIG: 3
I/dalvikvm( 1442): threadid=3: reacting to signal 3
I/dalvikvm( 1442): Wrote stack traces to '/data/anr/traces.txt'
I/Process (   86): Sending signal. PID: 1442 SIG: 3
I/dalvikvm( 1442): threadid=3: reacting to signal 3
I/dalvikvm( 1442): Wrote stack traces to '/data/anr/traces.txt'
I/Process (   86): Sending signal. PID: 1442 SIG: 3
I/dalvikvm( 1442): threadid=3: reacting to signal 3
I/dalvikvm( 1442): Wrote stack traces to '/data/anr/traces.txt'
I/Process (   86): Sending signal. PID: 1442 SIG: 3
I/dalvikvm( 1442): threadid=3: reacting to signal 3
I/dalvikvm( 1442): Wrote stack traces to '/data/anr/traces.txt'
I/Process (   86): Sending signal. PID: 1442 SIG: 3
I/dalvikvm( 1442): threadid=3: reacting to signal 3
I/dalvikvm( 1442): Wrote stack traces to '/data/anr/traces.txt'
I/Process (   86): Sending signal. PID: 1442 SIG: 3
I/dalvikvm( 1442): threadid=3: reacting to signal 3
I/dalvikvm( 1442): Wrote stack traces to '/data/anr/traces.txt'
I/ActivityManager(   86): Displayed com.rhomobile.macotec/com.rhomobile.rhodes.camera.FileList: +4s9ms
I/APP     ( 1442): I 03/01/2013 15:33:57:842 000005a2       RhodesActivity| onStop
I/APP     ( 1442): I 03/01/2013 15:33:58:577 000005a2             FileList| Selected file: /mnt/sdcard/DCIM/Camera/1362147728824.jpg
I/APP     ( 1442): I 03/01/2013 15:33:59:704 000005a2             FileList| Selected file: /mnt/sdcard/DCIM/Camera/1362147242082.jpg
I/APP     ( 1442): I 03/01/2013 15:34:00:410 000005a2             FileList| Selected file: /mnt/sdcard/DCIM/Camera/1362145665714.jpg
I/APP     ( 1442): I 03/01/2013 15:34:00:868 000005a2             FileList| Selected file: /mnt/sdcard/DCIM/Camera/1362145632415.jpg
D/dalvikvm( 1442): GC_CONCURRENT freed 861K, 8% free 12714K/13703K, paused 10ms+5ms
W/CursorWrapperInner( 1442): Cursor finalized without prior close()
I/APP     ( 1442): I 03/01/2013 15:34:02:184 000005b9           HttpServer| Process URI: '/app/Request/choose_existing_callback'
I/APP     ( 1442): I 03/01/2013 15:34:02:186 000005b9                  APP| RHO serve: /app/Request/choose_existing_callback
I/APP     ( 1442): I 03/01/2013 15:34:02:208 000005b9                  APP| Params: {"rho_callback"=>"1", "status"=>"ok", "image_uri"=>"db/db-files/1362145632415.jpg"}
I/APP     ( 1442): I 03/01/2013 15:34:02:213 000005b9           HttpServer| GC Start.
W/WindowManager(   86): Failure taking screenshot for (180x300) to layer 21020
I/APP     ( 1442): I 03/01/2013 15:34:02:270 000005a2       SimpleMainView| Cleared URL: javascript:showImage("/data/data/com.rhomobile.macotec/rhodata/db/db-files/1362145632415.jpg");
I/APP     ( 1442): I 03/01/2013 15:34:02:349 000005a2       RhodesActivity| onStart
I/APP     ( 1442): I 03/01/2013 15:34:02:373 000005b9           HttpServer| GC End.
I/APP     ( 1442): I 03/01/2013 15:34:02:377 000005b9           HttpServer| Process URI: '/data/data/com.rhomobile.macotec/rhodata/db/db-files/1362145632415.jpg'
I/APP     ( 1442): I 03/01/2013 15:34:02:375 000005a2    RhodesApplication| New UiState: MainActivityStarted
I/APP     ( 1442): I 03/01/2013 15:34:02:400 000005a2       RhodesActivity| onResume
I/APP     ( 1442): I 03/01/2013 15:34:02:414 000005a2 AndroidFunctionality| Resume WebView
V/PhoneStatusBar(  141): setLightsOn(true)
I/Process (   86): Sending signal. PID: 1442 SIG: 3
I/dalvikvm( 1442): threadid=3: reacting to signal 3
I/dalvikvm( 1442): Wrote stack traces to '/data/anr/traces.txt'
D/dalvikvm(  186): GC_CONCURRENT freed 384K, 6% free 9532K/10119K, paused 4ms+4ms
D/AndroidRuntime( 1498): 
D/AndroidRuntime( 1498): >>>>>> AndroidRuntime START com.android.internal.os.RuntimeInit <<<<<<
D/AndroidRuntime( 1498): CheckJNI is ON
D/AndroidRuntime( 1498): Calling main entry com.android.commands.pm.Pm
W/ActivityManager(   86): No content provider found for permission revoke: file:///data/local/tmp/MacoTec-debug.apk
W/ActivityManager(   86): No content provider found for permission revoke: file:///data/local/tmp/MacoTec-debug.apk
D/dalvikvm(   86): GC_CONCURRENT freed 419K, 15% free 11347K/13319K, paused 9ms+10ms
D/dalvikvm(   86): GC_CONCURRENT freed 277K, 14% free 11534K/13319K, paused 5ms+10ms
D/dalvikvm(   86): GC_CONCURRENT freed 349K, 13% free 11713K/13319K, paused 9ms+15ms
D/dalvikvm(   86): GC_CONCURRENT freed 586K, 13% free 11691K/13319K, paused 9ms+9ms
D/dalvikvm(   86): GC_CONCURRENT freed 549K, 13% free 11701K/13319K, paused 6ms+7ms
D/dalvikvm(   86): GC_CONCURRENT freed 572K, 13% free 11699K/13319K, paused 6ms+13ms
D/dalvikvm(   86): GC_CONCURRENT freed 603K, 13% free 11704K/13319K, paused 7ms+9ms
I/PackageManager(   86): Removing non-system package:com.rhomobile.macotec
I/ActivityManager(   86): Force stopping package com.rhomobile.macotec uid=10040
I/ActivityManager(   86): Killing proc 1442:com.rhomobile.macotec/10040: force stop
W/ActivityManager(   86): Force removing ActivityRecord{4147e918 com.rhomobile.macotec/com.rhomobile.rhodes.RhodesActivity}: app died, no saved state
I/WindowManager(   86): WIN DEATH: Window{415b01e0 com.rhomobile.macotec/com.rhomobile.rhodes.RhodesActivity paused=false}
W/NetworkManagementSocketTagger(   86): setKernelCountSet(10040, 0) failed with errno -2
W/NetworkManagementSocketTagger(   86): setKernelCountSet(10009, 1) failed with errno -2
I/PackageManager(   86): Package com.rhomobile.macotec codePath changed from /data/app/com.rhomobile.macotec-2.apk to /data/app/com.rhomobile.macotec-1.apk; Retaining data and using new
D/dalvikvm(   86): GC_CONCURRENT freed 558K, 13% free 11696K/13319K, paused 5ms+25ms
I/Process (   86): Sending signal. PID: 201 SIG: 3
I/dalvikvm(  201): threadid=3: reacting to signal 3
I/dalvikvm(  201): Wrote stack traces to '/data/anr/traces.txt'
W/InputManagerService(   86): Got RemoteException sending setActive(false) notification to pid 1442 uid 10040
D/dalvikvm(  201): GC_FOR_ALLOC freed 2181K, 26% free 17776K/23815K, paused 249ms
D/dalvikvm(  201): GC_FOR_ALLOC freed 355K, 21% free 18925K/23815K, paused 297ms
D/dalvikvm(  201): GC_CONCURRENT freed 1402K, 18% free 19538K/23815K, paused 28ms+36ms
I/PackageManager(   86): Running dexopt on: com.rhomobile.macotec
D/dalvikvm( 1509): DexOpt: load 120ms, verify+opt 588ms
W/PackageManager(   86): Code path for pkg : com.rhomobile.macotec changing from /data/app/com.rhomobile.macotec-2.apk to /data/app/com.rhomobile.macotec-1.apk
W/PackageManager(   86): Resource path for pkg : com.rhomobile.macotec changing from /data/app/com.rhomobile.macotec-2.apk to /data/app/com.rhomobile.macotec-1.apk
I/ActivityManager(   86): Force stopping package com.rhomobile.macotec uid=10040
D/PackageManager(   86): New package installed in /data/app/com.rhomobile.macotec-1.apk
I/ActivityManager(   86): Force stopping package com.rhomobile.macotec uid=10040
D/dalvikvm(   86): GC_EXPLICIT freed 733K, 16% free 11280K/13319K, paused 5ms+9ms
D/PackageManager(   86): generateServicesMap(android.accounts.AccountAuthenticator): 2 services unchanged
D/PackageManager(   86): generateServicesMap(android.content.SyncAdapter): 4 services unchanged
D/BackupManagerService(   86): Received broadcast Intent { act=android.intent.action.PACKAGE_REMOVED dat=package:com.rhomobile.macotec flg=0x10000010 (has extras) }
I/AccountTypeManager(  322): Loaded meta-data for 1 account types, 0 accounts in 14ms(wall) 7ms(cpu)
D/PackageManager(   86): generateServicesMap(android.accounts.AccountAuthenticator): 2 services unchanged
D/PackageManager(   86): generateServicesMap(android.content.SyncAdapter): 4 services unchanged
D/BackupManagerService(   86): Received broadcast Intent { act=android.intent.action.PACKAGE_ADDED dat=package:com.rhomobile.macotec flg=0x10000010 (has extras) }
V/BackupManagerService(   86): updatePackageParticipantsLocked: #1
W/RecognitionManagerService(   86): no available voice recognition services found
D/dalvikvm(  201): GC_CONCURRENT freed 6510K, 38% free 14996K/23815K, paused 11ms+187ms
I/AccountTypeManager(  322): Loaded meta-data for 1 account types, 0 accounts in 3825ms(wall) 22ms(cpu)
D/dalvikvm(  201): GC_FOR_ALLOC freed 115K, 32% free 16214K/23815K, paused 309ms
D/BackupManagerService(   86): Received broadcast Intent { act=android.intent.action.PACKAGE_REPLACED dat=package:com.rhomobile.macotec flg=0x10000010 (has extras) }
V/BackupManagerService(   86): updatePackageParticipantsLocked: #1
D/dalvikvm(  201): GC_CONCURRENT freed 362K, 25% free 17885K/23815K, paused 11ms+6ms
D/dalvikvm(   86): GC_CONCURRENT freed 450K, 15% free 11395K/13319K, paused 6ms+31ms
D/dalvikvm(  201): GC_FOR_ALLOC freed 4156K, 37% free 15120K/23815K, paused 66ms
D/dalvikvm(  201): GC_FOR_ALLOC freed 38K, 32% free 16256K/23815K, paused 64ms
D/dalvikvm(  201): GC_FOR_ALLOC freed 354K, 27% free 17616K/23815K, paused 56ms
D/dalvikvm(  201): GC_CONCURRENT freed 1203K, 23% free 18423K/23815K, paused 4ms+8ms
D/dalvikvm(  201): GC_FOR_ALLOC freed 467K, 19% free 19364K/23815K, paused 158ms
D/dalvikvm(   86): GC_EXPLICIT freed 212K, 16% free 11256K/13319K, paused 4ms+18ms
D/AndroidRuntime( 1498): Shutting down VM
D/dalvikvm( 1498): GC_CONCURRENT freed 97K, 79% free 450K/2048K, paused 1ms+1ms
I/AndroidRuntime( 1498): NOTE: attach of thread 'Binder Thread #3' failed
D/dalvikvm(  201): GC_CONCURRENT freed 2953K, 23% free 18447K/23815K, paused 5ms+7ms
D/dalvikvm(  201): GC_CONCURRENT freed 629K, 17% free 19847K/23815K, paused 5ms+27ms
D/AndroidRuntime( 1517): 
D/AndroidRuntime( 1517): >>>>>> AndroidRuntime START com.android.internal.os.RuntimeInit <<<<<<
D/AndroidRuntime( 1517): CheckJNI is ON
D/AndroidRuntime( 1517): Calling main entry com.android.commands.am.Am
I/ActivityManager(   86): START {act=android.intent.action.MAIN flg=0x10000000 cmp=com.rhomobile.macotec/com.rhomobile.rhodes.RhodesActivity} from pid 1517
W/WindowManager(   86): Failure taking screenshot for (180x300) to layer 21010
D/AndroidRuntime( 1517): Shutting down VM
D/dalvikvm( 1517): GC_CONCURRENT freed 97K, 77% free 480K/2048K, paused 0ms+3ms
I/AndroidRuntime( 1517): NOTE: attach of thread 'Binder Thread #3' failed
I/ActivityManager(   86): Start proc com.rhomobile.macotec for activity com.rhomobile.macotec/com.rhomobile.rhodes.RhodesActivity: pid=1527 uid=10040 gids={3003, 1006}
I/dalvikvm( 1527): Turning on JNI app bug workarounds for target SDK version 4...
W/NetworkManagementSocketTagger(   86): setKernelCountSet(10040, 1) failed with errno -2
I/Process (   86): Sending signal. PID: 1527 SIG: 3
I/dalvikvm( 1527): threadid=3: reacting to signal 3
I/Process (   86): Sending signal. PID: 1527 SIG: 3
I/dalvikvm( 1527): Wrote stack traces to '/data/anr/traces.txt'
I/dalvikvm( 1527): threadid=3: reacting to signal 3
E/dalvikvm( 1527): Unable to open stack trace file '/data/anr/traces.txt': Permission denied
I/Process (   86): Sending signal. PID: 1527 SIG: 3
I/dalvikvm( 1527): threadid=3: reacting to signal 3
I/dalvikvm( 1527): Wrote stack traces to '/data/anr/traces.txt'
D/dalvikvm( 1527): Trying to load lib /data/data/com.rhomobile.macotec/lib/librhodes.so 0x4129d7e8
I/Process (   86): Sending signal. PID: 1527 SIG: 3
I/dalvikvm( 1527): threadid=3: reacting to signal 3
I/dalvikvm( 1527): Wrote stack traces to '/data/anr/traces.txt'
D/dalvikvm( 1527): Added shared lib /data/data/com.rhomobile.macotec/lib/librhodes.so 0x4129d7e8
I/Process (   86): Sending signal. PID: 1527 SIG: 3
I/dalvikvm( 1527): threadid=3: reacting to signal 3
I/dalvikvm( 1527): Wrote stack traces to '/data/anr/traces.txt'
I/Process (   86): Sending signal. PID: 1527 SIG: 3
I/dalvikvm( 1527): threadid=3: reacting to signal 3
I/dalvikvm( 1527): Wrote stack traces to '/data/anr/traces.txt'
D/dalvikvm( 1527): Trying to load lib /data/data/com.rhomobile.macotec/lib/librhodes.so 0x4129d7e8
D/dalvikvm( 1527): Shared lib '/data/data/com.rhomobile.macotec/lib/librhodes.so' already loaded in same CL 0x4129d7e8
I/ActivityThread( 1527): Pub com.rhomobile.macotec: com.rhomobile.rhodes.LocalFileProvider
I/Process (   86): Sending signal. PID: 1527 SIG: 3
I/dalvikvm( 1527): threadid=3: reacting to signal 3
I/dalvikvm( 1527): Wrote stack traces to '/data/anr/traces.txt'
I/RhodesApplication( 1527): Initializing...
I/Process (   86): Sending signal. PID: 1527 SIG: 3
I/dalvikvm( 1527): threadid=3: reacting to signal 3
I/dalvikvm( 1527): Wrote stack traces to '/data/anr/traces.txt'
D/RhoFileApi( 1527): App root path: /data/data/com.rhomobile.macotec/rhodata/
D/RhoFileApi( 1527): Sqlite journals path: /data/data/com.rhomobile.macotec/sqlite_stmt_journals/
D/RhoFileApi( 1527): Shared path: /data/data/com.rhomobile.macotec/rhodata/
D/RhodesApplication( 1527): Root path: /data/data/com.rhomobile.macotec/rhodata/
I/Process (   86): Sending signal. PID: 1527 SIG: 3
I/dalvikvm( 1527): threadid=3: reacting to signal 3
I/dalvikvm( 1527): Wrote stack traces to '/data/anr/traces.txt'
I/Process (   86): Sending signal. PID: 1527 SIG: 3
I/RhodesApplication( 1527): Application hash was changed
I/dalvikvm( 1527): threadid=3: reacting to signal 3
D/RhoFileApi( 1527): Copy hash to FS
D/RhoFileApi( 1527): File hash copied
I/dalvikvm( 1527): Wrote stack traces to '/data/anr/traces.txt'
D/RhoFileApi( 1527): Copy rho.dat to FS
D/RhoFileApi( 1527): File rho.dat copied
D/RhoFileApi( 1527): Copy apps/rhoconfig.txt to FS
D/RhoFileApi( 1527): File apps/rhoconfig.txt copied
I/RhoFileApi( 1527): Opening stat table from FS: /data/data/com.rhomobile.macotec/rhodata/rho.dat
D/RhoFileApi( 1527): Copy apps/rhoconfig.txt to FS
D/RhoFileApi( 1527): File apps/rhoconfig.txt copied
D/RhoFileApi( 1527): App root path: /data/data/com.rhomobile.macotec/rhodata/
D/RhoFileApi( 1527): Sqlite journals path: /data/data/com.rhomobile.macotec/sqlite_stmt_journals/
D/RhoFileApi( 1527): Shared path: /data/data/com.rhomobile.macotec/rhodata/
I/APP     ( 1527): I 03/01/2013 15:40:33:425 000005f7    RhodesApplication| Initialized
I/APP     ( 1527): I 03/01/2013 15:40:33:476 000005f7         BaseActivity| New screen properties - width: 480, height: 800, orientation: 1
I/Process (   86): Sending signal. PID: 1527 SIG: 3
I/dalvikvm( 1527): threadid=3: reacting to signal 3
I/dalvikvm( 1527): Wrote stack traces to '/data/anr/traces.txt'
D/dalvikvm( 1527): GC_CONCURRENT freed 280K, 5% free 9198K/9607K, paused 4ms+3ms
I/Process (   86): Sending signal. PID: 1527 SIG: 3
I/dalvikvm( 1527): threadid=3: reacting to signal 3
I/dalvikvm( 1527): Wrote stack traces to '/data/anr/traces.txt'
I/APP     ( 1527): I 03/01/2013 15:40:34:208 000005f7         SplashScreen| Looking for start page source
D/dalvikvm( 1527): GC_FOR_ALLOC freed 13K, 4% free 9227K/9607K, paused 70ms
I/dalvikvm-heap( 1527): Grow heap (frag case) to 12.146MB for 3217300-byte allocation
D/dalvikvm( 1527): GC_FOR_ALLOC freed <1K, 4% free 12369K/12807K, paused 46ms
D/dalvikvm( 1527): GC_CONCURRENT freed 1K, 4% free 12373K/12807K, paused 5ms+4ms
I/Process (   86): Sending signal. PID: 1527 SIG: 3
I/dalvikvm( 1527): threadid=3: reacting to signal 3
I/dalvikvm( 1527): Wrote stack traces to '/data/anr/traces.txt'
I/APP     ( 1527): I 03/01/2013 15:40:34:866 000005f7         SplashScreen| Done
I/APP     ( 1527): I 03/01/2013 15:40:34:870 000005f7    RhodesApplication| New UiState: MainActivityCreated
I/APP     ( 1527): I 03/01/2013 15:40:34:885 000005f7       RhodesActivity| onStart
I/APP     ( 1527): I 03/01/2013 15:40:34:891 000005f7    RhodesApplication| New UiState: MainActivityStarted
I/APP     ( 1527): I 03/01/2013 15:40:34:912 000005f7       RhodesActivity| onResume
I/APP     ( 1527): I 03/01/2013 15:40:34:913 000005f7 AndroidFunctionality| Resume WebView
I/APP     ( 1527): I 03/01/2013 15:40:34:956 000005f7        RhodesService| onCreate
I/APP     ( 1527): I 03/01/2013 15:40:34:958 000005f7    LocalFileProvider| Revoke URI permissions: content:///com.rhomobile.macotec
W/ActivityManager(   86): No content provider found for permission revoke: content:///com.rhomobile.macotec
I/APP     ( 1527): I 03/01/2013 15:40:34:986 000005f7               Rhodes| Loading...
I/APP     ( 1527): I 03/01/2013 15:40:35:000 000005f7            RhodesApp| Trying to get free listening port.
I/APP     ( 1527): I 03/01/2013 15:40:35:014 000005f7            RhodesApp| Trying to bind of 8080 port...
I/APP     ( 1527): I 03/01/2013 15:40:35:016 000005f7            RhodesApp| Got port to bind on: 8080
I/APP     ( 1527): I 03/01/2013 15:40:35:019 0000060c         AppCallbacks| Starting main routine...
I/APP     ( 1527): I 03/01/2013 15:40:35:031 0000060c         AppCallbacks| ThreadQueue blocked for 4294967295 seconds...
I/APP     ( 1527): I 03/01/2013 15:40:35:035 000005f7            RhodesApp| Free listening port: 8080
I/APP     ( 1527): I 03/01/2013 15:40:35:085 000005f7        RhodesService| Push is disabled
I/APP     ( 1527): I 03/01/2013 15:40:35:089 000005f7            RhodesApp| callAppActiveCallback
I/Process (   86): Sending signal. PID: 1527 SIG: 3
I/dalvikvm( 1527): threadid=3: reacting to signal 3
I/APP     ( 1527): I 03/01/2013 15:40:35:144 000005f7         AppCallbacks| addCommand: APP-ACTIVATED
I/APP     ( 1527): I 03/01/2013 15:40:35:151 0000060c         AppCallbacks| Received command APP-ACTIVATED which is greater than expected (LOCAL-SERVER-STARTED) - postpone it
I/APP     ( 1527): I 03/01/2013 15:40:35:152 0000060c         AppCallbacks| ThreadQueue blocked for 4294967295 seconds...
I/dalvikvm( 1527): Wrote stack traces to '/data/anr/traces.txt'
I/APP     ( 1527): I 03/01/2013 15:40:35:168 000005f7         AppActivated| Cannot commit now, application will be activated when started.
I/APP     ( 1527): I 03/01/2013 15:40:35:172 000005f7    RhodesApplication| New AppState: Undefined
D/RhodesService( 1527): +++ onStartCommand
I/APP     ( 1527): I 03/01/2013 15:40:35:205 0000060e            RhodesApp| Starting RhodesApp main routine...
I/RhodesService( 1527): handleCommand: startId=1, source=com.rhomobile.rhodes.BaseActivity
D/RhodesService( 1527): New activity was created
I/APP     ( 1527): I 03/01/2013 15:40:35:234 000005f7        RhodesService| onBind
I/APP     ( 1527): I 03/01/2013 15:40:35:316 000005f7         AppCallbacks| addCommand: UI-CREATED
I/APP     ( 1527): I 03/01/2013 15:40:35:360 0000060c         AppCallbacks| Received command UI-CREATED which is greater than expected (LOCAL-SERVER-STARTED) - postpone it
I/APP     ( 1527): I 03/01/2013 15:40:35:365 0000060c         AppCallbacks| ThreadQueue blocked for 4294967295 seconds...
V/PhoneStatusBar(  141): setLightsOn(true)
I/APP     ( 1527): I 03/01/2013 15:40:35:580 000005f7       RhodesActivity| onServiceConnected: {com.rhomobile.macotec/com.rhomobile.rhodes.RhodesService}
I/APP     ( 1527): I 03/01/2013 15:40:35:582 000005f7       RhodesActivity| New start parameters: 
I/APP     ( 1527): I 03/01/2013 15:40:35:630 000005f7            RhodesApp| New start params: 
W/InputManagerService(   86): Starting input on non-focused client com.android.internal.view.IInputMethodClient$Stub$Proxy@415d44e8 (uid=10009 pid=201)
I/Process (   86): Sending signal. PID: 1527 SIG: 3
I/dalvikvm( 1527): threadid=3: reacting to signal 3
D/gralloc_goldfish( 1527): Emulator without GPU emulation detected.
I/dalvikvm( 1527): Wrote stack traces to '/data/anr/traces.txt'
I/ActivityManager(   86): Displayed com.rhomobile.macotec/com.rhomobile.rhodes.RhodesActivity: +8s822ms
W/NetworkManagementSocketTagger(   86): setKernelCountSet(10009, 0) failed with errno -2
I/APP     ( 1527): I 03/01/2013 15:40:36:437 0000060e              RhoRuby| Init_RhoBlobs: /data/data/com.rhomobile.macotec/rhodata/db/db-files
I/APP     ( 1527): I 03/01/2013 15:40:36:476 0000060e              RhoRuby| require_compiled: rhoframework
I/APP     ( 1527): I 03/01/2013 15:40:36:536 0000060e              RhoRuby| require_compiled: rational
I/APP     ( 1527): I 03/01/2013 15:40:36:559 0000060e              RhoRuby| require_compiled: rhom/rhom_db_adapter
I/APP     ( 1527): I 03/01/2013 15:40:36:625 0000060e              RhoRuby| require_compiled: rhodes
I/APP     ( 1527): I 03/01/2013 15:40:36:651 0000060e              RhoRuby| require_compiled: rhom/rhom_object
I/APP     ( 1527): I 03/01/2013 15:40:36:684 0000060e              RhoRuby| require_compiled: rhofsconnector
I/APP     ( 1527): I 03/01/2013 15:40:36:689 0000060e              RhoRuby| require_compiled: rho/rhofsconnector
I/APP     ( 1527): I 03/01/2013 15:40:36:765 0000060e              RhoRuby| require_compiled: rhom/rhom_object_factory
I/APP     ( 1527): I 03/01/2013 15:40:37:110 0000060e              RhoRuby| require_compiled: rhom/rhom
I/APP     ( 1527): I 03/01/2013 15:40:37:147 0000060e              RhoRuby| require_compiled: rhom/rhom_model
I/APP     ( 1527): I 03/01/2013 15:40:37:189 0000060e              RhoRuby| require_compiled: rhom
I/APP     ( 1527): I 03/01/2013 15:40:37:194 0000060e              RhoRuby| require_compiled: rho/rhoapplication
I/APP     ( 1527): I 03/01/2013 15:40:37:247 0000060e              RhoRuby| require_compiled: rholang/localization_simplified
I/APP     ( 1527): I 03/01/2013 15:40:37:286 0000060e              RhoRuby| require_compiled: rho/rhomsg
I/APP     ( 1527): I 03/01/2013 15:40:37:292 0000060e              RhoRuby| require_compiled: rho/rhotabbar
I/APP     ( 1527): I 03/01/2013 15:40:37:320 0000060e              RhoRuby| require_compiled: rho/rhotoolbar
I/APP     ( 1527): I 03/01/2013 15:40:37:338 0000060e                  APP| Current locale: ; Country code: 
I/APP     ( 1527): I 03/01/2013 15:40:37:344 0000060e                  APP| Locilized file: /data/data/com.rhomobile.macotec/rhodata/lib/rholang/lang_
I/APP     ( 1527): I 03/01/2013 15:40:37:359 0000060e              RhoRuby| require_compiled: /data/data/com.rhomobile.macotec/rhodata/lib/rholang/lang_en
I/APP     ( 1527): I 03/01/2013 15:40:37:395 0000060e                  APP| Locilized file: /data/data/com.rhomobile.macotec/rhodata/apps/app/lang/lang_
I/APP     ( 1527): I 03/01/2013 15:40:37:398 0000060e              RhoRuby| require_compiled: /data/data/com.rhomobile.macotec/rhodata/apps/app/lang/lang_en
I/APP     ( 1527): I 03/01/2013 15:40:37:434 0000060e                  APP| Locilized file: /data/data/com.rhomobile.macotec/rhodata/lib/rholang/rhoerror_
I/APP     ( 1527): I 03/01/2013 15:40:37:437 0000060e              RhoRuby| require_compiled: /data/data/com.rhomobile.macotec/rhodata/lib/rholang/rhoerror_en
I/APP     ( 1527): I 03/01/2013 15:40:37:466 0000060e                  APP| Locilized file: /data/data/com.rhomobile.macotec/rhodata/lib/rholang/rhomsg_
I/APP     ( 1527): I 03/01/2013 15:40:37:469 0000060e              RhoRuby| require_compiled: /data/data/com.rhomobile.macotec/rhodata/lib/rholang/rhomsg_en
I/APP     ( 1527): I 03/01/2013 15:40:37:499 0000060e              RhoRuby| require_compiled: indifferent_access
I/APP     ( 1527): I 03/01/2013 15:40:37:533 0000060e              RhoRuby| require_compiled: rho/rhosupport
I/APP     ( 1527): I 03/01/2013 15:40:37:591 0000060e              RhoRuby| require_compiled: rho/rhocontroller
I/APP     ( 1527): I 03/01/2013 15:40:37:625 0000060e              RhoRuby| require_compiled: rho/render
I/APP     ( 1527): I 03/01/2013 15:40:37:677 0000060e              RhoRuby| require_compiled: rho/rho
I/APP     ( 1527): I 03/01/2013 15:40:37:832 0000060e              RhoRuby| require_compiled: rho/rhoerror
I/APP     ( 1527): I 03/01/2013 15:40:37:852 0000060e              RhoRuby| require_compiled: rhom/rhom_source
I/APP     ( 1527): I 03/01/2013 15:40:37:886 0000060e              RhoRuby| require_compiled: rho/rhoviewhelpers
I/APP     ( 1527): I 03/01/2013 15:40:37:916 0000060e              RhoRuby| require_compiled: rho
I/APP     ( 1527): I 03/01/2013 15:40:37:921 0000060e                  APP| RHO loaded
I/APP     ( 1527): I 03/01/2013 15:40:37:943 0000060e                  APP| Calling RHO.initialize
I/APP     ( 1527): I 03/01/2013 15:40:37:948 0000060e                  APP| model file: Settings/settings
I/APP     ( 1527): I 03/01/2013 15:40:37:974 0000060e                  APP| model file: Image/image
I/APP     ( 1527): I 03/01/2013 15:40:37:976 0000060e                  APP| model file: Product/product
I/APP     ( 1527): I 03/01/2013 15:40:37:997 0000060e                  APP| model file: Request/request
I/APP     ( 1527): I 03/01/2013 15:40:38:003 0000060e                   DB| Open DB: /data/data/com.rhomobile.macotec/rhodata/db/syncdbuser.sqlite
I/APP     ( 1527): I 03/01/2013 15:40:38:037 0000060e          GeoLocation| Creating singleton instance.
I/APP     ( 1527): I 03/01/2013 15:40:38:040 0000060e            RhodesApp| Starting sync engine...
I/APP     ( 1527): I 03/01/2013 15:40:38:064 0000060e                 Sync| sync_poll_interval: 0
I/APP     ( 1527): I 03/01/2013 15:40:38:067 0000060e                 Sync| syncserver: 
I/APP     ( 1527): I 03/01/2013 15:40:38:082 0000060e                 Sync| bulksync_state: 0
I/APP     ( 1527): I 03/01/2013 15:40:38:115 0000060e            RhodesApp| RhoRubyInitApp...
I/APP     ( 1527): I 03/01/2013 15:40:38:141 0000060e                  APP| init_app
I/APP     ( 1527): I 03/01/2013 15:40:38:173 0000060e              RhoRuby| require_compiled: application
I/APP     ( 1527): I 03/01/2013 15:40:38:307 0000060e                 Sync| Set notification. Source ID: -1;Url :http://localhost:8080/app/Settings/sync_notify; Params: 
I/APP     ( 1527): I 03/01/2013 15:40:38:363 0000060e           HttpServer| Start HTTP server
I/APP     ( 1527): I 03/01/2013 15:40:38:395 0000060e           HttpServer| Listen for connections on port 8080
I/APP     ( 1527): I 03/01/2013 15:40:38:436 0000060e         AppCallbacks| addCommand: LOCAL-SERVER-STARTED
I/APP     ( 1527): I 03/01/2013 15:40:38:482 0000060c         AppCallbacks| process command: LOCAL-SERVER-STARTED
I/APP     ( 1527): I 03/01/2013 15:40:38:490 0000060c RhodesAppActiveObserver| Ready
I/APP     ( 1527): I 03/01/2013 15:40:38:590 000005f7 AndroidFunctionality| Disable WebView zoom
I/APP     ( 1527): I 03/01/2013 15:40:38:598 000005f7 AndroidFunctionality| Set web plugins state 'OFF'
I/APP     ( 1527): I 03/01/2013 15:40:38:693 0000060c    RhodesApplication| New AppState: AppActivated
I/APP     ( 1527): I 03/01/2013 15:40:38:700 0000060c         AppCallbacks| process command: UI-CREATED
V/EmulatedCamera_Factory(   38): getCameraInfo: id = 0
V/EmulatedCamera_Camera(   38): getCameraInfo
V/EmulatedCamera_Factory(   38): getCameraInfo: id = 0
V/EmulatedCamera_Camera(   38): getCameraInfo
I/CameraService(   38): Opening camera 0
V/EmulatedCamera_Factory(   38): cameraDeviceOpen: id = 0
V/EmulatedCamera_Camera(   38): connectCamera
V/EmulatedCamera_FakeDevice(   38): connectDevice
V/EmulatedCamera_CallbackNotifier(   38): setCallbacks: 0x405954e9, 0x40595f9d, 0x40595f01, 0x40597359 (0x1da90)
V/EmulatedCamera_CallbackNotifier(   38): enableMessage: msg_type = 0x40d
V/EmulatedCamera_CallbackNotifier(   38):     CAMERA_MSG_ERROR
V/EmulatedCamera_CallbackNotifier(   38):     CAMERA_MSG_FOCUS
V/EmulatedCamera_CallbackNotifier(   38):     CAMERA_MSG_ZOOM
V/EmulatedCamera_CallbackNotifier(   38):     CAMERA_MSG_PREVIEW_METADATA
V/EmulatedCamera_CallbackNotifier(   38): **** Currently enabled messages:
V/EmulatedCamera_CallbackNotifier(   38):     CAMERA_MSG_ERROR
V/EmulatedCamera_CallbackNotifier(   38):     CAMERA_MSG_FOCUS
V/EmulatedCamera_CallbackNotifier(   38):     CAMERA_MSG_ZOOM
V/EmulatedCamera_CallbackNotifier(   38):     CAMERA_MSG_PREVIEW_METADATA
I/AwesomePlayer(   38): setDataSource_l('/system/media/audio/ui/camera_click.ogg')
I/APP     ( 1527): I 03/01/2013 15:40:39:306 0000060e           HttpServer| Process URI: '/system/uicreated'
I/APP     ( 1527): I 03/01/2013 15:40:39:436 0000060e                  APP| on_ui_created.navigate to start url: '/app'
I/APP     ( 1527): I 03/01/2013 15:40:39:654 0000060c         AppCallbacks| process command: APP-ACTIVATED
I/APP     ( 1527): I 03/01/2013 15:40:39:805 0000060e           HttpServer| Process URI: '/system/activateapp'
I/APP     ( 1527): I 03/01/2013 15:40:39:961 0000060c         AppCallbacks| ThreadQueue blocked for 4294967295 seconds...
I/AwesomePlayer(   38): setDataSource_l('/system/media/audio/ui/VideoRecord.ogg')
V/EmulatedCamera_CallbackNotifier(   38): disableMessage: msg_type = 0x10
V/EmulatedCamera_CallbackNotifier(   38):     CAMERA_MSG_PREVIEW_FRAME
V/EmulatedCamera_CallbackNotifier(   38): **** Currently enabled messages:
V/EmulatedCamera_CallbackNotifier(   38):     CAMERA_MSG_ERROR
V/EmulatedCamera_CallbackNotifier(   38):     CAMERA_MSG_FOCUS
V/EmulatedCamera_CallbackNotifier(   38):     CAMERA_MSG_ZOOM
V/EmulatedCamera_CallbackNotifier(   38):     CAMERA_MSG_PREVIEW_METADATA
V/EmulatedCamera_CallbackNotifier(   38): disableMessage: msg_type = 0xffff
V/EmulatedCamera_CallbackNotifier(   38):     CAMERA_MSG_ERROR
V/EmulatedCamera_CallbackNotifier(   38):     CAMERA_MSG_SHUTTER
V/EmulatedCamera_CallbackNotifier(   38):     CAMERA_MSG_FOCUS
V/EmulatedCamera_CallbackNotifier(   38):     CAMERA_MSG_ZOOM
V/EmulatedCamera_CallbackNotifier(   38):     CAMERA_MSG_PREVIEW_FRAME
V/EmulatedCamera_CallbackNotifier(   38):     CAMERA_MSG_VIDEO_FRAME
V/EmulatedCamera_CallbackNotifier(   38):     CAMERA_MSG_POSTVIEW_FRAME
V/EmulatedCamera_CallbackNotifier(   38):     CAMERA_MSG_RAW_IMAGE
V/EmulatedCamera_CallbackNotifier(   38):     CAMERA_MSG_COMPRESSED_IMAGE
V/EmulatedCamera_CallbackNotifier(   38):     CAMERA_MSG_RAW_IMAGE_NOTIFY
V/EmulatedCamera_CallbackNotifier(   38):     CAMERA_MSG_PREVIEW_METADATA
V/EmulatedCamera_CallbackNotifier(   38): **** Currently enabled messages:
V/EmulatedCamera_Camera(   38): doStopPreview
V/EmulatedCamera_Camera(   38): cancelPicture
V/EmulatedCamera_Camera(   38): releaseCamera
V/EmulatedCamera_Camera(   38): doStopPreview
V/EmulatedCamera_FakeDevice(   38): disconnectDevice
I/CameraService(   38): Destroying camera 0
V/EmulatedCamera_Camera(   38): closeCamera
V/EmulatedCamera_Camera(   38): doStopPreview
V/EmulatedCamera_Factory(   38): getCameraInfo: id = 0
V/EmulatedCamera_Camera(   38): getCameraInfo
I/APP     ( 1527): I 03/01/2013 15:40:41:132 000005f7         SplashScreen| navigate: url=http://localhost:8080/app
W/AudioFlinger(   38): session id 47 not found for pid 38
I/APP     ( 1527): I 03/01/2013 15:40:41:217 000005f7         SplashScreen| DELAY for SplashScreen = 0
W/AudioFlinger(   38): session id 48 not found for pid 38
I/APP     ( 1527): I 03/01/2013 15:40:41:462 000005f7        GoogleWebView| Creating new RhoWebChromeClient
I/APP     ( 1527): I 03/01/2013 15:40:41:620 000005f7       SimpleMainView| Cleared URL: http://localhost:8080/app
V/SimpleMainView.View( 1527): ms[1362148841804]  Main Window :: onSizeChanged() old [ 480 x 762 ]  new [ 0 x 0 ]
I/APP     ( 1527): I 03/01/2013 15:40:42:014 000005f7        GoogleWebView| Setting RhoWebChromeClient
I/APP     ( 1527): I 03/01/2013 15:40:42:232 0000060e           HttpServer| Process URI: '/app'
I/APP     ( 1527): I 03/01/2013 15:40:42:327 000005f7     RhoWebViewClient| Loading URL: http://localhost:8080/app/index_erb.iseq
I/APP     ( 1527): I 03/01/2013 15:40:42:437 0000060e           HttpServer| Process URI: '/app/index_erb.iseq'
I/APP     ( 1527): I 03/01/2013 15:40:42:517 0000060e                  APP| RHO serve_index: /app/index_erb.iseq
I/APP     ( 1527): I 03/01/2013 15:40:42:585 0000060e RHO Rho::RhoController| inst_render_index
I/APP     ( 1527): I 03/01/2013 15:40:42:820 0000060e RHO Rho::RhoController| index layout
I/APP     ( 1527): I 03/01/2013 15:40:43:188 0000060e           HttpServer| GC Start.
I/APP     ( 1527): I 03/01/2013 15:40:43:268 0000060e           HttpServer| GC End.
I/APP     ( 1527): I 03/01/2013 15:40:43:382 0000060e           HttpServer| Process URI: '/public/js/request.js'
I/APP     ( 1527): I 03/01/2013 15:40:43:491 0000060e           HttpServer| Process URI: '/public/jquery/jquery-1.6.4.min.js'
I/APP     ( 1527): I 03/01/2013 15:40:43:550 0000060e           HttpServer| Process URI: '/public/jquery/jquery.json-2.3.min.js'
I/APP     ( 1527): I 03/01/2013 15:40:43:610 0000060e           HttpServer| Process URI: '/public/jqmobile/jquery.mobile-1.0.1.min.css'
I/APP     ( 1527): I 03/01/2013 15:40:43:658 0000060e           HttpServer| Process URI: '/public/css/jqmobile-patch.css'
I/APP     ( 1527): I 03/01/2013 15:40:43:688 0000060e           HttpServer| Process URI: '/public/jqmobile/jquery.mobile-1.0.1.min.js'
I/APP     ( 1527): I 03/01/2013 15:40:43:784 0000060e           HttpServer| Process URI: '/public/js/jqmobile-patch.js'
I/APP     ( 1527): I 03/01/2013 15:40:43:817 0000060e           HttpServer| Process URI: '/public/css/macotec_style.css'
I/APP     ( 1527): I 03/01/2013 15:40:46:902 0000060e           HttpServer| Process URI: '/public/images/macotec/logo.png'
I/APP     ( 1527): I 03/01/2013 15:40:47:649 0000060e           HttpServer| Process URI: '/public/images/macotec/request_top.png'
I/APP     ( 1527): I 03/01/2013 15:40:47:858 0000060e           HttpServer| Process URI: '/public/images/macotec/contact_png.png'
I/APP     ( 1527): I 03/01/2013 15:40:48:007 0000060e           HttpServer| Process URI: '/public/images/macotec/products_png.png'
I/APP     ( 1527): I 03/01/2013 15:40:48:041 0000060e           HttpServer| Process URI: '/public/images/macotec/info_png.png'
W/ThrottleService(   86): unable to find stats for iface rmnet0
W/webview ( 1527): Stale touch event ACTION_DOWN received from webcore; ignoring
W/webview ( 1527): Stale touch event ACTION_CANCEL received from webcore; ignoring
W/webview ( 1527): Stale touch event ACTION_DOWN received from webcore; ignoring
I/APP     ( 1527): I 03/01/2013 15:41:28:911 0000060e           HttpServer| Process URI: '/app/Request/request'
I/APP     ( 1527): I 03/01/2013 15:41:28:933 0000060e                  APP| RHO serve: /app/Request/request
I/APP     ( 1527): I 03/01/2013 15:41:28:990 0000060e              RhoRuby| require_compiled: Request/request_controller
I/APP     ( 1527): I 03/01/2013 15:41:29:157 0000060e              RhoRuby| require_compiled: helpers/browser_helper
I/APP     ( 1527): I 03/01/2013 15:41:29:216 0000060e              RhoRuby| require_compiled: time
I/APP     ( 1527): I 03/01/2013 15:41:29:407 0000060e              RhoRuby| require_compiled: date/format
I/APP     ( 1527): I 03/01/2013 15:41:29:689 0000060e              RhoRuby| require_compiled: date
I/APP     ( 1527): I 03/01/2013 15:41:29:707 0000060e              RhoRuby| require_compiled: dateOrig
D/dalvikvm( 1527): GC_CONCURRENT freed 899K, 8% free 12506K/13575K, paused 5ms+15ms
D/webviewglue( 1527): nativeDestroy view: 0x28e1d0
I/APP     ( 1527): E 03/01/2013 15:41:30:001 0000060e               RubyVM| lib/date.rb:14: warning: already initialized constant MONTHNAMES
I/APP     ( 1527): E 03/01/2013 15:41:30:003 0000060e               RubyVM| lib/date.rb:15: warning: already initialized constant ABBR_MONTHNAMES
I/APP     ( 1527): E 03/01/2013 15:41:30:025 0000060e               RubyVM| lib/date.rb:16: warning: already initialized constant DAYNAMES
I/APP     ( 1527): E 03/01/2013 15:41:30:027 0000060e               RubyVM| lib/date.rb:17: warning: already initialized constant ABBR_DAYNAMES
I/APP     ( 1527): I 03/01/2013 15:41:30:047 0000060e              RhoRuby| require_compiled: json
I/APP     ( 1527): I 03/01/2013 15:41:30:063 0000060e              RhoRuby| require_compiled: json/common
I/APP     ( 1527): I 03/01/2013 15:41:30:104 0000060e              RhoRuby| require_compiled: json/version
I/APP     ( 1527): I 03/01/2013 15:41:30:132 0000060e              RhoRuby| require_compiled: json/pure
I/APP     ( 1527): I 03/01/2013 15:41:30:160 0000060e              RhoRuby| require_compiled: json/pure/generator
I/APP     ( 1527): I 03/01/2013 15:41:30:227 0000060e              RhoRuby| require_compiled: Connection/connection_controller
I/APP     ( 1527): I 03/01/2013 15:41:30:301 0000060e           HttpServer| GC Start.
I/APP     ( 1527): I 03/01/2013 15:41:30:366 0000060e           HttpServer| GC End.
I/APP     ( 1527): I 03/01/2013 15:41:30:704 0000060e           HttpServer| Process URI: '/public/images/macotec/forklifter_full.png'
I/APP     ( 1527): I 03/01/2013 15:41:30:751 0000060e           HttpServer| Process URI: '/public/images/macotec/request_contract.png'
I/APP     ( 1527): I 03/01/2013 15:41:30:843 0000060e           HttpServer| Process URI: '/public/jqmobile/images/icons-36-white.png'
E/libEGL  ( 1527): call to OpenGL ES API with no current context (logged once per thread)
D/ShaderProgram( 1527): couldn't load the vertex shader!
E/libEGL  ( 1527): call to OpenGL ES API with no current context (logged once per thread)
D/ShaderProgram( 1527): couldn't load the vertex shader!
E/libEGL  ( 1527): call to OpenGL ES API with no current context (logged once per thread)
D/ShaderProgram( 1527): couldn't load the vertex shader!
E/libEGL  ( 1527): call to OpenGL ES API with no current context (logged once per thread)
D/ShaderProgram( 1527): couldn't load the vertex shader!
E/libEGL  ( 1527): call to OpenGL ES API with no current context (logged once per thread)
D/ShaderProgram( 1527): couldn't load the vertex shader!
I/APP     ( 1527): I 03/01/2013 15:41:33:578 0000060e           HttpServer| Process URI: '/app/Request/request_project'
I/APP     ( 1527): I 03/01/2013 15:41:33:582 0000060e                  APP| RHO serve: /app/Request/request_project
I/APP     ( 1527): I 03/01/2013 15:41:33:606 0000060e                  APP| const_missing: Settings
I/APP     ( 1527): I 03/01/2013 15:41:33:609 0000060e                  APP| load_model: Settings
I/APP     ( 1527): I 03/01/2013 15:41:33:634 0000060e              RhoRuby| require_compiled: Settings/settings
I/APP     ( 1527): I 03/01/2013 15:41:33:675 0000060e                  APP| model name: Settings
I/APP     ( 1527): I 03/01/2013 15:41:33:752 0000060e                  APP| model class found
I/APP     ( 1527): I 03/01/2013 15:41:33:956 0000060e                  APP| Settings : {"schema"=>{"property"=>{"company"=>[:string, nil], "phone"=>[:string, nil], "email"=>[:string, nil]}}}
I/APP     ( 1527): I 03/01/2013 15:41:34:145 0000060e                   DB| Open DB: /data/data/com.rhomobile.macotec/rhodata/db/syncdblocal.sqlite
I/APP     ( 1527): I 03/01/2013 15:41:34:696 0000060e                  APP| init_db_sources
I/APP     ( 1527): I 03/01/2013 15:41:35:143 0000060e                  APP| start_id: 40005
I/APP     ( 1527): I 03/01/2013 15:41:35:223 0000060e                  APP| Migrate schema sources: {}
I/APP     ( 1527): I 03/01/2013 15:41:36:346 0000060e           HttpServer| GC Start.
I/APP     ( 1527): I 03/01/2013 15:41:36:621 0000060e           HttpServer| GC End.
W/webview ( 1527): Miss a drag as we are waiting for WebCore's response for touch down.
I/APP     ( 1527): I 03/01/2013 15:43:30:052 0000060e           HttpServer| Process URI: '/app/Request/choose_existing'
I/APP     ( 1527): I 03/01/2013 15:43:30:055 0000060e                  APP| RHO serve: /app/Request/choose_existing
I/APP     ( 1527): I 03/01/2013 15:43:30:111 0000060e           HttpServer| GC Start.
I/APP     ( 1527): I 03/01/2013 15:43:30:142 0000060e           HttpServer| GC End.
I/ActivityManager(   86): START {cmp=com.rhomobile.macotec/com.rhomobile.rhodes.camera.FileList (has extras)} from pid 1527
W/WindowManager(   86): Failure taking screenshot for (180x300) to layer 21015
I/APP     ( 1527): I 03/01/2013 15:43:30:387 000005f7 AndroidFunctionality| Pause WebView
I/APP     ( 1527): I 03/01/2013 15:43:30:388 000005f7       RhodesActivity| onPause
I/APP     ( 1527): I 03/01/2013 15:43:30:443 0000060e           HttpServer| Process URI: '/system/uidestroyed'
I/APP     ( 1527): I 03/01/2013 15:43:30:463 000005f7    RhodesApplication| New UiState: MainActivityPaused
D/RhodesService( 1527): +++ onStartCommand
I/RhodesService( 1527): handleCommand: startId=2, source=com.rhomobile.rhodes.BaseActivity
D/RhodesService( 1527): New activity was created
V/PhoneStatusBar(  141): setLightsOn(true)
I/Process (   86): Sending signal. PID: 1527 SIG: 3
I/dalvikvm( 1527): threadid=3: reacting to signal 3
I/dalvikvm( 1527): Wrote stack traces to '/data/anr/traces.txt'
I/ActivityManager(   86): Displayed com.rhomobile.macotec/com.rhomobile.rhodes.camera.FileList: +865ms
I/APP     ( 1527): I 03/01/2013 15:43:31:557 000005f7       RhodesActivity| onStop
I/APP     ( 1527): I 03/01/2013 15:43:32:419 000005f7             FileList| Selected file: /mnt/sdcard/DCIM/Camera/1362145665714.jpg
I/APP     ( 1527): I 03/01/2013 15:43:33:193 0000060e           HttpServer| Process URI: '/app/Request/choose_existing_callback'
I/APP     ( 1527): I 03/01/2013 15:43:33:195 0000060e                  APP| RHO serve: /app/Request/choose_existing_callback
I/APP     ( 1527): I 03/01/2013 15:43:33:222 0000060e                  APP| Params: {"rho_callback"=>"1", "status"=>"ok", "image_uri"=>"db/db-files/1362145665714.jpg"}
I/APP     ( 1527): I 03/01/2013 15:43:33:227 0000060e           HttpServer| GC Start.
W/WindowManager(   86): Failure taking screenshot for (180x300) to layer 21020
I/APP     ( 1527): I 03/01/2013 15:43:33:280 000005f7       SimpleMainView| Cleared URL: javascript:showImage("/data/data/com.rhomobile.macotec/rhodata/db/db-files/1362145665714.jpg");
I/APP     ( 1527): I 03/01/2013 15:43:33:355 0000060e           HttpServer| GC End.
I/APP     ( 1527): I 03/01/2013 15:43:33:389 0000060e           HttpServer| Process URI: '/data/data/com.rhomobile.macotec/rhodata/db/db-files/1362145665714.jpg'
I/APP     ( 1527): I 03/01/2013 15:43:33:383 000005f7       RhodesActivity| onStart
I/APP     ( 1527): I 03/01/2013 15:43:33:420 000005f7    RhodesApplication| New UiState: MainActivityStarted
I/APP     ( 1527): I 03/01/2013 15:43:33:458 000005f7       RhodesActivity| onResume
I/APP     ( 1527): I 03/01/2013 15:43:33:461 000005f7 AndroidFunctionality| Resume WebView
V/PhoneStatusBar(  141): setLightsOn(true)
I/Process (   86): Sending signal. PID: 1527 SIG: 3
I/dalvikvm( 1527): threadid=3: reacting to signal 3
I/dalvikvm( 1527): Wrote stack traces to '/data/anr/traces.txt'
D/dalvikvm(   86): GC_CONCURRENT freed 381K, 16% free 11312K/13319K, paused 9ms+8ms
I/APP     ( 1527): I 03/01/2013 15:43:41:476 0000060e           HttpServer| Process URI: '/app/Request/request'
I/APP     ( 1527): I 03/01/2013 15:43:41:479 0000060e                  APP| RHO serve: /app/Request/request
I/APP     ( 1527): I 03/01/2013 15:43:41:576 0000060e           HttpServer| GC Start.
I/APP     ( 1527): I 03/01/2013 15:43:41:629 0000060e           HttpServer| GC End.
I/APP     ( 1527): I 03/01/2013 15:43:44:872 0000060e           HttpServer| Process URI: '/app/Request/request_rental'
I/APP     ( 1527): I 03/01/2013 15:43:44:874 0000060e                  APP| RHO serve: /app/Request/request_rental
I/APP     ( 1527): I 03/01/2013 15:43:44:895 0000060e                  APP| const_missing: Product
I/APP     ( 1527): I 03/01/2013 15:43:44:926 0000060e                  APP| load_model: Product
I/APP     ( 1527): I 03/01/2013 15:43:44:969 0000060e              RhoRuby| require_compiled: Product/product
I/APP     ( 1527): I 03/01/2013 15:43:45:090 0000060e                  APP| model name: Product
I/APP     ( 1527): I 03/01/2013 15:43:45:130 0000060e                  APP| model class found
I/APP     ( 1527): I 03/01/2013 15:43:45:132 0000060e                  APP| Product : {"property"=>{}}
I/APP     ( 1527): I 03/01/2013 15:43:45:155 0000060e                  APP| init_db_sources
I/APP     ( 1527): I 03/01/2013 15:43:45:178 0000060e                  APP| start_id: 40005
I/APP     ( 1527): I 03/01/2013 15:43:45:181 0000060e                  APP| Migrate schema sources: {}
I/APP     ( 1527): I 03/01/2013 15:43:45:446 0000060e           HttpServer| GC Start.
I/APP     ( 1527): I 03/01/2013 15:43:45:520 0000060e           HttpServer| GC End.
I/APP     ( 1527): I 03/01/2013 15:43:52:293 0000060e           HttpServer| Process URI: '/app/Request/choose_existing'
