I/APP     ( 2203): I 03/25/2013 17:11:23:465 000008b1           HttpServer| GC Start.
I/APP     ( 2203): I 03/25/2013 17:11:23:578 000008b1           HttpServer| GC End.
W/InputManagerService(   90): Window already focused, ignoring focus gain of: com.android.internal.view.IInputMethodClient$Stub$Proxy@415c3d98
D/dalvikvm( 2203): GC_CONCURRENT freed 658K, 6% free 12956K/13703K, paused 12ms+21ms
W/InputManagerService(   90): Window already focused, ignoring focus gain of: com.android.internal.view.IInputMethodClient$Stub$Proxy@4158fea0
I/APP     ( 2203): I 03/25/2013 17:12:11:713 000008b1           HttpServer| Process URI: '/app/index_erb.iseq'
I/APP     ( 2203): I 03/25/2013 17:12:11:716 000008b1                  APP| RHO serve_index: /app/index_erb.iseq
I/APP     ( 2203): I 03/25/2013 17:12:11:754 000008b1 RHO Rho::RhoController| inst_render_index
I/APP     ( 2203): I 03/25/2013 17:12:11:902 000008b1           HttpServer| GC Start.
I/APP     ( 2203): I 03/25/2013 17:12:11:954 000008b1           HttpServer| GC End.
I/APP     ( 2203): I 03/25/2013 17:12:16:243 000008b1           HttpServer| Process URI: '/app/Menu/info'
I/APP     ( 2203): I 03/25/2013 17:12:16:247 000008b1                  APP| RHO serve: /app/Menu/info
I/APP     ( 2203): I 03/25/2013 17:12:16:279 000008b1              RhoRuby| require_compiled: Menu/menu_controller
I/APP     ( 2203): I 03/25/2013 17:12:16:443 000008b1        RhodesService| HAS_NETWORK: all networks are disconnected
I/APP     ( 2203): I 03/25/2013 17:12:16:514 000008b1           HttpServer| GC Start.
I/APP     ( 2203): I 03/25/2013 17:12:16:577 000008b1           HttpServer| GC End.
I/APP     ( 2203): I 03/25/2013 17:12:30:144 0000089b        RhodesService| Exit application
I/APP     ( 2203): I 03/25/2013 17:12:30:184 000008b1           HttpServer| Process URI: '/system/uidestroyed'
I/APP     ( 2203): I 03/25/2013 17:12:30:219 0000089b    RhodesApplication| New UiState: MainActivityPaused
W/InputManagerService(   90): Window already focused, ignoring focus gain of: com.android.internal.view.IInputMethodClient$Stub$Proxy@415f33b8
I/APP     ( 2203): I 03/25/2013 17:12:30:788 000008af         AppCallbacks| Thread shutdown
I/APP     ( 2203): I 03/25/2013 17:12:30:794 0000089b           HttpServer| Stopping server...
I/APP     ( 2203): I 03/25/2013 17:12:30:825 000008b1            RhodesApp| RhodesApp thread shutdown
I/APP     ( 2203): I 03/25/2013 17:12:30:826 000008b1          GeoLocation| Destroying singleton instance.
I/APP     ( 2203): I 03/25/2013 17:12:30:827 000008b1                 Sync| Stopping Sync thread
W/WindowManager(   90): Failure taking screenshot for (180x300) to layer 21010
I/Process ( 2203): Sending signal. PID: 2203 SIG: 3
I/dalvikvm( 2203): threadid=3: reacting to signal 3
I/APP     ( 2203): I 03/25/2013 17:12:31:514 0000089b AndroidFunctionality| Pause WebView
W/ActivityManager(   90): Activity pause timeout for ActivityRecord{41421bd8 com.rhomobile.macotec/com.rhomobile.rhodes.RhodesActivity}
I/APP     ( 2203): I 03/25/2013 17:12:31:630 0000089b       RhodesActivity| onPause
I/APP     ( 2203): I 03/25/2013 17:12:31:684 0000089b    RhodesApplication| New UiState: MainActivityPaused
I/dalvikvm( 2203): Wrote stack traces to '/data/anr/traces.txt'
I/Process (   90): Sending signal. PID: 2203 SIG: 3
I/dalvikvm( 2203): threadid=3: reacting to signal 3
I/dalvikvm( 2203): Wrote stack traces to '/data/anr/traces.txt'
W/NetworkManagementSocketTagger(   90): setKernelCountSet(10009, 1) failed with errno -2
I/Process ( 2203): Sending signal. PID: 2203 SIG: 9
I/Process (   90): Sending signal. PID: 190 SIG: 3
I/dalvikvm(  190): threadid=3: reacting to signal 3
W/InputDispatcher(   90): channel '414778a8 com.rhomobile.macotec/com.rhomobile.rhodes.RhodesActivity (server)' ~ Consumer closed input channel or an error occurred.  events=0x8
E/InputDispatcher(   90): channel '414778a8 com.rhomobile.macotec/com.rhomobile.rhodes.RhodesActivity (server)' ~ Channel is unrecoverably broken and will be disposed!
I/WindowManager(   90): WINDOW DIED Window{414778a8 com.rhomobile.macotec/com.rhomobile.rhodes.RhodesActivity paused=false}
W/InputDispatcher(   90): Attempted to unregister already unregistered input channel '414778a8 com.rhomobile.macotec/com.rhomobile.rhodes.RhodesActivity (server)'
I/WindowManager(   90): WIN DEATH: Window{414778a8 com.rhomobile.macotec/com.rhomobile.rhodes.RhodesActivity paused=false}
W/InputManagerService(   90): Got RemoteException sending setActive(false) notification to pid 2203 uid 10040
I/dalvikvm(  190): Wrote stack traces to '/data/anr/traces.txt'
I/ActivityManager(   90): Process com.rhomobile.macotec (pid 2203) has died.
W/NetworkManagementSocketTagger(   90): setKernelCountSet(10040, 0) failed with errno -2
D/dalvikvm(   90): GC_CONCURRENT freed 384K, 12% free 11310K/12807K, paused 22ms+86ms
W/ThrottleService(   90): unable to find stats for iface rmnet0
