D/EmulatedCamera_Camera(   38): Starting camera for picture: NV21(jpeg)[640x480]
V/EmulatedCamera_FakeDevice(   38): startDevice
V/EmulatedCamera_Device(   38): commonStartDevice: Allocated 0x41bf4008 460800 bytes for 307200 pixels in NV21[640x480] frame
V/EmulatedCamera_Device(   38): startDeliveringFrames
V/EmulatedCamera_Device(   38): startWorkerThread
V/EmulatedCamera_Device(   38): Starting emulated camera device worker thread...
V/EmulatedCamera_Device(   38): Emulated device's worker thread has been started.
D/AudioSink(   38): bufferCount (4) is too small and increased to 12
I/APP     ( 1186): I 03/05/2013 13:54:21:541 000004a2         ImageCapture| SHUTTER CALLBACK
V/EmulatedCamera_CallbackNotifier(   38): disableMessage: msg_type = 0x2
V/EmulatedCamera_CallbackNotifier(   38):     CAMERA_MSG_SHUTTER
V/EmulatedCamera_CallbackNotifier(   38): **** Currently enabled messages:
V/EmulatedCamera_CallbackNotifier(   38):     CAMERA_MSG_ERROR
V/EmulatedCamera_CallbackNotifier(   38):     CAMERA_MSG_FOCUS
V/EmulatedCamera_CallbackNotifier(   38):     CAMERA_MSG_ZOOM
V/EmulatedCamera_CallbackNotifier(   38):     CAMERA_MSG_COMPRESSED_IMAGE
V/EmulatedCamera_CallbackNotifier(   38):     CAMERA_MSG_RAW_IMAGE_NOTIFY
V/EmulatedCamera_CallbackNotifier(   38):     CAMERA_MSG_PREVIEW_METADATA
I/APP     ( 1186): I 03/05/2013 13:54:21:575 000004a2         ImageCapture| PICTURE CALLBACK RAW
V/EmulatedCamera_JPEG(   38): compressRawImage: 0x41bf4008[640x480]
D/skia    (   38): onFlyCompress
V/EmulatedCamera_JPEG(   38): compressRawImage: Compressed JPEG: 460800[640x480] -> 13580 bytes
V/EmulatedCamera_CallbackNotifier(   38): disableMessage: msg_type = 0x100
V/EmulatedCamera_CallbackNotifier(   38):     CAMERA_MSG_COMPRESSED_IMAGE
V/EmulatedCamera_CallbackNotifier(   38): **** Currently enabled messages:
V/EmulatedCamera_CallbackNotifier(   38):     CAMERA_MSG_ERROR
V/EmulatedCamera_CallbackNotifier(   38):     CAMERA_MSG_FOCUS
V/EmulatedCamera_CallbackNotifier(   38):     CAMERA_MSG_ZOOM
V/EmulatedCamera_CallbackNotifier(   38):     CAMERA_MSG_RAW_IMAGE_NOTIFY
V/EmulatedCamera_CallbackNotifier(   38):     CAMERA_MSG_PREVIEW_METADATA
I/APP     ( 1186): I 03/05/2013 13:54:21:807 000004a2         ImageCapture| PICTURE CALLBACK JPEG: 13580 bytes
I/APP     ( 1186): I 03/05/2013 13:54:21:822 000004b9           HttpServer| Process URI: '/app/Request/camera_callback'
I/APP     ( 1186): I 03/05/2013 13:54:21:824 000004b9                  APP| RHO serve: /app/Request/camera_callback
I/APP     ( 1186): I 03/05/2013 13:54:21:833 000004b9                  APP| Params: {"rho_callback"=>"1", "status"=>"ok", "image_uri"=>"db/db-files/Image_2013030513542142.jpg", "image_width"=>"640", "image_height"=>"480", "image_format"=>"jpg"}
I/APP     ( 1186): I 03/05/2013 13:54:21:888 000004a2         ImageCapture| finish
W/WindowManager(   77): Failure taking screenshot for (180x300) to layer 21020
I/APP     ( 1186): I 03/05/2013 13:54:21:925 000004a2       SimpleMainView| Cleared URL: javascript:showImage("/data/data/com.rhomobile.macotec/rhodata/db/db-files/Image_2013030513542142.jpg");
I/APP     ( 1186): I 03/05/2013 13:54:21:980 000004b9           HttpServer| GC Start.
I/APP     ( 1186): I 03/05/2013 13:54:21:996 000004a2         BaseActivity| New screen properties - width: 800, height: 480, orientation: 0
I/APP     ( 1186): I 03/05/2013 13:54:22:025 000004a2       RhodesActivity| onStart
I/APP     ( 1186): I 03/05/2013 13:54:22:028 000004a2    RhodesApplication| New UiState: MainActivityStarted
I/APP     ( 1186): I 03/05/2013 13:54:22:044 000004a2       RhodesActivity| onResume
I/APP     ( 1186): I 03/05/2013 13:54:22:046 000004a2 AndroidFunctionality| Resume WebView
V/PhoneStatusBar(  134): setLightsOn(true)
I/APP     ( 1186): I 03/05/2013 13:54:22:153 000004b9           HttpServer| GC End.
I/APP     ( 1186): I 03/05/2013 13:54:22:185 000004b9           HttpServer| Process URI: '/data/data/com.rhomobile.macotec/rhodata/db/db-files/Image_2013030513542142.jpg'
I/Process (   77): Sending signal. PID: 1186 SIG: 3
I/dalvikvm( 1186): threadid=3: reacting to signal 3
I/dalvikvm( 1186): Wrote stack traces to '/data/anr/traces.txt'
V/SimpleMainView.View( 1186): ms[1362488062957]  Main Window :: onSizeChanged() old [ 800 x 442 ]  new [ 480 x 762 ]
I/APP     ( 1186): I 03/05/2013 13:54:23:518 000004a2         ImageCapture| surfaceDestroyed
V/EmulatedCamera_CallbackNotifier(   38): disableMessage: msg_type = 0x10
V/EmulatedCamera_CallbackNotifier(   38):     CAMERA_MSG_PREVIEW_FRAME
V/EmulatedCamera_CallbackNotifier(   38): **** Currently enabled messages:
V/EmulatedCamera_CallbackNotifier(   38):     CAMERA_MSG_ERROR
V/EmulatedCamera_CallbackNotifier(   38):     CAMERA_MSG_FOCUS
V/EmulatedCamera_CallbackNotifier(   38):     CAMERA_MSG_ZOOM
V/EmulatedCamera_CallbackNotifier(   38):     CAMERA_MSG_RAW_IMAGE_NOTIFY
V/EmulatedCamera_CallbackNotifier(   38):     CAMERA_MSG_PREVIEW_METADATA
V/EmulatedCamera_Camera(   38): doStopPreview
V/EmulatedCamera_CallbackNotifier(   38): disableMessage: msg_type = 0x10
V/EmulatedCamera_CallbackNotifier(   38):     CAMERA_MSG_PREVIEW_FRAME
V/EmulatedCamera_CallbackNotifier(   38): **** Currently enabled messages:
V/EmulatedCamera_CallbackNotifier(   38):     CAMERA_MSG_ERROR
V/EmulatedCamera_CallbackNotifier(   38):     CAMERA_MSG_FOCUS
V/EmulatedCamera_CallbackNotifier(   38):     CAMERA_MSG_ZOOM
V/EmulatedCamera_CallbackNotifier(   38):     CAMERA_MSG_RAW_IMAGE_NOTIFY
V/EmulatedCamera_CallbackNotifier(   38):     CAMERA_MSG_PREVIEW_METADATA
V/EmulatedCamera_CallbackNotifier(   38): disableMessage: msg_type = 0xffff
V/EmulatedCamera_CallbackNotifier(   38):     CAMERA_MSG_ERROR
V/EmulatedCamera_CallbackNotifier(   38):     CAMERA_MSG_SHUTTER
V/EmulatedCamera_CallbackNotifier(   38):     CAMERA_MSG_FOCUS
V/EmulatedCamera_CallbackNotifier(   38):     CAMERA_MSG_ZOOM
V/EmulatedCamera_CallbackNotifier(   38):     CAMERA_MSG_PREVIEW_FRAME
V/EmulatedCamera_CallbackNotifier(   38):     CAMERA_MSG_VIDEO_FRAME
V/EmulatedCamera_CallbackNotifier(   38):     CAMERA_MSG_POSTVIEW_FRAME
V/EmulatedCamera_CallbackNotifier(   38):     CAMERA_MSG_RAW_IMAGE
V/EmulatedCamera_CallbackNotifier(   38):     CAMERA_MSG_COMPRESSED_IMAGE
V/EmulatedCamera_CallbackNotifier(   38):     CAMERA_MSG_RAW_IMAGE_NOTIFY
V/EmulatedCamera_CallbackNotifier(   38):     CAMERA_MSG_PREVIEW_METADATA
V/EmulatedCamera_CallbackNotifier(   38): **** Currently enabled messages:
V/EmulatedCamera_Camera(   38): doStopPreview
V/EmulatedCamera_Camera(   38): cancelPicture
V/EmulatedCamera_Camera(   38): releaseCamera
V/EmulatedCamera_Camera(   38): doStopPreview
V/EmulatedCamera_Device(   38): stopDeliveringFrames
V/EmulatedCamera_Device(   38): stopWorkerThread
V/EmulatedCamera_Device(   38): Stopping emulated camera device's worker thread...
V/EmulatedCamera_Device(   38): Emulated camera device's worker thread has been stopped.
V/EmulatedCamera_FakeDevice(   38): stopDevice
V/EmulatedCamera_FakeDevice(   38): disconnectDevice
V/EmulatedCamera_Preview(   38): setPreviewWindow: current: 0x15e20 -> new: 0x0
I/CameraService(   38): Destroying camera 0
V/EmulatedCamera_Camera(   38): closeCamera
V/EmulatedCamera_Camera(   38): doStopPreview
W/AudioFlinger(   38): session id 25 not found for pid 38
W/AudioFlinger(   38): session id 26 not found for pid 38
I/APP     ( 1186): I 03/05/2013 13:54:24:500 000004a2         ImageCapture| onStop
I/InputReader(   77): Reconfiguring input devices.  changes=0x00000004
I/InputReader(   77): Device reconfigured: id=0, name='qwerty2', surface size is now 480x800, mode is 1
W/SurfaceFlinger(   36): createScreenshotSurface failed (Function not implemented)
I/ActivityManager(   77): Config changed: {1.0 310mcc260mnc en_US layoutdir=0 sw320dp w320dp h508dp nrml long port finger qwerty/v/v tball/v s.12}
I/APP     ( 1186): I 03/05/2013 13:54:31:755 000004a2         BaseActivity| New screen properties - width: 480, height: 800, orientation: 1
V/SimpleMainView.View( 1186): ms[1362488071858]  Main Window :: onSizeChanged() old [ 480 x 762 ]  new [ 800 x 442 ]
D/dalvikvm(  179): GC_CONCURRENT freed 384K, 6% free 9533K/10119K, paused 6ms+11ms
D/dalvikvm(   77): GC_EXPLICIT freed 67K, 13% free 11257K/12871K, paused 5ms+13ms
I/APP     ( 1186): I 03/05/2013 13:54:37:587 000004b9           HttpServer| Process URI: '/app/Request/submit_request_rental'
I/APP     ( 1186): I 03/05/2013 13:54:37:589 000004b9                  APP| RHO serve: /app/Request/submit_request_rental
I/APP     ( 1186): I 03/05/2013 13:54:37:611 000004b9                  APP| Params: {"product"=>"nothing", "rental_begin"=>"", "operation_period"=>"", "amount_product"=>"", "location"=>"", "information"=>"", "hiddenImagePath"=>"/data/data/com.rhomobile.macotec/rhodata/db/db-files/Image_2013030513542142.jpg", "company"=>"Hasenbert", "phone"=>"0304987987", "email"=>"erwin@hasenbert.de"}
I/APP     ( 1186): I 03/05/2013 13:54:37:666 000004b9           HttpServer| GC Start.
I/APP     ( 1186): I 03/05/2013 13:54:37:722 000004b9           HttpServer| GC End.
W/ThrottleService(   77): unable to find stats for iface rmnet0
D/dalvikvm( 1186): GC_CONCURRENT freed 943K, 8% free 12629K/13703K, paused 5ms+40ms
D/AndroidRuntime( 1250): 
D/AndroidRuntime( 1250): >>>>>> AndroidRuntime START com.android.internal.os.RuntimeInit <<<<<<
D/AndroidRuntime( 1250): CheckJNI is ON
D/AndroidRuntime( 1250): Calling main entry com.android.commands.pm.Pm
W/ActivityManager(   77): No content provider found for permission revoke: file:///data/local/tmp/MacoTec-debug.apk
W/ActivityManager(   77): No content provider found for permission revoke: file:///data/local/tmp/MacoTec-debug.apk
D/dalvikvm(   77): GC_CONCURRENT freed 305K, 12% free 11434K/12871K, paused 42ms+25ms
D/dalvikvm(   77): GC_CONCURRENT freed 233K, 10% free 11706K/12871K, paused 5ms+18ms
D/dalvikvm(   77): GC_CONCURRENT freed 626K, 10% free 11643K/12871K, paused 5ms+17ms
D/dalvikvm(   77): GC_CONCURRENT freed 548K, 10% free 11643K/12871K, paused 50ms+7ms
D/dalvikvm(   77): GC_CONCURRENT freed 578K, 10% free 11686K/12871K, paused 19ms+19ms
D/dalvikvm(   77): GC_CONCURRENT freed 590K, 10% free 11649K/12871K, paused 21ms+12ms
D/dalvikvm(   77): GC_CONCURRENT freed 533K, 10% free 11656K/12871K, paused 6ms+6ms
I/PackageManager(   77): Removing non-system package:com.rhomobile.macotec
I/ActivityManager(   77): Force stopping package com.rhomobile.macotec uid=10040
I/ActivityManager(   77): Killing proc 1186:com.rhomobile.macotec/10040: force stop
W/ActivityManager(   77): Force removing ActivityRecord{4130af80 com.rhomobile.macotec/com.rhomobile.rhodes.RhodesActivity}: app died, no saved state
W/NetworkManagementSocketTagger(   77): setKernelCountSet(10040, 0) failed with errno -2
W/NetworkManagementSocketTagger(   77): setKernelCountSet(10009, 1) failed with errno -2
I/WindowManager(   77): WIN DEATH: Window{41513478 com.rhomobile.macotec/com.rhomobile.rhodes.RhodesActivity paused=false}
I/PackageManager(   77): Package com.rhomobile.macotec codePath changed from /data/app/com.rhomobile.macotec-2.apk to /data/app/com.rhomobile.macotec-1.apk; Retaining data and using new
W/InputManagerService(   77): Got RemoteException sending setActive(false) notification to pid 1186 uid 10040
I/PackageManager(   77): Running dexopt on: com.rhomobile.macotec
D/dalvikvm( 1261): DexOpt: load 102ms, verify+opt 507ms
W/PackageManager(   77): Code path for pkg : com.rhomobile.macotec changing from /data/app/com.rhomobile.macotec-2.apk to /data/app/com.rhomobile.macotec-1.apk
W/PackageManager(   77): Resource path for pkg : com.rhomobile.macotec changing from /data/app/com.rhomobile.macotec-2.apk to /data/app/com.rhomobile.macotec-1.apk
I/ActivityManager(   77): Force stopping package com.rhomobile.macotec uid=10040
D/PackageManager(   77): New package installed in /data/app/com.rhomobile.macotec-1.apk
I/ActivityManager(   77): Force stopping package com.rhomobile.macotec uid=10040
D/PackageManager(   77): generateServicesMap(android.accounts.AccountAuthenticator): 2 services unchanged
D/PackageManager(   77): generateServicesMap(android.content.SyncAdapter): 4 services unchanged
D/BackupManagerService(   77): Received broadcast Intent { act=android.intent.action.PACKAGE_REMOVED dat=package:com.rhomobile.macotec flg=0x10000010 (has extras) }
I/AccountTypeManager(  307): Loaded meta-data for 1 account types, 0 accounts in 14ms(wall) 8ms(cpu)
D/PackageManager(   77): generateServicesMap(android.accounts.AccountAuthenticator): 2 services unchanged
D/PackageManager(   77): generateServicesMap(android.content.SyncAdapter): 4 services unchanged
D/BackupManagerService(   77): Received broadcast Intent { act=android.intent.action.PACKAGE_ADDED dat=package:com.rhomobile.macotec flg=0x10000010 (has extras) }
V/BackupManagerService(   77): updatePackageParticipantsLocked: #1
D/dalvikvm(   77): GC_CONCURRENT freed 574K, 9% free 11740K/12871K, paused 8ms+13ms
W/RecognitionManagerService(   77): no available voice recognition services found
I/AccountTypeManager(  307): Loaded meta-data for 1 account types, 0 accounts in 473ms(wall) 5ms(cpu)
D/BackupManagerService(   77): Received broadcast Intent { act=android.intent.action.PACKAGE_REPLACED dat=package:com.rhomobile.macotec flg=0x10000010 (has extras) }
V/BackupManagerService(   77): updatePackageParticipantsLocked: #1
D/dalvikvm(   77): GC_EXPLICIT freed 925K, 13% free 11246K/12871K, paused 16ms+9ms
D/AndroidRuntime( 1250): Shutting down VM
D/dalvikvm( 1250): GC_CONCURRENT freed 97K, 79% free 450K/2048K, paused 1ms+2ms
I/AndroidRuntime( 1250): NOTE: attach of thread 'Binder Thread #3' failed
D/dalvikvm(  223): GC_CONCURRENT freed 365K, 5% free 9435K/9927K, paused 4ms+29ms
D/AndroidRuntime( 1269): 
D/AndroidRuntime( 1269): >>>>>> AndroidRuntime START com.android.internal.os.RuntimeInit <<<<<<
D/AndroidRuntime( 1269): CheckJNI is ON
D/AndroidRuntime( 1269): Calling main entry com.android.commands.am.Am
I/ActivityManager(   77): START {act=android.intent.action.MAIN flg=0x10000000 cmp=com.rhomobile.macotec/com.rhomobile.rhodes.RhodesActivity} from pid 1269
W/WindowManager(   77): Failure taking screenshot for (180x300) to layer 21005
D/AndroidRuntime( 1269): Shutting down VM
D/dalvikvm( 1269): GC_CONCURRENT freed 97K, 77% free 480K/2048K, paused 0ms+1ms
I/AndroidRuntime( 1269): NOTE: attach of thread 'Binder Thread #3' failed
I/ActivityManager(   77): Start proc com.rhomobile.macotec for activity com.rhomobile.macotec/com.rhomobile.rhodes.RhodesActivity: pid=1280 uid=10040 gids={3003, 1006}
I/dalvikvm( 1280): Turning on JNI app bug workarounds for target SDK version 4...
W/NetworkManagementSocketTagger(   77): setKernelCountSet(10040, 1) failed with errno -2
I/Process (   77): Sending signal. PID: 1280 SIG: 3
I/dalvikvm( 1280): threadid=3: reacting to signal 3
I/dalvikvm( 1280): Wrote stack traces to '/data/anr/traces.txt'
D/dalvikvm( 1280): Trying to load lib /data/data/com.rhomobile.macotec/lib/librhodes.so 0x412a31e0
D/dalvikvm( 1280): Added shared lib /data/data/com.rhomobile.macotec/lib/librhodes.so 0x412a31e0
D/dalvikvm( 1280): Trying to load lib /data/data/com.rhomobile.macotec/lib/librhodes.so 0x412a31e0
D/dalvikvm( 1280): Shared lib '/data/data/com.rhomobile.macotec/lib/librhodes.so' already loaded in same CL 0x412a31e0
I/ActivityThread( 1280): Pub com.rhomobile.macotec: com.rhomobile.rhodes.LocalFileProvider
I/RhodesApplication( 1280): Initializing...
D/RhoFileApi( 1280): App root path: /data/data/com.rhomobile.macotec/rhodata/
D/RhoFileApi( 1280): Sqlite journals path: /data/data/com.rhomobile.macotec/sqlite_stmt_journals/
D/RhoFileApi( 1280): Shared path: /data/data/com.rhomobile.macotec/rhodata/
D/RhodesApplication( 1280): Root path: /data/data/com.rhomobile.macotec/rhodata/
I/RhodesApplication( 1280): Application hash was changed
D/RhoFileApi( 1280): Copy hash to FS
D/RhoFileApi( 1280): File hash copied
D/RhoFileApi( 1280): Copy rho.dat to FS
D/RhoFileApi( 1280): File rho.dat copied
D/RhoFileApi( 1280): Copy apps/rhoconfig.txt to FS
D/RhoFileApi( 1280): File apps/rhoconfig.txt copied
I/RhoFileApi( 1280): Opening stat table from FS: /data/data/com.rhomobile.macotec/rhodata/rho.dat
I/Process (   77): Sending signal. PID: 1280 SIG: 3
I/dalvikvm( 1280): threadid=3: reacting to signal 3
I/dalvikvm( 1280): Wrote stack traces to '/data/anr/traces.txt'
D/RhoFileApi( 1280): Copy apps/rhoconfig.txt to FS
D/RhoFileApi( 1280): File apps/rhoconfig.txt copied
D/RhoFileApi( 1280): App root path: /data/data/com.rhomobile.macotec/rhodata/
D/RhoFileApi( 1280): Sqlite journals path: /data/data/com.rhomobile.macotec/sqlite_stmt_journals/
D/RhoFileApi( 1280): Shared path: /data/data/com.rhomobile.macotec/rhodata/
I/APP     ( 1280): I 03/05/2013 13:55:47:741 00000500    RhodesApplication| Initialized
I/APP     ( 1280): I 03/05/2013 13:55:47:784 00000500         BaseActivity| New screen properties - width: 480, height: 800, orientation: 1
I/APP     ( 1280): I 03/05/2013 13:55:47:898 00000500         SplashScreen| Looking for start page source
D/dalvikvm( 1280): GC_CONCURRENT freed 306K, 4% free 9231K/9607K, paused 16ms+14ms
I/Process (   77): Sending signal. PID: 1280 SIG: 3
I/dalvikvm( 1280): threadid=3: reacting to signal 3
D/dalvikvm( 1280): GC_FOR_ALLOC freed 5K, 4% free 9227K/9607K, paused 75ms
I/dalvikvm( 1280): Wrote stack traces to '/data/anr/traces.txt'
I/dalvikvm-heap( 1280): Grow heap (frag case) to 12.146MB for 3217300-byte allocation
D/dalvikvm( 1280): GC_FOR_ALLOC freed <1K, 4% free 12369K/12807K, paused 52ms
I/Process (   77): Sending signal. PID: 1280 SIG: 3
I/dalvikvm( 1280): threadid=3: reacting to signal 3
I/dalvikvm( 1280): Wrote stack traces to '/data/anr/traces.txt'
I/APP     ( 1280): I 03/05/2013 13:55:48:682 00000500         SplashScreen| Done
I/APP     ( 1280): I 03/05/2013 13:55:48:685 00000500    RhodesApplication| New UiState: MainActivityCreated
I/APP     ( 1280): I 03/05/2013 13:55:48:702 00000500       RhodesActivity| onStart
I/APP     ( 1280): I 03/05/2013 13:55:48:705 00000500    RhodesApplication| New UiState: MainActivityStarted
I/APP     ( 1280): I 03/05/2013 13:55:48:721 00000500       RhodesActivity| onResume
I/APP     ( 1280): I 03/05/2013 13:55:48:723 00000500 AndroidFunctionality| Resume WebView
I/APP     ( 1280): I 03/05/2013 13:55:48:760 00000500        RhodesService| onCreate
I/APP     ( 1280): I 03/05/2013 13:55:48:762 00000500    LocalFileProvider| Revoke URI permissions: content:///com.rhomobile.macotec
W/ActivityManager(   77): No content provider found for permission revoke: content:///com.rhomobile.macotec
I/APP     ( 1280): I 03/05/2013 13:55:48:785 00000500               Rhodes| Loading...
I/APP     ( 1280): I 03/05/2013 13:55:48:802 00000500            RhodesApp| Trying to get free listening port.
I/APP     ( 1280): I 03/05/2013 13:55:48:803 00000500            RhodesApp| Trying to bind of 8080 port...
I/APP     ( 1280): I 03/05/2013 13:55:48:810 00000500            RhodesApp| Got port to bind on: 8080
I/APP     ( 1280): I 03/05/2013 13:55:48:823 00000514         AppCallbacks| Starting main routine...
I/APP     ( 1280): I 03/05/2013 13:55:48:829 00000514         AppCallbacks| ThreadQueue blocked for 4294967295 seconds...
I/APP     ( 1280): I 03/05/2013 13:55:48:821 00000500            RhodesApp| Free listening port: 8080
I/APP     ( 1280): I 03/05/2013 13:55:48:894 00000500        RhodesService| Push is disabled
I/APP     ( 1280): I 03/05/2013 13:55:48:897 00000500            RhodesApp| callAppActiveCallback
I/APP     ( 1280): I 03/05/2013 13:55:48:912 00000500         AppCallbacks| addCommand: APP-ACTIVATED
I/APP     ( 1280): I 03/05/2013 13:55:48:916 00000514         AppCallbacks| Received command APP-ACTIVATED which is greater than expected (LOCAL-SERVER-STARTED) - postpone it
I/APP     ( 1280): I 03/05/2013 13:55:48:917 00000514         AppCallbacks| ThreadQueue blocked for 4294967295 seconds...
I/APP     ( 1280): I 03/05/2013 13:55:48:931 00000500         AppActivated| Cannot commit now, application will be activated when started.
I/APP     ( 1280): I 03/05/2013 13:55:48:936 00000500    RhodesApplication| New AppState: Undefined
D/RhodesService( 1280): +++ onStartCommand
I/APP     ( 1280): I 03/05/2013 13:55:48:949 00000516            RhodesApp| Starting RhodesApp main routine...
I/RhodesService( 1280): handleCommand: startId=1, source=com.rhomobile.rhodes.BaseActivity
D/RhodesService( 1280): New activity was created
I/APP     ( 1280): I 03/05/2013 13:55:49:003 00000500        RhodesService| onBind
I/APP     ( 1280): I 03/05/2013 13:55:49:034 00000500         AppCallbacks| addCommand: UI-CREATED
I/APP     ( 1280): I 03/05/2013 13:55:49:048 00000514         AppCallbacks| Received command UI-CREATED which is greater than expected (LOCAL-SERVER-STARTED) - postpone it
I/APP     ( 1280): I 03/05/2013 13:55:49:049 00000514         AppCallbacks| ThreadQueue blocked for 4294967295 seconds...
I/Process (   77): Sending signal. PID: 1280 SIG: 3
I/dalvikvm( 1280): threadid=3: reacting to signal 3
I/APP     ( 1280): I 03/05/2013 13:55:49:173 00000500       RhodesActivity| onServiceConnected: {com.rhomobile.macotec/com.rhomobile.rhodes.RhodesService}
I/dalvikvm( 1280): Wrote stack traces to '/data/anr/traces.txt'
V/PhoneStatusBar(  134): setLightsOn(true)
I/APP     ( 1280): I 03/05/2013 13:55:49:232 00000500       RhodesActivity| New start parameters: 
I/APP     ( 1280): I 03/05/2013 13:55:49:234 00000500            RhodesApp| New start params: 
D/gralloc_goldfish( 1280): Emulator without GPU emulation detected.
I/ActivityManager(   77): Displayed com.rhomobile.macotec/com.rhomobile.rhodes.RhodesActivity: +3s125ms
I/APP     ( 1280): I 03/05/2013 13:55:49:795 00000516              RhoRuby| Init_RhoBlobs: /data/data/com.rhomobile.macotec/rhodata/db/db-files
I/APP     ( 1280): I 03/05/2013 13:55:49:866 00000516              RhoRuby| require_compiled: rhoframework
I/APP     ( 1280): I 03/05/2013 13:55:49:917 00000516              RhoRuby| require_compiled: rational
I/APP     ( 1280): I 03/05/2013 13:55:49:939 00000516              RhoRuby| require_compiled: rhom/rhom_db_adapter
I/APP     ( 1280): I 03/05/2013 13:55:49:990 00000516              RhoRuby| require_compiled: rhodes
I/APP     ( 1280): I 03/05/2013 13:55:50:003 00000516              RhoRuby| require_compiled: rhom/rhom_object
I/APP     ( 1280): I 03/05/2013 13:55:50:025 00000516              RhoRuby| require_compiled: rhofsconnector
I/APP     ( 1280): I 03/05/2013 13:55:50:043 00000516              RhoRuby| require_compiled: rho/rhofsconnector
I/APP     ( 1280): I 03/05/2013 13:55:50:074 00000516              RhoRuby| require_compiled: rhom/rhom_object_factory
W/NetworkManagementSocketTagger(   77): setKernelCountSet(10009, 0) failed with errno -2
I/APP     ( 1280): I 03/05/2013 13:55:50:258 00000516              RhoRuby| require_compiled: rhom/rhom
I/APP     ( 1280): I 03/05/2013 13:55:50:294 00000516              RhoRuby| require_compiled: rhom/rhom_model
I/APP     ( 1280): I 03/05/2013 13:55:50:328 00000516              RhoRuby| require_compiled: rhom
I/APP     ( 1280): I 03/05/2013 13:55:50:344 00000516              RhoRuby| require_compiled: rho/rhoapplication
I/APP     ( 1280): I 03/05/2013 13:55:50:423 00000516              RhoRuby| require_compiled: rholang/localization_simplified
I/APP     ( 1280): I 03/05/2013 13:55:50:501 00000516              RhoRuby| require_compiled: rho/rhomsg
I/APP     ( 1280): I 03/05/2013 13:55:50:514 00000516              RhoRuby| require_compiled: rho/rhotabbar
I/APP     ( 1280): I 03/05/2013 13:55:50:558 00000516              RhoRuby| require_compiled: rho/rhotoolbar
I/APP     ( 1280): I 03/05/2013 13:55:50:583 00000516                  APP| Current locale: ; Country code: 
I/APP     ( 1280): I 03/05/2013 13:55:50:586 00000516                  APP| Locilized file: /data/data/com.rhomobile.macotec/rhodata/lib/rholang/lang_
I/APP     ( 1280): I 03/05/2013 13:55:50:616 00000516              RhoRuby| require_compiled: /data/data/com.rhomobile.macotec/rhodata/lib/rholang/lang_en
I/APP     ( 1280): I 03/05/2013 13:55:50:638 00000516                  APP| Locilized file: /data/data/com.rhomobile.macotec/rhodata/apps/app/lang/lang_
I/APP     ( 1280): I 03/05/2013 13:55:50:650 00000516              RhoRuby| require_compiled: /data/data/com.rhomobile.macotec/rhodata/apps/app/lang/lang_en
I/APP     ( 1280): I 03/05/2013 13:55:50:694 00000516                  APP| Locilized file: /data/data/com.rhomobile.macotec/rhodata/lib/rholang/rhoerror_
I/APP     ( 1280): I 03/05/2013 13:55:50:710 00000516              RhoRuby| require_compiled: /data/data/com.rhomobile.macotec/rhodata/lib/rholang/rhoerror_en
I/APP     ( 1280): I 03/05/2013 13:55:50:746 00000516                  APP| Locilized file: /data/data/com.rhomobile.macotec/rhodata/lib/rholang/rhomsg_
I/APP     ( 1280): I 03/05/2013 13:55:50:765 00000516              RhoRuby| require_compiled: /data/data/com.rhomobile.macotec/rhodata/lib/rholang/rhomsg_en
I/APP     ( 1280): I 03/05/2013 13:55:50:790 00000516              RhoRuby| require_compiled: indifferent_access
I/APP     ( 1280): I 03/05/2013 13:55:50:839 00000516              RhoRuby| require_compiled: rho/rhosupport
I/APP     ( 1280): I 03/05/2013 13:55:50:899 00000516              RhoRuby| require_compiled: rho/rhocontroller
I/APP     ( 1280): I 03/05/2013 13:55:50:929 00000516              RhoRuby| require_compiled: rho/render
I/APP     ( 1280): I 03/05/2013 13:55:50:980 00000516              RhoRuby| require_compiled: rho/rho
I/APP     ( 1280): I 03/05/2013 13:55:51:133 00000516              RhoRuby| require_compiled: rho/rhoerror
I/APP     ( 1280): I 03/05/2013 13:55:51:147 00000516              RhoRuby| require_compiled: rhom/rhom_source
I/APP     ( 1280): I 03/05/2013 13:55:51:180 00000516              RhoRuby| require_compiled: rho/rhoviewhelpers
I/APP     ( 1280): I 03/05/2013 13:55:51:210 00000516              RhoRuby| require_compiled: rho
I/APP     ( 1280): I 03/05/2013 13:55:51:215 00000516                  APP| RHO loaded
I/APP     ( 1280): I 03/05/2013 13:55:51:229 00000516                  APP| Calling RHO.initialize
I/APP     ( 1280): I 03/05/2013 13:55:51:248 00000516                  APP| model file: Settings/settings
I/APP     ( 1280): I 03/05/2013 13:55:51:251 00000516                  APP| model file: Image/image
I/APP     ( 1280): I 03/05/2013 13:55:51:288 00000516                  APP| model file: Product/product
I/APP     ( 1280): I 03/05/2013 13:55:51:290 00000516                  APP| model file: Request/request
I/APP     ( 1280): I 03/05/2013 13:55:51:308 00000516                   DB| Open DB: /data/data/com.rhomobile.macotec/rhodata/db/syncdbuser.sqlite
I/APP     ( 1280): I 03/05/2013 13:55:51:330 00000516          GeoLocation| Creating singleton instance.
I/APP     ( 1280): I 03/05/2013 13:55:51:332 00000516            RhodesApp| Starting sync engine...
I/APP     ( 1280): I 03/05/2013 13:55:51:357 00000516                 Sync| sync_poll_interval: 0
I/APP     ( 1280): I 03/05/2013 13:55:51:360 00000516                 Sync| syncserver: 
I/APP     ( 1280): I 03/05/2013 13:55:51:375 00000516                 Sync| bulksync_state: 0
I/APP     ( 1280): I 03/05/2013 13:55:51:377 00000516            RhodesApp| RhoRubyInitApp...
I/APP     ( 1280): I 03/05/2013 13:55:51:394 00000516                  APP| init_app
I/APP     ( 1280): I 03/05/2013 13:55:51:397 00000516              RhoRuby| require_compiled: application
I/APP     ( 1280): I 03/05/2013 13:55:51:417 00000516                 Sync| Set notification. Source ID: -1;Url :http://localhost:8080/app/Settings/sync_notify; Params: 
I/APP     ( 1280): I 03/05/2013 13:55:51:420 00000516           HttpServer| Start HTTP server
I/APP     ( 1280): I 03/05/2013 13:55:51:437 00000516           HttpServer| Listen for connections on port 8080
I/APP     ( 1280): I 03/05/2013 13:55:51:440 00000516         AppCallbacks| addCommand: LOCAL-SERVER-STARTED
I/APP     ( 1280): I 03/05/2013 13:55:51:446 00000514         AppCallbacks| process command: LOCAL-SERVER-STARTED
I/APP     ( 1280): I 03/05/2013 13:55:51:448 00000514 RhodesAppActiveObserver| Ready
I/APP     ( 1280): I 03/05/2013 13:55:51:466 00000500 AndroidFunctionality| Disable WebView zoom
I/APP     ( 1280): I 03/05/2013 13:55:51:467 00000500 AndroidFunctionality| Set web plugins state 'OFF'
V/EmulatedCamera_Factory(   38): getCameraInfo: id = 0
V/EmulatedCamera_Camera(   38): getCameraInfo
V/EmulatedCamera_Factory(   38): getCameraInfo: id = 0
V/EmulatedCamera_Camera(   38): getCameraInfo
I/CameraService(   38): Opening camera 0
V/EmulatedCamera_Factory(   38): cameraDeviceOpen: id = 0
V/EmulatedCamera_Camera(   38): connectCamera
V/EmulatedCamera_FakeDevice(   38): connectDevice
V/EmulatedCamera_CallbackNotifier(   38): setCallbacks: 0x405954e9, 0x40595f9d, 0x40595f01, 0x40597359 (0x1cb68)
V/EmulatedCamera_CallbackNotifier(   38): enableMessage: msg_type = 0x40d
V/EmulatedCamera_CallbackNotifier(   38):     CAMERA_MSG_ERROR
V/EmulatedCamera_CallbackNotifier(   38):     CAMERA_MSG_FOCUS
V/EmulatedCamera_CallbackNotifier(   38):     CAMERA_MSG_ZOOM
V/EmulatedCamera_CallbackNotifier(   38):     CAMERA_MSG_PREVIEW_METADATA
V/EmulatedCamera_CallbackNotifier(   38): **** Currently enabled messages:
V/EmulatedCamera_CallbackNotifier(   38):     CAMERA_MSG_ERROR
V/EmulatedCamera_CallbackNotifier(   38):     CAMERA_MSG_FOCUS
V/EmulatedCamera_CallbackNotifier(   38):     CAMERA_MSG_ZOOM
V/EmulatedCamera_CallbackNotifier(   38):     CAMERA_MSG_PREVIEW_METADATA
I/AwesomePlayer(   38): setDataSource_l('/system/media/audio/ui/camera_click.ogg')
I/APP     ( 1280): I 03/05/2013 13:55:51:541 00000514    RhodesApplication| New AppState: AppActivated
I/APP     ( 1280): I 03/05/2013 13:55:51:543 00000514         AppCallbacks| process command: UI-CREATED
I/APP     ( 1280): I 03/05/2013 13:55:51:631 00000516           HttpServer| Process URI: '/system/uicreated'
I/APP     ( 1280): I 03/05/2013 13:55:51:634 00000516                  APP| on_ui_created.navigate to start url: '/app'
I/APP     ( 1280): I 03/05/2013 13:55:51:679 00000514         AppCallbacks| process command: APP-ACTIVATED
I/APP     ( 1280): I 03/05/2013 13:55:51:721 00000516           HttpServer| Process URI: '/system/activateapp'
I/AwesomePlayer(   38): setDataSource_l('/system/media/audio/ui/VideoRecord.ogg')
I/APP     ( 1280): I 03/05/2013 13:55:51:750 00000514         AppCallbacks| ThreadQueue blocked for 4294967295 seconds...
V/EmulatedCamera_CallbackNotifier(   38): disableMessage: msg_type = 0x10
V/EmulatedCamera_CallbackNotifier(   38):     CAMERA_MSG_PREVIEW_FRAME
V/EmulatedCamera_CallbackNotifier(   38): **** Currently enabled messages:
V/EmulatedCamera_CallbackNotifier(   38):     CAMERA_MSG_ERROR
V/EmulatedCamera_CallbackNotifier(   38):     CAMERA_MSG_FOCUS
V/EmulatedCamera_CallbackNotifier(   38):     CAMERA_MSG_ZOOM
V/EmulatedCamera_CallbackNotifier(   38):     CAMERA_MSG_PREVIEW_METADATA
V/EmulatedCamera_CallbackNotifier(   38): disableMessage: msg_type = 0xffff
V/EmulatedCamera_CallbackNotifier(   38):     CAMERA_MSG_ERROR
V/EmulatedCamera_CallbackNotifier(   38):     CAMERA_MSG_SHUTTER
V/EmulatedCamera_CallbackNotifier(   38):     CAMERA_MSG_FOCUS
V/EmulatedCamera_CallbackNotifier(   38):     CAMERA_MSG_ZOOM
V/EmulatedCamera_CallbackNotifier(   38):     CAMERA_MSG_PREVIEW_FRAME
V/EmulatedCamera_CallbackNotifier(   38):     CAMERA_MSG_VIDEO_FRAME
V/EmulatedCamera_CallbackNotifier(   38):     CAMERA_MSG_POSTVIEW_FRAME
V/EmulatedCamera_CallbackNotifier(   38):     CAMERA_MSG_RAW_IMAGE
V/EmulatedCamera_CallbackNotifier(   38):     CAMERA_MSG_COMPRESSED_IMAGE
V/EmulatedCamera_CallbackNotifier(   38):     CAMERA_MSG_RAW_IMAGE_NOTIFY
V/EmulatedCamera_CallbackNotifier(   38):     CAMERA_MSG_PREVIEW_METADATA
V/EmulatedCamera_CallbackNotifier(   38): **** Currently enabled messages:
V/EmulatedCamera_Camera(   38): doStopPreview
V/EmulatedCamera_Camera(   38): cancelPicture
V/EmulatedCamera_Camera(   38): releaseCamera
V/EmulatedCamera_Camera(   38): doStopPreview
V/EmulatedCamera_FakeDevice(   38): disconnectDevice
I/CameraService(   38): Destroying camera 0
V/EmulatedCamera_Camera(   38): closeCamera
V/EmulatedCamera_Camera(   38): doStopPreview
W/AudioFlinger(   38): session id 27 not found for pid 38
V/EmulatedCamera_Factory(   38): getCameraInfo: id = 0
V/EmulatedCamera_Camera(   38): getCameraInfo
I/APP     ( 1280): I 03/05/2013 13:55:51:969 00000500         SplashScreen| navigate: url=http://localhost:8080/app
W/AudioFlinger(   38): session id 28 not found for pid 38
I/APP     ( 1280): I 03/05/2013 13:55:51:981 00000500         SplashScreen| DELAY for SplashScreen = 0
I/APP     ( 1280): I 03/05/2013 13:55:52:011 00000500        GoogleWebView| Creating new RhoWebChromeClient
I/APP     ( 1280): I 03/05/2013 13:55:52:024 00000500       SimpleMainView| Cleared URL: http://localhost:8080/app
V/SimpleMainView.View( 1280): ms[1362488152079]  Main Window :: onSizeChanged() old [ 480 x 762 ]  new [ 0 x 0 ]
I/APP     ( 1280): I 03/05/2013 13:55:52:121 00000500        GoogleWebView| Setting RhoWebChromeClient
I/APP     ( 1280): I 03/05/2013 13:55:52:162 00000516           HttpServer| Process URI: '/app'
I/APP     ( 1280): I 03/05/2013 13:55:52:203 00000500     RhoWebViewClient| Loading URL: http://localhost:8080/app/index_erb.iseq
I/APP     ( 1280): I 03/05/2013 13:55:52:229 00000516           HttpServer| Process URI: '/app/index_erb.iseq'
I/APP     ( 1280): I 03/05/2013 13:55:52:234 00000516                  APP| RHO serve_index: /app/index_erb.iseq
I/APP     ( 1280): I 03/05/2013 13:55:52:257 00000516 RHO Rho::RhoController| inst_render_index
I/APP     ( 1280): I 03/05/2013 13:55:52:303 00000516 RHO Rho::RhoController| index layout
I/APP     ( 1280): I 03/05/2013 13:55:52:372 00000516           HttpServer| GC Start.
I/APP     ( 1280): I 03/05/2013 13:55:52:451 00000516           HttpServer| GC End.
I/APP     ( 1280): I 03/05/2013 13:55:52:555 00000516           HttpServer| Process URI: '/public/js/request.js'
I/APP     ( 1280): I 03/05/2013 13:55:52:600 00000516           HttpServer| Process URI: '/public/jquery/jquery-1.6.4.min.js'
I/APP     ( 1280): I 03/05/2013 13:55:52:691 00000516           HttpServer| Process URI: '/public/jquery/jquery.json-2.3.min.js'
I/APP     ( 1280): I 03/05/2013 13:55:52:762 00000516           HttpServer| Process URI: '/public/jqmobile/jquery.mobile-1.0.1.min.css'
I/APP     ( 1280): I 03/05/2013 13:55:52:799 00000516           HttpServer| Process URI: '/public/css/jqmobile-patch.css'
I/APP     ( 1280): I 03/05/2013 13:55:52:826 00000516           HttpServer| Process URI: '/public/jqmobile/jquery.mobile-1.0.1.min.js'
I/APP     ( 1280): I 03/05/2013 13:55:52:908 00000516           HttpServer| Process URI: '/public/js/jqmobile-patch.js'
I/APP     ( 1280): I 03/05/2013 13:55:52:951 00000516           HttpServer| Process URI: '/public/css/macotec_style.css'
I/APP     ( 1280): I 03/05/2013 13:55:56:030 00000516           HttpServer| Process URI: '/public/images/macotec/logo.png'
I/APP     ( 1280): I 03/05/2013 13:55:56:663 00000516           HttpServer| Process URI: '/public/images/macotec/request_top.png'
I/APP     ( 1280): I 03/05/2013 13:55:56:746 00000516           HttpServer| Process URI: '/public/images/macotec/contact_png.png'
I/APP     ( 1280): I 03/05/2013 13:55:56:754 00000516           HttpServer| Process URI: '/public/images/macotec/products_png.png'
I/APP     ( 1280): I 03/05/2013 13:55:56:790 00000516           HttpServer| Process URI: '/public/images/macotec/info_png.png'
I/APP     ( 1280): I 03/05/2013 13:56:00:980 00000516           HttpServer| Process URI: '/app/Request/request'
I/APP     ( 1280): I 03/05/2013 13:56:01:020 00000516                  APP| RHO serve: /app/Request/request
I/APP     ( 1280): I 03/05/2013 13:56:01:191 00000516              RhoRuby| require_compiled: Request/request_controller
I/APP     ( 1280): I 03/05/2013 13:56:01:362 00000516              RhoRuby| require_compiled: helpers/browser_helper
I/APP     ( 1280): I 03/05/2013 13:56:01:402 00000516              RhoRuby| require_compiled: time
I/APP     ( 1280): I 03/05/2013 13:56:01:593 00000516              RhoRuby| require_compiled: date/format
I/APP     ( 1280): I 03/05/2013 13:56:01:879 00000516              RhoRuby| require_compiled: date
I/APP     ( 1280): I 03/05/2013 13:56:01:899 00000516              RhoRuby| require_compiled: dateOrig
D/dalvikvm( 1280): GC_CONCURRENT freed 902K, 8% free 12506K/13511K, paused 5ms+17ms
D/webviewglue( 1280): nativeDestroy view: 0x28dbc0
I/APP     ( 1280): E 03/05/2013 13:56:02:253 00000516               RubyVM| lib/date.rb:14: warning: already initialized constant MONTHNAMES
I/APP     ( 1280): E 03/05/2013 13:56:02:255 00000516               RubyVM| lib/date.rb:15: warning: already initialized constant ABBR_MONTHNAMES
I/APP     ( 1280): E 03/05/2013 13:56:02:275 00000516               RubyVM| lib/date.rb:16: warning: already initialized constant DAYNAMES
I/APP     ( 1280): E 03/05/2013 13:56:02:276 00000516               RubyVM| lib/date.rb:17: warning: already initialized constant ABBR_DAYNAMES
I/APP     ( 1280): I 03/05/2013 13:56:02:294 00000516              RhoRuby| require_compiled: json
I/APP     ( 1280): I 03/05/2013 13:56:02:318 00000516              RhoRuby| require_compiled: json/common
I/APP     ( 1280): I 03/05/2013 13:56:02:360 00000516              RhoRuby| require_compiled: json/version
I/APP     ( 1280): I 03/05/2013 13:56:02:382 00000516              RhoRuby| require_compiled: json/pure
I/APP     ( 1280): I 03/05/2013 13:56:02:410 00000516              RhoRuby| require_compiled: json/pure/generator
I/APP     ( 1280): I 03/05/2013 13:56:02:476 00000516              RhoRuby| require_compiled: Connection/connection_controller
I/APP     ( 1280): I 03/05/2013 13:56:02:571 00000516           HttpServer| GC Start.
I/APP     ( 1280): I 03/05/2013 13:56:02:645 00000516           HttpServer| GC End.
I/APP     ( 1280): I 03/05/2013 13:56:03:113 00000516           HttpServer| Process URI: '/public/images/macotec/forklifter_full.png'
I/APP     ( 1280): I 03/05/2013 13:56:03:189 00000516           HttpServer| Process URI: '/public/images/macotec/request_contract.png'
I/APP     ( 1280): I 03/05/2013 13:56:03:438 00000516           HttpServer| Process URI: '/public/jqmobile/images/icons-36-white.png'
E/libEGL  ( 1280): call to OpenGL ES API with no current context (logged once per thread)
D/ShaderProgram( 1280): couldn't load the vertex shader!
E/libEGL  ( 1280): call to OpenGL ES API with no current context (logged once per thread)
D/ShaderProgram( 1280): couldn't load the vertex shader!
E/libEGL  ( 1280): call to OpenGL ES API with no current context (logged once per thread)
D/ShaderProgram( 1280): couldn't load the vertex shader!
E/libEGL  ( 1280): call to OpenGL ES API with no current context (logged once per thread)
D/ShaderProgram( 1280): couldn't load the vertex shader!
E/libEGL  ( 1280): call to OpenGL ES API with no current context (logged once per thread)
D/ShaderProgram( 1280): couldn't load the vertex shader!
I/APP     ( 1280): I 03/05/2013 13:56:06:360 00000516           HttpServer| Process URI: '/app/Request/request_project'
I/APP     ( 1280): I 03/05/2013 13:56:06:363 00000516                  APP| RHO serve: /app/Request/request_project
I/APP     ( 1280): I 03/05/2013 13:56:06:386 00000516                  APP| const_missing: Settings
I/APP     ( 1280): I 03/05/2013 13:56:06:388 00000516                  APP| load_model: Settings
I/APP     ( 1280): I 03/05/2013 13:56:06:419 00000516              RhoRuby| require_compiled: Settings/settings
I/APP     ( 1280): I 03/05/2013 13:56:06:469 00000516                  APP| model name: Settings
I/APP     ( 1280): I 03/05/2013 13:56:06:470 00000516                  APP| model class found
I/APP     ( 1280): I 03/05/2013 13:56:06:494 00000516                  APP| Settings : {"schema"=>{"property"=>{"company"=>[:string, nil], "phone"=>[:string, nil], "email"=>[:string, nil]}}}
I/APP     ( 1280): I 03/05/2013 13:56:06:511 00000516                   DB| Open DB: /data/data/com.rhomobile.macotec/rhodata/db/syncdblocal.sqlite
I/APP     ( 1280): I 03/05/2013 13:56:06:584 00000516                  APP| init_db_sources
I/APP     ( 1280): I 03/05/2013 13:56:06:669 00000516                  APP| start_id: 40005
I/APP     ( 1280): I 03/05/2013 13:56:06:671 00000516                  APP| Migrate schema sources: {}
I/APP     ( 1280): I 03/05/2013 13:56:06:951 00000516           HttpServer| GC Start.
I/APP     ( 1280): I 03/05/2013 13:56:07:003 00000516           HttpServer| GC End.
I/APP     ( 1280): I 03/05/2013 13:56:13:784 00000516           HttpServer| Process URI: '/app/Request/new_image'
I/APP     ( 1280): I 03/05/2013 13:56:13:786 00000516                  APP| RHO serve: /app/Request/new_image
I/APP     ( 1280): I 03/05/2013 13:56:13:840 00000516           HttpServer| GC Start.
I/APP     ( 1280): I 03/05/2013 13:56:13:886 00000516           HttpServer| GC End.
I/ActivityManager(   77): START {cmp=com.rhomobile.macotec/com.rhomobile.rhodes.camera.ImageCapture (has extras)} from pid 1280
W/WindowManager(   77): Failure taking screenshot for (180x300) to layer 21010
I/APP     ( 1280): I 03/05/2013 13:56:14:152 00000500 AndroidFunctionality| Pause WebView
I/APP     ( 1280): I 03/05/2013 13:56:14:155 00000500       RhodesActivity| onPause
I/APP     ( 1280): I 03/05/2013 13:56:14:193 00000516           HttpServer| Process URI: '/system/uidestroyed'
I/APP     ( 1280): I 03/05/2013 13:56:14:214 00000500    RhodesApplication| New UiState: MainActivityPaused
I/InputReader(   77): Reconfiguring input devices.  changes=0x00000004
I/InputReader(   77): Device reconfigured: id=0, name='qwerty2', surface size is now 480x800, mode is 1
W/SurfaceFlinger(   36): createScreenshotSurface failed (Function not implemented)
I/ActivityManager(   77): Config changed: {1.0 310mcc260mnc en_US layoutdir=0 sw320dp w533dp h294dp nrml long land finger qwerty/v/v tball/v s.13}
I/APP     ( 1280): I 03/05/2013 13:56:14:618 00000500         ImageCapture| onCreate
I/Process (   77): Sending signal. PID: 1280 SIG: 3
I/dalvikvm( 1280): threadid=3: reacting to signal 3
I/APP     ( 1280): I 03/05/2013 13:56:14:830 00000500         ImageCapture| myOrientationEventListener.enable()
I/dalvikvm( 1280): Wrote stack traces to '/data/anr/traces.txt'
I/APP     ( 1280): I 03/05/2013 13:56:14:917 00000500         ImageCapture| onResume
D/RhodesService( 1280): +++ onStartCommand
I/RhodesService( 1280): handleCommand: startId=2, source=com.rhomobile.rhodes.BaseActivity
D/RhodesService( 1280): New activity was created
V/PhoneStatusBar(  134): setLightsOn(true)
I/APP     ( 1280): I 03/05/2013 13:56:15:079 00000500         ImageCapture| surfaceCreated
V/EmulatedCamera_Factory(   38): getCameraInfo: id = 0
V/EmulatedCamera_Camera(   38): getCameraInfo
V/EmulatedCamera_Factory(   38): getCameraInfo: id = 0
V/EmulatedCamera_Camera(   38): getCameraInfo
I/CameraService(   38): Opening camera 0
V/EmulatedCamera_Factory(   38): cameraDeviceOpen: id = 0
V/EmulatedCamera_Camera(   38): connectCamera
V/EmulatedCamera_FakeDevice(   38): connectDevice
V/EmulatedCamera_CallbackNotifier(   38): setCallbacks: 0x405954e9, 0x40595f9d, 0x40595f01, 0x40597359 (0x15e10)
V/EmulatedCamera_CallbackNotifier(   38): enableMessage: msg_type = 0x40d
V/EmulatedCamera_CallbackNotifier(   38):     CAMERA_MSG_ERROR
V/EmulatedCamera_CallbackNotifier(   38):     CAMERA_MSG_FOCUS
V/EmulatedCamera_CallbackNotifier(   38):     CAMERA_MSG_ZOOM
V/EmulatedCamera_CallbackNotifier(   38):     CAMERA_MSG_PREVIEW_METADATA
V/EmulatedCamera_CallbackNotifier(   38): **** Currently enabled messages:
V/EmulatedCamera_CallbackNotifier(   38):     CAMERA_MSG_ERROR
V/EmulatedCamera_CallbackNotifier(   38):     CAMERA_MSG_FOCUS
V/EmulatedCamera_CallbackNotifier(   38):     CAMERA_MSG_ZOOM
V/EmulatedCamera_CallbackNotifier(   38):     CAMERA_MSG_PREVIEW_METADATA
I/AwesomePlayer(   38): setDataSource_l('/system/media/audio/ui/camera_click.ogg')
I/Process (   77): Sending signal. PID: 1280 SIG: 3
I/dalvikvm( 1280): threadid=3: reacting to signal 3
I/dalvikvm( 1280): Wrote stack traces to '/data/anr/traces.txt'
I/AwesomePlayer(   38): setDataSource_l('/system/media/audio/ui/VideoRecord.ogg')
I/APP     ( 1280): I 03/05/2013 13:56:15:432 00000500         ImageCapture| surfaceChanged
V/EmulatedCamera_Camera(   38): setParameters
V/EmulatedCamera_Preview(   38): setPreviewWindow: current: 0x0 -> new: 0x15e20
V/EmulatedCamera_Camera(   38): doStartPreview
V/EmulatedCamera_Preview(   38): startPreview
D/EmulatedCamera_Camera(   38): Starting camera: 352x288 -> NV21(yuv420sp)
V/EmulatedCamera_FakeDevice(   38): startDevice
V/EmulatedCamera_Device(   38): commonStartDevice: Allocated 0x41a26008 152064 bytes for 101376 pixels in NV21[352x288] frame
V/EmulatedCamera_Device(   38): startDeliveringFrames
V/EmulatedCamera_Device(   38): startWorkerThread
I/APP     ( 1280): I 03/05/2013 13:56:15:531 00000500         ImageCapture| onOrientationChanged(0)
V/EmulatedCamera_Device(   38): Starting emulated camera device worker thread...
V/EmulatedCamera_Device(   38): Emulated device's worker thread has been started.
V/EmulatedCamera_Preview(   38): onNextFrameAvailable: Adjusting preview windows 0x15e20 geometry to 352x288
I/ActivityManager(   77): Displayed com.rhomobile.macotec/com.rhomobile.rhodes.camera.ImageCapture: +1s448ms
I/APP     ( 1280): I 03/05/2013 13:56:16:041 00000500       RhodesActivity| onStop
D/dalvikvm(   77): GC_EXPLICIT freed 218K, 13% free 11273K/12871K, paused 5ms+19ms
I/APP     ( 1280): I 03/05/2013 13:56:23:737 00000500         ImageCapture| onOrientationChanged(270)
I/APP     ( 1280): I 03/05/2013 13:56:31:931 00000500         ImageCapture| Camera rotation: 0
I/APP     ( 1280): I 03/05/2013 13:56:31:934 00000500         ImageCapture| Camera rotation resetup for platforms >= 2.2: 1
V/ImageCapture( 1280): ms[1362488191951] $$$   parameters.set(rotation, 0 );
V/EmulatedCamera_Camera(   38): setParameters
V/EmulatedCamera_CallbackNotifier(   38): enableMessage: msg_type = 0x302
V/EmulatedCamera_CallbackNotifier(   38):     CAMERA_MSG_SHUTTER
V/EmulatedCamera_CallbackNotifier(   38):     CAMERA_MSG_COMPRESSED_IMAGE
V/EmulatedCamera_CallbackNotifier(   38):     CAMERA_MSG_RAW_IMAGE_NOTIFY
V/EmulatedCamera_CallbackNotifier(   38): **** Currently enabled messages:
V/EmulatedCamera_CallbackNotifier(   38):     CAMERA_MSG_ERROR
V/EmulatedCamera_CallbackNotifier(   38):     CAMERA_MSG_SHUTTER
V/EmulatedCamera_CallbackNotifier(   38):     CAMERA_MSG_FOCUS
V/EmulatedCamera_CallbackNotifier(   38):     CAMERA_MSG_ZOOM
V/EmulatedCamera_CallbackNotifier(   38):     CAMERA_MSG_COMPRESSED_IMAGE
V/EmulatedCamera_CallbackNotifier(   38):     CAMERA_MSG_RAW_IMAGE_NOTIFY
V/EmulatedCamera_CallbackNotifier(   38):     CAMERA_MSG_PREVIEW_METADATA
V/EmulatedCamera_Camera(   38): takePicture
V/EmulatedCamera_Camera(   38): doStopPreview
V/EmulatedCamera_Device(   38): stopDeliveringFrames
V/EmulatedCamera_Device(   38): stopWorkerThread
V/EmulatedCamera_Device(   38): Stopping emulated camera device's worker thread...
V/EmulatedCamera_Device(   38): Emulated camera device's worker thread has been stopped.
V/EmulatedCamera_FakeDevice(   38): stopDevice
V/EmulatedCamera_Preview(   38): stopPreview
D/EmulatedCamera_Camera(   38): Starting camera for picture: NV21(jpeg)[640x480]
V/EmulatedCamera_FakeDevice(   38): startDevice
V/EmulatedCamera_Device(   38): commonStartDevice: Allocated 0x41bf4008 460800 bytes for 307200 pixels in NV21[640x480] frame
V/EmulatedCamera_Device(   38): startDeliveringFrames
V/EmulatedCamera_Device(   38): startWorkerThread
V/EmulatedCamera_Device(   38): Starting emulated camera device worker thread...
V/EmulatedCamera_Device(   38): Emulated device's worker thread has been started.
D/AudioSink(   38): bufferCount (4) is too small and increased to 12
I/APP     ( 1280): I 03/05/2013 13:56:32:282 00000500         ImageCapture| SHUTTER CALLBACK
V/EmulatedCamera_CallbackNotifier(   38): disableMessage: msg_type = 0x2
V/EmulatedCamera_CallbackNotifier(   38):     CAMERA_MSG_SHUTTER
V/EmulatedCamera_CallbackNotifier(   38): **** Currently enabled messages:
V/EmulatedCamera_CallbackNotifier(   38):     CAMERA_MSG_ERROR
V/EmulatedCamera_CallbackNotifier(   38):     CAMERA_MSG_FOCUS
V/EmulatedCamera_CallbackNotifier(   38):     CAMERA_MSG_ZOOM
V/EmulatedCamera_CallbackNotifier(   38):     CAMERA_MSG_COMPRESSED_IMAGE
V/EmulatedCamera_CallbackNotifier(   38):     CAMERA_MSG_RAW_IMAGE_NOTIFY
V/EmulatedCamera_CallbackNotifier(   38):     CAMERA_MSG_PREVIEW_METADATA
I/APP     ( 1280): I 03/05/2013 13:56:32:315 00000500         ImageCapture| PICTURE CALLBACK RAW
V/EmulatedCamera_JPEG(   38): compressRawImage: 0x41bf4008[640x480]
D/skia    (   38): onFlyCompress
V/EmulatedCamera_JPEG(   38): compressRawImage: Compressed JPEG: 460800[640x480] -> 23182 bytes
V/EmulatedCamera_CallbackNotifier(   38): disableMessage: msg_type = 0x100
V/EmulatedCamera_CallbackNotifier(   38):     CAMERA_MSG_COMPRESSED_IMAGE
V/EmulatedCamera_CallbackNotifier(   38): **** Currently enabled messages:
V/EmulatedCamera_CallbackNotifier(   38):     CAMERA_MSG_ERROR
V/EmulatedCamera_CallbackNotifier(   38):     CAMERA_MSG_FOCUS
V/EmulatedCamera_CallbackNotifier(   38):     CAMERA_MSG_ZOOM
V/EmulatedCamera_CallbackNotifier(   38):     CAMERA_MSG_RAW_IMAGE_NOTIFY
V/EmulatedCamera_CallbackNotifier(   38):     CAMERA_MSG_PREVIEW_METADATA
I/APP     ( 1280): I 03/05/2013 13:56:32:566 00000500         ImageCapture| PICTURE CALLBACK JPEG: 23182 bytes
I/APP     ( 1280): I 03/05/2013 13:56:32:605 00000516           HttpServer| Process URI: '/app/Request/camera_callback'
I/APP     ( 1280): I 03/05/2013 13:56:32:607 00000516                  APP| RHO serve: /app/Request/camera_callback
