V/EmulatedCamera_CallbackNotifier(   38):     CAMERA_MSG_ZOOM
V/EmulatedCamera_CallbackNotifier(   38):     CAMERA_MSG_PREVIEW_FRAME
V/EmulatedCamera_CallbackNotifier(   38):     CAMERA_MSG_VIDEO_FRAME
V/EmulatedCamera_CallbackNotifier(   38):     CAMERA_MSG_POSTVIEW_FRAME
V/EmulatedCamera_CallbackNotifier(   38):     CAMERA_MSG_RAW_IMAGE
V/EmulatedCamera_CallbackNotifier(   38):     CAMERA_MSG_COMPRESSED_IMAGE
V/EmulatedCamera_CallbackNotifier(   38):     CAMERA_MSG_RAW_IMAGE_NOTIFY
V/EmulatedCamera_CallbackNotifier(   38):     CAMERA_MSG_PREVIEW_METADATA
V/EmulatedCamera_CallbackNotifier(   38): **** Currently enabled messages:
V/EmulatedCamera_Camera(   38): doStopPreview
V/EmulatedCamera_Camera(   38): cancelPicture
V/EmulatedCamera_Camera(   38): releaseCamera
V/EmulatedCamera_Camera(   38): doStopPreview
V/EmulatedCamera_FakeDevice(   38): disconnectDevice
I/CameraService(   38): Destroying camera 0
V/EmulatedCamera_Camera(   38): closeCamera
V/EmulatedCamera_Camera(   38): doStopPreview
W/AudioFlinger(   38): session id 99 not found for pid 38
W/AudioFlinger(   38): session id 100 not found for pid 38
V/EmulatedCamera_Factory(   38): getCameraInfo: id = 0
V/EmulatedCamera_Camera(   38): getCameraInfo
I/APP     ( 4140): I 03/13/2013 17:09:41:577 0000102c         SplashScreen| navigate: url=http://localhost:8080/app
I/APP     ( 4140): I 03/13/2013 17:09:41:603 0000102c         SplashScreen| DELAY for SplashScreen = 0
I/APP     ( 4140): I 03/13/2013 17:09:41:648 0000102c        GoogleWebView| Creating new RhoWebChromeClient
I/APP     ( 4140): I 03/13/2013 17:09:41:667 0000102c       SimpleMainView| Cleared URL: http://localhost:8080/app
V/SimpleMainView.View( 4140): ms[1363190981740]  Main Window :: onSizeChanged() old [ 480 x 762 ]  new [ 0 x 0 ]
I/APP     ( 4140): I 03/13/2013 17:09:41:808 0000102c        GoogleWebView| Setting RhoWebChromeClient
I/APP     ( 4140): I 03/13/2013 17:09:41:891 00001042           HttpServer| Process URI: '/app'
I/APP     ( 4140): I 03/13/2013 17:09:41:925 0000102c     RhoWebViewClient| Loading URL: http://localhost:8080/app/index_erb.iseq
I/APP     ( 4140): I 03/13/2013 17:09:41:965 00001042           HttpServer| Process URI: '/app/index_erb.iseq'
I/APP     ( 4140): I 03/13/2013 17:09:41:971 00001042                  APP| RHO serve_index: /app/index_erb.iseq
I/APP     ( 4140): I 03/13/2013 17:09:42:001 00001042 RHO Rho::RhoController| inst_render_index
I/APP     ( 4140): I 03/13/2013 17:09:42:125 00001042 RHO Rho::RhoController| index layout
I/APP     ( 4140): I 03/13/2013 17:09:42:224 00001042           HttpServer| GC Start.
I/APP     ( 4140): I 03/13/2013 17:09:42:329 00001042           HttpServer| GC End.
I/APP     ( 4140): I 03/13/2013 17:09:42:487 00001042           HttpServer| Process URI: '/public/js/request.js'
I/APP     ( 4140): I 03/13/2013 17:09:42:616 00001042           HttpServer| Process URI: '/public/jquery/jquery-1.6.4.min.js'
I/APP     ( 4140): I 03/13/2013 17:09:42:714 00001042           HttpServer| Process URI: '/public/jquery/jquery.json-2.3.min.js'
I/APP     ( 4140): I 03/13/2013 17:09:42:800 00001042           HttpServer| Process URI: '/public/jqmobile/jquery.mobile-1.0.1.min.css'
I/APP     ( 4140): I 03/13/2013 17:09:42:920 00001042           HttpServer| Process URI: '/public/css/jqmobile-patch.css'
I/APP     ( 4140): I 03/13/2013 17:09:42:985 00001042           HttpServer| Process URI: '/public/jqmobile/jquery.mobile-1.0.1.min.js'
I/APP     ( 4140): I 03/13/2013 17:09:43:192 00001042           HttpServer| Process URI: '/public/js/jqmobile-patch.js'
I/APP     ( 4140): I 03/13/2013 17:09:43:281 00001042           HttpServer| Process URI: '/public/css/macotec_style.css'
I/APP     ( 4140): I 03/13/2013 17:09:46:343 00001042           HttpServer| Process URI: '/public/images/macotec/logo.png'
I/APP     ( 4140): I 03/13/2013 17:09:47:038 00001042           HttpServer| Process URI: '/public/images/macotec/request_top.png'
I/APP     ( 4140): I 03/13/2013 17:09:47:157 00001042           HttpServer| Process URI: '/public/images/macotec/contact_png.png'
I/APP     ( 4140): I 03/13/2013 17:09:47:207 00001042           HttpServer| Process URI: '/public/images/macotec/products_png.png'
I/APP     ( 4140): I 03/13/2013 17:09:47:275 00001042           HttpServer| Process URI: '/public/images/macotec/info_png.png'
I/APP     ( 4140): I 03/13/2013 17:09:47:338 00001042           HttpServer| Process URI: '/public/images/macotec/attention.png'
I/APP     ( 4140): I 03/13/2013 17:09:55:305 00001042           HttpServer| Process URI: '/app/Product'
I/APP     ( 4140): I 03/13/2013 17:09:55:337 00001042                  APP| RHO serve: /app/Product
I/APP     ( 4140): I 03/13/2013 17:09:55:390 00001042              RhoRuby| require_compiled: Product/product_controller
I/APP     ( 4140): I 03/13/2013 17:09:55:459 00001042              RhoRuby| require_compiled: helpers/browser_helper
I/APP     ( 4140): I 03/13/2013 17:09:55:542 00001042              RhoRuby| require_compiled: json
I/APP     ( 4140): I 03/13/2013 17:09:55:592 00001042              RhoRuby| require_compiled: json/common
I/APP     ( 4140): I 03/13/2013 17:09:55:743 00001042              RhoRuby| require_compiled: json/version
I/APP     ( 4140): I 03/13/2013 17:09:55:849 00001042              RhoRuby| require_compiled: json/pure
I/APP     ( 4140): I 03/13/2013 17:09:56:019 00001042              RhoRuby| require_compiled: json/pure/generator
I/APP     ( 4140): I 03/13/2013 17:09:56:270 00001042              RhoRuby| require_compiled: Connection/connection_controller
I/APP     ( 4140): I 03/13/2013 17:09:56:379 00001042              RhoRuby| require_compiled: date
I/APP     ( 4140): I 03/13/2013 17:09:56:433 00001042              RhoRuby| require_compiled: dateOrig
I/APP     ( 4140): I 03/13/2013 17:09:56:762 00001042              RhoRuby| require_compiled: date/format
D/dalvikvm( 4140): GC_CONCURRENT freed 932K, 8% free 12502K/13511K, paused 11ms+9ms
D/webviewglue( 4140): nativeDestroy view: 0x287268
I/APP     ( 4140): E 03/13/2013 17:09:57:103 00001042               RubyVM| lib/date.rb:14: warning: already initialized constant MONTHNAMES
I/APP     ( 4140): E 03/13/2013 17:09:57:108 00001042               RubyVM| lib/date.rb:15: warning: already initialized constant ABBR_MONTHNAMES
I/APP     ( 4140): E 03/13/2013 17:09:57:159 00001042               RubyVM| lib/date.rb:16: warning: already initialized constant DAYNAMES
I/APP     ( 4140): E 03/13/2013 17:09:57:164 00001042               RubyVM| lib/date.rb:17: warning: already initialized constant ABBR_DAYNAMES
I/APP     ( 4140): I 03/13/2013 17:09:57:207 00001042                  APP| ################ Date.today: 2013-03-13
I/APP     ( 4140): I 03/13/2013 17:09:57:231 00001042                  APP| const_missing: Product
I/APP     ( 4140): I 03/13/2013 17:09:57:237 00001042                  APP| load_model: Product
I/APP     ( 4140): I 03/13/2013 17:09:57:271 00001042              RhoRuby| require_compiled: Product/product
I/APP     ( 4140): I 03/13/2013 17:09:57:342 00001042                  APP| model name: Product
I/APP     ( 4140): I 03/13/2013 17:09:57:357 00001042                  APP| model class found
I/APP     ( 4140): I 03/13/2013 17:09:57:388 00001042                  APP| Product : {"schema"=>{"property"=>{"category"=>[:string, nil], "category_name"=>[:string, nil], "category_img_url"=>[:string, nil], "sub_category"=>[:string, nil], "sub_category_name"=>[:string, nil], "sub_category_img_url"=>[:string, nil], "details"=>[:string, nil], "details_name"=>[:string, nil], "detail_img_url"=>[:string, nil], "header"=>[:string, nil], "attribute_title_1"=>[:string, nil], "attribute_title_2"=>[:string, nil], "attribute_title_3"=>[:string, nil], "attribute_title_4"=>[:string, nil], "attribute_title_5"=>[:string, nil], "attribute_list_title"=>[:string, nil], "attribute_1"=>[:string, nil], "attribute_2"=>[:string, nil], "attribute_3"=>[:string, nil], "attribute_4"=>[:string, nil], "attribute_5"=>[:string, nil], "attribute_list"=>[:string, nil]}}}
I/APP     ( 4140): I 03/13/2013 17:09:57:419 00001042                   DB| Open DB: /data/data/com.rhomobile.macotec/rhodata/db/syncdblocal.sqlite
I/APP     ( 4140): I 03/13/2013 17:09:57:456 00001042                  APP| init_db_sources
I/APP     ( 4140): I 03/13/2013 17:09:57:544 00001042                  APP| start_id: 40005
I/APP     ( 4140): I 03/13/2013 17:09:57:584 00001042                  APP| Migrate schema sources: {}
I/APP     ( 4140): I 03/13/2013 17:09:57:631 00001042                  APP| ++++++++++++++++ Product.catalog_date: 
I/APP     ( 4140): I 03/13/2013 17:09:57:665 00001042                  APP| calling backend to get catalog data.............
I/ActivityManager(   85): START {cmp=com.rhomobile.macotec/com.rhomobile.rhodes.alert.PopupActivity (has extras)} from pid 4140
W/WindowManager(   85): Failure taking screenshot for (180x300) to layer 21010
I/APP     ( 4140): I 03/13/2013 17:09:57:731 0000102c AndroidFunctionality| Pause WebView
I/APP     ( 4140): I 03/13/2013 17:09:57:732 0000102c       RhodesActivity| onPause
I/APP     ( 4140): I 03/13/2013 17:09:57:771 00001042            AsyncHttp| addCommand: GET
I/APP     ( 4140): I 03/13/2013 17:09:57:812 00001050            AsyncHttp| Starting main routine...
I/APP     ( 4140): I 03/13/2013 17:09:57:838 00001050                  Net| GET request (Pull): http://www.datenloft.com/macotec/catalog.php
I/APP     ( 4140): I 03/13/2013 17:09:57:902 00001042                  APP| App error: undefined method `each' for nil:NilClass
I/APP     ( 4140):  (eval):18:in `<compiled>'
I/APP     ( 4140): lib/rho/render.rb:169:in `eval_compiled_file'
I/APP     ( 4140): lib/rho/render.rb:169:in `render'
I/APP     ( 4140): lib/rho/rhocontroller.rb:118:in `serve'
I/APP     ( 4140): lib/rho/rhoapplication.rb:226:in `serve'
I/APP     ( 4140): lib/rho/rho.rb:879:in `serve'
I/APP     ( 4140): I 03/13/2013 17:09:57:958 00001042           HttpServer| GC Start.
I/APP     ( 4140): I 03/13/2013 17:09:58:090 00001042           HttpServer| GC End.
I/APP     ( 4140): I 03/13/2013 17:09:58:095 00001042           HttpServer| Process URI: '/system/uidestroyed'
I/APP     ( 4140): I 03/13/2013 17:09:58:138 0000102c    RhodesApplication| New UiState: MainActivityPaused
V/PhoneStatusBar(  140): setLightsOn(true)
I/APP     ( 4140): I 03/13/2013 17:09:58:306 00001042           HttpServer| Process URI: '/app/Product/http_callback'
I/APP     ( 4140): I 03/13/2013 17:09:58:308 00001042                  APP| RHO serve: /app/Product/http_callback
D/RhodesService( 4140): +++ onStartCommand
I/APP     ( 4140): I 03/13/2013 17:09:58:372 00001042                  APP| Params: {"rho_callback"=>"1", "status"=>"ok", "http_error"=>"200", "headers"=>{"Content-Type"=>"application/x-www-form-urlencoded", "User-Agent"=>"Mozilla-5.0 (ANDROID; unknown generic; 4.0.4)", "charset"=>"UTF-8", "connection"=>"Keep-Alive", "content-type"=>"application/json", "date"=>"Wed, 13 Mar 2013 16:09:59 GMT", "keep-alive"=>"timeout=3, max=100", "server"=>"Apache/2.2.21 (Unix) mod_ssl/2.2.21 OpenSSL/0.9.8r", "transfer-encoding"=>"chunked", "x-pad"=>"avoid browser bug", "x-powered-by"=>"PHP/5.2.17"}, "__rho_object"=>{"body"=>"0"}}
I/RhodesService( 4140): handleCommand: startId=2, source=com.rhomobile.rhodes.BaseActivity
D/RhodesService( 4140): New activity was created
I/APP     ( 4140): I 03/13/2013 17:09:58:501 00001042                  APP| ---------------- entered http_callback_update_catalog
I/APP     ( 4140): I 03/13/2013 17:09:58:547 00001042                  APP| ::::::::::::::::::::::: update_product_list
I/Process (   85): Sending signal. PID: 4140 SIG: 3
I/dalvikvm( 4140): threadid=3: reacting to signal 3
I/dalvikvm( 4140): Wrote stack traces to '/data/anr/traces.txt'
I/APP     ( 4140): I 03/13/2013 17:09:58:859 00001042                  APP| +++++++++++++++++++ first: catalog_content.size: 21
I/Process (   85): Sending signal. PID: 4140 SIG: 3
I/dalvikvm( 4140): threadid=3: reacting to signal 3
I/dalvikvm( 4140): Wrote stack traces to '/data/anr/traces.txt'
I/ActivityManager(   85): Displayed com.rhomobile.macotec/com.rhomobile.rhodes.alert.PopupActivity: +1s501ms
I/APP     ( 4140): I 03/13/2013 17:10:00:066 00001042                  APP| ################### second: catalog_content.size: 0
I/APP     ( 4140): I 03/13/2013 17:10:00:163 00001042                  APP| update...
I/APP     ( 4140): I 03/13/2013 17:10:00:307 00001042                  APP| update...
I/APP     ( 4140): I 03/13/2013 17:10:00:405 00001042                  APP| update...
I/APP     ( 4140): I 03/13/2013 17:10:00:523 00001042                  APP| update...
I/APP     ( 4140): I 03/13/2013 17:10:00:637 00001042                  APP| update...
I/APP     ( 4140): I 03/13/2013 17:10:00:760 00001042                  APP| update...
I/APP     ( 4140): I 03/13/2013 17:10:00:832 00001042                  APP| update...
I/APP     ( 4140): I 03/13/2013 17:10:00:900 00001042                  APP| update...
I/APP     ( 4140): I 03/13/2013 17:10:00:969 00001042                  APP| update...
I/APP     ( 4140): I 03/13/2013 17:10:01:037 00001042                  APP| update...
I/APP     ( 4140): I 03/13/2013 17:10:01:106 00001042                  APP| update...
I/APP     ( 4140): I 03/13/2013 17:10:01:174 00001042                  APP| update...
I/APP     ( 4140): I 03/13/2013 17:10:01:243 00001042                  APP| update...
I/APP     ( 4140): I 03/13/2013 17:10:01:310 00001042                  APP| update...
I/APP     ( 4140): I 03/13/2013 17:10:01:393 00001042                  APP| update...
I/APP     ( 4140): I 03/13/2013 17:10:01:460 00001042                  APP| update...
I/APP     ( 4140): I 03/13/2013 17:10:01:526 00001042                  APP| update...
I/APP     ( 4140): I 03/13/2013 17:10:01:592 00001042                  APP| update...
I/APP     ( 4140): I 03/13/2013 17:10:01:667 00001042                  APP| update...
I/APP     ( 4140): I 03/13/2013 17:10:01:734 00001042                  APP| update...
I/APP     ( 4140): I 03/13/2013 17:10:01:798 00001042                  APP| update...
I/APP     ( 4140): I 03/13/2013 17:10:01:925 00001042                  APP| ---------------------- third: catalog_content.size: 21
I/APP     ( 4140): I 03/13/2013 17:10:05:951 00001050            AsyncHttp| ThreadQueue blocked for 4294967295 seconds...
I/APP     ( 4140): I 03/13/2013 17:10:06:003 00001042           HttpServer| GC Start.
W/WindowManager(   85): Failure taking screenshot for (180x300) to layer 21020
I/APP     ( 4140): I 03/13/2013 17:10:06:093 0000102c       SimpleMainView| Cleared URL: http://localhost:8080/app/Product
V/PhoneStatusBar(  140): setLightsOn(true)
I/APP     ( 4140): I 03/13/2013 17:10:06:419 0000102c       RhodesActivity| onResume
I/APP     ( 4140): I 03/13/2013 17:10:06:423 0000102c AndroidFunctionality| Resume WebView
I/Process (   85): Sending signal. PID: 4140 SIG: 3
I/dalvikvm( 4140): threadid=3: reacting to signal 3
I/dalvikvm( 4140): Wrote stack traces to '/data/anr/traces.txt'
I/APP     ( 4140): I 03/13/2013 17:10:06:737 00001042           HttpServer| GC End.
I/APP     ( 4140): I 03/13/2013 17:10:06:760 00001042           HttpServer| Process URI: '/app/Product'
I/APP     ( 4140): I 03/13/2013 17:10:06:782 00001042                  APP| RHO serve: /app/Product
I/APP     ( 4140): I 03/13/2013 17:10:06:816 00001042                  APP| ################ Date.today: 2013-03-13
I/APP     ( 4140): I 03/13/2013 17:10:06:822 00001042                  APP| ++++++++++++++++ Product.catalog_date: 2013-03-13
I/APP     ( 4140): I 03/13/2013 17:10:07:077 00001042 RHO ProductController| Layout file: /data/data/com.rhomobile.macotec/rhodata/apps/app/layout_erb.iseq. Content size: 3718
I/Process (   85): Sending signal. PID: 4140 SIG: 3
I/dalvikvm( 4140): threadid=3: reacting to signal 3
I/dalvikvm( 4140): Wrote stack traces to '/data/anr/traces.txt'
I/APP     ( 4140): I 03/13/2013 17:10:07:254 00001042           HttpServer| GC Start.
I/APP     ( 4140): I 03/13/2013 17:10:07:339 00001042           HttpServer| GC End.
I/APP     ( 4140): I 03/13/2013 17:10:09:645 00001042           HttpServer| Process URI: '/public/jqmobile/images/icons-36-white.png'
D/AndroidRuntime( 4182): 
D/AndroidRuntime( 4182): >>>>>> AndroidRuntime START com.android.internal.os.RuntimeInit <<<<<<
D/AndroidRuntime( 4182): CheckJNI is ON
D/AndroidRuntime( 4182): Calling main entry com.android.commands.pm.Pm
W/ActivityManager(   85): No content provider found for permission revoke: file:///data/local/tmp/MacoTec-debug.apk
W/ActivityManager(   85): No content provider found for permission revoke: file:///data/local/tmp/MacoTec-debug.apk
D/dalvikvm(   85): GC_CONCURRENT freed 304K, 11% free 11490K/12871K, paused 9ms+17ms
D/dalvikvm(   85): GC_CONCURRENT freed 310K, 10% free 11684K/12871K, paused 9ms+11ms
D/dalvikvm(   85): GC_CONCURRENT freed 466K, 9% free 11768K/12871K, paused 11ms+6ms
D/dalvikvm(   85): GC_CONCURRENT freed 588K, 9% free 11775K/12871K, paused 15ms+16ms
D/dalvikvm(   85): GC_CONCURRENT freed 614K, 9% free 11771K/12871K, paused 8ms+7ms
D/dalvikvm(   85): GC_CONCURRENT freed 579K, 9% free 11785K/12871K, paused 11ms+16ms
D/dalvikvm(   85): GC_CONCURRENT freed 609K, 9% free 11780K/12871K, paused 5ms+8ms
I/PackageManager(   85): Removing non-system package:com.rhomobile.macotec
I/ActivityManager(   85): Force stopping package com.rhomobile.macotec uid=10040
I/ActivityManager(   85): Killing proc 4140:com.rhomobile.macotec/10040: force stop
W/ActivityManager(   85): Force removing ActivityRecord{4147ef48 com.rhomobile.macotec/com.rhomobile.rhodes.RhodesActivity}: app died, no saved state
I/WindowManager(   85): WIN DEATH: Window{414ebc20 com.rhomobile.macotec/com.rhomobile.rhodes.RhodesActivity paused=false}
W/NetworkManagementSocketTagger(   85): setKernelCountSet(10040, 0) failed with errno -2
W/NetworkManagementSocketTagger(   85): setKernelCountSet(10009, 1) failed with errno -2
I/PackageManager(   85): Package com.rhomobile.macotec codePath changed from /data/app/com.rhomobile.macotec-1.apk to /data/app/com.rhomobile.macotec-2.apk; Retaining data and using new
I/Process (   85): Sending signal. PID: 185 SIG: 3
I/dalvikvm(  185): threadid=3: reacting to signal 3
I/dalvikvm(  185): Wrote stack traces to '/data/anr/traces.txt'
W/InputManagerService(   85): Got RemoteException sending setActive(false) notification to pid 4140 uid 10040
D/dalvikvm(  185): GC_CONCURRENT freed 3064K, 21% free 18710K/23495K, paused 5ms+31ms
D/dalvikvm(  185): GC_FOR_ALLOC freed 1853K, 22% free 18427K/23495K, paused 56ms
D/dalvikvm(  185): GC_CONCURRENT freed 928K, 18% free 19460K/23495K, paused 4ms+19ms
I/PackageManager(   85): Running dexopt on: com.rhomobile.macotec
D/dalvikvm( 4193): DexOpt: load 91ms, verify+opt 507ms
W/PackageManager(   85): Code path for pkg : com.rhomobile.macotec changing from /data/app/com.rhomobile.macotec-1.apk to /data/app/com.rhomobile.macotec-2.apk
W/PackageManager(   85): Resource path for pkg : com.rhomobile.macotec changing from /data/app/com.rhomobile.macotec-1.apk to /data/app/com.rhomobile.macotec-2.apk
I/ActivityManager(   85): Force stopping package com.rhomobile.macotec uid=10040
D/PackageManager(   85): New package installed in /data/app/com.rhomobile.macotec-2.apk
D/dalvikvm(   85): GC_CONCURRENT freed 545K, 9% free 11816K/12871K, paused 5ms+21ms
I/ActivityManager(   85): Force stopping package com.rhomobile.macotec uid=10040
D/dalvikvm(  185): GC_EXPLICIT freed 3031K, 23% free 18244K/23495K, paused 3ms+11ms
D/dalvikvm(  233): GC_EXPLICIT freed 148K, 4% free 9389K/9735K, paused 3ms+4ms
D/dalvikvm(   85): GC_EXPLICIT freed 496K, 12% free 11342K/12871K, paused 6ms+19ms
D/PackageManager(   85): generateServicesMap(android.accounts.AccountAuthenticator): 2 services unchanged
D/PackageManager(   85): generateServicesMap(android.content.SyncAdapter): 4 services unchanged
D/BackupManagerService(   85): Received broadcast Intent { act=android.intent.action.PACKAGE_REMOVED dat=package:com.rhomobile.macotec flg=0x10000010 (has extras) }
I/AccountTypeManager(  314): Loaded meta-data for 1 account types, 0 accounts in 11ms(wall) 7ms(cpu)
D/PackageManager(   85): generateServicesMap(android.accounts.AccountAuthenticator): 2 services unchanged
D/PackageManager(   85): generateServicesMap(android.content.SyncAdapter): 4 services unchanged
D/BackupManagerService(   85): Received broadcast Intent { act=android.intent.action.PACKAGE_ADDED dat=package:com.rhomobile.macotec flg=0x10000010 (has extras) }
V/BackupManagerService(   85): updatePackageParticipantsLocked: #1
W/RecognitionManagerService(   85): no available voice recognition services found
I/AccountTypeManager(  314): Loaded meta-data for 1 account types, 0 accounts in 488ms(wall) 8ms(cpu)
D/dalvikvm(  185): GC_FOR_ALLOC freed 3499K, 31% free 16292K/23495K, paused 65ms
D/dalvikvm(  185): GC_FOR_ALLOC freed 422K, 26% free 17579K/23495K, paused 60ms
D/BackupManagerService(   85): Received broadcast Intent { act=android.intent.action.PACKAGE_REPLACED dat=package:com.rhomobile.macotec flg=0x10000010 (has extras) }
V/BackupManagerService(   85): updatePackageParticipantsLocked: #1
D/dalvikvm(   85): GC_CONCURRENT freed 458K, 11% free 11466K/12871K, paused 5ms+9ms
D/dalvikvm(  185): GC_FOR_ALLOC freed 4254K, 36% free 15178K/23495K, paused 54ms
D/dalvikvm(  185): GC_FOR_ALLOC freed 36K, 31% free 16317K/23495K, paused 91ms
D/dalvikvm(  185): GC_FOR_ALLOC freed 361K, 25% free 17826K/23495K, paused 52ms
D/dalvikvm(  185): GC_FOR_ALLOC freed 1709K, 24% free 17968K/23495K, paused 51ms
D/dalvikvm(  185): GC_FOR_ALLOC freed 1652K, 23% free 18153K/23495K, paused 50ms
D/dalvikvm(  185): GC_FOR_ALLOC freed 1543K, 22% free 18366K/23495K, paused 52ms
D/dalvikvm(   85): GC_EXPLICIT freed 188K, 12% free 11352K/12871K, paused 4ms+7ms
D/AndroidRuntime( 4182): Shutting down VM
D/dalvikvm( 4182): GC_CONCURRENT freed 97K, 79% free 450K/2048K, paused 1ms+15ms
I/AndroidRuntime( 4182): NOTE: attach of thread 'Binder Thread #3' failed
D/AndroidRuntime( 4201): 
D/AndroidRuntime( 4201): >>>>>> AndroidRuntime START com.android.internal.os.RuntimeInit <<<<<<
D/AndroidRuntime( 4201): CheckJNI is ON
D/AndroidRuntime( 4201): Calling main entry com.android.commands.am.Am
I/ActivityManager(   85): START {act=android.intent.action.MAIN flg=0x10000000 cmp=com.rhomobile.macotec/com.rhomobile.rhodes.RhodesActivity} from pid 4201
W/WindowManager(   85): Failure taking screenshot for (180x300) to layer 21005
D/AndroidRuntime( 4201): Shutting down VM
D/dalvikvm( 4201): GC_CONCURRENT freed 97K, 77% free 480K/2048K, paused 0ms+2ms
I/AndroidRuntime( 4201): NOTE: attach of thread 'Binder Thread #3' failed
I/ActivityManager(   85): Start proc com.rhomobile.macotec for activity com.rhomobile.macotec/com.rhomobile.rhodes.RhodesActivity: pid=4211 uid=10040 gids={3003, 1006}
I/dalvikvm( 4211): Turning on JNI app bug workarounds for target SDK version 4...
W/NetworkManagementSocketTagger(   85): setKernelCountSet(10040, 1) failed with errno -2
I/Process (   85): Sending signal. PID: 4211 SIG: 3
I/dalvikvm( 4211): threadid=3: reacting to signal 3
I/dalvikvm( 4211): Wrote stack traces to '/data/anr/traces.txt'
D/dalvikvm( 4211): Trying to load lib /data/data/com.rhomobile.macotec/lib/librhodes.so 0x412a0970
D/dalvikvm( 4211): Added shared lib /data/data/com.rhomobile.macotec/lib/librhodes.so 0x412a0970
D/dalvikvm( 4211): Trying to load lib /data/data/com.rhomobile.macotec/lib/librhodes.so 0x412a0970
D/dalvikvm( 4211): Shared lib '/data/data/com.rhomobile.macotec/lib/librhodes.so' already loaded in same CL 0x412a0970
I/Process (   85): Sending signal. PID: 4211 SIG: 3
I/dalvikvm( 4211): threadid=3: reacting to signal 3
I/ActivityThread( 4211): Pub com.rhomobile.macotec: com.rhomobile.rhodes.LocalFileProvider
I/dalvikvm( 4211): Wrote stack traces to '/data/anr/traces.txt'
I/RhodesApplication( 4211): Initializing...
D/RhoFileApi( 4211): App root path: /data/data/com.rhomobile.macotec/rhodata/
D/RhoFileApi( 4211): Sqlite journals path: /data/data/com.rhomobile.macotec/sqlite_stmt_journals/
D/RhoFileApi( 4211): Shared path: /data/data/com.rhomobile.macotec/rhodata/
D/RhodesApplication( 4211): Root path: /data/data/com.rhomobile.macotec/rhodata/
I/RhodesApplication( 4211): Application hash was changed
D/RhoFileApi( 4211): Copy hash to FS
D/RhoFileApi( 4211): File hash copied
D/RhoFileApi( 4211): Copy rho.dat to FS
D/RhoFileApi( 4211): File rho.dat copied
D/RhoFileApi( 4211): Copy apps/rhoconfig.txt to FS
D/RhoFileApi( 4211): File apps/rhoconfig.txt copied
I/RhoFileApi( 4211): Opening stat table from FS: /data/data/com.rhomobile.macotec/rhodata/rho.dat
I/Process (   85): Sending signal. PID: 4211 SIG: 3
I/dalvikvm( 4211): threadid=3: reacting to signal 3
I/dalvikvm( 4211): Wrote stack traces to '/data/anr/traces.txt'
D/RhoFileApi( 4211): Copy apps/rhoconfig.txt to FS
D/RhoFileApi( 4211): File apps/rhoconfig.txt copied
D/RhoFileApi( 4211): App root path: /data/data/com.rhomobile.macotec/rhodata/
D/RhoFileApi( 4211): Sqlite journals path: /data/data/com.rhomobile.macotec/sqlite_stmt_journals/
D/RhoFileApi( 4211): Shared path: /data/data/com.rhomobile.macotec/rhodata/
I/APP     ( 4211): I 03/13/2013 17:11:12:136 00001073    RhodesApplication| Initialized
I/APP     ( 4211): I 03/13/2013 17:11:12:215 00001073         BaseActivity| New screen properties - width: 480, height: 800, orientation: 1
I/Process (   85): Sending signal. PID: 4211 SIG: 3
I/dalvikvm( 4211): threadid=3: reacting to signal 3
I/dalvikvm( 4211): Wrote stack traces to '/data/anr/traces.txt'
D/dalvikvm( 4211): GC_CONCURRENT freed 287K, 5% free 9191K/9607K, paused 5ms+4ms
I/APP     ( 4211): I 03/13/2013 17:11:12:618 00001073         SplashScreen| Looking for start page source
D/dalvikvm( 4211): GC_FOR_ALLOC freed 14K, 4% free 9229K/9607K, paused 48ms
I/Process (   85): Sending signal. PID: 4211 SIG: 3
I/dalvikvm( 4211): threadid=3: reacting to signal 3
I/dalvikvm-heap( 4211): Grow heap (frag case) to 12.148MB for 3217300-byte allocation
I/dalvikvm( 4211): Wrote stack traces to '/data/anr/traces.txt'
D/dalvikvm( 4211): GC_FOR_ALLOC freed 1K, 4% free 12369K/12807K, paused 86ms
D/dalvikvm( 4211): GC_CONCURRENT freed 1K, 4% free 12372K/12807K, paused 4ms+11ms
I/Process (   85): Sending signal. PID: 4211 SIG: 3
I/dalvikvm( 4211): threadid=3: reacting to signal 3
I/dalvikvm( 4211): Wrote stack traces to '/data/anr/traces.txt'
I/APP     ( 4211): I 03/13/2013 17:11:13:713 00001073         SplashScreen| Done
I/APP     ( 4211): I 03/13/2013 17:11:13:719 00001073    RhodesApplication| New UiState: MainActivityCreated
I/APP     ( 4211): I 03/13/2013 17:11:13:769 00001073       RhodesActivity| onStart
I/APP     ( 4211): I 03/13/2013 17:11:13:775 00001073    RhodesApplication| New UiState: MainActivityStarted
I/APP     ( 4211): I 03/13/2013 17:11:13:813 00001073       RhodesActivity| onResume
I/APP     ( 4211): I 03/13/2013 17:11:13:819 00001073 AndroidFunctionality| Resume WebView
I/Process (   85): Sending signal. PID: 4211 SIG: 3
I/dalvikvm( 4211): threadid=3: reacting to signal 3
I/dalvikvm( 4211): Wrote stack traces to '/data/anr/traces.txt'
I/APP     ( 4211): I 03/13/2013 17:11:13:951 00001073        RhodesService| onCreate
I/APP     ( 4211): I 03/13/2013 17:11:13:956 00001073    LocalFileProvider| Revoke URI permissions: content:///com.rhomobile.macotec
W/ActivityManager(   85): No content provider found for permission revoke: content:///com.rhomobile.macotec
I/APP     ( 4211): I 03/13/2013 17:11:14:005 00001073               Rhodes| Loading...
I/APP     ( 4211): I 03/13/2013 17:11:14:011 00001073            RhodesApp| Trying to get free listening port.
I/APP     ( 4211): I 03/13/2013 17:11:14:043 00001073            RhodesApp| Trying to bind of 8080 port...
I/APP     ( 4211): I 03/13/2013 17:11:14:048 00001073            RhodesApp| Got port to bind on: 8080
I/APP     ( 4211): I 03/13/2013 17:11:14:080 00001073            RhodesApp| Free listening port: 8080
I/APP     ( 4211): I 03/13/2013 17:11:14:073 00001088         AppCallbacks| Starting main routine...
I/APP     ( 4211): I 03/13/2013 17:11:14:105 00001088         AppCallbacks| ThreadQueue blocked for 4294967295 seconds...
I/APP     ( 4211): I 03/13/2013 17:11:14:211 00001073        RhodesService| Push is disabled
I/APP     ( 4211): I 03/13/2013 17:11:14:250 00001073            RhodesApp| callAppActiveCallback
I/APP     ( 4211): I 03/13/2013 17:11:14:254 00001073         AppCallbacks| addCommand: APP-ACTIVATED
I/APP     ( 4211): I 03/13/2013 17:11:14:283 00001088         AppCallbacks| Received command APP-ACTIVATED which is greater than expected (LOCAL-SERVER-STARTED) - postpone it
I/APP     ( 4211): I 03/13/2013 17:11:14:284 00001088         AppCallbacks| ThreadQueue blocked for 4294967295 seconds...
I/APP     ( 4211): I 03/13/2013 17:11:14:308 00001073         AppActivated| Cannot commit now, application will be activated when started.
I/APP     ( 4211): I 03/13/2013 17:11:14:313 00001073    RhodesApplication| New AppState: Undefined
I/APP     ( 4211): I 03/13/2013 17:11:14:339 0000108a            RhodesApp| Starting RhodesApp main routine...
I/Process (   85): Sending signal. PID: 4211 SIG: 3
I/dalvikvm( 4211): threadid=3: reacting to signal 3
D/RhodesService( 4211): +++ onStartCommand
I/RhodesService( 4211): handleCommand: startId=1, source=com.rhomobile.rhodes.BaseActivity
D/RhodesService( 4211): New activity was created
I/APP     ( 4211): I 03/13/2013 17:11:14:490 00001073        RhodesService| onBind
I/dalvikvm( 4211): Wrote stack traces to '/data/anr/traces.txt'
I/APP     ( 4211): I 03/13/2013 17:11:14:545 00001073         AppCallbacks| addCommand: UI-CREATED
I/APP     ( 4211): I 03/13/2013 17:11:14:570 00001088         AppCallbacks| Received command UI-CREATED which is greater than expected (LOCAL-SERVER-STARTED) - postpone it
I/APP     ( 4211): I 03/13/2013 17:11:14:571 00001088         AppCallbacks| ThreadQueue blocked for 4294967295 seconds...
V/PhoneStatusBar(  140): setLightsOn(true)
I/APP     ( 4211): I 03/13/2013 17:11:14:699 00001073       RhodesActivity| onServiceConnected: {com.rhomobile.macotec/com.rhomobile.rhodes.RhodesService}
I/APP     ( 4211): I 03/13/2013 17:11:14:736 00001073       RhodesActivity| New start parameters: 
I/APP     ( 4211): I 03/13/2013 17:11:14:741 00001073            RhodesApp| New start params: 
W/InputManagerService(   85): Starting input on non-focused client com.android.internal.view.IInputMethodClient$Stub$Proxy@4146a4f8 (uid=10009 pid=185)
D/gralloc_goldfish( 4211): Emulator without GPU emulation detected.
I/Process (   85): Sending signal. PID: 4211 SIG: 3
I/dalvikvm( 4211): threadid=3: reacting to signal 3
I/dalvikvm( 4211): Wrote stack traces to '/data/anr/traces.txt'
I/ActivityManager(   85): Displayed com.rhomobile.macotec/com.rhomobile.rhodes.RhodesActivity: +5s194ms
I/APP     ( 4211): I 03/13/2013 17:11:15:491 0000108a              RhoRuby| Init_RhoBlobs: /data/data/com.rhomobile.macotec/rhodata/db/db-files
W/NetworkManagementSocketTagger(   85): setKernelCountSet(10009, 0) failed with errno -2
I/APP     ( 4211): I 03/13/2013 17:11:15:612 0000108a              RhoRuby| require_compiled: rhoframework
I/APP     ( 4211): I 03/13/2013 17:11:15:688 0000108a              RhoRuby| require_compiled: rational
I/APP     ( 4211): I 03/13/2013 17:11:15:740 0000108a              RhoRuby| require_compiled: rhom/rhom_db_adapter
I/APP     ( 4211): I 03/13/2013 17:11:15:849 0000108a              RhoRuby| require_compiled: rhodes
I/APP     ( 4211): I 03/13/2013 17:11:15:911 0000108a              RhoRuby| require_compiled: rhom/rhom_object
I/APP     ( 4211): I 03/13/2013 17:11:15:999 0000108a              RhoRuby| require_compiled: rhofsconnector
I/APP     ( 4211): I 03/13/2013 17:11:16:044 0000108a              RhoRuby| require_compiled: rho/rhofsconnector
I/APP     ( 4211): I 03/13/2013 17:11:16:121 0000108a              RhoRuby| require_compiled: rhom/rhom_object_factory
I/APP     ( 4211): I 03/13/2013 17:11:16:436 0000108a              RhoRuby| require_compiled: rhom/rhom
I/APP     ( 4211): I 03/13/2013 17:11:16:505 0000108a              RhoRuby| require_compiled: rhom/rhom_model
I/APP     ( 4211): I 03/13/2013 17:11:16:567 0000108a              RhoRuby| require_compiled: rhom
I/APP     ( 4211): I 03/13/2013 17:11:16:610 0000108a              RhoRuby| require_compiled: rho/rhoapplication
I/APP     ( 4211): I 03/13/2013 17:11:16:683 0000108a              RhoRuby| require_compiled: rholang/localization_simplified
I/APP     ( 4211): I 03/13/2013 17:11:16:751 0000108a              RhoRuby| require_compiled: rho/rhomsg
I/APP     ( 4211): I 03/13/2013 17:11:16:798 0000108a              RhoRuby| require_compiled: rho/rhotabbar
I/APP     ( 4211): I 03/13/2013 17:11:16:851 0000108a              RhoRuby| require_compiled: rho/rhotoolbar
I/APP     ( 4211): I 03/13/2013 17:11:16:889 0000108a                  APP| Current locale: ; Country code: 
I/APP     ( 4211): I 03/13/2013 17:11:16:927 0000108a                  APP| Locilized file: /data/data/com.rhomobile.macotec/rhodata/lib/rholang/lang_
I/APP     ( 4211): I 03/13/2013 17:11:16:947 0000108a              RhoRuby| require_compiled: /data/data/com.rhomobile.macotec/rhodata/lib/rholang/lang_en
I/APP     ( 4211): I 03/13/2013 17:11:16:982 0000108a                  APP| Locilized file: /data/data/com.rhomobile.macotec/rhodata/apps/app/lang/lang_
I/APP     ( 4211): I 03/13/2013 17:11:17:023 0000108a              RhoRuby| require_compiled: /data/data/com.rhomobile.macotec/rhodata/apps/app/lang/lang_en
I/APP     ( 4211): I 03/13/2013 17:11:17:069 0000108a                  APP| Locilized file: /data/data/com.rhomobile.macotec/rhodata/lib/rholang/rhoerror_
I/APP     ( 4211): I 03/13/2013 17:11:17:099 0000108a              RhoRuby| require_compiled: /data/data/com.rhomobile.macotec/rhodata/lib/rholang/rhoerror_en
I/APP     ( 4211): I 03/13/2013 17:11:17:134 0000108a                  APP| Locilized file: /data/data/com.rhomobile.macotec/rhodata/lib/rholang/rhomsg_
I/APP     ( 4211): I 03/13/2013 17:11:17:161 0000108a              RhoRuby| require_compiled: /data/data/com.rhomobile.macotec/rhodata/lib/rholang/rhomsg_en
I/APP     ( 4211): I 03/13/2013 17:11:17:196 0000108a              RhoRuby| require_compiled: indifferent_access
I/APP     ( 4211): I 03/13/2013 17:11:17:277 0000108a              RhoRuby| require_compiled: rho/rhosupport
I/APP     ( 4211): I 03/13/2013 17:11:17:375 0000108a              RhoRuby| require_compiled: rho/rhocontroller
I/APP     ( 4211): I 03/13/2013 17:11:17:441 0000108a              RhoRuby| require_compiled: rho/render
I/APP     ( 4211): I 03/13/2013 17:11:17:520 0000108a              RhoRuby| require_compiled: rho/rho
I/APP     ( 4211): I 03/13/2013 17:11:17:702 0000108a              RhoRuby| require_compiled: rho/rhoerror
I/APP     ( 4211): I 03/13/2013 17:11:17:751 0000108a              RhoRuby| require_compiled: rhom/rhom_source
I/APP     ( 4211): I 03/13/2013 17:11:17:818 0000108a              RhoRuby| require_compiled: rho/rhoviewhelpers
I/APP     ( 4211): I 03/13/2013 17:11:17:879 0000108a              RhoRuby| require_compiled: rho
I/APP     ( 4211): I 03/13/2013 17:11:17:923 0000108a                  APP| RHO loaded
I/APP     ( 4211): I 03/13/2013 17:11:17:928 0000108a                  APP| Calling RHO.initialize
I/APP     ( 4211): I 03/13/2013 17:11:17:973 0000108a                  APP| model file: Settings/settings
I/APP     ( 4211): I 03/13/2013 17:11:18:001 0000108a                  APP| model file: Devproduct/devproduct
I/APP     ( 4211): I 03/13/2013 17:11:18:007 0000108a                  APP| model file: Image/image
I/APP     ( 4211): I 03/13/2013 17:11:18:047 0000108a                  APP| model file: Product/product
I/APP     ( 4211): I 03/13/2013 17:11:18:052 0000108a                  APP| model file: Request/request
I/APP     ( 4211): I 03/13/2013 17:11:18:080 0000108a                   DB| Open DB: /data/data/com.rhomobile.macotec/rhodata/db/syncdbuser.sqlite
I/APP     ( 4211): I 03/13/2013 17:11:18:127 0000108a          GeoLocation| Creating singleton instance.
I/APP     ( 4211): I 03/13/2013 17:11:18:135 0000108a            RhodesApp| Starting sync engine...
I/APP     ( 4211): I 03/13/2013 17:11:18:171 0000108a                 Sync| sync_poll_interval: 0
I/APP     ( 4211): I 03/13/2013 17:11:18:175 0000108a                 Sync| syncserver: 
I/APP     ( 4211): I 03/13/2013 17:11:18:203 0000108a                 Sync| bulksync_state: 0
I/APP     ( 4211): I 03/13/2013 17:11:18:210 0000108a            RhodesApp| RhoRubyInitApp...
I/APP     ( 4211): I 03/13/2013 17:11:18:234 0000108a                  APP| init_app
I/APP     ( 4211): I 03/13/2013 17:11:18:241 0000108a              RhoRuby| require_compiled: application
I/APP     ( 4211): I 03/13/2013 17:11:18:274 0000108a                 Sync| Set notification. Source ID: -1;Url :http://localhost:8080/app/Settings/sync_notify; Params: 
I/APP     ( 4211): I 03/13/2013 17:11:18:317 0000108a           HttpServer| Start HTTP server
I/APP     ( 4211): I 03/13/2013 17:11:18:374 0000108a           HttpServer| Listen for connections on port 8080
I/APP     ( 4211): I 03/13/2013 17:11:18:441 0000108a         AppCallbacks| addCommand: LOCAL-SERVER-STARTED
I/APP     ( 4211): I 03/13/2013 17:11:18:490 00001088         AppCallbacks| process command: LOCAL-SERVER-STARTED
I/APP     ( 4211): I 03/13/2013 17:11:18:531 00001088 RhodesAppActiveObserver| Ready
I/APP     ( 4211): I 03/13/2013 17:11:18:580 00001073 AndroidFunctionality| Disable WebView zoom
I/APP     ( 4211): I 03/13/2013 17:11:18:581 00001073 AndroidFunctionality| Set web plugins state 'OFF'
V/EmulatedCamera_Factory(   38): getCameraInfo: id = 0
V/EmulatedCamera_Camera(   38): getCameraInfo
V/EmulatedCamera_Factory(   38): getCameraInfo: id = 0
V/EmulatedCamera_Camera(   38): getCameraInfo
I/CameraService(   38): Opening camera 0
V/EmulatedCamera_Factory(   38): cameraDeviceOpen: id = 0
V/EmulatedCamera_Camera(   38): connectCamera
V/EmulatedCamera_FakeDevice(   38): connectDevice
V/EmulatedCamera_CallbackNotifier(   38): setCallbacks: 0x405954e9, 0x40595f9d, 0x40595f01, 0x40597359 (0x1bbc0)
V/EmulatedCamera_CallbackNotifier(   38): enableMessage: msg_type = 0x40d
V/EmulatedCamera_CallbackNotifier(   38):     CAMERA_MSG_ERROR
V/EmulatedCamera_CallbackNotifier(   38):     CAMERA_MSG_FOCUS
V/EmulatedCamera_CallbackNotifier(   38):     CAMERA_MSG_ZOOM
V/EmulatedCamera_CallbackNotifier(   38):     CAMERA_MSG_PREVIEW_METADATA
V/EmulatedCamera_CallbackNotifier(   38): **** Currently enabled messages:
V/EmulatedCamera_CallbackNotifier(   38):     CAMERA_MSG_ERROR
V/EmulatedCamera_CallbackNotifier(   38):     CAMERA_MSG_FOCUS
V/EmulatedCamera_CallbackNotifier(   38):     CAMERA_MSG_ZOOM
I/APP     ( 4211): I 03/13/2013 17:11:18:878 00001088    RhodesApplication| New AppState: AppActivated
I/APP     ( 4211): I 03/13/2013 17:11:18:883 00001088         AppCallbacks| process command: UI-CREATED
V/EmulatedCamera_CallbackNotifier(   38):     CAMERA_MSG_PREVIEW_METADATA
I/AwesomePlayer(   38): setDataSource_l('/system/media/audio/ui/camera_click.ogg')
I/APP     ( 4211): I 03/13/2013 17:11:19:061 0000108a           HttpServer| Process URI: '/system/uicreated'
I/APP     ( 4211): I 03/13/2013 17:11:19:078 0000108a                  APP| on_ui_created.navigate to start url: '/app'
I/APP     ( 4211): I 03/13/2013 17:11:19:113 00001088         AppCallbacks| process command: APP-ACTIVATED
I/APP     ( 4211): I 03/13/2013 17:11:19:175 0000108a           HttpServer| Process URI: '/system/activateapp'
I/APP     ( 4211): I 03/13/2013 17:11:19:206 00001088         AppCallbacks| ThreadQueue blocked for 4294967295 seconds...
I/AwesomePlayer(   38): setDataSource_l('/system/media/audio/ui/VideoRecord.ogg')
V/EmulatedCamera_CallbackNotifier(   38): disableMessage: msg_type = 0x10
V/EmulatedCamera_CallbackNotifier(   38):     CAMERA_MSG_PREVIEW_FRAME
V/EmulatedCamera_CallbackNotifier(   38): **** Currently enabled messages:
V/EmulatedCamera_CallbackNotifier(   38):     CAMERA_MSG_ERROR
V/EmulatedCamera_CallbackNotifier(   38):     CAMERA_MSG_FOCUS
V/EmulatedCamera_CallbackNotifier(   38):     CAMERA_MSG_ZOOM
V/EmulatedCamera_CallbackNotifier(   38):     CAMERA_MSG_PREVIEW_METADATA
V/EmulatedCamera_CallbackNotifier(   38): disableMessage: msg_type = 0xffff
V/EmulatedCamera_CallbackNotifier(   38):     CAMERA_MSG_ERROR
V/EmulatedCamera_CallbackNotifier(   38):     CAMERA_MSG_SHUTTER
V/EmulatedCamera_CallbackNotifier(   38):     CAMERA_MSG_FOCUS
V/EmulatedCamera_CallbackNotifier(   38):     CAMERA_MSG_ZOOM
V/EmulatedCamera_CallbackNotifier(   38):     CAMERA_MSG_PREVIEW_FRAME
V/EmulatedCamera_CallbackNotifier(   38):     CAMERA_MSG_VIDEO_FRAME
V/EmulatedCamera_CallbackNotifier(   38):     CAMERA_MSG_POSTVIEW_FRAME
V/EmulatedCamera_CallbackNotifier(   38):     CAMERA_MSG_RAW_IMAGE
V/EmulatedCamera_CallbackNotifier(   38):     CAMERA_MSG_COMPRESSED_IMAGE
V/EmulatedCamera_CallbackNotifier(   38):     CAMERA_MSG_RAW_IMAGE_NOTIFY
V/EmulatedCamera_CallbackNotifier(   38):     CAMERA_MSG_PREVIEW_METADATA
V/EmulatedCamera_CallbackNotifier(   38): **** Currently enabled messages:
V/EmulatedCamera_Camera(   38): doStopPreview
V/EmulatedCamera_Camera(   38): cancelPicture
V/EmulatedCamera_Camera(   38): releaseCamera
V/EmulatedCamera_Camera(   38): doStopPreview
V/EmulatedCamera_FakeDevice(   38): disconnectDevice
I/CameraService(   38): Destroying camera 0
V/EmulatedCamera_Camera(   38): closeCamera
V/EmulatedCamera_Camera(   38): doStopPreview
W/AudioFlinger(   38): session id 101 not found for pid 38
V/EmulatedCamera_Factory(   38): getCameraInfo: id = 0
V/EmulatedCamera_Camera(   38): getCameraInfo
W/AudioFlinger(   38): session id 102 not found for pid 38
I/APP     ( 4211): I 03/13/2013 17:11:19:758 00001073         SplashScreen| navigate: url=http://localhost:8080/app
I/APP     ( 4211): I 03/13/2013 17:11:19:784 00001073         SplashScreen| DELAY for SplashScreen = 0
I/APP     ( 4211): I 03/13/2013 17:11:19:827 00001073        GoogleWebView| Creating new RhoWebChromeClient
I/APP     ( 4211): I 03/13/2013 17:11:19:850 00001073       SimpleMainView| Cleared URL: http://localhost:8080/app
V/SimpleMainView.View( 4211): ms[1363191079930]  Main Window :: onSizeChanged() old [ 480 x 762 ]  new [ 0 x 0 ]
I/APP     ( 4211): I 03/13/2013 17:11:20:000 00001073        GoogleWebView| Setting RhoWebChromeClient
I/APP     ( 4211): I 03/13/2013 17:11:20:099 0000108a           HttpServer| Process URI: '/app'
I/APP     ( 4211): I 03/13/2013 17:11:20:145 00001073     RhoWebViewClient| Loading URL: http://localhost:8080/app/index_erb.iseq
I/APP     ( 4211): I 03/13/2013 17:11:20:210 0000108a           HttpServer| Process URI: '/app/index_erb.iseq'
I/APP     ( 4211): I 03/13/2013 17:11:20:220 0000108a                  APP| RHO serve_index: /app/index_erb.iseq
I/APP     ( 4211): I 03/13/2013 17:11:20:244 0000108a RHO Rho::RhoController| inst_render_index
I/APP     ( 4211): I 03/13/2013 17:11:20:369 0000108a RHO Rho::RhoController| index layout
I/APP     ( 4211): I 03/13/2013 17:11:20:469 0000108a           HttpServer| GC Start.
I/APP     ( 4211): I 03/13/2013 17:11:20:594 0000108a           HttpServer| GC End.
I/APP     ( 4211): I 03/13/2013 17:11:20:765 0000108a           HttpServer| Process URI: '/public/js/request.js'
I/APP     ( 4211): I 03/13/2013 17:11:20:906 0000108a           HttpServer| Process URI: '/public/jquery/jquery-1.6.4.min.js'
I/APP     ( 4211): I 03/13/2013 17:11:21:002 0000108a           HttpServer| Process URI: '/public/jquery/jquery.json-2.3.min.js'
I/APP     ( 4211): I 03/13/2013 17:11:21:124 0000108a           HttpServer| Process URI: '/public/jqmobile/jquery.mobile-1.0.1.min.css'
I/APP     ( 4211): I 03/13/2013 17:11:21:234 0000108a           HttpServer| Process URI: '/public/css/jqmobile-patch.css'
I/APP     ( 4211): I 03/13/2013 17:11:21:306 0000108a           HttpServer| Process URI: '/public/jqmobile/jquery.mobile-1.0.1.min.js'
I/APP     ( 4211): I 03/13/2013 17:11:21:468 0000108a           HttpServer| Process URI: '/public/js/jqmobile-patch.js'
I/APP     ( 4211): I 03/13/2013 17:11:21:522 0000108a           HttpServer| Process URI: '/public/css/macotec_style.css'
I/APP     ( 4211): I 03/13/2013 17:11:24:363 0000108a           HttpServer| Process URI: '/public/images/macotec/logo.png'
I/APP     ( 4211): I 03/13/2013 17:11:25:083 0000108a           HttpServer| Process URI: '/public/images/macotec/request_top.png'
I/APP     ( 4211): I 03/13/2013 17:11:25:191 0000108a           HttpServer| Process URI: '/public/images/macotec/contact_png.png'
I/APP     ( 4211): I 03/13/2013 17:11:25:249 0000108a           HttpServer| Process URI: '/public/images/macotec/products_png.png'
I/APP     ( 4211): I 03/13/2013 17:11:25:287 0000108a           HttpServer| Process URI: '/public/images/macotec/info_png.png'
I/APP     ( 4211): I 03/13/2013 17:11:25:380 0000108a           HttpServer| Process URI: '/public/images/macotec/attention.png'
W/webview ( 4211): Stale touch event ACTION_DOWN received from webcore; ignoring
I/APP     ( 4211): I 03/13/2013 17:11:33:815 0000108a           HttpServer| Process URI: '/app/Product'
I/APP     ( 4211): I 03/13/2013 17:11:33:846 0000108a                  APP| RHO serve: /app/Product
I/APP     ( 4211): I 03/13/2013 17:11:33:871 0000108a              RhoRuby| require_compiled: Product/product_controller
I/APP     ( 4211): I 03/13/2013 17:11:34:006 0000108a              RhoRuby| require_compiled: helpers/browser_helper
I/APP     ( 4211): I 03/13/2013 17:11:34:061 0000108a              RhoRuby| require_compiled: json
I/APP     ( 4211): I 03/13/2013 17:11:34:101 0000108a              RhoRuby| require_compiled: json/common
I/APP     ( 4211): I 03/13/2013 17:11:34:268 0000108a              RhoRuby| require_compiled: json/version
I/APP     ( 4211): I 03/13/2013 17:11:34:343 0000108a              RhoRuby| require_compiled: json/pure
I/APP     ( 4211): I 03/13/2013 17:11:34:518 0000108a              RhoRuby| require_compiled: json/pure/generator
I/APP     ( 4211): I 03/13/2013 17:11:34:752 0000108a              RhoRuby| require_compiled: Connection/connection_controller
I/APP     ( 4211): I 03/13/2013 17:11:34:843 0000108a              RhoRuby| require_compiled: date
I/APP     ( 4211): I 03/13/2013 17:11:34:894 0000108a              RhoRuby| require_compiled: dateOrig
I/APP     ( 4211): I 03/13/2013 17:11:35:212 0000108a              RhoRuby| require_compiled: date/format
D/dalvikvm( 4211): GC_CONCURRENT freed 931K, 8% free 12504K/13511K, paused 4ms+4ms
D/webviewglue( 4211): nativeDestroy view: 0x28ee50
I/APP     ( 4211): E 03/13/2013 17:11:35:618 0000108a               RubyVM| lib/date.rb:14: warning: already initialized constant MONTHNAMES
I/APP     ( 4211): E 03/13/2013 17:11:35:624 0000108a               RubyVM| lib/date.rb:15: warning: already initialized constant ABBR_MONTHNAMES
I/APP     ( 4211): E 03/13/2013 17:11:35:677 0000108a               RubyVM| lib/date.rb:16: warning: already initialized constant DAYNAMES
I/APP     ( 4211): E 03/13/2013 17:11:35:683 0000108a               RubyVM| lib/date.rb:17: warning: already initialized constant ABBR_DAYNAMES
I/APP     ( 4211): I 03/13/2013 17:11:35:730 0000108a                  APP| ################ Date.today: 2013-03-13
I/APP     ( 4211): I 03/13/2013 17:11:35:748 0000108a                  APP| const_missing: Product
I/APP     ( 4211): I 03/13/2013 17:11:35:776 0000108a                  APP| load_model: Product
I/APP     ( 4211): I 03/13/2013 17:11:35:804 0000108a              RhoRuby| require_compiled: Product/product
I/APP     ( 4211): I 03/13/2013 17:11:35:876 0000108a                  APP| model name: Product
I/APP     ( 4211): I 03/13/2013 17:11:35:907 0000108a                  APP| model class found
I/APP     ( 4211): I 03/13/2013 17:11:35:932 0000108a                  APP| Product : {"schema"=>{"property"=>{"category"=>[:string, nil], "category_name"=>[:string, nil], "category_img_url"=>[:string, nil], "sub_category"=>[:string, nil], "sub_category_name"=>[:string, nil], "sub_category_img_url"=>[:string, nil], "details"=>[:string, nil], "details_name"=>[:string, nil], "detail_img_url"=>[:string, nil], "header"=>[:string, nil], "attribute_title_1"=>[:string, nil], "attribute_title_2"=>[:string, nil], "attribute_title_3"=>[:string, nil], "attribute_title_4"=>[:string, nil], "attribute_title_5"=>[:string, nil], "attribute_list_title"=>[:string, nil], "attribute_1"=>[:string, nil], "attribute_2"=>[:string, nil], "attribute_3"=>[:string, nil], "attribute_4"=>[:string, nil], "attribute_5"=>[:string, nil], "attribute_list"=>[:string, nil]}}}
I/APP     ( 4211): I 03/13/2013 17:11:35:963 0000108a                   DB| Open DB: /data/data/com.rhomobile.macotec/rhodata/db/syncdblocal.sqlite
I/APP     ( 4211): I 03/13/2013 17:11:36:005 0000108a                  APP| init_db_sources
I/APP     ( 4211): I 03/13/2013 17:11:36:090 0000108a                  APP| start_id: 40005
I/APP     ( 4211): I 03/13/2013 17:11:36:132 0000108a                  APP| Migrate schema sources: {}
I/APP     ( 4211): I 03/13/2013 17:11:36:214 0000108a                  APP| ++++++++++++++++ Product.catalog_date: 
I/APP     ( 4211): I 03/13/2013 17:11:36:219 0000108a                  APP| calling backend to get catalog data.............
I/ActivityManager(   85): START {cmp=com.rhomobile.macotec/com.rhomobile.rhodes.alert.PopupActivity (has extras)} from pid 4211
W/WindowManager(   85): Failure taking screenshot for (180x300) to layer 21010
I/APP     ( 4211): I 03/13/2013 17:11:36:278 00001073 AndroidFunctionality| Pause WebView
I/APP     ( 4211): I 03/13/2013 17:11:36:279 00001073       RhodesActivity| onPause
I/APP     ( 4211): I 03/13/2013 17:11:36:343 0000108a            AsyncHttp| addCommand: GET
I/APP     ( 4211): I 03/13/2013 17:11:36:389 00001098            AsyncHttp| Starting main routine...
