I/APP     (  637): I 03/26/2013 17:34:23:655 00000294                  APP| Current locale: ; Country code: 
I/APP     (  637): I 03/26/2013 17:34:23:662 00000294                  APP| Locilized file: /data/data/com.rhomobile.macotec/rhodata/lib/rholang/lang_
I/APP     (  637): I 03/26/2013 17:34:23:667 00000294              RhoRuby| require_compiled: /data/data/com.rhomobile.macotec/rhodata/lib/rholang/lang_en
I/APP     (  637): I 03/26/2013 17:34:23:683 00000294                  APP| Locilized file: /data/data/com.rhomobile.macotec/rhodata/apps/app/lang/lang_
I/APP     (  637): I 03/26/2013 17:34:23:684 00000294              RhoRuby| require_compiled: /data/data/com.rhomobile.macotec/rhodata/apps/app/lang/lang_en
I/APP     (  637): I 03/26/2013 17:34:23:696 00000294                  APP| Locilized file: /data/data/com.rhomobile.macotec/rhodata/lib/rholang/rhoerror_
I/APP     (  637): I 03/26/2013 17:34:23:699 00000294              RhoRuby| require_compiled: /data/data/com.rhomobile.macotec/rhodata/lib/rholang/rhoerror_en
I/APP     (  637): I 03/26/2013 17:34:23:712 00000294                  APP| Locilized file: /data/data/com.rhomobile.macotec/rhodata/lib/rholang/rhomsg_
I/APP     (  637): I 03/26/2013 17:34:23:713 00000294              RhoRuby| require_compiled: /data/data/com.rhomobile.macotec/rhodata/lib/rholang/rhomsg_en
I/APP     (  637): I 03/26/2013 17:34:23:726 00000294              RhoRuby| require_compiled: indifferent_access
I/APP     (  637): I 03/26/2013 17:34:23:748 00000294              RhoRuby| require_compiled: rho/rhosupport
I/APP     (  637): I 03/26/2013 17:34:23:821 00000294              RhoRuby| require_compiled: rho/rhocontroller
I/APP     (  637): I 03/26/2013 17:34:23:903 00000294              RhoRuby| require_compiled: rho/render
I/APP     (  637): I 03/26/2013 17:34:24:169 00000294              RhoRuby| require_compiled: rho/rho
I/APP     (  637): I 03/26/2013 17:34:24:379 00000294              RhoRuby| require_compiled: rho/rhoerror
I/APP     (  637): I 03/26/2013 17:34:24:389 00000294              RhoRuby| require_compiled: rhom/rhom_source
I/APP     (  637): I 03/26/2013 17:34:24:414 00000294              RhoRuby| require_compiled: rho/rhoviewhelpers
I/APP     (  637): I 03/26/2013 17:34:24:435 00000294              RhoRuby| require_compiled: rho
I/APP     (  637): I 03/26/2013 17:34:24:438 00000294                  APP| RHO loaded
I/APP     (  637): I 03/26/2013 17:34:24:441 00000294                  APP| Calling RHO.initialize
I/APP     (  637): I 03/26/2013 17:34:24:451 00000294                  APP| model file: Device/device
I/APP     (  637): I 03/26/2013 17:34:24:453 00000294                  APP| model file: Settings/settings
I/APP     (  637): I 03/26/2013 17:34:24:456 00000294                  APP| model file: Image/image
I/APP     (  637): I 03/26/2013 17:34:24:459 00000294                  APP| model file: Product/product
I/APP     (  637): I 03/26/2013 17:34:24:462 00000294                  APP| model file: Request/request
I/APP     (  637): I 03/26/2013 17:34:24:467 00000294                   DB| Open DB: /data/data/com.rhomobile.macotec/rhodata/db/syncdbuser.sqlite
I/APP     (  637): I 03/26/2013 17:34:24:483 00000294          GeoLocation| Creating singleton instance.
I/APP     (  637): I 03/26/2013 17:34:24:484 00000294            RhodesApp| Starting sync engine...
I/APP     (  637): I 03/26/2013 17:34:24:486 00000294                 Sync| sync_poll_interval: 0
I/APP     (  637): I 03/26/2013 17:34:24:490 00000294                 Sync| syncserver: 
I/APP     (  637): I 03/26/2013 17:34:24:493 00000294                 Sync| bulksync_state: 0
I/APP     (  637): I 03/26/2013 17:34:24:495 00000294            RhodesApp| RhoRubyInitApp...
I/APP     (  637): I 03/26/2013 17:34:24:496 00000294                  APP| init_app
I/APP     (  637): I 03/26/2013 17:34:24:500 00000294              RhoRuby| require_compiled: application
I/APP     (  637): I 03/26/2013 17:34:24:511 00000294                 Sync| Set notification. Source ID: -1;Url :http://localhost:8080/app/Settings/sync_notify; Params: 
I/APP     (  637): I 03/26/2013 17:34:24:513 00000294           HttpServer| Start HTTP server
I/APP     (  637): I 03/26/2013 17:34:24:517 00000294           HttpServer| Listen for connections on port 8080
I/APP     (  637): I 03/26/2013 17:34:24:520 00000294         AppCallbacks| addCommand: LOCAL-SERVER-STARTED
I/APP     (  637): I 03/26/2013 17:34:24:521 00000292         AppCallbacks| process command: LOCAL-SERVER-STARTED
I/APP     (  637): I 03/26/2013 17:34:24:522 00000292 RhodesAppActiveObserver| Ready
I/APP     (  637): I 03/26/2013 17:34:24:526 0000027d AndroidFunctionality| Disable WebView zoom
I/APP     (  637): I 03/26/2013 17:34:24:527 0000027d AndroidFunctionality| Set web plugins state 'OFF'
I/APP     (  637): I 03/26/2013 17:34:24:545 00000292    RhodesApplication| New AppState: AppActivated
I/APP     (  637): I 03/26/2013 17:34:24:546 00000292         AppCallbacks| process command: UI-CREATED
V/EmulatedCamera_Factory(   38): getCameraInfo: id = 0
V/EmulatedCamera_Camera(   38): getCameraInfo
V/EmulatedCamera_Factory(   38): getCameraInfo: id = 0
V/EmulatedCamera_Camera(   38): getCameraInfo
I/CameraService(   38): Opening camera 0
V/EmulatedCamera_Factory(   38): cameraDeviceOpen: id = 0
V/EmulatedCamera_Camera(   38): connectCamera
V/EmulatedCamera_FakeDevice(   38): connectDevice
V/EmulatedCamera_CallbackNotifier(   38): setCallbacks: 0x405954e9, 0x40595f9d, 0x40595f01, 0x40597359 (0x15e28)
V/EmulatedCamera_CallbackNotifier(   38): enableMessage: msg_type = 0x40d
V/EmulatedCamera_CallbackNotifier(   38):     CAMERA_MSG_ERROR
V/EmulatedCamera_CallbackNotifier(   38):     CAMERA_MSG_FOCUS
V/EmulatedCamera_CallbackNotifier(   38):     CAMERA_MSG_ZOOM
V/EmulatedCamera_CallbackNotifier(   38):     CAMERA_MSG_PREVIEW_METADATA
V/EmulatedCamera_CallbackNotifier(   38): **** Currently enabled messages:
V/EmulatedCamera_CallbackNotifier(   38):     CAMERA_MSG_ERROR
V/EmulatedCamera_CallbackNotifier(   38):     CAMERA_MSG_FOCUS
V/EmulatedCamera_CallbackNotifier(   38):     CAMERA_MSG_ZOOM
V/EmulatedCamera_CallbackNotifier(   38):     CAMERA_MSG_PREVIEW_METADATA
I/AwesomePlayer(   38): setDataSource_l('/system/media/audio/ui/camera_click.ogg')
I/APP     (  637): I 03/26/2013 17:34:24:628 00000294           HttpServer| Process URI: '/system/uicreated'
I/APP     (  637): I 03/26/2013 17:34:24:631 00000294                  APP| on_ui_created.navigate to start url: '/app'
I/APP     (  637): I 03/26/2013 17:34:24:700 00000292         AppCallbacks| process command: APP-ACTIVATED
I/APP     (  637): I 03/26/2013 17:34:24:713 00000294           HttpServer| Process URI: '/system/activateapp'
I/APP     (  637): I 03/26/2013 17:34:24:739 00000292         AppCallbacks| ThreadQueue blocked for 4294967295 seconds...
I/AwesomePlayer(   38): setDataSource_l('/system/media/audio/ui/VideoRecord.ogg')
V/EmulatedCamera_CallbackNotifier(   38): disableMessage: msg_type = 0x10
V/EmulatedCamera_CallbackNotifier(   38):     CAMERA_MSG_PREVIEW_FRAME
V/EmulatedCamera_CallbackNotifier(   38): **** Currently enabled messages:
V/EmulatedCamera_CallbackNotifier(   38):     CAMERA_MSG_ERROR
V/EmulatedCamera_CallbackNotifier(   38):     CAMERA_MSG_FOCUS
V/EmulatedCamera_CallbackNotifier(   38):     CAMERA_MSG_ZOOM
V/EmulatedCamera_CallbackNotifier(   38):     CAMERA_MSG_PREVIEW_METADATA
V/EmulatedCamera_CallbackNotifier(   38): disableMessage: msg_type = 0xffff
V/EmulatedCamera_CallbackNotifier(   38):     CAMERA_MSG_ERROR
V/EmulatedCamera_CallbackNotifier(   38):     CAMERA_MSG_SHUTTER
V/EmulatedCamera_CallbackNotifier(   38):     CAMERA_MSG_FOCUS
V/EmulatedCamera_CallbackNotifier(   38):     CAMERA_MSG_ZOOM
V/EmulatedCamera_CallbackNotifier(   38):     CAMERA_MSG_PREVIEW_FRAME
V/EmulatedCamera_CallbackNotifier(   38):     CAMERA_MSG_VIDEO_FRAME
V/EmulatedCamera_CallbackNotifier(   38):     CAMERA_MSG_POSTVIEW_FRAME
V/EmulatedCamera_CallbackNotifier(   38):     CAMERA_MSG_RAW_IMAGE
V/EmulatedCamera_CallbackNotifier(   38):     CAMERA_MSG_COMPRESSED_IMAGE
V/EmulatedCamera_CallbackNotifier(   38):     CAMERA_MSG_RAW_IMAGE_NOTIFY
V/EmulatedCamera_CallbackNotifier(   38):     CAMERA_MSG_PREVIEW_METADATA
V/EmulatedCamera_CallbackNotifier(   38): **** Currently enabled messages:
V/EmulatedCamera_Camera(   38): doStopPreview
V/EmulatedCamera_Camera(   38): cancelPicture
V/EmulatedCamera_Camera(   38): releaseCamera
V/EmulatedCamera_Camera(   38): doStopPreview
V/EmulatedCamera_FakeDevice(   38): disconnectDevice
I/CameraService(   38): Destroying camera 0
V/EmulatedCamera_Camera(   38): closeCamera
V/EmulatedCamera_Camera(   38): doStopPreview
W/AudioFlinger(   38): session id 5 not found for pid 38
V/EmulatedCamera_Factory(   38): getCameraInfo: id = 0
V/EmulatedCamera_Camera(   38): getCameraInfo
W/AudioFlinger(   38): session id 6 not found for pid 38
I/APP     (  637): I 03/26/2013 17:34:24:933 0000027d         SplashScreen| navigate: url=http://localhost:8080/app
I/APP     (  637): I 03/26/2013 17:34:24:936 0000027d         SplashScreen| DELAY for SplashScreen = 0
I/APP     (  637): I 03/26/2013 17:34:24:952 0000027d        GoogleWebView| Creating new RhoWebChromeClient
I/APP     (  637): I 03/26/2013 17:34:24:961 0000027d       SimpleMainView| Cleared URL: http://localhost:8080/app
V/SimpleMainView.View(  637): ms[1364315664987]  Main Window :: onSizeChanged() old [ 480 x 762 ]  new [ 0 x 0 ]
I/APP     (  637): I 03/26/2013 17:34:25:040 0000027d        GoogleWebView| Setting RhoWebChromeClient
I/APP     (  637): I 03/26/2013 17:34:25:091 00000294           HttpServer| Process URI: '/app'
I/APP     (  637): I 03/26/2013 17:34:25:138 0000027d     RhoWebViewClient| Loading URL: http://localhost:8080/app/index_erb.iseq
I/APP     (  637): I 03/26/2013 17:34:25:157 00000294           HttpServer| Process URI: '/app/index_erb.iseq'
I/APP     (  637): I 03/26/2013 17:34:25:163 00000294                  APP| RHO serve_index: /app/index_erb.iseq
I/APP     (  637): I 03/26/2013 17:34:25:173 00000294 RHO Rho::RhoController| inst_render_index
I/APP     (  637): I 03/26/2013 17:34:25:216 00000294 RHO Rho::RhoController| index layout
I/APP     (  637): I 03/26/2013 17:34:25:276 00000294           HttpServer| GC Start.
I/APP     (  637): I 03/26/2013 17:34:25:340 00000294           HttpServer| GC End.
I/APP     (  637): I 03/26/2013 17:34:25:468 00000294           HttpServer| Process URI: '/public/js/request.js'
I/APP     (  637): I 03/26/2013 17:34:25:499 00000294           HttpServer| Process URI: '/public/jquery/jquery-1.6.4.min.js'
I/APP     (  637): I 03/26/2013 17:34:25:594 00000294           HttpServer| Process URI: '/public/jquery/jquery.json-2.3.min.js'
I/APP     (  637): I 03/26/2013 17:34:25:622 00000294           HttpServer| Process URI: '/public/jqmobile/jquery.mobile-1.0.1.min.css'
I/APP     (  637): I 03/26/2013 17:34:25:674 00000294           HttpServer| Process URI: '/public/css/jqmobile-patch.css'
I/APP     (  637): I 03/26/2013 17:34:25:704 00000294           HttpServer| Process URI: '/public/jqmobile/jquery.mobile-1.0.1.min.js'
I/APP     (  637): I 03/26/2013 17:34:25:770 00000294           HttpServer| Process URI: '/public/js/jqmobile-patch.js'
I/APP     (  637): I 03/26/2013 17:34:25:796 00000294           HttpServer| Process URI: '/public/css/macotec_style.css'
I/APP     (  637): I 03/26/2013 17:34:28:890 00000294           HttpServer| Process URI: '/public/images/macotec/logo.png'
I/APP     (  637): I 03/26/2013 17:34:29:585 00000294           HttpServer| Process URI: '/public/images/macotec/request_top.png'
I/APP     (  637): I 03/26/2013 17:34:29:656 00000294           HttpServer| Process URI: '/public/images/macotec/contact_png.png'
I/APP     (  637): I 03/26/2013 17:34:29:671 00000294           HttpServer| Process URI: '/public/images/macotec/products_png.png'
I/APP     (  637): I 03/26/2013 17:34:29:682 00000294           HttpServer| Process URI: '/public/images/macotec/info_png.png'
I/APP     (  637): I 03/26/2013 17:34:29:709 00000294           HttpServer| Process URI: '/public/images/macotec/attention.png'
W/webview (  637): Stale touch event ACTION_DOWN received from webcore; ignoring
W/webview (  637): Stale touch event ACTION_CANCEL received from webcore; ignoring
I/APP     (  637): I 03/26/2013 17:34:46:042 00000294           HttpServer| Process URI: '/app/Product/get_catalog_data'
I/APP     (  637): I 03/26/2013 17:34:46:044 00000294                  APP| RHO serve: /app/Product/get_catalog_data
I/APP     (  637): I 03/26/2013 17:34:46:066 00000294              RhoRuby| require_compiled: Product/product_controller
I/APP     (  637): I 03/26/2013 17:34:46:110 00000294              RhoRuby| require_compiled: helpers/browser_helper
I/APP     (  637): I 03/26/2013 17:34:46:152 00000294              RhoRuby| require_compiled: json
I/APP     (  637): I 03/26/2013 17:34:46:156 00000294              RhoRuby| require_compiled: json/common
I/APP     (  637): I 03/26/2013 17:34:46:260 00000294              RhoRuby| require_compiled: json/version
I/APP     (  637): I 03/26/2013 17:34:46:298 00000294              RhoRuby| require_compiled: json/pure
I/APP     (  637): I 03/26/2013 17:34:46:336 00000294              RhoRuby| require_compiled: json/pure/generator
I/APP     (  637): I 03/26/2013 17:34:46:449 00000294              RhoRuby| require_compiled: Connection/connection_controller
I/APP     (  637): I 03/26/2013 17:34:46:477 00000294              RhoRuby| require_compiled: date
I/APP     (  637): I 03/26/2013 17:34:46:488 00000294              RhoRuby| require_compiled: dateOrig
I/APP     (  637): I 03/26/2013 17:34:46:631 00000294              RhoRuby| require_compiled: date/format
D/dalvikvm(  637): GC_CONCURRENT freed 929K, 8% free 12504K/13511K, paused 4ms+16ms
D/webviewglue(  637): nativeDestroy view: 0x26d658
I/APP     (  637): E 03/26/2013 17:34:47:229 00000294               RubyVM| lib/date.rb:14: warning: already initialized constant MONTHNAMES
I/APP     (  637): E 03/26/2013 17:34:47:232 00000294               RubyVM| lib/date.rb:15: warning: already initialized constant ABBR_MONTHNAMES
I/APP     (  637): E 03/26/2013 17:34:47:266 00000294               RubyVM| lib/date.rb:16: warning: already initialized constant DAYNAMES
I/APP     (  637): E 03/26/2013 17:34:47:274 00000294               RubyVM| lib/date.rb:17: warning: already initialized constant ABBR_DAYNAMES
I/APP     (  637): I 03/26/2013 17:34:47:323 00000294                  APP| ::::::::: get_catalog_data
I/APP     (  637): I 03/26/2013 17:34:47:328 00000294                  APP| const_missing: Device
I/APP     (  637): I 03/26/2013 17:34:47:352 00000294                  APP| load_model: Device
I/APP     (  637): I 03/26/2013 17:34:47:385 00000294              RhoRuby| require_compiled: Device/device
I/APP     (  637): I 03/26/2013 17:34:47:447 00000294                  APP| model name: Device
I/APP     (  637): I 03/26/2013 17:34:47:451 00000294                  APP| model class found
I/APP     (  637): I 03/26/2013 17:34:47:485 00000294                  APP| Device : {"schema"=>{"property"=>{"hardware_id"=>[:string, nil], "device_os"=>[:string, nil], "last_sync"=>[:date, nil], "device_os_version"=>[:string, nil], "token"=>[:string, nil], "model"=>[:string, nil], "locale"=>[:string, nil]}}}
I/APP     (  637): I 03/26/2013 17:34:47:509 00000294                   DB| Open DB: /data/data/com.rhomobile.macotec/rhodata/db/syncdblocal.sqlite
I/APP     (  637): I 03/26/2013 17:34:47:559 00000294                  APP| init_db_sources
I/APP     (  637): I 03/26/2013 17:34:47:668 00000294                  APP| start_id: 40006
I/APP     (  637): I 03/26/2013 17:34:47:675 00000294                  APP| Migrate schema sources: {}
I/APP     (  637): I 03/26/2013 17:34:47:766 00000294                  APP| found device:
I/APP     (  637): I 03/26/2013 17:34:47:773 00000294                  APP| {:source_id=>40003, :object=>"133534711032874.62", :hardware_id=>"7823dd1e-9f70-348d-86c3-3e1ec83a2e0a", :device_os=>"ANDROID", :last_sync=>"2013-03-26", :device_os_version=>"4.0.4", :token=>"", :model=>"unknown generic", :locale=>"en"}
I/APP     (  637): I 03/26/2013 17:34:47:918 00000294                  APP| const_missing: Product
I/APP     (  637): I 03/26/2013 17:34:47:949 00000294                  APP| load_model: Product
I/APP     (  637): I 03/26/2013 17:34:47:981 00000294              RhoRuby| require_compiled: Product/product
I/APP     (  637): I 03/26/2013 17:34:48:067 00000294                  APP| model name: Product
I/APP     (  637): I 03/26/2013 17:34:48:070 00000294                  APP| model class found
I/APP     (  637): I 03/26/2013 17:34:48:106 00000294                  APP| Product : {"schema"=>{"property"=>{"catalog_date"=>[:date, nil], "catalog_version"=>[:integer, nil], "category"=>[:string, nil], "category_name"=>[:string, nil], "category_img_url"=>[:string, nil], "sub_category"=>[:string, nil], "sub_category_name"=>[:string, nil], "sub_category_img_url"=>[:string, nil], "details"=>[:string, nil], "details_name"=>[:string, nil], "detail_img_url"=>[:string, nil], "header"=>[:string, nil], "attribute_title_1"=>[:string, nil], "attribute_title_2"=>[:string, nil], "attribute_title_3"=>[:string, nil], "attribute_title_4"=>[:string, nil], "attribute_title_5"=>[:string, nil], "attribute_list_title"=>[:string, nil], "attribute_1"=>[:string, nil], "attribute_2"=>[:string, nil], "attribute_3"=>[:string, nil], "attribute_4"=>[:string, nil], "attribute_5"=>[:string, nil], "attribute_list"=>[:string, nil]}}}
I/APP     (  637): I 03/26/2013 17:34:48:131 00000294                  APP| init_db_sources
I/APP     (  637): I 03/26/2013 17:34:48:138 00000294                  APP| start_id: 40006
I/APP     (  637): I 03/26/2013 17:34:48:157 00000294                  APP| Migrate schema sources: {}
I/APP     (  637): I 03/26/2013 17:34:48:370 0000027d       SimpleMainView| Cleared URL: http://localhost:8080/app/Product
I/APP     (  637): I 03/26/2013 17:34:48:492 00000294           HttpServer| GC Start.
I/APP     (  637): I 03/26/2013 17:34:48:776 00000294           HttpServer| GC End.
I/APP     (  637): I 03/26/2013 17:34:48:783 00000294           HttpServer| Process URI: '/app/Product'
I/APP     (  637): I 03/26/2013 17:34:48:815 00000294                  APP| RHO serve: /app/Product
I/APP     (  637): I 03/26/2013 17:34:49:148 00000294 RHO ProductController| Layout file: /data/data/com.rhomobile.macotec/rhodata/apps/app/layout_erb.iseq. Content size: 3881
I/APP     (  637): I 03/26/2013 17:34:49:201 00000294           HttpServer| GC Start.
I/APP     (  637): I 03/26/2013 17:34:49:392 00000294           HttpServer| GC End.
I/APP     (  637): I 03/26/2013 17:34:53:197 00000294           HttpServer| Process URI: '/public/jqmobile/images/icons-36-white.png'
I/APP     (  637): I 03/26/2013 17:34:55:446 00000294           HttpServer| Process URI: '/app/Product/sub_categories'
I/APP     (  637): I 03/26/2013 17:34:55:448 00000294                  APP| RHO serve: /app/Product/sub_categories
I/APP     (  637): I 03/26/2013 17:34:55:460 00000294                  APP| Params: {"category"=>"container"}
I/APP     (  637): I 03/26/2013 17:34:55:587 00000294           HttpServer| GC Start.
I/APP     (  637): I 03/26/2013 17:34:55:637 00000294           HttpServer| GC End.
E/libEGL  (  637): call to OpenGL ES API with no current context (logged once per thread)
D/ShaderProgram(  637): couldn't load the vertex shader!
E/libEGL  (  637): call to OpenGL ES API with no current context (logged once per thread)
D/ShaderProgram(  637): couldn't load the vertex shader!
E/libEGL  (  637): call to OpenGL ES API with no current context (logged once per thread)
D/ShaderProgram(  637): couldn't load the vertex shader!
E/libEGL  (  637): call to OpenGL ES API with no current context (logged once per thread)
D/ShaderProgram(  637): couldn't load the vertex shader!
E/libEGL  (  637): call to OpenGL ES API with no current context (logged once per thread)
D/ShaderProgram(  637): couldn't load the vertex shader!
W/webview (  637): Stale touch event ACTION_DOWN received from webcore; ignoring
I/APP     (  637): I 03/26/2013 17:35:01:734 00000294           HttpServer| Process URI: '/app/Product/product_details'
I/APP     (  637): I 03/26/2013 17:35:01:735 00000294                  APP| RHO serve: /app/Product/product_details
I/APP     (  637): I 03/26/2013 17:35:01:743 00000294                  APP| Params: {"sub_category"=>"material_container", "category"=>"container"}
I/APP     (  637): I 03/26/2013 17:35:01:829 00000294           HttpServer| GC Start.
I/APP     (  637): I 03/26/2013 17:35:01:867 00000294           HttpServer| GC End.
I/APP     (  637): I 03/26/2013 17:35:02:980 00000294           HttpServer| Process URI: '/public/images/macotec/plus.png'
I/APP     (  637): I 03/26/2013 17:35:11:998 00000294           HttpServer| Process URI: '/app/Request/request_from_catalog'
I/APP     (  637): I 03/26/2013 17:35:12:000 00000294                  APP| RHO serve: /app/Request/request_from_catalog
I/APP     (  637): I 03/26/2013 17:35:12:010 00000294              RhoRuby| require_compiled: Request/request_controller
I/APP     (  637): I 03/26/2013 17:35:12:076 00000294              RhoRuby| require_compiled: time
I/APP     (  637): I 03/26/2013 17:35:12:132 00000294                  APP| Params: {"details_name"=>"Materialcontainer", "category"=>"container", "category_name"=>"Container"}
I/APP     (  637): I 03/26/2013 17:35:12:134 00000294                  APP| const_missing: Settings
I/APP     (  637): I 03/26/2013 17:35:12:137 00000294                  APP| load_model: Settings
I/APP     (  637): I 03/26/2013 17:35:12:148 00000294              RhoRuby| require_compiled: Settings/settings
I/APP     (  637): I 03/26/2013 17:35:12:158 00000294                  APP| model name: Settings
I/APP     (  637): I 03/26/2013 17:35:12:159 00000294                  APP| model class found
I/APP     (  637): I 03/26/2013 17:35:12:163 00000294                  APP| Settings : {"schema"=>{"property"=>{"company"=>[:string, nil], "phone"=>[:string, nil], "email"=>[:string, nil]}}}
I/APP     (  637): I 03/26/2013 17:35:12:168 00000294                  APP| init_db_sources
I/APP     (  637): I 03/26/2013 17:35:12:173 00000294                  APP| start_id: 40006
I/APP     (  637): I 03/26/2013 17:35:12:177 00000294                  APP| Migrate schema sources: {}
I/APP     (  637): I 03/26/2013 17:35:12:391 00000294           HttpServer| GC Start.
I/APP     (  637): I 03/26/2013 17:35:12:456 00000294           HttpServer| GC End.
I/APP     (  637): I 03/26/2013 17:35:13:154 00000294           HttpServer| Process URI: '/public/images/macotec/camera.png'
I/APP     (  637): I 03/26/2013 17:35:13:181 00000294           HttpServer| Process URI: '/public/images/macotec/gallery.png'
D/dalvikvm(  162): GC_CONCURRENT freed 439K, 6% free 9551K/10119K, paused 5ms+6ms
D/dalvikvm(   78): GC_CONCURRENT freed 409K, 13% free 11246K/12807K, paused 20ms+8ms
D/AndroidRuntime(  682): 
D/AndroidRuntime(  682): >>>>>> AndroidRuntime START com.android.internal.os.RuntimeInit <<<<<<
D/AndroidRuntime(  682): CheckJNI is ON
D/AndroidRuntime(  682): Calling main entry com.android.commands.pm.Pm
W/ActivityManager(   78): No content provider found for permission revoke: file:///data/local/tmp/MacoTec-debug.apk
W/ActivityManager(   78): No content provider found for permission revoke: file:///data/local/tmp/MacoTec-debug.apk
D/dalvikvm(   78): GC_CONCURRENT freed 288K, 11% free 11420K/12807K, paused 7ms+17ms
D/dalvikvm(   78): GC_CONCURRENT freed 187K, 9% free 11713K/12807K, paused 23ms+29ms
D/dalvikvm(   78): GC_CONCURRENT freed 609K, 9% free 11669K/12807K, paused 30ms+42ms
D/dalvikvm(   78): GC_CONCURRENT freed 567K, 9% free 11661K/12807K, paused 28ms+39ms
D/dalvikvm(   78): GC_CONCURRENT freed 588K, 9% free 11666K/12807K, paused 6ms+7ms
D/dalvikvm(   78): GC_CONCURRENT freed 550K, 9% free 11683K/12807K, paused 9ms+12ms
D/dalvikvm(   78): GC_CONCURRENT freed 570K, 9% free 11674K/12807K, paused 7ms+14ms
I/PackageManager(   78): Removing non-system package:com.rhomobile.macotec
I/ActivityManager(   78): Force stopping package com.rhomobile.macotec uid=10040
I/ActivityManager(   78): Killing proc 637:com.rhomobile.macotec/10040: force stop
W/ActivityManager(   78): Force removing ActivityRecord{41464ec0 com.rhomobile.macotec/com.rhomobile.rhodes.RhodesActivity}: app died, no saved state
W/NetworkManagementSocketTagger(   78): setKernelCountSet(10040, 0) failed with errno -2
W/NetworkManagementSocketTagger(   78): setKernelCountSet(10009, 1) failed with errno -2
I/WindowManager(   78): WIN DEATH: Window{4148be00 com.rhomobile.macotec/com.rhomobile.rhodes.RhodesActivity paused=false}
I/PackageManager(   78): Package com.rhomobile.macotec codePath changed from /data/app/com.rhomobile.macotec-1.apk to /data/app/com.rhomobile.macotec-2.apk; Retaining data and using new
I/PackageManager(   78): Running dexopt on: com.rhomobile.macotec
D/dalvikvm(  693): DexOpt: load 93ms, verify+opt 498ms
W/PackageManager(   78): Code path for pkg : com.rhomobile.macotec changing from /data/app/com.rhomobile.macotec-1.apk to /data/app/com.rhomobile.macotec-2.apk
W/PackageManager(   78): Resource path for pkg : com.rhomobile.macotec changing from /data/app/com.rhomobile.macotec-1.apk to /data/app/com.rhomobile.macotec-2.apk
I/ActivityManager(   78): Force stopping package com.rhomobile.macotec uid=10040
D/PackageManager(   78): New package installed in /data/app/com.rhomobile.macotec-2.apk
I/ActivityManager(   78): Force stopping package com.rhomobile.macotec uid=10040
D/dalvikvm(  174): GC_EXPLICIT freed 260K, 6% free 11323K/11975K, paused 7ms+5ms
D/dalvikvm(  228): GC_EXPLICIT freed 148K, 4% free 9387K/9735K, paused 3ms+9ms
D/dalvikvm(   78): GC_EXPLICIT freed 525K, 9% free 11657K/12807K, paused 11ms+15ms
D/PackageManager(   78): generateServicesMap(android.accounts.AccountAuthenticator): 2 services unchanged
D/PackageManager(   78): generateServicesMap(android.content.SyncAdapter): 4 services unchanged
D/BackupManagerService(   78): Received broadcast Intent { act=android.intent.action.PACKAGE_REMOVED dat=package:com.rhomobile.macotec flg=0x10000010 (has extras) }
I/AccountTypeManager(  255): Loaded meta-data for 1 account types, 0 accounts in 204ms(wall) 7ms(cpu)
D/PackageManager(   78): generateServicesMap(android.accounts.AccountAuthenticator): 2 services unchanged
D/PackageManager(   78): generateServicesMap(android.content.SyncAdapter): 4 services unchanged
D/BackupManagerService(   78): Received broadcast Intent { act=android.intent.action.PACKAGE_ADDED dat=package:com.rhomobile.macotec flg=0x10000010 (has extras) }
V/BackupManagerService(   78): updatePackageParticipantsLocked: #1
W/RecognitionManagerService(   78): no available voice recognition services found
I/AccountTypeManager(  255): Loaded meta-data for 1 account types, 0 accounts in 223ms(wall) 6ms(cpu)
D/BackupManagerService(   78): Received broadcast Intent { act=android.intent.action.PACKAGE_REPLACED dat=package:com.rhomobile.macotec flg=0x10000010 (has extras) }
V/BackupManagerService(   78): updatePackageParticipantsLocked: #1
D/dalvikvm(   78): GC_CONCURRENT freed 912K, 12% free 11375K/12807K, paused 5ms+8ms
D/dalvikvm(   78): GC_EXPLICIT freed 168K, 13% free 11206K/12807K, paused 4ms+7ms
D/AndroidRuntime(  682): Shutting down VM
D/dalvikvm(  682): GC_CONCURRENT freed 97K, 79% free 450K/2048K, paused 1ms+1ms
I/AndroidRuntime(  682): NOTE: attach of thread 'Binder Thread #3' failed
D/AndroidRuntime(  701): 
D/AndroidRuntime(  701): >>>>>> AndroidRuntime START com.android.internal.os.RuntimeInit <<<<<<
D/AndroidRuntime(  701): CheckJNI is ON
D/AndroidRuntime(  701): Calling main entry com.android.commands.am.Am
I/ActivityManager(   78): START {act=android.intent.action.MAIN flg=0x10000000 cmp=com.rhomobile.macotec/com.rhomobile.rhodes.RhodesActivity} from pid 701
W/WindowManager(   78): Failure taking screenshot for (180x300) to layer 21005
D/AndroidRuntime(  701): Shutting down VM
D/dalvikvm(  701): GC_CONCURRENT freed 97K, 77% free 479K/2048K, paused 1ms+1ms
I/AndroidRuntime(  701): NOTE: attach of thread 'Binder Thread #3' failed
I/ActivityManager(   78): Start proc com.rhomobile.macotec for activity com.rhomobile.macotec/com.rhomobile.rhodes.RhodesActivity: pid=712 uid=10040 gids={3003, 1006}
I/dalvikvm(  712): Turning on JNI app bug workarounds for target SDK version 4...
W/NetworkManagementSocketTagger(   78): setKernelCountSet(10040, 1) failed with errno -2
I/Process (   78): Sending signal. PID: 712 SIG: 3
I/dalvikvm(  712): threadid=3: reacting to signal 3
I/dalvikvm(  712): Wrote stack traces to '/data/anr/traces.txt'
D/dalvikvm(  712): Trying to load lib /data/data/com.rhomobile.macotec/lib/librhodes.so 0x4129ee88
D/dalvikvm(  712): Added shared lib /data/data/com.rhomobile.macotec/lib/librhodes.so 0x4129ee88
D/dalvikvm(  712): Trying to load lib /data/data/com.rhomobile.macotec/lib/librhodes.so 0x4129ee88
D/dalvikvm(  712): Shared lib '/data/data/com.rhomobile.macotec/lib/librhodes.so' already loaded in same CL 0x4129ee88
I/ActivityThread(  712): Pub com.rhomobile.macotec: com.rhomobile.rhodes.LocalFileProvider
I/RhodesApplication(  712): Initializing...
D/RhoFileApi(  712): App root path: /data/data/com.rhomobile.macotec/rhodata/
D/RhoFileApi(  712): Sqlite journals path: /data/data/com.rhomobile.macotec/sqlite_stmt_journals/
D/RhoFileApi(  712): Shared path: /data/data/com.rhomobile.macotec/rhodata/
D/RhodesApplication(  712): Root path: /data/data/com.rhomobile.macotec/rhodata/
I/RhodesApplication(  712): Application hash was changed
D/RhoFileApi(  712): Copy hash to FS
D/RhoFileApi(  712): File hash copied
D/RhoFileApi(  712): Copy rho.dat to FS
D/RhoFileApi(  712): File rho.dat copied
D/RhoFileApi(  712): Copy apps/rhoconfig.txt to FS
D/RhoFileApi(  712): File apps/rhoconfig.txt copied
I/RhoFileApi(  712): Opening stat table from FS: /data/data/com.rhomobile.macotec/rhodata/rho.dat
D/RhoFileApi(  712): Copy apps/rhoconfig.txt to FS
D/RhoFileApi(  712): File apps/rhoconfig.txt copied
D/RhoFileApi(  712): App root path: /data/data/com.rhomobile.macotec/rhodata/
D/RhoFileApi(  712): Sqlite journals path: /data/data/com.rhomobile.macotec/sqlite_stmt_journals/
D/RhoFileApi(  712): Shared path: /data/data/com.rhomobile.macotec/rhodata/
I/APP     (  712): I 03/26/2013 17:41:37:897 000002c8    RhodesApplication| Initialized
I/APP     (  712): I 03/26/2013 17:41:37:934 000002c8         BaseActivity| New screen properties - width: 480, height: 800, orientation: 1
I/Process (   78): Sending signal. PID: 712 SIG: 3
I/dalvikvm(  712): threadid=3: reacting to signal 3
I/dalvikvm(  712): Wrote stack traces to '/data/anr/traces.txt'
I/APP     (  712): I 03/26/2013 17:41:38:115 000002c8         SplashScreen| Looking for start page source
D/dalvikvm(  712): GC_CONCURRENT freed 291K, 4% free 9234K/9607K, paused 14ms+14ms
D/dalvikvm(  712): GC_FOR_ALLOC freed 8K, 4% free 9229K/9607K, paused 35ms
I/dalvikvm-heap(  712): Grow heap (frag case) to 12.148MB for 3217300-byte allocation
I/Process (   78): Sending signal. PID: 712 SIG: 3
I/dalvikvm(  712): threadid=3: reacting to signal 3
D/dalvikvm(  712): GC_FOR_ALLOC freed <1K, 4% free 12370K/12807K, paused 74ms
I/dalvikvm(  712): Wrote stack traces to '/data/anr/traces.txt'
I/APP     (  712): I 03/26/2013 17:41:38:719 000002c8         SplashScreen| Done
I/APP     (  712): I 03/26/2013 17:41:38:721 000002c8    RhodesApplication| New UiState: MainActivityCreated
I/APP     (  712): I 03/26/2013 17:41:38:725 000002c8       RhodesActivity| onStart
I/APP     (  712): I 03/26/2013 17:41:38:730 000002c8    RhodesApplication| New UiState: MainActivityStarted
I/APP     (  712): I 03/26/2013 17:41:38:734 000002c8       RhodesActivity| onResume
I/APP     (  712): I 03/26/2013 17:41:38:739 000002c8 AndroidFunctionality| Resume WebView
I/APP     (  712): I 03/26/2013 17:41:38:766 000002c8        RhodesService| onCreate
I/APP     (  712): I 03/26/2013 17:41:38:767 000002c8    LocalFileProvider| Revoke URI permissions: content:///com.rhomobile.macotec
W/ActivityManager(   78): No content provider found for permission revoke: content:///com.rhomobile.macotec
I/APP     (  712): I 03/26/2013 17:41:38:777 000002c8               Rhodes| Loading...
I/APP     (  712): I 03/26/2013 17:41:38:788 000002c8            RhodesApp| Trying to get free listening port.
I/APP     (  712): I 03/26/2013 17:41:38:790 000002c8            RhodesApp| Trying to bind of 8080 port...
I/APP     (  712): I 03/26/2013 17:41:38:795 000002c8            RhodesApp| Got port to bind on: 8080
I/APP     (  712): I 03/26/2013 17:41:38:798 000002c8            RhodesApp| Free listening port: 8080
I/APP     (  712): I 03/26/2013 17:41:38:812 000002dc         AppCallbacks| Starting main routine...
I/APP     (  712): I 03/26/2013 17:41:38:813 000002dc         AppCallbacks| ThreadQueue blocked for 4294967295 seconds...
I/APP     (  712): I 03/26/2013 17:41:38:849 000002c8        RhodesService| Push is disabled
I/APP     (  712): I 03/26/2013 17:41:38:851 000002c8            RhodesApp| callAppActiveCallback
I/APP     (  712): I 03/26/2013 17:41:38:854 000002c8         AppCallbacks| addCommand: APP-ACTIVATED
I/APP     (  712): I 03/26/2013 17:41:38:857 000002dc         AppCallbacks| Received command APP-ACTIVATED which is greater than expected (LOCAL-SERVER-STARTED) - postpone it
I/APP     (  712): I 03/26/2013 17:41:38:858 000002dc         AppCallbacks| ThreadQueue blocked for 4294967295 seconds...
I/APP     (  712): I 03/26/2013 17:41:38:863 000002c8         AppActivated| Cannot commit now, application will be activated when started.
I/APP     (  712): I 03/26/2013 17:41:38:866 000002c8    RhodesApplication| New AppState: Undefined
D/RhodesService(  712): +++ onStartCommand
I/RhodesService(  712): handleCommand: startId=1, source=com.rhomobile.rhodes.BaseActivity
I/APP     (  712): I 03/26/2013 17:41:38:880 000002de            RhodesApp| Starting RhodesApp main routine...
D/RhodesService(  712): New activity was created
I/APP     (  712): I 03/26/2013 17:41:38:902 000002c8        RhodesService| onBind
I/APP     (  712): I 03/26/2013 17:41:38:922 000002c8         AppCallbacks| addCommand: UI-CREATED
I/APP     (  712): I 03/26/2013 17:41:38:931 000002dc         AppCallbacks| Received command UI-CREATED which is greater than expected (LOCAL-SERVER-STARTED) - postpone it
I/APP     (  712): I 03/26/2013 17:41:38:932 000002dc         AppCallbacks| ThreadQueue blocked for 4294967295 seconds...
V/PhoneStatusBar(  135): setLightsOn(true)
I/Process (   78): Sending signal. PID: 712 SIG: 3
I/dalvikvm(  712): threadid=3: reacting to signal 3
I/dalvikvm(  712): Wrote stack traces to '/data/anr/traces.txt'
I/APP     (  712): I 03/26/2013 17:41:39:043 000002c8       RhodesActivity| onServiceConnected: {com.rhomobile.macotec/com.rhomobile.rhodes.RhodesService}
I/APP     (  712): I 03/26/2013 17:41:39:045 000002c8       RhodesActivity| New start parameters: 
I/APP     (  712): I 03/26/2013 17:41:39:055 000002c8            RhodesApp| New start params: 
D/gralloc_goldfish(  712): Emulator without GPU emulation detected.
I/ActivityManager(   78): Displayed com.rhomobile.macotec/com.rhomobile.rhodes.RhodesActivity: +2s558ms
I/APP     (  712): I 03/26/2013 17:41:39:604 000002de              RhoRuby| Init_RhoBlobs: /data/data/com.rhomobile.macotec/rhodata/db/db-files
I/APP     (  712): I 03/26/2013 17:41:39:675 000002de              RhoRuby| require_compiled: rhoframework
I/APP     (  712): I 03/26/2013 17:41:39:711 000002de              RhoRuby| require_compiled: rational
I/APP     (  712): I 03/26/2013 17:41:39:722 000002de              RhoRuby| require_compiled: rhom/rhom_db_adapter
I/APP     (  712): I 03/26/2013 17:41:39:770 000002de              RhoRuby| require_compiled: rhodes
I/APP     (  712): I 03/26/2013 17:41:39:783 000002de              RhoRuby| require_compiled: rhom/rhom_object
W/NetworkManagementSocketTagger(   78): setKernelCountSet(10009, 0) failed with errno -2
I/APP     (  712): I 03/26/2013 17:41:39:801 000002de              RhoRuby| require_compiled: rhofsconnector
I/APP     (  712): I 03/26/2013 17:41:39:813 000002de              RhoRuby| require_compiled: rho/rhofsconnector
I/APP     (  712): I 03/26/2013 17:41:39:834 000002de              RhoRuby| require_compiled: rhom/rhom_object_factory
I/APP     (  712): I 03/26/2013 17:41:39:986 000002de              RhoRuby| require_compiled: rhom/rhom
I/APP     (  712): I 03/26/2013 17:41:40:022 000002de              RhoRuby| require_compiled: rhom/rhom_model
I/APP     (  712): I 03/26/2013 17:41:40:067 000002de              RhoRuby| require_compiled: rhom
I/APP     (  712): I 03/26/2013 17:41:40:072 000002de              RhoRuby| require_compiled: rho/rhoapplication
I/APP     (  712): I 03/26/2013 17:41:40:118 000002de              RhoRuby| require_compiled: rholang/localization_simplified
I/APP     (  712): I 03/26/2013 17:41:40:252 000002de              RhoRuby| require_compiled: rho/rhomsg
I/APP     (  712): I 03/26/2013 17:41:40:322 000002de              RhoRuby| require_compiled: rho/rhotabbar
I/APP     (  712): I 03/26/2013 17:41:40:438 000002de              RhoRuby| require_compiled: rho/rhotoolbar
I/APP     (  712): I 03/26/2013 17:41:40:572 000002de                  APP| Current locale: ; Country code: 
I/APP     (  712): I 03/26/2013 17:41:40:661 000002de                  APP| Locilized file: /data/data/com.rhomobile.macotec/rhodata/lib/rholang/lang_
I/APP     (  712): I 03/26/2013 17:41:40:696 000002de              RhoRuby| require_compiled: /data/data/com.rhomobile.macotec/rhodata/lib/rholang/lang_en
I/APP     (  712): I 03/26/2013 17:41:40:814 000002de                  APP| Locilized file: /data/data/com.rhomobile.macotec/rhodata/apps/app/lang/lang_
I/APP     (  712): I 03/26/2013 17:41:40:860 000002de              RhoRuby| require_compiled: /data/data/com.rhomobile.macotec/rhodata/apps/app/lang/lang_en
I/APP     (  712): I 03/26/2013 17:41:40:961 000002de                  APP| Locilized file: /data/data/com.rhomobile.macotec/rhodata/lib/rholang/rhoerror_
I/APP     (  712): I 03/26/2013 17:41:41:003 000002de              RhoRuby| require_compiled: /data/data/com.rhomobile.macotec/rhodata/lib/rholang/rhoerror_en
I/APP     (  712): I 03/26/2013 17:41:41:169 000002de                  APP| Locilized file: /data/data/com.rhomobile.macotec/rhodata/lib/rholang/rhomsg_
I/APP     (  712): I 03/26/2013 17:41:41:207 000002de              RhoRuby| require_compiled: /data/data/com.rhomobile.macotec/rhodata/lib/rholang/rhomsg_en
I/APP     (  712): I 03/26/2013 17:41:41:374 000002de              RhoRuby| require_compiled: indifferent_access
I/APP     (  712): I 03/26/2013 17:41:41:605 000002de              RhoRuby| require_compiled: rho/rhosupport
I/APP     (  712): I 03/26/2013 17:41:42:064 000002de              RhoRuby| require_compiled: rho/rhocontroller
I/APP     (  712): I 03/26/2013 17:41:42:176 000002de              RhoRuby| require_compiled: rho/render
I/APP     (  712): I 03/26/2013 17:41:42:360 000002de              RhoRuby| require_compiled: rho/rho
I/APP     (  712): I 03/26/2013 17:41:43:119 000002de              RhoRuby| require_compiled: rho/rhoerror
I/APP     (  712): I 03/26/2013 17:41:43:212 000002de              RhoRuby| require_compiled: rhom/rhom_source
I/APP     (  712): I 03/26/2013 17:41:43:442 000002de              RhoRuby| require_compiled: rho/rhoviewhelpers
I/APP     (  712): I 03/26/2013 17:41:43:631 000002de              RhoRuby| require_compiled: rho
I/APP     (  712): I 03/26/2013 17:41:43:676 000002de                  APP| RHO loaded
I/APP     (  712): I 03/26/2013 17:41:43:683 000002de                  APP| Calling RHO.initialize
I/APP     (  712): I 03/26/2013 17:41:43:757 000002de                  APP| model file: Device/device
I/APP     (  712): I 03/26/2013 17:41:43:793 000002de                  APP| model file: Settings/settings
I/APP     (  712): I 03/26/2013 17:41:43:802 000002de                  APP| model file: Image/image
I/APP     (  712): I 03/26/2013 17:41:43:841 000002de                  APP| model file: Product/product
I/APP     (  712): I 03/26/2013 17:41:43:848 000002de                  APP| model file: Request/request
I/APP     (  712): I 03/26/2013 17:41:43:916 000002de                   DB| Open DB: /data/data/com.rhomobile.macotec/rhodata/db/syncdbuser.sqlite
I/APP     (  712): I 03/26/2013 17:41:44:008 000002de          GeoLocation| Creating singleton instance.
I/APP     (  712): I 03/26/2013 17:41:44:012 000002de            RhodesApp| Starting sync engine...
I/APP     (  712): I 03/26/2013 17:41:44:051 000002de                 Sync| sync_poll_interval: 0
I/APP     (  712): I 03/26/2013 17:41:44:057 000002de                 Sync| syncserver: 
I/APP     (  712): I 03/26/2013 17:41:44:099 000002de                 Sync| bulksync_state: 0
I/APP     (  712): I 03/26/2013 17:41:44:105 000002de            RhodesApp| RhoRubyInitApp...
I/APP     (  712): I 03/26/2013 17:41:44:136 000002de                  APP| init_app
I/APP     (  712): I 03/26/2013 17:41:44:175 000002de              RhoRuby| require_compiled: application
I/APP     (  712): I 03/26/2013 17:41:44:221 000002de                 Sync| Set notification. Source ID: -1;Url :http://localhost:8080/app/Settings/sync_notify; Params: 
I/APP     (  712): I 03/26/2013 17:41:44:229 000002de           HttpServer| Start HTTP server
I/APP     (  712): I 03/26/2013 17:41:44:269 000002de           HttpServer| Listen for connections on port 8080
I/APP     (  712): I 03/26/2013 17:41:44:275 000002de         AppCallbacks| addCommand: LOCAL-SERVER-STARTED
I/APP     (  712): I 03/26/2013 17:41:44:297 000002dc         AppCallbacks| process command: LOCAL-SERVER-STARTED
I/APP     (  712): I 03/26/2013 17:41:44:307 000002dc RhodesAppActiveObserver| Ready
I/APP     (  712): I 03/26/2013 17:41:44:371 000002c8 AndroidFunctionality| Disable WebView zoom
I/APP     (  712): I 03/26/2013 17:41:44:391 000002c8 AndroidFunctionality| Set web plugins state 'OFF'
I/APP     (  712): I 03/26/2013 17:41:44:495 000002dc    RhodesApplication| New AppState: AppActivated
I/APP     (  712): I 03/26/2013 17:41:44:498 000002dc         AppCallbacks| process command: UI-CREATED
V/EmulatedCamera_Factory(   38): getCameraInfo: id = 0
V/EmulatedCamera_Camera(   38): getCameraInfo
V/EmulatedCamera_Factory(   38): getCameraInfo: id = 0
V/EmulatedCamera_Camera(   38): getCameraInfo
I/CameraService(   38): Opening camera 0
V/EmulatedCamera_Factory(   38): cameraDeviceOpen: id = 0
V/EmulatedCamera_Camera(   38): connectCamera
V/EmulatedCamera_FakeDevice(   38): connectDevice
V/EmulatedCamera_CallbackNotifier(   38): setCallbacks: 0x405954e9, 0x40595f9d, 0x40595f01, 0x40597359 (0x1c368)
V/EmulatedCamera_CallbackNotifier(   38): enableMessage: msg_type = 0x40d
V/EmulatedCamera_CallbackNotifier(   38):     CAMERA_MSG_ERROR
V/EmulatedCamera_CallbackNotifier(   38):     CAMERA_MSG_FOCUS
V/EmulatedCamera_CallbackNotifier(   38):     CAMERA_MSG_ZOOM
V/EmulatedCamera_CallbackNotifier(   38):     CAMERA_MSG_PREVIEW_METADATA
V/EmulatedCamera_CallbackNotifier(   38): **** Currently enabled messages:
V/EmulatedCamera_CallbackNotifier(   38):     CAMERA_MSG_ERROR
V/EmulatedCamera_CallbackNotifier(   38):     CAMERA_MSG_FOCUS
V/EmulatedCamera_CallbackNotifier(   38):     CAMERA_MSG_ZOOM
V/EmulatedCamera_CallbackNotifier(   38):     CAMERA_MSG_PREVIEW_METADATA
I/AwesomePlayer(   38): setDataSource_l('/system/media/audio/ui/camera_click.ogg')
I/APP     (  712): I 03/26/2013 17:41:45:194 000002de           HttpServer| Process URI: '/system/uicreated'
I/APP     (  712): I 03/26/2013 17:41:45:199 000002de                  APP| on_ui_created.navigate to start url: '/app'
I/APP     (  712): I 03/26/2013 17:41:45:287 000002dc         AppCallbacks| process command: APP-ACTIVATED
I/APP     (  712): I 03/26/2013 17:41:45:329 000002de           HttpServer| Process URI: '/system/activateapp'
I/APP     (  712): I 03/26/2013 17:41:45:343 000002dc         AppCallbacks| ThreadQueue blocked for 4294967295 seconds...
I/AwesomePlayer(   38): setDataSource_l('/system/media/audio/ui/VideoRecord.ogg')
V/EmulatedCamera_CallbackNotifier(   38): disableMessage: msg_type = 0x10
V/EmulatedCamera_CallbackNotifier(   38):     CAMERA_MSG_PREVIEW_FRAME
V/EmulatedCamera_CallbackNotifier(   38): **** Currently enabled messages:
V/EmulatedCamera_CallbackNotifier(   38):     CAMERA_MSG_ERROR
V/EmulatedCamera_CallbackNotifier(   38):     CAMERA_MSG_FOCUS
V/EmulatedCamera_CallbackNotifier(   38):     CAMERA_MSG_ZOOM
V/EmulatedCamera_CallbackNotifier(   38):     CAMERA_MSG_PREVIEW_METADATA
V/EmulatedCamera_CallbackNotifier(   38): disableMessage: msg_type = 0xffff
V/EmulatedCamera_CallbackNotifier(   38):     CAMERA_MSG_ERROR
V/EmulatedCamera_CallbackNotifier(   38):     CAMERA_MSG_SHUTTER
V/EmulatedCamera_CallbackNotifier(   38):     CAMERA_MSG_FOCUS
V/EmulatedCamera_CallbackNotifier(   38):     CAMERA_MSG_ZOOM
V/EmulatedCamera_CallbackNotifier(   38):     CAMERA_MSG_PREVIEW_FRAME
V/EmulatedCamera_CallbackNotifier(   38):     CAMERA_MSG_VIDEO_FRAME
V/EmulatedCamera_CallbackNotifier(   38):     CAMERA_MSG_POSTVIEW_FRAME
V/EmulatedCamera_CallbackNotifier(   38):     CAMERA_MSG_RAW_IMAGE
V/EmulatedCamera_CallbackNotifier(   38):     CAMERA_MSG_COMPRESSED_IMAGE
V/EmulatedCamera_CallbackNotifier(   38):     CAMERA_MSG_RAW_IMAGE_NOTIFY
V/EmulatedCamera_CallbackNotifier(   38):     CAMERA_MSG_PREVIEW_METADATA
V/EmulatedCamera_CallbackNotifier(   38): **** Currently enabled messages:
V/EmulatedCamera_Camera(   38): doStopPreview
V/EmulatedCamera_Camera(   38): cancelPicture
V/EmulatedCamera_Camera(   38): releaseCamera
V/EmulatedCamera_Camera(   38): doStopPreview
V/EmulatedCamera_FakeDevice(   38): disconnectDevice
I/CameraService(   38): Destroying camera 0
V/EmulatedCamera_Camera(   38): closeCamera
V/EmulatedCamera_Camera(   38): doStopPreview
W/AudioFlinger(   38): session id 7 not found for pid 38
V/EmulatedCamera_Factory(   38): getCameraInfo: id = 0
V/EmulatedCamera_Camera(   38): getCameraInfo
I/APP     (  712): I 03/26/2013 17:41:46:192 000002c8         SplashScreen| navigate: url=http://localhost:8080/app
I/APP     (  712): I 03/26/2013 17:41:46:273 000002c8         SplashScreen| DELAY for SplashScreen = 0
W/AudioFlinger(   38): session id 8 not found for pid 38
I/APP     (  712): I 03/26/2013 17:41:46:533 000002c8        GoogleWebView| Creating new RhoWebChromeClient
I/APP     (  712): I 03/26/2013 17:41:46:592 000002c8       SimpleMainView| Cleared URL: http://localhost:8080/app
V/SimpleMainView.View(  712): ms[1364316106680]  Main Window :: onSizeChanged() old [ 480 x 762 ]  new [ 0 x 0 ]
I/APP     (  712): I 03/26/2013 17:41:46:939 000002c8        GoogleWebView| Setting RhoWebChromeClient
I/APP     (  712): I 03/26/2013 17:41:47:194 000002de           HttpServer| Process URI: '/app'
I/APP     (  712): I 03/26/2013 17:41:47:343 000002c8     RhoWebViewClient| Loading URL: http://localhost:8080/app/index_erb.iseq
I/APP     (  712): I 03/26/2013 17:41:47:466 000002de           HttpServer| Process URI: '/app/index_erb.iseq'
I/APP     (  712): I 03/26/2013 17:41:47:525 000002de                  APP| RHO serve_index: /app/index_erb.iseq
I/APP     (  712): I 03/26/2013 17:41:47:574 000002de RHO Rho::RhoController| inst_render_index
I/APP     (  712): I 03/26/2013 17:41:47:853 000002de RHO Rho::RhoController| index layout
I/APP     (  712): I 03/26/2013 17:41:48:569 000002de           HttpServer| GC Start.
I/APP     (  712): I 03/26/2013 17:41:49:233 000002de           HttpServer| GC End.
I/APP     (  712): I 03/26/2013 17:41:50:396 000002de           HttpServer| Process URI: '/public/js/request.js'
I/APP     (  712): I 03/26/2013 17:41:50:643 000002de           HttpServer| Process URI: '/public/jquery/jquery-1.6.4.min.js'
I/APP     (  712): I 03/26/2013 17:41:50:804 000002de           HttpServer| Process URI: '/public/jquery/jquery.json-2.3.min.js'
I/APP     (  712): I 03/26/2013 17:41:50:905 000002de           HttpServer| Process URI: '/public/jqmobile/jquery.mobile-1.0.1.min.css'
I/APP     (  712): I 03/26/2013 17:41:51:115 000002de           HttpServer| Process URI: '/public/css/jqmobile-patch.css'
I/APP     (  712): I 03/26/2013 17:41:51:194 000002de           HttpServer| Process URI: '/public/jqmobile/jquery.mobile-1.0.1.min.js'
I/APP     (  712): I 03/26/2013 17:41:51:407 000002de           HttpServer| Process URI: '/public/js/jqmobile-patch.js'
I/APP     (  712): I 03/26/2013 17:41:51:498 000002de           HttpServer| Process URI: '/public/css/macotec_style.css'
I/APP     (  712): I 03/26/2013 17:42:00:001 000002de           HttpServer| Process URI: '/public/images/macotec/logo.png'
I/APP     (  712): I 03/26/2013 17:42:01:481 000002de           HttpServer| Process URI: '/public/images/macotec/request_top.png'
I/APP     (  712): I 03/26/2013 17:42:01:551 000002de           HttpServer| Process URI: '/public/images/macotec/contact_png.png'
I/APP     (  712): I 03/26/2013 17:42:01:594 000002de           HttpServer| Process URI: '/public/images/macotec/products_png.png'
I/APP     (  712): I 03/26/2013 17:42:01:645 000002de           HttpServer| Process URI: '/public/images/macotec/info_png.png'
I/APP     (  712): I 03/26/2013 17:42:01:666 000002de           HttpServer| Process URI: '/public/images/macotec/attention.png'
W/ThrottleService(   78): unable to find stats for iface rmnet0
W/webview (  712): Stale touch event ACTION_DOWN received from webcore; ignoring
I/APP     (  712): I 03/26/2013 17:42:09:940 000002de           HttpServer| Process URI: '/app/Product/get_catalog_data'
I/APP     (  712): I 03/26/2013 17:42:09:947 000002de                  APP| RHO serve: /app/Product/get_catalog_data
