I/APP     ( 2001): I 03/04/2013 18:32:14:288 000007e9                  APP| RHO serve: /app/Request/http_callback
I/APP     ( 2001): I 03/04/2013 18:32:14:294 000007e9                  APP| Params: {"rho_callback"=>"1", "status"=>"ok", "http_error"=>"200", "headers"=>{"User-Agent"=>"Mozilla-5.0 (ANDROID; unknown generic; 4.0.4)"}, "__rho_object"=>{"body"=>"0"}}
I/APP     ( 2001): I 03/04/2013 18:32:18:418 000007f8            AsyncHttp| ThreadQueue blocked for 4294967295 seconds...
I/APP     ( 2001): I 03/04/2013 18:32:18:394 000007d1       SimpleMainView| Cleared URL: http://localhost:8080/app/Request/submit_success?result=SUCCESS&message=
I/APP     ( 2001): I 03/04/2013 18:32:18:497 000007e9           HttpServer| GC Start.
I/APP     ( 2001): I 03/04/2013 18:32:19:044 000007e9           HttpServer| GC End.
I/APP     ( 2001): I 03/04/2013 18:32:19:118 000007e9           HttpServer| Process URI: '/app/Request/submit_success'
I/APP     ( 2001): I 03/04/2013 18:32:19:201 000007e9                  APP| RHO serve: /app/Request/submit_success
I/APP     ( 2001): I 03/04/2013 18:32:19:335 000007e9                  APP| Params: {"result"=>"SUCCESS", "message"=>""}
I/APP     ( 2001): I 03/04/2013 18:32:19:704 000007e9 RHO RequestController| Layout file: /data/data/com.rhomobile.macotec/rhodata/apps/app/layout_erb.iseq. Content size: 3150
I/APP     ( 2001): I 03/04/2013 18:32:19:880 000007e9           HttpServer| GC Start.
I/APP     ( 2001): I 03/04/2013 18:32:20:094 000007e9           HttpServer| GC End.
I/APP     ( 2001): I 03/04/2013 18:32:23:571 000007e9           HttpServer| Process URI: '/public/images/macotec/success.png'
W/webview ( 2001): Stale touch event ACTION_DOWN received from webcore; ignoring
I/APP     ( 2001): I 03/04/2013 18:33:43:042 000007d1       SimpleMainView| Cleared URL: http://localhost:8080/app
I/APP     ( 2001): I 03/04/2013 18:33:43:271 000007d1     RhoWebViewClient| Loading URL: http://localhost:8080/app/index_erb.iseq
I/APP     ( 2001): I 03/04/2013 18:33:43:621 000007e9           HttpServer| Process URI: '/app/index_erb.iseq'
I/APP     ( 2001): I 03/04/2013 18:33:43:783 000007e9                  APP| RHO serve_index: /app/index_erb.iseq
I/APP     ( 2001): I 03/04/2013 18:33:43:914 000007e9 RHO Rho::RhoController| inst_render_index
I/APP     ( 2001): I 03/04/2013 18:33:44:191 000007e9 RHO Rho::RhoController| index layout
I/APP     ( 2001): I 03/04/2013 18:33:44:318 000007e9           HttpServer| GC Start.
I/APP     ( 2001): I 03/04/2013 18:33:44:365 000007e9           HttpServer| GC End.
I/APP     ( 2001): I 03/04/2013 18:33:47:971 000007e9           HttpServer| Process URI: '/app/Request/request'
I/APP     ( 2001): I 03/04/2013 18:33:47:976 000007e9                  APP| RHO serve: /app/Request/request
I/APP     ( 2001): I 03/04/2013 18:33:48:122 000007e9           HttpServer| GC Start.
I/APP     ( 2001): I 03/04/2013 18:33:48:194 000007e9           HttpServer| GC End.
I/APP     ( 2001): I 03/04/2013 18:33:50:480 000007e9           HttpServer| Process URI: '/app/Request/request_project'
I/APP     ( 2001): I 03/04/2013 18:33:50:484 000007e9                  APP| RHO serve: /app/Request/request_project
I/APP     ( 2001): I 03/04/2013 18:33:50:735 000007e9           HttpServer| GC Start.
I/APP     ( 2001): I 03/04/2013 18:33:50:820 000007e9           HttpServer| GC End.
I/APP     ( 2001): I 03/04/2013 18:33:55:899 000007e9           HttpServer| Process URI: '/app/Request/choose_existing'
I/APP     ( 2001): I 03/04/2013 18:33:55:904 000007e9                  APP| RHO serve: /app/Request/choose_existing
I/APP     ( 2001): I 03/04/2013 18:33:55:968 000007e9           HttpServer| GC Start.
I/APP     ( 2001): I 03/04/2013 18:33:56:170 000007e9           HttpServer| GC End.
I/ActivityManager(   86): START {cmp=com.rhomobile.macotec/com.rhomobile.rhodes.camera.FileList (has extras)} from pid 2001
W/WindowManager(   86): Failure taking screenshot for (180x300) to layer 21010
I/APP     ( 2001): I 03/04/2013 18:33:57:869 000007d1 AndroidFunctionality| Pause WebView
I/APP     ( 2001): I 03/04/2013 18:33:57:939 000007d1       RhodesActivity| onPause
I/APP     ( 2001): I 03/04/2013 18:33:58:243 000007e9           HttpServer| Process URI: '/system/uidestroyed'
W/ActivityManager(   86): Activity pause timeout for ActivityRecord{41487490 com.rhomobile.macotec/com.rhomobile.rhodes.RhodesActivity}
I/Process (   86): Sending signal. PID: 2001 SIG: 3
I/dalvikvm( 2001): threadid=3: reacting to signal 3
I/APP     ( 2001): I 03/04/2013 18:33:58:583 000007d1    RhodesApplication| New UiState: MainActivityPaused
I/dalvikvm( 2001): Wrote stack traces to '/data/anr/traces.txt'
I/Process (   86): Sending signal. PID: 2001 SIG: 3
I/dalvikvm( 2001): threadid=3: reacting to signal 3
I/dalvikvm( 2001): Wrote stack traces to '/data/anr/traces.txt'
I/Process (   86): Sending signal. PID: 2001 SIG: 3
I/dalvikvm( 2001): threadid=3: reacting to signal 3
I/dalvikvm( 2001): Wrote stack traces to '/data/anr/traces.txt'
D/RhodesService( 2001): +++ onStartCommand
I/RhodesService( 2001): handleCommand: startId=3, source=com.rhomobile.rhodes.BaseActivity
D/RhodesService( 2001): New activity was created
I/Process (   86): Sending signal. PID: 2001 SIG: 3
I/dalvikvm( 2001): threadid=3: reacting to signal 3
I/dalvikvm( 2001): Wrote stack traces to '/data/anr/traces.txt'
V/PhoneStatusBar(  141): setLightsOn(true)
I/Process (   86): Sending signal. PID: 2001 SIG: 3
I/dalvikvm( 2001): threadid=3: reacting to signal 3
I/dalvikvm( 2001): Wrote stack traces to '/data/anr/traces.txt'
I/ActivityManager(   86): Displayed com.rhomobile.macotec/com.rhomobile.rhodes.camera.FileList: +2s661ms
I/APP     ( 2001): I 03/04/2013 18:34:01:960 000007d1       RhodesActivity| onStop
I/APP     ( 2001): I 03/04/2013 18:34:02:990 000007d1             FileList| Selected file: /mnt/sdcard/DCIM/Camera/1362145665714.jpg
I/APP     ( 2001): I 03/04/2013 18:34:03:888 000007e9           HttpServer| Process URI: '/app/Request/choose_existing_callback'
I/APP     ( 2001): I 03/04/2013 18:34:03:890 000007e9                  APP| RHO serve: /app/Request/choose_existing_callback
I/APP     ( 2001): I 03/04/2013 18:34:03:924 000007e9                  APP| Params: {"rho_callback"=>"1", "status"=>"ok", "image_uri"=>"db/db-files/1362145665714.jpg"}
I/APP     ( 2001): I 03/04/2013 18:34:03:955 000007e9           HttpServer| GC Start.
W/WindowManager(   86): Failure taking screenshot for (180x300) to layer 21015
I/APP     ( 2001): I 03/04/2013 18:34:03:991 000007d1       SimpleMainView| Cleared URL: javascript:showImage("/data/data/com.rhomobile.macotec/rhodata/db/db-files/1362145665714.jpg");
I/APP     ( 2001): I 03/04/2013 18:34:04:088 000007d1       RhodesActivity| onStart
I/APP     ( 2001): I 03/04/2013 18:34:04:092 000007d1    RhodesApplication| New UiState: MainActivityStarted
I/APP     ( 2001): I 03/04/2013 18:34:04:131 000007d1       RhodesActivity| onResume
I/APP     ( 2001): I 03/04/2013 18:34:04:134 000007d1 AndroidFunctionality| Resume WebView
V/PhoneStatusBar(  141): setLightsOn(true)
I/APP     ( 2001): I 03/04/2013 18:34:04:211 000007e9           HttpServer| GC End.
I/APP     ( 2001): I 03/04/2013 18:34:04:240 000007e9           HttpServer| Process URI: '/data/data/com.rhomobile.macotec/rhodata/db/db-files/1362145665714.jpg'
D/dalvikvm(   86): GC_CONCURRENT freed 405K, 15% free 11327K/13255K, paused 7ms+28ms
I/Process (   86): Sending signal. PID: 2001 SIG: 3
I/dalvikvm( 2001): threadid=3: reacting to signal 3
I/dalvikvm( 2001): Wrote stack traces to '/data/anr/traces.txt'
I/APP     ( 2001): I 03/04/2013 18:34:09:177 000007e9           HttpServer| Process URI: '/app/Request/submit_request_project'
I/APP     ( 2001): I 03/04/2013 18:34:09:179 000007e9                  APP| RHO serve: /app/Request/submit_request_project
I/APP     ( 2001): I 03/04/2013 18:34:09:207 000007e9                  APP| Params: {"project_number"=>"", "information"=>"", "hiddenImagePath"=>"/data/data/com.rhomobile.macotec/rhodata/db/db-files/1362145665714.jpg", "company"=>"Hasenbert", "phone"=>"0304987987", "email"=>"erwin@hasenbert.de"}
I/APP     ( 2001): I 03/04/2013 18:34:09:239 000007e9            AsyncHttp| addCommand: Upload
I/APP     ( 2001): I 03/04/2013 18:34:09:243 000007f8                  Net| POST request (Push): http://www.datenloft.com/macotec/send_request_project_test.php
I/APP     ( 2001): I 03/04/2013 18:34:09:318 000007e9           HttpServer| GC Start.
I/APP     ( 2001): I 03/04/2013 18:34:09:370 000007e9           HttpServer| GC End.
I/APP     ( 2001): I 03/04/2013 18:34:09:717 000007e9           HttpServer| Process URI: '/app/Request/http_callback'
I/APP     ( 2001): I 03/04/2013 18:34:09:719 000007e9                  APP| RHO serve: /app/Request/http_callback
I/APP     ( 2001): I 03/04/2013 18:34:09:746 000007e9                  APP| Params: {"rho_callback"=>"1", "status"=>"ok", "http_error"=>"200", "headers"=>{"User-Agent"=>"Mozilla-5.0 (ANDROID; unknown generic; 4.0.4)"}, "__rho_object"=>{"body"=>"0"}}
I/APP     ( 2001): I 03/04/2013 18:34:13:863 000007e9           HttpServer| GC Start.
I/APP     ( 2001): I 03/04/2013 18:34:13:848 000007f8            AsyncHttp| ThreadQueue blocked for 4294967295 seconds...
I/APP     ( 2001): I 03/04/2013 18:34:14:485 000007e9           HttpServer| GC End.
I/APP     ( 2001): I 03/04/2013 18:34:15:677 000007d1       SimpleMainView| Cleared URL: http://localhost:8080/app/Request/submit_success?result=SUCCESS&message=
I/APP     ( 2001): I 03/04/2013 18:34:15:836 000007e9           HttpServer| Process URI: '/app/Request/submit_success'
I/APP     ( 2001): I 03/04/2013 18:34:15:838 000007e9                  APP| RHO serve: /app/Request/submit_success
I/APP     ( 2001): I 03/04/2013 18:34:15:868 000007e9                  APP| Params: {"result"=>"SUCCESS", "message"=>""}
I/APP     ( 2001): I 03/04/2013 18:34:15:943 000007e9 RHO RequestController| Layout file: /data/data/com.rhomobile.macotec/rhodata/apps/app/layout_erb.iseq. Content size: 3150
I/APP     ( 2001): I 03/04/2013 18:34:15:986 000007e9           HttpServer| GC Start.
I/APP     ( 2001): I 03/04/2013 18:34:16:032 000007e9           HttpServer| GC End.
D/dalvikvm(  184): GC_CONCURRENT freed 384K, 6% free 9535K/10119K, paused 14ms+4ms
W/ThrottleService(   86): unable to find stats for iface rmnet0
I/APP     ( 2001): I 03/04/2013 18:35:52:583 000007d1       SimpleMainView| Cleared URL: http://localhost:8080/app
I/APP     ( 2001): I 03/04/2013 18:35:52:617 000007d1     RhoWebViewClient| Loading URL: http://localhost:8080/app/index_erb.iseq
I/APP     ( 2001): I 03/04/2013 18:35:52:659 000007e9           HttpServer| Process URI: '/app/index_erb.iseq'
I/APP     ( 2001): I 03/04/2013 18:35:52:665 000007e9                  APP| RHO serve_index: /app/index_erb.iseq
I/APP     ( 2001): I 03/04/2013 18:35:52:697 000007e9 RHO Rho::RhoController| inst_render_index
I/APP     ( 2001): I 03/04/2013 18:35:52:753 000007e9 RHO Rho::RhoController| index layout
I/APP     ( 2001): I 03/04/2013 18:35:52:831 000007e9           HttpServer| GC Start.
I/APP     ( 2001): I 03/04/2013 18:35:52:871 000007e9           HttpServer| GC End.
I/APP     ( 2001): I 03/04/2013 18:36:03:771 000007e9           HttpServer| Process URI: '/app/Request/request'
I/APP     ( 2001): I 03/04/2013 18:36:03:773 000007e9                  APP| RHO serve: /app/Request/request
I/APP     ( 2001): I 03/04/2013 18:36:03:870 000007e9           HttpServer| GC Start.
I/APP     ( 2001): I 03/04/2013 18:36:03:933 000007e9           HttpServer| GC End.
I/APP     ( 2001): I 03/04/2013 18:36:10:786 000007e9           HttpServer| Process URI: '/app/Request/request_project'
I/APP     ( 2001): I 03/04/2013 18:36:10:788 000007e9                  APP| RHO serve: /app/Request/request_project
I/APP     ( 2001): I 03/04/2013 18:36:11:005 000007e9           HttpServer| GC Start.
I/APP     ( 2001): I 03/04/2013 18:36:11:075 000007e9           HttpServer| GC End.
W/webview ( 2001): Stale touch event ACTION_DOWN received from webcore; ignoring
D/dalvikvm( 2001): GC_CONCURRENT freed 780K, 7% free 12790K/13703K, paused 5ms+15ms
W/CursorWrapperInner( 2001): Cursor finalized without prior close()
W/CursorWrapperInner( 2001): Cursor finalized without prior close()
I/APP     ( 2001): I 03/04/2013 18:36:17:021 000007e9           HttpServer| Process URI: '/app/Request/choose_existing'
I/APP     ( 2001): I 03/04/2013 18:36:17:023 000007e9                  APP| RHO serve: /app/Request/choose_existing
I/APP     ( 2001): I 03/04/2013 18:36:17:069 000007e9           HttpServer| GC Start.
I/APP     ( 2001): I 03/04/2013 18:36:17:129 000007e9           HttpServer| GC End.
I/ActivityManager(   86): START {cmp=com.rhomobile.macotec/com.rhomobile.rhodes.camera.FileList (has extras)} from pid 2001
W/WindowManager(   86): Failure taking screenshot for (180x300) to layer 21010
I/APP     ( 2001): I 03/04/2013 18:36:17:370 000007d1 AndroidFunctionality| Pause WebView
I/APP     ( 2001): I 03/04/2013 18:36:17:372 000007d1       RhodesActivity| onPause
I/APP     ( 2001): I 03/04/2013 18:36:17:408 000007e9           HttpServer| Process URI: '/system/uidestroyed'
I/APP     ( 2001): I 03/04/2013 18:36:17:415 000007d1    RhodesApplication| New UiState: MainActivityPaused
D/RhodesService( 2001): +++ onStartCommand
I/RhodesService( 2001): handleCommand: startId=4, source=com.rhomobile.rhodes.BaseActivity
D/RhodesService( 2001): New activity was created
V/PhoneStatusBar(  141): setLightsOn(true)
I/Process (   86): Sending signal. PID: 2001 SIG: 3
I/dalvikvm( 2001): threadid=3: reacting to signal 3
I/dalvikvm( 2001): Wrote stack traces to '/data/anr/traces.txt'
I/ActivityManager(   86): Displayed com.rhomobile.macotec/com.rhomobile.rhodes.camera.FileList: +726ms
I/APP     ( 2001): I 03/04/2013 18:36:18:412 000007d1       RhodesActivity| onStop
I/APP     ( 2001): I 03/04/2013 18:36:19:267 000007d1             FileList| Selected file: /mnt/sdcard/DCIM/Camera/1362147242082.jpg
I/APP     ( 2001): I 03/04/2013 18:36:20:013 000007e9           HttpServer| Process URI: '/app/Request/choose_existing_callback'
I/APP     ( 2001): I 03/04/2013 18:36:20:014 000007e9                  APP| RHO serve: /app/Request/choose_existing_callback
I/APP     ( 2001): I 03/04/2013 18:36:20:018 000007e9                  APP| Params: {"rho_callback"=>"1", "status"=>"ok", "image_uri"=>"db/db-files/1362147242082.jpg"}
I/APP     ( 2001): I 03/04/2013 18:36:20:051 000007e9           HttpServer| GC Start.
W/WindowManager(   86): Failure taking screenshot for (180x300) to layer 21015
I/APP     ( 2001): I 03/04/2013 18:36:20:100 000007d1       SimpleMainView| Cleared URL: javascript:showImage("/data/data/com.rhomobile.macotec/rhodata/db/db-files/1362147242082.jpg");
I/APP     ( 2001): I 03/04/2013 18:36:20:192 000007d1       RhodesActivity| onStart
I/APP     ( 2001): I 03/04/2013 18:36:20:216 000007e9           HttpServer| GC End.
I/APP     ( 2001): I 03/04/2013 18:36:20:219 000007e9           HttpServer| Process URI: '/data/data/com.rhomobile.macotec/rhodata/db/db-files/1362147242082.jpg'
I/APP     ( 2001): I 03/04/2013 18:36:20:226 000007d1    RhodesApplication| New UiState: MainActivityStarted
I/APP     ( 2001): I 03/04/2013 18:36:20:249 000007d1       RhodesActivity| onResume
I/APP     ( 2001): I 03/04/2013 18:36:20:254 000007d1 AndroidFunctionality| Resume WebView
V/PhoneStatusBar(  141): setLightsOn(true)
I/Process (   86): Sending signal. PID: 2001 SIG: 3
I/dalvikvm( 2001): threadid=3: reacting to signal 3
I/dalvikvm( 2001): Wrote stack traces to '/data/anr/traces.txt'
I/APP     ( 2001): I 03/04/2013 18:36:25:335 000007e9           HttpServer| Process URI: '/app/Request/submit_request_project'
I/APP     ( 2001): I 03/04/2013 18:36:25:338 000007e9                  APP| RHO serve: /app/Request/submit_request_project
I/APP     ( 2001): I 03/04/2013 18:36:25:375 000007e9                  APP| Params: {"project_number"=>"", "information"=>"", "hiddenImagePath"=>"/data/data/com.rhomobile.macotec/rhodata/db/db-files/1362147242082.jpg", "company"=>"Hasenbert", "phone"=>"0304987987", "email"=>"erwin@hasenbert.de"}
I/APP     ( 2001): I 03/04/2013 18:36:25:400 000007e9            AsyncHttp| addCommand: Upload
I/APP     ( 2001): I 03/04/2013 18:36:25:424 000007f8                  Net| POST request (Push): http://www.datenloft.com/macotec/send_request_project_test.php
I/APP     ( 2001): I 03/04/2013 18:36:25:512 000007e9           HttpServer| GC Start.
I/APP     ( 2001): I 03/04/2013 18:36:25:606 000007e9           HttpServer| GC End.
I/APP     ( 2001): I 03/04/2013 18:36:25:812 000007e9           HttpServer| Process URI: '/app/Request/http_callback'
I/APP     ( 2001): I 03/04/2013 18:36:25:814 000007e9                  APP| RHO serve: /app/Request/http_callback
I/APP     ( 2001): I 03/04/2013 18:36:25:843 000007e9                  APP| Params: {"rho_callback"=>"1", "status"=>"ok", "http_error"=>"200", "headers"=>{"User-Agent"=>"Mozilla-5.0 (ANDROID; unknown generic; 4.0.4)"}, "__rho_object"=>{"body"=>"0"}}
I/APP     ( 2001): I 03/04/2013 18:36:29:889 000007d1       SimpleMainView| Cleared URL: http://localhost:8080/app/Request/submit_success?result=SUCCESS&message=
I/APP     ( 2001): I 03/04/2013 18:36:30:039 000007f8            AsyncHttp| ThreadQueue blocked for 4294967295 seconds...
I/APP     ( 2001): I 03/04/2013 18:36:30:069 000007e9           HttpServer| GC Start.
I/APP     ( 2001): I 03/04/2013 18:36:30:419 000007e9           HttpServer| GC End.
I/APP     ( 2001): I 03/04/2013 18:36:30:997 000007e9           HttpServer| Process URI: '/app/Request/submit_success'
I/APP     ( 2001): I 03/04/2013 18:36:31:075 000007e9                  APP| RHO serve: /app/Request/submit_success
I/APP     ( 2001): I 03/04/2013 18:36:31:168 000007e9                  APP| Params: {"result"=>"SUCCESS", "message"=>""}
I/APP     ( 2001): I 03/04/2013 18:36:31:615 000007e9 RHO RequestController| Layout file: /data/data/com.rhomobile.macotec/rhodata/apps/app/layout_erb.iseq. Content size: 3150
I/APP     ( 2001): I 03/04/2013 18:36:31:752 000007e9           HttpServer| GC Start.
I/APP     ( 2001): I 03/04/2013 18:36:32:005 000007e9           HttpServer| GC End.
D/AndroidRuntime( 2051): 
D/AndroidRuntime( 2051): >>>>>> AndroidRuntime START com.android.internal.os.RuntimeInit <<<<<<
D/AndroidRuntime( 2051): CheckJNI is ON
D/AndroidRuntime( 2051): Calling main entry com.android.commands.pm.Pm
W/ActivityManager(   86): No content provider found for permission revoke: file:///data/local/tmp/MacoTec-debug.apk
W/ActivityManager(   86): No content provider found for permission revoke: file:///data/local/tmp/MacoTec-debug.apk
D/dalvikvm(   86): GC_CONCURRENT freed 375K, 14% free 11421K/13255K, paused 23ms+36ms
D/dalvikvm(   86): GC_CONCURRENT freed 291K, 13% free 11624K/13255K, paused 6ms+8ms
D/dalvikvm(   86): GC_CONCURRENT freed 469K, 12% free 11724K/13255K, paused 10ms+10ms
D/dalvikvm(   86): GC_CONCURRENT freed 582K, 12% free 11725K/13255K, paused 8ms+17ms
D/dalvikvm(   86): GC_CONCURRENT freed 576K, 12% free 11750K/13255K, paused 15ms+19ms
D/dalvikvm(   86): GC_CONCURRENT freed 626K, 12% free 11738K/13255K, paused 7ms+11ms
D/dalvikvm(   86): GC_CONCURRENT freed 582K, 12% free 11740K/13255K, paused 15ms+18ms
I/PackageManager(   86): Removing non-system package:com.rhomobile.macotec
I/ActivityManager(   86): Force stopping package com.rhomobile.macotec uid=10040
I/ActivityManager(   86): Killing proc 2001:com.rhomobile.macotec/10040: force stop
W/ActivityManager(   86): Force removing ActivityRecord{41487490 com.rhomobile.macotec/com.rhomobile.rhodes.RhodesActivity}: app died, no saved state
W/NetworkManagementSocketTagger(   86): setKernelCountSet(10040, 0) failed with errno -2
W/NetworkManagementSocketTagger(   86): setKernelCountSet(10009, 1) failed with errno -2
I/Process (   86): Sending signal. PID: 199 SIG: 3
I/dalvikvm(  199): threadid=3: reacting to signal 3
I/dalvikvm(  199): Wrote stack traces to '/data/anr/traces.txt'
I/WindowManager(   86): WIN DEATH: Window{41597df0 com.rhomobile.macotec/com.rhomobile.rhodes.RhodesActivity paused=false}
I/PackageManager(   86): Package com.rhomobile.macotec codePath changed from /data/app/com.rhomobile.macotec-2.apk to /data/app/com.rhomobile.macotec-1.apk; Retaining data and using new
D/dalvikvm(  199): GC_CONCURRENT freed 2832K, 22% free 17748K/22663K, paused 5ms+31ms
D/dalvikvm(  199): GC_FOR_ALLOC freed 409K, 18% free 18769K/22663K, paused 90ms
D/dalvikvm(  199): GC_CONCURRENT freed 34K, 9% free 20777K/22663K, paused 5ms+20ms
D/dalvikvm(  199): GC_FOR_ALLOC freed 3853K, 20% free 18363K/22855K, paused 55ms
I/PackageManager(   86): Running dexopt on: com.rhomobile.macotec
D/dalvikvm( 2062): DexOpt: load 94ms, verify+opt 534ms
W/PackageManager(   86): Code path for pkg : com.rhomobile.macotec changing from /data/app/com.rhomobile.macotec-2.apk to /data/app/com.rhomobile.macotec-1.apk
W/PackageManager(   86): Resource path for pkg : com.rhomobile.macotec changing from /data/app/com.rhomobile.macotec-2.apk to /data/app/com.rhomobile.macotec-1.apk
I/ActivityManager(   86): Force stopping package com.rhomobile.macotec uid=10040
D/PackageManager(   86): New package installed in /data/app/com.rhomobile.macotec-1.apk
D/dalvikvm(   86): GC_CONCURRENT freed 554K, 12% free 11772K/13255K, paused 11ms+12ms
I/ActivityManager(   86): Force stopping package com.rhomobile.macotec uid=10040
D/dalvikvm(  199): GC_EXPLICIT freed 1236K, 21% free 18230K/22855K, paused 3ms+7ms
D/dalvikvm(  184): GC_CONCURRENT freed 385K, 6% free 9534K/10119K, paused 4ms+4ms
D/dalvikvm(  235): GC_EXPLICIT freed 148K, 5% free 9389K/9799K, paused 3ms+4ms
D/dalvikvm(   86): GC_EXPLICIT freed 513K, 15% free 11286K/13255K, paused 5ms+8ms
D/PackageManager(   86): generateServicesMap(android.accounts.AccountAuthenticator): 2 services unchanged
D/PackageManager(   86): generateServicesMap(android.content.SyncAdapter): 4 services unchanged
D/BackupManagerService(   86): Received broadcast Intent { act=android.intent.action.PACKAGE_REMOVED dat=package:com.rhomobile.macotec flg=0x10000010 (has extras) }
I/AccountTypeManager(  323): Loaded meta-data for 1 account types, 0 accounts in 15ms(wall) 9ms(cpu)
D/PackageManager(   86): generateServicesMap(android.accounts.AccountAuthenticator): 2 services unchanged
D/PackageManager(   86): generateServicesMap(android.content.SyncAdapter): 4 services unchanged
D/BackupManagerService(   86): Received broadcast Intent { act=android.intent.action.PACKAGE_ADDED dat=package:com.rhomobile.macotec flg=0x10000010 (has extras) }
V/BackupManagerService(   86): updatePackageParticipantsLocked: #1
W/RecognitionManagerService(   86): no available voice recognition services found
I/AccountTypeManager(  323): Loaded meta-data for 1 account types, 0 accounts in 401ms(wall) 6ms(cpu)
D/BackupManagerService(   86): Received broadcast Intent { act=android.intent.action.PACKAGE_REPLACED dat=package:com.rhomobile.macotec flg=0x10000010 (has extras) }
V/BackupManagerService(   86): updatePackageParticipantsLocked: #1
D/dalvikvm(  199): GC_FOR_ALLOC freed 3497K, 29% free 16281K/22855K, paused 56ms
D/dalvikvm(   86): GC_EXPLICIT freed 445K, 14% free 11407K/13255K, paused 5ms+12ms
D/dalvikvm(  199): GC_FOR_ALLOC freed 424K, 24% free 17569K/22855K, paused 60ms
D/AndroidRuntime( 2051): Shutting down VM
D/dalvikvm( 2051): GC_CONCURRENT freed 97K, 79% free 450K/2048K, paused 1ms+1ms
I/AndroidRuntime( 2051): NOTE: attach of thread 'Binder Thread #3' failed
D/dalvikvm(  199): GC_FOR_ALLOC freed 3773K, 33% free 15369K/22855K, paused 90ms
D/dalvikvm(  199): GC_FOR_ALLOC freed 301K, 29% free 16418K/22855K, paused 120ms
D/dalvikvm(  199): GC_FOR_ALLOC freed 73K, 24% free 17588K/22855K, paused 99ms
D/AndroidRuntime( 2070): 
D/AndroidRuntime( 2070): >>>>>> AndroidRuntime START com.android.internal.os.RuntimeInit <<<<<<
D/AndroidRuntime( 2070): CheckJNI is ON
D/dalvikvm(  199): GC_FOR_ALLOC freed 1243K, 22% free 17972K/22855K, paused 100ms
D/dalvikvm(  199): GC_CONCURRENT freed 1731K, 21% free 18269K/22855K, paused 4ms+19ms
D/AndroidRuntime( 2070): Calling main entry com.android.commands.am.Am
I/ActivityManager(   86): START {act=android.intent.action.MAIN flg=0x10000000 cmp=com.rhomobile.macotec/com.rhomobile.rhodes.RhodesActivity} from pid 2070
W/WindowManager(   86): Failure taking screenshot for (180x300) to layer 21005
D/AndroidRuntime( 2070): Shutting down VM
D/dalvikvm( 2070): GC_CONCURRENT freed 97K, 77% free 479K/2048K, paused 0ms+1ms
I/AndroidRuntime( 2070): NOTE: attach of thread 'Binder Thread #3' failed
I/ActivityManager(   86): Start proc com.rhomobile.macotec for activity com.rhomobile.macotec/com.rhomobile.rhodes.RhodesActivity: pid=2081 uid=10040 gids={3003, 1006}
I/dalvikvm( 2081): Turning on JNI app bug workarounds for target SDK version 4...
W/NetworkManagementSocketTagger(   86): setKernelCountSet(10040, 1) failed with errno -2
I/Process (   86): Sending signal. PID: 2081 SIG: 3
I/dalvikvm( 2081): threadid=3: reacting to signal 3
I/dalvikvm( 2081): Wrote stack traces to '/data/anr/traces.txt'
D/dalvikvm( 2081): Trying to load lib /data/data/com.rhomobile.macotec/lib/librhodes.so 0x412a23c8
D/dalvikvm( 2081): Added shared lib /data/data/com.rhomobile.macotec/lib/librhodes.so 0x412a23c8
D/dalvikvm( 2081): Trying to load lib /data/data/com.rhomobile.macotec/lib/librhodes.so 0x412a23c8
D/dalvikvm( 2081): Shared lib '/data/data/com.rhomobile.macotec/lib/librhodes.so' already loaded in same CL 0x412a23c8
I/ActivityThread( 2081): Pub com.rhomobile.macotec: com.rhomobile.rhodes.LocalFileProvider
I/RhodesApplication( 2081): Initializing...
D/RhoFileApi( 2081): App root path: /data/data/com.rhomobile.macotec/rhodata/
D/RhoFileApi( 2081): Sqlite journals path: /data/data/com.rhomobile.macotec/sqlite_stmt_journals/
D/RhoFileApi( 2081): Shared path: /data/data/com.rhomobile.macotec/rhodata/
D/RhodesApplication( 2081): Root path: /data/data/com.rhomobile.macotec/rhodata/
I/RhodesApplication( 2081): Application hash was changed
D/RhoFileApi( 2081): Copy hash to FS
D/RhoFileApi( 2081): File hash copied
D/RhoFileApi( 2081): Copy rho.dat to FS
I/Process (   86): Sending signal. PID: 2081 SIG: 3
I/dalvikvm( 2081): threadid=3: reacting to signal 3
I/dalvikvm( 2081): Wrote stack traces to '/data/anr/traces.txt'
D/RhoFileApi( 2081): File rho.dat copied
D/RhoFileApi( 2081): Copy apps/rhoconfig.txt to FS
D/RhoFileApi( 2081): File apps/rhoconfig.txt copied
I/RhoFileApi( 2081): Opening stat table from FS: /data/data/com.rhomobile.macotec/rhodata/rho.dat
D/RhoFileApi( 2081): Copy apps/rhoconfig.txt to FS
D/RhoFileApi( 2081): File apps/rhoconfig.txt copied
D/RhoFileApi( 2081): App root path: /data/data/com.rhomobile.macotec/rhodata/
D/RhoFileApi( 2081): Sqlite journals path: /data/data/com.rhomobile.macotec/sqlite_stmt_journals/
D/RhoFileApi( 2081): Shared path: /data/data/com.rhomobile.macotec/rhodata/
I/APP     ( 2081): I 03/04/2013 18:41:19:524 00000821    RhodesApplication| Initialized
I/APP     ( 2081): I 03/04/2013 18:41:19:578 00000821         BaseActivity| New screen properties - width: 480, height: 800, orientation: 1
I/APP     ( 2081): I 03/04/2013 18:41:19:712 00000821         SplashScreen| Looking for start page source
I/Process (   86): Sending signal. PID: 2081 SIG: 3
I/dalvikvm( 2081): threadid=3: reacting to signal 3
I/dalvikvm( 2081): Wrote stack traces to '/data/anr/traces.txt'
D/dalvikvm( 2081): GC_CONCURRENT freed 297K, 5% free 9219K/9607K, paused 5ms+4ms
D/dalvikvm( 2081): GC_FOR_ALLOC freed 14K, 4% free 9231K/9607K, paused 29ms
I/dalvikvm-heap( 2081): Grow heap (frag case) to 12.150MB for 3217300-byte allocation
I/Process (   86): Sending signal. PID: 2081 SIG: 3
I/dalvikvm( 2081): threadid=3: reacting to signal 3
I/dalvikvm( 2081): Wrote stack traces to '/data/anr/traces.txt'
D/dalvikvm( 2081): GC_CONCURRENT freed 1K, 4% free 12371K/12807K, paused 3ms+4ms
I/APP     ( 2081): I 03/04/2013 18:41:20:604 00000821         SplashScreen| Done
I/APP     ( 2081): I 03/04/2013 18:41:20:608 00000821    RhodesApplication| New UiState: MainActivityCreated
I/APP     ( 2081): I 03/04/2013 18:41:20:639 00000821       RhodesActivity| onStart
I/APP     ( 2081): I 03/04/2013 18:41:20:643 00000821    RhodesApplication| New UiState: MainActivityStarted
I/APP     ( 2081): I 03/04/2013 18:41:20:661 00000821       RhodesActivity| onResume
I/APP     ( 2081): I 03/04/2013 18:41:20:678 00000821 AndroidFunctionality| Resume WebView
I/Process (   86): Sending signal. PID: 2081 SIG: 3
I/dalvikvm( 2081): threadid=3: reacting to signal 3
I/dalvikvm( 2081): Wrote stack traces to '/data/anr/traces.txt'
I/APP     ( 2081): I 03/04/2013 18:41:20:767 00000821        RhodesService| onCreate
I/APP     ( 2081): I 03/04/2013 18:41:20:770 00000821    LocalFileProvider| Revoke URI permissions: content:///com.rhomobile.macotec
W/ActivityManager(   86): No content provider found for permission revoke: content:///com.rhomobile.macotec
I/APP     ( 2081): I 03/04/2013 18:41:20:816 00000821               Rhodes| Loading...
I/APP     ( 2081): I 03/04/2013 18:41:20:817 00000821            RhodesApp| Trying to get free listening port.
I/APP     ( 2081): I 03/04/2013 18:41:20:818 00000821            RhodesApp| Trying to bind of 8080 port...
I/APP     ( 2081): I 03/04/2013 18:41:20:819 00000821            RhodesApp| Got port to bind on: 8080
I/APP     ( 2081): I 03/04/2013 18:41:20:820 00000821            RhodesApp| Free listening port: 8080
I/APP     ( 2081): I 03/04/2013 18:41:20:885 00000835         AppCallbacks| Starting main routine...
I/APP     ( 2081): I 03/04/2013 18:41:20:887 00000835         AppCallbacks| ThreadQueue blocked for 4294967295 seconds...
I/APP     ( 2081): I 03/04/2013 18:41:20:933 00000821        RhodesService| Push is disabled
I/APP     ( 2081): I 03/04/2013 18:41:20:936 00000821            RhodesApp| callAppActiveCallback
I/APP     ( 2081): I 03/04/2013 18:41:20:969 00000821         AppCallbacks| addCommand: APP-ACTIVATED
I/APP     ( 2081): I 03/04/2013 18:41:20:971 00000835         AppCallbacks| Received command APP-ACTIVATED which is greater than expected (LOCAL-SERVER-STARTED) - postpone it
I/APP     ( 2081): I 03/04/2013 18:41:20:972 00000835         AppCallbacks| ThreadQueue blocked for 4294967295 seconds...
I/APP     ( 2081): I 03/04/2013 18:41:20:994 00000821         AppActivated| Cannot commit now, application will be activated when started.
I/APP     ( 2081): I 03/04/2013 18:41:20:997 00000821    RhodesApplication| New AppState: Undefined
D/RhodesService( 2081): +++ onStartCommand
I/RhodesService( 2081): handleCommand: startId=1, source=com.rhomobile.rhodes.BaseActivity
I/APP     ( 2081): I 03/04/2013 18:41:21:009 00000837            RhodesApp| Starting RhodesApp main routine...
D/RhodesService( 2081): New activity was created
I/APP     ( 2081): I 03/04/2013 18:41:21:055 00000821        RhodesService| onBind
I/APP     ( 2081): I 03/04/2013 18:41:21:112 00000821         AppCallbacks| addCommand: UI-CREATED
I/APP     ( 2081): I 03/04/2013 18:41:21:116 00000835         AppCallbacks| Received command UI-CREATED which is greater than expected (LOCAL-SERVER-STARTED) - postpone it
I/APP     ( 2081): I 03/04/2013 18:41:21:117 00000835         AppCallbacks| ThreadQueue blocked for 4294967295 seconds...
V/PhoneStatusBar(  141): setLightsOn(true)
I/Process (   86): Sending signal. PID: 2081 SIG: 3
I/dalvikvm( 2081): threadid=3: reacting to signal 3
I/APP     ( 2081): I 03/04/2013 18:41:21:304 00000821       RhodesActivity| onServiceConnected: {com.rhomobile.macotec/com.rhomobile.rhodes.RhodesService}
I/APP     ( 2081): I 03/04/2013 18:41:21:307 00000821       RhodesActivity| New start parameters: 
I/APP     ( 2081): I 03/04/2013 18:41:21:342 00000821            RhodesApp| New start params: 
I/dalvikvm( 2081): Wrote stack traces to '/data/anr/traces.txt'
D/gralloc_goldfish( 2081): Emulator without GPU emulation detected.
I/ActivityManager(   86): Displayed com.rhomobile.macotec/com.rhomobile.rhodes.RhodesActivity: +3s682ms
I/APP     ( 2081): I 03/04/2013 18:41:21:884 00000837              RhoRuby| Init_RhoBlobs: /data/data/com.rhomobile.macotec/rhodata/db/db-files
I/APP     ( 2081): I 03/04/2013 18:41:21:918 00000837              RhoRuby| require_compiled: rhoframework
I/APP     ( 2081): I 03/04/2013 18:41:21:971 00000837              RhoRuby| require_compiled: rational
I/APP     ( 2081): I 03/04/2013 18:41:22:016 00000837              RhoRuby| require_compiled: rhom/rhom_db_adapter
I/APP     ( 2081): I 03/04/2013 18:41:22:124 00000837              RhoRuby| require_compiled: rhodes
I/APP     ( 2081): I 03/04/2013 18:41:22:159 00000837              RhoRuby| require_compiled: rhom/rhom_object
I/APP     ( 2081): I 03/04/2013 18:41:22:206 00000837              RhoRuby| require_compiled: rhofsconnector
I/APP     ( 2081): I 03/04/2013 18:41:22:232 00000837              RhoRuby| require_compiled: rho/rhofsconnector
I/APP     ( 2081): I 03/04/2013 18:41:22:286 00000837              RhoRuby| require_compiled: rhom/rhom_object_factory
W/InputManagerService(   86): Starting input on non-focused client com.android.internal.view.IInputMethodClient$Stub$Proxy@4159fab0 (uid=10009 pid=199)
I/APP     ( 2081): I 03/04/2013 18:41:22:686 00000837              RhoRuby| require_compiled: rhom/rhom
I/APP     ( 2081): I 03/04/2013 18:41:22:774 00000837              RhoRuby| require_compiled: rhom/rhom_model
I/APP     ( 2081): I 03/04/2013 18:41:22:823 00000837              RhoRuby| require_compiled: rhom
I/APP     ( 2081): I 03/04/2013 18:41:22:885 00000837              RhoRuby| require_compiled: rho/rhoapplication
I/APP     ( 2081): I 03/04/2013 18:41:22:933 00000837              RhoRuby| require_compiled: rholang/localization_simplified
I/APP     ( 2081): I 03/04/2013 18:41:22:975 00000837              RhoRuby| require_compiled: rho/rhomsg
W/NetworkManagementSocketTagger(   86): setKernelCountSet(10009, 0) failed with errno -2
I/APP     ( 2081): I 03/04/2013 18:41:23:021 00000837              RhoRuby| require_compiled: rho/rhotabbar
I/APP     ( 2081): I 03/04/2013 18:41:23:050 00000837              RhoRuby| require_compiled: rho/rhotoolbar
I/APP     ( 2081): I 03/04/2013 18:41:23:076 00000837                  APP| Current locale: ; Country code: 
I/APP     ( 2081): I 03/04/2013 18:41:23:081 00000837                  APP| Locilized file: /data/data/com.rhomobile.macotec/rhodata/lib/rholang/lang_
I/APP     ( 2081): I 03/04/2013 18:41:23:114 00000837              RhoRuby| require_compiled: /data/data/com.rhomobile.macotec/rhodata/lib/rholang/lang_en
I/APP     ( 2081): I 03/04/2013 18:41:23:149 00000837                  APP| Locilized file: /data/data/com.rhomobile.macotec/rhodata/apps/app/lang/lang_
I/APP     ( 2081): I 03/04/2013 18:41:23:153 00000837              RhoRuby| require_compiled: /data/data/com.rhomobile.macotec/rhodata/apps/app/lang/lang_en
I/APP     ( 2081): I 03/04/2013 18:41:23:193 00000837                  APP| Locilized file: /data/data/com.rhomobile.macotec/rhodata/lib/rholang/rhoerror_
I/APP     ( 2081): I 03/04/2013 18:41:23:196 00000837              RhoRuby| require_compiled: /data/data/com.rhomobile.macotec/rhodata/lib/rholang/rhoerror_en
I/APP     ( 2081): I 03/04/2013 18:41:23:235 00000837                  APP| Locilized file: /data/data/com.rhomobile.macotec/rhodata/lib/rholang/rhomsg_
I/APP     ( 2081): I 03/04/2013 18:41:23:238 00000837              RhoRuby| require_compiled: /data/data/com.rhomobile.macotec/rhodata/lib/rholang/rhomsg_en
I/APP     ( 2081): I 03/04/2013 18:41:23:275 00000837              RhoRuby| require_compiled: indifferent_access
I/APP     ( 2081): I 03/04/2013 18:41:23:313 00000837              RhoRuby| require_compiled: rho/rhosupport
I/APP     ( 2081): I 03/04/2013 18:41:23:370 00000837              RhoRuby| require_compiled: rho/rhocontroller
I/APP     ( 2081): I 03/04/2013 18:41:23:405 00000837              RhoRuby| require_compiled: rho/render
I/APP     ( 2081): I 03/04/2013 18:41:23:463 00000837              RhoRuby| require_compiled: rho/rho
I/APP     ( 2081): I 03/04/2013 18:41:23:636 00000837              RhoRuby| require_compiled: rho/rhoerror
I/APP     ( 2081): I 03/04/2013 18:41:23:659 00000837              RhoRuby| require_compiled: rhom/rhom_source
I/APP     ( 2081): I 03/04/2013 18:41:23:701 00000837              RhoRuby| require_compiled: rho/rhoviewhelpers
I/APP     ( 2081): I 03/04/2013 18:41:23:741 00000837              RhoRuby| require_compiled: rho
I/APP     ( 2081): I 03/04/2013 18:41:23:763 00000837                  APP| RHO loaded
I/APP     ( 2081): I 03/04/2013 18:41:23:766 00000837                  APP| Calling RHO.initialize
I/APP     ( 2081): I 03/04/2013 18:41:23:799 00000837                  APP| model file: Settings/settings
I/APP     ( 2081): I 03/04/2013 18:41:23:802 00000837                  APP| model file: Image/image
I/APP     ( 2081): I 03/04/2013 18:41:23:823 00000837                  APP| model file: Product/product
I/APP     ( 2081): I 03/04/2013 18:41:23:832 00000837                  APP| model file: Request/request
I/APP     ( 2081): I 03/04/2013 18:41:23:859 00000837                   DB| Open DB: /data/data/com.rhomobile.macotec/rhodata/db/syncdbuser.sqlite
I/APP     ( 2081): I 03/04/2013 18:41:23:888 00000837          GeoLocation| Creating singleton instance.
I/APP     ( 2081): I 03/04/2013 18:41:23:890 00000837            RhodesApp| Starting sync engine...
I/APP     ( 2081): I 03/04/2013 18:41:23:921 00000837                 Sync| sync_poll_interval: 0
I/APP     ( 2081): I 03/04/2013 18:41:23:923 00000837                 Sync| syncserver: 
I/APP     ( 2081): I 03/04/2013 18:41:23:944 00000837                 Sync| bulksync_state: 0
I/APP     ( 2081): I 03/04/2013 18:41:23:949 00000837            RhodesApp| RhoRubyInitApp...
I/APP     ( 2081): I 03/04/2013 18:41:23:969 00000837                  APP| init_app
I/APP     ( 2081): I 03/04/2013 18:41:23:972 00000837              RhoRuby| require_compiled: application
I/APP     ( 2081): I 03/04/2013 18:41:23:995 00000837                 Sync| Set notification. Source ID: -1;Url :http://localhost:8080/app/Settings/sync_notify; Params: 
I/APP     ( 2081): I 03/04/2013 18:41:24:011 00000837           HttpServer| Start HTTP server
I/APP     ( 2081): I 03/04/2013 18:41:24:024 00000837           HttpServer| Listen for connections on port 8080
I/APP     ( 2081): I 03/04/2013 18:41:24:028 00000837         AppCallbacks| addCommand: LOCAL-SERVER-STARTED
I/APP     ( 2081): I 03/04/2013 18:41:24:033 00000835         AppCallbacks| process command: LOCAL-SERVER-STARTED
I/APP     ( 2081): I 03/04/2013 18:41:24:035 00000835 RhodesAppActiveObserver| Ready
I/APP     ( 2081): I 03/04/2013 18:41:24:049 00000821 AndroidFunctionality| Disable WebView zoom
I/APP     ( 2081): I 03/04/2013 18:41:24:050 00000821 AndroidFunctionality| Set web plugins state 'OFF'
I/APP     ( 2081): I 03/04/2013 18:41:24:070 00000835    RhodesApplication| New AppState: AppActivated
I/APP     ( 2081): I 03/04/2013 18:41:24:082 00000835         AppCallbacks| process command: UI-CREATED
V/EmulatedCamera_Factory(   38): getCameraInfo: id = 0
V/EmulatedCamera_Camera(   38): getCameraInfo
V/EmulatedCamera_Factory(   38): getCameraInfo: id = 0
V/EmulatedCamera_Camera(   38): getCameraInfo
I/CameraService(   38): Opening camera 0
V/EmulatedCamera_Factory(   38): cameraDeviceOpen: id = 0
V/EmulatedCamera_Camera(   38): connectCamera
V/EmulatedCamera_FakeDevice(   38): connectDevice
V/EmulatedCamera_CallbackNotifier(   38): setCallbacks: 0x405954e9, 0x40595f9d, 0x40595f01, 0x40597359 (0x1e458)
V/EmulatedCamera_CallbackNotifier(   38): enableMessage: msg_type = 0x40d
V/EmulatedCamera_CallbackNotifier(   38):     CAMERA_MSG_ERROR
V/EmulatedCamera_CallbackNotifier(   38):     CAMERA_MSG_FOCUS
V/EmulatedCamera_CallbackNotifier(   38):     CAMERA_MSG_ZOOM
V/EmulatedCamera_CallbackNotifier(   38):     CAMERA_MSG_PREVIEW_METADATA
V/EmulatedCamera_CallbackNotifier(   38): **** Currently enabled messages:
V/EmulatedCamera_CallbackNotifier(   38):     CAMERA_MSG_ERROR
V/EmulatedCamera_CallbackNotifier(   38):     CAMERA_MSG_FOCUS
V/EmulatedCamera_CallbackNotifier(   38):     CAMERA_MSG_ZOOM
V/EmulatedCamera_CallbackNotifier(   38):     CAMERA_MSG_PREVIEW_METADATA
I/AwesomePlayer(   38): setDataSource_l('/system/media/audio/ui/camera_click.ogg')
I/APP     ( 2081): I 03/04/2013 18:41:24:253 00000837           HttpServer| Process URI: '/system/uicreated'
I/APP     ( 2081): I 03/04/2013 18:41:24:257 00000837                  APP| on_ui_created.navigate to start url: '/app'
I/APP     ( 2081): I 03/04/2013 18:41:24:324 00000835         AppCallbacks| process command: APP-ACTIVATED
I/APP     ( 2081): I 03/04/2013 18:41:24:371 00000837           HttpServer| Process URI: '/system/activateapp'
I/APP     ( 2081): I 03/04/2013 18:41:24:378 00000835         AppCallbacks| ThreadQueue blocked for 4294967295 seconds...
I/AwesomePlayer(   38): setDataSource_l('/system/media/audio/ui/VideoRecord.ogg')
V/EmulatedCamera_CallbackNotifier(   38): disableMessage: msg_type = 0x10
V/EmulatedCamera_CallbackNotifier(   38):     CAMERA_MSG_PREVIEW_FRAME
V/EmulatedCamera_CallbackNotifier(   38): **** Currently enabled messages:
V/EmulatedCamera_CallbackNotifier(   38):     CAMERA_MSG_ERROR
V/EmulatedCamera_CallbackNotifier(   38):     CAMERA_MSG_FOCUS
V/EmulatedCamera_CallbackNotifier(   38):     CAMERA_MSG_ZOOM
V/EmulatedCamera_CallbackNotifier(   38):     CAMERA_MSG_PREVIEW_METADATA
V/EmulatedCamera_CallbackNotifier(   38): disableMessage: msg_type = 0xffff
V/EmulatedCamera_CallbackNotifier(   38):     CAMERA_MSG_ERROR
V/EmulatedCamera_CallbackNotifier(   38):     CAMERA_MSG_SHUTTER
V/EmulatedCamera_CallbackNotifier(   38):     CAMERA_MSG_FOCUS
V/EmulatedCamera_CallbackNotifier(   38):     CAMERA_MSG_ZOOM
V/EmulatedCamera_CallbackNotifier(   38):     CAMERA_MSG_PREVIEW_FRAME
V/EmulatedCamera_CallbackNotifier(   38):     CAMERA_MSG_VIDEO_FRAME
V/EmulatedCamera_CallbackNotifier(   38):     CAMERA_MSG_POSTVIEW_FRAME
V/EmulatedCamera_CallbackNotifier(   38):     CAMERA_MSG_RAW_IMAGE
V/EmulatedCamera_CallbackNotifier(   38):     CAMERA_MSG_COMPRESSED_IMAGE
V/EmulatedCamera_CallbackNotifier(   38):     CAMERA_MSG_RAW_IMAGE_NOTIFY
V/EmulatedCamera_CallbackNotifier(   38):     CAMERA_MSG_PREVIEW_METADATA
V/EmulatedCamera_CallbackNotifier(   38): **** Currently enabled messages:
V/EmulatedCamera_Camera(   38): doStopPreview
V/EmulatedCamera_Camera(   38): cancelPicture
V/EmulatedCamera_Camera(   38): releaseCamera
V/EmulatedCamera_Camera(   38): doStopPreview
V/EmulatedCamera_FakeDevice(   38): disconnectDevice
I/CameraService(   38): Destroying camera 0
V/EmulatedCamera_Camera(   38): closeCamera
V/EmulatedCamera_Camera(   38): doStopPreview
W/AudioFlinger(   38): session id 41 not found for pid 38
W/AudioFlinger(   38): session id 42 not found for pid 38
V/EmulatedCamera_Factory(   38): getCameraInfo: id = 0
V/EmulatedCamera_Camera(   38): getCameraInfo
I/APP     ( 2081): I 03/04/2013 18:41:24:777 00000821         SplashScreen| navigate: url=http://localhost:8080/app
I/APP     ( 2081): I 03/04/2013 18:41:24:781 00000821         SplashScreen| DELAY for SplashScreen = 0
I/APP     ( 2081): I 03/04/2013 18:41:24:824 00000821        GoogleWebView| Creating new RhoWebChromeClient
I/APP     ( 2081): I 03/04/2013 18:41:24:845 00000821       SimpleMainView| Cleared URL: http://localhost:8080/app
V/SimpleMainView.View( 2081): ms[1362418884908]  Main Window :: onSizeChanged() old [ 480 x 762 ]  new [ 0 x 0 ]
I/APP     ( 2081): I 03/04/2013 18:41:24:964 00000821        GoogleWebView| Setting RhoWebChromeClient
I/APP     ( 2081): I 03/04/2013 18:41:25:012 00000837           HttpServer| Process URI: '/app'
I/APP     ( 2081): I 03/04/2013 18:41:25:049 00000821     RhoWebViewClient| Loading URL: http://localhost:8080/app/index_erb.iseq
I/APP     ( 2081): I 03/04/2013 18:41:25:085 00000837           HttpServer| Process URI: '/app/index_erb.iseq'
I/APP     ( 2081): I 03/04/2013 18:41:25:091 00000837                  APP| RHO serve_index: /app/index_erb.iseq
I/APP     ( 2081): I 03/04/2013 18:41:25:125 00000837 RHO Rho::RhoController| inst_render_index
I/APP     ( 2081): I 03/04/2013 18:41:25:182 00000837 RHO Rho::RhoController| index layout
I/APP     ( 2081): I 03/04/2013 18:41:25:256 00000837           HttpServer| GC Start.
I/APP     ( 2081): I 03/04/2013 18:41:25:345 00000837           HttpServer| GC End.
I/APP     ( 2081): I 03/04/2013 18:41:25:470 00000837           HttpServer| Process URI: '/public/js/request.js'
I/APP     ( 2081): I 03/04/2013 18:41:25:584 00000837           HttpServer| Process URI: '/public/jquery/jquery-1.6.4.min.js'
I/APP     ( 2081): I 03/04/2013 18:41:25:647 00000837           HttpServer| Process URI: '/public/jquery/jquery.json-2.3.min.js'
I/APP     ( 2081): I 03/04/2013 18:41:25:699 00000837           HttpServer| Process URI: '/public/jqmobile/jquery.mobile-1.0.1.min.css'
I/APP     ( 2081): I 03/04/2013 18:41:25:771 00000837           HttpServer| Process URI: '/public/css/jqmobile-patch.css'
I/APP     ( 2081): I 03/04/2013 18:41:25:811 00000837           HttpServer| Process URI: '/public/jqmobile/jquery.mobile-1.0.1.min.js'
I/APP     ( 2081): I 03/04/2013 18:41:25:898 00000837           HttpServer| Process URI: '/public/js/jqmobile-patch.js'
I/APP     ( 2081): I 03/04/2013 18:41:25:937 00000837           HttpServer| Process URI: '/public/css/macotec_style.css'
I/APP     ( 2081): I 03/04/2013 18:41:29:278 00000837           HttpServer| Process URI: '/public/images/macotec/logo.png'
I/APP     ( 2081): I 03/04/2013 18:41:30:478 00000837           HttpServer| Process URI: '/public/images/macotec/request_top.png'
I/APP     ( 2081): I 03/04/2013 18:41:30:573 00000837           HttpServer| Process URI: '/public/images/macotec/contact_png.png'
I/APP     ( 2081): I 03/04/2013 18:41:30:600 00000837           HttpServer| Process URI: '/public/images/macotec/products_png.png'
I/APP     ( 2081): I 03/04/2013 18:41:30:675 00000837           HttpServer| Process URI: '/public/images/macotec/info_png.png'
V/BackupManagerService(   86): Running a backup pass
V/BackupManagerService(   86): Backup requested but nothing pending
I/APP     ( 2081): I 03/04/2013 18:42:02:018 00000837           HttpServer| Process URI: '/app/Request/request'
I/APP     ( 2081): I 03/04/2013 18:42:02:027 00000837                  APP| RHO serve: /app/Request/request
I/APP     ( 2081): I 03/04/2013 18:42:02:095 00000837              RhoRuby| require_compiled: Request/request_controller
I/APP     ( 2081): I 03/04/2013 18:42:02:240 00000837              RhoRuby| require_compiled: helpers/browser_helper
I/APP     ( 2081): I 03/04/2013 18:42:02:296 00000837              RhoRuby| require_compiled: time
I/APP     ( 2081): I 03/04/2013 18:42:02:538 00000837              RhoRuby| require_compiled: date/format
I/APP     ( 2081): I 03/04/2013 18:42:02:844 00000837              RhoRuby| require_compiled: date
I/APP     ( 2081): I 03/04/2013 18:42:02:867 00000837              RhoRuby| require_compiled: dateOrig
D/dalvikvm( 2081): GC_CONCURRENT freed 900K, 8% free 12506K/13575K, paused 10ms+5ms
D/webviewglue( 2081): nativeDestroy view: 0x29df78
I/APP     ( 2081): E 03/04/2013 18:42:03:218 00000837               RubyVM| lib/date.rb:14: warning: already initialized constant MONTHNAMES
I/APP     ( 2081): E 03/04/2013 18:42:03:220 00000837               RubyVM| lib/date.rb:15: warning: already initialized constant ABBR_MONTHNAMES
I/APP     ( 2081): E 03/04/2013 18:42:03:250 00000837               RubyVM| lib/date.rb:16: warning: already initialized constant DAYNAMES
I/APP     ( 2081): E 03/04/2013 18:42:03:252 00000837               RubyVM| lib/date.rb:17: warning: already initialized constant ABBR_DAYNAMES
I/APP     ( 2081): I 03/04/2013 18:42:03:275 00000837              RhoRuby| require_compiled: json
I/APP     ( 2081): I 03/04/2013 18:42:03:298 00000837              RhoRuby| require_compiled: json/common
I/APP     ( 2081): I 03/04/2013 18:42:03:349 00000837              RhoRuby| require_compiled: json/version
I/APP     ( 2081): I 03/04/2013 18:42:03:377 00000837              RhoRuby| require_compiled: json/pure
I/APP     ( 2081): I 03/04/2013 18:42:03:411 00000837              RhoRuby| require_compiled: json/pure/generator
I/APP     ( 2081): I 03/04/2013 18:42:03:484 00000837              RhoRuby| require_compiled: Connection/connection_controller
I/APP     ( 2081): I 03/04/2013 18:42:03:571 00000837           HttpServer| GC Start.
I/APP     ( 2081): I 03/04/2013 18:42:03:640 00000837           HttpServer| GC End.
I/APP     ( 2081): I 03/04/2013 18:42:03:937 00000837           HttpServer| Process URI: '/public/images/macotec/forklifter_full.png'
I/APP     ( 2081): I 03/04/2013 18:42:03:995 00000837           HttpServer| Process URI: '/public/images/macotec/request_contract.png'
I/APP     ( 2081): I 03/04/2013 18:42:04:084 00000837           HttpServer| Process URI: '/public/jqmobile/images/icons-36-white.png'
E/libEGL  ( 2081): call to OpenGL ES API with no current context (logged once per thread)
D/ShaderProgram( 2081): couldn't load the vertex shader!
E/libEGL  ( 2081): call to OpenGL ES API with no current context (logged once per thread)
D/ShaderProgram( 2081): couldn't load the vertex shader!
E/libEGL  ( 2081): call to OpenGL ES API with no current context (logged once per thread)
D/ShaderProgram( 2081): couldn't load the vertex shader!
E/libEGL  ( 2081): call to OpenGL ES API with no current context (logged once per thread)
D/ShaderProgram( 2081): couldn't load the vertex shader!
E/libEGL  ( 2081): call to OpenGL ES API with no current context (logged once per thread)
D/ShaderProgram( 2081): couldn't load the vertex shader!
I/APP     ( 2081): I 03/04/2013 18:42:06:694 00000837           HttpServer| Process URI: '/app/Request/request_project'
I/APP     ( 2081): I 03/04/2013 18:42:06:696 00000837                  APP| RHO serve: /app/Request/request_project
