I/APP     ( 2081): I 03/04/2013 18:42:06:729 00000837                  APP| const_missing: Settings
I/APP     ( 2081): I 03/04/2013 18:42:06:734 00000837                  APP| load_model: Settings
I/APP     ( 2081): I 03/04/2013 18:42:06:760 00000837              RhoRuby| require_compiled: Settings/settings
I/APP     ( 2081): I 03/04/2013 18:42:06:816 00000837                  APP| model name: Settings
I/APP     ( 2081): I 03/04/2013 18:42:06:841 00000837                  APP| model class found
I/APP     ( 2081): I 03/04/2013 18:42:06:845 00000837                  APP| Settings : {"schema"=>{"property"=>{"company"=>[:string, nil], "phone"=>[:string, nil], "email"=>[:string, nil]}}}
I/APP     ( 2081): I 03/04/2013 18:42:06:875 00000837                   DB| Open DB: /data/data/com.rhomobile.macotec/rhodata/db/syncdblocal.sqlite
I/APP     ( 2081): I 03/04/2013 18:42:06:959 00000837                  APP| init_db_sources
I/APP     ( 2081): I 03/04/2013 18:42:07:058 00000837                  APP| start_id: 40005
I/APP     ( 2081): I 03/04/2013 18:42:07:135 00000837                  APP| Migrate schema sources: {}
I/APP     ( 2081): I 03/04/2013 18:42:07:402 00000837           HttpServer| GC Start.
I/APP     ( 2081): I 03/04/2013 18:42:07:480 00000837           HttpServer| GC End.
I/APP     ( 2081): I 03/04/2013 18:42:13:626 00000837           HttpServer| Process URI: '/app/Request/choose_existing'
I/APP     ( 2081): I 03/04/2013 18:42:13:628 00000837                  APP| RHO serve: /app/Request/choose_existing
I/APP     ( 2081): I 03/04/2013 18:42:13:679 00000837           HttpServer| GC Start.
I/APP     ( 2081): I 03/04/2013 18:42:13:736 00000837           HttpServer| GC End.
I/ActivityManager(   86): START {cmp=com.rhomobile.macotec/com.rhomobile.rhodes.camera.FileList (has extras)} from pid 2081
W/WindowManager(   86): Failure taking screenshot for (180x300) to layer 21010
I/APP     ( 2081): I 03/04/2013 18:42:14:037 00000821 AndroidFunctionality| Pause WebView
I/APP     ( 2081): I 03/04/2013 18:42:14:039 00000821       RhodesActivity| onPause
I/APP     ( 2081): I 03/04/2013 18:42:14:099 00000837           HttpServer| Process URI: '/system/uidestroyed'
I/APP     ( 2081): I 03/04/2013 18:42:14:122 00000821    RhodesApplication| New UiState: MainActivityPaused
D/RhodesService( 2081): +++ onStartCommand
I/RhodesService( 2081): handleCommand: startId=2, source=com.rhomobile.rhodes.BaseActivity
D/RhodesService( 2081): New activity was created
V/PhoneStatusBar(  141): setLightsOn(true)
I/Process (   86): Sending signal. PID: 2081 SIG: 3
I/dalvikvm( 2081): threadid=3: reacting to signal 3
I/dalvikvm( 2081): Wrote stack traces to '/data/anr/traces.txt'
I/ActivityManager(   86): Displayed com.rhomobile.macotec/com.rhomobile.rhodes.camera.FileList: +918ms
I/APP     ( 2081): I 03/04/2013 18:42:15:279 00000821       RhodesActivity| onStop
I/APP     ( 2081): I 03/04/2013 18:42:16:028 00000821             FileList| Selected file: /mnt/sdcard/DCIM/Camera/1362147949819.jpg
I/APP     ( 2081): I 03/04/2013 18:42:16:981 00000837           HttpServer| Process URI: '/app/Request/choose_existing_callback'
I/APP     ( 2081): I 03/04/2013 18:42:16:983 00000837                  APP| RHO serve: /app/Request/choose_existing_callback
I/APP     ( 2081): I 03/04/2013 18:42:17:011 00000837                  APP| Params: {"rho_callback"=>"1", "status"=>"ok", "image_uri"=>"db/db-files/1362147949819.jpg"}
W/WindowManager(   86): Failure taking screenshot for (180x300) to layer 21015
I/APP     ( 2081): I 03/04/2013 18:42:17:068 00000821       SimpleMainView| Cleared URL: javascript:showImage("/data/data/com.rhomobile.macotec/rhodata/db/db-files/1362147949819.jpg");
I/APP     ( 2081): I 03/04/2013 18:42:17:084 00000837           HttpServer| GC Start.
I/APP     ( 2081): I 03/04/2013 18:42:17:119 00000837           HttpServer| GC End.
I/APP     ( 2081): I 03/04/2013 18:42:17:218 00000837           HttpServer| Process URI: '/data/data/com.rhomobile.macotec/rhodata/db/db-files/1362147949819.jpg'
I/APP     ( 2081): I 03/04/2013 18:42:17:213 00000821       RhodesActivity| onStart
I/APP     ( 2081): I 03/04/2013 18:42:17:251 00000821    RhodesApplication| New UiState: MainActivityStarted
I/APP     ( 2081): I 03/04/2013 18:42:17:271 00000821       RhodesActivity| onResume
I/APP     ( 2081): I 03/04/2013 18:42:17:273 00000821 AndroidFunctionality| Resume WebView
V/PhoneStatusBar(  141): setLightsOn(true)
I/Process (   86): Sending signal. PID: 2081 SIG: 3
I/dalvikvm( 2081): threadid=3: reacting to signal 3
I/dalvikvm( 2081): Wrote stack traces to '/data/anr/traces.txt'
I/APP     ( 2081): I 03/04/2013 18:42:22:148 00000837           HttpServer| Process URI: '/app/Request/submit_request_project'
I/APP     ( 2081): I 03/04/2013 18:42:22:152 00000837                  APP| RHO serve: /app/Request/submit_request_project
I/APP     ( 2081): I 03/04/2013 18:42:22:181 00000837                  APP| Params: {"project_number"=>"", "information"=>"", "hiddenImagePath"=>"/data/data/com.rhomobile.macotec/rhodata/db/db-files/1362147949819.jpg", "company"=>"Hasenbert", "phone"=>"0304987987", "email"=>"erwin@hasenbert.de"}
I/APP     ( 2081): I 03/04/2013 18:42:22:265 00000837            AsyncHttp| addCommand: Upload
I/APP     ( 2081): I 03/04/2013 18:42:22:300 00000846            AsyncHttp| Starting main routine...
I/APP     ( 2081): I 03/04/2013 18:42:22:304 00000846                  Net| POST request (Push): http://www.datenloft.com/macotec/send_request_project_test.php
I/APP     ( 2081): I 03/04/2013 18:42:22:375 00000837           HttpServer| GC Start.
I/APP     ( 2081): I 03/04/2013 18:42:22:434 00000837           HttpServer| GC End.
I/APP     ( 2081): I 03/04/2013 18:42:22:764 00000837           HttpServer| Process URI: '/public/images/macotec/macotec_loader.gif'
I/APP     ( 2081): I 03/04/2013 18:42:22:887 00000837           HttpServer| Process URI: '/app/Request/http_callback'
I/APP     ( 2081): I 03/04/2013 18:42:22:889 00000837                  APP| RHO serve: /app/Request/http_callback
I/APP     ( 2081): I 03/04/2013 18:42:22:916 00000837                  APP| Params: {"rho_callback"=>"1", "status"=>"ok", "http_error"=>"200", "headers"=>{"User-Agent"=>"Mozilla-5.0 (ANDROID; unknown generic; 4.0.4)"}, "__rho_object"=>{"body"=>"0"}}
I/APP     ( 2081): I 03/04/2013 18:42:27:010 00000821       SimpleMainView| Cleared URL: http://localhost:8080/app/Request/submit_success?result=SUCCESS&message=
I/APP     ( 2081): I 03/04/2013 18:42:27:111 00000846            AsyncHttp| ThreadQueue blocked for 4294967295 seconds...
I/APP     ( 2081): I 03/04/2013 18:42:27:201 00000837           HttpServer| GC Start.
I/APP     ( 2081): I 03/04/2013 18:42:27:641 00000837           HttpServer| GC End.
I/APP     ( 2081): I 03/04/2013 18:42:29:197 00000837           HttpServer| Process URI: '/app/Request/submit_success'
I/APP     ( 2081): I 03/04/2013 18:42:29:227 00000837                  APP| RHO serve: /app/Request/submit_success
I/APP     ( 2081): I 03/04/2013 18:42:29:233 00000837                  APP| Params: {"result"=>"SUCCESS", "message"=>""}
I/APP     ( 2081): I 03/04/2013 18:42:29:312 00000837 RHO RequestController| Layout file: /data/data/com.rhomobile.macotec/rhodata/apps/app/layout_erb.iseq. Content size: 3150
I/APP     ( 2081): I 03/04/2013 18:42:29:361 00000837           HttpServer| GC Start.
I/APP     ( 2081): I 03/04/2013 18:42:29:406 00000837           HttpServer| GC End.
I/APP     ( 2081): I 03/04/2013 18:42:30:464 00000837           HttpServer| Process URI: '/public/images/macotec/success.png'
F/BatteryStatsImpl(   86): problem reading network stats
F/BatteryStatsImpl(   86): java.lang.IllegalStateException: problem parsing idx 1
F/BatteryStatsImpl(   86): 	at com.android.internal.net.NetworkStatsFactory.readNetworkStatsDetail(NetworkStatsFactory.java:300)
F/BatteryStatsImpl(   86): 	at com.android.internal.net.NetworkStatsFactory.readNetworkStatsDetail(NetworkStatsFactory.java:250)
F/BatteryStatsImpl(   86): 	at com.android.internal.os.BatteryStatsImpl.getNetworkStatsDetailGroupedByUid(BatteryStatsImpl.java:5734)
F/BatteryStatsImpl(   86): 	at com.android.internal.os.BatteryStatsImpl.access$100(BatteryStatsImpl.java:76)
F/BatteryStatsImpl(   86): 	at com.android.internal.os.BatteryStatsImpl$Uid.computeCurrentTcpBytesReceived(BatteryStatsImpl.java:2457)
F/BatteryStatsImpl(   86): 	at com.android.internal.os.BatteryStatsImpl$Uid.getTcpBytesReceived(BatteryStatsImpl.java:2446)
F/BatteryStatsImpl(   86): 	at com.android.internal.os.BatteryStatsImpl.writeSummaryToParcel(BatteryStatsImpl.java:5437)
F/BatteryStatsImpl(   86): 	at com.android.internal.os.BatteryStatsImpl.writeLocked(BatteryStatsImpl.java:4836)
F/BatteryStatsImpl(   86): 	at com.android.internal.os.BatteryStatsImpl.writeAsyncLocked(BatteryStatsImpl.java:4818)
F/BatteryStatsImpl(   86): 	at com.android.server.am.ActivityManagerService.updateCpuStatsNow(ActivityManagerService.java:1652)
F/BatteryStatsImpl(   86): 	at com.android.server.am.ActivityManagerService$3.run(ActivityManagerService.java:1534)
F/BatteryStatsImpl(   86): Caused by: java.io.FileNotFoundException: /proc/net/xt_qtaguid/stats: open failed: ENOENT (No such file or directory)
F/BatteryStatsImpl(   86): 	at libcore.io.IoBridge.open(IoBridge.java:406)
F/BatteryStatsImpl(   86): 	at java.io.FileInputStream.<init>(FileInputStream.java:78)
F/BatteryStatsImpl(   86): 	at com.android.internal.net.NetworkStatsFactory.readNetworkStatsDetail(NetworkStatsFactory.java:269)
F/BatteryStatsImpl(   86): 	... 10 more
F/BatteryStatsImpl(   86): Caused by: libcore.io.ErrnoException: open failed: ENOENT (No such file or directory)
F/BatteryStatsImpl(   86): 	at libcore.io.Posix.open(Native Method)
F/BatteryStatsImpl(   86): 	at libcore.io.BlockGuardOs.open(BlockGuardOs.java:110)
F/BatteryStatsImpl(   86): 	at libcore.io.IoBridge.open(IoBridge.java:390)
F/BatteryStatsImpl(   86): 	... 12 more
D/dalvikvm(   86): GC_CONCURRENT freed 580K, 15% free 11348K/13255K, paused 9ms+7ms
I/APP     ( 2081): I 03/04/2013 18:43:53:340 00000821       SimpleMainView| Cleared URL: http://localhost:8080/app
I/APP     ( 2081): I 03/04/2013 18:43:53:419 00000821     RhoWebViewClient| Loading URL: http://localhost:8080/app/index_erb.iseq
I/APP     ( 2081): I 03/04/2013 18:43:53:491 00000837           HttpServer| Process URI: '/app/index_erb.iseq'
I/APP     ( 2081): I 03/04/2013 18:43:53:495 00000837                  APP| RHO serve_index: /app/index_erb.iseq
I/APP     ( 2081): I 03/04/2013 18:43:53:524 00000837 RHO Rho::RhoController| inst_render_index
I/APP     ( 2081): I 03/04/2013 18:43:53:601 00000837 RHO Rho::RhoController| index layout
I/APP     ( 2081): I 03/04/2013 18:43:53:711 00000837           HttpServer| GC Start.
I/APP     ( 2081): I 03/04/2013 18:43:53:782 00000837           HttpServer| GC End.
D/dalvikvm(  199): GC_CONCURRENT freed 2893K, 25% free 17296K/22855K, paused 5ms+7ms
D/AndroidRuntime( 2129): 
D/AndroidRuntime( 2129): >>>>>> AndroidRuntime START com.android.internal.os.RuntimeInit <<<<<<
D/AndroidRuntime( 2129): CheckJNI is ON
D/AndroidRuntime( 2129): Calling main entry com.android.commands.pm.Pm
W/ActivityManager(   86): No content provider found for permission revoke: file:///data/local/tmp/MacoTec-debug.apk
W/ActivityManager(   86): No content provider found for permission revoke: file:///data/local/tmp/MacoTec-debug.apk
D/dalvikvm(   86): GC_CONCURRENT freed 341K, 14% free 11471K/13255K, paused 27ms+43ms
D/dalvikvm(   86): GC_CONCURRENT freed 273K, 12% free 11698K/13255K, paused 17ms+8ms
D/dalvikvm(   86): GC_CONCURRENT freed 572K, 12% free 11708K/13255K, paused 7ms+8ms
D/dalvikvm(   86): GC_CONCURRENT freed 606K, 12% free 11718K/13255K, paused 17ms+11ms
D/dalvikvm(   86): GC_CONCURRENT freed 562K, 12% free 11723K/13255K, paused 18ms+7ms
D/dalvikvm(   86): GC_CONCURRENT freed 566K, 12% free 11730K/13255K, paused 7ms+12ms
I/PackageManager(   86): Removing non-system package:com.rhomobile.macotec
I/ActivityManager(   86): Force stopping package com.rhomobile.macotec uid=10040
I/ActivityManager(   86): Killing proc 2081:com.rhomobile.macotec/10040: force stop
W/ActivityManager(   86): Force removing ActivityRecord{415b3ed8 com.rhomobile.macotec/com.rhomobile.rhodes.RhodesActivity}: app died, no saved state
W/NetworkManagementSocketTagger(   86): setKernelCountSet(10040, 0) failed with errno -2
W/NetworkManagementSocketTagger(   86): setKernelCountSet(10009, 1) failed with errno -2
I/Process (   86): Sending signal. PID: 199 SIG: 3
I/dalvikvm(  199): threadid=3: reacting to signal 3
I/WindowManager(   86): WIN DEATH: Window{415c7cb0 com.rhomobile.macotec/com.rhomobile.rhodes.RhodesActivity paused=false}
W/InputManagerService(   86): Got RemoteException sending setActive(false) notification to pid 2081 uid 10040
I/dalvikvm(  199): Wrote stack traces to '/data/anr/traces.txt'
D/dalvikvm(   86): GC_CONCURRENT freed 562K, 12% free 11754K/13255K, paused 6ms+18ms
I/PackageManager(   86): Package com.rhomobile.macotec codePath changed from /data/app/com.rhomobile.macotec-1.apk to /data/app/com.rhomobile.macotec-2.apk; Retaining data and using new
D/dalvikvm(  199): GC_FOR_ALLOC freed 694K, 22% free 17911K/22855K, paused 78ms
D/dalvikvm(  199): GC_FOR_ALLOC freed 313K, 18% free 18932K/22855K, paused 94ms
D/dalvikvm(  199): GC_CONCURRENT freed 2636K, 21% free 18221K/22855K, paused 4ms+6ms
D/dalvikvm(  199): GC_FOR_ALLOC freed 1875K, 21% free 18183K/22855K, paused 51ms
I/PackageManager(   86): Running dexopt on: com.rhomobile.macotec
D/dalvikvm( 2140): DexOpt: load 99ms, verify+opt 532ms
W/PackageManager(   86): Code path for pkg : com.rhomobile.macotec changing from /data/app/com.rhomobile.macotec-1.apk to /data/app/com.rhomobile.macotec-2.apk
W/PackageManager(   86): Resource path for pkg : com.rhomobile.macotec changing from /data/app/com.rhomobile.macotec-1.apk to /data/app/com.rhomobile.macotec-2.apk
I/ActivityManager(   86): Force stopping package com.rhomobile.macotec uid=10040
D/PackageManager(   86): New package installed in /data/app/com.rhomobile.macotec-2.apk
I/ActivityManager(   86): Force stopping package com.rhomobile.macotec uid=10040
D/dalvikvm(  199): GC_EXPLICIT freed 1211K, 21% free 18229K/22855K, paused 4ms+6ms
D/dalvikvm(  235): GC_EXPLICIT freed 149K, 5% free 9389K/9799K, paused 6ms+13ms
D/PackageManager(   86): generateServicesMap(android.accounts.AccountAuthenticator): 2 services unchanged
D/PackageManager(   86): generateServicesMap(android.content.SyncAdapter): 4 services unchanged
D/BackupManagerService(   86): Received broadcast Intent { act=android.intent.action.PACKAGE_REMOVED dat=package:com.rhomobile.macotec flg=0x10000010 (has extras) }
I/AccountTypeManager(  323): Loaded meta-data for 1 account types, 0 accounts in 129ms(wall) 6ms(cpu)
D/dalvikvm(   86): GC_EXPLICIT freed 860K, 15% free 11295K/13255K, paused 5ms+8ms
D/PackageManager(   86): generateServicesMap(android.accounts.AccountAuthenticator): 2 services unchanged
D/PackageManager(   86): generateServicesMap(android.content.SyncAdapter): 4 services unchanged
D/BackupManagerService(   86): Received broadcast Intent { act=android.intent.action.PACKAGE_ADDED dat=package:com.rhomobile.macotec flg=0x10000010 (has extras) }
V/BackupManagerService(   86): updatePackageParticipantsLocked: #1
W/RecognitionManagerService(   86): no available voice recognition services found
D/dalvikvm(  199): GC_FOR_ALLOC freed 3496K, 29% free 16280K/22855K, paused 237ms
I/AccountTypeManager(  323): Loaded meta-data for 1 account types, 0 accounts in 4523ms(wall) 29ms(cpu)
D/dalvikvm(  199): GC_FOR_ALLOC freed 383K, 24% free 17570K/22855K, paused 240ms
D/BackupManagerService(   86): Received broadcast Intent { act=android.intent.action.PACKAGE_REPLACED dat=package:com.rhomobile.macotec flg=0x10000010 (has extras) }
V/BackupManagerService(   86): updatePackageParticipantsLocked: #1
D/dalvikvm(   86): GC_EXPLICIT freed 429K, 14% free 11436K/13255K, paused 5ms+11ms
D/dalvikvm(  199): GC_FOR_ALLOC freed 4181K, 34% free 15123K/22855K, paused 54ms
D/dalvikvm(  199): GC_FOR_ALLOC freed 30K, 29% free 16267K/22855K, paused 64ms
D/AndroidRuntime( 2129): Shutting down VM
D/dalvikvm( 2129): GC_CONCURRENT freed 97K, 79% free 450K/2048K, paused 0ms+0ms
I/AndroidRuntime( 2129): NOTE: attach of thread 'Binder Thread #3' failed
D/dalvikvm(  199): GC_FOR_ALLOC freed 404K, 23% free 17749K/22855K, paused 147ms
D/dalvikvm(  199): GC_FOR_ALLOC freed 1708K, 22% free 17890K/22855K, paused 111ms
D/AndroidRuntime( 2148): 
D/AndroidRuntime( 2148): >>>>>> AndroidRuntime START com.android.internal.os.RuntimeInit <<<<<<
D/AndroidRuntime( 2148): CheckJNI is ON
D/dalvikvm(  199): GC_FOR_ALLOC freed 1404K, 20% free 18389K/22855K, paused 112ms
D/dalvikvm(  199): GC_FOR_ALLOC freed 1440K, 20% free 18393K/22855K, paused 81ms
D/AndroidRuntime( 2148): Calling main entry com.android.commands.am.Am
I/ActivityManager(   86): START {act=android.intent.action.MAIN flg=0x10000000 cmp=com.rhomobile.macotec/com.rhomobile.rhodes.RhodesActivity} from pid 2148
W/WindowManager(   86): Failure taking screenshot for (180x300) to layer 21005
D/AndroidRuntime( 2148): Shutting down VM
D/dalvikvm( 2148): GC_CONCURRENT freed 97K, 77% free 480K/2048K, paused 1ms+1ms
I/AndroidRuntime( 2148): NOTE: attach of thread 'Binder Thread #3' failed
I/ActivityManager(   86): Start proc com.rhomobile.macotec for activity com.rhomobile.macotec/com.rhomobile.rhodes.RhodesActivity: pid=2158 uid=10040 gids={3003, 1006}
I/dalvikvm( 2158): Turning on JNI app bug workarounds for target SDK version 4...
W/NetworkManagementSocketTagger(   86): setKernelCountSet(10040, 1) failed with errno -2
I/Process (   86): Sending signal. PID: 2158 SIG: 3
I/dalvikvm( 2158): threadid=3: reacting to signal 3
I/dalvikvm( 2158): Wrote stack traces to '/data/anr/traces.txt'
D/dalvikvm( 2158): Trying to load lib /data/data/com.rhomobile.macotec/lib/librhodes.so 0x412a3248
D/dalvikvm( 2158): Added shared lib /data/data/com.rhomobile.macotec/lib/librhodes.so 0x412a3248
D/dalvikvm( 2158): Trying to load lib /data/data/com.rhomobile.macotec/lib/librhodes.so 0x412a3248
D/dalvikvm( 2158): Shared lib '/data/data/com.rhomobile.macotec/lib/librhodes.so' already loaded in same CL 0x412a3248
I/ActivityThread( 2158): Pub com.rhomobile.macotec: com.rhomobile.rhodes.LocalFileProvider
I/RhodesApplication( 2158): Initializing...
D/RhoFileApi( 2158): App root path: /data/data/com.rhomobile.macotec/rhodata/
D/RhoFileApi( 2158): Sqlite journals path: /data/data/com.rhomobile.macotec/sqlite_stmt_journals/
D/RhoFileApi( 2158): Shared path: /data/data/com.rhomobile.macotec/rhodata/
D/RhodesApplication( 2158): Root path: /data/data/com.rhomobile.macotec/rhodata/
I/Process (   86): Sending signal. PID: 2158 SIG: 3
I/dalvikvm( 2158): threadid=3: reacting to signal 3
I/RhodesApplication( 2158): Application hash was changed
D/RhoFileApi( 2158): Copy hash to FS
D/RhoFileApi( 2158): File hash copied
D/RhoFileApi( 2158): Copy rho.dat to FS
I/dalvikvm( 2158): Wrote stack traces to '/data/anr/traces.txt'
D/RhoFileApi( 2158): File rho.dat copied
D/RhoFileApi( 2158): Copy apps/rhoconfig.txt to FS
D/RhoFileApi( 2158): File apps/rhoconfig.txt copied
I/RhoFileApi( 2158): Opening stat table from FS: /data/data/com.rhomobile.macotec/rhodata/rho.dat
D/RhoFileApi( 2158): Copy apps/rhoconfig.txt to FS
D/RhoFileApi( 2158): File apps/rhoconfig.txt copied
D/RhoFileApi( 2158): App root path: /data/data/com.rhomobile.macotec/rhodata/
D/RhoFileApi( 2158): Sqlite journals path: /data/data/com.rhomobile.macotec/sqlite_stmt_journals/
D/RhoFileApi( 2158): Shared path: /data/data/com.rhomobile.macotec/rhodata/
I/APP     ( 2158): I 03/04/2013 18:44:58:948 0000086e    RhodesApplication| Initialized
I/APP     ( 2158): I 03/04/2013 18:44:59:000 0000086e         BaseActivity| New screen properties - width: 480, height: 800, orientation: 1
I/Process (   86): Sending signal. PID: 2158 SIG: 3
I/dalvikvm( 2158): threadid=3: reacting to signal 3
I/dalvikvm( 2158): Wrote stack traces to '/data/anr/traces.txt'
D/dalvikvm( 2158): GC_CONCURRENT freed 296K, 5% free 9191K/9607K, paused 4ms+3ms
I/APP     ( 2158): I 03/04/2013 18:44:59:305 0000086e         SplashScreen| Looking for start page source
D/dalvikvm( 2158): GC_FOR_ALLOC freed 13K, 4% free 9228K/9607K, paused 62ms
I/dalvikvm-heap( 2158): Grow heap (frag case) to 12.147MB for 3217300-byte allocation
I/Process (   86): Sending signal. PID: 2158 SIG: 3
I/dalvikvm( 2158): threadid=3: reacting to signal 3
D/dalvikvm( 2158): GC_FOR_ALLOC freed <1K, 4% free 12369K/12807K, paused 102ms
I/dalvikvm( 2158): Wrote stack traces to '/data/anr/traces.txt'
D/dalvikvm( 2158): GC_CONCURRENT freed 1K, 4% free 12373K/12807K, paused 4ms+10ms
I/Process (   86): Sending signal. PID: 2158 SIG: 3
I/dalvikvm( 2158): threadid=3: reacting to signal 3
I/dalvikvm( 2158): Wrote stack traces to '/data/anr/traces.txt'
I/APP     ( 2158): I 03/04/2013 18:45:00:278 0000086e         SplashScreen| Done
I/APP     ( 2158): I 03/04/2013 18:45:00:282 0000086e    RhodesApplication| New UiState: MainActivityCreated
I/APP     ( 2158): I 03/04/2013 18:45:00:311 0000086e       RhodesActivity| onStart
I/APP     ( 2158): I 03/04/2013 18:45:00:315 0000086e    RhodesApplication| New UiState: MainActivityStarted
I/APP     ( 2158): I 03/04/2013 18:45:00:339 0000086e       RhodesActivity| onResume
I/APP     ( 2158): I 03/04/2013 18:45:00:364 0000086e AndroidFunctionality| Resume WebView
I/APP     ( 2158): I 03/04/2013 18:45:00:403 0000086e        RhodesService| onCreate
I/APP     ( 2158): I 03/04/2013 18:45:00:406 0000086e    LocalFileProvider| Revoke URI permissions: content:///com.rhomobile.macotec
W/ActivityManager(   86): No content provider found for permission revoke: content:///com.rhomobile.macotec
I/APP     ( 2158): I 03/04/2013 18:45:00:441 0000086e               Rhodes| Loading...
I/APP     ( 2158): I 03/04/2013 18:45:00:460 0000086e            RhodesApp| Trying to get free listening port.
I/APP     ( 2158): I 03/04/2013 18:45:00:462 0000086e            RhodesApp| Trying to bind of 8080 port...
I/APP     ( 2158): I 03/04/2013 18:45:00:481 0000086e            RhodesApp| Got port to bind on: 8080
I/APP     ( 2158): I 03/04/2013 18:45:00:484 0000086e            RhodesApp| Free listening port: 8080
I/APP     ( 2158): I 03/04/2013 18:45:00:505 00000884         AppCallbacks| Starting main routine...
I/APP     ( 2158): I 03/04/2013 18:45:00:508 00000884         AppCallbacks| ThreadQueue blocked for 4294967295 seconds...
I/APP     ( 2158): I 03/04/2013 18:45:00:581 0000086e        RhodesService| Push is disabled
I/APP     ( 2158): I 03/04/2013 18:45:00:584 0000086e            RhodesApp| callAppActiveCallback
I/Process (   86): Sending signal. PID: 2158 SIG: 3
I/dalvikvm( 2158): threadid=3: reacting to signal 3
I/dalvikvm( 2158): Wrote stack traces to '/data/anr/traces.txt'
I/APP     ( 2158): I 03/04/2013 18:45:00:648 0000086e         AppCallbacks| addCommand: APP-ACTIVATED
I/APP     ( 2158): I 03/04/2013 18:45:00:663 00000884         AppCallbacks| Received command APP-ACTIVATED which is greater than expected (LOCAL-SERVER-STARTED) - postpone it
I/APP     ( 2158): I 03/04/2013 18:45:00:664 00000884         AppCallbacks| ThreadQueue blocked for 4294967295 seconds...
I/APP     ( 2158): I 03/04/2013 18:45:00:684 0000086e         AppActivated| Cannot commit now, application will be activated when started.
I/APP     ( 2158): I 03/04/2013 18:45:00:687 0000086e    RhodesApplication| New AppState: Undefined
I/APP     ( 2158): I 03/04/2013 18:45:00:710 00000886            RhodesApp| Starting RhodesApp main routine...
D/RhodesService( 2158): +++ onStartCommand
I/RhodesService( 2158): handleCommand: startId=1, source=com.rhomobile.rhodes.BaseActivity
D/RhodesService( 2158): New activity was created
I/APP     ( 2158): I 03/04/2013 18:45:00:757 0000086e        RhodesService| onBind
I/APP     ( 2158): I 03/04/2013 18:45:00:832 0000086e         AppCallbacks| addCommand: UI-CREATED
I/APP     ( 2158): I 03/04/2013 18:45:00:835 00000884         AppCallbacks| Received command UI-CREATED which is greater than expected (LOCAL-SERVER-STARTED) - postpone it
I/APP     ( 2158): I 03/04/2013 18:45:00:836 00000884         AppCallbacks| ThreadQueue blocked for 4294967295 seconds...
V/PhoneStatusBar(  141): setLightsOn(true)
I/APP     ( 2158): I 03/04/2013 18:45:00:956 0000086e       RhodesActivity| onServiceConnected: {com.rhomobile.macotec/com.rhomobile.rhodes.RhodesService}
I/APP     ( 2158): I 03/04/2013 18:45:00:979 0000086e       RhodesActivity| New start parameters: 
I/APP     ( 2158): I 03/04/2013 18:45:00:983 0000086e            RhodesApp| New start params: 
D/gralloc_goldfish( 2158): Emulator without GPU emulation detected.
I/Process (   86): Sending signal. PID: 2158 SIG: 3
I/dalvikvm( 2158): threadid=3: reacting to signal 3
I/dalvikvm( 2158): Wrote stack traces to '/data/anr/traces.txt'
W/InputManagerService(   86): Starting input on non-focused client com.android.internal.view.IInputMethodClient$Stub$Proxy@4159fab0 (uid=10009 pid=199)
I/Process (   86): Sending signal. PID: 2158 SIG: 3
I/dalvikvm( 2158): threadid=3: reacting to signal 3
I/dalvikvm( 2158): Wrote stack traces to '/data/anr/traces.txt'
I/ActivityManager(   86): Displayed com.rhomobile.macotec/com.rhomobile.rhodes.RhodesActivity: +4s836ms
I/APP     ( 2158): I 03/04/2013 18:45:03:132 00000886              RhoRuby| Init_RhoBlobs: /data/data/com.rhomobile.macotec/rhodata/db/db-files
I/APP     ( 2158): I 03/04/2013 18:45:03:478 00000886              RhoRuby| require_compiled: rhoframework
I/APP     ( 2158): I 03/04/2013 18:45:03:863 00000886              RhoRuby| require_compiled: rational
I/APP     ( 2158): I 03/04/2013 18:45:04:030 00000886              RhoRuby| require_compiled: rhom/rhom_db_adapter
I/APP     ( 2158): I 03/04/2013 18:45:04:534 00000886              RhoRuby| require_compiled: rhodes
I/APP     ( 2158): I 03/04/2013 18:45:04:736 00000886              RhoRuby| require_compiled: rhom/rhom_object
I/APP     ( 2158): I 03/04/2013 18:45:04:931 00000886              RhoRuby| require_compiled: rhofsconnector
I/APP     ( 2158): I 03/04/2013 18:45:05:059 00000886              RhoRuby| require_compiled: rho/rhofsconnector
I/APP     ( 2158): I 03/04/2013 18:45:05:299 00000886              RhoRuby| require_compiled: rhom/rhom_object_factory
I/APP     ( 2158): I 03/04/2013 18:45:06:166 00000886              RhoRuby| require_compiled: rhom/rhom
I/APP     ( 2158): I 03/04/2013 18:45:06:298 00000886              RhoRuby| require_compiled: rhom/rhom_model
I/APP     ( 2158): I 03/04/2013 18:45:06:362 00000886              RhoRuby| require_compiled: rhom
I/APP     ( 2158): I 03/04/2013 18:45:06:382 00000886              RhoRuby| require_compiled: rho/rhoapplication
I/APP     ( 2158): I 03/04/2013 18:45:06:562 00000886              RhoRuby| require_compiled: rholang/localization_simplified
I/APP     ( 2158): I 03/04/2013 18:45:06:809 00000886              RhoRuby| require_compiled: rho/rhomsg
I/APP     ( 2158): I 03/04/2013 18:45:06:939 00000886              RhoRuby| require_compiled: rho/rhotabbar
W/NetworkManagementSocketTagger(   86): setKernelCountSet(10009, 0) failed with errno -2
I/APP     ( 2158): I 03/04/2013 18:45:07:189 00000886              RhoRuby| require_compiled: rho/rhotoolbar
I/APP     ( 2158): I 03/04/2013 18:45:07:309 00000886                  APP| Current locale: ; Country code: 
I/APP     ( 2158): I 03/04/2013 18:45:07:361 00000886                  APP| Locilized file: /data/data/com.rhomobile.macotec/rhodata/lib/rholang/lang_
I/APP     ( 2158): I 03/04/2013 18:45:07:438 00000886              RhoRuby| require_compiled: /data/data/com.rhomobile.macotec/rhodata/lib/rholang/lang_en
I/APP     ( 2158): I 03/04/2013 18:45:07:626 00000886                  APP| Locilized file: /data/data/com.rhomobile.macotec/rhodata/apps/app/lang/lang_
I/APP     ( 2158): I 03/04/2013 18:45:07:690 00000886              RhoRuby| require_compiled: /data/data/com.rhomobile.macotec/rhodata/apps/app/lang/lang_en
I/APP     ( 2158): I 03/04/2013 18:45:07:861 00000886                  APP| Locilized file: /data/data/com.rhomobile.macotec/rhodata/lib/rholang/rhoerror_
I/APP     ( 2158): I 03/04/2013 18:45:07:920 00000886              RhoRuby| require_compiled: /data/data/com.rhomobile.macotec/rhodata/lib/rholang/rhoerror_en
I/APP     ( 2158): I 03/04/2013 18:45:08:117 00000886                  APP| Locilized file: /data/data/com.rhomobile.macotec/rhodata/lib/rholang/rhomsg_
I/APP     ( 2158): I 03/04/2013 18:45:08:187 00000886              RhoRuby| require_compiled: /data/data/com.rhomobile.macotec/rhodata/lib/rholang/rhomsg_en
I/APP     ( 2158): I 03/04/2013 18:45:08:325 00000886              RhoRuby| require_compiled: indifferent_access
I/APP     ( 2158): I 03/04/2013 18:45:08:540 00000886              RhoRuby| require_compiled: rho/rhosupport
I/APP     ( 2158): I 03/04/2013 18:45:08:756 00000886              RhoRuby| require_compiled: rho/rhocontroller
I/APP     ( 2158): I 03/04/2013 18:45:08:924 00000886              RhoRuby| require_compiled: rho/render
I/APP     ( 2158): I 03/04/2013 18:45:09:177 00000886              RhoRuby| require_compiled: rho/rho
I/APP     ( 2158): I 03/04/2013 18:45:09:886 00000886              RhoRuby| require_compiled: rho/rhoerror
I/APP     ( 2158): I 03/04/2013 18:45:10:052 00000886              RhoRuby| require_compiled: rhom/rhom_source
I/APP     ( 2158): I 03/04/2013 18:45:10:249 00000886              RhoRuby| require_compiled: rho/rhoviewhelpers
I/APP     ( 2158): I 03/04/2013 18:45:10:414 00000886              RhoRuby| require_compiled: rho
I/APP     ( 2158): I 03/04/2013 18:45:10:549 00000886                  APP| RHO loaded
I/APP     ( 2158): I 03/04/2013 18:45:10:596 00000886                  APP| Calling RHO.initialize
I/APP     ( 2158): I 03/04/2013 18:45:10:688 00000886                  APP| model file: Settings/settings
I/APP     ( 2158): I 03/04/2013 18:45:10:758 00000886                  APP| model file: Image/image
I/APP     ( 2158): I 03/04/2013 18:45:10:822 00000886                  APP| model file: Product/product
I/APP     ( 2158): I 03/04/2013 18:45:10:866 00000886                  APP| model file: Request/request
I/APP     ( 2158): I 03/04/2013 18:45:10:929 00000886                   DB| Open DB: /data/data/com.rhomobile.macotec/rhodata/db/syncdbuser.sqlite
I/APP     ( 2158): I 03/04/2013 18:45:11:101 00000886          GeoLocation| Creating singleton instance.
I/APP     ( 2158): I 03/04/2013 18:45:11:150 00000886            RhodesApp| Starting sync engine...
I/APP     ( 2158): I 03/04/2013 18:45:11:181 00000886                 Sync| sync_poll_interval: 0
I/APP     ( 2158): I 03/04/2013 18:45:11:227 00000886                 Sync| syncserver: 
I/APP     ( 2158): I 03/04/2013 18:45:11:268 00000886                 Sync| bulksync_state: 0
I/APP     ( 2158): I 03/04/2013 18:45:11:299 00000886            RhodesApp| RhoRubyInitApp...
I/APP     ( 2158): I 03/04/2013 18:45:11:339 00000886                  APP| init_app
I/APP     ( 2158): I 03/04/2013 18:45:11:374 00000886              RhoRuby| require_compiled: application
I/APP     ( 2158): I 03/04/2013 18:45:11:429 00000886                 Sync| Set notification. Source ID: -1;Url :http://localhost:8080/app/Settings/sync_notify; Params: 
I/APP     ( 2158): I 03/04/2013 18:45:11:451 00000886           HttpServer| Start HTTP server
I/APP     ( 2158): I 03/04/2013 18:45:11:454 00000886           HttpServer| Listen for connections on port 8080
I/APP     ( 2158): I 03/04/2013 18:45:11:468 00000886         AppCallbacks| addCommand: LOCAL-SERVER-STARTED
I/APP     ( 2158): I 03/04/2013 18:45:11:482 00000884         AppCallbacks| process command: LOCAL-SERVER-STARTED
I/APP     ( 2158): I 03/04/2013 18:45:11:484 00000884 RhodesAppActiveObserver| Ready
I/APP     ( 2158): I 03/04/2013 18:45:11:489 0000086e AndroidFunctionality| Disable WebView zoom
I/APP     ( 2158): I 03/04/2013 18:45:11:490 0000086e AndroidFunctionality| Set web plugins state 'OFF'
I/APP     ( 2158): I 03/04/2013 18:45:11:517 00000884    RhodesApplication| New AppState: AppActivated
V/EmulatedCamera_Factory(   38): getCameraInfo: id = 0
V/EmulatedCamera_Camera(   38): getCameraInfo
I/APP     ( 2158): I 03/04/2013 18:45:11:539 00000884         AppCallbacks| process command: UI-CREATED
V/EmulatedCamera_Factory(   38): getCameraInfo: id = 0
V/EmulatedCamera_Camera(   38): getCameraInfo
I/CameraService(   38): Opening camera 0
V/EmulatedCamera_Factory(   38): cameraDeviceOpen: id = 0
V/EmulatedCamera_Camera(   38): connectCamera
V/EmulatedCamera_FakeDevice(   38): connectDevice
V/EmulatedCamera_CallbackNotifier(   38): setCallbacks: 0x405954e9, 0x40595f9d, 0x40595f01, 0x40597359 (0x1e458)
V/EmulatedCamera_CallbackNotifier(   38): enableMessage: msg_type = 0x40d
V/EmulatedCamera_CallbackNotifier(   38):     CAMERA_MSG_ERROR
V/EmulatedCamera_CallbackNotifier(   38):     CAMERA_MSG_FOCUS
V/EmulatedCamera_CallbackNotifier(   38):     CAMERA_MSG_ZOOM
V/EmulatedCamera_CallbackNotifier(   38):     CAMERA_MSG_PREVIEW_METADATA
V/EmulatedCamera_CallbackNotifier(   38): **** Currently enabled messages:
V/EmulatedCamera_CallbackNotifier(   38):     CAMERA_MSG_ERROR
V/EmulatedCamera_CallbackNotifier(   38):     CAMERA_MSG_FOCUS
V/EmulatedCamera_CallbackNotifier(   38):     CAMERA_MSG_ZOOM
V/EmulatedCamera_CallbackNotifier(   38):     CAMERA_MSG_PREVIEW_METADATA
I/AwesomePlayer(   38): setDataSource_l('/system/media/audio/ui/camera_click.ogg')
I/APP     ( 2158): I 03/04/2013 18:45:11:698 00000886           HttpServer| Process URI: '/system/uicreated'
I/APP     ( 2158): I 03/04/2013 18:45:11:702 00000886                  APP| on_ui_created.navigate to start url: '/app'
I/APP     ( 2158): I 03/04/2013 18:45:11:746 00000884         AppCallbacks| process command: APP-ACTIVATED
I/APP     ( 2158): I 03/04/2013 18:45:11:825 00000886           HttpServer| Process URI: '/system/activateapp'
I/APP     ( 2158): I 03/04/2013 18:45:11:832 00000884         AppCallbacks| ThreadQueue blocked for 4294967295 seconds...
I/AwesomePlayer(   38): setDataSource_l('/system/media/audio/ui/VideoRecord.ogg')
V/EmulatedCamera_CallbackNotifier(   38): disableMessage: msg_type = 0x10
V/EmulatedCamera_CallbackNotifier(   38):     CAMERA_MSG_PREVIEW_FRAME
V/EmulatedCamera_CallbackNotifier(   38): **** Currently enabled messages:
V/EmulatedCamera_CallbackNotifier(   38):     CAMERA_MSG_ERROR
V/EmulatedCamera_CallbackNotifier(   38):     CAMERA_MSG_FOCUS
V/EmulatedCamera_CallbackNotifier(   38):     CAMERA_MSG_ZOOM
V/EmulatedCamera_CallbackNotifier(   38):     CAMERA_MSG_PREVIEW_METADATA
V/EmulatedCamera_CallbackNotifier(   38): disableMessage: msg_type = 0xffff
V/EmulatedCamera_CallbackNotifier(   38):     CAMERA_MSG_ERROR
V/EmulatedCamera_CallbackNotifier(   38):     CAMERA_MSG_SHUTTER
V/EmulatedCamera_CallbackNotifier(   38):     CAMERA_MSG_FOCUS
V/EmulatedCamera_CallbackNotifier(   38):     CAMERA_MSG_ZOOM
V/EmulatedCamera_CallbackNotifier(   38):     CAMERA_MSG_PREVIEW_FRAME
V/EmulatedCamera_CallbackNotifier(   38):     CAMERA_MSG_VIDEO_FRAME
V/EmulatedCamera_CallbackNotifier(   38):     CAMERA_MSG_POSTVIEW_FRAME
V/EmulatedCamera_CallbackNotifier(   38):     CAMERA_MSG_RAW_IMAGE
V/EmulatedCamera_CallbackNotifier(   38):     CAMERA_MSG_COMPRESSED_IMAGE
V/EmulatedCamera_CallbackNotifier(   38):     CAMERA_MSG_RAW_IMAGE_NOTIFY
V/EmulatedCamera_CallbackNotifier(   38):     CAMERA_MSG_PREVIEW_METADATA
V/EmulatedCamera_CallbackNotifier(   38): **** Currently enabled messages:
V/EmulatedCamera_Camera(   38): doStopPreview
V/EmulatedCamera_Camera(   38): cancelPicture
V/EmulatedCamera_Camera(   38): releaseCamera
V/EmulatedCamera_Camera(   38): doStopPreview
V/EmulatedCamera_FakeDevice(   38): disconnectDevice
I/CameraService(   38): Destroying camera 0
V/EmulatedCamera_Camera(   38): closeCamera
V/EmulatedCamera_Camera(   38): doStopPreview
W/AudioFlinger(   38): session id 43 not found for pid 38
V/EmulatedCamera_Factory(   38): getCameraInfo: id = 0
V/EmulatedCamera_Camera(   38): getCameraInfo
I/APP     ( 2158): I 03/04/2013 18:45:12:179 0000086e         SplashScreen| navigate: url=http://localhost:8080/app
I/APP     ( 2158): I 03/04/2013 18:45:12:182 0000086e         SplashScreen| DELAY for SplashScreen = 0
W/AudioFlinger(   38): session id 44 not found for pid 38
I/APP     ( 2158): I 03/04/2013 18:45:12:236 0000086e        GoogleWebView| Creating new RhoWebChromeClient
I/APP     ( 2158): I 03/04/2013 18:45:12:262 0000086e       SimpleMainView| Cleared URL: http://localhost:8080/app
V/SimpleMainView.View( 2158): ms[1362419112328]  Main Window :: onSizeChanged() old [ 480 x 762 ]  new [ 0 x 0 ]
I/APP     ( 2158): I 03/04/2013 18:45:12:377 0000086e        GoogleWebView| Setting RhoWebChromeClient
I/APP     ( 2158): I 03/04/2013 18:45:12:431 00000886           HttpServer| Process URI: '/app'
I/APP     ( 2158): I 03/04/2013 18:45:12:470 0000086e     RhoWebViewClient| Loading URL: http://localhost:8080/app/index_erb.iseq
I/APP     ( 2158): I 03/04/2013 18:45:12:509 00000886           HttpServer| Process URI: '/app/index_erb.iseq'
I/APP     ( 2158): I 03/04/2013 18:45:12:516 00000886                  APP| RHO serve_index: /app/index_erb.iseq
I/APP     ( 2158): I 03/04/2013 18:45:12:549 00000886 RHO Rho::RhoController| inst_render_index
I/APP     ( 2158): I 03/04/2013 18:45:12:610 00000886 RHO Rho::RhoController| index layout
I/APP     ( 2158): I 03/04/2013 18:45:12:694 00000886           HttpServer| GC Start.
I/APP     ( 2158): I 03/04/2013 18:45:12:792 00000886           HttpServer| GC End.
I/APP     ( 2158): I 03/04/2013 18:45:12:942 00000886           HttpServer| Process URI: '/public/js/request.js'
I/APP     ( 2158): I 03/04/2013 18:45:13:056 00000886           HttpServer| Process URI: '/public/jquery/jquery-1.6.4.min.js'
I/APP     ( 2158): I 03/04/2013 18:45:13:125 00000886           HttpServer| Process URI: '/public/jquery/jquery.json-2.3.min.js'
I/APP     ( 2158): I 03/04/2013 18:45:13:200 00000886           HttpServer| Process URI: '/public/jqmobile/jquery.mobile-1.0.1.min.css'
I/APP     ( 2158): I 03/04/2013 18:45:13:259 00000886           HttpServer| Process URI: '/public/css/jqmobile-patch.css'
I/APP     ( 2158): I 03/04/2013 18:45:13:291 00000886           HttpServer| Process URI: '/public/jqmobile/jquery.mobile-1.0.1.min.js'
I/APP     ( 2158): I 03/04/2013 18:45:13:382 00000886           HttpServer| Process URI: '/public/js/jqmobile-patch.js'
I/APP     ( 2158): I 03/04/2013 18:45:13:428 00000886           HttpServer| Process URI: '/public/css/macotec_style.css'
I/APP     ( 2158): I 03/04/2013 18:45:16:717 00000886           HttpServer| Process URI: '/public/images/macotec/logo.png'
I/APP     ( 2158): I 03/04/2013 18:45:17:331 00000886           HttpServer| Process URI: '/public/images/macotec/request_top.png'
I/APP     ( 2158): I 03/04/2013 18:45:17:409 00000886           HttpServer| Process URI: '/public/images/macotec/contact_png.png'
I/APP     ( 2158): I 03/04/2013 18:45:17:442 00000886           HttpServer| Process URI: '/public/images/macotec/products_png.png'
I/APP     ( 2158): I 03/04/2013 18:45:17:469 00000886           HttpServer| Process URI: '/public/images/macotec/info_png.png'
I/APP     ( 2158): I 03/04/2013 18:45:22:832 00000886           HttpServer| Process URI: '/app/Request/request'
I/APP     ( 2158): I 03/04/2013 18:45:22:834 00000886                  APP| RHO serve: /app/Request/request
I/APP     ( 2158): I 03/04/2013 18:45:22:838 00000886              RhoRuby| require_compiled: Request/request_controller
I/APP     ( 2158): I 03/04/2013 18:45:22:996 00000886              RhoRuby| require_compiled: helpers/browser_helper
I/APP     ( 2158): I 03/04/2013 18:45:23:030 00000886              RhoRuby| require_compiled: time
I/APP     ( 2158): I 03/04/2013 18:45:23:231 00000886              RhoRuby| require_compiled: date/format
I/APP     ( 2158): I 03/04/2013 18:45:23:575 00000886              RhoRuby| require_compiled: date
I/APP     ( 2158): I 03/04/2013 18:45:23:643 00000886              RhoRuby| require_compiled: dateOrig
D/dalvikvm( 2158): GC_CONCURRENT freed 901K, 8% free 12507K/13575K, paused 9ms+14ms
D/webviewglue( 2158): nativeDestroy view: 0x2865b8
I/APP     ( 2158): E 03/04/2013 18:45:23:946 00000886               RubyVM| lib/date.rb:14: warning: already initialized constant MONTHNAMES
I/APP     ( 2158): E 03/04/2013 18:45:23:949 00000886               RubyVM| lib/date.rb:15: warning: already initialized constant ABBR_MONTHNAMES
I/APP     ( 2158): E 03/04/2013 18:45:23:979 00000886               RubyVM| lib/date.rb:16: warning: already initialized constant DAYNAMES
I/APP     ( 2158): E 03/04/2013 18:45:23:981 00000886               RubyVM| lib/date.rb:17: warning: already initialized constant ABBR_DAYNAMES
I/APP     ( 2158): I 03/04/2013 18:45:24:013 00000886              RhoRuby| require_compiled: json
I/APP     ( 2158): I 03/04/2013 18:45:24:019 00000886              RhoRuby| require_compiled: json/common
I/APP     ( 2158): I 03/04/2013 18:45:24:084 00000886              RhoRuby| require_compiled: json/version
I/APP     ( 2158): I 03/04/2013 18:45:24:111 00000886              RhoRuby| require_compiled: json/pure
I/APP     ( 2158): I 03/04/2013 18:45:24:144 00000886              RhoRuby| require_compiled: json/pure/generator
I/APP     ( 2158): I 03/04/2013 18:45:24:214 00000886              RhoRuby| require_compiled: Connection/connection_controller
I/APP     ( 2158): I 03/04/2013 18:45:24:292 00000886           HttpServer| GC Start.
I/APP     ( 2158): I 03/04/2013 18:45:24:360 00000886           HttpServer| GC End.
I/APP     ( 2158): I 03/04/2013 18:45:24:627 00000886           HttpServer| Process URI: '/public/images/macotec/forklifter_full.png'
I/APP     ( 2158): I 03/04/2013 18:45:24:678 00000886           HttpServer| Process URI: '/public/images/macotec/request_contract.png'
I/APP     ( 2158): I 03/04/2013 18:45:24:891 00000886           HttpServer| Process URI: '/public/jqmobile/images/icons-36-white.png'
E/libEGL  ( 2158): call to OpenGL ES API with no current context (logged once per thread)
D/ShaderProgram( 2158): couldn't load the vertex shader!
E/libEGL  ( 2158): call to OpenGL ES API with no current context (logged once per thread)
D/ShaderProgram( 2158): couldn't load the vertex shader!
E/libEGL  ( 2158): call to OpenGL ES API with no current context (logged once per thread)
D/ShaderProgram( 2158): couldn't load the vertex shader!
E/libEGL  ( 2158): call to OpenGL ES API with no current context (logged once per thread)
D/ShaderProgram( 2158): couldn't load the vertex shader!
E/libEGL  ( 2158): call to OpenGL ES API with no current context (logged once per thread)
D/ShaderProgram( 2158): couldn't load the vertex shader!
I/APP     ( 2158): I 03/04/2013 18:45:28:067 00000886           HttpServer| Process URI: '/app/Request/request_project'
I/APP     ( 2158): I 03/04/2013 18:45:28:069 00000886                  APP| RHO serve: /app/Request/request_project
I/APP     ( 2158): I 03/04/2013 18:45:28:071 00000886                  APP| const_missing: Settings
I/APP     ( 2158): I 03/04/2013 18:45:28:072 00000886                  APP| load_model: Settings
I/APP     ( 2158): I 03/04/2013 18:45:28:112 00000886              RhoRuby| require_compiled: Settings/settings
I/APP     ( 2158): I 03/04/2013 18:45:28:161 00000886                  APP| model name: Settings
I/APP     ( 2158): I 03/04/2013 18:45:28:163 00000886                  APP| model class found
I/APP     ( 2158): I 03/04/2013 18:45:28:205 00000886                  APP| Settings : {"schema"=>{"property"=>{"company"=>[:string, nil], "phone"=>[:string, nil], "email"=>[:string, nil]}}}
I/APP     ( 2158): I 03/04/2013 18:45:28:231 00000886                   DB| Open DB: /data/data/com.rhomobile.macotec/rhodata/db/syncdblocal.sqlite
I/APP     ( 2158): I 03/04/2013 18:45:28:300 00000886                  APP| init_db_sources
I/APP     ( 2158): I 03/04/2013 18:45:28:404 00000886                  APP| start_id: 40005
I/APP     ( 2158): I 03/04/2013 18:45:28:407 00000886                  APP| Migrate schema sources: {}
I/APP     ( 2158): I 03/04/2013 18:45:28:722 00000886           HttpServer| GC Start.
I/APP     ( 2158): I 03/04/2013 18:45:28:777 00000886           HttpServer| GC End.
I/APP     ( 2158): I 03/04/2013 18:45:34:038 00000886           HttpServer| Process URI: '/app/Request/choose_existing'
I/APP     ( 2158): I 03/04/2013 18:45:34:082 00000886                  APP| RHO serve: /app/Request/choose_existing
I/APP     ( 2158): I 03/04/2013 18:45:34:239 00000886           HttpServer| GC Start.
I/APP     ( 2158): I 03/04/2013 18:45:34:292 00000886           HttpServer| GC End.
I/ActivityManager(   86): START {cmp=com.rhomobile.macotec/com.rhomobile.rhodes.camera.FileList (has extras)} from pid 2158
W/WindowManager(   86): Failure taking screenshot for (180x300) to layer 21010
I/APP     ( 2158): I 03/04/2013 18:45:34:543 0000086e AndroidFunctionality| Pause WebView
I/APP     ( 2158): I 03/04/2013 18:45:34:545 0000086e       RhodesActivity| onPause
I/APP     ( 2158): I 03/04/2013 18:45:34:595 00000886           HttpServer| Process URI: '/system/uidestroyed'
I/APP     ( 2158): I 03/04/2013 18:45:34:624 0000086e    RhodesApplication| New UiState: MainActivityPaused
D/RhodesService( 2158): +++ onStartCommand
I/RhodesService( 2158): handleCommand: startId=2, source=com.rhomobile.rhodes.BaseActivity
D/RhodesService( 2158): New activity was created
V/PhoneStatusBar(  141): setLightsOn(true)
I/Process (   86): Sending signal. PID: 2158 SIG: 3
I/dalvikvm( 2158): threadid=3: reacting to signal 3
I/dalvikvm( 2158): Wrote stack traces to '/data/anr/traces.txt'
I/ActivityManager(   86): Displayed com.rhomobile.macotec/com.rhomobile.rhodes.camera.FileList: +933ms
I/APP     ( 2158): I 03/04/2013 18:45:35:798 0000086e       RhodesActivity| onStop
I/APP     ( 2158): I 03/04/2013 18:45:36:617 0000086e             FileList| Selected file: /mnt/sdcard/DCIM/Camera/1362147242082.jpg
I/APP     ( 2158): I 03/04/2013 18:45:37:427 00000886           HttpServer| Process URI: '/app/Request/choose_existing_callback'
I/APP     ( 2158): I 03/04/2013 18:45:37:430 00000886                  APP| RHO serve: /app/Request/choose_existing_callback
I/APP     ( 2158): I 03/04/2013 18:45:37:471 00000886                  APP| Params: {"rho_callback"=>"1", "status"=>"ok", "image_uri"=>"db/db-files/1362147242082.jpg"}
W/WindowManager(   86): Failure taking screenshot for (180x300) to layer 21015
I/APP     ( 2158): I 03/04/2013 18:45:37:531 0000086e       SimpleMainView| Cleared URL: javascript:showImage("/data/data/com.rhomobile.macotec/rhodata/db/db-files/1362147242082.jpg");
I/APP     ( 2158): I 03/04/2013 18:45:37:569 00000886           HttpServer| GC Start.
I/APP     ( 2158): I 03/04/2013 18:45:37:631 0000086e       RhodesActivity| onStart
I/APP     ( 2158): I 03/04/2013 18:45:37:635 0000086e    RhodesApplication| New UiState: MainActivityStarted
I/APP     ( 2158): I 03/04/2013 18:45:37:675 0000086e       RhodesActivity| onResume
I/APP     ( 2158): I 03/04/2013 18:45:37:677 0000086e AndroidFunctionality| Resume WebView
V/PhoneStatusBar(  141): setLightsOn(true)
I/APP     ( 2158): I 03/04/2013 18:45:37:759 00000886           HttpServer| GC End.
I/APP     ( 2158): I 03/04/2013 18:45:37:776 00000886           HttpServer| Process URI: '/data/data/com.rhomobile.macotec/rhodata/db/db-files/1362147242082.jpg'
I/Process (   86): Sending signal. PID: 2158 SIG: 3
I/dalvikvm( 2158): threadid=3: reacting to signal 3
I/dalvikvm( 2158): Wrote stack traces to '/data/anr/traces.txt'
W/ThrottleService(   86): unable to find stats for iface rmnet0
I/APP     ( 2158): I 03/04/2013 18:45:45:794 00000886           HttpServer| Process URI: '/app/Request/submit_request_project'
I/APP     ( 2158): I 03/04/2013 18:45:45:798 00000886                  APP| RHO serve: /app/Request/submit_request_project
I/APP     ( 2158): I 03/04/2013 18:45:45:834 00000886                  APP| Params: {"project_number"=>"", "information"=>"", "hiddenImagePath"=>"/data/data/com.rhomobile.macotec/rhodata/db/db-files/1362147242082.jpg", "company"=>"Hasenbert", "phone"=>"0304987987", "email"=>"erwin@hasenbert.de"}
I/APP     ( 2158): I 03/04/2013 18:45:45:884 00000886            AsyncHttp| addCommand: Upload
I/APP     ( 2158): I 03/04/2013 18:45:45:967 00000895            AsyncHttp| Starting main routine...
I/APP     ( 2158): I 03/04/2013 18:45:46:013 00000895                  Net| POST request (Push): http://www.datenloft.com/macotec/send_request_project_test.php
I/APP     ( 2158): I 03/04/2013 18:45:46:087 00000886           HttpServer| GC Start.
I/APP     ( 2158): I 03/04/2013 18:45:46:154 00000886           HttpServer| GC End.
I/APP     ( 2158): I 03/04/2013 18:45:46:454 00000886           HttpServer| Process URI: '/app/Request/http_callback'
I/APP     ( 2158): I 03/04/2013 18:45:46:456 00000886                  APP| RHO serve: /app/Request/http_callback
I/APP     ( 2158): I 03/04/2013 18:45:46:490 00000886                  APP| Params: {"rho_callback"=>"1", "status"=>"ok", "http_error"=>"200", "headers"=>{"User-Agent"=>"Mozilla-5.0 (ANDROID; unknown generic; 4.0.4)"}, "__rho_object"=>{"body"=>"0"}}
I/APP     ( 2158): I 03/04/2013 18:45:50:512 0000086e       SimpleMainView| Cleared URL: http://localhost:8080/app/Request/submit_success?result=SUCCESS&message=
I/APP     ( 2158): I 03/04/2013 18:45:50:567 00000895            AsyncHttp| ThreadQueue blocked for 4294967295 seconds...
I/APP     ( 2158): I 03/04/2013 18:45:50:570 00000886           HttpServer| GC Start.
I/APP     ( 2158): I 03/04/2013 18:45:50:616 00000886           HttpServer| GC End.
I/APP     ( 2158): E 03/04/2013 18:45:50:619 00000886           HttpServer| Connection gracefully closed before we send any data
I/APP     ( 2158): E 03/04/2013 18:45:50:653 00000886           HttpServer| Parsing error
