I/APP     ( 2130): I 03/25/2013 17:07:36:496 00000868           HttpServer| Process URI: '/public/images/macotec/attention.png'
I/APP     ( 2130): I 03/25/2013 17:07:49:467 00000868           HttpServer| Process URI: '/app/Product/get_catalog_data'
I/APP     ( 2130): I 03/25/2013 17:07:49:473 00000868                  APP| RHO serve: /app/Product/get_catalog_data
I/APP     ( 2130): I 03/25/2013 17:07:49:540 00000868              RhoRuby| require_compiled: Product/product_controller
I/APP     ( 2130): I 03/25/2013 17:07:49:651 00000868              RhoRuby| require_compiled: helpers/browser_helper
I/APP     ( 2130): I 03/25/2013 17:07:49:705 00000868              RhoRuby| require_compiled: json
I/APP     ( 2130): I 03/25/2013 17:07:49:761 00000868              RhoRuby| require_compiled: json/common
I/APP     ( 2130): I 03/25/2013 17:07:49:847 00000868              RhoRuby| require_compiled: json/version
I/APP     ( 2130): I 03/25/2013 17:07:49:900 00000868              RhoRuby| require_compiled: json/pure
I/APP     ( 2130): I 03/25/2013 17:07:49:976 00000868              RhoRuby| require_compiled: json/pure/generator
I/APP     ( 2130): I 03/25/2013 17:07:50:124 00000868              RhoRuby| require_compiled: Connection/connection_controller
I/APP     ( 2130): I 03/25/2013 17:07:50:158 00000868              RhoRuby| require_compiled: date
I/APP     ( 2130): I 03/25/2013 17:07:50:189 00000868              RhoRuby| require_compiled: dateOrig
I/APP     ( 2130): I 03/25/2013 17:07:50:375 00000868              RhoRuby| require_compiled: date/format
D/dalvikvm( 2130): GC_CONCURRENT freed 927K, 8% free 12504K/13511K, paused 4ms+14ms
D/webviewglue( 2130): nativeDestroy view: 0x28bca0
I/APP     ( 2130): E 03/25/2013 17:07:50:715 00000868               RubyVM| lib/date.rb:14: warning: already initialized constant MONTHNAMES
I/APP     ( 2130): E 03/25/2013 17:07:50:717 00000868               RubyVM| lib/date.rb:15: warning: already initialized constant ABBR_MONTHNAMES
I/APP     ( 2130): E 03/25/2013 17:07:50:749 00000868               RubyVM| lib/date.rb:16: warning: already initialized constant DAYNAMES
I/APP     ( 2130): E 03/25/2013 17:07:50:751 00000868               RubyVM| lib/date.rb:17: warning: already initialized constant ABBR_DAYNAMES
I/APP     ( 2130): I 03/25/2013 17:07:50:782 00000868                  APP| ::::::::: get_catalog_data
I/APP     ( 2130): I 03/25/2013 17:07:50:785 00000868                  APP| const_missing: Device
I/APP     ( 2130): I 03/25/2013 17:07:50:811 00000868                  APP| load_model: Device
I/APP     ( 2130): I 03/25/2013 17:07:50:837 00000868              RhoRuby| require_compiled: Device/device
I/APP     ( 2130): I 03/25/2013 17:07:50:865 00000868                  APP| model name: Device
I/APP     ( 2130): I 03/25/2013 17:07:50:886 00000868                  APP| model class found
I/APP     ( 2130): I 03/25/2013 17:07:50:906 00000868                  APP| Device : {"schema"=>{"property"=>{"hardware_id"=>[:string, nil], "device_os"=>[:string, nil], "last_sync"=>[:date, nil], "device_os_version"=>[:string, nil], "token"=>[:string, nil], "model"=>[:string, nil], "locale"=>[:string, nil]}}}
I/APP     ( 2130): I 03/25/2013 17:07:50:927 00000868                   DB| Open DB: /data/data/com.rhomobile.macotec/rhodata/db/syncdblocal.sqlite
I/APP     ( 2130): I 03/25/2013 17:07:50:982 00000868                  APP| init_db_sources
I/APP     ( 2130): I 03/25/2013 17:07:51:032 00000868                  APP| start_id: 40006
I/APP     ( 2130): I 03/25/2013 17:07:51:036 00000868                  APP| Migrate schema sources: {}
I/APP     ( 2130): I 03/25/2013 17:07:51:086 00000868                  APP| found device:
I/APP     ( 2130): I 03/25/2013 17:07:51:090 00000868                  APP| {:source_id=>40004, :object=>"133448811100338.5", :hardware_id=>"7823dd1e-9f70-348d-86c3-3e1ec83a2e0a", :device_os=>"ANDROID", :last_sync=>"2013-03-25", :device_os_version=>"4.0.4", :token=>"", :model=>"unknown generic", :locale=>"en"}
I/APP     ( 2130): I 03/25/2013 17:07:51:119 00000868                  APP| const_missing: Product
I/APP     ( 2130): I 03/25/2013 17:07:51:121 00000868                  APP| load_model: Product
I/APP     ( 2130): I 03/25/2013 17:07:51:158 00000868              RhoRuby| require_compiled: Product/product
I/APP     ( 2130): I 03/25/2013 17:07:51:202 00000868                  APP| model name: Product
I/APP     ( 2130): I 03/25/2013 17:07:51:205 00000868                  APP| model class found
I/APP     ( 2130): I 03/25/2013 17:07:51:244 00000868                  APP| Product : {"schema"=>{"property"=>{"catalog_date"=>[:date, nil], "catalog_version"=>[:integer, nil], "category"=>[:string, nil], "category_name"=>[:string, nil], "category_img_url"=>[:string, nil], "sub_category"=>[:string, nil], "sub_category_name"=>[:string, nil], "sub_category_img_url"=>[:string, nil], "details"=>[:string, nil], "details_name"=>[:string, nil], "detail_img_url"=>[:string, nil], "header"=>[:string, nil], "attribute_title_1"=>[:string, nil], "attribute_title_2"=>[:string, nil], "attribute_title_3"=>[:string, nil], "attribute_title_4"=>[:string, nil], "attribute_title_5"=>[:string, nil], "attribute_list_title"=>[:string, nil], "attribute_1"=>[:string, nil], "attribute_2"=>[:string, nil], "attribute_3"=>[:string, nil], "attribute_4"=>[:string, nil], "attribute_5"=>[:string, nil], "attribute_list"=>[:string, nil]}}}
I/APP     ( 2130): I 03/25/2013 17:07:51:248 00000868                  APP| init_db_sources
I/APP     ( 2130): I 03/25/2013 17:07:51:276 00000868                  APP| start_id: 40006
I/APP     ( 2130): I 03/25/2013 17:07:51:280 00000868                  APP| Migrate schema sources: {}
I/APP     ( 2130): I 03/25/2013 17:07:51:365 00000868                  APP| else
I/APP     ( 2130): I 03/25/2013 17:07:51:368 00000868                  APP| String
I/APP     ( 2130): I 03/25/2013 17:07:51:429 00000852       SimpleMainView| Cleared URL: http://localhost:8080/app/Product
I/APP     ( 2130): I 03/25/2013 17:07:51:501 00000868           HttpServer| GC Start.
I/APP     ( 2130): I 03/25/2013 17:07:51:569 00000868           HttpServer| GC End.
I/APP     ( 2130): I 03/25/2013 17:07:51:572 00000868           HttpServer| Process URI: '/app/Product'
I/APP     ( 2130): I 03/25/2013 17:07:51:608 00000868                  APP| RHO serve: /app/Product
I/APP     ( 2130): I 03/25/2013 17:07:51:702 00000868 RHO ProductController| Layout file: /data/data/com.rhomobile.macotec/rhodata/apps/app/layout_erb.iseq. Content size: 3881
I/APP     ( 2130): I 03/25/2013 17:07:51:750 00000868           HttpServer| GC Start.
I/APP     ( 2130): I 03/25/2013 17:07:51:806 00000868           HttpServer| GC End.
I/APP     ( 2130): I 03/25/2013 17:07:53:650 00000868           HttpServer| Process URI: '/public/jqmobile/images/icons-36-white.png'
I/APP     ( 2130): I 03/25/2013 17:07:58:490 00000868           HttpServer| Process URI: '/app/Product/sub_categories'
I/APP     ( 2130): I 03/25/2013 17:07:58:492 00000868                  APP| RHO serve: /app/Product/sub_categories
I/APP     ( 2130): I 03/25/2013 17:07:58:526 00000868                  APP| Params: {"category"=>"rough_terrain_forklift_trucks"}
I/APP     ( 2130): I 03/25/2013 17:07:58:686 00000868           HttpServer| GC Start.
I/APP     ( 2130): I 03/25/2013 17:07:58:747 00000868           HttpServer| GC End.
E/libEGL  ( 2130): call to OpenGL ES API with no current context (logged once per thread)
D/ShaderProgram( 2130): couldn't load the vertex shader!
E/libEGL  ( 2130): call to OpenGL ES API with no current context (logged once per thread)
D/ShaderProgram( 2130): couldn't load the vertex shader!
E/libEGL  ( 2130): call to OpenGL ES API with no current context (logged once per thread)
D/ShaderProgram( 2130): couldn't load the vertex shader!
E/libEGL  ( 2130): call to OpenGL ES API with no current context (logged once per thread)
D/ShaderProgram( 2130): couldn't load the vertex shader!
E/libEGL  ( 2130): call to OpenGL ES API with no current context (logged once per thread)
D/ShaderProgram( 2130): couldn't load the vertex shader!
I/APP     ( 2130): I 03/25/2013 17:08:04:158 00000868           HttpServer| Process URI: '/app/Product/product_details'
I/APP     ( 2130): I 03/25/2013 17:08:04:160 00000868                  APP| RHO serve: /app/Product/product_details
I/APP     ( 2130): I 03/25/2013 17:08:04:194 00000868                  APP| Params: {"sub_category"=>"rough_terrain_forklift_trucks_4wd", "category"=>"rough_terrain_forklift_trucks"}
I/APP     ( 2130): I 03/25/2013 17:08:04:392 00000868           HttpServer| GC Start.
I/APP     ( 2130): I 03/25/2013 17:08:04:471 00000868           HttpServer| GC End.
I/APP     ( 2130): I 03/25/2013 17:08:06:911 00000868           HttpServer| Process URI: '/app/Request/request_rental'
I/APP     ( 2130): I 03/25/2013 17:08:06:913 00000868                  APP| RHO serve: /app/Request/request_rental
I/APP     ( 2130): I 03/25/2013 17:08:06:916 00000868              RhoRuby| require_compiled: Request/request_controller
I/APP     ( 2130): I 03/25/2013 17:08:07:035 00000868              RhoRuby| require_compiled: time
I/APP     ( 2130): I 03/25/2013 17:08:07:132 00000868                  APP| Params: {"details_name"=>"Gel\u00E4ndestapler Allrad", "category"=>"rough_terrain_forklift_trucks", "category_name"=>"Gel\u00E4ndestapler"}
I/APP     ( 2130): I 03/25/2013 17:08:07:135 00000868                  APP| ############### Gelndestapler Allrad
I/APP     ( 2130): I 03/25/2013 17:08:07:239 00000868                  APP| const_missing: Settings
I/APP     ( 2130): I 03/25/2013 17:08:07:242 00000868                  APP| load_model: Settings
I/APP     ( 2130): I 03/25/2013 17:08:07:282 00000868              RhoRuby| require_compiled: Settings/settings
I/APP     ( 2130): I 03/25/2013 17:08:07:321 00000868                  APP| model name: Settings
I/APP     ( 2130): I 03/25/2013 17:08:07:348 00000868                  APP| model class found
I/APP     ( 2130): I 03/25/2013 17:08:07:374 00000868                  APP| Settings : {"schema"=>{"property"=>{"company"=>[:string, nil], "phone"=>[:string, nil], "email"=>[:string, nil]}}}
I/APP     ( 2130): I 03/25/2013 17:08:07:402 00000868                  APP| init_db_sources
I/APP     ( 2130): I 03/25/2013 17:08:07:406 00000868                  APP| start_id: 40006
I/APP     ( 2130): I 03/25/2013 17:08:07:439 00000868                  APP| Migrate schema sources: {}
I/APP     ( 2130): I 03/25/2013 17:08:07:686 00000868           HttpServer| GC Start.
I/APP     ( 2130): I 03/25/2013 17:08:07:750 00000868           HttpServer| GC End.
D/dalvikvm(  174): GC_CONCURRENT freed 384K, 6% free 9533K/10119K, paused 4ms+4ms
W/InputManagerService(   90): Window already focused, ignoring focus gain of: com.android.internal.view.IInputMethodClient$Stub$Proxy@41440208
D/AndroidRuntime( 2173): 
D/AndroidRuntime( 2173): >>>>>> AndroidRuntime START com.android.internal.os.RuntimeInit <<<<<<
D/AndroidRuntime( 2173): CheckJNI is ON
D/AndroidRuntime( 2173): Calling main entry com.android.commands.pm.Pm
W/ActivityManager(   90): No content provider found for permission revoke: file:///data/local/tmp/MacoTec-debug.apk
W/ActivityManager(   90): No content provider found for permission revoke: file:///data/local/tmp/MacoTec-debug.apk
D/dalvikvm(   90): GC_CONCURRENT freed 294K, 11% free 11413K/12807K, paused 21ms+17ms
D/dalvikvm(   90): GC_CONCURRENT freed 277K, 10% free 11633K/12807K, paused 7ms+12ms
D/dalvikvm(   90): GC_CONCURRENT freed 472K, 9% free 11708K/12807K, paused 8ms+6ms
D/dalvikvm(   90): GC_CONCURRENT freed 602K, 9% free 11723K/12807K, paused 9ms+28ms
D/dalvikvm(   90): GC_CONCURRENT freed 625K, 9% free 11707K/12807K, paused 9ms+12ms
D/dalvikvm(   90): GC_CONCURRENT freed 587K, 9% free 11704K/12807K, paused 12ms+8ms
D/dalvikvm(   90): GC_CONCURRENT freed 601K, 9% free 11757K/12807K, paused 6ms+15ms
I/PackageManager(   90): Removing non-system package:com.rhomobile.macotec
I/ActivityManager(   90): Force stopping package com.rhomobile.macotec uid=10040
I/ActivityManager(   90): Killing proc 2130:com.rhomobile.macotec/10040: force stop
W/ActivityManager(   90): Force removing ActivityRecord{41421bd8 com.rhomobile.macotec/com.rhomobile.rhodes.RhodesActivity}: app died, no saved state
I/WindowManager(   90): WIN DEATH: Window{41382e08 com.rhomobile.macotec/com.rhomobile.rhodes.RhodesActivity paused=false}
W/NetworkManagementSocketTagger(   90): setKernelCountSet(10040, 0) failed with errno -2
W/NetworkManagementSocketTagger(   90): setKernelCountSet(10009, 1) failed with errno -2
I/PackageManager(   90): Package com.rhomobile.macotec codePath changed from /data/app/com.rhomobile.macotec-1.apk to /data/app/com.rhomobile.macotec-2.apk; Retaining data and using new
W/InputManagerService(   90): Got RemoteException sending setActive(false) notification to pid 2130 uid 10040
I/PackageManager(   90): Running dexopt on: com.rhomobile.macotec
D/dalvikvm( 2184): DexOpt: load 434ms, verify+opt 2501ms
W/PackageManager(   90): Code path for pkg : com.rhomobile.macotec changing from /data/app/com.rhomobile.macotec-1.apk to /data/app/com.rhomobile.macotec-2.apk
W/PackageManager(   90): Resource path for pkg : com.rhomobile.macotec changing from /data/app/com.rhomobile.macotec-1.apk to /data/app/com.rhomobile.macotec-2.apk
I/ActivityManager(   90): Force stopping package com.rhomobile.macotec uid=10040
D/PackageManager(   90): New package installed in /data/app/com.rhomobile.macotec-2.apk
I/ActivityManager(   90): Force stopping package com.rhomobile.macotec uid=10040
D/dalvikvm(  190): GC_EXPLICIT freed 256K, 6% free 11325K/12039K, paused 14ms+5ms
D/dalvikvm(  242): GC_EXPLICIT freed 146K, 4% free 9391K/9735K, paused 41ms+5ms
D/dalvikvm(   90): GC_EXPLICIT freed 624K, 9% free 11698K/12807K, paused 6ms+15ms
D/PackageManager(   90): generateServicesMap(android.accounts.AccountAuthenticator): 2 services unchanged
D/PackageManager(   90): generateServicesMap(android.content.SyncAdapter): 4 services unchanged
D/BackupManagerService(   90): Received broadcast Intent { act=android.intent.action.PACKAGE_REMOVED dat=package:com.rhomobile.macotec flg=0x10000010 (has extras) }
I/AccountTypeManager(  317): Loaded meta-data for 1 account types, 0 accounts in 9ms(wall) 6ms(cpu)
D/PackageManager(   90): generateServicesMap(android.accounts.AccountAuthenticator): 2 services unchanged
D/PackageManager(   90): generateServicesMap(android.content.SyncAdapter): 4 services unchanged
D/BackupManagerService(   90): Received broadcast Intent { act=android.intent.action.PACKAGE_ADDED dat=package:com.rhomobile.macotec flg=0x10000010 (has extras) }
V/BackupManagerService(   90): updatePackageParticipantsLocked: #1
W/RecognitionManagerService(   90): no available voice recognition services found
I/AccountTypeManager(  317): Loaded meta-data for 1 account types, 0 accounts in 261ms(wall) 6ms(cpu)
D/BackupManagerService(   90): Received broadcast Intent { act=android.intent.action.PACKAGE_REPLACED dat=package:com.rhomobile.macotec flg=0x10000010 (has extras) }
V/BackupManagerService(   90): updatePackageParticipantsLocked: #1
D/dalvikvm(   90): GC_CONCURRENT freed 910K, 11% free 11416K/12807K, paused 5ms+9ms
D/dalvikvm(   90): GC_EXPLICIT freed 174K, 13% free 11247K/12807K, paused 20ms+20ms
D/AndroidRuntime( 2173): Shutting down VM
D/dalvikvm( 2173): GC_CONCURRENT freed 97K, 79% free 450K/2048K, paused 1ms+1ms
I/AndroidRuntime( 2173): NOTE: attach of thread 'Binder Thread #3' failed
D/AndroidRuntime( 2192): 
D/AndroidRuntime( 2192): >>>>>> AndroidRuntime START com.android.internal.os.RuntimeInit <<<<<<
D/AndroidRuntime( 2192): CheckJNI is ON
D/AndroidRuntime( 2192): Calling main entry com.android.commands.am.Am
I/ActivityManager(   90): START {act=android.intent.action.MAIN flg=0x10000000 cmp=com.rhomobile.macotec/com.rhomobile.rhodes.RhodesActivity} from pid 2192
W/WindowManager(   90): Failure taking screenshot for (180x300) to layer 21005
D/AndroidRuntime( 2192): Shutting down VM
I/AndroidRuntime( 2192): NOTE: attach of thread 'Binder Thread #3' failed
D/dalvikvm( 2192): GC_CONCURRENT freed 97K, 77% free 480K/2048K, paused 2ms+4ms
I/ActivityManager(   90): Start proc com.rhomobile.macotec for activity com.rhomobile.macotec/com.rhomobile.rhodes.RhodesActivity: pid=2203 uid=10040 gids={3003, 1006}
I/dalvikvm( 2203): Turning on JNI app bug workarounds for target SDK version 4...
W/NetworkManagementSocketTagger(   90): setKernelCountSet(10040, 1) failed with errno -2
I/Process (   90): Sending signal. PID: 2203 SIG: 3
I/dalvikvm( 2203): threadid=3: reacting to signal 3
I/dalvikvm( 2203): Wrote stack traces to '/data/anr/traces.txt'
D/dalvikvm( 2203): Trying to load lib /data/data/com.rhomobile.macotec/lib/librhodes.so 0x412a5a48
D/dalvikvm( 2203): Added shared lib /data/data/com.rhomobile.macotec/lib/librhodes.so 0x412a5a48
I/Process (   90): Sending signal. PID: 2203 SIG: 3
I/dalvikvm( 2203): threadid=3: reacting to signal 3
I/dalvikvm( 2203): Wrote stack traces to '/data/anr/traces.txt'
D/dalvikvm( 2203): Trying to load lib /data/data/com.rhomobile.macotec/lib/librhodes.so 0x412a5a48
D/dalvikvm( 2203): Shared lib '/data/data/com.rhomobile.macotec/lib/librhodes.so' already loaded in same CL 0x412a5a48
I/ActivityThread( 2203): Pub com.rhomobile.macotec: com.rhomobile.rhodes.LocalFileProvider
I/RhodesApplication( 2203): Initializing...
D/RhoFileApi( 2203): App root path: /data/data/com.rhomobile.macotec/rhodata/
D/RhoFileApi( 2203): Sqlite journals path: /data/data/com.rhomobile.macotec/sqlite_stmt_journals/
D/RhoFileApi( 2203): Shared path: /data/data/com.rhomobile.macotec/rhodata/
D/RhodesApplication( 2203): Root path: /data/data/com.rhomobile.macotec/rhodata/
I/RhodesApplication( 2203): Application hash was changed
D/RhoFileApi( 2203): Copy hash to FS
D/RhoFileApi( 2203): File hash copied
D/RhoFileApi( 2203): Copy rho.dat to FS
D/RhoFileApi( 2203): File rho.dat copied
D/RhoFileApi( 2203): Copy apps/rhoconfig.txt to FS
D/RhoFileApi( 2203): File apps/rhoconfig.txt copied
I/RhoFileApi( 2203): Opening stat table from FS: /data/data/com.rhomobile.macotec/rhodata/rho.dat
I/Process (   90): Sending signal. PID: 2203 SIG: 3
I/dalvikvm( 2203): threadid=3: reacting to signal 3
I/dalvikvm( 2203): Wrote stack traces to '/data/anr/traces.txt'
D/RhoFileApi( 2203): Copy apps/rhoconfig.txt to FS
D/RhoFileApi( 2203): File apps/rhoconfig.txt copied
D/RhoFileApi( 2203): App root path: /data/data/com.rhomobile.macotec/rhodata/
D/RhoFileApi( 2203): Sqlite journals path: /data/data/com.rhomobile.macotec/sqlite_stmt_journals/
D/RhoFileApi( 2203): Shared path: /data/data/com.rhomobile.macotec/rhodata/
I/APP     ( 2203): I 03/25/2013 17:10:25:536 0000089b    RhodesApplication| Initialized
I/APP     ( 2203): I 03/25/2013 17:10:25:590 0000089b         BaseActivity| New screen properties - width: 480, height: 800, orientation: 1
D/dalvikvm( 2203): GC_CONCURRENT freed 309K, 5% free 9195K/9607K, paused 8ms+4ms
I/APP     ( 2203): I 03/25/2013 17:10:25:773 0000089b         SplashScreen| Looking for start page source
I/Process (   90): Sending signal. PID: 2203 SIG: 3
I/dalvikvm( 2203): threadid=3: reacting to signal 3
I/dalvikvm( 2203): Wrote stack traces to '/data/anr/traces.txt'
D/dalvikvm( 2203): GC_FOR_ALLOC freed 16K, 4% free 9229K/9607K, paused 49ms
I/dalvikvm-heap( 2203): Grow heap (frag case) to 12.148MB for 3217300-byte allocation
D/dalvikvm( 2203): GC_CONCURRENT freed 1K, 4% free 12370K/12807K, paused 20ms+21ms
I/Process (   90): Sending signal. PID: 2203 SIG: 3
I/dalvikvm( 2203): threadid=3: reacting to signal 3
I/dalvikvm( 2203): Wrote stack traces to '/data/anr/traces.txt'
I/APP     ( 2203): I 03/25/2013 17:10:26:647 0000089b         SplashScreen| Done
I/APP     ( 2203): I 03/25/2013 17:10:26:651 0000089b    RhodesApplication| New UiState: MainActivityCreated
I/APP     ( 2203): I 03/25/2013 17:10:26:685 0000089b       RhodesActivity| onStart
I/APP     ( 2203): I 03/25/2013 17:10:26:689 0000089b    RhodesApplication| New UiState: MainActivityStarted
I/APP     ( 2203): I 03/25/2013 17:10:26:714 0000089b       RhodesActivity| onResume
I/APP     ( 2203): I 03/25/2013 17:10:26:720 0000089b AndroidFunctionality| Resume WebView
I/APP     ( 2203): I 03/25/2013 17:10:26:768 0000089b        RhodesService| onCreate
I/APP     ( 2203): I 03/25/2013 17:10:26:771 0000089b    LocalFileProvider| Revoke URI permissions: content:///com.rhomobile.macotec
W/ActivityManager(   90): No content provider found for permission revoke: content:///com.rhomobile.macotec
I/APP     ( 2203): I 03/25/2013 17:10:26:802 0000089b               Rhodes| Loading...
I/APP     ( 2203): I 03/25/2013 17:10:26:823 0000089b            RhodesApp| Trying to get free listening port.
I/APP     ( 2203): I 03/25/2013 17:10:26:826 0000089b            RhodesApp| Trying to bind of 8080 port...
I/Process (   90): Sending signal. PID: 2203 SIG: 3
I/dalvikvm( 2203): threadid=3: reacting to signal 3
I/dalvikvm( 2203): Wrote stack traces to '/data/anr/traces.txt'
I/APP     ( 2203): I 03/25/2013 17:10:26:882 0000089b            RhodesApp| Got port to bind on: 8080
I/APP     ( 2203): I 03/25/2013 17:10:26:884 0000089b            RhodesApp| Free listening port: 8080
I/APP     ( 2203): I 03/25/2013 17:10:26:897 000008af         AppCallbacks| Starting main routine...
I/APP     ( 2203): I 03/25/2013 17:10:26:918 000008af         AppCallbacks| ThreadQueue blocked for 4294967295 seconds...
I/APP     ( 2203): I 03/25/2013 17:10:27:011 0000089b        RhodesService| Push is disabled
I/APP     ( 2203): I 03/25/2013 17:10:27:016 0000089b            RhodesApp| callAppActiveCallback
I/APP     ( 2203): I 03/25/2013 17:10:27:049 0000089b         AppCallbacks| addCommand: APP-ACTIVATED
I/APP     ( 2203): I 03/25/2013 17:10:27:053 000008af         AppCallbacks| Received command APP-ACTIVATED which is greater than expected (LOCAL-SERVER-STARTED) - postpone it
I/APP     ( 2203): I 03/25/2013 17:10:27:118 000008af         AppCallbacks| ThreadQueue blocked for 4294967295 seconds...
I/APP     ( 2203): I 03/25/2013 17:10:27:171 0000089b         AppActivated| Cannot commit now, application will be activated when started.
I/APP     ( 2203): I 03/25/2013 17:10:27:261 0000089b    RhodesApplication| New AppState: Undefined
I/APP     ( 2203): I 03/25/2013 17:10:27:221 000008b1            RhodesApp| Starting RhodesApp main routine...
D/RhodesService( 2203): +++ onStartCommand
I/RhodesService( 2203): handleCommand: startId=1, source=com.rhomobile.rhodes.BaseActivity
D/RhodesService( 2203): New activity was created
I/Process (   90): Sending signal. PID: 2203 SIG: 3
I/APP     ( 2203): I 03/25/2013 17:10:27:688 0000089b        RhodesService| onBind
I/dalvikvm( 2203): threadid=3: reacting to signal 3
E/dalvikvm( 2203): Unable to open stack trace file '/data/anr/traces.txt': Permission denied
I/Process (   90): Sending signal. PID: 2203 SIG: 3
I/dalvikvm( 2203): threadid=3: reacting to signal 3
E/dalvikvm( 2203): Unable to open stack trace file '/data/anr/traces.txt': Permission denied
I/Process (   90): Sending signal. PID: 2203 SIG: 3
I/dalvikvm( 2203): threadid=3: reacting to signal 3
I/dalvikvm( 2203): Wrote stack traces to '/data/anr/traces.txt'
I/APP     ( 2203): I 03/25/2013 17:10:29:567 0000089b         AppCallbacks| addCommand: UI-CREATED
I/APP     ( 2203): I 03/25/2013 17:10:29:683 000008af         AppCallbacks| Received command UI-CREATED which is greater than expected (LOCAL-SERVER-STARTED) - postpone it
I/APP     ( 2203): I 03/25/2013 17:10:29:719 000008af         AppCallbacks| ThreadQueue blocked for 4294967295 seconds...
I/Process (   90): Sending signal. PID: 2203 SIG: 3
I/dalvikvm( 2203): threadid=3: reacting to signal 3
V/PhoneStatusBar(  148): setLightsOn(true)
E/dalvikvm( 2203): Unable to open stack trace file '/data/anr/traces.txt': Permission denied
I/Process (   90): Sending signal. PID: 2203 SIG: 3
I/dalvikvm( 2203): threadid=3: reacting to signal 3
I/dalvikvm( 2203): Wrote stack traces to '/data/anr/traces.txt'
I/APP     ( 2203): I 03/25/2013 17:10:31:054 0000089b       RhodesActivity| onServiceConnected: {com.rhomobile.macotec/com.rhomobile.rhodes.RhodesService}
I/APP     ( 2203): I 03/25/2013 17:10:31:142 0000089b       RhodesActivity| New start parameters: 
I/Process (   90): Sending signal. PID: 2203 SIG: 3
I/APP     ( 2203): I 03/25/2013 17:10:31:222 0000089b            RhodesApp| New start params: 
I/dalvikvm( 2203): threadid=3: reacting to signal 3
I/dalvikvm( 2203): Wrote stack traces to '/data/anr/traces.txt'
I/Process (   90): Sending signal. PID: 2203 SIG: 3
I/dalvikvm( 2203): threadid=3: reacting to signal 3
D/gralloc_goldfish( 2203): Emulator without GPU emulation detected.
I/dalvikvm( 2203): Wrote stack traces to '/data/anr/traces.txt'
W/ActivityManager(   90): Launch timeout has expired, giving up wake lock!
I/APP     ( 2203): I 03/25/2013 17:10:32:303 000008b1              RhoRuby| Init_RhoBlobs: /data/data/com.rhomobile.macotec/rhodata/db/db-files
I/ActivityManager(   90): Displayed com.rhomobile.macotec/com.rhomobile.rhodes.RhodesActivity: +10s102ms
I/APP     ( 2203): I 03/25/2013 17:10:32:451 000008b1              RhoRuby| require_compiled: rhoframework
I/APP     ( 2203): I 03/25/2013 17:10:32:671 000008b1              RhoRuby| require_compiled: rational
I/APP     ( 2203): I 03/25/2013 17:10:32:695 000008b1              RhoRuby| require_compiled: rhom/rhom_db_adapter
I/APP     ( 2203): I 03/25/2013 17:10:32:814 000008b1              RhoRuby| require_compiled: rhodes
I/APP     ( 2203): I 03/25/2013 17:10:32:864 000008b1              RhoRuby| require_compiled: rhom/rhom_object
I/APP     ( 2203): I 03/25/2013 17:10:32:918 000008b1              RhoRuby| require_compiled: rhofsconnector
I/APP     ( 2203): I 03/25/2013 17:10:32:924 000008b1              RhoRuby| require_compiled: rho/rhofsconnector
I/APP     ( 2203): I 03/25/2013 17:10:32:989 000008b1              RhoRuby| require_compiled: rhom/rhom_object_factory
W/NetworkManagementSocketTagger(   90): setKernelCountSet(10009, 0) failed with errno -2
I/APP     ( 2203): I 03/25/2013 17:10:33:222 000008b1              RhoRuby| require_compiled: rhom/rhom
I/APP     ( 2203): I 03/25/2013 17:10:33:273 000008b1              RhoRuby| require_compiled: rhom/rhom_model
I/APP     ( 2203): I 03/25/2013 17:10:33:316 000008b1              RhoRuby| require_compiled: rhom
I/APP     ( 2203): I 03/25/2013 17:10:33:321 000008b1              RhoRuby| require_compiled: rho/rhoapplication
I/APP     ( 2203): I 03/25/2013 17:10:33:385 000008b1              RhoRuby| require_compiled: rholang/localization_simplified
I/APP     ( 2203): I 03/25/2013 17:10:33:433 000008b1              RhoRuby| require_compiled: rho/rhomsg
I/APP     ( 2203): I 03/25/2013 17:10:33:462 000008b1              RhoRuby| require_compiled: rho/rhotabbar
I/APP     ( 2203): I 03/25/2013 17:10:33:492 000008b1              RhoRuby| require_compiled: rho/rhotoolbar
I/APP     ( 2203): I 03/25/2013 17:10:33:518 000008b1                  APP| Current locale: ; Country code: 
I/APP     ( 2203): I 03/25/2013 17:10:33:542 000008b1                  APP| Locilized file: /data/data/com.rhomobile.macotec/rhodata/lib/rholang/lang_
I/APP     ( 2203): I 03/25/2013 17:10:33:569 000008b1              RhoRuby| require_compiled: /data/data/com.rhomobile.macotec/rhodata/lib/rholang/lang_en
I/APP     ( 2203): I 03/25/2013 17:10:33:604 000008b1                  APP| Locilized file: /data/data/com.rhomobile.macotec/rhodata/apps/app/lang/lang_
I/APP     ( 2203): I 03/25/2013 17:10:33:607 000008b1              RhoRuby| require_compiled: /data/data/com.rhomobile.macotec/rhodata/apps/app/lang/lang_en
I/APP     ( 2203): I 03/25/2013 17:10:33:649 000008b1                  APP| Locilized file: /data/data/com.rhomobile.macotec/rhodata/lib/rholang/rhoerror_
I/APP     ( 2203): I 03/25/2013 17:10:33:653 000008b1              RhoRuby| require_compiled: /data/data/com.rhomobile.macotec/rhodata/lib/rholang/rhoerror_en
I/APP     ( 2203): I 03/25/2013 17:10:33:695 000008b1                  APP| Locilized file: /data/data/com.rhomobile.macotec/rhodata/lib/rholang/rhomsg_
I/APP     ( 2203): I 03/25/2013 17:10:33:698 000008b1              RhoRuby| require_compiled: /data/data/com.rhomobile.macotec/rhodata/lib/rholang/rhomsg_en
I/APP     ( 2203): I 03/25/2013 17:10:33:742 000008b1              RhoRuby| require_compiled: indifferent_access
I/APP     ( 2203): I 03/25/2013 17:10:33:782 000008b1              RhoRuby| require_compiled: rho/rhosupport
I/APP     ( 2203): I 03/25/2013 17:10:33:838 000008b1              RhoRuby| require_compiled: rho/rhocontroller
I/APP     ( 2203): I 03/25/2013 17:10:33:882 000008b1              RhoRuby| require_compiled: rho/render
I/APP     ( 2203): I 03/25/2013 17:10:33:942 000008b1              RhoRuby| require_compiled: rho/rho
I/APP     ( 2203): I 03/25/2013 17:10:34:123 000008b1              RhoRuby| require_compiled: rho/rhoerror
I/APP     ( 2203): I 03/25/2013 17:10:34:150 000008b1              RhoRuby| require_compiled: rhom/rhom_source
I/APP     ( 2203): I 03/25/2013 17:10:34:208 000008b1              RhoRuby| require_compiled: rho/rhoviewhelpers
I/APP     ( 2203): I 03/25/2013 17:10:34:254 000008b1              RhoRuby| require_compiled: rho
I/APP     ( 2203): I 03/25/2013 17:10:34:260 000008b1                  APP| RHO loaded
I/APP     ( 2203): I 03/25/2013 17:10:34:293 000008b1                  APP| Calling RHO.initialize
I/APP     ( 2203): I 03/25/2013 17:10:34:317 000008b1                  APP| model file: Device/device
I/APP     ( 2203): I 03/25/2013 17:10:34:322 000008b1                  APP| model file: Settings/settings
I/APP     ( 2203): I 03/25/2013 17:10:34:350 000008b1                  APP| model file: Devproduct/devproduct
I/APP     ( 2203): I 03/25/2013 17:10:34:353 000008b1                  APP| model file: Image/image
I/APP     ( 2203): I 03/25/2013 17:10:34:379 000008b1                  APP| model file: Product/product
I/APP     ( 2203): I 03/25/2013 17:10:34:381 000008b1                  APP| model file: Request/request
I/APP     ( 2203): I 03/25/2013 17:10:34:397 000008b1                   DB| Open DB: /data/data/com.rhomobile.macotec/rhodata/db/syncdbuser.sqlite
I/APP     ( 2203): I 03/25/2013 17:10:34:441 000008b1          GeoLocation| Creating singleton instance.
I/APP     ( 2203): I 03/25/2013 17:10:34:444 000008b1            RhodesApp| Starting sync engine...
I/APP     ( 2203): I 03/25/2013 17:10:34:470 000008b1                 Sync| sync_poll_interval: 0
I/APP     ( 2203): I 03/25/2013 17:10:34:473 000008b1                 Sync| syncserver: 
I/APP     ( 2203): I 03/25/2013 17:10:34:491 000008b1                 Sync| bulksync_state: 0
I/APP     ( 2203): I 03/25/2013 17:10:34:497 000008b1            RhodesApp| RhoRubyInitApp...
I/APP     ( 2203): I 03/25/2013 17:10:34:504 000008b1                  APP| init_app
I/APP     ( 2203): I 03/25/2013 17:10:34:523 000008b1              RhoRuby| require_compiled: application
I/APP     ( 2203): I 03/25/2013 17:10:34:554 000008b1                 Sync| Set notification. Source ID: -1;Url :http://localhost:8080/app/Settings/sync_notify; Params: 
I/APP     ( 2203): I 03/25/2013 17:10:34:568 000008b1           HttpServer| Start HTTP server
I/APP     ( 2203): I 03/25/2013 17:10:34:574 000008b1           HttpServer| Listen for connections on port 8080
I/APP     ( 2203): I 03/25/2013 17:10:34:587 000008b1         AppCallbacks| addCommand: LOCAL-SERVER-STARTED
I/APP     ( 2203): I 03/25/2013 17:10:34:594 000008af         AppCallbacks| process command: LOCAL-SERVER-STARTED
I/APP     ( 2203): I 03/25/2013 17:10:34:595 000008af RhodesAppActiveObserver| Ready
I/APP     ( 2203): I 03/25/2013 17:10:34:600 0000089b AndroidFunctionality| Disable WebView zoom
I/APP     ( 2203): I 03/25/2013 17:10:34:601 0000089b AndroidFunctionality| Set web plugins state 'OFF'
I/APP     ( 2203): I 03/25/2013 17:10:34:633 000008af    RhodesApplication| New AppState: AppActivated
I/APP     ( 2203): I 03/25/2013 17:10:34:635 000008af         AppCallbacks| process command: UI-CREATED
V/EmulatedCamera_Factory(   38): getCameraInfo: id = 0
V/EmulatedCamera_Camera(   38): getCameraInfo
V/EmulatedCamera_Factory(   38): getCameraInfo: id = 0
V/EmulatedCamera_Camera(   38): getCameraInfo
I/CameraService(   38): Opening camera 0
V/EmulatedCamera_Factory(   38): cameraDeviceOpen: id = 0
V/EmulatedCamera_Camera(   38): connectCamera
V/EmulatedCamera_FakeDevice(   38): connectDevice
V/EmulatedCamera_CallbackNotifier(   38): setCallbacks: 0x405954e9, 0x40595f9d, 0x40595f01, 0x40597359 (0x1cb40)
V/EmulatedCamera_CallbackNotifier(   38): enableMessage: msg_type = 0x40d
V/EmulatedCamera_CallbackNotifier(   38):     CAMERA_MSG_ERROR
V/EmulatedCamera_CallbackNotifier(   38):     CAMERA_MSG_FOCUS
V/EmulatedCamera_CallbackNotifier(   38):     CAMERA_MSG_ZOOM
V/EmulatedCamera_CallbackNotifier(   38):     CAMERA_MSG_PREVIEW_METADATA
V/EmulatedCamera_CallbackNotifier(   38): **** Currently enabled messages:
V/EmulatedCamera_CallbackNotifier(   38):     CAMERA_MSG_ERROR
V/EmulatedCamera_CallbackNotifier(   38):     CAMERA_MSG_FOCUS
V/EmulatedCamera_CallbackNotifier(   38):     CAMERA_MSG_ZOOM
V/EmulatedCamera_CallbackNotifier(   38):     CAMERA_MSG_PREVIEW_METADATA
I/AwesomePlayer(   38): setDataSource_l('/system/media/audio/ui/camera_click.ogg')
I/APP     ( 2203): I 03/25/2013 17:10:34:837 000008b1           HttpServer| Process URI: '/system/uicreated'
I/APP     ( 2203): I 03/25/2013 17:10:34:843 000008b1                  APP| on_ui_created.navigate to start url: '/app'
I/APP     ( 2203): I 03/25/2013 17:10:34:934 000008af         AppCallbacks| process command: APP-ACTIVATED
I/APP     ( 2203): I 03/25/2013 17:10:34:966 000008b1           HttpServer| Process URI: '/system/activateapp'
I/APP     ( 2203): I 03/25/2013 17:10:35:008 000008af         AppCallbacks| ThreadQueue blocked for 4294967295 seconds...
I/AwesomePlayer(   38): setDataSource_l('/system/media/audio/ui/VideoRecord.ogg')
V/EmulatedCamera_CallbackNotifier(   38): disableMessage: msg_type = 0x10
V/EmulatedCamera_CallbackNotifier(   38):     CAMERA_MSG_PREVIEW_FRAME
V/EmulatedCamera_CallbackNotifier(   38): **** Currently enabled messages:
V/EmulatedCamera_CallbackNotifier(   38):     CAMERA_MSG_ERROR
V/EmulatedCamera_CallbackNotifier(   38):     CAMERA_MSG_FOCUS
V/EmulatedCamera_CallbackNotifier(   38):     CAMERA_MSG_ZOOM
V/EmulatedCamera_CallbackNotifier(   38):     CAMERA_MSG_PREVIEW_METADATA
V/EmulatedCamera_CallbackNotifier(   38): disableMessage: msg_type = 0xffff
V/EmulatedCamera_CallbackNotifier(   38):     CAMERA_MSG_ERROR
V/EmulatedCamera_CallbackNotifier(   38):     CAMERA_MSG_SHUTTER
V/EmulatedCamera_CallbackNotifier(   38):     CAMERA_MSG_FOCUS
V/EmulatedCamera_CallbackNotifier(   38):     CAMERA_MSG_ZOOM
V/EmulatedCamera_CallbackNotifier(   38):     CAMERA_MSG_PREVIEW_FRAME
V/EmulatedCamera_CallbackNotifier(   38):     CAMERA_MSG_VIDEO_FRAME
V/EmulatedCamera_CallbackNotifier(   38):     CAMERA_MSG_POSTVIEW_FRAME
V/EmulatedCamera_CallbackNotifier(   38):     CAMERA_MSG_RAW_IMAGE
V/EmulatedCamera_CallbackNotifier(   38):     CAMERA_MSG_COMPRESSED_IMAGE
V/EmulatedCamera_CallbackNotifier(   38):     CAMERA_MSG_RAW_IMAGE_NOTIFY
V/EmulatedCamera_CallbackNotifier(   38):     CAMERA_MSG_PREVIEW_METADATA
V/EmulatedCamera_CallbackNotifier(   38): **** Currently enabled messages:
V/EmulatedCamera_Camera(   38): doStopPreview
V/EmulatedCamera_Camera(   38): cancelPicture
V/EmulatedCamera_Camera(   38): releaseCamera
V/EmulatedCamera_Camera(   38): doStopPreview
V/EmulatedCamera_FakeDevice(   38): disconnectDevice
I/CameraService(   38): Destroying camera 0
V/EmulatedCamera_Camera(   38): closeCamera
V/EmulatedCamera_Camera(   38): doStopPreview
W/AudioFlinger(   38): session id 47 not found for pid 38
W/AudioFlinger(   38): session id 48 not found for pid 38
V/EmulatedCamera_Factory(   38): getCameraInfo: id = 0
V/EmulatedCamera_Camera(   38): getCameraInfo
I/APP     ( 2203): I 03/25/2013 17:10:35:390 0000089b         SplashScreen| navigate: url=http://localhost:8080/app
I/APP     ( 2203): I 03/25/2013 17:10:35:395 0000089b         SplashScreen| DELAY for SplashScreen = 0
I/APP     ( 2203): I 03/25/2013 17:10:35:434 0000089b        GoogleWebView| Creating new RhoWebChromeClient
I/APP     ( 2203): I 03/25/2013 17:10:35:460 0000089b       SimpleMainView| Cleared URL: http://localhost:8080/app
V/SimpleMainView.View( 2203): ms[1364227835505]  Main Window :: onSizeChanged() old [ 480 x 762 ]  new [ 0 x 0 ]
I/APP     ( 2203): I 03/25/2013 17:10:35:575 0000089b        GoogleWebView| Setting RhoWebChromeClient
I/APP     ( 2203): I 03/25/2013 17:10:35:633 000008b1           HttpServer| Process URI: '/app'
I/APP     ( 2203): I 03/25/2013 17:10:35:718 0000089b     RhoWebViewClient| Loading URL: http://localhost:8080/app/index_erb.iseq
I/APP     ( 2203): I 03/25/2013 17:10:35:756 000008b1           HttpServer| Process URI: '/app/index_erb.iseq'
I/APP     ( 2203): I 03/25/2013 17:10:35:763 000008b1                  APP| RHO serve_index: /app/index_erb.iseq
I/APP     ( 2203): I 03/25/2013 17:10:35:801 000008b1 RHO Rho::RhoController| inst_render_index
I/APP     ( 2203): I 03/25/2013 17:10:35:867 000008b1 RHO Rho::RhoController| index layout
I/APP     ( 2203): I 03/25/2013 17:10:35:954 000008b1           HttpServer| GC Start.
I/APP     ( 2203): I 03/25/2013 17:10:36:038 000008b1           HttpServer| GC End.
I/APP     ( 2203): I 03/25/2013 17:10:36:165 000008b1           HttpServer| Process URI: '/public/js/request.js'
I/APP     ( 2203): I 03/25/2013 17:10:36:273 000008b1           HttpServer| Process URI: '/public/jquery/jquery-1.6.4.min.js'
I/APP     ( 2203): I 03/25/2013 17:10:36:373 000008b1           HttpServer| Process URI: '/public/jquery/jquery.json-2.3.min.js'
I/APP     ( 2203): I 03/25/2013 17:10:36:411 000008b1           HttpServer| Process URI: '/public/jqmobile/jquery.mobile-1.0.1.min.css'
I/APP     ( 2203): I 03/25/2013 17:10:36:473 000008b1           HttpServer| Process URI: '/public/css/jqmobile-patch.css'
I/APP     ( 2203): I 03/25/2013 17:10:36:517 000008b1           HttpServer| Process URI: '/public/jqmobile/jquery.mobile-1.0.1.min.js'
I/APP     ( 2203): I 03/25/2013 17:10:36:606 000008b1           HttpServer| Process URI: '/public/js/jqmobile-patch.js'
I/APP     ( 2203): I 03/25/2013 17:10:36:657 000008b1           HttpServer| Process URI: '/public/css/macotec_style.css'
I/APP     ( 2203): I 03/25/2013 17:10:43:188 000008b1           HttpServer| Process URI: '/public/images/macotec/logo.png'
I/APP     ( 2203): I 03/25/2013 17:10:44:692 000008b1           HttpServer| Process URI: '/public/images/macotec/request_top.png'
I/APP     ( 2203): I 03/25/2013 17:10:44:779 000008b1           HttpServer| Process URI: '/public/images/macotec/contact_png.png'
I/APP     ( 2203): I 03/25/2013 17:10:44:808 000008b1           HttpServer| Process URI: '/public/images/macotec/products_png.png'
I/APP     ( 2203): I 03/25/2013 17:10:44:845 000008b1           HttpServer| Process URI: '/public/images/macotec/info_png.png'
I/APP     ( 2203): I 03/25/2013 17:10:44:881 000008b1           HttpServer| Process URI: '/public/images/macotec/attention.png'
W/webview ( 2203): Stale touch event ACTION_DOWN received from webcore; ignoring
I/APP     ( 2203): I 03/25/2013 17:11:02:202 000008b1           HttpServer| Process URI: '/app/Product/get_catalog_data'
I/APP     ( 2203): I 03/25/2013 17:11:02:207 000008b1                  APP| RHO serve: /app/Product/get_catalog_data
I/APP     ( 2203): I 03/25/2013 17:11:02:245 000008b1              RhoRuby| require_compiled: Product/product_controller
I/APP     ( 2203): I 03/25/2013 17:11:02:353 000008b1              RhoRuby| require_compiled: helpers/browser_helper
I/APP     ( 2203): I 03/25/2013 17:11:02:395 000008b1              RhoRuby| require_compiled: json
I/APP     ( 2203): I 03/25/2013 17:11:02:443 000008b1              RhoRuby| require_compiled: json/common
I/APP     ( 2203): I 03/25/2013 17:11:02:578 000008b1              RhoRuby| require_compiled: json/version
I/APP     ( 2203): I 03/25/2013 17:11:02:633 000008b1              RhoRuby| require_compiled: json/pure
I/APP     ( 2203): I 03/25/2013 17:11:02:710 000008b1              RhoRuby| require_compiled: json/pure/generator
I/APP     ( 2203): I 03/25/2013 17:11:02:951 000008b1              RhoRuby| require_compiled: Connection/connection_controller
I/APP     ( 2203): I 03/25/2013 17:11:03:055 000008b1              RhoRuby| require_compiled: date
I/APP     ( 2203): I 03/25/2013 17:11:03:096 000008b1              RhoRuby| require_compiled: dateOrig
W/webview ( 2203): Stale touch event ACTION_DOWN received from webcore; ignoring
I/APP     ( 2203): I 03/25/2013 17:11:03:682 000008b1              RhoRuby| require_compiled: date/format
D/dalvikvm( 2203): GC_CONCURRENT freed 932K, 8% free 12508K/13511K, paused 5ms+4ms
D/webviewglue( 2203): nativeDestroy view: 0x2c0a48
I/APP     ( 2203): E 03/25/2013 17:11:04:247 000008b1               RubyVM| lib/date.rb:14: warning: already initialized constant MONTHNAMES
I/APP     ( 2203): E 03/25/2013 17:11:04:267 000008b1               RubyVM| lib/date.rb:15: warning: already initialized constant ABBR_MONTHNAMES
I/APP     ( 2203): E 03/25/2013 17:11:04:299 000008b1               RubyVM| lib/date.rb:16: warning: already initialized constant DAYNAMES
I/APP     ( 2203): E 03/25/2013 17:11:04:302 000008b1               RubyVM| lib/date.rb:17: warning: already initialized constant ABBR_DAYNAMES
I/APP     ( 2203): I 03/25/2013 17:11:04:329 000008b1                  APP| ::::::::: get_catalog_data
I/APP     ( 2203): I 03/25/2013 17:11:04:335 000008b1                  APP| const_missing: Device
I/APP     ( 2203): I 03/25/2013 17:11:04:352 000008b1                  APP| load_model: Device
I/APP     ( 2203): I 03/25/2013 17:11:04:370 000008b1              RhoRuby| require_compiled: Device/device
I/APP     ( 2203): I 03/25/2013 17:11:04:411 000008b1                  APP| model name: Device
I/APP     ( 2203): I 03/25/2013 17:11:04:417 000008b1                  APP| model class found
I/APP     ( 2203): I 03/25/2013 17:11:04:443 000008b1                  APP| Device : {"schema"=>{"property"=>{"hardware_id"=>[:string, nil], "device_os"=>[:string, nil], "last_sync"=>[:date, nil], "device_os_version"=>[:string, nil], "token"=>[:string, nil], "model"=>[:string, nil], "locale"=>[:string, nil]}}}
I/APP     ( 2203): I 03/25/2013 17:11:04:448 000008b1                   DB| Open DB: /data/data/com.rhomobile.macotec/rhodata/db/syncdblocal.sqlite
I/APP     ( 2203): I 03/25/2013 17:11:04:491 000008b1                  APP| init_db_sources
I/APP     ( 2203): I 03/25/2013 17:11:04:541 000008b1                  APP| start_id: 40006
I/APP     ( 2203): I 03/25/2013 17:11:04:545 000008b1                  APP| Migrate schema sources: {}
I/APP     ( 2203): I 03/25/2013 17:11:04:608 000008b1                  APP| found device:
I/APP     ( 2203): I 03/25/2013 17:11:04:614 000008b1                  APP| {:source_id=>40004, :object=>"133448811100338.5", :hardware_id=>"7823dd1e-9f70-348d-86c3-3e1ec83a2e0a", :device_os=>"ANDROID", :last_sync=>"2013-03-25", :device_os_version=>"4.0.4", :token=>"", :model=>"unknown generic", :locale=>"en"}
I/APP     ( 2203): I 03/25/2013 17:11:04:648 000008b1                  APP| const_missing: Product
I/APP     ( 2203): I 03/25/2013 17:11:04:685 000008b1                  APP| load_model: Product
I/APP     ( 2203): I 03/25/2013 17:11:04:721 000008b1              RhoRuby| require_compiled: Product/product
I/APP     ( 2203): I 03/25/2013 17:11:04:783 000008b1                  APP| model name: Product
I/APP     ( 2203): I 03/25/2013 17:11:04:786 000008b1                  APP| model class found
I/APP     ( 2203): I 03/25/2013 17:11:04:820 000008b1                  APP| Product : {"schema"=>{"property"=>{"catalog_date"=>[:date, nil], "catalog_version"=>[:integer, nil], "category"=>[:string, nil], "category_name"=>[:string, nil], "category_img_url"=>[:string, nil], "sub_category"=>[:string, nil], "sub_category_name"=>[:string, nil], "sub_category_img_url"=>[:string, nil], "details"=>[:string, nil], "details_name"=>[:string, nil], "detail_img_url"=>[:string, nil], "header"=>[:string, nil], "attribute_title_1"=>[:string, nil], "attribute_title_2"=>[:string, nil], "attribute_title_3"=>[:string, nil], "attribute_title_4"=>[:string, nil], "attribute_title_5"=>[:string, nil], "attribute_list_title"=>[:string, nil], "attribute_1"=>[:string, nil], "attribute_2"=>[:string, nil], "attribute_3"=>[:string, nil], "attribute_4"=>[:string, nil], "attribute_5"=>[:string, nil], "attribute_list"=>[:string, nil]}}}
I/APP     ( 2203): I 03/25/2013 17:11:04:824 000008b1                  APP| init_db_sources
I/APP     ( 2203): I 03/25/2013 17:11:04:863 000008b1                  APP| start_id: 40006
I/APP     ( 2203): I 03/25/2013 17:11:04:869 000008b1                  APP| Migrate schema sources: {}
I/APP     ( 2203): I 03/25/2013 17:11:04:999 000008b1                  APP| else
I/APP     ( 2203): I 03/25/2013 17:11:05:002 000008b1                  APP| String
I/APP     ( 2203): I 03/25/2013 17:11:05:069 0000089b       SimpleMainView| Cleared URL: http://localhost:8080/app/Product
I/APP     ( 2203): I 03/25/2013 17:11:05:183 000008b1           HttpServer| GC Start.
I/APP     ( 2203): I 03/25/2013 17:11:05:614 000008b1           HttpServer| GC End.
I/APP     ( 2203): E 03/25/2013 17:11:05:713 000008b1           HttpServer| Connection gracefully closed before we send any data
I/APP     ( 2203): E 03/25/2013 17:11:05:793 000008b1           HttpServer| Parsing error
I/APP     ( 2203): I 03/25/2013 17:11:05:846 000008b1           HttpServer| Process URI: '/app/Product'
I/APP     ( 2203): I 03/25/2013 17:11:05:926 000008b1                  APP| RHO serve: /app/Product
I/APP     ( 2203): I 03/25/2013 17:11:06:442 000008b1 RHO ProductController| Layout file: /data/data/com.rhomobile.macotec/rhodata/apps/app/layout_erb.iseq. Content size: 3881
I/APP     ( 2203): I 03/25/2013 17:11:06:587 000008b1           HttpServer| GC Start.
I/APP     ( 2203): I 03/25/2013 17:11:06:860 000008b1           HttpServer| GC End.
I/APP     ( 2203): I 03/25/2013 17:11:11:359 000008b1           HttpServer| Process URI: '/public/jqmobile/images/icons-36-white.png'
I/APP     ( 2203): I 03/25/2013 17:11:14:095 000008b1           HttpServer| Process URI: '/app/Product/sub_categories'
I/APP     ( 2203): I 03/25/2013 17:11:14:142 000008b1                  APP| RHO serve: /app/Product/sub_categories
I/APP     ( 2203): I 03/25/2013 17:11:14:238 000008b1                  APP| Params: {"category"=>"telescopic_forklift_trucks"}
I/APP     ( 2203): I 03/25/2013 17:11:14:577 000008b1           HttpServer| GC Start.
I/APP     ( 2203): I 03/25/2013 17:11:14:671 000008b1           HttpServer| GC End.
E/libEGL  ( 2203): call to OpenGL ES API with no current context (logged once per thread)
D/ShaderProgram( 2203): couldn't load the vertex shader!
E/libEGL  ( 2203): call to OpenGL ES API with no current context (logged once per thread)
D/ShaderProgram( 2203): couldn't load the vertex shader!
E/libEGL  ( 2203): call to OpenGL ES API with no current context (logged once per thread)
D/ShaderProgram( 2203): couldn't load the vertex shader!
E/libEGL  ( 2203): call to OpenGL ES API with no current context (logged once per thread)
D/ShaderProgram( 2203): couldn't load the vertex shader!
E/libEGL  ( 2203): call to OpenGL ES API with no current context (logged once per thread)
D/ShaderProgram( 2203): couldn't load the vertex shader!
I/APP     ( 2203): I 03/25/2013 17:11:17:249 000008b1           HttpServer| Process URI: '/app/Product/product_details'
I/APP     ( 2203): I 03/25/2013 17:11:17:255 000008b1                  APP| RHO serve: /app/Product/product_details
I/APP     ( 2203): I 03/25/2013 17:11:17:283 000008b1                  APP| Params: {"sub_category"=>"rotating", "category"=>"telescopic_forklift_trucks"}
I/APP     ( 2203): I 03/25/2013 17:11:17:520 000008b1           HttpServer| GC Start.
I/APP     ( 2203): I 03/25/2013 17:11:17:605 000008b1           HttpServer| GC End.
I/APP     ( 2203): I 03/25/2013 17:11:22:732 000008b1           HttpServer| Process URI: '/app/Request/request_rental'
I/APP     ( 2203): I 03/25/2013 17:11:22:734 000008b1                  APP| RHO serve: /app/Request/request_rental
I/APP     ( 2203): I 03/25/2013 17:11:22:787 000008b1              RhoRuby| require_compiled: Request/request_controller
I/APP     ( 2203): I 03/25/2013 17:11:22:864 000008b1              RhoRuby| require_compiled: time
I/APP     ( 2203): I 03/25/2013 17:11:22:950 000008b1                  APP| Params: {"details_name"=>"Teleskopstapler Drehbar", "category"=>"telescopic_forklift_trucks", "category_name"=>"Teleskopstapler"}
I/APP     ( 2203): I 03/25/2013 17:11:22:953 000008b1                  APP| ############### Teleskopstapler Drehbar
I/APP     ( 2203): I 03/25/2013 17:11:23:026 000008b1                  APP| const_missing: Settings
I/APP     ( 2203): I 03/25/2013 17:11:23:048 000008b1                  APP| load_model: Settings
I/APP     ( 2203): I 03/25/2013 17:11:23:083 000008b1              RhoRuby| require_compiled: Settings/settings
I/APP     ( 2203): I 03/25/2013 17:11:23:123 000008b1                  APP| model name: Settings
I/APP     ( 2203): I 03/25/2013 17:11:23:129 000008b1                  APP| model class found
I/APP     ( 2203): I 03/25/2013 17:11:23:171 000008b1                  APP| Settings : {"schema"=>{"property"=>{"company"=>[:string, nil], "phone"=>[:string, nil], "email"=>[:string, nil]}}}
I/APP     ( 2203): I 03/25/2013 17:11:23:201 000008b1                  APP| init_db_sources
I/APP     ( 2203): I 03/25/2013 17:11:23:204 000008b1                  APP| start_id: 40006
I/APP     ( 2203): I 03/25/2013 17:11:23:239 000008b1                  APP| Migrate schema sources: {}
