I/APP     ( 1108): I 02/04/2013 17:41:39:254 0000046a                  APP| RHO serve: /app/Request/submit_success
I/APP     ( 1108): I 02/04/2013 17:41:39:279 0000046a RHO RequestController| Layout file: /data/data/com.rhomobile.macotec/rhodata/apps/app/custom_layout_erb.iseq. Content size: 257
I/APP     ( 1108): I 02/04/2013 17:41:39:311 0000046a           HttpServer| GC Start.
I/APP     ( 1108): I 02/04/2013 17:41:39:337 0000046a           HttpServer| GC End.
I/APP     ( 1108): I 02/04/2013 17:41:43:882 00000454       SimpleMainView| Cleared URL: http://localhost:8080/app
I/APP     ( 1108): I 02/04/2013 17:41:43:908 00000454     RhoWebViewClient| Loading URL: http://localhost:8080/app/index_erb.iseq
I/APP     ( 1108): I 02/04/2013 17:41:43:957 0000046a           HttpServer| Process URI: '/app/index_erb.iseq'
I/APP     ( 1108): I 02/04/2013 17:41:43:966 0000046a                  APP| RHO serve_index: /app/index_erb.iseq
I/APP     ( 1108): I 02/04/2013 17:41:43:985 0000046a RHO Rho::RhoController| inst_render_index
I/APP     ( 1108): I 02/04/2013 17:41:44:083 0000046a RHO Rho::RhoController| index layout
D/dalvikvm( 1108): GC_CONCURRENT freed 914K, 8% free 12485K/13511K, paused 6ms+52ms
D/webviewglue( 1108): nativeDestroy view: 0x28acd8
I/APP     ( 1108): I 02/04/2013 17:41:44:442 0000046a           HttpServer| GC Start.
I/APP     ( 1108): I 02/04/2013 17:41:44:502 0000046a           HttpServer| GC End.
F/NetworkStats(   77): problem reading network stats
F/NetworkStats(   77): java.lang.IllegalStateException: problem parsing idx 1
F/NetworkStats(   77): 	at com.android.internal.net.NetworkStatsFactory.readNetworkStatsDetail(NetworkStatsFactory.java:300)
F/NetworkStats(   77): 	at com.android.server.NetworkManagementService.getNetworkStatsUidDetail(NetworkManagementService.java:1282)
F/NetworkStats(   77): 	at com.android.server.net.NetworkStatsService.performPollLocked(NetworkStatsService.java:831)
F/NetworkStats(   77): 	at com.android.server.net.NetworkStatsService.performPoll(NetworkStatsService.java:799)
F/NetworkStats(   77): 	at com.android.server.net.NetworkStatsService.access$100(NetworkStatsService.java:128)
F/NetworkStats(   77): 	at com.android.server.net.NetworkStatsService$3.onReceive(NetworkStatsService.java:633)
F/NetworkStats(   77): 	at android.app.LoadedApk$ReceiverDispatcher$Args.run(LoadedApk.java:728)
F/NetworkStats(   77): 	at android.os.Handler.handleCallback(Handler.java:605)
F/NetworkStats(   77): 	at android.os.Handler.dispatchMessage(Handler.java:92)
F/NetworkStats(   77): 	at android.os.Looper.loop(Looper.java:137)
F/NetworkStats(   77): 	at android.os.HandlerThread.run(HandlerThread.java:60)
F/NetworkStats(   77): Caused by: java.io.FileNotFoundException: /proc/net/xt_qtaguid/stats: open failed: ENOENT (No such file or directory)
F/NetworkStats(   77): 	at libcore.io.IoBridge.open(IoBridge.java:406)
F/NetworkStats(   77): 	at java.io.FileInputStream.<init>(FileInputStream.java:78)
F/NetworkStats(   77): 	at com.android.internal.net.NetworkStatsFactory.readNetworkStatsDetail(NetworkStatsFactory.java:269)
F/NetworkStats(   77): 	... 10 more
F/NetworkStats(   77): Caused by: libcore.io.ErrnoException: open failed: ENOENT (No such file or directory)
F/NetworkStats(   77): 	at libcore.io.Posix.open(Native Method)
F/NetworkStats(   77): 	at libcore.io.BlockGuardOs.open(BlockGuardOs.java:110)
F/NetworkStats(   77): 	at libcore.io.IoBridge.open(IoBridge.java:390)
F/NetworkStats(   77): 	... 12 more
D/dalvikvm(   77): GC_CONCURRENT freed 800K, 13% free 11352K/12935K, paused 16ms+11ms
D/dalvikvm(  162): GC_CONCURRENT freed 384K, 6% free 9534K/10119K, paused 8ms+4ms
I/APP     ( 1108): I 02/04/2013 17:47:59:728 0000046a           HttpServer| Process URI: '/app/Request/request'
I/APP     ( 1108): I 02/04/2013 17:47:59:730 0000046a                  APP| RHO serve: /app/Request/request
I/APP     ( 1108): I 02/04/2013 17:47:59:809 0000046a           HttpServer| GC Start.
I/APP     ( 1108): I 02/04/2013 17:47:59:834 0000046a           HttpServer| GC End.
E/ActivityThread(  145): Failed to find provider info for com.android.inputmethod.latin.dictionarypack
E/BinaryDictionaryGetter(  145): Could not find a dictionary pack
D/dalvikvm(  131): GC_CONCURRENT freed 445K, 28% free 10518K/14599K, paused 4ms+5ms
I/APP     ( 1108): I 02/04/2013 17:48:11:021 0000046a           HttpServer| Process URI: '/app/Request/submit'
I/APP     ( 1108): I 02/04/2013 17:48:11:023 0000046a                  APP| RHO serve: /app/Request/submit
I/APP     ( 1108): I 02/04/2013 17:48:11:043 0000046a                  APP| Params: {"product"=>"nothing", "rental_begin"=>"", "operation_period"=>"", "amount_product"=>"", "location"=>"", "information"=>"", "company"=>"", "phone"=>"", "email"=>"hase@mail.de"}
I/APP     ( 1108): I 02/04/2013 17:48:11:048 0000046a            AsyncHttp| addCommand: POST
I/APP     ( 1108): I 02/04/2013 17:48:11:075 00000477                  Net| POST request (Pull): http://www.datenloft.com/macotec/send_request_test.php
I/APP     ( 1108): I 02/04/2013 17:48:11:129 0000046a           HttpServer| GC Start.
I/APP     ( 1108): I 02/04/2013 17:48:11:161 0000046a           HttpServer| GC End.
I/APP     ( 1108): I 02/04/2013 17:48:11:320 0000046a           HttpServer| Process URI: '/app/Request/http_callback'
I/APP     ( 1108): I 02/04/2013 17:48:11:321 0000046a                  APP| RHO serve: /app/Request/http_callback
I/APP     ( 1108): I 02/04/2013 17:48:11:348 0000046a                  APP| Params: {"rho_callback"=>"1", "status"=>"ok", "http_error"=>"200", "headers"=>{"Content-Type"=>"application/x-www-form-urlencoded", "User-Agent"=>"Mozilla-5.0 (ANDROID; unknown generic; 4.0.4)", "charset"=>"UTF-8", "connection"=>"Keep-Alive", "content-type"=>"text/html; charset=utf-8", "date"=>"Mon, 04 Feb 2013 16:48:12 GMT", "keep-alive"=>"timeout=3, max=100", "server"=>"Apache/2.2.21 (Unix) mod_ssl/2.2.21 OpenSSL/0.9.8r", "transfer-encoding"=>"chunked", "x-powered-by"=>"PHP/5.2.17"}, "__rho_object"=>{"body"=>"0"}}
D/dalvikvm(  131): GC_CONCURRENT freed 600K, 29% free 10368K/14599K, paused 4ms+5ms
I/APP     ( 1108): I 02/04/2013 17:48:15:393 00000477            AsyncHttp| ThreadQueue blocked for 4294967295 seconds...
I/APP     ( 1108): I 02/04/2013 17:48:15:396 00000454       SimpleMainView| Cleared URL: http://localhost:8080/app/Request/submit_failed
I/APP     ( 1108): I 02/04/2013 17:48:15:422 0000046a           HttpServer| GC Start.
I/APP     ( 1108): I 02/04/2013 17:48:15:457 0000046a           HttpServer| GC End.
I/APP     ( 1108): E 02/04/2013 17:48:15:459 0000046a           HttpServer| Connection gracefully closed before we send any data
I/APP     ( 1108): E 02/04/2013 17:48:15:473 0000046a           HttpServer| Parsing error
I/APP     ( 1108): I 02/04/2013 17:48:15:476 0000046a           HttpServer| Process URI: '/app/Request/submit_failed'
I/APP     ( 1108): I 02/04/2013 17:48:15:501 0000046a                  APP| RHO serve: /app/Request/submit_failed
I/APP     ( 1108): I 02/04/2013 17:48:15:565 0000046a RHO RequestController| Layout file: /data/data/com.rhomobile.macotec/rhodata/apps/app/custom_layout_erb.iseq. Content size: 242
I/APP     ( 1108): I 02/04/2013 17:48:15:602 0000046a           HttpServer| GC Start.
I/APP     ( 1108): I 02/04/2013 17:48:15:623 0000046a           HttpServer| GC End.
I/APP     ( 1108): I 02/04/2013 17:48:23:447 00000454       SimpleMainView| Cleared URL: http://localhost:8080/app
I/APP     ( 1108): I 02/04/2013 17:48:23:474 00000454     RhoWebViewClient| Loading URL: http://localhost:8080/app/index_erb.iseq
I/APP     ( 1108): I 02/04/2013 17:48:23:499 0000046a           HttpServer| Process URI: '/app/index_erb.iseq'
I/APP     ( 1108): I 02/04/2013 17:48:23:501 0000046a                  APP| RHO serve_index: /app/index_erb.iseq
I/APP     ( 1108): I 02/04/2013 17:48:23:503 0000046a RHO Rho::RhoController| inst_render_index
I/APP     ( 1108): I 02/04/2013 17:48:23:598 0000046a RHO Rho::RhoController| index layout
I/APP     ( 1108): I 02/04/2013 17:48:23:794 0000046a           HttpServer| GC Start.
I/APP     ( 1108): I 02/04/2013 17:48:23:843 0000046a           HttpServer| GC End.
W/ThrottleService(   77): unable to find stats for iface rmnet0
I/APP     ( 1108): I 02/04/2013 17:52:33:711 0000046a           HttpServer| Process URI: '/app/Request/request'
I/APP     ( 1108): I 02/04/2013 17:52:33:713 0000046a                  APP| RHO serve: /app/Request/request
I/APP     ( 1108): I 02/04/2013 17:52:33:786 0000046a           HttpServer| GC Start.
I/APP     ( 1108): I 02/04/2013 17:52:33:816 0000046a           HttpServer| GC End.
E/ActivityThread(  145): Failed to find provider info for com.android.inputmethod.latin.dictionarypack
E/BinaryDictionaryGetter(  145): Could not find a dictionary pack
D/dalvikvm(  131): GC_CONCURRENT freed 447K, 30% free 10356K/14599K, paused 5ms+6ms
D/dalvikvm(  145): GC_CONCURRENT freed 283K, 6% free 9491K/10055K, paused 6ms+22ms
D/dalvikvm(   77): GREF has increased to 501
I/APP     ( 1108): I 02/04/2013 17:52:46:710 0000046a           HttpServer| Process URI: '/app/Request/submit'
I/APP     ( 1108): I 02/04/2013 17:52:46:713 0000046a                  APP| RHO serve: /app/Request/submit
I/APP     ( 1108): I 02/04/2013 17:52:46:736 0000046a                  APP| Params: {"product"=>"nothing", "rental_begin"=>"", "operation_period"=>"", "amount_product"=>"", "location"=>"", "information"=>"", "company"=>"", "phone"=>"", "email"=>"hase@gmail.com"}
I/APP     ( 1108): I 02/04/2013 17:52:46:756 0000046a            AsyncHttp| addCommand: POST
I/APP     ( 1108): I 02/04/2013 17:52:46:760 00000477                  Net| POST request (Pull): http://www.datenloft.com/macotec/send_request_test.php
I/APP     ( 1108): I 02/04/2013 17:52:46:868 0000046a           HttpServer| GC Start.
I/APP     ( 1108): I 02/04/2013 17:52:46:960 0000046a           HttpServer| GC End.
I/APP     ( 1108): I 02/04/2013 17:52:46:993 0000046a           HttpServer| Process URI: '/app/Request/http_callback'
I/APP     ( 1108): I 02/04/2013 17:52:46:995 0000046a                  APP| RHO serve: /app/Request/http_callback
I/APP     ( 1108): I 02/04/2013 17:52:47:068 0000046a                  APP| Params: {"rho_callback"=>"1", "status"=>"ok", "http_error"=>"200", "headers"=>{"Content-Type"=>"application/x-www-form-urlencoded", "User-Agent"=>"Mozilla-5.0 (ANDROID; unknown generic; 4.0.4)", "charset"=>"UTF-8", "connection"=>"Keep-Alive", "content-type"=>"text/html; charset=utf-8", "date"=>"Mon, 04 Feb 2013 16:52:48 GMT", "keep-alive"=>"timeout=3, max=100", "server"=>"Apache/2.2.21 (Unix) mod_ssl/2.2.21 OpenSSL/0.9.8r", "transfer-encoding"=>"chunked", "x-powered-by"=>"PHP/5.2.17"}, "__rho_object"=>{"body"=>"0"}}
D/dalvikvm(  162): GC_CONCURRENT freed 384K, 6% free 9534K/10119K, paused 9ms+4ms
I/APP     ( 1108): I 02/04/2013 17:52:51:105 00000454       SimpleMainView| Cleared URL: http://localhost:8080/app/Request/submit_failed
I/APP     ( 1108): I 02/04/2013 17:52:51:127 00000477            AsyncHttp| ThreadQueue blocked for 4294967295 seconds...
I/APP     ( 1108): I 02/04/2013 17:52:51:144 0000046a           HttpServer| GC Start.
I/APP     ( 1108): I 02/04/2013 17:52:51:183 0000046a           HttpServer| GC End.
I/APP     ( 1108): E 02/04/2013 17:52:51:185 0000046a           HttpServer| Connection gracefully closed before we send any data
I/APP     ( 1108): E 02/04/2013 17:52:51:201 0000046a           HttpServer| Parsing error
I/APP     ( 1108): I 02/04/2013 17:52:51:203 0000046a           HttpServer| Process URI: '/app/Request/submit_failed'
I/APP     ( 1108): I 02/04/2013 17:52:51:221 0000046a                  APP| RHO serve: /app/Request/submit_failed
I/APP     ( 1108): I 02/04/2013 17:52:51:239 0000046a RHO RequestController| Layout file: /data/data/com.rhomobile.macotec/rhodata/apps/app/custom_layout_erb.iseq. Content size: 242
I/APP     ( 1108): I 02/04/2013 17:52:51:307 0000046a           HttpServer| GC Start.
I/APP     ( 1108): I 02/04/2013 17:52:51:339 0000046a           HttpServer| GC End.
I/APP     ( 1108): I 02/04/2013 17:52:57:128 00000454       SimpleMainView| Cleared URL: http://localhost:8080/app
I/APP     ( 1108): I 02/04/2013 17:52:57:154 00000454     RhoWebViewClient| Loading URL: http://localhost:8080/app/index_erb.iseq
I/APP     ( 1108): I 02/04/2013 17:52:57:175 0000046a           HttpServer| Process URI: '/app/index_erb.iseq'
I/APP     ( 1108): I 02/04/2013 17:52:57:178 0000046a                  APP| RHO serve_index: /app/index_erb.iseq
I/APP     ( 1108): I 02/04/2013 17:52:57:186 0000046a RHO Rho::RhoController| inst_render_index
I/APP     ( 1108): I 02/04/2013 17:52:57:245 0000046a RHO Rho::RhoController| index layout
I/APP     ( 1108): I 02/04/2013 17:52:57:453 0000046a           HttpServer| GC Start.
D/dalvikvm(  131): GC_CONCURRENT freed 482K, 30% free 10264K/14599K, paused 4ms+10ms
I/APP     ( 1108): I 02/04/2013 17:52:57:542 0000046a           HttpServer| GC End.
D/dalvikvm(   77): GC_CONCURRENT freed 499K, 13% free 11315K/12935K, paused 7ms+7ms
D/AndroidRuntime( 1161): 
D/AndroidRuntime( 1161): >>>>>> AndroidRuntime START com.android.internal.os.RuntimeInit <<<<<<
D/AndroidRuntime( 1161): CheckJNI is ON
D/AndroidRuntime( 1161): Calling main entry com.android.commands.pm.Pm
W/ActivityManager(   77): No content provider found for permission revoke: file:///data/local/tmp/macotec-debug.apk
W/ActivityManager(   77): No content provider found for permission revoke: file:///data/local/tmp/macotec-debug.apk
D/dalvikvm(   77): GC_CONCURRENT freed 306K, 12% free 11473K/12935K, paused 15ms+27ms
D/dalvikvm(   77): GC_CONCURRENT freed 291K, 10% free 11676K/12935K, paused 6ms+8ms
D/dalvikvm(   77): GC_CONCURRENT freed 580K, 10% free 11692K/12935K, paused 8ms+9ms
D/dalvikvm(   77): GC_CONCURRENT freed 564K, 10% free 11696K/12935K, paused 8ms+39ms
D/dalvikvm(   77): GC_CONCURRENT freed 565K, 10% free 11692K/12935K, paused 23ms+32ms
D/dalvikvm(   77): GC_CONCURRENT freed 557K, 10% free 11703K/12935K, paused 24ms+35ms
I/PackageManager(   77): Removing non-system package:com.rhomobile.macotec
I/ActivityManager(   77): Force stopping package com.rhomobile.macotec uid=10040
I/ActivityManager(   77): Killing proc 1108:com.rhomobile.macotec/10040: force stop
W/ActivityManager(   77): Force removing ActivityRecord{413827e8 com.rhomobile.macotec/com.rhomobile.rhodes.RhodesActivity}: app died, no saved state
W/NetworkManagementSocketTagger(   77): setKernelCountSet(10040, 0) failed with errno -2
W/NetworkManagementSocketTagger(   77): setKernelCountSet(10009, 1) failed with errno -2
I/Process (   77): Sending signal. PID: 171 SIG: 3
I/dalvikvm(  171): threadid=3: reacting to signal 3
I/dalvikvm(  171): Wrote stack traces to '/data/anr/traces.txt'
I/WindowManager(   77): WIN DEATH: Window{4155b118 com.rhomobile.macotec/com.rhomobile.rhodes.RhodesActivity paused=false}
I/PackageManager(   77): Package com.rhomobile.macotec codePath changed from /data/app/com.rhomobile.macotec-2.apk to /data/app/com.rhomobile.macotec-1.apk; Retaining data and using new
D/dalvikvm(  171): GC_CONCURRENT freed 2016K, 25% free 17119K/22791K, paused 5ms+12ms
D/dalvikvm(  171): GC_FOR_ALLOC freed 410K, 20% free 18353K/22791K, paused 61ms
D/dalvikvm(  171): GC_CONCURRENT freed 2961K, 24% free 17343K/22791K, paused 4ms+8ms
D/dalvikvm(  171): GC_FOR_ALLOC freed 1236K, 24% free 17545K/22791K, paused 53ms
D/dalvikvm(  171): GC_CONCURRENT freed 1643K, 22% free 17872K/22791K, paused 5ms+6ms
I/PackageManager(   77): Running dexopt on: com.rhomobile.macotec
D/dalvikvm( 1172): DexOpt: load 96ms, verify+opt 517ms
W/PackageManager(   77): Code path for pkg : com.rhomobile.macotec changing from /data/app/com.rhomobile.macotec-2.apk to /data/app/com.rhomobile.macotec-1.apk
W/PackageManager(   77): Resource path for pkg : com.rhomobile.macotec changing from /data/app/com.rhomobile.macotec-2.apk to /data/app/com.rhomobile.macotec-1.apk
I/ActivityManager(   77): Force stopping package com.rhomobile.macotec uid=10040
D/dalvikvm(   77): GC_CONCURRENT freed 534K, 10% free 11759K/12935K, paused 16ms+13ms
D/PackageManager(   77): New package installed in /data/app/com.rhomobile.macotec-1.apk
I/ActivityManager(   77): Force stopping package com.rhomobile.macotec uid=10040
D/dalvikvm(  171): GC_EXPLICIT freed 1335K, 24% free 17426K/22791K, paused 12ms+10ms
D/dalvikvm(  224): GC_EXPLICIT freed 167K, 4% free 9398K/9735K, paused 96ms+5ms
D/dalvikvm(   77): GC_EXPLICIT freed 619K, 13% free 11298K/12935K, paused 15ms+9ms
D/PackageManager(   77): generateServicesMap(android.accounts.AccountAuthenticator): 2 services unchanged
D/PackageManager(   77): generateServicesMap(android.content.SyncAdapter): 4 services unchanged
D/BackupManagerService(   77): Received broadcast Intent { act=android.intent.action.PACKAGE_REMOVED dat=package:com.rhomobile.macotec flg=0x10000010 (has extras) }
I/AccountTypeManager(  257): Loaded meta-data for 1 account types, 0 accounts in 36ms(wall) 13ms(cpu)
D/PackageManager(   77): generateServicesMap(android.accounts.AccountAuthenticator): 2 services unchanged
D/PackageManager(   77): generateServicesMap(android.content.SyncAdapter): 4 services unchanged
D/BackupManagerService(   77): Received broadcast Intent { act=android.intent.action.PACKAGE_ADDED dat=package:com.rhomobile.macotec flg=0x10000010 (has extras) }
V/BackupManagerService(   77): updatePackageParticipantsLocked: #1
I/AccountTypeManager(  257): Loaded meta-data for 1 account types, 0 accounts in 319ms(wall) 5ms(cpu)
W/RecognitionManagerService(   77): no available voice recognition services found
D/dalvikvm(  171): GC_FOR_ALLOC freed 3102K, 30% free 16057K/22791K, paused 55ms
D/dalvikvm(  171): GC_FOR_ALLOC freed 415K, 26% free 16868K/22791K, paused 59ms
D/BackupManagerService(   77): Received broadcast Intent { act=android.intent.action.PACKAGE_REPLACED dat=package:com.rhomobile.macotec flg=0x10000010 (has extras) }
V/BackupManagerService(   77): updatePackageParticipantsLocked: #1
D/dalvikvm(   77): GC_CONCURRENT freed 451K, 12% free 11416K/12935K, paused 7ms+8ms
D/dalvikvm(  171): GC_FOR_ALLOC freed 3944K, 36% free 14733K/22791K, paused 61ms
D/dalvikvm(  171): GC_FOR_ALLOC freed 57K, 32% free 15709K/22791K, paused 56ms
D/dalvikvm(  171): GC_FOR_ALLOC freed 341K, 26% free 16868K/22791K, paused 65ms
D/dalvikvm(  171): GC_CONCURRENT freed 1346K, 23% free 17566K/22791K, paused 4ms+10ms
D/dalvikvm(  171): GC_FOR_ALLOC freed 743K, 20% free 18429K/22791K, paused 97ms
D/dalvikvm(  171): GC_CONCURRENT freed 619K, 14% free 19808K/22791K, paused 4ms+13ms
D/dalvikvm(   77): GC_EXPLICIT freed 214K, 13% free 11271K/12935K, paused 34ms+8ms
D/AndroidRuntime( 1161): Shutting down VM
D/dalvikvm( 1161): GC_CONCURRENT freed 97K, 79% free 450K/2048K, paused 1ms+4ms
I/AndroidRuntime( 1161): NOTE: attach of thread 'Binder Thread #3' failed
D/AndroidRuntime( 1180): 
D/AndroidRuntime( 1180): >>>>>> AndroidRuntime START com.android.internal.os.RuntimeInit <<<<<<
D/AndroidRuntime( 1180): CheckJNI is ON
D/AndroidRuntime( 1180): Calling main entry com.android.commands.am.Am
I/ActivityManager(   77): START {act=android.intent.action.MAIN flg=0x10000000 cmp=com.rhomobile.macotec/com.rhomobile.rhodes.RhodesActivity} from pid 1180
W/WindowManager(   77): Failure taking screenshot for (180x273) to layer 21005
D/AndroidRuntime( 1180): Shutting down VM
D/dalvikvm( 1180): GC_CONCURRENT freed 97K, 77% free 480K/2048K, paused 1ms+1ms
I/AndroidRuntime( 1180): NOTE: attach of thread 'Binder Thread #3' failed
I/ActivityManager(   77): Start proc com.rhomobile.macotec for activity com.rhomobile.macotec/com.rhomobile.rhodes.RhodesActivity: pid=1190 uid=10040 gids={3003}
I/dalvikvm( 1190): Turning on JNI app bug workarounds for target SDK version 4...
W/NetworkManagementSocketTagger(   77): setKernelCountSet(10040, 1) failed with errno -2
D/dalvikvm( 1190): Trying to load lib /data/data/com.rhomobile.macotec/lib/librhodes.so 0x412a4ad8
I/Process (   77): Sending signal. PID: 1190 SIG: 3
I/dalvikvm( 1190): threadid=3: reacting to signal 3
D/dalvikvm( 1190): Added shared lib /data/data/com.rhomobile.macotec/lib/librhodes.so 0x412a4ad8
I/dalvikvm( 1190): Wrote stack traces to '/data/anr/traces.txt'
D/dalvikvm( 1190): Trying to load lib /data/data/com.rhomobile.macotec/lib/librhodes.so 0x412a4ad8
D/dalvikvm( 1190): Shared lib '/data/data/com.rhomobile.macotec/lib/librhodes.so' already loaded in same CL 0x412a4ad8
I/ActivityThread( 1190): Pub com.rhomobile.macotec: com.rhomobile.rhodes.LocalFileProvider
I/RhodesApplication( 1190): Initializing...
D/RhoFileApi( 1190): App root path: /data/data/com.rhomobile.macotec/rhodata/
D/RhoFileApi( 1190): Sqlite journals path: /data/data/com.rhomobile.macotec/sqlite_stmt_journals/
D/RhoFileApi( 1190): Shared path: /data/data/com.rhomobile.macotec/rhodata/
D/RhodesApplication( 1190): Root path: /data/data/com.rhomobile.macotec/rhodata/
I/RhodesApplication( 1190): Application hash was changed
D/RhoFileApi( 1190): Copy hash to FS
D/RhoFileApi( 1190): File hash copied
D/RhoFileApi( 1190): Copy rho.dat to FS
D/RhoFileApi( 1190): File rho.dat copied
D/RhoFileApi( 1190): Copy apps/rhoconfig.txt to FS
D/RhoFileApi( 1190): File apps/rhoconfig.txt copied
I/RhoFileApi( 1190): Opening stat table from FS: /data/data/com.rhomobile.macotec/rhodata/rho.dat
D/RhoFileApi( 1190): Copy apps/rhoconfig.txt to FS
D/RhoFileApi( 1190): File apps/rhoconfig.txt copied
D/RhoFileApi( 1190): App root path: /data/data/com.rhomobile.macotec/rhodata/
D/RhoFileApi( 1190): Sqlite journals path: /data/data/com.rhomobile.macotec/sqlite_stmt_journals/
D/RhoFileApi( 1190): Shared path: /data/data/com.rhomobile.macotec/rhodata/
I/APP     ( 1190): I 02/04/2013 17:56:56:612 000004a6    RhodesApplication| Initialized
I/APP     ( 1190): I 02/04/2013 17:56:56:654 000004a6         BaseActivity| New screen properties - width: 480, height: 728, orientation: 1
I/Process (   77): Sending signal. PID: 1190 SIG: 3
I/dalvikvm( 1190): threadid=3: reacting to signal 3
I/dalvikvm( 1190): Wrote stack traces to '/data/anr/traces.txt'
I/APP     ( 1190): I 02/04/2013 17:56:56:869 000004a6         SplashScreen| Looking for start page source
D/dalvikvm( 1190): GC_CONCURRENT freed 300K, 5% free 9213K/9607K, paused 4ms+4ms
D/dalvikvm( 1190): GC_FOR_ALLOC freed 8K, 5% free 9221K/9607K, paused 50ms
I/dalvikvm-heap( 1190): Grow heap (frag case) to 12.140MB for 3217300-byte allocation
I/Process (   77): Sending signal. PID: 1190 SIG: 3
I/dalvikvm( 1190): threadid=3: reacting to signal 3
D/dalvikvm( 1190): GC_FOR_ALLOC freed <1K, 4% free 12363K/12807K, paused 89ms
I/dalvikvm( 1190): Wrote stack traces to '/data/anr/traces.txt'
I/Process (   77): Sending signal. PID: 1190 SIG: 3
I/dalvikvm( 1190): threadid=3: reacting to signal 3
I/dalvikvm( 1190): Wrote stack traces to '/data/anr/traces.txt'
I/Process (   77): Sending signal. PID: 1190 SIG: 3
I/dalvikvm( 1190): threadid=3: reacting to signal 3
I/dalvikvm( 1190): Wrote stack traces to '/data/anr/traces.txt'
I/Process (   77): Sending signal. PID: 1190 SIG: 3
I/dalvikvm( 1190): threadid=3: reacting to signal 3
I/dalvikvm( 1190): Wrote stack traces to '/data/anr/traces.txt'
I/APP     ( 1190): I 02/04/2013 17:56:59:027 000004a6         SplashScreen| Done
I/APP     ( 1190): I 02/04/2013 17:56:59:071 000004a6    RhodesApplication| New UiState: MainActivityCreated
I/APP     ( 1190): I 02/04/2013 17:56:59:115 000004a6       RhodesActivity| onStart
I/APP     ( 1190): I 02/04/2013 17:56:59:166 000004a6    RhodesApplication| New UiState: MainActivityStarted
I/APP     ( 1190): I 02/04/2013 17:56:59:218 000004a6       RhodesActivity| onResume
I/APP     ( 1190): I 02/04/2013 17:56:59:263 000004a6 AndroidFunctionality| Resume WebView
I/Process (   77): Sending signal. PID: 1190 SIG: 3
I/dalvikvm( 1190): threadid=3: reacting to signal 3
I/dalvikvm( 1190): Wrote stack traces to '/data/anr/traces.txt'
I/APP     ( 1190): I 02/04/2013 17:56:59:659 000004a6        RhodesService| onCreate
I/APP     ( 1190): I 02/04/2013 17:56:59:670 000004a6    LocalFileProvider| Revoke URI permissions: content:///com.rhomobile.macotec
I/Process (   77): Sending signal. PID: 1190 SIG: 3
I/dalvikvm( 1190): threadid=3: reacting to signal 3
I/dalvikvm( 1190): Wrote stack traces to '/data/anr/traces.txt'
W/ActivityManager(   77): No content provider found for permission revoke: content:///com.rhomobile.macotec
I/APP     ( 1190): I 02/04/2013 17:57:00:075 000004a6               Rhodes| Loading...
I/APP     ( 1190): I 02/04/2013 17:57:00:155 000004a6            RhodesApp| Trying to get free listening port.
I/APP     ( 1190): I 02/04/2013 17:57:00:176 000004bb         AppCallbacks| Starting main routine...
I/APP     ( 1190): I 02/04/2013 17:57:00:209 000004bb         AppCallbacks| ThreadQueue blocked for 4294967295 seconds...
I/APP     ( 1190): I 02/04/2013 17:57:00:162 000004a6            RhodesApp| Trying to bind of 8080 port...
I/APP     ( 1190): I 02/04/2013 17:57:00:278 000004a6            RhodesApp| Got port to bind on: 8080
I/APP     ( 1190): I 02/04/2013 17:57:00:311 000004a6            RhodesApp| Free listening port: 8080
I/Process (   77): Sending signal. PID: 1190 SIG: 3
I/dalvikvm( 1190): threadid=3: reacting to signal 3
I/dalvikvm( 1190): Wrote stack traces to '/data/anr/traces.txt'
I/APP     ( 1190): I 02/04/2013 17:57:00:898 000004a6        RhodesService| Push is disabled
I/APP     ( 1190): I 02/04/2013 17:57:00:985 000004a6            RhodesApp| callAppActiveCallback
I/Process (   77): Sending signal. PID: 1190 SIG: 3
I/dalvikvm( 1190): threadid=3: reacting to signal 3
I/APP     ( 1190): I 02/04/2013 17:57:01:102 000004a6         AppCallbacks| addCommand: APP-ACTIVATED
I/APP     ( 1190): I 02/04/2013 17:57:01:153 000004bd            RhodesApp| Starting RhodesApp main routine...
I/APP     ( 1190): I 02/04/2013 17:57:01:174 000004bb         AppCallbacks| Received command APP-ACTIVATED which is greater than expected (LOCAL-SERVER-STARTED) - postpone it
I/APP     ( 1190): I 02/04/2013 17:57:01:204 000004bb         AppCallbacks| ThreadQueue blocked for 4294967295 seconds...
I/APP     ( 1190): I 02/04/2013 17:57:01:467 000004a6         AppActivated| Cannot commit now, application will be activated when started.
I/APP     ( 1190): I 02/04/2013 17:57:01:474 000004a6    RhodesApplication| New AppState: Undefined
D/RhodesService( 1190): +++ onStartCommand
I/RhodesService( 1190): handleCommand: startId=1, source=com.rhomobile.rhodes.BaseActivity
D/RhodesService( 1190): New activity was created
I/dalvikvm( 1190): Wrote stack traces to '/data/anr/traces.txt'
I/APP     ( 1190): I 02/04/2013 17:57:01:643 000004a6        RhodesService| onBind
I/Process (   77): Sending signal. PID: 1190 SIG: 3
I/dalvikvm( 1190): threadid=3: reacting to signal 3
I/dalvikvm( 1190): Wrote stack traces to '/data/anr/traces.txt'
I/Process (   77): Sending signal. PID: 1190 SIG: 3
I/dalvikvm( 1190): threadid=3: reacting to signal 3
I/APP     ( 1190): I 02/04/2013 17:57:02:435 000004a6         AppCallbacks| addCommand: UI-CREATED
I/APP     ( 1190): I 02/04/2013 17:57:02:438 000004bb         AppCallbacks| Received command UI-CREATED which is greater than expected (LOCAL-SERVER-STARTED) - postpone it
I/APP     ( 1190): I 02/04/2013 17:57:02:439 000004bb         AppCallbacks| ThreadQueue blocked for 4294967295 seconds...
I/dalvikvm( 1190): Wrote stack traces to '/data/anr/traces.txt'
V/PhoneStatusBar(  131): setLightsOn(true)
I/APP     ( 1190): I 02/04/2013 17:57:02:620 000004a6       RhodesActivity| onServiceConnected: {com.rhomobile.macotec/com.rhomobile.rhodes.RhodesService}
I/APP     ( 1190): I 02/04/2013 17:57:02:622 000004a6       RhodesActivity| New start parameters: 
I/Process (   77): Sending signal. PID: 1190 SIG: 3
I/dalvikvm( 1190): threadid=3: reacting to signal 3
I/APP     ( 1190): I 02/04/2013 17:57:02:678 000004a6            RhodesApp| New start params: 
W/InputManagerService(   77): Starting input on non-focused client com.android.internal.view.IInputMethodClient$Stub$Proxy@415da468 (uid=10009 pid=171)
I/dalvikvm( 1190): Wrote stack traces to '/data/anr/traces.txt'
D/gralloc_goldfish( 1190): Emulator without GPU emulation detected.
I/ActivityManager(   77): Displayed com.rhomobile.macotec/com.rhomobile.rhodes.RhodesActivity: +7s695ms
I/APP     ( 1190): I 02/04/2013 17:57:03:210 000004bd              RhoRuby| Init_RhoBlobs: /data/data/com.rhomobile.macotec/rhodata/db/db-files
I/APP     ( 1190): I 02/04/2013 17:57:03:381 000004bd              RhoRuby| require_compiled: rhoframework
W/NetworkManagementSocketTagger(   77): setKernelCountSet(10009, 0) failed with errno -2
I/APP     ( 1190): I 02/04/2013 17:57:03:506 000004bd              RhoRuby| require_compiled: rational
I/APP     ( 1190): I 02/04/2013 17:57:03:525 000004bd              RhoRuby| require_compiled: rhom/rhom_db_adapter
I/APP     ( 1190): I 02/04/2013 17:57:03:578 000004bd              RhoRuby| require_compiled: rhodes
I/APP     ( 1190): I 02/04/2013 17:57:03:603 000004bd              RhoRuby| require_compiled: rhom/rhom_object
I/APP     ( 1190): I 02/04/2013 17:57:03:624 000004bd              RhoRuby| require_compiled: rhofsconnector
I/APP     ( 1190): I 02/04/2013 17:57:03:628 000004bd              RhoRuby| require_compiled: rho/rhofsconnector
I/APP     ( 1190): I 02/04/2013 17:57:03:665 000004bd              RhoRuby| require_compiled: rhom/rhom_object_factory
I/APP     ( 1190): I 02/04/2013 17:57:04:120 000004bd              RhoRuby| require_compiled: rhom/rhom
I/APP     ( 1190): I 02/04/2013 17:57:04:212 000004bd              RhoRuby| require_compiled: rhom/rhom_model
I/APP     ( 1190): I 02/04/2013 17:57:04:251 000004bd              RhoRuby| require_compiled: rhom
I/APP     ( 1190): I 02/04/2013 17:57:04:256 000004bd              RhoRuby| require_compiled: rho/rhoapplication
I/APP     ( 1190): I 02/04/2013 17:57:04:308 000004bd              RhoRuby| require_compiled: rholang/localization_simplified
I/APP     ( 1190): I 02/04/2013 17:57:04:346 000004bd              RhoRuby| require_compiled: rho/rhomsg
I/APP     ( 1190): I 02/04/2013 17:57:04:362 000004bd              RhoRuby| require_compiled: rho/rhotabbar
I/APP     ( 1190): I 02/04/2013 17:57:04:381 000004bd              RhoRuby| require_compiled: rho/rhotoolbar
I/APP     ( 1190): I 02/04/2013 17:57:04:397 000004bd                  APP| Current locale: ; Country code: 
I/APP     ( 1190): I 02/04/2013 17:57:04:402 000004bd                  APP| Locilized file: /data/data/com.rhomobile.macotec/rhodata/lib/rholang/lang_
I/APP     ( 1190): I 02/04/2013 17:57:04:424 000004bd              RhoRuby| require_compiled: /data/data/com.rhomobile.macotec/rhodata/lib/rholang/lang_en
I/APP     ( 1190): I 02/04/2013 17:57:04:446 000004bd                  APP| Locilized file: /data/data/com.rhomobile.macotec/rhodata/apps/app/lang/lang_
I/APP     ( 1190): I 02/04/2013 17:57:04:449 000004bd                  APP| Locilized file: /data/data/com.rhomobile.macotec/rhodata/lib/rholang/rhoerror_
I/APP     ( 1190): I 02/04/2013 17:57:04:468 000004bd              RhoRuby| require_compiled: /data/data/com.rhomobile.macotec/rhodata/lib/rholang/rhoerror_en
I/APP     ( 1190): I 02/04/2013 17:57:04:496 000004bd                  APP| Locilized file: /data/data/com.rhomobile.macotec/rhodata/lib/rholang/rhomsg_
I/APP     ( 1190): I 02/04/2013 17:57:04:498 000004bd              RhoRuby| require_compiled: /data/data/com.rhomobile.macotec/rhodata/lib/rholang/rhomsg_en
I/APP     ( 1190): I 02/04/2013 17:57:04:525 000004bd              RhoRuby| require_compiled: indifferent_access
I/APP     ( 1190): I 02/04/2013 17:57:04:556 000004bd              RhoRuby| require_compiled: rho/rhosupport
I/APP     ( 1190): I 02/04/2013 17:57:04:598 000004bd              RhoRuby| require_compiled: rho/rhocontroller
I/APP     ( 1190): I 02/04/2013 17:57:04:629 000004bd              RhoRuby| require_compiled: rho/render
I/APP     ( 1190): I 02/04/2013 17:57:04:677 000004bd              RhoRuby| require_compiled: rho/rho
I/APP     ( 1190): I 02/04/2013 17:57:04:828 000004bd              RhoRuby| require_compiled: rho/rhoerror
I/APP     ( 1190): I 02/04/2013 17:57:04:845 000004bd              RhoRuby| require_compiled: rhom/rhom_source
I/APP     ( 1190): I 02/04/2013 17:57:04:877 000004bd              RhoRuby| require_compiled: rho/rhoviewhelpers
I/APP     ( 1190): I 02/04/2013 17:57:04:905 000004bd              RhoRuby| require_compiled: rho
I/APP     ( 1190): I 02/04/2013 17:57:04:910 000004bd                  APP| RHO loaded
I/APP     ( 1190): I 02/04/2013 17:57:04:923 000004bd                  APP| Calling RHO.initialize
I/APP     ( 1190): I 02/04/2013 17:57:04:940 000004bd                  APP| model file: Product/product
I/APP     ( 1190): I 02/04/2013 17:57:04:990 000004bd                  APP| model file: Request/request
I/APP     ( 1190): I 02/04/2013 17:57:04:994 000004bd                   DB| Open DB: /data/data/com.rhomobile.macotec/rhodata/db/syncdbuser.sqlite
I/APP     ( 1190): I 02/04/2013 17:57:05:048 000004bd          GeoLocation| Creating singleton instance.
I/APP     ( 1190): I 02/04/2013 17:57:05:050 000004bd            RhodesApp| Starting sync engine...
I/APP     ( 1190): I 02/04/2013 17:57:05:068 000004bd                 Sync| sync_poll_interval: 0
I/APP     ( 1190): I 02/04/2013 17:57:05:097 000004bd                 Sync| syncserver: 
I/APP     ( 1190): I 02/04/2013 17:57:05:099 000004bd                 Sync| bulksync_state: 0
I/APP     ( 1190): I 02/04/2013 17:57:05:104 000004bd            RhodesApp| RhoRubyInitApp...
I/APP     ( 1190): I 02/04/2013 17:57:05:115 000004bd                  APP| init_app
I/APP     ( 1190): I 02/04/2013 17:57:05:133 000004bd              RhoRuby| require_compiled: application
I/APP     ( 1190): I 02/04/2013 17:57:05:145 000004bd                 Sync| Set notification. Source ID: -1;Url :http://localhost:8080/app/Settings/sync_notify; Params: 
I/APP     ( 1190): I 02/04/2013 17:57:05:150 000004bd           HttpServer| Start HTTP server
I/APP     ( 1190): I 02/04/2013 17:57:05:200 000004bd           HttpServer| Listen for connections on port 8080
I/APP     ( 1190): I 02/04/2013 17:57:05:201 000004bd         AppCallbacks| addCommand: LOCAL-SERVER-STARTED
I/APP     ( 1190): I 02/04/2013 17:57:05:218 000004bb         AppCallbacks| process command: LOCAL-SERVER-STARTED
I/APP     ( 1190): I 02/04/2013 17:57:05:219 000004bb RhodesAppActiveObserver| Ready
I/APP     ( 1190): I 02/04/2013 17:57:05:246 000004bb    RhodesApplication| New AppState: AppActivated
I/APP     ( 1190): I 02/04/2013 17:57:05:248 000004bb         AppCallbacks| process command: UI-CREATED
I/APP     ( 1190): I 02/04/2013 17:57:05:346 000004bd           HttpServer| Process URI: '/system/uicreated'
I/APP     ( 1190): I 02/04/2013 17:57:05:350 000004bd                  APP| on_ui_created.navigate to start url: '/app'
I/APP     ( 1190): I 02/04/2013 17:57:05:380 000004bb         AppCallbacks| process command: APP-ACTIVATED
I/APP     ( 1190): I 02/04/2013 17:57:05:408 000004a6 AndroidFunctionality| Disable WebView zoom
I/APP     ( 1190): I 02/04/2013 17:57:05:414 000004a6 AndroidFunctionality| Set web plugins state 'OFF'
I/APP     ( 1190): I 02/04/2013 17:57:05:443 000004bd           HttpServer| Process URI: '/system/activateapp'
I/APP     ( 1190): I 02/04/2013 17:57:05:448 000004bb         AppCallbacks| ThreadQueue blocked for 4294967295 seconds...
I/APP     ( 1190): I 02/04/2013 17:57:05:474 000004a6         SplashScreen| navigate: url=http://localhost:8080/app
I/APP     ( 1190): I 02/04/2013 17:57:05:496 000004a6         SplashScreen| DELAY for SplashScreen = 0
I/APP     ( 1190): I 02/04/2013 17:57:05:717 000004a6        GoogleWebView| Creating new RhoWebChromeClient
I/APP     ( 1190): I 02/04/2013 17:57:05:794 000004a6       SimpleMainView| Cleared URL: http://localhost:8080/app
V/SimpleMainView.View( 1190): ms[1359997025854]  Main Window :: onSizeChanged() old [ 480 x 652 ]  new [ 0 x 0 ]
I/APP     ( 1190): I 02/04/2013 17:57:05:923 000004a6        GoogleWebView| Setting RhoWebChromeClient
I/APP     ( 1190): I 02/04/2013 17:57:06:044 000004bd           HttpServer| Process URI: '/app'
I/APP     ( 1190): I 02/04/2013 17:57:06:092 000004a6     RhoWebViewClient| Loading URL: http://localhost:8080/app/index_erb.iseq
I/APP     ( 1190): I 02/04/2013 17:57:06:126 000004bd           HttpServer| Process URI: '/app/index_erb.iseq'
I/APP     ( 1190): I 02/04/2013 17:57:06:131 000004bd                  APP| RHO serve_index: /app/index_erb.iseq
I/APP     ( 1190): I 02/04/2013 17:57:06:152 000004bd RHO Rho::RhoController| inst_render_index
I/APP     ( 1190): I 02/04/2013 17:57:06:194 000004bd RHO Rho::RhoController| index layout
I/APP     ( 1190): I 02/04/2013 17:57:06:265 000004bd           HttpServer| GC Start.
I/APP     ( 1190): I 02/04/2013 17:57:06:340 000004bd           HttpServer| GC End.
I/APP     ( 1190): I 02/04/2013 17:57:06:553 000004bd           HttpServer| Process URI: '/public/jquery/jquery-1.6.4.min.js'
I/APP     ( 1190): I 02/04/2013 17:57:06:672 000004bd           HttpServer| Process URI: '/public/jquery/jquery.json-2.3.min.js'
I/APP     ( 1190): I 02/04/2013 17:57:06:709 000004bd           HttpServer| Process URI: '/public/jqmobile/jquery.mobile-1.0.1.min.css'
I/APP     ( 1190): I 02/04/2013 17:57:06:751 000004bd           HttpServer| Process URI: '/public/css/jqmobile-patch.css'
I/APP     ( 1190): I 02/04/2013 17:57:06:791 000004bd           HttpServer| Process URI: '/public/jqmobile/jquery.mobile-1.0.1.min.js'
I/APP     ( 1190): I 02/04/2013 17:57:06:877 000004bd           HttpServer| Process URI: '/public/js/jqmobile-patch.js'
I/APP     ( 1190): I 02/04/2013 17:57:06:912 000004bd           HttpServer| Process URI: '/public/css/macotec_style.css'
I/APP     ( 1190): I 02/04/2013 17:57:14:786 000004bd           HttpServer| Process URI: '/public/images/macotec/logo.png'
I/APP     ( 1190): I 02/04/2013 17:57:15:402 000004bd           HttpServer| Process URI: '/public/images/macotec/request.png'
I/APP     ( 1190): I 02/04/2013 17:57:15:476 000004bd           HttpServer| Process URI: '/public/images/macotec/contact.png'
I/APP     ( 1190): I 02/04/2013 17:57:15:497 000004bd           HttpServer| Process URI: '/public/images/macotec/products.png'
I/APP     ( 1190): I 02/04/2013 17:57:15:515 000004bd           HttpServer| Process URI: '/public/images/macotec/info.png'
I/APP     ( 1190): I 02/04/2013 17:57:17:118 000004bd           HttpServer| Process URI: '/app/Request/request'
I/APP     ( 1190): I 02/04/2013 17:57:17:120 000004bd                  APP| RHO serve: /app/Request/request
I/APP     ( 1190): I 02/04/2013 17:57:17:141 000004bd              RhoRuby| require_compiled: Request/request_controller
I/APP     ( 1190): I 02/04/2013 17:57:17:175 000004bd              RhoRuby| require_compiled: helpers/browser_helper
I/APP     ( 1190): I 02/04/2013 17:57:17:194 000004bd                  APP| const_missing: Product
I/APP     ( 1190): I 02/04/2013 17:57:17:198 000004bd                  APP| load_model: Product
I/APP     ( 1190): I 02/04/2013 17:57:17:221 000004bd              RhoRuby| require_compiled: Product/product
I/APP     ( 1190): I 02/04/2013 17:57:17:247 000004bd                  APP| model name: Product
I/APP     ( 1190): I 02/04/2013 17:57:17:250 000004bd                  APP| model class found
I/APP     ( 1190): I 02/04/2013 17:57:17:267 000004bd                  APP| Product : {"property"=>{}}
I/APP     ( 1190): I 02/04/2013 17:57:17:272 000004bd                   DB| Open DB: /data/data/com.rhomobile.macotec/rhodata/db/syncdblocal.sqlite
I/APP     ( 1190): I 02/04/2013 17:57:17:299 000004bd                  APP| init_db_sources
I/APP     ( 1190): I 02/04/2013 17:57:17:332 000004bd                  APP| start_id: 40005
I/APP     ( 1190): I 02/04/2013 17:57:17:334 000004bd                  APP| Migrate schema sources: {}
I/APP     ( 1190): I 02/04/2013 17:57:17:466 000004bd           HttpServer| GC Start.
I/APP     ( 1190): I 02/04/2013 17:57:17:516 000004bd           HttpServer| GC End.
I/APP     ( 1190): I 02/04/2013 17:57:18:271 000004bd           HttpServer| Process URI: '/public/jqmobile/images/icons-36-white.png'
E/libEGL  ( 1190): call to OpenGL ES API with no current context (logged once per thread)
D/ShaderProgram( 1190): couldn't load the vertex shader!
E/libEGL  ( 1190): call to OpenGL ES API with no current context (logged once per thread)
D/ShaderProgram( 1190): couldn't load the vertex shader!
E/libEGL  ( 1190): call to OpenGL ES API with no current context (logged once per thread)
D/ShaderProgram( 1190): couldn't load the vertex shader!
E/libEGL  ( 1190): call to OpenGL ES API with no current context (logged once per thread)
D/ShaderProgram( 1190): couldn't load the vertex shader!
E/libEGL  ( 1190): call to OpenGL ES API with no current context (logged once per thread)
D/ShaderProgram( 1190): couldn't load the vertex shader!
D/dalvikvm(  131): GC_CONCURRENT freed 296K, 29% free 10405K/14599K, paused 6ms+22ms
E/ActivityThread(  145): Failed to find provider info for com.android.inputmethod.latin.dictionarypack
E/BinaryDictionaryGetter(  145): Could not find a dictionary pack
I/APP     ( 1190): I 02/04/2013 17:57:29:909 000004bd           HttpServer| Process URI: '/app/Request/submit'
I/APP     ( 1190): I 02/04/2013 17:57:29:912 000004bd                  APP| RHO serve: /app/Request/submit
I/APP     ( 1190): I 02/04/2013 17:57:29:940 000004bd                  APP| Params: {"product"=>"nothing", "rental_begin"=>"", "operation_period"=>"", "amount_product"=>"", "location"=>"", "information"=>"", "company"=>"", "phone"=>"", "email"=>"oliver@hase.de"}
I/APP     ( 1190): I 02/04/2013 17:57:30:031 000004bd            AsyncHttp| addCommand: POST
I/APP     ( 1190): I 02/04/2013 17:57:30:119 000004c8            AsyncHttp| Starting main routine...
I/APP     ( 1190): I 02/04/2013 17:57:30:122 000004c8                  Net| POST request (Pull): http://www.datenloft.com/macotec/send_request_test.php
I/APP     ( 1190): I 02/04/2013 17:57:30:222 000004bd           HttpServer| GC Start.
I/APP     ( 1190): I 02/04/2013 17:57:30:303 000004bd           HttpServer| GC End.
D/dalvikvm(  131): GC_CONCURRENT freed 403K, 29% free 10444K/14599K, paused 5ms+16ms
I/APP     ( 1190): I 02/04/2013 17:57:30:517 000004bd           HttpServer| Process URI: '/app/Request/http_callback'
I/APP     ( 1190): I 02/04/2013 17:57:30:518 000004bd                  APP| RHO serve: /app/Request/http_callback
I/APP     ( 1190): I 02/04/2013 17:57:30:550 000004bd                  APP| Params: {"rho_callback"=>"1", "status"=>"ok", "http_error"=>"200", "headers"=>{"Content-Type"=>"application/x-www-form-urlencoded", "User-Agent"=>"Mozilla-5.0 (ANDROID; unknown generic; 4.0.4)", "charset"=>"UTF-8", "connection"=>"Keep-Alive", "content-type"=>"text/html; charset=utf-8", "date"=>"Mon, 04 Feb 2013 16:57:31 GMT", "keep-alive"=>"timeout=3, max=100", "server"=>"Apache/2.2.21 (Unix) mod_ssl/2.2.21 OpenSSL/0.9.8r", "transfer-encoding"=>"chunked", "x-powered-by"=>"PHP/5.2.17"}, "__rho_object"=>{"body"=>"0"}}
I/APP     ( 1190): I 02/04/2013 17:57:34:566 000004a6       SimpleMainView| Cleared URL: http://localhost:8080/app/Request/submit_success
I/APP     ( 1190): I 02/04/2013 17:57:34:590 000004c8            AsyncHttp| ThreadQueue blocked for 4294967295 seconds...
I/APP     ( 1190): I 02/04/2013 17:57:34:613 000004bd           HttpServer| GC Start.
I/APP     ( 1190): I 02/04/2013 17:57:34:635 000004bd           HttpServer| GC End.
I/APP     ( 1190): E 02/04/2013 17:57:34:637 000004bd           HttpServer| Connection gracefully closed before we send any data
I/APP     ( 1190): E 02/04/2013 17:57:34:655 000004bd           HttpServer| Parsing error
I/APP     ( 1190): I 02/04/2013 17:57:34:658 000004bd           HttpServer| Process URI: '/app/Request/submit_success'
I/APP     ( 1190): I 02/04/2013 17:57:34:678 000004bd                  APP| RHO serve: /app/Request/submit_success
I/APP     ( 1190): I 02/04/2013 17:57:34:696 000004bd RHO RequestController| Layout file: /data/data/com.rhomobile.macotec/rhodata/apps/app/custom_layout_erb.iseq. Content size: 257
I/APP     ( 1190): I 02/04/2013 17:57:34:732 000004bd           HttpServer| GC Start.
I/APP     ( 1190): I 02/04/2013 17:57:34:769 000004bd           HttpServer| GC End.
I/APP     ( 1190): I 02/04/2013 17:57:43:450 000004a6       SimpleMainView| Cleared URL: http://localhost:8080/app
I/APP     ( 1190): I 02/04/2013 17:57:43:478 000004a6     RhoWebViewClient| Loading URL: http://localhost:8080/app/index_erb.iseq
I/APP     ( 1190): I 02/04/2013 17:57:43:511 000004bd           HttpServer| Process URI: '/app/index_erb.iseq'
I/APP     ( 1190): I 02/04/2013 17:57:43:513 000004bd                  APP| RHO serve_index: /app/index_erb.iseq
I/APP     ( 1190): I 02/04/2013 17:57:43:514 000004bd RHO Rho::RhoController| inst_render_index
I/APP     ( 1190): I 02/04/2013 17:57:43:649 000004bd RHO Rho::RhoController| index layout
D/dalvikvm( 1190): GC_CONCURRENT freed 933K, 8% free 12469K/13511K, paused 4ms+44ms
D/webviewglue( 1190): nativeDestroy view: 0x2b64b0
I/APP     ( 1190): I 02/04/2013 17:57:43:926 000004bd           HttpServer| GC Start.
I/APP     ( 1190): I 02/04/2013 17:57:44:023 000004bd           HttpServer| GC End.
