I/APP     ( 4637): I 01/25/2013 18:09:05:279 00001234              RhoRuby| require_compiled: indifferent_access
I/APP     ( 4637): I 01/25/2013 18:09:05:390 00001234              RhoRuby| require_compiled: rho/rhosupport
I/APP     ( 4637): I 01/25/2013 18:09:05:522 00001234              RhoRuby| require_compiled: rho/rhocontroller
I/APP     ( 4637): I 01/25/2013 18:09:05:616 00001234              RhoRuby| require_compiled: rho/render
I/APP     ( 4637): I 01/25/2013 18:09:05:722 00001234              RhoRuby| require_compiled: rho/rho
I/APP     ( 4637): I 01/25/2013 18:09:05:951 00001234              RhoRuby| require_compiled: rho/rhoerror
I/APP     ( 4637): I 01/25/2013 18:09:06:012 00001234              RhoRuby| require_compiled: rhom/rhom_source
I/APP     ( 4637): I 01/25/2013 18:09:06:101 00001234              RhoRuby| require_compiled: rho/rhoviewhelpers
I/APP     ( 4637): I 01/25/2013 18:09:06:184 00001234              RhoRuby| require_compiled: rho
I/APP     ( 4637): I 01/25/2013 18:09:06:232 00001234                  APP| RHO loaded
I/APP     ( 4637): I 01/25/2013 18:09:06:268 00001234                  APP| Calling RHO.initialize
I/APP     ( 4637): I 01/25/2013 18:09:06:302 00001234                  APP| model file: Menu/menu
I/APP     ( 4637): I 01/25/2013 18:09:06:341 00001234                  APP| model file: Product/product
I/APP     ( 4637): I 01/25/2013 18:09:06:364 00001234                   DB| Open DB: /data/data/com.rhomobile.macotec/rhodata/db/syncdbuser.sqlite
I/APP     ( 4637): I 01/25/2013 18:09:06:418 00001234          GeoLocation| Creating singleton instance.
I/APP     ( 4637): I 01/25/2013 18:09:06:458 00001234            RhodesApp| Starting sync engine...
I/APP     ( 4637): I 01/25/2013 18:09:06:464 00001234                 Sync| sync_poll_interval: 0
I/APP     ( 4637): I 01/25/2013 18:09:06:502 00001234                 Sync| syncserver: 
I/APP     ( 4637): I 01/25/2013 18:09:06:524 00001234                 Sync| bulksync_state: 0
I/APP     ( 4637): I 01/25/2013 18:09:06:544 00001234            RhodesApp| RhoRubyInitApp...
I/APP     ( 4637): I 01/25/2013 18:09:06:563 00001234                  APP| init_app
I/APP     ( 4637): I 01/25/2013 18:09:06:588 00001234              RhoRuby| require_compiled: application
I/APP     ( 4637): I 01/25/2013 18:09:06:613 00001234                 Sync| Set notification. Source ID: -1;Url :http://localhost:8080/app/Settings/sync_notify; Params: 
I/APP     ( 4637): I 01/25/2013 18:09:06:649 00001234           HttpServer| Start HTTP server
I/APP     ( 4637): I 01/25/2013 18:09:06:672 00001234           HttpServer| Listen for connections on port 8080
I/APP     ( 4637): I 01/25/2013 18:09:06:701 00001234         AppCallbacks| addCommand: LOCAL-SERVER-STARTED
I/APP     ( 4637): I 01/25/2013 18:09:06:711 00001232         AppCallbacks| process command: LOCAL-SERVER-STARTED
I/APP     ( 4637): I 01/25/2013 18:09:06:712 00001232 RhodesAppActiveObserver| Ready
I/APP     ( 4637): I 01/25/2013 18:09:06:758 0000121d AndroidFunctionality| Disable WebView zoom
I/APP     ( 4637): I 01/25/2013 18:09:06:763 0000121d AndroidFunctionality| Set web plugins state 'OFF'
I/APP     ( 4637): I 01/25/2013 18:09:06:802 00001232    RhodesApplication| New AppState: AppActivated
I/APP     ( 4637): I 01/25/2013 18:09:06:821 00001232         AppCallbacks| process command: UI-CREATED
I/APP     ( 4637): I 01/25/2013 18:09:06:920 00001234           HttpServer| Process URI: '/system/uicreated'
I/APP     ( 4637): I 01/25/2013 18:09:06:945 00001234                  APP| on_ui_created.navigate to start url: '/app'
I/APP     ( 4637): I 01/25/2013 18:09:06:967 0000121d         SplashScreen| navigate: url=http://localhost:8080/app
I/APP     ( 4637): I 01/25/2013 18:09:06:968 0000121d         SplashScreen| DELAY for SplashScreen = 0
I/APP     ( 4637): I 01/25/2013 18:09:07:030 00001232         AppCallbacks| process command: APP-ACTIVATED
I/APP     ( 4637): I 01/25/2013 18:09:07:057 0000121d        GoogleWebView| Creating new RhoWebChromeClient
I/APP     ( 4637): I 01/25/2013 18:09:07:095 0000121d       SimpleMainView| Cleared URL: http://localhost:8080/app
V/SimpleMainView.View( 4637): ms[1359133747134]  Main Window :: onSizeChanged() old [ 480 x 690 ]  new [ 0 x 0 ]
I/APP     ( 4637): I 01/25/2013 18:09:07:174 00001234           HttpServer| Process URI: '/system/activateapp'
I/APP     ( 4637): I 01/25/2013 18:09:07:200 00001232         AppCallbacks| ThreadQueue blocked for 4294967295 seconds...
I/APP     ( 4637): I 01/25/2013 18:09:07:261 0000121d        GoogleWebView| Setting RhoWebChromeClient
I/APP     ( 4637): I 01/25/2013 18:09:07:413 00001234           HttpServer| Process URI: '/app'
I/APP     ( 4637): I 01/25/2013 18:09:07:451 0000121d     RhoWebViewClient| Loading URL: http://localhost:8080/app/index_erb.iseq
I/APP     ( 4637): I 01/25/2013 18:09:07:506 00001234           HttpServer| Process URI: '/app/index_erb.iseq'
I/APP     ( 4637): I 01/25/2013 18:09:07:531 00001234                  APP| RHO serve_index: /app/index_erb.iseq
I/APP     ( 4637): I 01/25/2013 18:09:07:554 00001234 RHO Rho::RhoController| inst_render_index
I/APP     ( 4637): I 01/25/2013 18:09:07:630 00001234 RHO Rho::RhoController| index layout
I/APP     ( 4637): I 01/25/2013 18:09:07:846 00001234           HttpServer| GC Start.
I/APP     ( 4637): I 01/25/2013 18:09:08:012 00001234           HttpServer| GC End.
I/APP     ( 4637): I 01/25/2013 18:09:08:392 00001234           HttpServer| Process URI: '/public/jquery/jquery-1.6.4.min.js'
I/APP     ( 4637): I 01/25/2013 18:09:08:615 00001234           HttpServer| Process URI: '/public/jquery/jquery.json-2.3.min.js'
I/APP     ( 4637): I 01/25/2013 18:09:08:713 00001234           HttpServer| Process URI: '/public/jqmobile/jquery.mobile-1.0.1.min.css'
I/APP     ( 4637): I 01/25/2013 18:09:08:863 00001234           HttpServer| Process URI: '/public/css/jqmobile-patch.css'
I/APP     ( 4637): I 01/25/2013 18:09:08:941 00001234           HttpServer| Process URI: '/public/jqmobile/jquery.mobile-1.0.1.min.js'
I/APP     ( 4637): I 01/25/2013 18:09:09:106 00001234           HttpServer| Process URI: '/public/js/jqmobile-patch.js'
I/APP     ( 4637): I 01/25/2013 18:09:09:164 00001234           HttpServer| Process URI: '/public/css/android.css'
D/dalvikvm( 4637): GC_CONCURRENT freed 721K, 7% free 11703K/12551K, paused 5ms+4ms
D/webviewglue( 4637): nativeDestroy view: 0x295ee8
I/APP     ( 4637): I 01/25/2013 18:09:12:812 00001234           HttpServer| Process URI: '/public/images/macotec/logo.png'
I/APP     ( 4637): I 01/25/2013 18:09:13:573 00001234           HttpServer| Process URI: '/public/images/macotec/macotec_button.png'
I/APP     ( 4637): I 01/25/2013 18:09:18:209 00001234           HttpServer| Process URI: '/app/Menu/info'
I/APP     ( 4637): I 01/25/2013 18:09:18:246 00001234                  APP| RHO serve: /app/Menu/info
I/APP     ( 4637): I 01/25/2013 18:09:18:284 00001234              RhoRuby| require_compiled: Menu/menu_controller
I/APP     ( 4637): I 01/25/2013 18:09:18:342 00001234              RhoRuby| require_compiled: helpers/browser_helper
I/APP     ( 4637): I 01/25/2013 18:09:18:406 00001234                  APP| const_missing: Product
I/APP     ( 4637): I 01/25/2013 18:09:18:428 00001234                  APP| load_model: Product
I/APP     ( 4637): I 01/25/2013 18:09:18:486 00001234              RhoRuby| require_compiled: Product/product
I/APP     ( 4637): I 01/25/2013 18:09:18:647 00001234                  APP| model name: Product
W/ThrottleService(   77): unable to find stats for iface rmnet0
I/APP     ( 4637): I 01/25/2013 18:09:18:673 00001234                  APP| model class found
I/APP     ( 4637): I 01/25/2013 18:09:18:714 00001234                  APP| Product : {"property"=>{}}
I/APP     ( 4637): I 01/25/2013 18:09:18:752 00001234                   DB| Open DB: /data/data/com.rhomobile.macotec/rhodata/db/syncdblocal.sqlite
I/APP     ( 4637): I 01/25/2013 18:09:18:805 00001234                  APP| init_db_sources
I/APP     ( 4637): I 01/25/2013 18:09:18:939 00001234                  APP| start_id: 40004
I/APP     ( 4637): I 01/25/2013 18:09:18:969 00001234                  APP| Migrate schema sources: {}
I/APP     ( 4637): I 01/25/2013 18:09:19:026 00001234                  APP| App error: wrong argument type Class (expected Module)
I/APP     ( 4637):  apps/app/Menu/menu_controller.rb:6:in `include'
I/APP     ( 4637): apps/app/Menu/menu_controller.rb:6:in `<class:MenuController>'
I/APP     ( 4637): apps/app/Menu/menu_controller.rb:4:in `<main>'
I/APP     ( 4637): lib/rho/rhoapplication.rb:221:in `require'
I/APP     ( 4637): lib/rho/rhoapplication.rb:221:in `serve'
I/APP     ( 4637): lib/rho/rho.rb:879:in `serve'
I/APP     ( 4637): I 01/25/2013 18:09:19:099 00001234           HttpServer| GC Start.
I/APP     ( 4637): I 01/25/2013 18:09:19:170 00001234           HttpServer| GC End.
I/APP     ( 4637): I 01/25/2013 18:09:23:257 00001234           HttpServer| Process URI: '/app/Menu/info'
I/APP     ( 4637): I 01/25/2013 18:09:23:390 00001234                  APP| RHO serve: /app/Menu/info
I/APP     ( 4637): I 01/25/2013 18:09:23:667 00001234           HttpServer| GC Start.
I/APP     ( 4637): I 01/25/2013 18:09:23:813 00001234           HttpServer| GC End.
I/APP     ( 4637): I 01/25/2013 18:09:24:458 00001234           HttpServer| Process URI: '/public/jqmobile/images/icons-36-white.png'
E/libEGL  ( 4637): call to OpenGL ES API with no current context (logged once per thread)
D/ShaderProgram( 4637): couldn't load the vertex shader!
E/libEGL  ( 4637): call to OpenGL ES API with no current context (logged once per thread)
D/ShaderProgram( 4637): couldn't load the vertex shader!
E/libEGL  ( 4637): call to OpenGL ES API with no current context (logged once per thread)
D/ShaderProgram( 4637): couldn't load the vertex shader!
E/libEGL  ( 4637): call to OpenGL ES API with no current context (logged once per thread)
D/ShaderProgram( 4637): couldn't load the vertex shader!
E/libEGL  ( 4637): call to OpenGL ES API with no current context (logged once per thread)
D/ShaderProgram( 4637): couldn't load the vertex shader!
D/InputEventConsistencyVerifier( 4637): KeyEvent: ACTION_UP but key was not down.
D/InputEventConsistencyVerifier( 4637):   in android.widget.LinearLayout@412b9348
D/InputEventConsistencyVerifier( 4637):   0: sent at 24742049000000, KeyEvent { action=ACTION_UP, keyCode=KEYCODE_DPAD_DOWN, scanCode=108, metaState=0, flags=0x8, repeatCount=0, eventTime=24742049, downTime=24742049, deviceId=0, source=0x301 }
D/AndroidRuntime( 4675): 
D/AndroidRuntime( 4675): >>>>>> AndroidRuntime START com.android.internal.os.RuntimeInit <<<<<<
D/AndroidRuntime( 4675): CheckJNI is ON
D/AndroidRuntime( 4675): Calling main entry com.android.commands.pm.Pm
W/ActivityManager(   77): No content provider found for permission revoke: file:///data/local/tmp/macotec-debug.apk
W/ActivityManager(   77): No content provider found for permission revoke: file:///data/local/tmp/macotec-debug.apk
D/dalvikvm(   77): GC_CONCURRENT freed 401K, 13% free 11497K/13191K, paused 7ms+10ms
D/dalvikvm(   77): GC_CONCURRENT freed 315K, 12% free 11697K/13191K, paused 7ms+9ms
D/dalvikvm(   77): GC_CONCURRENT freed 474K, 11% free 11806K/13191K, paused 5ms+8ms
D/dalvikvm(   77): GC_CONCURRENT freed 616K, 11% free 11781K/13191K, paused 7ms+9ms
D/dalvikvm(   77): GC_CONCURRENT freed 583K, 11% free 11786K/13191K, paused 6ms+8ms
D/dalvikvm(   77): GC_CONCURRENT freed 590K, 11% free 11820K/13191K, paused 7ms+12ms
I/PackageManager(   77): Removing non-system package:com.rhomobile.macotec
I/ActivityManager(   77): Force stopping package com.rhomobile.macotec uid=10040
I/ActivityManager(   77): Killing proc 4637:com.rhomobile.macotec/10040: force stop
W/ActivityManager(   77): Force removing ActivityRecord{412ba6b0 com.rhomobile.macotec/com.rhomobile.rhodes.RhodesActivity}: app died, no saved state
W/InputDispatcher(   77): channel '4160fad0 com.rhomobile.macotec/com.rhomobile.rhodes.RhodesActivity (server)' ~ Consumer closed input channel or an error occurred.  events=0x8
E/InputDispatcher(   77): channel '4160fad0 com.rhomobile.macotec/com.rhomobile.rhodes.RhodesActivity (server)' ~ Channel is unrecoverably broken and will be disposed!
I/WindowManager(   77): WINDOW DIED Window{4160fad0 com.rhomobile.macotec/com.rhomobile.rhodes.RhodesActivity paused=false}
W/InputDispatcher(   77): Attempted to unregister already unregistered input channel '4160fad0 com.rhomobile.macotec/com.rhomobile.rhodes.RhodesActivity (server)'
I/PackageManager(   77): Package com.rhomobile.macotec codePath changed from /data/app/com.rhomobile.macotec-2.apk to /data/app/com.rhomobile.macotec-1.apk; Retaining data and using new
W/NetworkManagementSocketTagger(   77): setKernelCountSet(10040, 0) failed with errno -2
W/NetworkManagementSocketTagger(   77): setKernelCountSet(10009, 1) failed with errno -2
W/InputManagerService(   77): Got RemoteException sending setActive(false) notification to pid 4637 uid 10040
I/Process (   77): Sending signal. PID: 186 SIG: 3
I/dalvikvm(  186): threadid=3: reacting to signal 3
I/dalvikvm(  186): Wrote stack traces to '/data/anr/traces.txt'
I/PackageManager(   77): Running dexopt on: com.rhomobile.macotec
D/dalvikvm( 4686): DexOpt: load 104ms, verify+opt 616ms
W/PackageManager(   77): Code path for pkg : com.rhomobile.macotec changing from /data/app/com.rhomobile.macotec-2.apk to /data/app/com.rhomobile.macotec-1.apk
W/PackageManager(   77): Resource path for pkg : com.rhomobile.macotec changing from /data/app/com.rhomobile.macotec-2.apk to /data/app/com.rhomobile.macotec-1.apk
I/ActivityManager(   77): Force stopping package com.rhomobile.macotec uid=10040
D/dalvikvm(   77): GC_CONCURRENT freed 601K, 11% free 11804K/13191K, paused 6ms+14ms
D/PackageManager(   77): New package installed in /data/app/com.rhomobile.macotec-1.apk
I/ActivityManager(   77): Force stopping package com.rhomobile.macotec uid=10040
D/dalvikvm(  186): GC_EXPLICIT freed 726K, 41% free 14587K/24391K, paused 58ms+29ms
D/dalvikvm(  223): GC_EXPLICIT freed 151K, 4% free 9402K/9735K, paused 98ms+11ms
D/dalvikvm(   77): GC_EXPLICIT freed 595K, 14% free 11405K/13191K, paused 5ms+10ms
D/PackageManager(   77): generateServicesMap(android.accounts.AccountAuthenticator): 2 services unchanged
D/PackageManager(   77): generateServicesMap(android.content.SyncAdapter): 4 services unchanged
D/BackupManagerService(   77): Received broadcast Intent { act=android.intent.action.PACKAGE_REMOVED dat=package:com.rhomobile.macotec flg=0x10000010 (has extras) }
D/PackageManager(   77): generateServicesMap(android.accounts.AccountAuthenticator): 2 services unchanged
D/PackageManager(   77): generateServicesMap(android.content.SyncAdapter): 4 services unchanged
D/BackupManagerService(   77): Received broadcast Intent { act=android.intent.action.PACKAGE_ADDED dat=package:com.rhomobile.macotec flg=0x10000010 (has extras) }
V/BackupManagerService(   77): updatePackageParticipantsLocked: #1
I/AccountTypeManager(  312): Loaded meta-data for 1 account types, 0 accounts in 602ms(wall) 9ms(cpu)
W/RecognitionManagerService(   77): no available voice recognition services found
I/AccountTypeManager(  312): Loaded meta-data for 1 account types, 0 accounts in 169ms(wall) 5ms(cpu)
D/BackupManagerService(   77): Received broadcast Intent { act=android.intent.action.PACKAGE_REPLACED dat=package:com.rhomobile.macotec flg=0x10000010 (has extras) }
V/BackupManagerService(   77): updatePackageParticipantsLocked: #1
D/dalvikvm(   77): GC_CONCURRENT freed 450K, 13% free 11552K/13191K, paused 5ms+23ms
D/dalvikvm(   77): GC_EXPLICIT freed 207K, 14% free 11382K/13191K, paused 60ms+20ms
D/AndroidRuntime( 4675): Shutting down VM
D/dalvikvm( 4675): GC_CONCURRENT freed 97K, 79% free 450K/2048K, paused 1ms+1ms
I/AndroidRuntime( 4675): NOTE: attach of thread 'Binder Thread #3' failed
D/AndroidRuntime( 4694): 
D/AndroidRuntime( 4694): >>>>>> AndroidRuntime START com.android.internal.os.RuntimeInit <<<<<<
D/AndroidRuntime( 4694): CheckJNI is ON
D/AndroidRuntime( 4694): Calling main entry com.android.commands.am.Am
I/ActivityManager(   77): START {act=android.intent.action.MAIN flg=0x10000000 cmp=com.rhomobile.macotec/com.rhomobile.rhodes.RhodesActivity} from pid 4694
W/WindowManager(   77): Failure taking screenshot for (180x273) to layer 21020
D/AndroidRuntime( 4694): Shutting down VM
D/dalvikvm( 4694): GC_CONCURRENT freed 97K, 77% free 480K/2048K, paused 1ms+1ms
I/AndroidRuntime( 4694): NOTE: attach of thread 'Binder Thread #3' failed
I/ActivityManager(   77): Start proc com.rhomobile.macotec for activity com.rhomobile.macotec/com.rhomobile.rhodes.RhodesActivity: pid=4704 uid=10040 gids={3003}
I/dalvikvm( 4704): Turning on JNI app bug workarounds for target SDK version 4...
W/NetworkManagementSocketTagger(   77): setKernelCountSet(10040, 1) failed with errno -2
I/Process (   77): Sending signal. PID: 4704 SIG: 3
I/dalvikvm( 4704): threadid=3: reacting to signal 3
I/dalvikvm( 4704): Wrote stack traces to '/data/anr/traces.txt'
D/dalvikvm( 4704): Trying to load lib /data/data/com.rhomobile.macotec/lib/librhodes.so 0x412a22e0
D/dalvikvm( 4704): Added shared lib /data/data/com.rhomobile.macotec/lib/librhodes.so 0x412a22e0
I/Process (   77): Sending signal. PID: 4704 SIG: 3
I/dalvikvm( 4704): threadid=3: reacting to signal 3
I/dalvikvm( 4704): Wrote stack traces to '/data/anr/traces.txt'
D/dalvikvm( 4704): Trying to load lib /data/data/com.rhomobile.macotec/lib/librhodes.so 0x412a22e0
D/dalvikvm( 4704): Shared lib '/data/data/com.rhomobile.macotec/lib/librhodes.so' already loaded in same CL 0x412a22e0
I/ActivityThread( 4704): Pub com.rhomobile.macotec: com.rhomobile.rhodes.LocalFileProvider
I/RhodesApplication( 4704): Initializing...
D/RhoFileApi( 4704): App root path: /data/data/com.rhomobile.macotec/rhodata/
D/RhoFileApi( 4704): Sqlite journals path: /data/data/com.rhomobile.macotec/sqlite_stmt_journals/
D/RhoFileApi( 4704): Shared path: /data/data/com.rhomobile.macotec/rhodata/
D/RhodesApplication( 4704): Root path: /data/data/com.rhomobile.macotec/rhodata/
I/RhodesApplication( 4704): Application hash was changed
D/RhoFileApi( 4704): Copy hash to FS
D/RhoFileApi( 4704): File hash copied
I/Process (   77): Sending signal. PID: 4704 SIG: 3
I/dalvikvm( 4704): threadid=3: reacting to signal 3
I/dalvikvm( 4704): Wrote stack traces to '/data/anr/traces.txt'
D/RhoFileApi( 4704): Copy rho.dat to FS
D/RhoFileApi( 4704): File rho.dat copied
D/RhoFileApi( 4704): Copy apps/rhoconfig.txt to FS
D/RhoFileApi( 4704): File apps/rhoconfig.txt copied
I/RhoFileApi( 4704): Opening stat table from FS: /data/data/com.rhomobile.macotec/rhodata/rho.dat
I/Process (   77): Sending signal. PID: 4704 SIG: 3
I/dalvikvm( 4704): threadid=3: reacting to signal 3
I/dalvikvm( 4704): Wrote stack traces to '/data/anr/traces.txt'
D/RhoFileApi( 4704): Copy apps/rhoconfig.txt to FS
D/RhoFileApi( 4704): File apps/rhoconfig.txt copied
D/RhoFileApi( 4704): App root path: /data/data/com.rhomobile.macotec/rhodata/
D/RhoFileApi( 4704): Sqlite journals path: /data/data/com.rhomobile.macotec/sqlite_stmt_journals/
D/RhoFileApi( 4704): Shared path: /data/data/com.rhomobile.macotec/rhodata/
I/APP     ( 4704): I 01/25/2013 18:14:19:922 00001260    RhodesApplication| Initialized
I/APP     ( 4704): I 01/25/2013 18:14:20:050 00001260         BaseActivity| New screen properties - width: 480, height: 728, orientation: 1
I/Process (   77): Sending signal. PID: 4704 SIG: 3
I/dalvikvm( 4704): threadid=3: reacting to signal 3
I/dalvikvm( 4704): Wrote stack traces to '/data/anr/traces.txt'
I/APP     ( 4704): I 01/25/2013 18:14:20:485 00001260         SplashScreen| Looking for start page source
I/Process (   77): Sending signal. PID: 4704 SIG: 3
I/dalvikvm( 4704): threadid=3: reacting to signal 3
I/dalvikvm( 4704): Wrote stack traces to '/data/anr/traces.txt'
D/dalvikvm( 4704): GC_CONCURRENT freed 287K, 5% free 9221K/9607K, paused 5ms+10ms
D/dalvikvm( 4704): GC_FOR_ALLOC freed 3K, 5% free 9217K/9607K, paused 136ms
I/dalvikvm-heap( 4704): Grow heap (frag case) to 11.412MB for 2457616-byte allocation
I/Process (   77): Sending signal. PID: 4704 SIG: 3
I/dalvikvm( 4704): threadid=3: reacting to signal 3
I/dalvikvm( 4704): Wrote stack traces to '/data/anr/traces.txt'
D/dalvikvm( 4704): GC_FOR_ALLOC freed <1K, 4% free 11617K/12039K, paused 175ms
I/APP     ( 4704): I 01/25/2013 18:14:21:657 00001260         SplashScreen| Done
I/Process (   77): Sending signal. PID: 4704 SIG: 3
I/dalvikvm( 4704): threadid=3: reacting to signal 3
I/APP     ( 4704): I 01/25/2013 18:14:21:775 00001260    RhodesApplication| New UiState: MainActivityCreated
I/APP     ( 4704): I 01/25/2013 18:14:21:782 00001260       RhodesActivity| onStart
I/dalvikvm( 4704): Wrote stack traces to '/data/anr/traces.txt'
I/APP     ( 4704): I 01/25/2013 18:14:21:843 00001260    RhodesApplication| New UiState: MainActivityStarted
I/APP     ( 4704): I 01/25/2013 18:14:21:850 00001260       RhodesActivity| onResume
I/APP     ( 4704): I 01/25/2013 18:14:21:871 00001260 AndroidFunctionality| Resume WebView
I/APP     ( 4704): I 01/25/2013 18:14:21:964 00001260        RhodesService| onCreate
I/APP     ( 4704): I 01/25/2013 18:14:21:993 00001260    LocalFileProvider| Revoke URI permissions: content:///com.rhomobile.macotec
W/ActivityManager(   77): No content provider found for permission revoke: content:///com.rhomobile.macotec
I/APP     ( 4704): I 01/25/2013 18:14:22:036 00001260               Rhodes| Loading...
I/APP     ( 4704): I 01/25/2013 18:14:22:059 00001260            RhodesApp| Trying to get free listening port.
I/APP     ( 4704): I 01/25/2013 18:14:22:065 00001260            RhodesApp| Trying to bind of 8080 port...
I/APP     ( 4704): I 01/25/2013 18:14:22:100 00001260            RhodesApp| Got port to bind on: 8080
I/APP     ( 4704): I 01/25/2013 18:14:22:139 00001260            RhodesApp| Free listening port: 8080
I/APP     ( 4704): I 01/25/2013 18:14:22:138 00001275         AppCallbacks| Starting main routine...
I/APP     ( 4704): I 01/25/2013 18:14:22:182 00001275         AppCallbacks| ThreadQueue blocked for 4294967295 seconds...
I/Process (   77): Sending signal. PID: 4704 SIG: 3
I/dalvikvm( 4704): threadid=3: reacting to signal 3
I/dalvikvm( 4704): Wrote stack traces to '/data/anr/traces.txt'
I/APP     ( 4704): I 01/25/2013 18:14:22:460 00001260        RhodesService| Push is disabled
I/APP     ( 4704): I 01/25/2013 18:14:22:511 00001260            RhodesApp| callAppActiveCallback
I/APP     ( 4704): I 01/25/2013 18:14:22:517 00001260         AppCallbacks| addCommand: APP-ACTIVATED
I/APP     ( 4704): I 01/25/2013 18:14:22:566 00001275         AppCallbacks| Received command APP-ACTIVATED which is greater than expected (LOCAL-SERVER-STARTED) - postpone it
I/APP     ( 4704): I 01/25/2013 18:14:22:586 00001275         AppCallbacks| ThreadQueue blocked for 4294967295 seconds...
I/APP     ( 4704): I 01/25/2013 18:14:22:616 00001260         AppActivated| Cannot commit now, application will be activated when started.
I/APP     ( 4704): I 01/25/2013 18:14:22:623 00001260    RhodesApplication| New AppState: Undefined
I/APP     ( 4704): I 01/25/2013 18:14:22:643 00001277            RhodesApp| Starting RhodesApp main routine...
D/RhodesService( 4704): +++ onStartCommand
I/RhodesService( 4704): handleCommand: startId=1, source=com.rhomobile.rhodes.BaseActivity
I/Process (   77): Sending signal. PID: 4704 SIG: 3
I/dalvikvm( 4704): threadid=3: reacting to signal 3
I/dalvikvm( 4704): Wrote stack traces to '/data/anr/traces.txt'
D/RhodesService( 4704): New activity was created
I/APP     ( 4704): I 01/25/2013 18:14:22:828 00001260        RhodesService| onBind
I/APP     ( 4704): I 01/25/2013 18:14:22:882 00001260         AppCallbacks| addCommand: UI-CREATED
I/APP     ( 4704): I 01/25/2013 18:14:22:927 00001275         AppCallbacks| Received command UI-CREATED which is greater than expected (LOCAL-SERVER-STARTED) - postpone it
I/APP     ( 4704): I 01/25/2013 18:14:22:929 00001275         AppCallbacks| ThreadQueue blocked for 4294967295 seconds...
V/PhoneStatusBar(  131): setLightsOn(true)
I/APP     ( 4704): I 01/25/2013 18:14:23:169 00001260       RhodesActivity| onServiceConnected: {com.rhomobile.macotec/com.rhomobile.rhodes.RhodesService}
I/APP     ( 4704): I 01/25/2013 18:14:23:203 00001260       RhodesActivity| New start parameters: 
I/APP     ( 4704): I 01/25/2013 18:14:23:225 00001260            RhodesApp| New start params: 
I/Process (   77): Sending signal. PID: 4704 SIG: 3
I/dalvikvm( 4704): threadid=3: reacting to signal 3
I/dalvikvm( 4704): Wrote stack traces to '/data/anr/traces.txt'
D/gralloc_goldfish( 4704): Emulator without GPU emulation detected.
I/Process (   77): Sending signal. PID: 4704 SIG: 3
I/dalvikvm( 4704): threadid=3: reacting to signal 3
I/dalvikvm( 4704): Wrote stack traces to '/data/anr/traces.txt'
I/ActivityManager(   77): Displayed com.rhomobile.macotec/com.rhomobile.rhodes.RhodesActivity: +6s888ms
I/APP     ( 4704): I 01/25/2013 18:14:24:712 00001277              RhoRuby| Init_RhoBlobs: /data/data/com.rhomobile.macotec/rhodata/db/db-files
I/APP     ( 4704): I 01/25/2013 18:14:24:899 00001277              RhoRuby| require_compiled: rhoframework
I/APP     ( 4704): I 01/25/2013 18:14:25:142 00001277              RhoRuby| require_compiled: rational
I/APP     ( 4704): I 01/25/2013 18:14:25:323 00001277              RhoRuby| require_compiled: rhom/rhom_db_adapter
W/NetworkManagementSocketTagger(   77): setKernelCountSet(10009, 0) failed with errno -2
I/APP     ( 4704): I 01/25/2013 18:14:25:588 00001277              RhoRuby| require_compiled: rhodes
I/APP     ( 4704): I 01/25/2013 18:14:25:648 00001277              RhoRuby| require_compiled: rhom/rhom_object
I/APP     ( 4704): I 01/25/2013 18:14:25:708 00001277              RhoRuby| require_compiled: rhofsconnector
I/APP     ( 4704): I 01/25/2013 18:14:25:732 00001277              RhoRuby| require_compiled: rho/rhofsconnector
I/APP     ( 4704): I 01/25/2013 18:14:25:800 00001277              RhoRuby| require_compiled: rhom/rhom_object_factory
I/APP     ( 4704): I 01/25/2013 18:14:26:094 00001277              RhoRuby| require_compiled: rhom/rhom
I/APP     ( 4704): I 01/25/2013 18:14:26:186 00001277              RhoRuby| require_compiled: rhom/rhom_model
I/APP     ( 4704): I 01/25/2013 18:14:26:270 00001277              RhoRuby| require_compiled: rhom
I/APP     ( 4704): I 01/25/2013 18:14:26:322 00001277              RhoRuby| require_compiled: rho/rhoapplication
I/APP     ( 4704): I 01/25/2013 18:14:26:448 00001277              RhoRuby| require_compiled: rholang/localization_simplified
I/APP     ( 4704): I 01/25/2013 18:14:26:561 00001277              RhoRuby| require_compiled: rho/rhomsg
I/APP     ( 4704): I 01/25/2013 18:14:26:615 00001277              RhoRuby| require_compiled: rho/rhotabbar
I/APP     ( 4704): I 01/25/2013 18:14:26:666 00001277              RhoRuby| require_compiled: rho/rhotoolbar
I/APP     ( 4704): I 01/25/2013 18:14:26:738 00001277                  APP| Current locale: ; Country code: 
I/APP     ( 4704): I 01/25/2013 18:14:26:781 00001277                  APP| Locilized file: /data/data/com.rhomobile.macotec/rhodata/lib/rholang/lang_
I/APP     ( 4704): I 01/25/2013 18:14:26:810 00001277              RhoRuby| require_compiled: /data/data/com.rhomobile.macotec/rhodata/lib/rholang/lang_en
I/APP     ( 4704): I 01/25/2013 18:14:26:935 00001277                  APP| Locilized file: /data/data/com.rhomobile.macotec/rhodata/apps/app/lang/lang_
I/APP     ( 4704): I 01/25/2013 18:14:26:968 00001277                  APP| Locilized file: /data/data/com.rhomobile.macotec/rhodata/lib/rholang/rhoerror_
I/APP     ( 4704): I 01/25/2013 18:14:26:997 00001277              RhoRuby| require_compiled: /data/data/com.rhomobile.macotec/rhodata/lib/rholang/rhoerror_en
I/APP     ( 4704): I 01/25/2013 18:14:27:051 00001277                  APP| Locilized file: /data/data/com.rhomobile.macotec/rhodata/lib/rholang/rhomsg_
I/APP     ( 4704): I 01/25/2013 18:14:27:107 00001277              RhoRuby| require_compiled: /data/data/com.rhomobile.macotec/rhodata/lib/rholang/rhomsg_en
I/APP     ( 4704): I 01/25/2013 18:14:27:173 00001277              RhoRuby| require_compiled: indifferent_access
I/APP     ( 4704): I 01/25/2013 18:14:27:320 00001277              RhoRuby| require_compiled: rho/rhosupport
I/APP     ( 4704): I 01/25/2013 18:14:27:560 00001277              RhoRuby| require_compiled: rho/rhocontroller
I/APP     ( 4704): I 01/25/2013 18:14:27:685 00001277              RhoRuby| require_compiled: rho/render
I/APP     ( 4704): I 01/25/2013 18:14:27:866 00001277              RhoRuby| require_compiled: rho/rho
I/APP     ( 4704): I 01/25/2013 18:14:28:100 00001277              RhoRuby| require_compiled: rho/rhoerror
I/APP     ( 4704): I 01/25/2013 18:14:28:150 00001277              RhoRuby| require_compiled: rhom/rhom_source
I/APP     ( 4704): I 01/25/2013 18:14:28:252 00001277              RhoRuby| require_compiled: rho/rhoviewhelpers
I/APP     ( 4704): I 01/25/2013 18:14:28:334 00001277              RhoRuby| require_compiled: rho
I/APP     ( 4704): I 01/25/2013 18:14:28:385 00001277                  APP| RHO loaded
I/APP     ( 4704): I 01/25/2013 18:14:28:414 00001277                  APP| Calling RHO.initialize
I/APP     ( 4704): I 01/25/2013 18:14:28:439 00001277                  APP| model file: Menu/menu
I/APP     ( 4704): I 01/25/2013 18:14:28:470 00001277                  APP| model file: Product/product
I/APP     ( 4704): I 01/25/2013 18:14:28:502 00001277                   DB| Open DB: /data/data/com.rhomobile.macotec/rhodata/db/syncdbuser.sqlite
I/APP     ( 4704): I 01/25/2013 18:14:28:549 00001277          GeoLocation| Creating singleton instance.
I/APP     ( 4704): I 01/25/2013 18:14:28:579 00001277            RhodesApp| Starting sync engine...
I/APP     ( 4704): I 01/25/2013 18:14:28:585 00001277                 Sync| sync_poll_interval: 0
I/APP     ( 4704): I 01/25/2013 18:14:28:620 00001277                 Sync| syncserver: 
I/APP     ( 4704): I 01/25/2013 18:14:28:641 00001277                 Sync| bulksync_state: 0
I/APP     ( 4704): I 01/25/2013 18:14:28:646 00001277            RhodesApp| RhoRubyInitApp...
I/APP     ( 4704): I 01/25/2013 18:14:28:685 00001277                  APP| init_app
I/APP     ( 4704): I 01/25/2013 18:14:28:692 00001277              RhoRuby| require_compiled: application
I/APP     ( 4704): I 01/25/2013 18:14:28:752 00001277                 Sync| Set notification. Source ID: -1;Url :http://localhost:8080/app/Settings/sync_notify; Params: 
I/APP     ( 4704): I 01/25/2013 18:14:28:786 00001277           HttpServer| Start HTTP server
I/APP     ( 4704): I 01/25/2013 18:14:28:810 00001277           HttpServer| Listen for connections on port 8080
I/APP     ( 4704): I 01/25/2013 18:14:28:819 00001277         AppCallbacks| addCommand: LOCAL-SERVER-STARTED
I/APP     ( 4704): I 01/25/2013 18:14:28:837 00001275         AppCallbacks| process command: LOCAL-SERVER-STARTED
I/APP     ( 4704): I 01/25/2013 18:14:28:838 00001275 RhodesAppActiveObserver| Ready
I/APP     ( 4704): I 01/25/2013 18:14:28:844 00001260 AndroidFunctionality| Disable WebView zoom
I/APP     ( 4704): I 01/25/2013 18:14:28:845 00001260 AndroidFunctionality| Set web plugins state 'OFF'
I/APP     ( 4704): I 01/25/2013 18:14:28:909 00001275    RhodesApplication| New AppState: AppActivated
I/APP     ( 4704): I 01/25/2013 18:14:28:931 00001275         AppCallbacks| process command: UI-CREATED
I/APP     ( 4704): I 01/25/2013 18:14:29:016 00001277           HttpServer| Process URI: '/system/uicreated'
I/APP     ( 4704): I 01/25/2013 18:14:29:038 00001277                  APP| on_ui_created.navigate to start url: '/app'
I/APP     ( 4704): I 01/25/2013 18:14:29:059 00001260         SplashScreen| navigate: url=http://localhost:8080/app
I/APP     ( 4704): I 01/25/2013 18:14:29:060 00001260         SplashScreen| DELAY for SplashScreen = 0
I/APP     ( 4704): I 01/25/2013 18:14:29:143 00001275         AppCallbacks| process command: APP-ACTIVATED
I/APP     ( 4704): I 01/25/2013 18:14:29:187 00001260        GoogleWebView| Creating new RhoWebChromeClient
I/APP     ( 4704): I 01/25/2013 18:14:29:262 00001260       SimpleMainView| Cleared URL: http://localhost:8080/app
V/SimpleMainView.View( 4704): ms[1359134069320]  Main Window :: onSizeChanged() old [ 480 x 690 ]  new [ 0 x 0 ]
I/APP     ( 4704): I 01/25/2013 18:14:29:340 00001277           HttpServer| Process URI: '/system/activateapp'
I/APP     ( 4704): I 01/25/2013 18:14:29:368 00001275         AppCallbacks| ThreadQueue blocked for 4294967295 seconds...
I/APP     ( 4704): I 01/25/2013 18:14:29:470 00001260        GoogleWebView| Setting RhoWebChromeClient
I/APP     ( 4704): I 01/25/2013 18:14:29:737 00001277           HttpServer| Process URI: '/app'
I/APP     ( 4704): I 01/25/2013 18:14:29:813 00001260     RhoWebViewClient| Loading URL: http://localhost:8080/app/index_erb.iseq
I/APP     ( 4704): I 01/25/2013 18:14:29:904 00001277           HttpServer| Process URI: '/app/index_erb.iseq'
I/APP     ( 4704): I 01/25/2013 18:14:29:929 00001277                  APP| RHO serve_index: /app/index_erb.iseq
I/APP     ( 4704): I 01/25/2013 18:14:29:961 00001277 RHO Rho::RhoController| inst_render_index
I/APP     ( 4704): I 01/25/2013 18:14:30:022 00001277 RHO Rho::RhoController| index layout
I/APP     ( 4704): I 01/25/2013 18:14:30:246 00001277           HttpServer| GC Start.
I/APP     ( 4704): I 01/25/2013 18:14:30:404 00001277           HttpServer| GC End.
I/APP     ( 4704): I 01/25/2013 18:14:30:959 00001277           HttpServer| Process URI: '/public/jquery/jquery-1.6.4.min.js'
I/APP     ( 4704): I 01/25/2013 18:14:31:112 00001277           HttpServer| Process URI: '/public/jquery/jquery.json-2.3.min.js'
I/APP     ( 4704): I 01/25/2013 18:14:31:263 00001277           HttpServer| Process URI: '/public/jqmobile/jquery.mobile-1.0.1.min.css'
I/APP     ( 4704): I 01/25/2013 18:14:31:399 00001277           HttpServer| Process URI: '/public/css/jqmobile-patch.css'
I/APP     ( 4704): I 01/25/2013 18:14:31:498 00001277           HttpServer| Process URI: '/public/jqmobile/jquery.mobile-1.0.1.min.js'
I/APP     ( 4704): I 01/25/2013 18:14:31:653 00001277           HttpServer| Process URI: '/public/js/jqmobile-patch.js'
I/APP     ( 4704): I 01/25/2013 18:14:31:729 00001277           HttpServer| Process URI: '/public/css/android.css'
D/dalvikvm( 4704): GC_CONCURRENT freed 723K, 7% free 11706K/12551K, paused 4ms+11ms
D/webviewglue( 4704): nativeDestroy view: 0x298a48
I/APP     ( 4704): I 01/25/2013 18:14:35:296 00001277           HttpServer| Process URI: '/public/images/macotec/logo.png'
I/APP     ( 4704): I 01/25/2013 18:14:36:112 00001277           HttpServer| Process URI: '/public/images/macotec/macotec_button.png'
I/APP     ( 4704): I 01/25/2013 18:14:37:961 00001277           HttpServer| Process URI: '/app/Menu/info'
I/APP     ( 4704): I 01/25/2013 18:14:37:997 00001277                  APP| RHO serve: /app/Menu/info
I/APP     ( 4704): I 01/25/2013 18:14:38:058 00001277              RhoRuby| require_compiled: Menu/menu_controller
I/APP     ( 4704): I 01/25/2013 18:14:38:120 00001277              RhoRuby| require_compiled: helpers/browser_helper
I/APP     ( 4704): I 01/25/2013 18:14:38:180 00001277                  APP| const_missing: Product
I/APP     ( 4704): I 01/25/2013 18:14:38:240 00001277                  APP| load_model: Product
I/APP     ( 4704): I 01/25/2013 18:14:38:291 00001277              RhoRuby| require_compiled: Product/product
I/APP     ( 4704): I 01/25/2013 18:14:38:457 00001277                  APP| model name: Product
I/APP     ( 4704): I 01/25/2013 18:14:38:496 00001277                  APP| model class found
I/APP     ( 4704): I 01/25/2013 18:14:38:531 00001277                  APP| Product : {"property"=>{}}
I/APP     ( 4704): I 01/25/2013 18:14:38:574 00001277                   DB| Open DB: /data/data/com.rhomobile.macotec/rhodata/db/syncdblocal.sqlite
I/APP     ( 4704): I 01/25/2013 18:14:38:675 00001277                  APP| init_db_sources
I/APP     ( 4704): I 01/25/2013 18:14:39:196 00001277                  APP| start_id: 40004
I/APP     ( 4704): I 01/25/2013 18:14:39:458 00001277                  APP| Migrate schema sources: {}
I/APP     ( 4704): I 01/25/2013 18:14:39:749 00001277                  APP| App error: wrong argument type Class (expected Module)
I/APP     ( 4704):  apps/app/Menu/menu_controller.rb:6:in `include'
I/APP     ( 4704): apps/app/Menu/menu_controller.rb:6:in `<class:MenuController>'
I/APP     ( 4704): apps/app/Menu/menu_controller.rb:4:in `<main>'
I/APP     ( 4704): lib/rho/rhoapplication.rb:221:in `require'
I/APP     ( 4704): lib/rho/rhoapplication.rb:221:in `serve'
I/APP     ( 4704): lib/rho/rho.rb:879:in `serve'
I/APP     ( 4704): I 01/25/2013 18:14:40:087 00001277           HttpServer| GC Start.
I/APP     ( 4704): I 01/25/2013 18:14:40:602 00001277           HttpServer| GC End.
D/dalvikvm(  178): GC_CONCURRENT freed 384K, 6% free 9532K/10119K, paused 7ms+7ms
I/APP     ( 4704): I 01/25/2013 18:14:52:335 00001277           HttpServer| Process URI: '/app/Menu/info'
I/APP     ( 4704): I 01/25/2013 18:14:52:343 00001277                  APP| RHO serve: /app/Menu/info
I/APP     ( 4704): I 01/25/2013 18:14:52:522 00001277           HttpServer| GC Start.
I/APP     ( 4704): I 01/25/2013 18:14:52:582 00001277           HttpServer| GC End.
I/APP     ( 4704): I 01/25/2013 18:14:53:054 00001277           HttpServer| Process URI: '/public/jqmobile/images/icons-36-white.png'
E/libEGL  ( 4704): call to OpenGL ES API with no current context (logged once per thread)
D/ShaderProgram( 4704): couldn't load the vertex shader!
E/libEGL  ( 4704): call to OpenGL ES API with no current context (logged once per thread)
D/ShaderProgram( 4704): couldn't load the vertex shader!
E/libEGL  ( 4704): call to OpenGL ES API with no current context (logged once per thread)
D/ShaderProgram( 4704): couldn't load the vertex shader!
E/libEGL  ( 4704): call to OpenGL ES API with no current context (logged once per thread)
D/ShaderProgram( 4704): couldn't load the vertex shader!
E/libEGL  ( 4704): call to OpenGL ES API with no current context (logged once per thread)
D/ShaderProgram( 4704): couldn't load the vertex shader!
I/APP     ( 4704): I 01/25/2013 18:15:08:970 00001277           HttpServer| Process URI: '/app/index_erb.iseq'
I/APP     ( 4704): I 01/25/2013 18:15:09:008 00001277                  APP| RHO serve_index: /app/index_erb.iseq
I/APP     ( 4704): I 01/25/2013 18:15:09:015 00001277 RHO Rho::RhoController| inst_render_index
I/APP     ( 4704): I 01/25/2013 18:15:09:179 00001277           HttpServer| GC Start.
I/APP     ( 4704): I 01/25/2013 18:15:09:264 00001277           HttpServer| GC End.
I/APP     ( 4704): I 01/25/2013 18:15:13:404 00001277           HttpServer| Process URI: '/app/Product'
I/APP     ( 4704): I 01/25/2013 18:15:13:441 00001277                  APP| RHO serve: /app/Product
I/APP     ( 4704): I 01/25/2013 18:15:13:465 00001277              RhoRuby| require_compiled: Product/product_controller
I/APP     ( 4704): I 01/25/2013 18:15:13:658 00001277           HttpServer| GC Start.
I/APP     ( 4704): I 01/25/2013 18:15:13:751 00001277           HttpServer| GC End.
F/BatteryStatsImpl(   77): problem reading network stats
F/BatteryStatsImpl(   77): java.lang.IllegalStateException: problem parsing idx 1
F/BatteryStatsImpl(   77): 	at com.android.internal.net.NetworkStatsFactory.readNetworkStatsDetail(NetworkStatsFactory.java:300)
F/BatteryStatsImpl(   77): 	at com.android.internal.net.NetworkStatsFactory.readNetworkStatsDetail(NetworkStatsFactory.java:250)
F/BatteryStatsImpl(   77): 	at com.android.internal.os.BatteryStatsImpl.getNetworkStatsDetailGroupedByUid(BatteryStatsImpl.java:5734)
F/BatteryStatsImpl(   77): 	at com.android.internal.os.BatteryStatsImpl.access$100(BatteryStatsImpl.java:76)
F/BatteryStatsImpl(   77): 	at com.android.internal.os.BatteryStatsImpl$Uid.computeCurrentTcpBytesReceived(BatteryStatsImpl.java:2457)
F/BatteryStatsImpl(   77): 	at com.android.internal.os.BatteryStatsImpl$Uid.getTcpBytesReceived(BatteryStatsImpl.java:2446)
F/BatteryStatsImpl(   77): 	at com.android.internal.os.BatteryStatsImpl.writeSummaryToParcel(BatteryStatsImpl.java:5437)
F/BatteryStatsImpl(   77): 	at com.android.internal.os.BatteryStatsImpl.writeLocked(BatteryStatsImpl.java:4836)
F/BatteryStatsImpl(   77): 	at com.android.internal.os.BatteryStatsImpl.writeAsyncLocked(BatteryStatsImpl.java:4818)
F/BatteryStatsImpl(   77): 	at com.android.server.am.ActivityManagerService.updateCpuStatsNow(ActivityManagerService.java:1652)
F/BatteryStatsImpl(   77): 	at com.android.server.am.ActivityManagerService$3.run(ActivityManagerService.java:1534)
F/BatteryStatsImpl(   77): Caused by: java.io.FileNotFoundException: /proc/net/xt_qtaguid/stats: open failed: ENOENT (No such file or directory)
F/BatteryStatsImpl(   77): 	at libcore.io.IoBridge.open(IoBridge.java:406)
F/BatteryStatsImpl(   77): 	at java.io.FileInputStream.<init>(FileInputStream.java:78)
F/BatteryStatsImpl(   77): 	at com.android.internal.net.NetworkStatsFactory.readNetworkStatsDetail(NetworkStatsFactory.java:269)
F/BatteryStatsImpl(   77): 	... 10 more
F/BatteryStatsImpl(   77): Caused by: libcore.io.ErrnoException: open failed: ENOENT (No such file or directory)
F/BatteryStatsImpl(   77): 	at libcore.io.Posix.open(Native Method)
F/BatteryStatsImpl(   77): 	at libcore.io.BlockGuardOs.open(BlockGuardOs.java:110)
F/BatteryStatsImpl(   77): 	at libcore.io.IoBridge.open(IoBridge.java:390)
F/BatteryStatsImpl(   77): 	... 12 more
D/dalvikvm(   77): GC_CONCURRENT freed 418K, 14% free 11427K/13191K, paused 6ms+8ms
W/ThrottleService(   77): unable to find stats for iface rmnet0
D/dalvikvm(  178): GC_CONCURRENT freed 384K, 6% free 9533K/10119K, paused 5ms+5ms
D/dalvikvm(  131): GC_CONCURRENT freed 388K, 30% free 10257K/14599K, paused 7ms+9ms
