I/APP     ( 6927): I 01/28/2013 18:07:33:936 00001b1d           HttpServer| Process URI: '/public/jquery/jquery.json-2.3.min.js'
I/APP     ( 6927): I 01/28/2013 18:07:34:108 00001b1d           HttpServer| Process URI: '/public/jqmobile/jquery.mobile-1.0.1.min.css'
I/APP     ( 6927): I 01/28/2013 18:07:34:170 00001b1d           HttpServer| Process URI: '/public/css/jqmobile-patch.css'
I/APP     ( 6927): I 01/28/2013 18:07:34:221 00001b1d           HttpServer| Process URI: '/public/jqmobile/jquery.mobile-1.0.1.min.js'
I/APP     ( 6927): I 01/28/2013 18:07:34:401 00001b1d           HttpServer| Process URI: '/public/js/jqmobile-patch.js'
I/APP     ( 6927): I 01/28/2013 18:07:34:495 00001b1d           HttpServer| Process URI: '/public/css/macotec_style.css'
W/InputManagerService(   77): Starting input on non-focused client com.android.internal.view.IInputMethodClient$Stub$Proxy@415a66a8 (uid=10009 pid=194)
W/NetworkManagementSocketTagger(   77): setKernelCountSet(10009, 0) failed with errno -2
I/APP     ( 6927): I 01/28/2013 18:07:37:631 00001b1d           HttpServer| Process URI: '/public/images/macotec/logo.png'
I/APP     ( 6927): I 01/28/2013 18:07:38:240 00001b1d           HttpServer| Process URI: '/public/images/macotec/request.png'
I/APP     ( 6927): I 01/28/2013 18:07:38:417 00001b1d           HttpServer| Process URI: '/public/images/macotec/contact.png'
I/APP     ( 6927): I 01/28/2013 18:07:38:458 00001b1d           HttpServer| Process URI: '/public/images/macotec/products.png'
I/APP     ( 6927): I 01/28/2013 18:07:38:513 00001b1d           HttpServer| Process URI: '/public/images/macotec/info.png'
I/APP     ( 6927): I 01/28/2013 18:07:41:933 00001b1d           HttpServer| Process URI: '/app/Request/request'
I/APP     ( 6927): I 01/28/2013 18:07:41:965 00001b1d                  APP| RHO serve: /app/Request/request
I/APP     ( 6927): I 01/28/2013 18:07:42:008 00001b1d              RhoRuby| require_compiled: Request/request_controller
I/APP     ( 6927): I 01/28/2013 18:07:42:072 00001b1d              RhoRuby| require_compiled: helpers/browser_helper
I/APP     ( 6927): I 01/28/2013 18:07:42:127 00001b1d              RhoRuby| require_compiled: time
I/APP     ( 6927): I 01/28/2013 18:07:42:380 00001b1d              RhoRuby| require_compiled: date/format
I/APP     ( 6927): I 01/28/2013 18:07:42:660 00001b1d              RhoRuby| require_compiled: date
I/APP     ( 6927): I 01/28/2013 18:07:42:736 00001b1d              RhoRuby| require_compiled: dateOrig
I/APP     ( 6927): E 01/28/2013 18:07:43:003 00001b1d               RubyVM| lib/date.rb:14: warning: already initialized constant MONTHNAMES
I/APP     ( 6927): E 01/28/2013 18:07:43:058 00001b1d               RubyVM| lib/date.rb:15: warning: already initialized constant ABBR_MONTHNAMES
I/APP     ( 6927): E 01/28/2013 18:07:43:086 00001b1d               RubyVM| lib/date.rb:16: warning: already initialized constant DAYNAMES
I/APP     ( 6927): E 01/28/2013 18:07:43:118 00001b1d               RubyVM| lib/date.rb:17: warning: already initialized constant ABBR_DAYNAMES
I/APP     ( 6927): I 01/28/2013 18:07:43:150 00001b1d                  APP| const_missing: Product
I/APP     ( 6927): I 01/28/2013 18:07:43:180 00001b1d                  APP| load_model: Product
I/APP     ( 6927): I 01/28/2013 18:07:43:217 00001b1d              RhoRuby| require_compiled: Product/product
I/APP     ( 6927): I 01/28/2013 18:07:43:294 00001b1d                  APP| model name: Product
I/APP     ( 6927): I 01/28/2013 18:07:43:332 00001b1d                  APP| model class found
I/APP     ( 6927): I 01/28/2013 18:07:43:368 00001b1d                  APP| Product : {"property"=>{}}
I/APP     ( 6927): I 01/28/2013 18:07:43:401 00001b1d                   DB| Open DB: /data/data/com.rhomobile.macotec/rhodata/db/syncdblocal.sqlite
I/APP     ( 6927): I 01/28/2013 18:07:43:439 00001b1d                  APP| init_db_sources
I/APP     ( 6927): I 01/28/2013 18:07:43:485 00001b1d                  APP| start_id: 40004
I/APP     ( 6927): I 01/28/2013 18:07:43:531 00001b1d                  APP| Migrate schema sources: {}
F/libc    ( 6927): Fatal signal 11 (SIGSEGV) at 0x00000000 (code=1)
I/DEBUG   (   34): *** *** *** *** *** *** *** *** *** *** *** *** *** *** *** ***
I/DEBUG   (   34): Build fingerprint: 'generic/sdk/generic:4.0.4/MR1/302030:eng/test-keys'
I/DEBUG   (   34): pid: 6927, tid: 6941  >>> com.rhomobile.macotec <<<
I/DEBUG   (   34): signal 11 (SIGSEGV), code 1 (SEGV_MAPERR), fault addr 00000000
I/DEBUG   (   34):  r0 00000000  r1 80808080  r2 00000000  r3 400535c8
I/DEBUG   (   34):  r4 0015d590  r5 1d2001ee  r6 00000004  r7 49cf9238
I/DEBUG   (   34):  r8 49cf9220  r9 00000001  10 5106b05f  fp 49adce1c
I/DEBUG   (   34):  ip 498c63c8  sp 49adcc98  lr 495b41e0  pc 4001a7c8  cpsr 60000010
I/DEBUG   (   34):  d0  42c8000042bfa83e  d1  3f503e13008ee768
I/DEBUG   (   34):  d2  3fd99999d5f3c74e  d3  c022000000000000
I/DEBUG   (   34):  d4  bf96f6fe4ec3a9a8  d5  bfa6a200628d8b4a
I/DEBUG   (   34):  d6  423ccccccccc0000  d7  3feccccccccccccd
I/DEBUG   (   34):  d8  0000000000000000  d9  0000000000000000
I/DEBUG   (   34):  d10 0000000000000000  d11 0000000000000000
I/DEBUG   (   34):  d12 0000000000000000  d13 0000000000000000
I/DEBUG   (   34):  d14 0000000000000000  d15 0000000000000000
I/DEBUG   (   34):  scr 80000012
I/DEBUG   (   34): 
I/DEBUG   (   34):          #00  pc 000167c8  /system/lib/libc.so (strlen)
I/DEBUG   (   34):          #01  pc 000511dc  /data/data/com.rhomobile.macotec/lib/librhodes.so (choose_datetime_with_range)
I/DEBUG   (   34):          #02  pc 001670cc  /data/data/com.rhomobile.macotec/lib/librhodes.so (st_lookup)
I/DEBUG   (   34): 
I/DEBUG   (   34): code around pc:
I/DEBUG   (   34): 4001a7a8 e58d3004 e59d0004 e2822001 e3100003  .0....... ......
I/DEBUG   (   34): 4001a7b8 1afffff7 e1a00003 e3081080 e3481080  ..............H.
I/DEBUG   (   34): 4001a7c8 e4903004 e0422000 f5d0f040 e043c3a1  .0... B.@.....C.
I/DEBUG   (   34): 4001a7d8 e00cc001 e1dcc003 04903004 1a000022  .........0.."...
I/DEBUG   (   34): 4001a7e8 e043c3a1 e00cc001 e1dcc003 04903004  ..C..........0..
I/DEBUG   (   34): 
I/DEBUG   (   34): code around lr:
I/DEBUG   (   34): 495b41c0 e1a00004 e1a01005 eb001ec6 e3500000  ..............P.
I/DEBUG   (   34): 495b41d0 e58d002c 0a000046 e59d0068 ebffc0b6  ,...F...h.......
I/DEBUG   (   34): 495b41e0 e5943000 e1a0b000 e1a0100b e1a00004  .0..............
I/DEBUG   (   34): 495b41f0 e1a0e00f e593f2c0 e2506000 0a00003c  .........`P.<...
I/DEBUG   (   34): 495b4200 e59d0068 e594c000 e1a0300b e1a01006  h........0......
I/DEBUG   (   34): 
I/DEBUG   (   34): stack:
I/DEBUG   (   34):     49adcc58  49cf9200  
I/DEBUG   (   34):     49adcc5c  0015d590  [heap]
I/DEBUG   (   34):     49adcc60  1d2001ee  
I/DEBUG   (   34):     49adcc64  4985be88  /data/data/com.rhomobile.macotec/lib/librhodes.so
I/DEBUG   (   34):     49adcc68  4985be80  /data/data/com.rhomobile.macotec/lib/librhodes.so
I/DEBUG   (   34):     49adcc6c  49cf9220  
I/DEBUG   (   34):     49adcc70  00000001  
I/DEBUG   (   34):     49adcc74  495bbd08  /data/data/com.rhomobile.macotec/lib/librhodes.so
I/DEBUG   (   34):     49adcc78  001daaa0  [heap]
I/DEBUG   (   34):     49adcc7c  00214100  [heap]
I/DEBUG   (   34):     49adcc80  00000000  
I/DEBUG   (   34):     49adcc84  00000004  
I/DEBUG   (   34):     49adcc88  49cf9200  
I/DEBUG   (   34):     49adcc8c  0015d590  [heap]
I/DEBUG   (   34):     49adcc90  df0027ad  
I/DEBUG   (   34):     49adcc94  00000000  
I/DEBUG   (   34): #00 49adcc98  49cf9238  
I/DEBUG   (   34):     49adcc9c  00000000  
I/DEBUG   (   34): #01 49adcca0  00000013  
I/DEBUG   (   34):     49adcca4  496ca0d0  /data/data/com.rhomobile.macotec/lib/librhodes.so
I/BootReceiver(   77): Copying /data/tombstones/tombstone_07 to DropBox (SYSTEM_TOMBSTONE)
D/Zygote  (   37): Process 6927 terminated by signal (11)
I/ActivityManager(   77): Process com.rhomobile.macotec (pid 6927) has died.
W/ActivityManager(   77): Scheduling restart of crashed service com.rhomobile.macotec/com.rhomobile.rhodes.RhodesService in 5000ms
W/ActivityManager(   77): Force removing ActivityRecord{41569480 com.rhomobile.macotec/com.rhomobile.rhodes.RhodesActivity}: app died, no saved state
W/NetworkManagementSocketTagger(   77): setKernelCountSet(10040, 0) failed with errno -2
I/WindowManager(   77): WIN DEATH: Window{415c1820 com.rhomobile.macotec/com.rhomobile.rhodes.RhodesActivity paused=false}
W/NetworkManagementSocketTagger(   77): setKernelCountSet(10009, 1) failed with errno -2
D/dalvikvm(   77): GC_CONCURRENT freed 271K, 18% free 11775K/14279K, paused 6ms+18ms
D/dalvikvm(  194): GC_CONCURRENT freed 4166K, 29% free 16584K/23175K, paused 5ms+20ms
D/dalvikvm(   77): GC_FOR_ALLOC freed 741K, 19% free 11695K/14279K, paused 221ms
I/Process (   77): Sending signal. PID: 194 SIG: 3
I/dalvikvm(  194): threadid=3: reacting to signal 3
I/dalvikvm(  194): Wrote stack traces to '/data/anr/traces.txt'
I/Process (   77): Sending signal. PID: 194 SIG: 3
I/dalvikvm(  194): threadid=3: reacting to signal 3
I/dalvikvm(  194): Wrote stack traces to '/data/anr/traces.txt'
W/InputManagerService(   77): Got RemoteException sending setActive(false) notification to pid 6927 uid 10040
I/Process (   77): Sending signal. PID: 194 SIG: 3
I/dalvikvm(  194): threadid=3: reacting to signal 3
I/dalvikvm(  194): Wrote stack traces to '/data/anr/traces.txt'
I/Process (   77): Sending signal. PID: 194 SIG: 3
I/dalvikvm(  194): threadid=3: reacting to signal 3
I/dalvikvm(  194): Wrote stack traces to '/data/anr/traces.txt'
D/dalvikvm(  194): GC_FOR_ALLOC freed 774K, 27% free 16959K/23175K, paused 193ms
I/Process (   77): Sending signal. PID: 194 SIG: 3
I/dalvikvm(  194): threadid=3: reacting to signal 3
D/dalvikvm(  194): GC_FOR_ALLOC freed 6K, 23% free 17856K/23175K, paused 169ms
I/dalvikvm(  194): Wrote stack traces to '/data/anr/traces.txt'
D/dalvikvm(  194): GC_CONCURRENT freed 297K, 16% free 19588K/23175K, paused 4ms+13ms
D/dalvikvm(  194): GC_FOR_ALLOC freed 3855K, 25% free 17462K/23175K, paused 54ms
I/ActivityManager(   77): Start proc com.rhomobile.macotec for service com.rhomobile.macotec/com.rhomobile.rhodes.RhodesService: pid=6956 uid=10040 gids={3003}
I/dalvikvm( 6956): Turning on JNI app bug workarounds for target SDK version 4...
D/dalvikvm(   37): GC_EXPLICIT freed 36K, 4% free 9032K/9347K, paused 3ms+24ms
D/dalvikvm(   37): GC_EXPLICIT freed <1K, 4% free 9032K/9347K, paused 3ms+14ms
D/dalvikvm( 6956): Trying to load lib /data/data/com.rhomobile.macotec/lib/librhodes.so 0x412a6000
D/dalvikvm( 6956): Added shared lib /data/data/com.rhomobile.macotec/lib/librhodes.so 0x412a6000
D/dalvikvm(   37): GC_EXPLICIT freed <1K, 4% free 9032K/9347K, paused 3ms+37ms
D/dalvikvm( 6956): Trying to load lib /data/data/com.rhomobile.macotec/lib/librhodes.so 0x412a6000
D/dalvikvm( 6956): Shared lib '/data/data/com.rhomobile.macotec/lib/librhodes.so' already loaded in same CL 0x412a6000
I/ActivityThread( 6956): Pub com.rhomobile.macotec: com.rhomobile.rhodes.LocalFileProvider
I/RhodesApplication( 6956): Initializing...
D/RhoFileApi( 6956): App root path: /data/data/com.rhomobile.macotec/rhodata/
D/RhoFileApi( 6956): Sqlite journals path: /data/data/com.rhomobile.macotec/sqlite_stmt_journals/
D/RhoFileApi( 6956): Shared path: /data/data/com.rhomobile.macotec/rhodata/
D/RhodesApplication( 6956): Root path: /data/data/com.rhomobile.macotec/rhodata/
I/RhoFileApi( 6956): Opening stat table from FS: /data/data/com.rhomobile.macotec/rhodata/rho.dat
I/APP     ( 6956): I 01/28/2013 18:07:58:035 00001b2c    RhodesApplication| Initialized
I/APP     ( 6956): I 01/28/2013 18:07:58:109 00001b2c        RhodesService| onCreate
I/APP     ( 6956): I 01/28/2013 18:07:58:138 00001b2c    LocalFileProvider| Revoke URI permissions: content:///com.rhomobile.macotec
W/ActivityManager(   77): No content provider found for permission revoke: content:///com.rhomobile.macotec
I/APP     ( 6956): I 01/28/2013 18:07:58:207 00001b2c               Rhodes| Loading...
I/APP     ( 6956): I 01/28/2013 18:07:58:236 00001b2c            RhodesApp| Trying to get free listening port.
I/APP     ( 6956): I 01/28/2013 18:07:58:260 00001b2c            RhodesApp| Trying to bind of 8080 port...
I/APP     ( 6956): I 01/28/2013 18:07:58:285 00001b2c            RhodesApp| Got port to bind on: 8080
I/APP     ( 6956): I 01/28/2013 18:07:58:326 00001b2c            RhodesApp| Free listening port: 8080
I/APP     ( 6956): I 01/28/2013 18:07:58:325 00001b39         AppCallbacks| Starting main routine...
I/APP     ( 6956): I 01/28/2013 18:07:58:382 00001b39         AppCallbacks| ThreadQueue blocked for 4294967295 seconds...
I/APP     ( 6956): I 01/28/2013 18:07:58:422 00001b2c        RhodesService| Push is disabled
D/RhodesService( 6956): +++ onStartCommand
I/APP     ( 6956): I 01/28/2013 18:07:58:482 00001b3a            RhodesApp| Starting RhodesApp main routine...
I/APP     ( 6956): I 01/28/2013 18:07:58:721 00001b3a              RhoRuby| Init_RhoBlobs: /data/data/com.rhomobile.macotec/rhodata/db/db-files
I/APP     ( 6956): I 01/28/2013 18:07:58:816 00001b3a              RhoRuby| require_compiled: rhoframework
I/APP     ( 6956): I 01/28/2013 18:07:58:915 00001b3a              RhoRuby| require_compiled: rational
I/APP     ( 6956): I 01/28/2013 18:07:59:001 00001b3a              RhoRuby| require_compiled: rhom/rhom_db_adapter
I/APP     ( 6956): I 01/28/2013 18:07:59:287 00001b3a              RhoRuby| require_compiled: rhodes
I/APP     ( 6956): I 01/28/2013 18:07:59:395 00001b3a              RhoRuby| require_compiled: rhom/rhom_object
I/APP     ( 6956): I 01/28/2013 18:07:59:480 00001b3a              RhoRuby| require_compiled: rhofsconnector
I/APP     ( 6956): I 01/28/2013 18:07:59:568 00001b3a              RhoRuby| require_compiled: rho/rhofsconnector
I/APP     ( 6956): I 01/28/2013 18:07:59:660 00001b3a              RhoRuby| require_compiled: rhom/rhom_object_factory
D/dalvikvm( 6956): GC_FOR_ALLOC freed 300K, 5% free 9145K/9543K, paused 44ms
I/APP     ( 6956): I 01/28/2013 18:08:00:153 00001b3a              RhoRuby| require_compiled: rhom/rhom
I/APP     ( 6956): I 01/28/2013 18:08:00:258 00001b3a              RhoRuby| require_compiled: rhom/rhom_model
I/APP     ( 6956): I 01/28/2013 18:08:00:359 00001b3a              RhoRuby| require_compiled: rhom
I/APP     ( 6956): I 01/28/2013 18:08:00:443 00001b3a              RhoRuby| require_compiled: rho/rhoapplication
I/APP     ( 6956): I 01/28/2013 18:08:00:547 00001b3a              RhoRuby| require_compiled: rholang/localization_simplified
I/APP     ( 6956): I 01/28/2013 18:08:00:656 00001b3a              RhoRuby| require_compiled: rho/rhomsg
I/APP     ( 6956): I 01/28/2013 18:08:00:745 00001b3a              RhoRuby| require_compiled: rho/rhotabbar
I/APP     ( 6956): I 01/28/2013 18:08:00:834 00001b3a              RhoRuby| require_compiled: rho/rhotoolbar
I/APP     ( 6956): I 01/28/2013 18:08:00:916 00001b3a                  APP| Current locale: ; Country code: 
I/APP     ( 6956): I 01/28/2013 18:08:00:997 00001b3a                  APP| Locilized file: /data/data/com.rhomobile.macotec/rhodata/lib/rholang/lang_
I/APP     ( 6956): I 01/28/2013 18:08:01:079 00001b3a              RhoRuby| require_compiled: /data/data/com.rhomobile.macotec/rhodata/lib/rholang/lang_en
I/APP     ( 6956): I 01/28/2013 18:08:01:166 00001b3a                  APP| Locilized file: /data/data/com.rhomobile.macotec/rhodata/apps/app/lang/lang_
I/APP     ( 6956): I 01/28/2013 18:08:01:258 00001b3a                  APP| Locilized file: /data/data/com.rhomobile.macotec/rhodata/lib/rholang/rhoerror_
I/APP     ( 6956): I 01/28/2013 18:08:01:360 00001b3a              RhoRuby| require_compiled: /data/data/com.rhomobile.macotec/rhodata/lib/rholang/rhoerror_en
I/APP     ( 6956): I 01/28/2013 18:08:01:488 00001b3a                  APP| Locilized file: /data/data/com.rhomobile.macotec/rhodata/lib/rholang/rhomsg_
I/APP     ( 6956): I 01/28/2013 18:08:01:580 00001b3a              RhoRuby| require_compiled: /data/data/com.rhomobile.macotec/rhodata/lib/rholang/rhomsg_en
I/APP     ( 6956): I 01/28/2013 18:08:01:676 00001b3a              RhoRuby| require_compiled: indifferent_access
I/APP     ( 6956): I 01/28/2013 18:08:01:779 00001b3a              RhoRuby| require_compiled: rho/rhosupport
I/APP     ( 6956): I 01/28/2013 18:08:01:886 00001b3a              RhoRuby| require_compiled: rho/rhocontroller
I/APP     ( 6956): I 01/28/2013 18:08:01:985 00001b3a              RhoRuby| require_compiled: rho/render
I/APP     ( 6956): I 01/28/2013 18:08:02:119 00001b3a              RhoRuby| require_compiled: rho/rho
I/APP     ( 6956): I 01/28/2013 18:08:02:338 00001b3a              RhoRuby| require_compiled: rho/rhoerror
I/APP     ( 6956): I 01/28/2013 18:08:02:426 00001b3a              RhoRuby| require_compiled: rhom/rhom_source
I/APP     ( 6956): I 01/28/2013 18:08:02:547 00001b3a              RhoRuby| require_compiled: rho/rhoviewhelpers
I/APP     ( 6956): I 01/28/2013 18:08:02:650 00001b3a              RhoRuby| require_compiled: rho
I/APP     ( 6956): I 01/28/2013 18:08:02:741 00001b3a                  APP| RHO loaded
I/APP     ( 6956): I 01/28/2013 18:08:02:827 00001b3a                  APP| Calling RHO.initialize
I/APP     ( 6956): I 01/28/2013 18:08:02:908 00001b3a                  APP| model file: Product/product
I/APP     ( 6956): I 01/28/2013 18:08:02:988 00001b3a                  APP| model file: Request/request
I/APP     ( 6956): I 01/28/2013 18:08:03:071 00001b3a                   DB| Open DB: /data/data/com.rhomobile.macotec/rhodata/db/syncdbuser.sqlite
I/APP     ( 6956): I 01/28/2013 18:08:03:153 00001b3a          GeoLocation| Creating singleton instance.
I/APP     ( 6956): I 01/28/2013 18:08:03:230 00001b3a            RhodesApp| Starting sync engine...
I/APP     ( 6956): I 01/28/2013 18:08:03:311 00001b3a                 Sync| sync_poll_interval: 0
I/APP     ( 6956): I 01/28/2013 18:08:03:400 00001b3a                 Sync| syncserver: 
I/APP     ( 6956): I 01/28/2013 18:08:03:478 00001b3a                 Sync| bulksync_state: 0
I/APP     ( 6956): I 01/28/2013 18:08:03:546 00001b3a            RhodesApp| RhoRubyInitApp...
I/APP     ( 6956): I 01/28/2013 18:08:03:629 00001b3a                  APP| init_app
I/APP     ( 6956): I 01/28/2013 18:08:03:708 00001b3a              RhoRuby| require_compiled: application
I/APP     ( 6956): I 01/28/2013 18:08:03:799 00001b3a                 Sync| Set notification. Source ID: -1;Url :http://localhost:8080/app/Settings/sync_notify; Params: 
I/APP     ( 6956): I 01/28/2013 18:08:03:879 00001b3a           HttpServer| Start HTTP server
I/APP     ( 6956): I 01/28/2013 18:08:03:960 00001b3a           HttpServer| Listen for connections on port 8080
I/APP     ( 6956): I 01/28/2013 18:08:04:044 00001b3a         AppCallbacks| addCommand: LOCAL-SERVER-STARTED
I/APP     ( 6956): I 01/28/2013 18:08:04:127 00001b39         AppCallbacks| process command: LOCAL-SERVER-STARTED
I/APP     ( 6956): I 01/28/2013 18:08:04:210 00001b39 RhodesAppActiveObserver| Ready
I/APP     ( 6956): I 01/28/2013 18:08:04:299 00001b39    RhodesApplication| New AppState: AppStarted
I/APP     ( 6956): I 01/28/2013 18:08:04:362 00001b39         AppCallbacks| ThreadQueue blocked for 4294967295 seconds...
D/AndroidRuntime( 6977): 
D/AndroidRuntime( 6977): >>>>>> AndroidRuntime START com.android.internal.os.RuntimeInit <<<<<<
D/AndroidRuntime( 6977): CheckJNI is ON
D/AndroidRuntime( 6977): Calling main entry com.android.commands.pm.Pm
D/dalvikvm(  441): GC_EXPLICIT freed 204K, 7% free 9063K/9671K, paused 3ms+4ms
W/ActivityManager(   77): No content provider found for permission revoke: file:///data/local/tmp/macotec-debug.apk
W/ActivityManager(   77): No content provider found for permission revoke: file:///data/local/tmp/macotec-debug.apk
D/dalvikvm(   77): GC_CONCURRENT freed 627K, 19% free 11664K/14279K, paused 23ms+12ms
D/dalvikvm(   77): GC_CONCURRENT freed 408K, 17% free 11877K/14279K, paused 14ms+9ms
D/dalvikvm(   77): GC_CONCURRENT freed 688K, 18% free 11843K/14279K, paused 11ms+13ms
D/dalvikvm(   77): GC_CONCURRENT freed 639K, 18% free 11836K/14279K, paused 16ms+8ms
D/dalvikvm(   77): GC_CONCURRENT freed 606K, 18% free 11834K/14279K, paused 13ms+8ms
I/PackageManager(   77): Removing non-system package:com.rhomobile.macotec
I/ActivityManager(   77): Force stopping package com.rhomobile.macotec uid=10040
I/ActivityManager(   77): Killing proc 6956:com.rhomobile.macotec/10040: force stop
I/PackageManager(   77): Package com.rhomobile.macotec codePath changed from /data/app/com.rhomobile.macotec-1.apk to /data/app/com.rhomobile.macotec-2.apk; Retaining data and using new
D/dalvikvm(   77): GC_CONCURRENT freed 575K, 17% free 11888K/14279K, paused 9ms+25ms
I/PackageManager(   77): Running dexopt on: com.rhomobile.macotec
D/dalvikvm( 6988): DexOpt: load 107ms, verify+opt 610ms
W/PackageManager(   77): Code path for pkg : com.rhomobile.macotec changing from /data/app/com.rhomobile.macotec-1.apk to /data/app/com.rhomobile.macotec-2.apk
W/PackageManager(   77): Resource path for pkg : com.rhomobile.macotec changing from /data/app/com.rhomobile.macotec-1.apk to /data/app/com.rhomobile.macotec-2.apk
I/ActivityManager(   77): Force stopping package com.rhomobile.macotec uid=10040
D/PackageManager(   77): New package installed in /data/app/com.rhomobile.macotec-2.apk
I/ActivityManager(   77): Force stopping package com.rhomobile.macotec uid=10040
D/dalvikvm(  194): GC_EXPLICIT freed 1218K, 26% free 17328K/23175K, paused 3ms+11ms
D/dalvikvm(  220): GC_EXPLICIT freed 152K, 4% free 9410K/9735K, paused 4ms+12ms
D/PackageManager(   77): generateServicesMap(android.accounts.AccountAuthenticator): 2 services unchanged
D/PackageManager(   77): generateServicesMap(android.content.SyncAdapter): 4 services unchanged
D/BackupManagerService(   77): Received broadcast Intent { act=android.intent.action.PACKAGE_REMOVED dat=package:com.rhomobile.macotec flg=0x10000010 (has extras) }
D/dalvikvm(   77): GC_EXPLICIT freed 783K, 20% free 11465K/14279K, paused 6ms+10ms
D/PackageManager(   77): generateServicesMap(android.accounts.AccountAuthenticator): 2 services unchanged
D/PackageManager(   77): generateServicesMap(android.content.SyncAdapter): 4 services unchanged
D/BackupManagerService(   77): Received broadcast Intent { act=android.intent.action.PACKAGE_ADDED dat=package:com.rhomobile.macotec flg=0x10000010 (has extras) }
V/BackupManagerService(   77): updatePackageParticipantsLocked: #1
W/RecognitionManagerService(   77): no available voice recognition services found
D/BackupManagerService(   77): Received broadcast Intent { act=android.intent.action.PACKAGE_REPLACED dat=package:com.rhomobile.macotec flg=0x10000010 (has extras) }
V/BackupManagerService(   77): updatePackageParticipantsLocked: #1
D/dalvikvm(  194): GC_FOR_ALLOC freed 3028K, 33% free 15724K/23175K, paused 70ms
I/AccountTypeManager(  299): Loaded meta-data for 1 account types, 0 accounts in 2485ms(wall) 6ms(cpu)
I/AccountTypeManager(  299): Loaded meta-data for 1 account types, 0 accounts in 9ms(wall) 5ms(cpu)
D/dalvikvm(  194): GC_FOR_ALLOC freed 406K, 27% free 17014K/23175K, paused 53ms
D/dalvikvm(  194): GC_FOR_ALLOC freed 3651K, 37% free 14728K/23175K, paused 69ms
D/dalvikvm(  194): GC_FOR_ALLOC freed 63K, 33% free 15700K/23175K, paused 59ms
D/dalvikvm(  194): GC_FOR_ALLOC freed 339K, 27% free 17013K/23175K, paused 90ms
D/dalvikvm(  194): GC_FOR_ALLOC freed 1618K, 26% free 17253K/23175K, paused 55ms
D/dalvikvm(  194): GC_CONCURRENT freed 1846K, 25% free 17399K/23175K, paused 4ms+18ms
D/dalvikvm(   77): GC_EXPLICIT freed 599K, 20% free 11474K/14279K, paused 79ms+39ms
D/AndroidRuntime( 6977): Shutting down VM
D/dalvikvm( 6977): GC_CONCURRENT freed 97K, 79% free 450K/2048K, paused 0ms+0ms
I/AndroidRuntime( 6977): NOTE: attach of thread 'Binder Thread #3' failed
D/AndroidRuntime( 6996): 
D/AndroidRuntime( 6996): >>>>>> AndroidRuntime START com.android.internal.os.RuntimeInit <<<<<<
D/AndroidRuntime( 6996): CheckJNI is ON
D/AndroidRuntime( 6996): Calling main entry com.android.commands.am.Am
I/ActivityManager(   77): START {act=android.intent.action.MAIN flg=0x10000000 cmp=com.rhomobile.macotec/com.rhomobile.rhodes.RhodesActivity} from pid 6996
W/WindowManager(   77): Failure taking screenshot for (180x273) to layer 21020
D/AndroidRuntime( 6996): Shutting down VM
D/dalvikvm( 6996): GC_CONCURRENT freed 97K, 77% free 480K/2048K, paused 1ms+1ms
I/AndroidRuntime( 6996): NOTE: attach of thread 'Binder Thread #3' failed
I/ActivityManager(   77): Start proc com.rhomobile.macotec for activity com.rhomobile.macotec/com.rhomobile.rhodes.RhodesActivity: pid=7006 uid=10040 gids={3003}
I/dalvikvm( 7006): Turning on JNI app bug workarounds for target SDK version 4...
W/NetworkManagementSocketTagger(   77): setKernelCountSet(10040, 1) failed with errno -2
I/Process (   77): Sending signal. PID: 7006 SIG: 3
I/dalvikvm( 7006): threadid=3: reacting to signal 3
I/dalvikvm( 7006): Wrote stack traces to '/data/anr/traces.txt'
D/dalvikvm( 7006): Trying to load lib /data/data/com.rhomobile.macotec/lib/librhodes.so 0x4129dbe0
D/dalvikvm( 7006): Added shared lib /data/data/com.rhomobile.macotec/lib/librhodes.so 0x4129dbe0
D/dalvikvm( 7006): Trying to load lib /data/data/com.rhomobile.macotec/lib/librhodes.so 0x4129dbe0
I/Process (   77): Sending signal. PID: 7006 SIG: 3
I/dalvikvm( 7006): threadid=3: reacting to signal 3
D/dalvikvm( 7006): Shared lib '/data/data/com.rhomobile.macotec/lib/librhodes.so' already loaded in same CL 0x4129dbe0
I/ActivityThread( 7006): Pub com.rhomobile.macotec: com.rhomobile.rhodes.LocalFileProvider
I/dalvikvm( 7006): Wrote stack traces to '/data/anr/traces.txt'
I/RhodesApplication( 7006): Initializing...
D/RhoFileApi( 7006): App root path: /data/data/com.rhomobile.macotec/rhodata/
D/RhoFileApi( 7006): Sqlite journals path: /data/data/com.rhomobile.macotec/sqlite_stmt_journals/
D/RhoFileApi( 7006): Shared path: /data/data/com.rhomobile.macotec/rhodata/
D/RhodesApplication( 7006): Root path: /data/data/com.rhomobile.macotec/rhodata/
I/RhodesApplication( 7006): Application hash was changed
D/RhoFileApi( 7006): Copy hash to FS
D/RhoFileApi( 7006): File hash copied
I/Process (   77): Sending signal. PID: 7006 SIG: 3
I/dalvikvm( 7006): threadid=3: reacting to signal 3
D/RhoFileApi( 7006): Copy rho.dat to FS
D/RhoFileApi( 7006): File rho.dat copied
D/RhoFileApi( 7006): Copy apps/rhoconfig.txt to FS
I/dalvikvm( 7006): Wrote stack traces to '/data/anr/traces.txt'
D/RhoFileApi( 7006): File apps/rhoconfig.txt copied
I/RhoFileApi( 7006): Opening stat table from FS: /data/data/com.rhomobile.macotec/rhodata/rho.dat
D/RhoFileApi( 7006): Copy apps/rhoconfig.txt to FS
I/Process (   77): Sending signal. PID: 7006 SIG: 3
I/dalvikvm( 7006): threadid=3: reacting to signal 3
I/dalvikvm( 7006): Wrote stack traces to '/data/anr/traces.txt'
D/RhoFileApi( 7006): File apps/rhoconfig.txt copied
D/RhoFileApi( 7006): App root path: /data/data/com.rhomobile.macotec/rhodata/
D/RhoFileApi( 7006): Sqlite journals path: /data/data/com.rhomobile.macotec/sqlite_stmt_journals/
D/RhoFileApi( 7006): Shared path: /data/data/com.rhomobile.macotec/rhodata/
I/APP     ( 7006): I 01/28/2013 18:09:10:756 00001b5e    RhodesApplication| Initialized
I/APP     ( 7006): I 01/28/2013 18:09:10:862 00001b5e         BaseActivity| New screen properties - width: 480, height: 728, orientation: 1
I/Process (   77): Sending signal. PID: 7006 SIG: 3
I/dalvikvm( 7006): threadid=3: reacting to signal 3
I/dalvikvm( 7006): Wrote stack traces to '/data/anr/traces.txt'
I/Process (   77): Sending signal. PID: 7006 SIG: 3
I/dalvikvm( 7006): threadid=3: reacting to signal 3
I/dalvikvm( 7006): Wrote stack traces to '/data/anr/traces.txt'
D/dalvikvm(   77): GC_EXPLICIT freed 127K, 20% free 11475K/14279K, paused 4ms+12ms
I/APP     ( 7006): I 01/28/2013 18:09:11:915 00001b5e         SplashScreen| Looking for start page source
D/dalvikvm( 7006): GC_CONCURRENT freed 278K, 4% free 9226K/9607K, paused 5ms+4ms
D/dalvikvm( 7006): GC_FOR_ALLOC freed 3K, 5% free 9222K/9607K, paused 52ms
I/dalvikvm-heap( 7006): Grow heap (frag case) to 12.141MB for 3217300-byte allocation
I/Process (   77): Sending signal. PID: 7006 SIG: 3
I/dalvikvm( 7006): threadid=3: reacting to signal 3
I/dalvikvm( 7006): Wrote stack traces to '/data/anr/traces.txt'
I/Process (   77): Sending signal. PID: 7006 SIG: 3
I/dalvikvm( 7006): threadid=3: reacting to signal 3
D/dalvikvm( 7006): GC_FOR_ALLOC freed 0K, 4% free 12364K/12807K, paused 235ms
I/dalvikvm( 7006): Wrote stack traces to '/data/anr/traces.txt'
I/Process (   77): Sending signal. PID: 7006 SIG: 3
I/dalvikvm( 7006): threadid=3: reacting to signal 3
I/dalvikvm( 7006): Wrote stack traces to '/data/anr/traces.txt'
I/APP     ( 7006): I 01/28/2013 18:09:13:641 00001b5e         SplashScreen| Done
I/APP     ( 7006): I 01/28/2013 18:09:13:706 00001b5e    RhodesApplication| New UiState: MainActivityCreated
I/APP     ( 7006): I 01/28/2013 18:09:13:739 00001b5e       RhodesActivity| onStart
I/APP     ( 7006): I 01/28/2013 18:09:13:769 00001b5e    RhodesApplication| New UiState: MainActivityStarted
I/APP     ( 7006): I 01/28/2013 18:09:13:806 00001b5e       RhodesActivity| onResume
I/APP     ( 7006): I 01/28/2013 18:09:13:839 00001b5e AndroidFunctionality| Resume WebView
I/Process (   77): Sending signal. PID: 7006 SIG: 3
I/dalvikvm( 7006): threadid=3: reacting to signal 3
I/dalvikvm( 7006): Wrote stack traces to '/data/anr/traces.txt'
I/APP     ( 7006): I 01/28/2013 18:09:13:995 00001b5e        RhodesService| onCreate
I/APP     ( 7006): I 01/28/2013 18:09:14:039 00001b5e    LocalFileProvider| Revoke URI permissions: content:///com.rhomobile.macotec
W/ActivityManager(   77): No content provider found for permission revoke: content:///com.rhomobile.macotec
I/APP     ( 7006): I 01/28/2013 18:09:14:093 00001b5e               Rhodes| Loading...
I/APP     ( 7006): I 01/28/2013 18:09:14:124 00001b5e            RhodesApp| Trying to get free listening port.
I/APP     ( 7006): I 01/28/2013 18:09:14:167 00001b5e            RhodesApp| Trying to bind of 8080 port...
I/APP     ( 7006): I 01/28/2013 18:09:14:192 00001b5e            RhodesApp| Got port to bind on: 8080
I/APP     ( 7006): I 01/28/2013 18:09:14:218 00001b5e            RhodesApp| Free listening port: 8080
I/APP     ( 7006): I 01/28/2013 18:09:14:218 00001b73         AppCallbacks| Starting main routine...
I/APP     ( 7006): I 01/28/2013 18:09:14:267 00001b73         AppCallbacks| ThreadQueue blocked for 4294967295 seconds...
I/APP     ( 7006): I 01/28/2013 18:09:14:362 00001b5e        RhodesService| Push is disabled
I/Process (   77): Sending signal. PID: 7006 SIG: 3
I/dalvikvm( 7006): threadid=3: reacting to signal 3
I/dalvikvm( 7006): Wrote stack traces to '/data/anr/traces.txt'
I/APP     ( 7006): I 01/28/2013 18:09:14:502 00001b5e            RhodesApp| callAppActiveCallback
I/APP     ( 7006): I 01/28/2013 18:09:14:543 00001b5e         AppCallbacks| addCommand: APP-ACTIVATED
I/APP     ( 7006): I 01/28/2013 18:09:14:568 00001b73         AppCallbacks| Received command APP-ACTIVATED which is greater than expected (LOCAL-SERVER-STARTED) - postpone it
I/APP     ( 7006): I 01/28/2013 18:09:14:595 00001b73         AppCallbacks| ThreadQueue blocked for 4294967295 seconds...
I/APP     ( 7006): I 01/28/2013 18:09:14:623 00001b5e         AppActivated| Cannot commit now, application will be activated when started.
I/APP     ( 7006): I 01/28/2013 18:09:14:657 00001b5e    RhodesApplication| New AppState: Undefined
I/APP     ( 7006): I 01/28/2013 18:09:14:650 00001b75            RhodesApp| Starting RhodesApp main routine...
D/RhodesService( 7006): +++ onStartCommand
I/RhodesService( 7006): handleCommand: startId=1, source=com.rhomobile.rhodes.BaseActivity
D/RhodesService( 7006): New activity was created
I/APP     ( 7006): I 01/28/2013 18:09:14:806 00001b5e        RhodesService| onBind
I/APP     ( 7006): I 01/28/2013 18:09:14:878 00001b5e         AppCallbacks| addCommand: UI-CREATED
I/Process (   77): Sending signal. PID: 7006 SIG: 3
I/dalvikvm( 7006): threadid=3: reacting to signal 3
I/APP     ( 7006): I 01/28/2013 18:09:14:975 00001b73         AppCallbacks| Received command UI-CREATED which is greater than expected (LOCAL-SERVER-STARTED) - postpone it
I/APP     ( 7006): I 01/28/2013 18:09:14:977 00001b73         AppCallbacks| ThreadQueue blocked for 4294967295 seconds...
I/dalvikvm( 7006): Wrote stack traces to '/data/anr/traces.txt'
V/PhoneStatusBar(  130): setLightsOn(true)
I/APP     ( 7006): I 01/28/2013 18:09:15:253 00001b5e       RhodesActivity| onServiceConnected: {com.rhomobile.macotec/com.rhomobile.rhodes.RhodesService}
I/APP     ( 7006): I 01/28/2013 18:09:15:291 00001b5e       RhodesActivity| New start parameters: 
I/APP     ( 7006): I 01/28/2013 18:09:15:321 00001b5e            RhodesApp| New start params: 
W/InputManagerService(   77): Starting input on non-focused client com.android.internal.view.IInputMethodClient$Stub$Proxy@415a66a8 (uid=10009 pid=194)
I/Process (   77): Sending signal. PID: 7006 SIG: 3
I/dalvikvm( 7006): threadid=3: reacting to signal 3
I/dalvikvm( 7006): Wrote stack traces to '/data/anr/traces.txt'
D/gralloc_goldfish( 7006): Emulator without GPU emulation detected.
I/Process (   77): Sending signal. PID: 7006 SIG: 3
I/dalvikvm( 7006): threadid=3: reacting to signal 3
I/dalvikvm( 7006): Wrote stack traces to '/data/anr/traces.txt'
I/ActivityManager(   77): Displayed com.rhomobile.macotec/com.rhomobile.rhodes.RhodesActivity: +8s184ms
I/APP     ( 7006): I 01/28/2013 18:09:16:798 00001b75              RhoRuby| Init_RhoBlobs: /data/data/com.rhomobile.macotec/rhodata/db/db-files
I/APP     ( 7006): I 01/28/2013 18:09:16:952 00001b75              RhoRuby| require_compiled: rhoframework
I/APP     ( 7006): I 01/28/2013 18:09:17:123 00001b75              RhoRuby| require_compiled: rational
I/APP     ( 7006): I 01/28/2013 18:09:17:210 00001b75              RhoRuby| require_compiled: rhom/rhom_db_adapter
I/APP     ( 7006): I 01/28/2013 18:09:17:380 00001b75              RhoRuby| require_compiled: rhodes
I/APP     ( 7006): I 01/28/2013 18:09:17:447 00001b75              RhoRuby| require_compiled: rhom/rhom_object
I/APP     ( 7006): I 01/28/2013 18:09:17:552 00001b75              RhoRuby| require_compiled: rhofsconnector
I/APP     ( 7006): I 01/28/2013 18:09:17:606 00001b75              RhoRuby| require_compiled: rho/rhofsconnector
I/APP     ( 7006): I 01/28/2013 18:09:17:719 00001b75              RhoRuby| require_compiled: rhom/rhom_object_factory
W/NetworkManagementSocketTagger(   77): setKernelCountSet(10009, 0) failed with errno -2
I/APP     ( 7006): I 01/28/2013 18:09:18:177 00001b75              RhoRuby| require_compiled: rhom/rhom
I/APP     ( 7006): I 01/28/2013 18:09:18:285 00001b75              RhoRuby| require_compiled: rhom/rhom_model
I/APP     ( 7006): I 01/28/2013 18:09:18:386 00001b75              RhoRuby| require_compiled: rhom
I/APP     ( 7006): I 01/28/2013 18:09:18:441 00001b75              RhoRuby| require_compiled: rho/rhoapplication
I/APP     ( 7006): I 01/28/2013 18:09:18:555 00001b75              RhoRuby| require_compiled: rholang/localization_simplified
I/APP     ( 7006): I 01/28/2013 18:09:18:664 00001b75              RhoRuby| require_compiled: rho/rhomsg
I/APP     ( 7006): I 01/28/2013 18:09:18:707 00001b75              RhoRuby| require_compiled: rho/rhotabbar
I/APP     ( 7006): I 01/28/2013 18:09:18:765 00001b75              RhoRuby| require_compiled: rho/rhotoolbar
I/APP     ( 7006): I 01/28/2013 18:09:18:826 00001b75                  APP| Current locale: ; Country code: 
I/APP     ( 7006): I 01/28/2013 18:09:18:871 00001b75                  APP| Locilized file: /data/data/com.rhomobile.macotec/rhodata/lib/rholang/lang_
I/APP     ( 7006): I 01/28/2013 18:09:18:903 00001b75              RhoRuby| require_compiled: /data/data/com.rhomobile.macotec/rhodata/lib/rholang/lang_en
I/APP     ( 7006): I 01/28/2013 18:09:18:954 00001b75                  APP| Locilized file: /data/data/com.rhomobile.macotec/rhodata/apps/app/lang/lang_
I/APP     ( 7006): I 01/28/2013 18:09:19:002 00001b75                  APP| Locilized file: /data/data/com.rhomobile.macotec/rhodata/lib/rholang/rhoerror_
I/APP     ( 7006): I 01/28/2013 18:09:19:029 00001b75              RhoRuby| require_compiled: /data/data/com.rhomobile.macotec/rhodata/lib/rholang/rhoerror_en
I/APP     ( 7006): I 01/28/2013 18:09:19:066 00001b75                  APP| Locilized file: /data/data/com.rhomobile.macotec/rhodata/lib/rholang/rhomsg_
I/APP     ( 7006): I 01/28/2013 18:09:19:112 00001b75              RhoRuby| require_compiled: /data/data/com.rhomobile.macotec/rhodata/lib/rholang/rhomsg_en
I/APP     ( 7006): I 01/28/2013 18:09:19:153 00001b75              RhoRuby| require_compiled: indifferent_access
I/APP     ( 7006): I 01/28/2013 18:09:19:234 00001b75              RhoRuby| require_compiled: rho/rhosupport
I/APP     ( 7006): I 01/28/2013 18:09:19:384 00001b75              RhoRuby| require_compiled: rho/rhocontroller
I/APP     ( 7006): I 01/28/2013 18:09:19:467 00001b75              RhoRuby| require_compiled: rho/render
I/APP     ( 7006): I 01/28/2013 18:09:19:617 00001b75              RhoRuby| require_compiled: rho/rho
I/APP     ( 7006): I 01/28/2013 18:09:19:832 00001b75              RhoRuby| require_compiled: rho/rhoerror
I/APP     ( 7006): I 01/28/2013 18:09:19:890 00001b75              RhoRuby| require_compiled: rhom/rhom_source
I/APP     ( 7006): I 01/28/2013 18:09:20:008 00001b75              RhoRuby| require_compiled: rho/rhoviewhelpers
I/APP     ( 7006): I 01/28/2013 18:09:20:099 00001b75              RhoRuby| require_compiled: rho
I/APP     ( 7006): I 01/28/2013 18:09:20:126 00001b75                  APP| RHO loaded
I/APP     ( 7006): I 01/28/2013 18:09:20:170 00001b75                  APP| Calling RHO.initialize
I/APP     ( 7006): I 01/28/2013 18:09:20:203 00001b75                  APP| model file: Product/product
I/APP     ( 7006): I 01/28/2013 18:09:20:244 00001b75                  APP| model file: Request/request
I/APP     ( 7006): I 01/28/2013 18:09:20:279 00001b75                   DB| Open DB: /data/data/com.rhomobile.macotec/rhodata/db/syncdbuser.sqlite
I/APP     ( 7006): I 01/28/2013 18:09:20:338 00001b75          GeoLocation| Creating singleton instance.
I/APP     ( 7006): I 01/28/2013 18:09:20:378 00001b75            RhodesApp| Starting sync engine...
I/APP     ( 7006): I 01/28/2013 18:09:20:404 00001b75                 Sync| sync_poll_interval: 0
I/APP     ( 7006): I 01/28/2013 18:09:20:438 00001b75                 Sync| syncserver: 
I/APP     ( 7006): I 01/28/2013 18:09:20:464 00001b75                 Sync| bulksync_state: 0
I/APP     ( 7006): I 01/28/2013 18:09:20:494 00001b75            RhodesApp| RhoRubyInitApp...
I/APP     ( 7006): I 01/28/2013 18:09:20:525 00001b75                  APP| init_app
I/APP     ( 7006): I 01/28/2013 18:09:20:558 00001b75              RhoRuby| require_compiled: application
I/APP     ( 7006): I 01/28/2013 18:09:20:604 00001b75                 Sync| Set notification. Source ID: -1;Url :http://localhost:8080/app/Settings/sync_notify; Params: 
I/APP     ( 7006): I 01/28/2013 18:09:20:652 00001b75           HttpServer| Start HTTP server
I/APP     ( 7006): I 01/28/2013 18:09:20:685 00001b75           HttpServer| Listen for connections on port 8080
I/APP     ( 7006): I 01/28/2013 18:09:20:719 00001b75         AppCallbacks| addCommand: LOCAL-SERVER-STARTED
I/APP     ( 7006): I 01/28/2013 18:09:20:750 00001b73         AppCallbacks| process command: LOCAL-SERVER-STARTED
I/APP     ( 7006): I 01/28/2013 18:09:20:752 00001b73 RhodesAppActiveObserver| Ready
I/APP     ( 7006): I 01/28/2013 18:09:20:757 00001b5e AndroidFunctionality| Disable WebView zoom
I/APP     ( 7006): I 01/28/2013 18:09:20:759 00001b5e AndroidFunctionality| Set web plugins state 'OFF'
I/APP     ( 7006): I 01/28/2013 18:09:20:844 00001b73    RhodesApplication| New AppState: AppActivated
I/APP     ( 7006): I 01/28/2013 18:09:20:880 00001b73         AppCallbacks| process command: UI-CREATED
I/APP     ( 7006): I 01/28/2013 18:09:21:009 00001b75           HttpServer| Process URI: '/system/uicreated'
I/APP     ( 7006): I 01/28/2013 18:09:21:047 00001b75                  APP| on_ui_created.navigate to start url: '/app'
I/APP     ( 7006): I 01/28/2013 18:09:21:089 00001b5e         SplashScreen| navigate: url=http://localhost:8080/app
I/APP     ( 7006): I 01/28/2013 18:09:21:090 00001b5e         SplashScreen| DELAY for SplashScreen = 0
I/APP     ( 7006): I 01/28/2013 18:09:21:188 00001b5e        GoogleWebView| Creating new RhoWebChromeClient
I/APP     ( 7006): I 01/28/2013 18:09:21:253 00001b5e       SimpleMainView| Cleared URL: http://localhost:8080/app
I/APP     ( 7006): I 01/28/2013 18:09:21:294 00001b73         AppCallbacks| process command: APP-ACTIVATED
I/APP     ( 7006): I 01/28/2013 18:09:21:379 00001b75           HttpServer| Process URI: '/system/activateapp'
I/APP     ( 7006): I 01/28/2013 18:09:21:425 00001b73         AppCallbacks| ThreadQueue blocked for 4294967295 seconds...
V/SimpleMainView.View( 7006): ms[1359392961507]  Main Window :: onSizeChanged() old [ 480 x 690 ]  new [ 0 x 0 ]
I/APP     ( 7006): I 01/28/2013 18:09:21:715 00001b5e        GoogleWebView| Setting RhoWebChromeClient
I/APP     ( 7006): I 01/28/2013 18:09:21:884 00001b75           HttpServer| Process URI: '/app'
I/APP     ( 7006): I 01/28/2013 18:09:21:952 00001b5e     RhoWebViewClient| Loading URL: http://localhost:8080/app/index_erb.iseq
I/APP     ( 7006): I 01/28/2013 18:09:22:004 00001b75           HttpServer| Process URI: '/app/index_erb.iseq'
I/APP     ( 7006): I 01/28/2013 18:09:22:035 00001b75                  APP| RHO serve_index: /app/index_erb.iseq
I/APP     ( 7006): I 01/28/2013 18:09:22:062 00001b75 RHO Rho::RhoController| inst_render_index
I/APP     ( 7006): I 01/28/2013 18:09:22:213 00001b75 RHO Rho::RhoController| index layout
I/APP     ( 7006): I 01/28/2013 18:09:22:405 00001b75           HttpServer| GC Start.
I/APP     ( 7006): I 01/28/2013 18:09:22:706 00001b75           HttpServer| GC End.
I/APP     ( 7006): I 01/28/2013 18:09:22:971 00001b75           HttpServer| Process URI: '/public/jquery/jquery-1.6.4.min.js'
I/APP     ( 7006): I 01/28/2013 18:09:23:187 00001b75           HttpServer| Process URI: '/public/jquery/jquery.json-2.3.min.js'
I/APP     ( 7006): I 01/28/2013 18:09:23:296 00001b75           HttpServer| Process URI: '/public/jqmobile/jquery.mobile-1.0.1.min.css'
I/APP     ( 7006): I 01/28/2013 18:09:23:446 00001b75           HttpServer| Process URI: '/public/css/jqmobile-patch.css'
I/APP     ( 7006): I 01/28/2013 18:09:23:520 00001b75           HttpServer| Process URI: '/public/jqmobile/jquery.mobile-1.0.1.min.js'
I/APP     ( 7006): I 01/28/2013 18:09:23:678 00001b75           HttpServer| Process URI: '/public/js/jqmobile-patch.js'
I/APP     ( 7006): I 01/28/2013 18:09:23:759 00001b75           HttpServer| Process URI: '/public/css/macotec_style.css'
I/APP     ( 7006): I 01/28/2013 18:09:26:874 00001b75           HttpServer| Process URI: '/public/images/macotec/logo.png'
I/APP     ( 7006): I 01/28/2013 18:09:27:480 00001b75           HttpServer| Process URI: '/public/images/macotec/request.png'
I/APP     ( 7006): I 01/28/2013 18:09:27:653 00001b75           HttpServer| Process URI: '/public/images/macotec/contact.png'
I/APP     ( 7006): I 01/28/2013 18:09:27:702 00001b75           HttpServer| Process URI: '/public/images/macotec/products.png'
I/APP     ( 7006): I 01/28/2013 18:09:27:741 00001b75           HttpServer| Process URI: '/public/images/macotec/info.png'
I/APP     ( 7006): I 01/28/2013 18:09:34:995 00001b75           HttpServer| Process URI: '/app/Request/request'
I/APP     ( 7006): I 01/28/2013 18:09:35:036 00001b75                  APP| RHO serve: /app/Request/request
I/APP     ( 7006): I 01/28/2013 18:09:35:082 00001b75              RhoRuby| require_compiled: Request/request_controller
I/APP     ( 7006): I 01/28/2013 18:09:35:140 00001b75              RhoRuby| require_compiled: helpers/browser_helper
I/APP     ( 7006): I 01/28/2013 18:09:35:201 00001b75                  APP| const_missing: Product
I/APP     ( 7006): I 01/28/2013 18:09:35:255 00001b75                  APP| load_model: Product
I/APP     ( 7006): I 01/28/2013 18:09:35:308 00001b75              RhoRuby| require_compiled: Product/product
I/APP     ( 7006): I 01/28/2013 18:09:35:406 00001b75                  APP| model name: Product
I/APP     ( 7006): I 01/28/2013 18:09:35:455 00001b75                  APP| model class found
I/APP     ( 7006): I 01/28/2013 18:09:35:492 00001b75                  APP| Product : {"property"=>{}}
I/APP     ( 7006): I 01/28/2013 18:09:35:525 00001b75                   DB| Open DB: /data/data/com.rhomobile.macotec/rhodata/db/syncdblocal.sqlite
I/APP     ( 7006): I 01/28/2013 18:09:35:594 00001b75                  APP| init_db_sources
I/APP     ( 7006): I 01/28/2013 18:09:35:720 00001b75                  APP| start_id: 40004
I/APP     ( 7006): I 01/28/2013 18:09:35:752 00001b75                  APP| Migrate schema sources: {}
F/libc    ( 7006): Fatal signal 11 (SIGSEGV) at 0x00000000 (code=1)
I/DEBUG   (   34): *** *** *** *** *** *** *** *** *** *** *** *** *** *** *** ***
I/DEBUG   (   34): Build fingerprint: 'generic/sdk/generic:4.0.4/MR1/302030:eng/test-keys'
I/DEBUG   (   34): pid: 7006, tid: 7029  >>> com.rhomobile.macotec <<<
I/DEBUG   (   34): signal 11 (SIGSEGV), code 1 (SEGV_MAPERR), fault addr 00000000
I/DEBUG   (   34):  r0 00000000  r1 80808080  r2 00000000  r3 400535c8
I/DEBUG   (   34):  r4 0009e080  r5 1d2001ee  r6 00000004  r7 4aece530
I/DEBUG   (   34):  r8 4aece518  r9 00000001  10 5106b0cf  fp 4aaabe1c
I/DEBUG   (   34):  ip 498c63c8  sp 4aaabc98  lr 495b41e0  pc 4001a7c8  cpsr 60000010
I/DEBUG   (   34):  d0  401000003f800000  d1  000000003ee38e39
I/DEBUG   (   34):  d2  4052000000000000  d3  3f80000000000000
I/DEBUG   (   34):  d4  3f80000000000000  d5  3ff000003f800000
I/DEBUG   (   34):  d6  423ccccccccc0000  d7  3feccccccccccccd
I/DEBUG   (   34):  d8  0000000000000000  d9  0000000000000000
I/DEBUG   (   34):  d10 0000000000000000  d11 0000000000000000
I/DEBUG   (   34):  d12 0000000000000000  d13 0000000000000000
I/DEBUG   (   34):  d14 0000000000000000  d15 0000000000000000
I/DEBUG   (   34):  scr 20000012
I/DEBUG   (   34): 
I/DEBUG   (   34):          #00  pc 000167c8  /system/lib/libc.so (strlen)
I/DEBUG   (   34):          #01  pc 000511dc  /data/data/com.rhomobile.macotec/lib/librhodes.so (choose_datetime_with_range)
I/DEBUG   (   34):          #02  pc 001670cc  /data/data/com.rhomobile.macotec/lib/librhodes.so (st_lookup)
I/DEBUG   (   34): 
I/DEBUG   (   34): code around pc:
I/DEBUG   (   34): 4001a7a8 e58d3004 e59d0004 e2822001 e3100003  .0....... ......
I/DEBUG   (   34): 4001a7b8 1afffff7 e1a00003 e3081080 e3481080  ..............H.
I/DEBUG   (   34): 4001a7c8 e4903004 e0422000 f5d0f040 e043c3a1  .0... B.@.....C.
I/DEBUG   (   34): 4001a7d8 e00cc001 e1dcc003 04903004 1a000022  .........0.."...
I/DEBUG   (   34): 4001a7e8 e043c3a1 e00cc001 e1dcc003 04903004  ..C..........0..
I/DEBUG   (   34): 
I/DEBUG   (   34): code around lr:
I/DEBUG   (   34): 495b41c0 e1a00004 e1a01005 eb001ec6 e3500000  ..............P.
I/DEBUG   (   34): 495b41d0 e58d002c 0a000046 e59d0068 ebffc0b6  ,...F...h.......
I/DEBUG   (   34): 495b41e0 e5943000 e1a0b000 e1a0100b e1a00004  .0..............
I/DEBUG   (   34): 495b41f0 e1a0e00f e593f2c0 e2506000 0a00003c  .........`P.<...
I/DEBUG   (   34): 495b4200 e59d0068 e594c000 e1a0300b e1a01006  h........0......
I/DEBUG   (   34): 
I/DEBUG   (   34): stack:
I/DEBUG   (   34):     4aaabc58  4aece4f8  
I/DEBUG   (   34):     4aaabc5c  0009e080  [heap]
I/DEBUG   (   34):     4aaabc60  1d2001ee  
I/DEBUG   (   34):     4aaabc64  4985be88  /data/data/com.rhomobile.macotec/lib/librhodes.so
I/DEBUG   (   34):     4aaabc68  4985be80  /data/data/com.rhomobile.macotec/lib/librhodes.so
I/DEBUG   (   34):     4aaabc6c  4aece518  
I/DEBUG   (   34):     4aaabc70  00000001  
I/DEBUG   (   34):     4aaabc74  495bbd08  /data/data/com.rhomobile.macotec/lib/librhodes.so
I/DEBUG   (   34):     4aaabc78  0019e660  [heap]
I/DEBUG   (   34):     4aaabc7c  498c62a8  /data/data/com.rhomobile.macotec/lib/librhodes.so
I/DEBUG   (   34):     4aaabc80  0019e660  [heap]
I/DEBUG   (   34):     4aaabc84  4aece4b0  
I/DEBUG   (   34):     4aaabc88  00000000  
I/DEBUG   (   34):     4aaabc8c  0009e080  [heap]
I/DEBUG   (   34):     4aaabc90  df0027ad  
I/DEBUG   (   34):     4aaabc94  00000000  
I/DEBUG   (   34): #00 4aaabc98  4aece530  
I/DEBUG   (   34):     4aaabc9c  00000000  
I/DEBUG   (   34): #01 4aaabca0  0000000b  
I/DEBUG   (   34):     4aaabca4  496ca0d0  /data/data/com.rhomobile.macotec/lib/librhodes.so
I/BootReceiver(   77): Copying /data/tombstones/tombstone_08 to DropBox (SYSTEM_TOMBSTONE)
D/Zygote  (   37): Process 7006 terminated by signal (11)
I/ActivityManager(   77): Process com.rhomobile.macotec (pid 7006) has died.
W/ActivityManager(   77): Scheduling restart of crashed service com.rhomobile.macotec/com.rhomobile.rhodes.RhodesService in 5000ms
W/ActivityManager(   77): Force removing ActivityRecord{41420080 com.rhomobile.macotec/com.rhomobile.rhodes.RhodesActivity}: app died, no saved state
W/NetworkManagementSocketTagger(   77): setKernelCountSet(10040, 0) failed with errno -2
I/WindowManager(   77): WIN DEATH: Window{41599358 com.rhomobile.macotec/com.rhomobile.rhodes.RhodesActivity paused=false}
W/NetworkManagementSocketTagger(   77): setKernelCountSet(10009, 1) failed with errno -2
D/dalvikvm(   77): GC_CONCURRENT freed 260K, 18% free 11774K/14279K, paused 6ms+11ms
D/dalvikvm(   77): GC_FOR_ALLOC freed 736K, 19% free 11700K/14279K, paused 90ms
I/Process (   77): Sending signal. PID: 194 SIG: 3
I/dalvikvm(  194): threadid=3: reacting to signal 3
I/dalvikvm(  194): Wrote stack traces to '/data/anr/traces.txt'
I/Process (   77): Sending signal. PID: 194 SIG: 3
