I/APP     ( 2762): I 02/13/2013 12:07:43:360 00000ae1            RhodesApp| Starting sync engine...
I/APP     ( 2762): I 02/13/2013 12:07:43:368 00000ae1                 Sync| sync_poll_interval: 0
I/APP     ( 2762): I 02/13/2013 12:07:43:389 00000ae1                 Sync| syncserver: 
I/APP     ( 2762): I 02/13/2013 12:07:43:392 00000ae1                 Sync| bulksync_state: 0
I/APP     ( 2762): I 02/13/2013 12:07:43:411 00000ae1            RhodesApp| RhoRubyInitApp...
I/APP     ( 2762): I 02/13/2013 12:07:43:418 00000ae1                  APP| init_app
I/APP     ( 2762): I 02/13/2013 12:07:43:433 00000ae1              RhoRuby| require_compiled: application
I/APP     ( 2762): I 02/13/2013 12:07:43:454 00000ae1                 Sync| Set notification. Source ID: -1;Url :http://localhost:8080/app/Settings/sync_notify; Params: 
I/APP     ( 2762): I 02/13/2013 12:07:43:476 00000ae1           HttpServer| Start HTTP server
I/APP     ( 2762): I 02/13/2013 12:07:43:480 00000ae1           HttpServer| Listen for connections on port 8080
I/APP     ( 2762): I 02/13/2013 12:07:43:504 00000ae1         AppCallbacks| addCommand: LOCAL-SERVER-STARTED
I/APP     ( 2762): I 02/13/2013 12:07:43:507 00000adf         AppCallbacks| process command: LOCAL-SERVER-STARTED
I/APP     ( 2762): I 02/13/2013 12:07:43:509 00000adf RhodesAppActiveObserver| Ready
I/APP     ( 2762): I 02/13/2013 12:07:43:514 00000aca AndroidFunctionality| Disable WebView zoom
I/APP     ( 2762): I 02/13/2013 12:07:43:515 00000aca AndroidFunctionality| Set web plugins state 'OFF'
I/APP     ( 2762): I 02/13/2013 12:07:43:556 00000adf    RhodesApplication| New AppState: AppActivated
I/APP     ( 2762): I 02/13/2013 12:07:43:560 00000adf         AppCallbacks| process command: UI-CREATED
I/APP     ( 2762): I 02/13/2013 12:07:43:645 00000ae1           HttpServer| Process URI: '/system/uicreated'
I/APP     ( 2762): I 02/13/2013 12:07:43:650 00000ae1                  APP| on_ui_created.navigate to start url: '/app'
I/APP     ( 2762): I 02/13/2013 12:07:43:668 00000aca         SplashScreen| navigate: url=http://localhost:8080/app
I/APP     ( 2762): I 02/13/2013 12:07:43:670 00000aca         SplashScreen| DELAY for SplashScreen = 0
I/APP     ( 2762): I 02/13/2013 12:07:43:728 00000aca        GoogleWebView| Creating new RhoWebChromeClient
I/APP     ( 2762): I 02/13/2013 12:07:43:744 00000aca       SimpleMainView| Cleared URL: http://localhost:8080/app
I/APP     ( 2762): I 02/13/2013 12:07:43:784 00000adf         AppCallbacks| process command: APP-ACTIVATED
I/APP     ( 2762): I 02/13/2013 12:07:43:822 00000ae1           HttpServer| Process URI: '/system/activateapp'
I/APP     ( 2762): I 02/13/2013 12:07:43:841 00000adf         AppCallbacks| ThreadQueue blocked for 4294967295 seconds...
V/SimpleMainView.View( 2762): ms[1360753663867]  Main Window :: onSizeChanged() old [ 480 x 652 ]  new [ 0 x 0 ]
I/APP     ( 2762): I 02/13/2013 12:07:43:936 00000aca        GoogleWebView| Setting RhoWebChromeClient
I/APP     ( 2762): I 02/13/2013 12:07:44:192 00000ae1           HttpServer| Process URI: '/app'
I/APP     ( 2762): I 02/13/2013 12:07:44:412 00000aca     RhoWebViewClient| Loading URL: http://localhost:8080/app/index_erb.iseq
I/APP     ( 2762): I 02/13/2013 12:07:44:598 00000ae1           HttpServer| Process URI: '/app/index_erb.iseq'
I/APP     ( 2762): I 02/13/2013 12:07:44:718 00000ae1                  APP| RHO serve_index: /app/index_erb.iseq
I/APP     ( 2762): I 02/13/2013 12:07:44:839 00000ae1 RHO Rho::RhoController| inst_render_index
I/APP     ( 2762): I 02/13/2013 12:07:45:542 00000ae1 RHO Rho::RhoController| index layout
I/APP     ( 2762): I 02/13/2013 12:07:45:856 00000ae1           HttpServer| GC Start.
I/APP     ( 2762): I 02/13/2013 12:07:46:303 00000ae1           HttpServer| GC End.
I/APP     ( 2762): I 02/13/2013 12:07:47:293 00000ae1           HttpServer| Process URI: '/app/index_erb.iseq'
I/APP     ( 2762): I 02/13/2013 12:07:47:368 00000ae1                  APP| RHO serve_index: /app/index_erb.iseq
I/APP     ( 2762): I 02/13/2013 12:07:47:471 00000ae1 RHO Rho::RhoController| inst_render_index
I/APP     ( 2762): I 02/13/2013 12:07:48:037 00000ae1 RHO Rho::RhoController| index layout
I/APP     ( 2762): I 02/13/2013 12:07:48:471 00000ae1           HttpServer| GC Start.
I/APP     ( 2762): I 02/13/2013 12:07:48:716 00000ae1           HttpServer| GC End.
I/APP     ( 2762): E 02/13/2013 12:07:57:175 00000ae1           HttpServer| Connection gracefully closed before we send any data
I/APP     ( 2762): E 02/13/2013 12:07:57:186 00000ae1           HttpServer| Parsing error
I/APP     ( 2762): E 02/13/2013 12:07:57:203 00000ae1           HttpServer| Connection gracefully closed before we send any data
I/APP     ( 2762): E 02/13/2013 12:07:57:217 00000ae1           HttpServer| Parsing error
I/APP     ( 2762): I 02/13/2013 12:07:57:222 00000ae1           HttpServer| Process URI: '/public/js/request.js'
I/APP     ( 2762): I 02/13/2013 12:07:57:297 00000ae1           HttpServer| Process URI: '/public/jquery/jquery-1.6.4.min.js'
I/APP     ( 2762): I 02/13/2013 12:07:57:406 00000ae1           HttpServer| Process URI: '/public/jquery/jquery.json-2.3.min.js'
I/APP     ( 2762): I 02/13/2013 12:07:57:449 00000ae1           HttpServer| Process URI: '/public/jqmobile/jquery.mobile-1.0.1.min.css'
I/APP     ( 2762): I 02/13/2013 12:07:57:520 00000aca   RhoWebChromeClient| Uncaught SyntaxError: Unexpected token < -- From line 5 of http://localhost:8080/public/js/request.js
E/Web Console( 2762): Uncaught SyntaxError: Unexpected token < at http://localhost:8080/public/js/request.js:5
I/APP     ( 2762): I 02/13/2013 12:07:57:564 00000ae1           HttpServer| Process URI: '/public/css/jqmobile-patch.css'
I/APP     ( 2762): I 02/13/2013 12:07:57:613 00000ae1           HttpServer| Process URI: '/public/jqmobile/jquery.mobile-1.0.1.min.js'
I/APP     ( 2762): I 02/13/2013 12:07:57:701 00000ae1           HttpServer| Process URI: '/public/js/jqmobile-patch.js'
I/APP     ( 2762): I 02/13/2013 12:07:57:793 00000ae1           HttpServer| Process URI: '/public/css/macotec_style.css'
I/APP     ( 2762): I 02/13/2013 12:08:00:692 00000ae1           HttpServer| Process URI: '/public/images/macotec/logo.png'
I/APP     ( 2762): I 02/13/2013 12:08:01:307 00000ae1           HttpServer| Process URI: '/public/images/macotec/request_top.png'
I/APP     ( 2762): I 02/13/2013 12:08:01:383 00000ae1           HttpServer| Process URI: '/public/images/macotec/contact_png.png'
I/APP     ( 2762): I 02/13/2013 12:08:01:434 00000ae1           HttpServer| Process URI: '/public/images/macotec/products_png.png'
I/APP     ( 2762): I 02/13/2013 12:08:01:473 00000ae1           HttpServer| Process URI: '/public/images/macotec/info_png.png'
I/APP     ( 2762): I 02/13/2013 12:08:02:230 00000ae1           HttpServer| Process URI: '/app/index_erb.iseq'
I/APP     ( 2762): I 02/13/2013 12:08:02:266 00000ae1                  APP| RHO serve_index: /app/index_erb.iseq
I/APP     ( 2762): I 02/13/2013 12:08:02:356 00000ae1 RHO Rho::RhoController| inst_render_index
I/APP     ( 2762): I 02/13/2013 12:08:02:719 00000ae1 RHO Rho::RhoController| index layout
I/APP     ( 2762): I 02/13/2013 12:08:03:193 00000ae1           HttpServer| GC Start.
I/APP     ( 2762): I 02/13/2013 12:08:03:631 00000ae1           HttpServer| GC End.
I/APP     ( 2762): I 02/13/2013 12:08:04:746 00000ae1           HttpServer| Process URI: '/app/Request/request'
I/APP     ( 2762): I 02/13/2013 12:08:04:860 00000ae1                  APP| RHO serve: /app/Request/request
I/APP     ( 2762): I 02/13/2013 12:08:04:958 00000ae1              RhoRuby| require_compiled: Request/request_controller
I/APP     ( 2762): I 02/13/2013 12:08:05:523 00000ae1              RhoRuby| require_compiled: helpers/browser_helper
I/APP     ( 2762): I 02/13/2013 12:08:05:779 00000ae1              RhoRuby| require_compiled: time
I/APP     ( 2762): I 02/13/2013 12:08:06:137 00000ae1              RhoRuby| require_compiled: date/format
I/APP     ( 2762): I 02/13/2013 12:08:06:971 00000ae1              RhoRuby| require_compiled: date
I/APP     ( 2762): I 02/13/2013 12:08:07:119 00000ae1              RhoRuby| require_compiled: dateOrig
D/dalvikvm( 2762): GC_CONCURRENT freed 928K, 8% free 12502K/13511K, paused 23ms+20ms
D/webviewglue( 2762): nativeDestroy view: 0x28dc28
I/APP     ( 2762): E 02/13/2013 12:08:07:554 00000ae1               RubyVM| lib/date.rb:14: warning: already initialized constant MONTHNAMES
I/APP     ( 2762): E 02/13/2013 12:08:07:558 00000ae1               RubyVM| lib/date.rb:15: warning: already initialized constant ABBR_MONTHNAMES
I/APP     ( 2762): E 02/13/2013 12:08:07:596 00000ae1               RubyVM| lib/date.rb:16: warning: already initialized constant DAYNAMES
I/APP     ( 2762): E 02/13/2013 12:08:07:602 00000ae1               RubyVM| lib/date.rb:17: warning: already initialized constant ABBR_DAYNAMES
I/APP     ( 2762): I 02/13/2013 12:08:07:629 00000ae1              RhoRuby| require_compiled: json
I/APP     ( 2762): I 02/13/2013 12:08:07:658 00000ae1              RhoRuby| require_compiled: json/common
I/APP     ( 2762): I 02/13/2013 12:08:07:737 00000ae1              RhoRuby| require_compiled: json/version
I/APP     ( 2762): I 02/13/2013 12:08:07:785 00000ae1              RhoRuby| require_compiled: json/pure
I/APP     ( 2762): I 02/13/2013 12:08:07:832 00000ae1              RhoRuby| require_compiled: json/pure/generator
I/APP     ( 2762): I 02/13/2013 12:08:07:953 00000ae1           HttpServer| GC Start.
I/APP     ( 2762): I 02/13/2013 12:08:08:343 00000ae1           HttpServer| GC End.
I/APP     ( 2762): I 02/13/2013 12:08:08:469 00000ae1           HttpServer| Process URI: '/favicon.ico'
I/APP     ( 2762): E 02/13/2013 12:08:08:550 00000ae1           HttpServer| The file /favicon.ico was not found
I/APP     ( 2762): I 02/13/2013 12:08:09:047 00000ae1           HttpServer| Process URI: '/app/Request/request_rental'
I/APP     ( 2762): I 02/13/2013 12:08:09:099 00000ae1                  APP| RHO serve: /app/Request/request_rental
I/APP     ( 2762): I 02/13/2013 12:08:09:178 00000ae1                  APP| const_missing: Product
I/APP     ( 2762): I 02/13/2013 12:08:09:284 00000ae1                  APP| load_model: Product
I/APP     ( 2762): I 02/13/2013 12:08:09:428 00000ae1              RhoRuby| require_compiled: Product/product
I/APP     ( 2762): I 02/13/2013 12:08:09:760 00000ae1                  APP| model name: Product
I/APP     ( 2762): I 02/13/2013 12:08:09:841 00000ae1                  APP| model class found
I/APP     ( 2762): I 02/13/2013 12:08:09:902 00000ae1                  APP| Product : {"property"=>{}}
I/APP     ( 2762): I 02/13/2013 12:08:10:031 00000ae1                   DB| Open DB: /data/data/com.rhomobile.macotec/rhodata/db/syncdblocal.sqlite
I/APP     ( 2762): I 02/13/2013 12:08:10:307 00000ae1                  APP| init_db_sources
I/APP     ( 2762): I 02/13/2013 12:08:10:681 00000ae1                  APP| start_id: 40005
I/APP     ( 2762): I 02/13/2013 12:08:10:763 00000ae1                  APP| Migrate schema sources: {}
I/APP     ( 2762): I 02/13/2013 12:08:10:948 00000ae1                  APP| const_missing: Settings
I/APP     ( 2762): I 02/13/2013 12:08:11:002 00000ae1                  APP| load_model: Settings
I/APP     ( 2762): I 02/13/2013 12:08:11:126 00000ae1              RhoRuby| require_compiled: Settings/settings
I/APP     ( 2762): I 02/13/2013 12:08:11:270 00000ae1                  APP| model name: Settings
I/APP     ( 2762): I 02/13/2013 12:08:11:332 00000ae1                  APP| model class found
I/APP     ( 2762): I 02/13/2013 12:08:11:410 00000ae1                  APP| Settings : {"schema"=>{"property"=>{"company"=>[:string, nil], "phone"=>[:string, nil], "email"=>[:string, nil]}}}
I/APP     ( 2762): I 02/13/2013 12:08:11:503 00000ae1                  APP| init_db_sources
I/APP     ( 2762): I 02/13/2013 12:08:11:573 00000ae1                  APP| start_id: 40005
I/APP     ( 2762): I 02/13/2013 12:08:11:652 00000ae1                  APP| Migrate schema sources: {}
I/APP     ( 2762): I 02/13/2013 12:08:12:145 00000ae1           HttpServer| GC Start.
I/APP     ( 2762): I 02/13/2013 12:08:12:469 00000ae1           HttpServer| GC End.
I/APP     ( 2762): E 02/13/2013 12:08:12:564 00000ae1           HttpServer| Connection gracefully closed before we send any data
I/APP     ( 2762): E 02/13/2013 12:08:12:640 00000ae1           HttpServer| Parsing error
I/APP     ( 2762): E 02/13/2013 12:08:12:702 00000ae1           HttpServer| Connection gracefully closed before we send any data
I/APP     ( 2762): E 02/13/2013 12:08:12:770 00000ae1           HttpServer| Parsing error
I/APP     ( 2762): I 02/13/2013 12:08:12:817 00000ae1           HttpServer| Process URI: '/favicon.ico'
I/APP     ( 2762): E 02/13/2013 12:08:12:885 00000ae1           HttpServer| The file /favicon.ico was not found
I/APP     ( 2762): I 02/13/2013 12:08:28:637 00000ae1           HttpServer| Process URI: '/favicon.ico'
I/APP     ( 2762): E 02/13/2013 12:08:28:638 00000ae1           HttpServer| The file /favicon.ico was not found
I/APP     ( 2762): I 02/13/2013 12:08:28:732 00000ae1           HttpServer| Process URI: '/app/Request/request'
I/APP     ( 2762): I 02/13/2013 12:08:28:748 00000ae1                  APP| RHO serve: /app/Request/request
I/APP     ( 2762): I 02/13/2013 12:08:28:805 00000ae1           HttpServer| GC Start.
I/APP     ( 2762): I 02/13/2013 12:08:28:888 00000ae1           HttpServer| GC End.
I/APP     ( 2762): I 02/13/2013 12:08:29:910 00000ae1           HttpServer| Process URI: '/app/Request/request_project'
I/APP     ( 2762): I 02/13/2013 12:08:29:912 00000ae1                  APP| RHO serve: /app/Request/request_project
I/APP     ( 2762): I 02/13/2013 12:08:29:986 00000ae1           HttpServer| GC Start.
I/APP     ( 2762): I 02/13/2013 12:08:30:066 00000ae1           HttpServer| GC End.
I/APP     ( 2762): I 02/13/2013 12:08:30:113 00000ae1           HttpServer| Process URI: '/favicon.ico'
I/APP     ( 2762): E 02/13/2013 12:08:30:144 00000ae1           HttpServer| The file /favicon.ico was not found
I/APP     ( 2762): E 02/13/2013 12:08:38:644 00000ae1           HttpServer| Connection gracefully closed before we send any data
I/APP     ( 2762): E 02/13/2013 12:08:38:649 00000ae1           HttpServer| Parsing error
I/APP     ( 2762): E 02/13/2013 12:08:38:700 00000ae1           HttpServer| Connection gracefully closed before we send any data
I/APP     ( 2762): E 02/13/2013 12:08:38:703 00000ae1           HttpServer| Parsing error
I/APP     ( 2762): I 02/13/2013 12:08:38:725 00000ae1           HttpServer| Process URI: '/app/Request/request'
I/APP     ( 2762): I 02/13/2013 12:08:38:748 00000ae1                  APP| RHO serve: /app/Request/request
I/APP     ( 2762): I 02/13/2013 12:08:38:867 00000ae1           HttpServer| GC Start.
I/APP     ( 2762): I 02/13/2013 12:08:38:939 00000ae1           HttpServer| GC End.
I/APP     ( 2762): I 02/13/2013 12:08:39:531 00000ae1           HttpServer| Process URI: '/public/images/macotec/forklifter_full.png'
I/APP     ( 2762): I 02/13/2013 12:08:39:622 00000ae1           HttpServer| Process URI: '/favicon.ico'
I/APP     ( 2762): E 02/13/2013 12:08:39:626 00000ae1           HttpServer| The file /favicon.ico was not found
I/APP     ( 2762): I 02/13/2013 12:08:39:688 00000ae1           HttpServer| Process URI: '/app/Request/request'
I/APP     ( 2762): I 02/13/2013 12:08:39:693 00000ae1                  APP| RHO serve: /app/Request/request
I/APP     ( 2762): I 02/13/2013 12:08:39:796 00000ae1           HttpServer| GC Start.
I/APP     ( 2762): I 02/13/2013 12:08:40:118 00000ae1           HttpServer| GC End.
E/libEGL  ( 2762): call to OpenGL ES API with no current context (logged once per thread)
D/ShaderProgram( 2762): couldn't load the vertex shader!
E/libEGL  ( 2762): call to OpenGL ES API with no current context (logged once per thread)
D/ShaderProgram( 2762): couldn't load the vertex shader!
E/libEGL  ( 2762): call to OpenGL ES API with no current context (logged once per thread)
D/ShaderProgram( 2762): couldn't load the vertex shader!
E/libEGL  ( 2762): call to OpenGL ES API with no current context (logged once per thread)
D/ShaderProgram( 2762): couldn't load the vertex shader!
E/libEGL  ( 2762): call to OpenGL ES API with no current context (logged once per thread)
D/ShaderProgram( 2762): couldn't load the vertex shader!
I/APP     ( 2762): I 02/13/2013 12:08:43:503 00000ae1           HttpServer| Process URI: '/favicon.ico'
I/APP     ( 2762): E 02/13/2013 12:08:43:559 00000ae1           HttpServer| The file /favicon.ico was not found
D/ShaderProgram( 2762): couldn't load the vertex shader!
D/ShaderProgram( 2762): couldn't load the vertex shader!
D/ShaderProgram( 2762): couldn't load the vertex shader!
D/ShaderProgram( 2762): couldn't load the vertex shader!
I/APP     ( 2762): I 02/13/2013 12:08:43:666 00000ae1           HttpServer| Process URI: '/public/images/macotec/request_contract.png'
D/ShaderProgram( 2762): couldn't load the vertex shader!
I/APP     ( 2762): I 02/13/2013 12:08:44:342 00000ae1           HttpServer| Process URI: '/app/Request/request_project'
I/APP     ( 2762): I 02/13/2013 12:08:44:449 00000ae1                  APP| RHO serve: /app/Request/request_project
I/APP     ( 2762): I 02/13/2013 12:08:44:940 00000ae1           HttpServer| GC Start.
I/APP     ( 2762): I 02/13/2013 12:08:45:031 00000ae1           HttpServer| GC End.
I/APP     ( 2762): E 02/13/2013 12:08:49:563 00000ae1           HttpServer| Connection gracefully closed before we send any data
I/APP     ( 2762): E 02/13/2013 12:08:49:591 00000ae1           HttpServer| Parsing error
I/APP     ( 2762): I 02/13/2013 12:08:49:595 00000ae1           HttpServer| Process URI: '/public/jqmobile/images/icons-36-white.png'
I/InputDispatcher(   85): Application is not responding: Window{415d3968 com.rhomobile.macotec/com.rhomobile.rhodes.RhodesActivity paused=false}.  5025.2ms since event, 5002.3ms since wait started
I/WindowManager(   85): Input event dispatching timed out sending to com.rhomobile.macotec/com.rhomobile.rhodes.RhodesActivity
I/Process (   85): Sending signal. PID: 2762 SIG: 3
I/dalvikvm( 2762): threadid=3: reacting to signal 3
I/dalvikvm( 2762): Wrote stack traces to '/data/anr/traces.txt'
I/Process (   85): Sending signal. PID: 85 SIG: 3
I/dalvikvm(   85): threadid=3: reacting to signal 3
I/dalvikvm(   85): Wrote stack traces to '/data/anr/traces.txt'
I/Process (   85): Sending signal. PID: 145 SIG: 3
I/dalvikvm(  145): threadid=3: reacting to signal 3
I/dalvikvm(  145): Wrote stack traces to '/data/anr/traces.txt'
I/Process (   85): Sending signal. PID: 177 SIG: 3
I/dalvikvm(  177): threadid=3: reacting to signal 3
I/dalvikvm(  177): Wrote stack traces to '/data/anr/traces.txt'
D/dalvikvm(   85): GC_CONCURRENT freed 423K, 12% free 11417K/12935K, paused 16ms+9ms
D/dalvikvm(   85): GC_EXPLICIT freed 320K, 12% free 11500K/12935K, paused 5ms+8ms
E/ActivityManager(   85): ANR in com.rhomobile.macotec (com.rhomobile.macotec/com.rhomobile.rhodes.RhodesActivity)
E/ActivityManager(   85): Reason: keyDispatchingTimedOut
E/ActivityManager(   85): Load: 0.72 / 1.03 / 0.93
E/ActivityManager(   85): CPU usage from 52170ms to 0ms ago:
E/ActivityManager(   85):   16% 2762/com.rhomobile.macotec: 15% user + 1.5% kernel / faults: 2893 minor
E/ActivityManager(   85):   7.6% 46/adbd: 1.3% user + 6.3% kernel / faults: 5 minor
E/ActivityManager(   85):   1.4% 85/system_server: 0.6% user + 0.7% kernel / faults: 1 minor
E/ActivityManager(   85):   0.8% 36/surfaceflinger: 0.7% user + 0% kernel
E/ActivityManager(   85):   0.2% 1049/logcat: 0% user + 0.1% kernel
E/ActivityManager(   85):   0.2% 2651/logcat: 0.1% user + 0.1% kernel
E/ActivityManager(   85):   0.2% 1314/logcat: 0.1% user + 0% kernel
E/ActivityManager(   85):   0.2% 1706/logcat: 0% user + 0.1% kernel
E/ActivityManager(   85):   0.2% 1908/logcat: 0.1% user + 0.1% kernel
E/ActivityManager(   85):   0.2% 145/com.android.systemui: 0.1% user + 0% kernel
E/ActivityManager(   85):   0.2% 177/com.android.phone: 0.1% user + 0.1% kernel / faults: 25 minor
E/ActivityManager(   85):   0.2% 592/logcat: 0% user + 0.1% kernel
E/ActivityManager(   85):   0.2% 789/logcat: 0% user + 0.1% kernel
E/ActivityManager(   85):   0.1% 1841/logcat: 0% user + 0% kernel
E/ActivityManager(   85):   0.2% 1977/logcat: 0% user + 0.1% kernel
E/ActivityManager(   85):   0.2% 2728/logcat: 0% user + 0.1% kernel
E/ActivityManager(   85):   0.2% 1183/logcat: 0% user + 0.1% kernel
E/ActivityManager(   85):   0.2% 1249/logcat: 0% user + 0.1% kernel
E/ActivityManager(   85):   0.2% 1511/logcat: 0% user + 0.1% kernel
E/ActivityManager(   85):   0.2% 2045/logcat: 0% user + 0.1% kernel
E/ActivityManager(   85):   0.1% 854/logcat: 0% user + 0.1% kernel
E/ActivityManager(   85):   0.1% 984/logcat: 0.1% user + 0% kernel
E/ActivityManager(   85):   0.1% 1116/logcat: 0% user + 0.1% kernel
E/ActivityManager(   85):   0.1% 1641/logcat: 0% user + 0% kernel
E/ActivityManager(   85):   0.1% 79/logcat: 0% user + 0.1% kernel
E/ActivityManager(   85):   0.1% 919/logcat: 0% user + 0.1% kernel
E/ActivityManager(   85):   0.1% 1446/logcat: 0% user + 0.1% kernel
E/ActivityManager(   85):   0.1% 2182/logcat: 0% user + 0% kernel
E/ActivityManager(   85):   0.1% 2519/logcat: 0% user + 0% kernel
E/ActivityManager(   85):   0.1% 657/logcat: 0% user + 0% kernel
E/ActivityManager(   85):   0.1% 2387/logcat: 0% user + 0% kernel
E/ActivityManager(   85):   0.1% 2453/logcat: 0% user + 0% kernel
E/ActivityManager(   85):   0% 1380/logcat: 0% user + 0% kernel
E/ActivityManager(   85):   0.1% 2248/logcat: 0% user + 0.1% kernel
E/ActivityManager(   85):   0.1% 2585/logcat: 0% user + 0% kernel
E/ActivityManager(   85):   0.1% 724/logcat: 0% user + 0.1% kernel
E/ActivityManager(   85):   0.1% 1576/logcat: 0% user + 0% kernel
E/ActivityManager(   85):   0.1% 1773/logcat: 0% user + 0% kernel
E/ActivityManager(   85):   0% 2114/logcat: 0% user + 0% kernel
E/ActivityManager(   85):   0% 2314/logcat: 0% user + 0% kernel
E/ActivityManager(   85):   0% 30/servicemanager: 0% user + 0% kernel
E/ActivityManager(   85):   0% 35/rild: 0% user + 0% kernel
E/ActivityManager(   85):   0% 213/com.android.settings: 0% user + 0% kernel
E/ActivityManager(   85):   0% 435/com.android.calendar: 0% user + 0% kernel / faults: 3 minor
E/ActivityManager(   85):   0% 500/com.android.keychain: 0% user + 0% kernel
E/ActivityManager(   85): 33% TOTAL: 20% user + 11% kernel + 0.2% irq + 1% softirq
E/ActivityManager(   85): CPU usage from 1354ms to 1926ms later with 99% awake:
E/ActivityManager(   85):   9.2% 85/system_server: 3.7% user + 5.5% kernel
E/ActivityManager(   85):     7.4% 124/InputDispatcher: 1.8% user + 5.5% kernel
E/ActivityManager(   85):     1.8% 123/er$SensorThread: 1.8% user + 0% kernel
E/ActivityManager(   85):   0.8% 177/com.android.phone: 0.8% user + 0% kernel
E/ActivityManager(   85):     1.6% 177/m.android.phone: 1.6% user + 0% kernel
E/ActivityManager(   85): 17% TOTAL: 3.4% user + 12% kernel + 1.7% softirq
I/APP     ( 2762): E 02/13/2013 12:08:59:598 00000ae1           HttpServer| Connection gracefully closed before we send any data
I/APP     ( 2762): E 02/13/2013 12:08:59:669 00000ae1           HttpServer| Parsing error
D/dalvikvm(   85): GC_FOR_ALLOC freed 510K, 12% free 11450K/12935K, paused 610ms
V/PhoneStatusBar(  145): setLightsOn(true)
D/AndroidRuntime( 2801): 
D/AndroidRuntime( 2801): >>>>>> AndroidRuntime START com.android.internal.os.RuntimeInit <<<<<<
D/AndroidRuntime( 2801): CheckJNI is ON
D/AndroidRuntime( 2801): Calling main entry com.android.commands.pm.Pm
W/ActivityManager(   85): No content provider found for permission revoke: file:///data/local/tmp/macotec-debug.apk
W/ActivityManager(   85): No content provider found for permission revoke: file:///data/local/tmp/macotec-debug.apk
D/dalvikvm(   85): GC_CONCURRENT freed 496K, 11% free 11548K/12935K, paused 13ms+10ms
D/dalvikvm(   85): GC_CONCURRENT freed 260K, 9% free 11803K/12935K, paused 6ms+12ms
D/dalvikvm(   85): GC_CONCURRENT freed 632K, 9% free 11772K/12935K, paused 10ms+13ms
D/dalvikvm(   85): GC_CONCURRENT freed 633K, 9% free 11785K/12935K, paused 14ms+12ms
D/dalvikvm(   85): GC_CONCURRENT freed 604K, 9% free 11789K/12935K, paused 8ms+8ms
D/dalvikvm(   85): GC_CONCURRENT freed 594K, 9% free 11794K/12935K, paused 6ms+12ms
I/PackageManager(   85): Removing non-system package:com.rhomobile.macotec
I/ActivityManager(   85): Force stopping package com.rhomobile.macotec uid=10040
I/ActivityManager(   85): Killing proc 2762:com.rhomobile.macotec/10040: force stop
W/ActivityManager(   85): Force removing ActivityRecord{41461370 com.rhomobile.macotec/com.rhomobile.rhodes.RhodesActivity}: app died, no saved state
W/NetworkManagementSocketTagger(   85): setKernelCountSet(10040, 0) failed with errno -2
W/NetworkManagementSocketTagger(   85): setKernelCountSet(10009, 1) failed with errno -2
W/InputDispatcher(   85): channel '415d3968 com.rhomobile.macotec/com.rhomobile.rhodes.RhodesActivity (server)' ~ Consumer closed input channel or an error occurred.  events=0x8
E/InputDispatcher(   85): channel '415d3968 com.rhomobile.macotec/com.rhomobile.rhodes.RhodesActivity (server)' ~ Channel is unrecoverably broken and will be disposed!
I/WindowManager(   85): WINDOW DIED Window{415d3968 com.rhomobile.macotec/com.rhomobile.rhodes.RhodesActivity paused=false}
W/InputDispatcher(   85): Attempted to unregister already unregistered input channel '415d3968 com.rhomobile.macotec/com.rhomobile.rhodes.RhodesActivity (server)'
I/Process (   85): Sending signal. PID: 198 SIG: 3
I/dalvikvm(  198): threadid=3: reacting to signal 3
I/dalvikvm(  198): Wrote stack traces to '/data/anr/traces.txt'
I/Process (   85): Sending signal. PID: 198 SIG: 3
I/dalvikvm(  198): threadid=3: reacting to signal 3
I/dalvikvm(  198): Wrote stack traces to '/data/anr/traces.txt'
I/Process (   85): Sending signal. PID: 198 SIG: 3
I/dalvikvm(  198): threadid=3: reacting to signal 3
I/dalvikvm(  198): Wrote stack traces to '/data/anr/traces.txt'
I/Process (   85): Sending signal. PID: 198 SIG: 3
I/dalvikvm(  198): threadid=3: reacting to signal 3
I/dalvikvm(  198): Wrote stack traces to '/data/anr/traces.txt'
W/InputManagerService(   85): Got RemoteException sending setActive(false) notification to pid 2762 uid 10040
I/PackageManager(   85): Package com.rhomobile.macotec codePath changed from /data/app/com.rhomobile.macotec-1.apk to /data/app/com.rhomobile.macotec-2.apk; Retaining data and using new
D/dalvikvm(   85): GC_CONCURRENT freed 558K, 9% free 11840K/12935K, paused 6ms+14ms
I/PackageManager(   85): Running dexopt on: com.rhomobile.macotec
D/dalvikvm( 2812): DexOpt: load 96ms, verify+opt 514ms
W/PackageManager(   85): Code path for pkg : com.rhomobile.macotec changing from /data/app/com.rhomobile.macotec-1.apk to /data/app/com.rhomobile.macotec-2.apk
W/PackageManager(   85): Resource path for pkg : com.rhomobile.macotec changing from /data/app/com.rhomobile.macotec-1.apk to /data/app/com.rhomobile.macotec-2.apk
I/ActivityManager(   85): Force stopping package com.rhomobile.macotec uid=10040
D/PackageManager(   85): New package installed in /data/app/com.rhomobile.macotec-2.apk
I/ActivityManager(   85): Force stopping package com.rhomobile.macotec uid=10040
D/dalvikvm(  198): GC_EXPLICIT freed 272K, 7% free 11324K/12103K, paused 20ms+5ms
D/dalvikvm(  234): GC_EXPLICIT freed 148K, 4% free 9390K/9735K, paused 3ms+5ms
D/dalvikvm(   85): GC_EXPLICIT freed 791K, 13% free 11332K/12935K, paused 12ms+8ms
D/PackageManager(   85): generateServicesMap(android.accounts.AccountAuthenticator): 2 services unchanged
D/PackageManager(   85): generateServicesMap(android.content.SyncAdapter): 4 services unchanged
D/BackupManagerService(   85): Received broadcast Intent { act=android.intent.action.PACKAGE_REMOVED dat=package:com.rhomobile.macotec flg=0x10000010 (has extras) }
I/AccountTypeManager(  272): Loaded meta-data for 1 account types, 0 accounts in 307ms(wall) 7ms(cpu)
D/PackageManager(   85): generateServicesMap(android.accounts.AccountAuthenticator): 2 services unchanged
D/PackageManager(   85): generateServicesMap(android.content.SyncAdapter): 4 services unchanged
D/BackupManagerService(   85): Received broadcast Intent { act=android.intent.action.PACKAGE_ADDED dat=package:com.rhomobile.macotec flg=0x10000010 (has extras) }
V/BackupManagerService(   85): updatePackageParticipantsLocked: #1
W/RecognitionManagerService(   85): no available voice recognition services found
I/AccountTypeManager(  272): Loaded meta-data for 1 account types, 0 accounts in 236ms(wall) 6ms(cpu)
D/BackupManagerService(   85): Received broadcast Intent { act=android.intent.action.PACKAGE_REPLACED dat=package:com.rhomobile.macotec flg=0x10000010 (has extras) }
V/BackupManagerService(   85): updatePackageParticipantsLocked: #1
D/dalvikvm(   85): GC_CONCURRENT freed 461K, 12% free 11450K/12935K, paused 5ms+8ms
D/dalvikvm(   85): GC_EXPLICIT freed 203K, 13% free 11297K/12935K, paused 4ms+7ms
D/AndroidRuntime( 2801): Shutting down VM
D/dalvikvm( 2801): GC_CONCURRENT freed 97K, 79% free 450K/2048K, paused 0ms+1ms
I/AndroidRuntime( 2801): NOTE: attach of thread 'Binder Thread #3' failed
W/ThrottleService(   85): unable to find stats for iface rmnet0
D/AndroidRuntime( 2820): 
D/AndroidRuntime( 2820): >>>>>> AndroidRuntime START com.android.internal.os.RuntimeInit <<<<<<
D/AndroidRuntime( 2820): CheckJNI is ON
D/AndroidRuntime( 2820): Calling main entry com.android.commands.am.Am
I/ActivityManager(   85): START {act=android.intent.action.MAIN flg=0x10000000 cmp=com.rhomobile.macotec/com.rhomobile.rhodes.RhodesActivity} from pid 2820
W/WindowManager(   85): Failure taking screenshot for (180x273) to layer 21005
D/AndroidRuntime( 2820): Shutting down VM
I/AndroidRuntime( 2820): NOTE: attach of thread 'Binder Thread #3' failed
D/dalvikvm( 2820): GC_CONCURRENT freed 97K, 77% free 480K/2048K, paused 1ms+1ms
I/ActivityManager(   85): Start proc com.rhomobile.macotec for activity com.rhomobile.macotec/com.rhomobile.rhodes.RhodesActivity: pid=2830 uid=10040 gids={3003}
I/dalvikvm( 2830): Turning on JNI app bug workarounds for target SDK version 4...
D/dalvikvm(   37): GC_EXPLICIT freed 36K, 4% free 9032K/9347K, paused 3ms+36ms
W/NetworkManagementSocketTagger(   85): setKernelCountSet(10040, 1) failed with errno -2
D/dalvikvm(   37): GC_EXPLICIT freed <1K, 4% free 9032K/9347K, paused 2ms+3ms
I/Process (   85): Sending signal. PID: 2830 SIG: 3
I/dalvikvm( 2830): threadid=3: reacting to signal 3
I/dalvikvm( 2830): Wrote stack traces to '/data/anr/traces.txt'
D/dalvikvm( 2830): Trying to load lib /data/data/com.rhomobile.macotec/lib/librhodes.so 0x412a6350
D/dalvikvm(   37): GC_EXPLICIT freed <1K, 4% free 9032K/9347K, paused 3ms+3ms
D/dalvikvm( 2830): Added shared lib /data/data/com.rhomobile.macotec/lib/librhodes.so 0x412a6350
D/dalvikvm( 2830): Trying to load lib /data/data/com.rhomobile.macotec/lib/librhodes.so 0x412a6350
D/dalvikvm( 2830): Shared lib '/data/data/com.rhomobile.macotec/lib/librhodes.so' already loaded in same CL 0x412a6350
I/ActivityThread( 2830): Pub com.rhomobile.macotec: com.rhomobile.rhodes.LocalFileProvider
I/RhodesApplication( 2830): Initializing...
I/Process (   85): Sending signal. PID: 2830 SIG: 3
I/dalvikvm( 2830): threadid=3: reacting to signal 3
I/dalvikvm( 2830): Wrote stack traces to '/data/anr/traces.txt'
D/RhoFileApi( 2830): App root path: /data/data/com.rhomobile.macotec/rhodata/
D/RhoFileApi( 2830): Sqlite journals path: /data/data/com.rhomobile.macotec/sqlite_stmt_journals/
D/RhoFileApi( 2830): Shared path: /data/data/com.rhomobile.macotec/rhodata/
D/RhodesApplication( 2830): Root path: /data/data/com.rhomobile.macotec/rhodata/
I/RhodesApplication( 2830): Application hash was changed
D/RhoFileApi( 2830): Copy hash to FS
D/RhoFileApi( 2830): File hash copied
D/RhoFileApi( 2830): Copy rho.dat to FS
D/RhoFileApi( 2830): File rho.dat copied
D/RhoFileApi( 2830): Copy apps/rhoconfig.txt to FS
D/RhoFileApi( 2830): File apps/rhoconfig.txt copied
I/RhoFileApi( 2830): Opening stat table from FS: /data/data/com.rhomobile.macotec/rhodata/rho.dat
D/RhoFileApi( 2830): Copy apps/rhoconfig.txt to FS
D/RhoFileApi( 2830): File apps/rhoconfig.txt copied
D/RhoFileApi( 2830): App root path: /data/data/com.rhomobile.macotec/rhodata/
D/RhoFileApi( 2830): Sqlite journals path: /data/data/com.rhomobile.macotec/sqlite_stmt_journals/
D/RhoFileApi( 2830): Shared path: /data/data/com.rhomobile.macotec/rhodata/
I/Process (   85): Sending signal. PID: 2830 SIG: 3
I/dalvikvm( 2830): threadid=3: reacting to signal 3
I/APP     ( 2830): I 02/13/2013 12:11:01:895 00000b0e    RhodesApplication| Initialized
I/dalvikvm( 2830): Wrote stack traces to '/data/anr/traces.txt'
I/APP     ( 2830): I 02/13/2013 12:11:02:001 00000b0e         BaseActivity| New screen properties - width: 480, height: 728, orientation: 1
I/APP     ( 2830): I 02/13/2013 12:11:02:158 00000b0e         SplashScreen| Looking for start page source
D/dalvikvm( 2830): GC_CONCURRENT freed 313K, 4% free 9224K/9607K, paused 5ms+5ms
I/Process (   85): Sending signal. PID: 2830 SIG: 3
I/dalvikvm( 2830): threadid=3: reacting to signal 3
I/dalvikvm( 2830): Wrote stack traces to '/data/anr/traces.txt'
D/dalvikvm( 2830): GC_FOR_ALLOC freed 7K, 5% free 9221K/9607K, paused 62ms
I/dalvikvm-heap( 2830): Grow heap (frag case) to 12.140MB for 3217300-byte allocation
D/dalvikvm( 2830): GC_FOR_ALLOC freed <1K, 4% free 12362K/12807K, paused 166ms
I/Process (   85): Sending signal. PID: 2830 SIG: 3
I/dalvikvm( 2830): threadid=3: reacting to signal 3
I/dalvikvm( 2830): Wrote stack traces to '/data/anr/traces.txt'
I/Process (   85): Sending signal. PID: 2830 SIG: 3
I/dalvikvm( 2830): threadid=3: reacting to signal 3
I/Process (   85): Sending signal. PID: 2830 SIG: 3
I/dalvikvm( 2830): Wrote stack traces to '/data/anr/traces.txt'
I/Process (   85): Sending signal. PID: 2830 SIG: 3
I/dalvikvm( 2830): threadid=3: reacting to signal 3
I/Process (   85): Sending signal. PID: 2830 SIG: 3
D/dalvikvm( 2830): GC_CONCURRENT freed 1K, 4% free 12368K/12807K, paused 83ms+183ms
I/dalvikvm( 2830): Wrote stack traces to '/data/anr/traces.txt'
I/dalvikvm( 2830): threadid=3: reacting to signal 3
I/Process (   85): Sending signal. PID: 2830 SIG: 3
I/dalvikvm( 2830): Wrote stack traces to '/data/anr/traces.txt'
I/dalvikvm( 2830): threadid=3: reacting to signal 3
I/Process (   85): Sending signal. PID: 2830 SIG: 3
I/dalvikvm( 2830): Wrote stack traces to '/data/anr/traces.txt'
I/dalvikvm( 2830): threadid=3: reacting to signal 3
I/Process (   85): Sending signal. PID: 2830 SIG: 3
I/dalvikvm( 2830): Wrote stack traces to '/data/anr/traces.txt'
I/dalvikvm( 2830): threadid=3: reacting to signal 3
I/dalvikvm( 2830): Wrote stack traces to '/data/anr/traces.txt'
I/Process (   85): Sending signal. PID: 2830 SIG: 3
I/dalvikvm( 2830): threadid=3: reacting to signal 3
I/dalvikvm( 2830): Wrote stack traces to '/data/anr/traces.txt'
I/APP     ( 2830): I 02/13/2013 12:11:08:009 00000b0e         SplashScreen| Done
I/APP     ( 2830): I 02/13/2013 12:11:08:014 00000b0e    RhodesApplication| New UiState: MainActivityCreated
I/APP     ( 2830): I 02/13/2013 12:11:08:053 00000b0e       RhodesActivity| onStart
I/APP     ( 2830): I 02/13/2013 12:11:08:057 00000b0e    RhodesApplication| New UiState: MainActivityStarted
I/APP     ( 2830): I 02/13/2013 12:11:08:094 00000b0e       RhodesActivity| onResume
I/APP     ( 2830): I 02/13/2013 12:11:08:100 00000b0e AndroidFunctionality| Resume WebView
I/APP     ( 2830): I 02/13/2013 12:11:08:160 00000b0e        RhodesService| onCreate
I/APP     ( 2830): I 02/13/2013 12:11:08:164 00000b0e    LocalFileProvider| Revoke URI permissions: content:///com.rhomobile.macotec
W/ActivityManager(   85): No content provider found for permission revoke: content:///com.rhomobile.macotec
I/APP     ( 2830): I 02/13/2013 12:11:08:206 00000b0e               Rhodes| Loading...
I/APP     ( 2830): I 02/13/2013 12:11:08:236 00000b0e            RhodesApp| Trying to get free listening port.
I/APP     ( 2830): I 02/13/2013 12:11:08:240 00000b0e            RhodesApp| Trying to bind of 8080 port...
I/APP     ( 2830): I 02/13/2013 12:11:08:270 00000b0e            RhodesApp| Got port to bind on: 8080
I/APP     ( 2830): I 02/13/2013 12:11:08:273 00000b0e            RhodesApp| Free listening port: 8080
I/APP     ( 2830): I 02/13/2013 12:11:08:300 00000b23         AppCallbacks| Starting main routine...
I/APP     ( 2830): I 02/13/2013 12:11:08:303 00000b23         AppCallbacks| ThreadQueue blocked for 4294967295 seconds...
I/Process (   85): Sending signal. PID: 2830 SIG: 3
I/dalvikvm( 2830): threadid=3: reacting to signal 3
I/dalvikvm( 2830): Wrote stack traces to '/data/anr/traces.txt'
I/APP     ( 2830): I 02/13/2013 12:11:08:457 00000b0e        RhodesService| Push is disabled
I/APP     ( 2830): I 02/13/2013 12:11:08:461 00000b0e            RhodesApp| callAppActiveCallback
I/APP     ( 2830): I 02/13/2013 12:11:08:484 00000b0e         AppCallbacks| addCommand: APP-ACTIVATED
I/APP     ( 2830): I 02/13/2013 12:11:08:501 00000b23         AppCallbacks| Received command APP-ACTIVATED which is greater than expected (LOCAL-SERVER-STARTED) - postpone it
I/APP     ( 2830): I 02/13/2013 12:11:08:502 00000b23         AppCallbacks| ThreadQueue blocked for 4294967295 seconds...
I/APP     ( 2830): I 02/13/2013 12:11:08:521 00000b0e         AppActivated| Cannot commit now, application will be activated when started.
I/APP     ( 2830): I 02/13/2013 12:11:08:525 00000b0e    RhodesApplication| New AppState: Undefined
D/RhodesService( 2830): +++ onStartCommand
I/RhodesService( 2830): handleCommand: startId=1, source=com.rhomobile.rhodes.BaseActivity
I/APP     ( 2830): I 02/13/2013 12:11:08:542 00000b25            RhodesApp| Starting RhodesApp main routine...
D/RhodesService( 2830): New activity was created
I/APP     ( 2830): I 02/13/2013 12:11:08:602 00000b0e        RhodesService| onBind
I/APP     ( 2830): I 02/13/2013 12:11:08:643 00000b0e         AppCallbacks| addCommand: UI-CREATED
I/APP     ( 2830): I 02/13/2013 12:11:08:692 00000b23         AppCallbacks| Received command UI-CREATED which is greater than expected (LOCAL-SERVER-STARTED) - postpone it
I/APP     ( 2830): I 02/13/2013 12:11:08:693 00000b23         AppCallbacks| ThreadQueue blocked for 4294967295 seconds...
V/PhoneStatusBar(  145): setLightsOn(true)
I/Process (   85): Sending signal. PID: 2830 SIG: 3
I/dalvikvm( 2830): threadid=3: reacting to signal 3
I/APP     ( 2830): I 02/13/2013 12:11:08:908 00000b0e       RhodesActivity| onServiceConnected: {com.rhomobile.macotec/com.rhomobile.rhodes.RhodesService}
I/dalvikvm( 2830): Wrote stack traces to '/data/anr/traces.txt'
I/APP     ( 2830): I 02/13/2013 12:11:08:949 00000b0e       RhodesActivity| New start parameters: 
I/APP     ( 2830): I 02/13/2013 12:11:08:953 00000b0e            RhodesApp| New start params: 
D/gralloc_goldfish( 2830): Emulator without GPU emulation detected.
I/ActivityManager(   85): Displayed com.rhomobile.macotec/com.rhomobile.rhodes.RhodesActivity: +9s619ms
W/ActivityManager(   85): Launch timeout has expired, giving up wake lock!
I/APP     ( 2830): I 02/13/2013 12:11:09:739 00000b25              RhoRuby| Init_RhoBlobs: /data/data/com.rhomobile.macotec/rhodata/db/db-files
I/APP     ( 2830): I 02/13/2013 12:11:09:801 00000b25              RhoRuby| require_compiled: rhoframework
I/APP     ( 2830): I 02/13/2013 12:11:09:860 00000b25              RhoRuby| require_compiled: rational
I/APP     ( 2830): I 02/13/2013 12:11:09:896 00000b25              RhoRuby| require_compiled: rhom/rhom_db_adapter
I/APP     ( 2830): I 02/13/2013 12:11:10:018 00000b25              RhoRuby| require_compiled: rhodes
I/APP     ( 2830): I 02/13/2013 12:11:10:102 00000b25              RhoRuby| require_compiled: rhom/rhom_object
I/APP     ( 2830): I 02/13/2013 12:11:10:158 00000b25              RhoRuby| require_compiled: rhofsconnector
I/APP     ( 2830): I 02/13/2013 12:11:10:164 00000b25              RhoRuby| require_compiled: rho/rhofsconnector
I/APP     ( 2830): I 02/13/2013 12:11:10:271 00000b25              RhoRuby| require_compiled: rhom/rhom_object_factory
W/NetworkManagementSocketTagger(   85): setKernelCountSet(10009, 0) failed with errno -2
I/APP     ( 2830): I 02/13/2013 12:11:10:583 00000b25              RhoRuby| require_compiled: rhom/rhom
I/APP     ( 2830): I 02/13/2013 12:11:10:645 00000b25              RhoRuby| require_compiled: rhom/rhom_model
I/APP     ( 2830): I 02/13/2013 12:11:10:694 00000b25              RhoRuby| require_compiled: rhom
I/APP     ( 2830): I 02/13/2013 12:11:10:731 00000b25              RhoRuby| require_compiled: rho/rhoapplication
I/APP     ( 2830): I 02/13/2013 12:11:10:787 00000b25              RhoRuby| require_compiled: rholang/localization_simplified
I/APP     ( 2830): I 02/13/2013 12:11:10:842 00000b25              RhoRuby| require_compiled: rho/rhomsg
I/APP     ( 2830): I 02/13/2013 12:11:10:879 00000b25              RhoRuby| require_compiled: rho/rhotabbar
I/APP     ( 2830): I 02/13/2013 12:11:10:920 00000b25              RhoRuby| require_compiled: rho/rhotoolbar
I/APP     ( 2830): I 02/13/2013 12:11:10:947 00000b25                  APP| Current locale: ; Country code: 
I/APP     ( 2830): I 02/13/2013 12:11:10:977 00000b25                  APP| Locilized file: /data/data/com.rhomobile.macotec/rhodata/lib/rholang/lang_
I/APP     ( 2830): I 02/13/2013 12:11:10:999 00000b25              RhoRuby| require_compiled: /data/data/com.rhomobile.macotec/rhodata/lib/rholang/lang_en
I/APP     ( 2830): I 02/13/2013 12:11:11:042 00000b25                  APP| Locilized file: /data/data/com.rhomobile.macotec/rhodata/apps/app/lang/lang_
I/APP     ( 2830): I 02/13/2013 12:11:11:062 00000b25                  APP| Locilized file: /data/data/com.rhomobile.macotec/rhodata/lib/rholang/rhoerror_
I/APP     ( 2830): I 02/13/2013 12:11:11:080 00000b25              RhoRuby| require_compiled: /data/data/com.rhomobile.macotec/rhodata/lib/rholang/rhoerror_en
I/APP     ( 2830): I 02/13/2013 12:11:11:114 00000b25                  APP| Locilized file: /data/data/com.rhomobile.macotec/rhodata/lib/rholang/rhomsg_
I/APP     ( 2830): I 02/13/2013 12:11:11:139 00000b25              RhoRuby| require_compiled: /data/data/com.rhomobile.macotec/rhodata/lib/rholang/rhomsg_en
I/APP     ( 2830): I 02/13/2013 12:11:11:172 00000b25              RhoRuby| require_compiled: indifferent_access
I/APP     ( 2830): I 02/13/2013 12:11:11:251 00000b25              RhoRuby| require_compiled: rho/rhosupport
I/APP     ( 2830): I 02/13/2013 12:11:11:310 00000b25              RhoRuby| require_compiled: rho/rhocontroller
I/APP     ( 2830): I 02/13/2013 12:11:11:359 00000b25              RhoRuby| require_compiled: rho/render
I/APP     ( 2830): I 02/13/2013 12:11:11:430 00000b25              RhoRuby| require_compiled: rho/rho
I/APP     ( 2830): I 02/13/2013 12:11:11:613 00000b25              RhoRuby| require_compiled: rho/rhoerror
I/APP     ( 2830): I 02/13/2013 12:11:11:648 00000b25              RhoRuby| require_compiled: rhom/rhom_source
I/APP     ( 2830): I 02/13/2013 12:11:11:704 00000b25              RhoRuby| require_compiled: rho/rhoviewhelpers
I/APP     ( 2830): I 02/13/2013 12:11:11:751 00000b25              RhoRuby| require_compiled: rho
I/APP     ( 2830): I 02/13/2013 12:11:11:788 00000b25                  APP| RHO loaded
I/APP     ( 2830): I 02/13/2013 12:11:11:792 00000b25                  APP| Calling RHO.initialize
I/APP     ( 2830): I 02/13/2013 12:11:11:830 00000b25                  APP| model file: Settings/settings
I/APP     ( 2830): I 02/13/2013 12:11:11:835 00000b25                  APP| model file: Product/product
I/APP     ( 2830): I 02/13/2013 12:11:11:873 00000b25                  APP| model file: Request/request
I/APP     ( 2830): I 02/13/2013 12:11:11:899 00000b25                   DB| Open DB: /data/data/com.rhomobile.macotec/rhodata/db/syncdbuser.sqlite
I/APP     ( 2830): I 02/13/2013 12:11:11:943 00000b25          GeoLocation| Creating singleton instance.
I/APP     ( 2830): I 02/13/2013 12:11:11:947 00000b25            RhodesApp| Starting sync engine...
I/APP     ( 2830): I 02/13/2013 12:11:11:979 00000b25                 Sync| sync_poll_interval: 0
I/APP     ( 2830): I 02/13/2013 12:11:11:982 00000b25                 Sync| syncserver: 
I/APP     ( 2830): I 02/13/2013 12:11:12:001 00000b25                 Sync| bulksync_state: 0
I/APP     ( 2830): I 02/13/2013 12:11:12:005 00000b25            RhodesApp| RhoRubyInitApp...
I/APP     ( 2830): I 02/13/2013 12:11:12:030 00000b25                  APP| init_app
I/APP     ( 2830): I 02/13/2013 12:11:12:034 00000b25              RhoRuby| require_compiled: application
I/APP     ( 2830): I 02/13/2013 12:11:12:062 00000b25                 Sync| Set notification. Source ID: -1;Url :http://localhost:8080/app/Settings/sync_notify; Params: 
I/APP     ( 2830): I 02/13/2013 12:11:12:094 00000b25           HttpServer| Start HTTP server
I/APP     ( 2830): I 02/13/2013 12:11:12:098 00000b25           HttpServer| Listen for connections on port 8080
I/APP     ( 2830): I 02/13/2013 12:11:12:118 00000b25         AppCallbacks| addCommand: LOCAL-SERVER-STARTED
I/APP     ( 2830): I 02/13/2013 12:11:12:125 00000b23         AppCallbacks| process command: LOCAL-SERVER-STARTED
I/APP     ( 2830): I 02/13/2013 12:11:12:126 00000b23 RhodesAppActiveObserver| Ready
I/APP     ( 2830): I 02/13/2013 12:11:12:131 00000b0e AndroidFunctionality| Disable WebView zoom
I/APP     ( 2830): I 02/13/2013 12:11:12:132 00000b0e AndroidFunctionality| Set web plugins state 'OFF'
I/APP     ( 2830): I 02/13/2013 12:11:12:177 00000b23    RhodesApplication| New AppState: AppActivated
I/APP     ( 2830): I 02/13/2013 12:11:12:192 00000b23         AppCallbacks| process command: UI-CREATED
I/APP     ( 2830): I 02/13/2013 12:11:12:270 00000b25           HttpServer| Process URI: '/system/uicreated'
I/APP     ( 2830): I 02/13/2013 12:11:12:276 00000b25                  APP| on_ui_created.navigate to start url: '/app'
I/APP     ( 2830): I 02/13/2013 12:11:12:295 00000b0e         SplashScreen| navigate: url=http://localhost:8080/app
I/APP     ( 2830): I 02/13/2013 12:11:12:297 00000b0e         SplashScreen| DELAY for SplashScreen = 0
I/APP     ( 2830): I 02/13/2013 12:11:12:349 00000b0e        GoogleWebView| Creating new RhoWebChromeClient
I/APP     ( 2830): I 02/13/2013 12:11:12:355 00000b0e       SimpleMainView| Cleared URL: http://localhost:8080/app
I/APP     ( 2830): I 02/13/2013 12:11:12:389 00000b23         AppCallbacks| process command: APP-ACTIVATED
I/APP     ( 2830): I 02/13/2013 12:11:12:444 00000b25           HttpServer| Process URI: '/system/activateapp'
V/SimpleMainView.View( 2830): ms[1360753872450]  Main Window :: onSizeChanged() old [ 480 x 652 ]  new [ 0 x 0 ]
I/APP     ( 2830): I 02/13/2013 12:11:12:469 00000b23         AppCallbacks| ThreadQueue blocked for 4294967295 seconds...
I/APP     ( 2830): I 02/13/2013 12:11:12:538 00000b0e        GoogleWebView| Setting RhoWebChromeClient
I/APP     ( 2830): I 02/13/2013 12:11:12:716 00000b25           HttpServer| Process URI: '/app'
I/APP     ( 2830): I 02/13/2013 12:11:12:753 00000b0e     RhoWebViewClient| Loading URL: http://localhost:8080/app/index_erb.iseq
I/APP     ( 2830): I 02/13/2013 12:11:12:809 00000b25           HttpServer| Process URI: '/app/index_erb.iseq'
I/APP     ( 2830): I 02/13/2013 12:11:12:814 00000b25                  APP| RHO serve_index: /app/index_erb.iseq
I/APP     ( 2830): I 02/13/2013 12:11:12:818 00000b25 RHO Rho::RhoController| inst_render_index
I/APP     ( 2830): I 02/13/2013 12:11:12:901 00000b25 RHO Rho::RhoController| index layout
I/APP     ( 2830): I 02/13/2013 12:11:12:990 00000b25           HttpServer| GC Start.
I/APP     ( 2830): I 02/13/2013 12:11:13:080 00000b25           HttpServer| GC End.
I/APP     ( 2830): I 02/13/2013 12:11:13:242 00000b25           HttpServer| Process URI: '/public/js/request.js'
I/APP     ( 2830): I 02/13/2013 12:11:13:369 00000b25           HttpServer| Process URI: '/public/jquery/jquery-1.6.4.min.js'
I/APP     ( 2830): I 02/13/2013 12:11:13:456 00000b25           HttpServer| Process URI: '/public/jquery/jquery.json-2.3.min.js'
I/APP     ( 2830): I 02/13/2013 12:11:13:530 00000b25           HttpServer| Process URI: '/public/jqmobile/jquery.mobile-1.0.1.min.css'
I/APP     ( 2830): I 02/13/2013 12:11:13:647 00000b25           HttpServer| Process URI: '/public/css/jqmobile-patch.css'
I/APP     ( 2830): I 02/13/2013 12:11:13:712 00000b25           HttpServer| Process URI: '/public/jqmobile/jquery.mobile-1.0.1.min.js'
I/APP     ( 2830): I 02/13/2013 12:11:13:902 00000b25           HttpServer| Process URI: '/public/js/jqmobile-patch.js'
I/APP     ( 2830): I 02/13/2013 12:11:13:964 00000b25           HttpServer| Process URI: '/public/css/macotec_style.css'
I/APP     ( 2830): I 02/13/2013 12:11:16:959 00000b25           HttpServer| Process URI: '/public/images/macotec/logo.png'
I/APP     ( 2830): I 02/13/2013 12:11:17:568 00000b25           HttpServer| Process URI: '/public/images/macotec/request_top.png'
I/APP     ( 2830): I 02/13/2013 12:11:18:772 00000b25           HttpServer| Process URI: '/public/images/macotec/contact_png.png'
I/APP     ( 2830): I 02/13/2013 12:11:18:808 00000b25           HttpServer| Process URI: '/public/images/macotec/products_png.png'
I/APP     ( 2830): I 02/13/2013 12:11:18:838 00000b25           HttpServer| Process URI: '/public/images/macotec/info_png.png'
I/APP     ( 2830): I 02/13/2013 12:11:32:144 00000b25           HttpServer| Process URI: '/app/index_erb.iseq'
I/APP     ( 2830): I 02/13/2013 12:11:32:147 00000b25                  APP| RHO serve_index: /app/index_erb.iseq
I/APP     ( 2830): I 02/13/2013 12:11:32:149 00000b25 RHO Rho::RhoController| inst_render_index
I/APP     ( 2830): I 02/13/2013 12:11:32:223 00000b25 RHO Rho::RhoController| index layout
