F/BatteryStatsImpl(   77): 	at com.android.internal.os.BatteryStatsImpl.getNetworkStatsDetailGroupedByUid(BatteryStatsImpl.java:5734)
F/BatteryStatsImpl(   77): 	at com.android.internal.os.BatteryStatsImpl.access$100(BatteryStatsImpl.java:76)
F/BatteryStatsImpl(   77): 	at com.android.internal.os.BatteryStatsImpl$Uid.computeCurrentTcpBytesReceived(BatteryStatsImpl.java:2457)
F/BatteryStatsImpl(   77): 	at com.android.internal.os.BatteryStatsImpl$Uid.getTcpBytesReceived(BatteryStatsImpl.java:2446)
F/BatteryStatsImpl(   77): 	at com.android.internal.os.BatteryStatsImpl.writeSummaryToParcel(BatteryStatsImpl.java:5437)
F/BatteryStatsImpl(   77): 	at com.android.internal.os.BatteryStatsImpl.writeLocked(BatteryStatsImpl.java:4836)
F/BatteryStatsImpl(   77): 	at com.android.internal.os.BatteryStatsImpl.writeAsyncLocked(BatteryStatsImpl.java:4818)
F/BatteryStatsImpl(   77): 	at com.android.server.am.ActivityManagerService.updateCpuStatsNow(ActivityManagerService.java:1652)
F/BatteryStatsImpl(   77): 	at com.android.server.am.ActivityManagerService$3.run(ActivityManagerService.java:1534)
F/BatteryStatsImpl(   77): Caused by: java.io.FileNotFoundException: /proc/net/xt_qtaguid/stats: open failed: ENOENT (No such file or directory)
F/BatteryStatsImpl(   77): 	at libcore.io.IoBridge.open(IoBridge.java:406)
F/BatteryStatsImpl(   77): 	at java.io.FileInputStream.<init>(FileInputStream.java:78)
F/BatteryStatsImpl(   77): 	at com.android.internal.net.NetworkStatsFactory.readNetworkStatsDetail(NetworkStatsFactory.java:269)
F/BatteryStatsImpl(   77): 	... 10 more
F/BatteryStatsImpl(   77): Caused by: libcore.io.ErrnoException: open failed: ENOENT (No such file or directory)
F/BatteryStatsImpl(   77): 	at libcore.io.Posix.open(Native Method)
F/BatteryStatsImpl(   77): 	at libcore.io.BlockGuardOs.open(BlockGuardOs.java:110)
F/BatteryStatsImpl(   77): 	at libcore.io.IoBridge.open(IoBridge.java:390)
F/BatteryStatsImpl(   77): 	... 12 more
I/APP     ( 1280): I 03/05/2013 14:42:40:915 00000516           HttpServer| Process URI: '/app/Product/sub_categories'
I/APP     ( 1280): I 03/05/2013 14:42:40:919 00000516                  APP| RHO serve: /app/Product/sub_categories
I/APP     ( 1280): I 03/05/2013 14:42:40:938 00000516                  APP| Params: {"product"=>"lagertechnik"}
I/APP     ( 1280): I 03/05/2013 14:42:41:017 00000516           HttpServer| GC Start.
I/APP     ( 1280): I 03/05/2013 14:42:41:052 00000516           HttpServer| GC End.
I/APP     ( 1280): I 03/05/2013 14:43:50:069 00000516           HttpServer| Process URI: '/app/Product'
I/APP     ( 1280): I 03/05/2013 14:43:50:071 00000516                  APP| RHO serve: /app/Product
I/APP     ( 1280): I 03/05/2013 14:43:50:144 00000516           HttpServer| GC Start.
I/APP     ( 1280): I 03/05/2013 14:43:50:189 00000516           HttpServer| GC End.
I/APP     ( 1280): I 03/05/2013 14:44:05:464 00000516           HttpServer| Process URI: '/app/Product/sub_categories'
I/APP     ( 1280): I 03/05/2013 14:44:05:466 00000516                  APP| RHO serve: /app/Product/sub_categories
I/APP     ( 1280): I 03/05/2013 14:44:05:487 00000516                  APP| Params: {"product"=>"container"}
I/APP     ( 1280): I 03/05/2013 14:44:05:564 00000516           HttpServer| GC Start.
I/APP     ( 1280): I 03/05/2013 14:44:05:645 00000516           HttpServer| GC End.
W/ThrottleService(   77): unable to find stats for iface rmnet0
I/APP     ( 1280): I 03/05/2013 14:45:10:538 00000516           HttpServer| Process URI: '/app/Product'
I/APP     ( 1280): I 03/05/2013 14:45:10:540 00000516                  APP| RHO serve: /app/Product
I/APP     ( 1280): I 03/05/2013 14:45:10:615 00000516           HttpServer| GC Start.
I/APP     ( 1280): I 03/05/2013 14:45:10:652 00000516           HttpServer| GC End.
I/APP     ( 1280): I 03/05/2013 14:45:12:973 00000516           HttpServer| Process URI: '/app/Product/sub_categories'
I/APP     ( 1280): I 03/05/2013 14:45:12:975 00000516                  APP| RHO serve: /app/Product/sub_categories
I/APP     ( 1280): I 03/05/2013 14:45:12:996 00000516                  APP| Params: {"product"=>"sonstige_baumaschinen"}
I/APP     ( 1280): I 03/05/2013 14:45:13:074 00000516           HttpServer| GC Start.
I/APP     ( 1280): I 03/05/2013 14:45:13:122 00000516           HttpServer| GC End.
V/BackupManagerService(   77): Running a backup pass
V/BackupManagerService(   77): Backup requested but nothing pending
I/APP     ( 1280): I 03/05/2013 14:47:57:174 00000516           HttpServer| Process URI: '/app/Product'
I/APP     ( 1280): I 03/05/2013 14:47:57:176 00000516                  APP| RHO serve: /app/Product
I/APP     ( 1280): I 03/05/2013 14:47:57:254 00000516           HttpServer| GC Start.
I/APP     ( 1280): I 03/05/2013 14:47:57:299 00000516           HttpServer| GC End.
I/APP     ( 1280): I 03/05/2013 14:48:04:747 00000516           HttpServer| Process URI: '/app/Product/sub_categories'
I/APP     ( 1280): I 03/05/2013 14:48:04:749 00000516                  APP| RHO serve: /app/Product/sub_categories
I/APP     ( 1280): I 03/05/2013 14:48:04:751 00000516                  APP| Params: {"product"=>"arbeitsbuehnen"}
I/APP     ( 1280): I 03/05/2013 14:48:04:853 00000516           HttpServer| GC Start.
I/APP     ( 1280): I 03/05/2013 14:48:04:900 00000516           HttpServer| GC End.
D/dalvikvm(  179): GC_CONCURRENT freed 384K, 6% free 9533K/10119K, paused 5ms+4ms
D/dalvikvm(   77): GC_CONCURRENT freed 446K, 13% free 11238K/12871K, paused 19ms+8ms
I/APP     ( 1280): I 03/05/2013 14:51:39:055 00000516           HttpServer| Process URI: '/app/Product/product_details'
I/APP     ( 1280): I 03/05/2013 14:51:39:057 00000516                  APP| RHO serve: /app/Product/product_details
I/APP     ( 1280): I 03/05/2013 14:51:39:060 00000516                  APP| Params: {"product"=>"scherenbuehnen", "category"=>"arbeitsbuehnen"}
I/APP     ( 1280): I 03/05/2013 14:51:39:146 00000516           HttpServer| GC Start.
I/APP     ( 1280): I 03/05/2013 14:51:39:191 00000516           HttpServer| GC End.
W/ThrottleService(   77): unable to find stats for iface rmnet0
D/dalvikvm(  179): GC_CONCURRENT freed 385K, 6% free 9533K/10119K, paused 4ms+5ms
F/NetworkStats(   77): problem reading network stats
F/NetworkStats(   77): java.lang.IllegalStateException: problem parsing idx 1
F/NetworkStats(   77): 	at com.android.internal.net.NetworkStatsFactory.readNetworkStatsDetail(NetworkStatsFactory.java:300)
F/NetworkStats(   77): 	at com.android.server.NetworkManagementService.getNetworkStatsUidDetail(NetworkManagementService.java:1282)
F/NetworkStats(   77): 	at com.android.server.net.NetworkStatsService.performPollLocked(NetworkStatsService.java:831)
F/NetworkStats(   77): 	at com.android.server.net.NetworkStatsService.performPoll(NetworkStatsService.java:799)
F/NetworkStats(   77): 	at com.android.server.net.NetworkStatsService.access$100(NetworkStatsService.java:128)
F/NetworkStats(   77): 	at com.android.server.net.NetworkStatsService$3.onReceive(NetworkStatsService.java:633)
F/NetworkStats(   77): 	at android.app.LoadedApk$ReceiverDispatcher$Args.run(LoadedApk.java:728)
F/NetworkStats(   77): 	at android.os.Handler.handleCallback(Handler.java:605)
F/NetworkStats(   77): 	at android.os.Handler.dispatchMessage(Handler.java:92)
F/NetworkStats(   77): 	at android.os.Looper.loop(Looper.java:137)
F/NetworkStats(   77): 	at android.os.HandlerThread.run(HandlerThread.java:60)
F/NetworkStats(   77): Caused by: java.io.FileNotFoundException: /proc/net/xt_qtaguid/stats: open failed: ENOENT (No such file or directory)
F/NetworkStats(   77): 	at libcore.io.IoBridge.open(IoBridge.java:406)
F/NetworkStats(   77): 	at java.io.FileInputStream.<init>(FileInputStream.java:78)
F/NetworkStats(   77): 	at com.android.internal.net.NetworkStatsFactory.readNetworkStatsDetail(NetworkStatsFactory.java:269)
F/NetworkStats(   77): 	... 10 more
F/NetworkStats(   77): Caused by: libcore.io.ErrnoException: open failed: ENOENT (No such file or directory)
F/NetworkStats(   77): 	at libcore.io.Posix.open(Native Method)
F/NetworkStats(   77): 	at libcore.io.BlockGuardOs.open(BlockGuardOs.java:110)
F/NetworkStats(   77): 	at libcore.io.IoBridge.open(IoBridge.java:390)
F/NetworkStats(   77): 	... 12 more
D/dalvikvm(  179): GC_CONCURRENT freed 384K, 6% free 9533K/10119K, paused 5ms+4ms
D/dalvikvm(   77): GC_CONCURRENT freed 419K, 13% free 11247K/12871K, paused 5ms+7ms
I/APP     ( 1280): I 03/05/2013 15:03:56:881 00000516           HttpServer| Process URI: '/app/Product/sub_categories'
I/APP     ( 1280): I 03/05/2013 15:03:56:883 00000516                  APP| RHO serve: /app/Product/sub_categories
I/APP     ( 1280): I 03/05/2013 15:03:56:899 00000516                  APP| Params: {"product"=>"arbeitsbuehnen"}
I/APP     ( 1280): I 03/05/2013 15:03:56:981 00000516           HttpServer| GC Start.
I/APP     ( 1280): I 03/05/2013 15:03:57:049 00000516           HttpServer| GC End.
W/ThrottleService(   77): unable to find stats for iface rmnet0
D/dalvikvm(  134): GC_CONCURRENT freed 396K, 30% free 9814K/13959K, paused 4ms+6ms
