I/APP     ( 2443): I 03/18/2013 17:33:28:206 000009a2                  APP| RHO serve: /app/Product/sub_categories
I/APP     ( 2443): I 03/18/2013 17:33:28:450 000009a2 RHO ProductController| Layout file: /data/data/com.rhomobile.macotec/rhodata/apps/app/layout_erb.iseq. Content size: 3083
I/APP     ( 2443): I 03/18/2013 17:33:28:557 000009a2           HttpServer| GC Start.
I/APP     ( 2443): I 03/18/2013 17:33:28:828 000009a2           HttpServer| GC End.
I/APP     ( 2443): E 03/18/2013 17:33:39:911 000009a2           HttpServer| Connection gracefully closed before we send any data
I/APP     ( 2443): E 03/18/2013 17:33:39:929 000009a2           HttpServer| Parsing error
I/APP     ( 2443): E 03/18/2013 17:33:39:932 000009a2           HttpServer| Connection gracefully closed before we send any data
I/APP     ( 2443): E 03/18/2013 17:33:39:954 000009a2           HttpServer| Parsing error
I/APP     ( 2443): E 03/18/2013 17:33:39:966 000009a2           HttpServer| Connection gracefully closed before we send any data
I/APP     ( 2443): E 03/18/2013 17:33:39:969 000009a2           HttpServer| Parsing error
I/APP     ( 2443): E 03/18/2013 17:33:39:982 000009a2           HttpServer| Connection gracefully closed before we send any data
I/APP     ( 2443): E 03/18/2013 17:33:39:986 000009a2           HttpServer| Parsing error
I/APP     ( 2443): E 03/18/2013 17:33:40:009 000009a2           HttpServer| Connection gracefully closed before we send any data
I/APP     ( 2443): E 03/18/2013 17:33:40:013 000009a2           HttpServer| Parsing error
I/APP     ( 2443): I 03/18/2013 17:33:45:298 000009a2           HttpServer| Process URI: '/app/index_erb.iseq'
I/APP     ( 2443): I 03/18/2013 17:33:45:300 000009a2                  APP| RHO serve_index: /app/index_erb.iseq
I/APP     ( 2443): I 03/18/2013 17:33:45:301 000009a2 RHO Rho::RhoController| inst_render_index
I/APP     ( 2443): I 03/18/2013 17:33:45:406 000009a2           HttpServer| GC Start.
I/APP     ( 2443): I 03/18/2013 17:33:45:466 000009a2           HttpServer| GC End.
I/APP     ( 2443): I 03/18/2013 17:33:45:514 000009a2           HttpServer| Process URI: '/favicon.ico'
I/APP     ( 2443): E 03/18/2013 17:33:45:535 000009a2           HttpServer| The file /favicon.ico was not found
W/ThrottleService(   81): unable to find stats for iface rmnet0
D/dalvikvm(  183): GC_CONCURRENT freed 384K, 6% free 9533K/10119K, paused 4ms+4ms
I/APP     ( 2443): I 03/18/2013 17:35:14:131 000009a2           HttpServer| Process URI: '/app/Menu/info'
I/APP     ( 2443): I 03/18/2013 17:35:14:133 000009a2                  APP| RHO serve: /app/Menu/info
I/APP     ( 2443): I 03/18/2013 17:35:14:161 000009a2              RhoRuby| require_compiled: Menu/menu_controller
I/APP     ( 2443): I 03/18/2013 17:35:14:289 000009a2           HttpServer| GC Start.
I/APP     ( 2443): I 03/18/2013 17:35:14:393 000009a2           HttpServer| GC End.
I/APP     ( 2443): I 03/18/2013 17:35:25:967 0000098b       SimpleMainView| Cleared URL: http://localhost:8080/app
I/APP     ( 2443): I 03/18/2013 17:35:26:005 0000098b     RhoWebViewClient| Loading URL: http://localhost:8080/app/index_erb.iseq
I/APP     ( 2443): I 03/18/2013 17:35:26:042 000009a2           HttpServer| Process URI: '/app/index_erb.iseq'
I/APP     ( 2443): I 03/18/2013 17:35:26:048 000009a2                  APP| RHO serve_index: /app/index_erb.iseq
I/APP     ( 2443): I 03/18/2013 17:35:26:062 000009a2 RHO Rho::RhoController| inst_render_index
I/APP     ( 2443): I 03/18/2013 17:35:26:139 000009a2 RHO Rho::RhoController| index layout
I/APP     ( 2443): I 03/18/2013 17:35:26:208 000009a2           HttpServer| GC Start.
I/APP     ( 2443): I 03/18/2013 17:35:26:264 000009a2           HttpServer| GC End.
I/APP     ( 2443): I 03/18/2013 17:35:33:460 000009a2           HttpServer| Process URI: '/app/Product/get_catalog_data'
I/APP     ( 2443): I 03/18/2013 17:35:33:464 000009a2                  APP| RHO serve: /app/Product/get_catalog_data
I/ActivityManager(   81): START {cmp=com.rhomobile.macotec/com.rhomobile.rhodes.alert.PopupActivity (has extras)} from pid 2443
W/WindowManager(   81): Failure taking screenshot for (180x300) to layer 21010
I/APP     ( 2443): I 03/18/2013 17:35:33:575 000009a2            AsyncHttp| addCommand: GET
I/APP     ( 2443): I 03/18/2013 17:35:33:598 000009b0                  Net| GET request (Pull): http://www.datenloft.com/macotec/catalog.php
I/APP     ( 2443): I 03/18/2013 17:35:33:652 000009a2           HttpServer| GC Start.
I/APP     ( 2443): I 03/18/2013 17:35:33:746 000009a2           HttpServer| GC End.
I/APP     ( 2443): I 03/18/2013 17:35:33:955 0000098b AndroidFunctionality| Pause WebView
I/APP     ( 2443): I 03/18/2013 17:35:33:995 000009a2           HttpServer| Process URI: '/app/Product/http_callback'
I/APP     ( 2443): I 03/18/2013 17:35:33:998 000009a2                  APP| RHO serve: /app/Product/http_callback
I/APP     ( 2443): I 03/18/2013 17:35:34:035 0000098b       RhodesActivity| onPause
I/APP     ( 2443): I 03/18/2013 17:35:34:038 0000098b    RhodesApplication| New UiState: MainActivityPaused
I/APP     ( 2443): I 03/18/2013 17:35:34:061 000009a2                  APP| Params: {"rho_callback"=>"1", "status"=>"ok", "http_error"=>"200", "headers"=>{"Content-Type"=>"application/x-www-form-urlencoded", "User-Agent"=>"Mozilla-5.0 (ANDROID; unknown generic; 4.0.4)", "charset"=>"UTF-8", "connection"=>"Keep-Alive", "content-type"=>"application/json", "date"=>"Mon, 18 Mar 2013 16:35:34 GMT", "keep-alive"=>"timeout=3, max=100", "server"=>"Apache/2.2.21 (Unix) mod_ssl/2.2.21 OpenSSL/0.9.8r", "transfer-encoding"=>"chunked", "x-pad"=>"avoid browser bug", "x-powered-by"=>"PHP/5.2.17"}, "__rho_object"=>{"body"=>"0"}}
I/APP     ( 2443): I 03/18/2013 17:35:34:154 000009a2                  APP| ::::::::::::::::::::::: update_product_list
V/PhoneStatusBar(  141): setLightsOn(true)
I/Process (   81): Sending signal. PID: 2443 SIG: 3
I/dalvikvm( 2443): threadid=3: reacting to signal 3
D/RhodesService( 2443): +++ onStartCommand
I/RhodesService( 2443): handleCommand: startId=3, source=com.rhomobile.rhodes.BaseActivity
D/RhodesService( 2443): New activity was created
I/dalvikvm( 2443): Wrote stack traces to '/data/anr/traces.txt'
I/ActivityManager(   81): Displayed com.rhomobile.macotec/com.rhomobile.rhodes.alert.PopupActivity: +896ms
I/APP     ( 2443): I 03/18/2013 17:35:38:035 0000098b       SimpleMainView| Cleared URL: http://localhost:8080/app/Product
I/APP     ( 2443): I 03/18/2013 17:35:38:072 000009b0            AsyncHttp| ThreadQueue blocked for 4294967295 seconds...
I/APP     ( 2443): I 03/18/2013 17:35:38:077 000009a2           HttpServer| GC Start.
I/APP     ( 2443): I 03/18/2013 17:35:38:143 000009a2           HttpServer| GC End.
I/APP     ( 2443): I 03/18/2013 17:35:38:146 000009a2           HttpServer| Process URI: '/app/Product'
I/APP     ( 2443): I 03/18/2013 17:35:38:184 000009a2                  APP| RHO serve: /app/Product
W/WindowManager(   81): Failure taking screenshot for (180x300) to layer 21020
V/PhoneStatusBar(  141): setLightsOn(true)
I/APP     ( 2443): I 03/18/2013 17:35:38:437 0000098b       RhodesActivity| onResume
I/APP     ( 2443): I 03/18/2013 17:35:38:438 0000098b AndroidFunctionality| Resume WebView
I/APP     ( 2443): I 03/18/2013 17:35:38:683 000009a2 RHO ProductController| Layout file: /data/data/com.rhomobile.macotec/rhodata/apps/app/layout_erb.iseq. Content size: 3718
I/APP     ( 2443): I 03/18/2013 17:35:38:727 000009a2           HttpServer| GC Start.
I/Process (   81): Sending signal. PID: 2443 SIG: 3
I/dalvikvm( 2443): threadid=3: reacting to signal 3
I/dalvikvm( 2443): Wrote stack traces to '/data/anr/traces.txt'
I/APP     ( 2443): I 03/18/2013 17:35:38:895 000009a2           HttpServer| GC End.
I/APP     ( 2443): I 03/18/2013 17:35:43:020 000009a2           HttpServer| Process URI: '/app/Product/sub_categories'
I/APP     ( 2443): I 03/18/2013 17:35:43:063 000009a2                  APP| RHO serve: /app/Product/sub_categories
I/APP     ( 2443): I 03/18/2013 17:35:43:195 000009a2                  APP| Params: {"category"=>"telescopic_forklift_trucks"}
I/APP     ( 2443): I 03/18/2013 17:35:44:094 000009a2           HttpServer| GC Start.
I/APP     ( 2443): I 03/18/2013 17:35:44:591 000009a2           HttpServer| GC End.
I/APP     ( 2443): I 03/18/2013 17:35:52:673 000009a2           HttpServer| Process URI: '/app/index_erb.iseq'
I/APP     ( 2443): I 03/18/2013 17:35:52:678 000009a2                  APP| RHO serve_index: /app/index_erb.iseq
I/APP     ( 2443): I 03/18/2013 17:35:52:704 000009a2 RHO Rho::RhoController| inst_render_index
I/APP     ( 2443): I 03/18/2013 17:35:52:872 000009a2           HttpServer| GC Start.
I/APP     ( 2443): I 03/18/2013 17:35:52:926 000009a2           HttpServer| GC End.
D/dalvikvm(   81): GC_CONCURRENT freed 452K, 12% free 11266K/12679K, paused 19ms+7ms
D/dalvikvm(  183): GC_CONCURRENT freed 386K, 6% free 9533K/10119K, paused 4ms+5ms
I/APP     ( 2443): I 03/18/2013 17:41:50:122 000009a2           HttpServer| Process URI: '/app/index_erb.iseq'
I/APP     ( 2443): I 03/18/2013 17:41:50:128 000009a2                  APP| RHO serve_index: /app/index_erb.iseq
I/APP     ( 2443): I 03/18/2013 17:41:50:131 000009a2 RHO Rho::RhoController| inst_render_index
I/APP     ( 2443): I 03/18/2013 17:41:50:213 000009a2 RHO Rho::RhoController| index layout
I/APP     ( 2443): I 03/18/2013 17:41:50:265 000009a2           HttpServer| GC Start.
I/APP     ( 2443): I 03/18/2013 17:41:50:312 000009a2           HttpServer| GC End.
I/APP     ( 2443): I 03/18/2013 17:41:50:441 000009a2           HttpServer| Process URI: '/favicon.ico'
I/APP     ( 2443): E 03/18/2013 17:41:50:489 000009a2           HttpServer| The file /favicon.ico was not found
I/APP     ( 2443): E 03/18/2013 17:42:04:100 000009a2           HttpServer| Connection gracefully closed before we send any data
I/APP     ( 2443): E 03/18/2013 17:42:04:101 000009a2           HttpServer| Parsing error
I/APP     ( 2443): E 03/18/2013 17:42:04:102 000009a2           HttpServer| Connection gracefully closed before we send any data
I/APP     ( 2443): E 03/18/2013 17:42:04:103 000009a2           HttpServer| Parsing error
I/APP     ( 2443): E 03/18/2013 17:42:04:104 000009a2           HttpServer| Connection gracefully closed before we send any data
I/APP     ( 2443): E 03/18/2013 17:42:04:104 000009a2           HttpServer| Parsing error
I/APP     ( 2443): E 03/18/2013 17:42:04:105 000009a2           HttpServer| Connection gracefully closed before we send any data
I/APP     ( 2443): E 03/18/2013 17:42:04:106 000009a2           HttpServer| Parsing error
D/AndroidRuntime( 2492): 
D/AndroidRuntime( 2492): >>>>>> AndroidRuntime START com.android.internal.os.RuntimeInit <<<<<<
D/AndroidRuntime( 2492): CheckJNI is ON
D/AndroidRuntime( 2492): Calling main entry com.android.commands.pm.Pm
W/ActivityManager(   81): No content provider found for permission revoke: file:///data/local/tmp/MacoTec-debug.apk
W/ActivityManager(   81): No content provider found for permission revoke: file:///data/local/tmp/MacoTec-debug.apk
D/dalvikvm(   81): GC_CONCURRENT freed 346K, 10% free 11460K/12679K, paused 10ms+13ms
D/dalvikvm(   81): GC_CONCURRENT freed 232K, 8% free 11730K/12679K, paused 6ms+11ms
D/dalvikvm(   81): GC_CONCURRENT freed 646K, 8% free 11671K/12679K, paused 7ms+7ms
D/dalvikvm(   81): GC_CONCURRENT freed 549K, 8% free 11679K/12679K, paused 14ms+7ms
D/dalvikvm(   81): GC_CONCURRENT freed 577K, 8% free 11677K/12679K, paused 14ms+8ms
D/dalvikvm(   81): GC_CONCURRENT freed 555K, 8% free 11734K/12679K, paused 6ms+11ms
I/PackageManager(   81): Removing non-system package:com.rhomobile.macotec
I/ActivityManager(   81): Force stopping package com.rhomobile.macotec uid=10040
I/ActivityManager(   81): Killing proc 2443:com.rhomobile.macotec/10040: force stop
W/ActivityManager(   81): Force removing ActivityRecord{413c5350 com.rhomobile.macotec/com.rhomobile.rhodes.RhodesActivity}: app died, no saved state
W/NetworkManagementSocketTagger(   81): setKernelCountSet(10040, 0) failed with errno -2
W/NetworkManagementSocketTagger(   81): setKernelCountSet(10009, 1) failed with errno -2
I/WindowManager(   81): WIN DEATH: Window{415b9088 com.rhomobile.macotec/com.rhomobile.rhodes.RhodesActivity paused=false}
D/dalvikvm(   81): GC_CONCURRENT freed 625K, 8% free 11706K/12679K, paused 6ms+12ms
I/PackageManager(   81): Package com.rhomobile.macotec codePath changed from /data/app/com.rhomobile.macotec-1.apk to /data/app/com.rhomobile.macotec-2.apk; Retaining data and using new
I/Process (   81): Sending signal. PID: 202 SIG: 3
I/dalvikvm(  202): threadid=3: reacting to signal 3
I/dalvikvm(  202): Wrote stack traces to '/data/anr/traces.txt'
W/InputManagerService(   81): Got RemoteException sending setActive(false) notification to pid 2443 uid 10040
D/dalvikvm(  202): GC_FOR_ALLOC freed 3120K, 26% free 17788K/23815K, paused 64ms
D/dalvikvm(  202): GC_FOR_ALLOC freed 1263K, 24% free 18142K/23815K, paused 63ms
D/dalvikvm(  202): GC_FOR_ALLOC freed 23K, 18% free 19530K/23815K, paused 57ms
D/dalvikvm(  202): GC_CONCURRENT freed 3250K, 24% free 18296K/23815K, paused 4ms+6ms
I/PackageManager(   81): Running dexopt on: com.rhomobile.macotec
D/dalvikvm( 2503): DexOpt: load 102ms, verify+opt 546ms
W/PackageManager(   81): Code path for pkg : com.rhomobile.macotec changing from /data/app/com.rhomobile.macotec-1.apk to /data/app/com.rhomobile.macotec-2.apk
W/PackageManager(   81): Resource path for pkg : com.rhomobile.macotec changing from /data/app/com.rhomobile.macotec-1.apk to /data/app/com.rhomobile.macotec-2.apk
I/ActivityManager(   81): Force stopping package com.rhomobile.macotec uid=10040
D/PackageManager(   81): New package installed in /data/app/com.rhomobile.macotec-2.apk
I/ActivityManager(   81): Force stopping package com.rhomobile.macotec uid=10040
D/dalvikvm(  202): GC_EXPLICIT freed 1169K, 24% free 18234K/23815K, paused 4ms+6ms
D/dalvikvm(  236): GC_EXPLICIT freed 150K, 4% free 9387K/9735K, paused 3ms+10ms
D/dalvikvm(   81): GC_EXPLICIT freed 849K, 12% free 11252K/12679K, paused 4ms+7ms
D/PackageManager(   81): generateServicesMap(android.accounts.AccountAuthenticator): 2 services unchanged
D/PackageManager(   81): generateServicesMap(android.content.SyncAdapter): 4 services unchanged
D/BackupManagerService(   81): Received broadcast Intent { act=android.intent.action.PACKAGE_REMOVED dat=package:com.rhomobile.macotec flg=0x10000010 (has extras) }
I/AccountTypeManager(  312): Loaded meta-data for 1 account types, 0 accounts in 11ms(wall) 6ms(cpu)
D/PackageManager(   81): generateServicesMap(android.accounts.AccountAuthenticator): 2 services unchanged
D/PackageManager(   81): generateServicesMap(android.content.SyncAdapter): 4 services unchanged
D/BackupManagerService(   81): Received broadcast Intent { act=android.intent.action.PACKAGE_ADDED dat=package:com.rhomobile.macotec flg=0x10000010 (has extras) }
V/BackupManagerService(   81): updatePackageParticipantsLocked: #1
W/RecognitionManagerService(   81): no available voice recognition services found
I/AccountTypeManager(  312): Loaded meta-data for 1 account types, 0 accounts in 210ms(wall) 5ms(cpu)
D/dalvikvm(   81): GC_CONCURRENT freed 412K, 12% free 11276K/12679K, paused 5ms+18ms
D/BackupManagerService(   81): Received broadcast Intent { act=android.intent.action.PACKAGE_REPLACED dat=package:com.rhomobile.macotec flg=0x10000010 (has extras) }
V/BackupManagerService(   81): updatePackageParticipantsLocked: #1
D/dalvikvm(  202): GC_FOR_ALLOC freed 3494K, 32% free 16287K/23815K, paused 122ms
D/dalvikvm(  202): GC_FOR_ALLOC freed 3213K, 38% free 14907K/23815K, paused 300ms
D/dalvikvm(  202): GC_FOR_ALLOC freed 406K, 32% free 16289K/23815K, paused 242ms
D/dalvikvm(  202): GC_CONCURRENT freed 89K, 24% free 18236K/23815K, paused 4ms+10ms
D/dalvikvm(  202): GC_FOR_ALLOC freed 597K, 21% free 18825K/23815K, paused 182ms
D/dalvikvm(  202): GC_CONCURRENT freed 2658K, 24% free 18159K/23815K, paused 4ms+6ms
D/dalvikvm(  202): GC_CONCURRENT freed 1599K, 22% free 18605K/23815K, paused 5ms+6ms
D/dalvikvm(   81): GC_EXPLICIT freed 258K, 12% free 11232K/12679K, paused 457ms+7ms
D/AndroidRuntime( 2492): Shutting down VM
D/dalvikvm( 2492): GC_CONCURRENT freed 97K, 79% free 450K/2048K, paused 1ms+1ms
I/AndroidRuntime( 2492): NOTE: attach of thread 'Binder Thread #3' failed
D/AndroidRuntime( 2511): 
D/AndroidRuntime( 2511): >>>>>> AndroidRuntime START com.android.internal.os.RuntimeInit <<<<<<
D/AndroidRuntime( 2511): CheckJNI is ON
D/AndroidRuntime( 2511): Calling main entry com.android.commands.am.Am
I/ActivityManager(   81): START {act=android.intent.action.MAIN flg=0x10000000 cmp=com.rhomobile.macotec/com.rhomobile.rhodes.RhodesActivity} from pid 2511
W/WindowManager(   81): Failure taking screenshot for (180x300) to layer 21005
D/AndroidRuntime( 2511): Shutting down VM
D/dalvikvm( 2511): GC_CONCURRENT freed 97K, 77% free 480K/2048K, paused 1ms+1ms
I/AndroidRuntime( 2511): NOTE: attach of thread 'Binder Thread #3' failed
I/ActivityManager(   81): Start proc com.rhomobile.macotec for activity com.rhomobile.macotec/com.rhomobile.rhodes.RhodesActivity: pid=2521 uid=10040 gids={3003, 1006}
I/dalvikvm( 2521): Turning on JNI app bug workarounds for target SDK version 4...
W/NetworkManagementSocketTagger(   81): setKernelCountSet(10040, 1) failed with errno -2
I/Process (   81): Sending signal. PID: 2521 SIG: 3
I/dalvikvm( 2521): threadid=3: reacting to signal 3
D/dalvikvm( 2521): Trying to load lib /data/data/com.rhomobile.macotec/lib/librhodes.so 0x4129fbf8
I/dalvikvm( 2521): Wrote stack traces to '/data/anr/traces.txt'
D/dalvikvm( 2521): Added shared lib /data/data/com.rhomobile.macotec/lib/librhodes.so 0x4129fbf8
D/dalvikvm( 2521): Trying to load lib /data/data/com.rhomobile.macotec/lib/librhodes.so 0x4129fbf8
D/dalvikvm( 2521): Shared lib '/data/data/com.rhomobile.macotec/lib/librhodes.so' already loaded in same CL 0x4129fbf8
I/ActivityThread( 2521): Pub com.rhomobile.macotec: com.rhomobile.rhodes.LocalFileProvider
I/RhodesApplication( 2521): Initializing...
D/RhoFileApi( 2521): App root path: /data/data/com.rhomobile.macotec/rhodata/
D/RhoFileApi( 2521): Sqlite journals path: /data/data/com.rhomobile.macotec/sqlite_stmt_journals/
D/RhoFileApi( 2521): Shared path: /data/data/com.rhomobile.macotec/rhodata/
D/RhodesApplication( 2521): Root path: /data/data/com.rhomobile.macotec/rhodata/
I/Process (   81): Sending signal. PID: 2521 SIG: 3
I/dalvikvm( 2521): threadid=3: reacting to signal 3
I/dalvikvm( 2521): Wrote stack traces to '/data/anr/traces.txt'
I/RhodesApplication( 2521): Application hash was changed
D/RhoFileApi( 2521): Copy hash to FS
D/RhoFileApi( 2521): File hash copied
D/RhoFileApi( 2521): Copy rho.dat to FS
D/RhoFileApi( 2521): File rho.dat copied
D/RhoFileApi( 2521): Copy apps/rhoconfig.txt to FS
D/RhoFileApi( 2521): File apps/rhoconfig.txt copied
I/RhoFileApi( 2521): Opening stat table from FS: /data/data/com.rhomobile.macotec/rhodata/rho.dat
D/RhoFileApi( 2521): Copy apps/rhoconfig.txt to FS
D/RhoFileApi( 2521): File apps/rhoconfig.txt copied
D/RhoFileApi( 2521): App root path: /data/data/com.rhomobile.macotec/rhodata/
D/RhoFileApi( 2521): Sqlite journals path: /data/data/com.rhomobile.macotec/sqlite_stmt_journals/
D/RhoFileApi( 2521): Shared path: /data/data/com.rhomobile.macotec/rhodata/
I/APP     ( 2521): I 03/18/2013 17:43:39:568 000009d9    RhodesApplication| Initialized
I/APP     ( 2521): I 03/18/2013 17:43:39:630 000009d9         BaseActivity| New screen properties - width: 480, height: 800, orientation: 1
I/Process (   81): Sending signal. PID: 2521 SIG: 3
I/dalvikvm( 2521): threadid=3: reacting to signal 3
I/dalvikvm( 2521): Wrote stack traces to '/data/anr/traces.txt'
I/APP     ( 2521): I 03/18/2013 17:43:39:864 000009d9         SplashScreen| Looking for start page source
D/dalvikvm( 2521): GC_CONCURRENT freed 292K, 4% free 9230K/9607K, paused 5ms+15ms
D/dalvikvm( 2521): GC_FOR_ALLOC freed 8K, 4% free 9228K/9607K, paused 33ms
I/Process (   81): Sending signal. PID: 2521 SIG: 3
I/dalvikvm( 2521): threadid=3: reacting to signal 3
I/dalvikvm-heap( 2521): Grow heap (frag case) to 12.147MB for 3217300-byte allocation
I/dalvikvm( 2521): Wrote stack traces to '/data/anr/traces.txt'
D/dalvikvm( 2521): GC_CONCURRENT freed <1K, 4% free 12369K/12807K, paused 4ms+20ms
I/APP     ( 2521): I 03/18/2013 17:43:40:630 000009d9         SplashScreen| Done
I/APP     ( 2521): I 03/18/2013 17:43:40:634 000009d9    RhodesApplication| New UiState: MainActivityCreated
I/Process (   81): Sending signal. PID: 2521 SIG: 3
I/dalvikvm( 2521): threadid=3: reacting to signal 3
I/APP     ( 2521): I 03/18/2013 17:43:40:722 000009d9       RhodesActivity| onStart
I/APP     ( 2521): I 03/18/2013 17:43:40:726 000009d9    RhodesApplication| New UiState: MainActivityStarted
I/APP     ( 2521): I 03/18/2013 17:43:40:738 000009d9       RhodesActivity| onResume
I/APP     ( 2521): I 03/18/2013 17:43:40:741 000009d9 AndroidFunctionality| Resume WebView
I/dalvikvm( 2521): Wrote stack traces to '/data/anr/traces.txt'
I/APP     ( 2521): I 03/18/2013 17:43:40:820 000009d9        RhodesService| onCreate
I/APP     ( 2521): I 03/18/2013 17:43:40:825 000009d9    LocalFileProvider| Revoke URI permissions: content:///com.rhomobile.macotec
W/ActivityManager(   81): No content provider found for permission revoke: content:///com.rhomobile.macotec
I/APP     ( 2521): I 03/18/2013 17:43:40:863 000009d9               Rhodes| Loading...
I/APP     ( 2521): I 03/18/2013 17:43:40:897 000009d9            RhodesApp| Trying to get free listening port.
I/APP     ( 2521): I 03/18/2013 17:43:40:900 000009d9            RhodesApp| Trying to bind of 8080 port...
I/APP     ( 2521): I 03/18/2013 17:43:40:929 000009d9            RhodesApp| Got port to bind on: 8080
I/APP     ( 2521): I 03/18/2013 17:43:40:932 000009d9            RhodesApp| Free listening port: 8080
I/APP     ( 2521): I 03/18/2013 17:43:40:989 000009ee         AppCallbacks| Starting main routine...
I/APP     ( 2521): I 03/18/2013 17:43:41:072 000009ee         AppCallbacks| ThreadQueue blocked for 4294967295 seconds...
I/Process (   81): Sending signal. PID: 2521 SIG: 3
I/dalvikvm( 2521): threadid=3: reacting to signal 3
I/dalvikvm( 2521): Wrote stack traces to '/data/anr/traces.txt'
I/APP     ( 2521): I 03/18/2013 17:43:41:815 000009d9        RhodesService| Push is disabled
I/APP     ( 2521): I 03/18/2013 17:43:41:898 000009f0            RhodesApp| Starting RhodesApp main routine...
I/Process (   81): Sending signal. PID: 2521 SIG: 3
I/dalvikvm( 2521): threadid=3: reacting to signal 3
I/APP     ( 2521): I 03/18/2013 17:43:41:892 000009d9            RhodesApp| callAppActiveCallback
I/APP     ( 2521): I 03/18/2013 17:43:42:076 000009d9         AppCallbacks| addCommand: APP-ACTIVATED
I/APP     ( 2521): I 03/18/2013 17:43:42:148 000009ee         AppCallbacks| Received command APP-ACTIVATED which is greater than expected (LOCAL-SERVER-STARTED) - postpone it
I/APP     ( 2521): I 03/18/2013 17:43:42:184 000009ee         AppCallbacks| ThreadQueue blocked for 4294967295 seconds...
I/Process (   81): Sending signal. PID: 2521 SIG: 3
I/APP     ( 2521): I 03/18/2013 17:43:42:554 000009d9         AppActivated| Cannot commit now, application will be activated when started.
I/APP     ( 2521): I 03/18/2013 17:43:42:590 000009d9    RhodesApplication| New AppState: Undefined
I/dalvikvm( 2521): Wrote stack traces to '/data/anr/traces.txt'
D/RhodesService( 2521): +++ onStartCommand
I/dalvikvm( 2521): threadid=3: reacting to signal 3
I/RhodesService( 2521): handleCommand: startId=1, source=com.rhomobile.rhodes.BaseActivity
I/Process (   81): Sending signal. PID: 2521 SIG: 3
D/RhodesService( 2521): New activity was created
I/APP     ( 2521): I 03/18/2013 17:43:43:515 000009d9        RhodesService| onBind
I/dalvikvm( 2521): Wrote stack traces to '/data/anr/traces.txt'
I/dalvikvm( 2521): threadid=3: reacting to signal 3
I/Process (   81): Sending signal. PID: 2521 SIG: 3
I/dalvikvm( 2521): Wrote stack traces to '/data/anr/traces.txt'
I/dalvikvm( 2521): threadid=3: reacting to signal 3
I/Process (   81): Sending signal. PID: 2521 SIG: 3
I/dalvikvm( 2521): Wrote stack traces to '/data/anr/traces.txt'
I/dalvikvm( 2521): threadid=3: reacting to signal 3
I/APP     ( 2521): I 03/18/2013 17:43:44:801 000009d9         AppCallbacks| addCommand: UI-CREATED
I/APP     ( 2521): I 03/18/2013 17:43:44:985 000009ee         AppCallbacks| Received command UI-CREATED which is greater than expected (LOCAL-SERVER-STARTED) - postpone it
I/APP     ( 2521): I 03/18/2013 17:43:45:018 000009ee         AppCallbacks| ThreadQueue blocked for 4294967295 seconds...
I/Process (   81): Sending signal. PID: 2521 SIG: 3
I/dalvikvm( 2521): Wrote stack traces to '/data/anr/traces.txt'
I/dalvikvm( 2521): threadid=3: reacting to signal 3
V/PhoneStatusBar(  141): setLightsOn(true)
I/Process (   81): Sending signal. PID: 2521 SIG: 3
I/APP     ( 2521): I 03/18/2013 17:43:46:005 000009d9       RhodesActivity| onServiceConnected: {com.rhomobile.macotec/com.rhomobile.rhodes.RhodesService}
I/dalvikvm( 2521): Wrote stack traces to '/data/anr/traces.txt'
I/dalvikvm( 2521): threadid=3: reacting to signal 3
I/APP     ( 2521): I 03/18/2013 17:43:46:102 000009d9       RhodesActivity| New start parameters: 
I/APP     ( 2521): I 03/18/2013 17:43:46:103 000009d9            RhodesApp| New start params: 
D/gralloc_goldfish( 2521): Emulator without GPU emulation detected.
I/dalvikvm( 2521): Wrote stack traces to '/data/anr/traces.txt'
I/Process (   81): Sending signal. PID: 2521 SIG: 3
I/dalvikvm( 2521): threadid=3: reacting to signal 3
I/dalvikvm( 2521): Wrote stack traces to '/data/anr/traces.txt'
I/APP     ( 2521): I 03/18/2013 17:43:46:402 000009f0              RhoRuby| Init_RhoBlobs: /data/data/com.rhomobile.macotec/rhodata/db/db-files
I/APP     ( 2521): I 03/18/2013 17:43:46:468 000009f0              RhoRuby| require_compiled: rhoframework
I/ActivityManager(   81): Displayed com.rhomobile.macotec/com.rhomobile.rhodes.RhodesActivity: +8s641ms
W/InputManagerService(   81): Starting input on non-focused client com.android.internal.view.IInputMethodClient$Stub$Proxy@4156af48 (uid=10009 pid=202)
I/APP     ( 2521): I 03/18/2013 17:43:46:807 000009f0              RhoRuby| require_compiled: rational
I/APP     ( 2521): I 03/18/2013 17:43:46:846 000009f0              RhoRuby| require_compiled: rhom/rhom_db_adapter
I/APP     ( 2521): I 03/18/2013 17:43:46:980 000009f0              RhoRuby| require_compiled: rhodes
I/APP     ( 2521): I 03/18/2013 17:43:47:032 000009f0              RhoRuby| require_compiled: rhom/rhom_object
I/APP     ( 2521): I 03/18/2013 17:43:47:095 000009f0              RhoRuby| require_compiled: rhofsconnector
I/APP     ( 2521): I 03/18/2013 17:43:47:123 000009f0              RhoRuby| require_compiled: rho/rhofsconnector
I/APP     ( 2521): I 03/18/2013 17:43:47:197 000009f0              RhoRuby| require_compiled: rhom/rhom_object_factory
W/NetworkManagementSocketTagger(   81): setKernelCountSet(10009, 0) failed with errno -2
I/APP     ( 2521): I 03/18/2013 17:43:47:561 000009f0              RhoRuby| require_compiled: rhom/rhom
I/APP     ( 2521): I 03/18/2013 17:43:47:610 000009f0              RhoRuby| require_compiled: rhom/rhom_model
I/APP     ( 2521): I 03/18/2013 17:43:47:657 000009f0              RhoRuby| require_compiled: rhom
I/APP     ( 2521): I 03/18/2013 17:43:47:662 000009f0              RhoRuby| require_compiled: rho/rhoapplication
I/APP     ( 2521): I 03/18/2013 17:43:47:724 000009f0              RhoRuby| require_compiled: rholang/localization_simplified
I/APP     ( 2521): I 03/18/2013 17:43:47:773 000009f0              RhoRuby| require_compiled: rho/rhomsg
I/APP     ( 2521): I 03/18/2013 17:43:47:800 000009f0              RhoRuby| require_compiled: rho/rhotabbar
I/APP     ( 2521): I 03/18/2013 17:43:47:839 000009f0              RhoRuby| require_compiled: rho/rhotoolbar
I/APP     ( 2521): I 03/18/2013 17:43:47:867 000009f0                  APP| Current locale: ; Country code: 
I/APP     ( 2521): I 03/18/2013 17:43:47:896 000009f0                  APP| Locilized file: /data/data/com.rhomobile.macotec/rhodata/lib/rholang/lang_
I/APP     ( 2521): I 03/18/2013 17:43:47:901 000009f0              RhoRuby| require_compiled: /data/data/com.rhomobile.macotec/rhodata/lib/rholang/lang_en
I/APP     ( 2521): I 03/18/2013 17:43:47:942 000009f0                  APP| Locilized file: /data/data/com.rhomobile.macotec/rhodata/apps/app/lang/lang_
I/APP     ( 2521): I 03/18/2013 17:43:47:946 000009f0              RhoRuby| require_compiled: /data/data/com.rhomobile.macotec/rhodata/apps/app/lang/lang_en
I/APP     ( 2521): I 03/18/2013 17:43:47:994 000009f0                  APP| Locilized file: /data/data/com.rhomobile.macotec/rhodata/lib/rholang/rhoerror_
I/APP     ( 2521): I 03/18/2013 17:43:47:998 000009f0              RhoRuby| require_compiled: /data/data/com.rhomobile.macotec/rhodata/lib/rholang/rhoerror_en
I/APP     ( 2521): I 03/18/2013 17:43:48:038 000009f0                  APP| Locilized file: /data/data/com.rhomobile.macotec/rhodata/lib/rholang/rhomsg_
I/APP     ( 2521): I 03/18/2013 17:43:48:041 000009f0              RhoRuby| require_compiled: /data/data/com.rhomobile.macotec/rhodata/lib/rholang/rhomsg_en
I/APP     ( 2521): I 03/18/2013 17:43:48:083 000009f0              RhoRuby| require_compiled: indifferent_access
I/APP     ( 2521): I 03/18/2013 17:43:48:124 000009f0              RhoRuby| require_compiled: rho/rhosupport
I/APP     ( 2521): I 03/18/2013 17:43:48:177 000009f0              RhoRuby| require_compiled: rho/rhocontroller
I/APP     ( 2521): I 03/18/2013 17:43:48:219 000009f0              RhoRuby| require_compiled: rho/render
I/APP     ( 2521): I 03/18/2013 17:43:48:278 000009f0              RhoRuby| require_compiled: rho/rho
I/APP     ( 2521): I 03/18/2013 17:43:48:438 000009f0              RhoRuby| require_compiled: rho/rhoerror
I/APP     ( 2521): I 03/18/2013 17:43:48:466 000009f0              RhoRuby| require_compiled: rhom/rhom_source
I/APP     ( 2521): I 03/18/2013 17:43:48:510 000009f0              RhoRuby| require_compiled: rho/rhoviewhelpers
I/APP     ( 2521): I 03/18/2013 17:43:48:555 000009f0              RhoRuby| require_compiled: rho
I/APP     ( 2521): I 03/18/2013 17:43:48:560 000009f0                  APP| RHO loaded
I/APP     ( 2521): I 03/18/2013 17:43:48:593 000009f0                  APP| Calling RHO.initialize
I/APP     ( 2521): I 03/18/2013 17:43:48:598 000009f0                  APP| model file: Settings/settings
I/APP     ( 2521): I 03/18/2013 17:43:48:629 000009f0                  APP| model file: Devproduct/devproduct
I/APP     ( 2521): I 03/18/2013 17:43:48:632 000009f0                  APP| model file: Image/image
I/APP     ( 2521): I 03/18/2013 17:43:48:660 000009f0                  APP| model file: Product/product
I/APP     ( 2521): I 03/18/2013 17:43:48:663 000009f0                  APP| model file: Request/request
I/APP     ( 2521): I 03/18/2013 17:43:48:684 000009f0                   DB| Open DB: /data/data/com.rhomobile.macotec/rhodata/db/syncdbuser.sqlite
I/APP     ( 2521): I 03/18/2013 17:43:48:727 000009f0          GeoLocation| Creating singleton instance.
I/APP     ( 2521): I 03/18/2013 17:43:48:731 000009f0            RhodesApp| Starting sync engine...
I/APP     ( 2521): I 03/18/2013 17:43:48:756 000009f0                 Sync| sync_poll_interval: 0
I/APP     ( 2521): I 03/18/2013 17:43:48:777 000009f0                 Sync| syncserver: 
I/APP     ( 2521): I 03/18/2013 17:43:48:780 000009f0                 Sync| bulksync_state: 0
I/APP     ( 2521): I 03/18/2013 17:43:48:795 000009f0            RhodesApp| RhoRubyInitApp...
I/APP     ( 2521): I 03/18/2013 17:43:48:798 000009f0                  APP| init_app
I/APP     ( 2521): I 03/18/2013 17:43:48:825 000009f0              RhoRuby| require_compiled: application
I/APP     ( 2521): I 03/18/2013 17:43:48:846 000009f0                 Sync| Set notification. Source ID: -1;Url :http://localhost:8080/app/Settings/sync_notify; Params: 
I/APP     ( 2521): I 03/18/2013 17:43:48:866 000009f0           HttpServer| Start HTTP server
I/APP     ( 2521): I 03/18/2013 17:43:48:871 000009f0           HttpServer| Listen for connections on port 8080
I/APP     ( 2521): I 03/18/2013 17:43:48:888 000009f0         AppCallbacks| addCommand: LOCAL-SERVER-STARTED
I/APP     ( 2521): I 03/18/2013 17:43:48:894 000009ee         AppCallbacks| process command: LOCAL-SERVER-STARTED
I/APP     ( 2521): I 03/18/2013 17:43:48:895 000009ee RhodesAppActiveObserver| Ready
I/APP     ( 2521): I 03/18/2013 17:43:48:900 000009d9 AndroidFunctionality| Disable WebView zoom
I/APP     ( 2521): I 03/18/2013 17:43:48:901 000009d9 AndroidFunctionality| Set web plugins state 'OFF'
I/APP     ( 2521): I 03/18/2013 17:43:48:935 000009ee    RhodesApplication| New AppState: AppActivated
V/EmulatedCamera_Factory(   38): getCameraInfo: id = 0
V/EmulatedCamera_Camera(   38): getCameraInfo
I/APP     ( 2521): I 03/18/2013 17:43:48:959 000009ee         AppCallbacks| process command: UI-CREATED
V/EmulatedCamera_Factory(   38): getCameraInfo: id = 0
V/EmulatedCamera_Camera(   38): getCameraInfo
I/CameraService(   38): Opening camera 0
V/EmulatedCamera_Factory(   38): cameraDeviceOpen: id = 0
V/EmulatedCamera_Camera(   38): connectCamera
V/EmulatedCamera_FakeDevice(   38): connectDevice
V/EmulatedCamera_CallbackNotifier(   38): setCallbacks: 0x405954e9, 0x40595f9d, 0x40595f01, 0x40597359 (0x16828)
V/EmulatedCamera_CallbackNotifier(   38): enableMessage: msg_type = 0x40d
V/EmulatedCamera_CallbackNotifier(   38):     CAMERA_MSG_ERROR
V/EmulatedCamera_CallbackNotifier(   38):     CAMERA_MSG_FOCUS
V/EmulatedCamera_CallbackNotifier(   38):     CAMERA_MSG_ZOOM
V/EmulatedCamera_CallbackNotifier(   38):     CAMERA_MSG_PREVIEW_METADATA
V/EmulatedCamera_CallbackNotifier(   38): **** Currently enabled messages:
V/EmulatedCamera_CallbackNotifier(   38):     CAMERA_MSG_ERROR
V/EmulatedCamera_CallbackNotifier(   38):     CAMERA_MSG_FOCUS
V/EmulatedCamera_CallbackNotifier(   38):     CAMERA_MSG_ZOOM
V/EmulatedCamera_CallbackNotifier(   38):     CAMERA_MSG_PREVIEW_METADATA
I/AwesomePlayer(   38): setDataSource_l('/system/media/audio/ui/camera_click.ogg')
I/APP     ( 2521): I 03/18/2013 17:43:49:101 000009f0           HttpServer| Process URI: '/system/uicreated'
I/APP     ( 2521): I 03/18/2013 17:43:49:105 000009f0                  APP| on_ui_created.navigate to start url: '/app'
I/APP     ( 2521): I 03/18/2013 17:43:49:249 000009ee         AppCallbacks| process command: APP-ACTIVATED
I/AwesomePlayer(   38): setDataSource_l('/system/media/audio/ui/VideoRecord.ogg')
I/APP     ( 2521): I 03/18/2013 17:43:49:450 000009f0           HttpServer| Process URI: '/system/activateapp'
I/APP     ( 2521): I 03/18/2013 17:43:49:484 000009ee         AppCallbacks| ThreadQueue blocked for 4294967295 seconds...
V/EmulatedCamera_CallbackNotifier(   38): disableMessage: msg_type = 0x10
V/EmulatedCamera_CallbackNotifier(   38):     CAMERA_MSG_PREVIEW_FRAME
V/EmulatedCamera_CallbackNotifier(   38): **** Currently enabled messages:
V/EmulatedCamera_CallbackNotifier(   38):     CAMERA_MSG_ERROR
V/EmulatedCamera_CallbackNotifier(   38):     CAMERA_MSG_FOCUS
V/EmulatedCamera_CallbackNotifier(   38):     CAMERA_MSG_ZOOM
V/EmulatedCamera_CallbackNotifier(   38):     CAMERA_MSG_PREVIEW_METADATA
V/EmulatedCamera_CallbackNotifier(   38): disableMessage: msg_type = 0xffff
V/EmulatedCamera_CallbackNotifier(   38):     CAMERA_MSG_ERROR
V/EmulatedCamera_CallbackNotifier(   38):     CAMERA_MSG_SHUTTER
V/EmulatedCamera_CallbackNotifier(   38):     CAMERA_MSG_FOCUS
V/EmulatedCamera_CallbackNotifier(   38):     CAMERA_MSG_ZOOM
V/EmulatedCamera_CallbackNotifier(   38):     CAMERA_MSG_PREVIEW_FRAME
V/EmulatedCamera_CallbackNotifier(   38):     CAMERA_MSG_VIDEO_FRAME
V/EmulatedCamera_CallbackNotifier(   38):     CAMERA_MSG_POSTVIEW_FRAME
V/EmulatedCamera_CallbackNotifier(   38):     CAMERA_MSG_RAW_IMAGE
V/EmulatedCamera_CallbackNotifier(   38):     CAMERA_MSG_COMPRESSED_IMAGE
V/EmulatedCamera_CallbackNotifier(   38):     CAMERA_MSG_RAW_IMAGE_NOTIFY
V/EmulatedCamera_CallbackNotifier(   38):     CAMERA_MSG_PREVIEW_METADATA
V/EmulatedCamera_CallbackNotifier(   38): **** Currently enabled messages:
V/EmulatedCamera_Camera(   38): doStopPreview
V/EmulatedCamera_Camera(   38): cancelPicture
V/EmulatedCamera_Camera(   38): releaseCamera
V/EmulatedCamera_Camera(   38): doStopPreview
V/EmulatedCamera_FakeDevice(   38): disconnectDevice
I/CameraService(   38): Destroying camera 0
V/EmulatedCamera_Camera(   38): closeCamera
V/EmulatedCamera_Camera(   38): doStopPreview
W/AudioFlinger(   38): session id 55 not found for pid 38
W/AudioFlinger(   38): session id 56 not found for pid 38
V/EmulatedCamera_Factory(   38): getCameraInfo: id = 0
V/EmulatedCamera_Camera(   38): getCameraInfo
I/APP     ( 2521): I 03/18/2013 17:43:49:843 000009d9         SplashScreen| navigate: url=http://localhost:8080/app
I/APP     ( 2521): I 03/18/2013 17:43:49:848 000009d9         SplashScreen| DELAY for SplashScreen = 0
I/APP     ( 2521): I 03/18/2013 17:43:49:907 000009d9        GoogleWebView| Creating new RhoWebChromeClient
I/APP     ( 2521): I 03/18/2013 17:43:49:941 000009d9       SimpleMainView| Cleared URL: http://localhost:8080/app
V/SimpleMainView.View( 2521): ms[1363625029999]  Main Window :: onSizeChanged() old [ 480 x 762 ]  new [ 0 x 0 ]
I/APP     ( 2521): I 03/18/2013 17:43:50:102 000009d9        GoogleWebView| Setting RhoWebChromeClient
I/APP     ( 2521): I 03/18/2013 17:43:50:216 000009f0           HttpServer| Process URI: '/app'
I/APP     ( 2521): I 03/18/2013 17:43:50:271 000009d9     RhoWebViewClient| Loading URL: http://localhost:8080/app/index_erb.iseq
I/APP     ( 2521): I 03/18/2013 17:43:50:321 000009f0           HttpServer| Process URI: '/app/index_erb.iseq'
I/APP     ( 2521): I 03/18/2013 17:43:50:329 000009f0                  APP| RHO serve_index: /app/index_erb.iseq
I/APP     ( 2521): I 03/18/2013 17:43:50:370 000009f0 RHO Rho::RhoController| inst_render_index
I/APP     ( 2521): I 03/18/2013 17:43:50:444 000009f0 RHO Rho::RhoController| index layout
I/APP     ( 2521): I 03/18/2013 17:43:50:538 000009f0           HttpServer| GC Start.
I/APP     ( 2521): I 03/18/2013 17:43:50:616 000009f0           HttpServer| GC End.
I/APP     ( 2521): I 03/18/2013 17:43:50:831 000009f0           HttpServer| Process URI: '/public/js/request.js'
I/APP     ( 2521): I 03/18/2013 17:43:50:970 000009f0           HttpServer| Process URI: '/public/jquery/jquery-1.6.4.min.js'
I/APP     ( 2521): I 03/18/2013 17:43:51:047 000009f0           HttpServer| Process URI: '/public/jquery/jquery.json-2.3.min.js'
I/APP     ( 2521): I 03/18/2013 17:43:51:116 000009f0           HttpServer| Process URI: '/public/jqmobile/jquery.mobile-1.0.1.min.css'
I/APP     ( 2521): I 03/18/2013 17:43:51:227 000009f0           HttpServer| Process URI: '/public/css/jqmobile-patch.css'
I/APP     ( 2521): I 03/18/2013 17:43:51:280 000009f0           HttpServer| Process URI: '/public/jqmobile/jquery.mobile-1.0.1.min.js'
I/APP     ( 2521): I 03/18/2013 17:43:51:434 000009f0           HttpServer| Process URI: '/public/js/jqmobile-patch.js'
I/APP     ( 2521): I 03/18/2013 17:43:51:505 000009f0           HttpServer| Process URI: '/public/css/macotec_style.css'
I/APP     ( 2521): I 03/18/2013 17:43:54:661 000009f0           HttpServer| Process URI: '/public/images/macotec/logo.png'
I/APP     ( 2521): I 03/18/2013 17:43:55:385 000009f0           HttpServer| Process URI: '/public/images/macotec/request_top.png'
I/APP     ( 2521): I 03/18/2013 17:43:55:484 000009f0           HttpServer| Process URI: '/public/images/macotec/contact_png.png'
I/APP     ( 2521): I 03/18/2013 17:43:55:514 000009f0           HttpServer| Process URI: '/public/images/macotec/products_png.png'
I/APP     ( 2521): I 03/18/2013 17:43:55:545 000009f0           HttpServer| Process URI: '/public/images/macotec/info_png.png'
I/APP     ( 2521): I 03/18/2013 17:43:55:580 000009f0           HttpServer| Process URI: '/public/images/macotec/attention.png'
I/APP     ( 2521): I 03/18/2013 17:44:02:510 000009f0           HttpServer| Process URI: '/app/Product/get_catalog_data'
I/APP     ( 2521): I 03/18/2013 17:44:02:514 000009f0                  APP| RHO serve: /app/Product/get_catalog_data
I/APP     ( 2521): I 03/18/2013 17:44:02:557 000009f0              RhoRuby| require_compiled: Product/product_controller
I/APP     ( 2521): I 03/18/2013 17:44:02:626 000009f0              RhoRuby| require_compiled: helpers/browser_helper
I/APP     ( 2521): I 03/18/2013 17:44:02:698 000009f0              RhoRuby| require_compiled: json
I/APP     ( 2521): I 03/18/2013 17:44:02:749 000009f0              RhoRuby| require_compiled: json/common
I/APP     ( 2521): I 03/18/2013 17:44:02:847 000009f0              RhoRuby| require_compiled: json/version
I/APP     ( 2521): I 03/18/2013 17:44:02:901 000009f0              RhoRuby| require_compiled: json/pure
I/APP     ( 2521): I 03/18/2013 17:44:02:951 000009f0              RhoRuby| require_compiled: json/pure/generator
I/APP     ( 2521): I 03/18/2013 17:44:03:126 000009f0              RhoRuby| require_compiled: Connection/connection_controller
I/APP     ( 2521): I 03/18/2013 17:44:03:169 000009f0              RhoRuby| require_compiled: date
I/APP     ( 2521): I 03/18/2013 17:44:03:228 000009f0              RhoRuby| require_compiled: dateOrig
I/APP     ( 2521): I 03/18/2013 17:44:03:420 000009f0              RhoRuby| require_compiled: date/format
D/dalvikvm( 2521): GC_CONCURRENT freed 928K, 8% free 12504K/13511K, paused 5ms+5ms
D/webviewglue( 2521): nativeDestroy view: 0x2cd048
I/APP     ( 2521): E 03/18/2013 17:44:03:763 000009f0               RubyVM| lib/date.rb:14: warning: already initialized constant MONTHNAMES
I/APP     ( 2521): E 03/18/2013 17:44:03:767 000009f0               RubyVM| lib/date.rb:15: warning: already initialized constant ABBR_MONTHNAMES
I/APP     ( 2521): E 03/18/2013 17:44:03:801 000009f0               RubyVM| lib/date.rb:16: warning: already initialized constant DAYNAMES
I/APP     ( 2521): E 03/18/2013 17:44:03:806 000009f0               RubyVM| lib/date.rb:17: warning: already initialized constant ABBR_DAYNAMES
I/ActivityManager(   81): START {cmp=com.rhomobile.macotec/com.rhomobile.rhodes.alert.PopupActivity (has extras)} from pid 2521
W/WindowManager(   81): Failure taking screenshot for (180x300) to layer 21010
I/APP     ( 2521): I 03/18/2013 17:44:03:877 000009d9 AndroidFunctionality| Pause WebView
I/APP     ( 2521): I 03/18/2013 17:44:03:887 000009d9       RhodesActivity| onPause
I/APP     ( 2521): I 03/18/2013 17:44:03:938 000009f0            AsyncHttp| addCommand: GET
I/APP     ( 2521): I 03/18/2013 17:44:03:965 000009fe            AsyncHttp| Starting main routine...
I/APP     ( 2521): I 03/18/2013 17:44:03:970 000009fe                  Net| GET request (Pull): http://www.datenloft.com/macotec/catalog.php
I/APP     ( 2521): I 03/18/2013 17:44:04:042 000009f0           HttpServer| GC Start.
I/APP     ( 2521): I 03/18/2013 17:44:04:129 000009f0           HttpServer| GC End.
I/APP     ( 2521): I 03/18/2013 17:44:04:132 000009f0           HttpServer| Process URI: '/system/uidestroyed'
I/APP     ( 2521): I 03/18/2013 17:44:04:169 000009d9    RhodesApplication| New UiState: MainActivityPaused
V/PhoneStatusBar(  141): setLightsOn(true)
D/RhodesService( 2521): +++ onStartCommand
I/RhodesService( 2521): handleCommand: startId=2, source=com.rhomobile.rhodes.BaseActivity
D/RhodesService( 2521): New activity was created
I/APP     ( 2521): I 03/18/2013 17:44:04:451 000009f0           HttpServer| Process URI: '/app/Product/http_callback'
I/APP     ( 2521): I 03/18/2013 17:44:04:453 000009f0                  APP| RHO serve: /app/Product/http_callback
I/APP     ( 2521): I 03/18/2013 17:44:04:552 000009f0                  APP| Params: {"rho_callback"=>"1", "status"=>"ok", "http_error"=>"200", "headers"=>{"Content-Type"=>"application/x-www-form-urlencoded", "User-Agent"=>"Mozilla-5.0 (ANDROID; unknown generic; 4.0.4)", "charset"=>"UTF-8", "connection"=>"Keep-Alive", "content-type"=>"application/json", "date"=>"Mon, 18 Mar 2013 16:44:05 GMT", "keep-alive"=>"timeout=3, max=100", "server"=>"Apache/2.2.21 (Unix) mod_ssl/2.2.21 OpenSSL/0.9.8r", "transfer-encoding"=>"chunked", "x-pad"=>"avoid browser bug", "x-powered-by"=>"PHP/5.2.17"}, "__rho_object"=>{"body"=>"0"}}
I/APP     ( 2521): I 03/18/2013 17:44:04:601 000009f0                  APP| const_missing: Product
I/APP     ( 2521): I 03/18/2013 17:44:04:605 000009f0                  APP| load_model: Product
I/APP     ( 2521): I 03/18/2013 17:44:04:653 000009f0              RhoRuby| require_compiled: Product/product
I/Process (   81): Sending signal. PID: 2521 SIG: 3
I/dalvikvm( 2521): threadid=3: reacting to signal 3
I/dalvikvm( 2521): Wrote stack traces to '/data/anr/traces.txt'
I/APP     ( 2521): I 03/18/2013 17:44:04:802 000009f0                  APP| model name: Product
I/APP     ( 2521): I 03/18/2013 17:44:04:828 000009f0                  APP| model class found
I/APP     ( 2521): I 03/18/2013 17:44:04:869 000009f0                  APP| Product : {"schema"=>{"property"=>{"catalog_date"=>[:date, nil], "catalog_version"=>[:integer, nil], "category"=>[:string, nil], "category_name"=>[:string, nil], "category_img_url"=>[:string, nil], "sub_category"=>[:string, nil], "sub_category_name"=>[:string, nil], "sub_category_img_url"=>[:string, nil], "details"=>[:string, nil], "details_name"=>[:string, nil], "detail_img_url"=>[:string, nil], "header"=>[:string, nil], "attribute_title_1"=>[:string, nil], "attribute_title_2"=>[:string, nil], "attribute_title_3"=>[:string, nil], "attribute_title_4"=>[:string, nil], "attribute_title_5"=>[:string, nil], "attribute_list_title"=>[:string, nil], "attribute_1"=>[:string, nil], "attribute_2"=>[:string, nil], "attribute_3"=>[:string, nil], "attribute_4"=>[:string, nil], "attribute_5"=>[:string, nil], "attribute_list"=>[:string, nil]}}}
I/APP     ( 2521): I 03/18/2013 17:44:04:874 000009f0                   DB| Open DB: /data/data/com.rhomobile.macotec/rhodata/db/syncdblocal.sqlite
I/APP     ( 2521): I 03/18/2013 17:44:04:935 000009f0                  APP| init_db_sources
I/APP     ( 2521): I 03/18/2013 17:44:04:994 000009f0                  APP| start_id: 40005
I/APP     ( 2521): I 03/18/2013 17:44:04:998 000009f0                  APP| Migrate schema sources: {}
I/APP     ( 2521): I 03/18/2013 17:44:05:083 000009f0                  APP| ::::::::::::::::::::::: update_product_list
I/Process (   81): Sending signal. PID: 2521 SIG: 3
I/dalvikvm( 2521): threadid=3: reacting to signal 3
I/dalvikvm( 2521): Wrote stack traces to '/data/anr/traces.txt'
W/ThrottleService(   81): unable to find stats for iface rmnet0
I/ActivityManager(   81): Displayed com.rhomobile.macotec/com.rhomobile.rhodes.alert.PopupActivity: +1s415ms
I/APP     ( 2521): I 03/18/2013 17:44:08:839 000009d9       SimpleMainView| Cleared URL: http://localhost:8080/app/Product
I/APP     ( 2521): I 03/18/2013 17:44:08:880 000009fe            AsyncHttp| ThreadQueue blocked for 4294967295 seconds...
I/APP     ( 2521): I 03/18/2013 17:44:08:907 000009f0           HttpServer| GC Start.
I/APP     ( 2521): I 03/18/2013 17:44:08:968 000009f0           HttpServer| GC End.
I/APP     ( 2521): I 03/18/2013 17:44:08:971 000009f0           HttpServer| Process URI: '/app/Product'
I/APP     ( 2521): I 03/18/2013 17:44:09:002 000009f0                  APP| RHO serve: /app/Product
W/WindowManager(   81): Failure taking screenshot for (180x300) to layer 21020
V/PhoneStatusBar(  141): setLightsOn(true)
I/APP     ( 2521): I 03/18/2013 17:44:09:244 000009d9       RhodesActivity| onResume
I/APP     ( 2521): I 03/18/2013 17:44:09:245 000009d9 AndroidFunctionality| Resume WebView
I/APP     ( 2521): I 03/18/2013 17:44:09:459 000009f0 RHO ProductController| Layout file: /data/data/com.rhomobile.macotec/rhodata/apps/app/layout_erb.iseq. Content size: 3810
I/APP     ( 2521): I 03/18/2013 17:44:09:502 000009f0           HttpServer| GC Start.
I/APP     ( 2521): I 03/18/2013 17:44:09:561 000009f0           HttpServer| GC End.
I/Process (   81): Sending signal. PID: 2521 SIG: 3
I/dalvikvm( 2521): threadid=3: reacting to signal 3
I/dalvikvm( 2521): Wrote stack traces to '/data/anr/traces.txt'
I/APP     ( 2521): I 03/18/2013 17:44:11:510 000009f0           HttpServer| Process URI: '/public/jqmobile/images/icons-36-white.png'
I/APP     ( 2521): I 03/18/2013 17:44:58:272 000009f0           HttpServer| Process URI: '/app/Product/sub_categories'
I/APP     ( 2521): I 03/18/2013 17:44:58:274 000009f0                  APP| RHO serve: /app/Product/sub_categories
I/APP     ( 2521): I 03/18/2013 17:44:58:277 000009f0                  APP| Params: {"category"=>"rough_terrain_forklift_trucks"}
I/APP     ( 2521): I 03/18/2013 17:44:58:444 000009f0           HttpServer| GC Start.
I/APP     ( 2521): I 03/18/2013 17:44:58:501 000009f0           HttpServer| GC End.
E/libEGL  ( 2521): call to OpenGL ES API with no current context (logged once per thread)
D/ShaderProgram( 2521): couldn't load the vertex shader!
E/libEGL  ( 2521): call to OpenGL ES API with no current context (logged once per thread)
D/ShaderProgram( 2521): couldn't load the vertex shader!
E/libEGL  ( 2521): call to OpenGL ES API with no current context (logged once per thread)
D/ShaderProgram( 2521): couldn't load the vertex shader!
E/libEGL  ( 2521): call to OpenGL ES API with no current context (logged once per thread)
D/ShaderProgram( 2521): couldn't load the vertex shader!
E/libEGL  ( 2521): call to OpenGL ES API with no current context (logged once per thread)
D/ShaderProgram( 2521): couldn't load the vertex shader!
D/dalvikvm(   81): GC_CONCURRENT freed 373K, 11% free 11286K/12679K, paused 5ms+14ms
I/APP     ( 2521): I 03/18/2013 17:45:01:941 000009f0           HttpServer| Process URI: '/app/index_erb.iseq'
