I/APP     ( 1527): I 03/01/2013 15:43:52:295 0000060e                  APP| RHO serve: /app/Request/choose_existing
I/APP     ( 1527): I 03/01/2013 15:43:52:323 0000060e           HttpServer| GC Start.
I/APP     ( 1527): I 03/01/2013 15:43:52:396 0000060e           HttpServer| GC End.
I/ActivityManager(   86): START {cmp=com.rhomobile.macotec/com.rhomobile.rhodes.camera.FileList (has extras)} from pid 1527
W/WindowManager(   86): Failure taking screenshot for (180x300) to layer 21015
I/APP     ( 1527): I 03/01/2013 15:43:52:725 000005f7 AndroidFunctionality| Pause WebView
I/APP     ( 1527): I 03/01/2013 15:43:52:727 000005f7       RhodesActivity| onPause
I/APP     ( 1527): I 03/01/2013 15:43:52:757 0000060e           HttpServer| Process URI: '/system/uidestroyed'
I/APP     ( 1527): I 03/01/2013 15:43:52:764 000005f7    RhodesApplication| New UiState: MainActivityPaused
D/RhodesService( 1527): +++ onStartCommand
I/RhodesService( 1527): handleCommand: startId=3, source=com.rhomobile.rhodes.BaseActivity
D/RhodesService( 1527): New activity was created
V/PhoneStatusBar(  141): setLightsOn(true)
I/Process (   86): Sending signal. PID: 1527 SIG: 3
I/dalvikvm( 1527): threadid=3: reacting to signal 3
I/dalvikvm( 1527): Wrote stack traces to '/data/anr/traces.txt'
I/ActivityManager(   86): Displayed com.rhomobile.macotec/com.rhomobile.rhodes.camera.FileList: +842ms
I/APP     ( 1527): I 03/01/2013 15:43:53:871 000005f7       RhodesActivity| onStop
I/APP     ( 1527): I 03/01/2013 15:43:55:446 000005f7             FileList| Selected file: /mnt/sdcard/DCIM/Camera/1362145213715.jpg
I/APP     ( 1527): I 03/01/2013 15:43:56:545 0000060e           HttpServer| Process URI: '/app/Request/choose_existing_callback'
I/APP     ( 1527): I 03/01/2013 15:43:56:547 0000060e                  APP| RHO serve: /app/Request/choose_existing_callback
I/APP     ( 1527): I 03/01/2013 15:43:56:566 0000060e                  APP| Params: {"rho_callback"=>"1", "status"=>"ok", "image_uri"=>"db/db-files/1362145213715.jpg"}
I/APP     ( 1527): I 03/01/2013 15:43:56:585 0000060e           HttpServer| GC Start.
W/WindowManager(   86): Failure taking screenshot for (180x300) to layer 21020
I/APP     ( 1527): I 03/01/2013 15:43:56:636 000005f7       SimpleMainView| Cleared URL: javascript:showImage("/data/data/com.rhomobile.macotec/rhodata/db/db-files/1362145213715.jpg");
I/APP     ( 1527): I 03/01/2013 15:43:56:700 0000060e           HttpServer| GC End.
I/APP     ( 1527): I 03/01/2013 15:43:56:702 0000060e           HttpServer| Process URI: '/data/data/com.rhomobile.macotec/rhodata/db/db-files/1362145213715.jpg'
I/APP     ( 1527): I 03/01/2013 15:43:56:756 000005f7       RhodesActivity| onStart
I/APP     ( 1527): I 03/01/2013 15:43:56:759 000005f7    RhodesApplication| New UiState: MainActivityStarted
I/APP     ( 1527): I 03/01/2013 15:43:56:782 000005f7       RhodesActivity| onResume
I/APP     ( 1527): I 03/01/2013 15:43:56:784 000005f7 AndroidFunctionality| Resume WebView
V/PhoneStatusBar(  141): setLightsOn(true)
I/Process (   86): Sending signal. PID: 1527 SIG: 3
I/dalvikvm( 1527): threadid=3: reacting to signal 3
I/dalvikvm( 1527): Wrote stack traces to '/data/anr/traces.txt'
