I/APP     (  605): I 02/18/2013 10:43:27:756 00000272         AppCallbacks| process command: APP-ACTIVATED
I/APP     (  605): I 02/18/2013 10:43:27:772 0000025d        GoogleWebView| Creating new RhoWebChromeClient
I/APP     (  605): I 02/18/2013 10:43:27:783 0000025d       SimpleMainView| Cleared URL: http://localhost:8080/app
I/APP     (  605): I 02/18/2013 10:43:27:804 00000274           HttpServer| Process URI: '/system/activateapp'
I/APP     (  605): I 02/18/2013 10:43:27:827 00000272         AppCallbacks| ThreadQueue blocked for 4294967295 seconds...
V/SimpleMainView.View(  605): ms[1361180607831]  Main Window :: onSizeChanged() old [ 480 x 762 ]  new [ 0 x 0 ]
I/APP     (  605): I 02/18/2013 10:43:27:895 0000025d        GoogleWebView| Setting RhoWebChromeClient
I/APP     (  605): I 02/18/2013 10:43:28:003 00000274           HttpServer| Process URI: '/app'
I/APP     (  605): I 02/18/2013 10:43:28:047 0000025d     RhoWebViewClient| Loading URL: http://localhost:8080/app/index_erb.iseq
I/APP     (  605): I 02/18/2013 10:43:28:083 00000274           HttpServer| Process URI: '/app/index_erb.iseq'
I/APP     (  605): I 02/18/2013 10:43:28:088 00000274                  APP| RHO serve_index: /app/index_erb.iseq
I/APP     (  605): I 02/18/2013 10:43:28:095 00000274 RHO Rho::RhoController| inst_render_index
I/APP     (  605): I 02/18/2013 10:43:28:152 00000274 RHO Rho::RhoController| index layout
I/APP     (  605): I 02/18/2013 10:43:28:223 00000274           HttpServer| GC Start.
I/APP     (  605): I 02/18/2013 10:43:28:292 00000274           HttpServer| GC End.
I/APP     (  605): I 02/18/2013 10:43:28:482 00000274           HttpServer| Process URI: '/public/js/request.js'
I/APP     (  605): I 02/18/2013 10:43:28:595 00000274           HttpServer| Process URI: '/public/jquery/jquery-1.6.4.min.js'
I/APP     (  605): I 02/18/2013 10:43:28:671 00000274           HttpServer| Process URI: '/public/jquery/jquery.json-2.3.min.js'
I/APP     (  605): I 02/18/2013 10:43:28:759 00000274           HttpServer| Process URI: '/public/jqmobile/jquery.mobile-1.0.1.min.css'
I/APP     (  605): I 02/18/2013 10:43:28:796 00000274           HttpServer| Process URI: '/public/css/jqmobile-patch.css'
I/APP     (  605): I 02/18/2013 10:43:28:815 00000274           HttpServer| Process URI: '/public/jqmobile/jquery.mobile-1.0.1.min.js'
I/APP     (  605): I 02/18/2013 10:43:28:878 00000274           HttpServer| Process URI: '/public/js/jqmobile-patch.js'
I/APP     (  605): I 02/18/2013 10:43:28:903 00000274           HttpServer| Process URI: '/public/css/macotec_style.css'
I/APP     (  605): I 02/18/2013 10:43:32:074 00000274           HttpServer| Process URI: '/public/images/macotec/logo.png'
I/APP     (  605): I 02/18/2013 10:43:32:816 00000274           HttpServer| Process URI: '/public/images/macotec/request_top.png'
I/APP     (  605): I 02/18/2013 10:43:32:885 00000274           HttpServer| Process URI: '/public/images/macotec/contact_png.png'
I/APP     (  605): I 02/18/2013 10:43:32:911 00000274           HttpServer| Process URI: '/public/images/macotec/products_png.png'
I/APP     (  605): I 02/18/2013 10:43:32:928 00000274           HttpServer| Process URI: '/public/images/macotec/info_png.png'
I/APP     (  605): I 02/18/2013 10:43:38:502 00000274           HttpServer| Process URI: '/app/index_erb.iseq'
I/APP     (  605): I 02/18/2013 10:43:38:511 00000274                  APP| RHO serve_index: /app/index_erb.iseq
I/APP     (  605): I 02/18/2013 10:43:38:530 00000274 RHO Rho::RhoController| inst_render_index
I/APP     (  605): I 02/18/2013 10:43:38:675 00000274 RHO Rho::RhoController| index layout
I/APP     (  605): I 02/18/2013 10:43:38:959 00000274           HttpServer| GC Start.
I/APP     (  605): I 02/18/2013 10:43:39:290 00000274           HttpServer| GC End.
I/APP     (  605): I 02/18/2013 10:43:40:495 00000274           HttpServer| Process URI: '/favicon.ico'
I/APP     (  605): E 02/18/2013 10:43:40:500 00000274           HttpServer| The file /favicon.ico was not found
I/APP     (  605): I 02/18/2013 10:43:46:162 00000274           HttpServer| Process URI: '/app/Product'
I/APP     (  605): I 02/18/2013 10:43:46:180 00000274                  APP| RHO serve: /app/Product
I/APP     (  605): I 02/18/2013 10:43:46:184 00000274              RhoRuby| require_compiled: Product/product_controller
I/APP     (  605): I 02/18/2013 10:43:46:213 00000274              RhoRuby| require_compiled: helpers/browser_helper
I/APP     (  605): I 02/18/2013 10:43:46:239 00000274                  APP| const_missing: Product
I/APP     (  605): I 02/18/2013 10:43:46:240 00000274                  APP| load_model: Product
I/APP     (  605): I 02/18/2013 10:43:46:251 00000274              RhoRuby| require_compiled: Product/product
I/APP     (  605): I 02/18/2013 10:43:46:284 00000274                  APP| model name: Product
I/APP     (  605): I 02/18/2013 10:43:46:285 00000274                  APP| model class found
I/APP     (  605): I 02/18/2013 10:43:46:289 00000274                  APP| Product : {"property"=>{}}
I/APP     (  605): I 02/18/2013 10:43:46:294 00000274                   DB| Open DB: /data/data/com.rhomobile.macotec/rhodata/db/syncdblocal.sqlite
I/APP     (  605): I 02/18/2013 10:43:46:311 00000274                  APP| init_db_sources
I/APP     (  605): I 02/18/2013 10:43:46:334 00000274                  APP| start_id: 40005
I/APP     (  605): I 02/18/2013 10:43:46:336 00000274                  APP| Migrate schema sources: {}
I/APP     (  605): I 02/18/2013 10:43:46:384 00000274           HttpServer| GC Start.
I/APP     (  605): I 02/18/2013 10:43:46:407 00000274           HttpServer| GC End.
I/APP     (  605): I 02/18/2013 10:43:46:464 00000274           HttpServer| Process URI: '/favicon.ico'
I/APP     (  605): E 02/18/2013 10:43:46:466 00000274           HttpServer| The file /favicon.ico was not found
I/APP     (  605): E 02/18/2013 10:43:48:532 00000274           HttpServer| Connection gracefully closed before we send any data
I/APP     (  605): E 02/18/2013 10:43:48:533 00000274           HttpServer| Parsing error
I/APP     (  605): E 02/18/2013 10:43:48:535 00000274           HttpServer| Connection gracefully closed before we send any data
I/APP     (  605): E 02/18/2013 10:43:48:536 00000274           HttpServer| Parsing error
I/APP     (  605): I 02/18/2013 10:43:48:836 00000274           HttpServer| Process URI: '/app/Product/sub_categories'
I/APP     (  605): I 02/18/2013 10:43:48:838 00000274                  APP| RHO serve: /app/Product/sub_categories
I/APP     (  605): I 02/18/2013 10:43:48:845 00000274                  APP| Params: {"product"=>"teleskopstapler"}
I/APP     (  605): I 02/18/2013 10:43:48:877 00000274           HttpServer| GC Start.
I/APP     (  605): I 02/18/2013 10:43:48:906 00000274           HttpServer| GC End.
I/APP     (  605): I 02/18/2013 10:43:48:964 00000274           HttpServer| Process URI: '/favicon.ico'
I/APP     (  605): E 02/18/2013 10:43:48:967 00000274           HttpServer| The file /favicon.ico was not found
I/APP     (  605): I 02/18/2013 10:43:49:846 00000274           HttpServer| Process URI: '/app/Product/product_details'
I/APP     (  605): I 02/18/2013 10:43:49:848 00000274                  APP| RHO serve: /app/Product/product_details
I/APP     (  605): I 02/18/2013 10:43:49:852 00000274                  APP| Params: {"product"=>"teleskop_drehbar"}
I/APP     (  605): I 02/18/2013 10:43:49:893 00000274           HttpServer| GC Start.
I/APP     (  605): I 02/18/2013 10:43:49:909 00000274           HttpServer| GC End.
I/APP     (  605): I 02/18/2013 10:43:49:955 00000274           HttpServer| Process URI: '/favicon.ico'
I/APP     (  605): E 02/18/2013 10:43:49:958 00000274           HttpServer| The file /favicon.ico was not found
I/APP     (  605): I 02/18/2013 10:43:51:188 00000274           HttpServer| Process URI: '/app/Product/sub_categories'
I/APP     (  605): I 02/18/2013 10:43:51:192 00000274                  APP| RHO serve: /app/Product/sub_categories
I/APP     (  605): I 02/18/2013 10:43:51:198 00000274                  APP| Params: {"product"=>"teleskop_drehbar"}
I/APP     (  605): I 02/18/2013 10:43:51:232 00000274           HttpServer| GC Start.
I/APP     (  605): I 02/18/2013 10:43:51:250 00000274           HttpServer| GC End.
I/APP     (  605): I 02/18/2013 10:43:51:286 00000274           HttpServer| Process URI: '/favicon.ico'
I/APP     (  605): E 02/18/2013 10:43:51:288 00000274           HttpServer| The file /favicon.ico was not found
I/APP     (  605): I 02/18/2013 10:44:02:736 00000274           HttpServer| Process URI: '/app/Product'
I/APP     (  605): I 02/18/2013 10:44:02:738 00000274                  APP| RHO serve: /app/Product
I/APP     (  605): I 02/18/2013 10:44:02:774 00000274           HttpServer| GC Start.
I/APP     (  605): I 02/18/2013 10:44:02:807 00000274           HttpServer| GC End.
I/APP     (  605): I 02/18/2013 10:44:02:855 00000274           HttpServer| Process URI: '/favicon.ico'
I/APP     (  605): E 02/18/2013 10:44:02:858 00000274           HttpServer| The file /favicon.ico was not found
I/APP     (  605): I 02/18/2013 10:44:09:272 00000274           HttpServer| Process URI: '/app/Product/sub_categories'
I/APP     (  605): I 02/18/2013 10:44:09:273 00000274                  APP| RHO serve: /app/Product/sub_categories
I/APP     (  605): I 02/18/2013 10:44:09:276 00000274                  APP| Params: {"product"=>"arbeitsbuehnen"}
I/APP     (  605): I 02/18/2013 10:44:09:322 00000274           HttpServer| GC Start.
I/APP     (  605): I 02/18/2013 10:44:09:350 00000274           HttpServer| GC End.
I/APP     (  605): I 02/18/2013 10:44:09:418 00000274           HttpServer| Process URI: '/favicon.ico'
I/APP     (  605): E 02/18/2013 10:44:09:425 00000274           HttpServer| The file /favicon.ico was not found
I/APP     (  605): I 02/18/2013 10:44:18:083 00000274           HttpServer| Process URI: '/app/Product/product_details'
I/APP     (  605): I 02/18/2013 10:44:18:084 00000274                  APP| RHO serve: /app/Product/product_details
I/APP     (  605): I 02/18/2013 10:44:18:087 00000274                  APP| Params: {"product"=>"scherenbuehnen"}
I/APP     (  605): I 02/18/2013 10:44:18:138 00000274           HttpServer| GC Start.
I/APP     (  605): I 02/18/2013 10:44:18:166 00000274           HttpServer| GC End.
I/APP     (  605): I 02/18/2013 10:44:18:215 00000274           HttpServer| Process URI: '/favicon.ico'
I/APP     (  605): E 02/18/2013 10:44:18:217 00000274           HttpServer| The file /favicon.ico was not found
I/APP     (  605): I 02/18/2013 10:44:24:178 00000274           HttpServer| Process URI: '/app/Product/sub_categories'
I/APP     (  605): I 02/18/2013 10:44:24:180 00000274                  APP| RHO serve: /app/Product/sub_categories
I/APP     (  605): I 02/18/2013 10:44:24:186 00000274                  APP| Params: {"product"=>"scherenbuehnen"}
I/APP     (  605): I 02/18/2013 10:44:24:217 00000274           HttpServer| GC Start.
I/APP     (  605): I 02/18/2013 10:44:24:240 00000274           HttpServer| GC End.
I/APP     (  605): I 02/18/2013 10:44:24:283 00000274           HttpServer| Process URI: '/favicon.ico'
I/APP     (  605): E 02/18/2013 10:44:24:286 00000274           HttpServer| The file /favicon.ico was not found
D/AndroidRuntime(  642): 
D/AndroidRuntime(  642): >>>>>> AndroidRuntime START com.android.internal.os.RuntimeInit <<<<<<
D/AndroidRuntime(  642): CheckJNI is ON
D/AndroidRuntime(  642): Calling main entry com.android.commands.pm.Pm
W/ActivityManager(   77): No content provider found for permission revoke: file:///data/local/tmp/MacoTec-debug.apk
W/ActivityManager(   77): No content provider found for permission revoke: file:///data/local/tmp/MacoTec-debug.apk
D/dalvikvm(   77): GC_CONCURRENT freed 310K, 15% free 11333K/13191K, paused 13ms+9ms
D/dalvikvm(   77): GC_CONCURRENT freed 269K, 13% free 11543K/13191K, paused 14ms+7ms
D/dalvikvm(   77): GC_CONCURRENT freed 463K, 13% free 11603K/13191K, paused 9ms+7ms
D/dalvikvm(   77): GC_CONCURRENT freed 521K, 12% free 11616K/13191K, paused 8ms+11ms
D/dalvikvm(   77): GC_CONCURRENT freed 570K, 12% free 11614K/13191K, paused 6ms+11ms
D/dalvikvm(   77): GC_CONCURRENT freed 565K, 12% free 11610K/13191K, paused 7ms+17ms
D/dalvikvm(   77): GC_CONCURRENT freed 548K, 12% free 11612K/13191K, paused 7ms+12ms
I/PackageManager(   77): Removing non-system package:com.rhomobile.macotec
I/ActivityManager(   77): Force stopping package com.rhomobile.macotec uid=10040
I/ActivityManager(   77): Killing proc 605:com.rhomobile.macotec/10040: force stop
W/ActivityManager(   77): Force removing ActivityRecord{4146bd00 com.rhomobile.macotec/com.rhomobile.rhodes.RhodesActivity}: app died, no saved state
W/NetworkManagementSocketTagger(   77): setKernelCountSet(10040, 0) failed with errno -2
W/NetworkManagementSocketTagger(   77): setKernelCountSet(10009, 1) failed with errno -2
I/WindowManager(   77): WIN DEATH: Window{41630178 com.rhomobile.macotec/com.rhomobile.rhodes.RhodesActivity paused=false}
W/InputManagerService(   77): Got RemoteException sending setActive(false) notification to pid 605 uid 10040
I/Process (   77): Sending signal. PID: 168 SIG: 3
I/dalvikvm(  168): threadid=3: reacting to signal 3
I/dalvikvm(  168): Wrote stack traces to '/data/anr/traces.txt'
I/PackageManager(   77): Package com.rhomobile.macotec codePath changed from /data/app/com.rhomobile.macotec-1.apk to /data/app/com.rhomobile.macotec-2.apk; Retaining data and using new
D/dalvikvm(  168): GC_FOR_ALLOC freed 2496K, 22% free 17784K/22663K, paused 52ms
D/dalvikvm(  168): GC_FOR_ALLOC freed 1263K, 20% free 18138K/22663K, paused 54ms
D/dalvikvm(  168): GC_FOR_ALLOC freed <1K, 15% free 19394K/22663K, paused 62ms
I/dalvikvm-heap(  168): Grow heap (frag case) to 19.894MB for 925072-byte allocation
D/dalvikvm(  168): GC_FOR_ALLOC freed 3K, 15% free 20294K/23623K, paused 102ms
D/dalvikvm(  168): GC_CONCURRENT freed 3731K, 22% free 18593K/23623K, paused 4ms+10ms
I/PackageManager(   77): Running dexopt on: com.rhomobile.macotec
D/dalvikvm(  653): DexOpt: load 95ms, verify+opt 549ms
W/PackageManager(   77): Code path for pkg : com.rhomobile.macotec changing from /data/app/com.rhomobile.macotec-1.apk to /data/app/com.rhomobile.macotec-2.apk
W/PackageManager(   77): Resource path for pkg : com.rhomobile.macotec changing from /data/app/com.rhomobile.macotec-1.apk to /data/app/com.rhomobile.macotec-2.apk
I/ActivityManager(   77): Force stopping package com.rhomobile.macotec uid=10040
D/dalvikvm(   77): GC_CONCURRENT freed 519K, 12% free 11637K/13191K, paused 6ms+58ms
D/PackageManager(   77): New package installed in /data/app/com.rhomobile.macotec-2.apk
I/ActivityManager(   77): Force stopping package com.rhomobile.macotec uid=10040
D/dalvikvm(  168): GC_EXPLICIT freed 1056K, 23% free 18234K/23623K, paused 17ms+28ms
D/dalvikvm(  229): GC_EXPLICIT freed 148K, 4% free 9386K/9735K, paused 182ms+31ms
D/PackageManager(   77): generateServicesMap(android.accounts.AccountAuthenticator): 2 services unchanged
D/PackageManager(   77): generateServicesMap(android.content.SyncAdapter): 4 services unchanged
D/BackupManagerService(   77): Received broadcast Intent { act=android.intent.action.PACKAGE_REMOVED dat=package:com.rhomobile.macotec flg=0x10000010 (has extras) }
D/dalvikvm(   77): GC_EXPLICIT freed 739K, 16% free 11181K/13191K, paused 28ms+37ms
I/AccountTypeManager(  247): Loaded meta-data for 1 account types, 0 accounts in 556ms(wall) 30ms(cpu)
D/PackageManager(   77): generateServicesMap(android.accounts.AccountAuthenticator): 2 services unchanged
D/PackageManager(   77): generateServicesMap(android.content.SyncAdapter): 4 services unchanged
D/BackupManagerService(   77): Received broadcast Intent { act=android.intent.action.PACKAGE_ADDED dat=package:com.rhomobile.macotec flg=0x10000010 (has extras) }
V/BackupManagerService(   77): updatePackageParticipantsLocked: #1
W/RecognitionManagerService(   77): no available voice recognition services found
I/AccountTypeManager(  247): Loaded meta-data for 1 account types, 0 accounts in 1860ms(wall) 17ms(cpu)
D/BackupManagerService(   77): Received broadcast Intent { act=android.intent.action.PACKAGE_REPLACED dat=package:com.rhomobile.macotec flg=0x10000010 (has extras) }
V/BackupManagerService(   77): updatePackageParticipantsLocked: #1
D/dalvikvm(   77): GC_CONCURRENT freed 411K, 15% free 11311K/13191K, paused 6ms+16ms
D/dalvikvm(  168): GC_FOR_ALLOC freed 3497K, 32% free 16285K/23623K, paused 57ms
D/dalvikvm(  168): GC_CONCURRENT freed 3154K, 37% free 15107K/23623K, paused 11ms+12ms
D/dalvikvm(  168): GC_FOR_ALLOC freed 85K, 32% free 16238K/23623K, paused 51ms
D/dalvikvm(  168): GC_CONCURRENT freed 281K, 24% free 17990K/23623K, paused 4ms+7ms
D/dalvikvm(  168): GC_FOR_ALLOC freed 376K, 20% free 18936K/23623K, paused 90ms
D/dalvikvm(  168): GC_CONCURRENT freed 1003K, 16% free 19977K/23623K, paused 4ms+9ms
D/dalvikvm(   77): GC_EXPLICIT freed 194K, 16% free 11185K/13191K, paused 35ms+19ms
D/AndroidRuntime(  642): Shutting down VM
D/dalvikvm(  642): GC_CONCURRENT freed 97K, 79% free 450K/2048K, paused 1ms+1ms
I/AndroidRuntime(  642): NOTE: attach of thread 'Binder Thread #3' failed
D/AndroidRuntime(  661): 
D/AndroidRuntime(  661): >>>>>> AndroidRuntime START com.android.internal.os.RuntimeInit <<<<<<
D/AndroidRuntime(  661): CheckJNI is ON
D/AndroidRuntime(  661): Calling main entry com.android.commands.am.Am
I/ActivityManager(   77): START {act=android.intent.action.MAIN flg=0x10000000 cmp=com.rhomobile.macotec/com.rhomobile.rhodes.RhodesActivity} from pid 661
W/WindowManager(   77): Failure taking screenshot for (180x300) to layer 21005
D/AndroidRuntime(  661): Shutting down VM
D/dalvikvm(  661): GC_CONCURRENT freed 97K, 77% free 479K/2048K, paused 1ms+1ms
I/AndroidRuntime(  661): NOTE: attach of thread 'Binder Thread #3' failed
I/ActivityManager(   77): Start proc com.rhomobile.macotec for activity com.rhomobile.macotec/com.rhomobile.rhodes.RhodesActivity: pid=671 uid=10040 gids={3003}
I/dalvikvm(  671): Turning on JNI app bug workarounds for target SDK version 4...
W/NetworkManagementSocketTagger(   77): setKernelCountSet(10040, 1) failed with errno -2
I/Process (   77): Sending signal. PID: 671 SIG: 3
I/dalvikvm(  671): threadid=3: reacting to signal 3
I/dalvikvm(  671): Wrote stack traces to '/data/anr/traces.txt'
D/dalvikvm(  671): Trying to load lib /data/data/com.rhomobile.macotec/lib/librhodes.so 0x4129dbe0
D/dalvikvm(  671): Added shared lib /data/data/com.rhomobile.macotec/lib/librhodes.so 0x4129dbe0
D/dalvikvm(  671): Trying to load lib /data/data/com.rhomobile.macotec/lib/librhodes.so 0x4129dbe0
D/dalvikvm(  671): Shared lib '/data/data/com.rhomobile.macotec/lib/librhodes.so' already loaded in same CL 0x4129dbe0
I/ActivityThread(  671): Pub com.rhomobile.macotec: com.rhomobile.rhodes.LocalFileProvider
I/RhodesApplication(  671): Initializing...
D/RhoFileApi(  671): App root path: /data/data/com.rhomobile.macotec/rhodata/
D/RhoFileApi(  671): Sqlite journals path: /data/data/com.rhomobile.macotec/sqlite_stmt_journals/
D/RhoFileApi(  671): Shared path: /data/data/com.rhomobile.macotec/rhodata/
D/RhodesApplication(  671): Root path: /data/data/com.rhomobile.macotec/rhodata/
I/RhodesApplication(  671): Application hash was changed
D/RhoFileApi(  671): Copy hash to FS
D/RhoFileApi(  671): File hash copied
D/RhoFileApi(  671): Copy rho.dat to FS
D/RhoFileApi(  671): File rho.dat copied
D/RhoFileApi(  671): Copy apps/rhoconfig.txt to FS
D/RhoFileApi(  671): File apps/rhoconfig.txt copied
I/RhoFileApi(  671): Opening stat table from FS: /data/data/com.rhomobile.macotec/rhodata/rho.dat
I/Process (   77): Sending signal. PID: 671 SIG: 3
I/dalvikvm(  671): threadid=3: reacting to signal 3
I/dalvikvm(  671): Wrote stack traces to '/data/anr/traces.txt'
D/RhoFileApi(  671): Copy apps/rhoconfig.txt to FS
D/RhoFileApi(  671): File apps/rhoconfig.txt copied
D/RhoFileApi(  671): App root path: /data/data/com.rhomobile.macotec/rhodata/
D/RhoFileApi(  671): Sqlite journals path: /data/data/com.rhomobile.macotec/sqlite_stmt_journals/
D/RhoFileApi(  671): Shared path: /data/data/com.rhomobile.macotec/rhodata/
I/APP     (  671): I 02/18/2013 10:49:00:482 0000029f    RhodesApplication| Initialized
I/APP     (  671): I 02/18/2013 10:49:00:519 0000029f         BaseActivity| New screen properties - width: 480, height: 800, orientation: 1
I/APP     (  671): I 02/18/2013 10:49:00:606 0000029f         SplashScreen| Looking for start page source
D/dalvikvm(  671): GC_CONCURRENT freed 288K, 4% free 9231K/9607K, paused 4ms+4ms
I/Process (   77): Sending signal. PID: 671 SIG: 3
I/dalvikvm(  671): threadid=3: reacting to signal 3
D/dalvikvm(  671): GC_FOR_ALLOC freed 4K, 4% free 9227K/9607K, paused 76ms
I/dalvikvm-heap(  671): Grow heap (frag case) to 12.146MB for 3217300-byte allocation
I/dalvikvm(  671): Wrote stack traces to '/data/anr/traces.txt'
D/dalvikvm(  671): GC_FOR_ALLOC freed 0K, 4% free 12369K/12807K, paused 66ms
I/APP     (  671): I 02/18/2013 10:49:01:293 0000029f         SplashScreen| Done
I/APP     (  671): I 02/18/2013 10:49:01:296 0000029f    RhodesApplication| New UiState: MainActivityCreated
I/APP     (  671): I 02/18/2013 10:49:01:302 0000029f       RhodesActivity| onStart
I/APP     (  671): I 02/18/2013 10:49:01:308 0000029f    RhodesApplication| New UiState: MainActivityStarted
I/APP     (  671): I 02/18/2013 10:49:01:313 0000029f       RhodesActivity| onResume
I/APP     (  671): I 02/18/2013 10:49:01:318 0000029f AndroidFunctionality| Resume WebView
I/Process (   77): Sending signal. PID: 671 SIG: 3
I/dalvikvm(  671): threadid=3: reacting to signal 3
I/APP     (  671): I 02/18/2013 10:49:01:390 0000029f        RhodesService| onCreate
I/dalvikvm(  671): Wrote stack traces to '/data/anr/traces.txt'
I/APP     (  671): I 02/18/2013 10:49:01:416 0000029f    LocalFileProvider| Revoke URI permissions: content:///com.rhomobile.macotec
W/ActivityManager(   77): No content provider found for permission revoke: content:///com.rhomobile.macotec
I/APP     (  671): I 02/18/2013 10:49:01:422 0000029f               Rhodes| Loading...
I/APP     (  671): I 02/18/2013 10:49:01:435 0000029f            RhodesApp| Trying to get free listening port.
I/APP     (  671): I 02/18/2013 10:49:01:436 0000029f            RhodesApp| Trying to bind of 8080 port...
I/APP     (  671): I 02/18/2013 10:49:01:444 0000029f            RhodesApp| Got port to bind on: 8080
I/APP     (  671): I 02/18/2013 10:49:01:448 0000029f            RhodesApp| Free listening port: 8080
I/APP     (  671): I 02/18/2013 10:49:01:460 000002b5         AppCallbacks| Starting main routine...
I/APP     (  671): I 02/18/2013 10:49:01:462 000002b5         AppCallbacks| ThreadQueue blocked for 4294967295 seconds...
I/APP     (  671): I 02/18/2013 10:49:01:501 0000029f        RhodesService| Push is disabled
I/APP     (  671): I 02/18/2013 10:49:01:503 0000029f            RhodesApp| callAppActiveCallback
I/APP     (  671): I 02/18/2013 10:49:01:507 0000029f         AppCallbacks| addCommand: APP-ACTIVATED
I/APP     (  671): I 02/18/2013 10:49:01:511 000002b5         AppCallbacks| Received command APP-ACTIVATED which is greater than expected (LOCAL-SERVER-STARTED) - postpone it
I/APP     (  671): I 02/18/2013 10:49:01:512 000002b5         AppCallbacks| ThreadQueue blocked for 4294967295 seconds...
I/APP     (  671): I 02/18/2013 10:49:01:525 0000029f         AppActivated| Cannot commit now, application will be activated when started.
I/APP     (  671): I 02/18/2013 10:49:01:527 0000029f    RhodesApplication| New AppState: Undefined
D/RhodesService(  671): +++ onStartCommand
I/APP     (  671): I 02/18/2013 10:49:01:534 000002b7            RhodesApp| Starting RhodesApp main routine...
I/RhodesService(  671): handleCommand: startId=1, source=com.rhomobile.rhodes.BaseActivity
D/RhodesService(  671): New activity was created
I/APP     (  671): I 02/18/2013 10:49:01:562 0000029f        RhodesService| onBind
I/APP     (  671): I 02/18/2013 10:49:01:586 0000029f         AppCallbacks| addCommand: UI-CREATED
I/APP     (  671): I 02/18/2013 10:49:01:595 000002b5         AppCallbacks| Received command UI-CREATED which is greater than expected (LOCAL-SERVER-STARTED) - postpone it
I/APP     (  671): I 02/18/2013 10:49:01:596 000002b5         AppCallbacks| ThreadQueue blocked for 4294967295 seconds...
V/PhoneStatusBar(  129): setLightsOn(true)
I/APP     (  671): I 02/18/2013 10:49:01:672 0000029f       RhodesActivity| onServiceConnected: {com.rhomobile.macotec/com.rhomobile.rhodes.RhodesService}
I/APP     (  671): I 02/18/2013 10:49:01:681 0000029f       RhodesActivity| New start parameters: 
I/APP     (  671): I 02/18/2013 10:49:01:682 0000029f            RhodesApp| New start params: 
W/InputManagerService(   77): Starting input on non-focused client com.android.internal.view.IInputMethodClient$Stub$Proxy@4141fdb0 (uid=10009 pid=168)
D/gralloc_goldfish(  671): Emulator without GPU emulation detected.
I/Process (   77): Sending signal. PID: 671 SIG: 3
I/dalvikvm(  671): threadid=3: reacting to signal 3
I/dalvikvm(  671): Wrote stack traces to '/data/anr/traces.txt'
I/ActivityManager(   77): Displayed com.rhomobile.macotec/com.rhomobile.rhodes.RhodesActivity: +2s798ms
I/APP     (  671): I 02/18/2013 10:49:02:269 000002b7              RhoRuby| Init_RhoBlobs: /data/data/com.rhomobile.macotec/rhodata/db/db-files
W/NetworkManagementSocketTagger(   77): setKernelCountSet(10009, 0) failed with errno -2
I/APP     (  671): I 02/18/2013 10:49:02:345 000002b7              RhoRuby| require_compiled: rhoframework
I/APP     (  671): I 02/18/2013 10:49:02:388 000002b7              RhoRuby| require_compiled: rational
I/APP     (  671): I 02/18/2013 10:49:02:400 000002b7              RhoRuby| require_compiled: rhom/rhom_db_adapter
I/APP     (  671): I 02/18/2013 10:49:02:446 000002b7              RhoRuby| require_compiled: rhodes
I/APP     (  671): I 02/18/2013 10:49:02:459 000002b7              RhoRuby| require_compiled: rhom/rhom_object
I/APP     (  671): I 02/18/2013 10:49:02:477 000002b7              RhoRuby| require_compiled: rhofsconnector
I/APP     (  671): I 02/18/2013 10:49:02:480 000002b7              RhoRuby| require_compiled: rho/rhofsconnector
I/APP     (  671): I 02/18/2013 10:49:02:506 000002b7              RhoRuby| require_compiled: rhom/rhom_object_factory
I/APP     (  671): I 02/18/2013 10:49:02:657 000002b7              RhoRuby| require_compiled: rhom/rhom
I/APP     (  671): I 02/18/2013 10:49:02:688 000002b7              RhoRuby| require_compiled: rhom/rhom_model
I/APP     (  671): I 02/18/2013 10:49:02:716 000002b7              RhoRuby| require_compiled: rhom
I/APP     (  671): I 02/18/2013 10:49:02:720 000002b7              RhoRuby| require_compiled: rho/rhoapplication
I/APP     (  671): I 02/18/2013 10:49:02:758 000002b7              RhoRuby| require_compiled: rholang/localization_simplified
I/APP     (  671): I 02/18/2013 10:49:02:790 000002b7              RhoRuby| require_compiled: rho/rhomsg
I/APP     (  671): I 02/18/2013 10:49:02:796 000002b7              RhoRuby| require_compiled: rho/rhotabbar
I/APP     (  671): I 02/18/2013 10:49:02:834 000002b7              RhoRuby| require_compiled: rho/rhotoolbar
I/APP     (  671): I 02/18/2013 10:49:02:840 000002b7                  APP| Current locale: ; Country code: 
I/APP     (  671): I 02/18/2013 10:49:02:847 000002b7                  APP| Locilized file: /data/data/com.rhomobile.macotec/rhodata/lib/rholang/lang_
I/APP     (  671): I 02/18/2013 10:49:02:864 000002b7              RhoRuby| require_compiled: /data/data/com.rhomobile.macotec/rhodata/lib/rholang/lang_en
I/APP     (  671): I 02/18/2013 10:49:02:892 000002b7                  APP| Locilized file: /data/data/com.rhomobile.macotec/rhodata/apps/app/lang/lang_
I/APP     (  671): I 02/18/2013 10:49:02:893 000002b7              RhoRuby| require_compiled: /data/data/com.rhomobile.macotec/rhodata/apps/app/lang/lang_en
I/APP     (  671): I 02/18/2013 10:49:02:933 000002b7                  APP| Locilized file: /data/data/com.rhomobile.macotec/rhodata/lib/rholang/rhoerror_
I/APP     (  671): I 02/18/2013 10:49:02:944 000002b7              RhoRuby| require_compiled: /data/data/com.rhomobile.macotec/rhodata/lib/rholang/rhoerror_en
I/APP     (  671): I 02/18/2013 10:49:02:962 000002b7                  APP| Locilized file: /data/data/com.rhomobile.macotec/rhodata/lib/rholang/rhomsg_
I/APP     (  671): I 02/18/2013 10:49:02:977 000002b7              RhoRuby| require_compiled: /data/data/com.rhomobile.macotec/rhodata/lib/rholang/rhomsg_en
I/APP     (  671): I 02/18/2013 10:49:02:997 000002b7              RhoRuby| require_compiled: indifferent_access
I/APP     (  671): I 02/18/2013 10:49:03:051 000002b7              RhoRuby| require_compiled: rho/rhosupport
I/APP     (  671): I 02/18/2013 10:49:03:115 000002b7              RhoRuby| require_compiled: rho/rhocontroller
I/APP     (  671): I 02/18/2013 10:49:03:170 000002b7              RhoRuby| require_compiled: rho/render
I/APP     (  671): I 02/18/2013 10:49:03:245 000002b7              RhoRuby| require_compiled: rho/rho
I/APP     (  671): I 02/18/2013 10:49:03:401 000002b7              RhoRuby| require_compiled: rho/rhoerror
I/APP     (  671): I 02/18/2013 10:49:03:413 000002b7              RhoRuby| require_compiled: rhom/rhom_source
I/APP     (  671): I 02/18/2013 10:49:03:441 000002b7              RhoRuby| require_compiled: rho/rhoviewhelpers
I/APP     (  671): I 02/18/2013 10:49:03:468 000002b7              RhoRuby| require_compiled: rho
I/APP     (  671): I 02/18/2013 10:49:03:473 000002b7                  APP| RHO loaded
I/APP     (  671): I 02/18/2013 10:49:03:482 000002b7                  APP| Calling RHO.initialize
I/APP     (  671): I 02/18/2013 10:49:03:489 000002b7                  APP| model file: Settings/settings
I/APP     (  671): I 02/18/2013 10:49:03:495 000002b7                  APP| model file: Product/product
I/APP     (  671): I 02/18/2013 10:49:03:499 000002b7                  APP| model file: Request/request
I/APP     (  671): I 02/18/2013 10:49:03:514 000002b7                   DB| Open DB: /data/data/com.rhomobile.macotec/rhodata/db/syncdbuser.sqlite
I/APP     (  671): I 02/18/2013 10:49:03:527 000002b7          GeoLocation| Creating singleton instance.
I/APP     (  671): I 02/18/2013 10:49:03:528 000002b7            RhodesApp| Starting sync engine...
I/APP     (  671): I 02/18/2013 10:49:03:541 000002b7                 Sync| sync_poll_interval: 0
I/APP     (  671): I 02/18/2013 10:49:03:542 000002b7                 Sync| syncserver: 
I/APP     (  671): I 02/18/2013 10:49:03:545 000002b7                 Sync| bulksync_state: 0
I/APP     (  671): I 02/18/2013 10:49:03:549 000002b7            RhodesApp| RhoRubyInitApp...
I/APP     (  671): I 02/18/2013 10:49:03:554 000002b7                  APP| init_app
I/APP     (  671): I 02/18/2013 10:49:03:559 000002b7              RhoRuby| require_compiled: application
I/APP     (  671): I 02/18/2013 10:49:03:576 000002b7                 Sync| Set notification. Source ID: -1;Url :http://localhost:8080/app/Settings/sync_notify; Params: 
I/APP     (  671): I 02/18/2013 10:49:03:577 000002b7           HttpServer| Start HTTP server
I/APP     (  671): I 02/18/2013 10:49:03:582 000002b7           HttpServer| Listen for connections on port 8080
I/APP     (  671): I 02/18/2013 10:49:03:586 000002b7         AppCallbacks| addCommand: LOCAL-SERVER-STARTED
I/APP     (  671): I 02/18/2013 10:49:03:589 000002b5         AppCallbacks| process command: LOCAL-SERVER-STARTED
I/APP     (  671): I 02/18/2013 10:49:03:591 000002b5 RhodesAppActiveObserver| Ready
I/APP     (  671): I 02/18/2013 10:49:03:608 0000029f AndroidFunctionality| Disable WebView zoom
I/APP     (  671): I 02/18/2013 10:49:03:609 0000029f AndroidFunctionality| Set web plugins state 'OFF'
I/APP     (  671): I 02/18/2013 10:49:03:629 000002b5    RhodesApplication| New AppState: AppActivated
I/APP     (  671): I 02/18/2013 10:49:03:630 000002b5         AppCallbacks| process command: UI-CREATED
I/APP     (  671): I 02/18/2013 10:49:03:720 000002b7           HttpServer| Process URI: '/system/uicreated'
I/APP     (  671): I 02/18/2013 10:49:03:723 000002b7                  APP| on_ui_created.navigate to start url: '/app'
I/APP     (  671): I 02/18/2013 10:49:03:725 0000029f         SplashScreen| navigate: url=http://localhost:8080/app
I/APP     (  671): I 02/18/2013 10:49:03:726 0000029f         SplashScreen| DELAY for SplashScreen = 485
I/APP     (  671): I 02/18/2013 10:49:03:760 000002b5         AppCallbacks| process command: APP-ACTIVATED
I/APP     (  671): I 02/18/2013 10:49:03:788 000002b7           HttpServer| Process URI: '/system/activateapp'
I/APP     (  671): I 02/18/2013 10:49:03:794 000002b5         AppCallbacks| ThreadQueue blocked for 4294967295 seconds...
I/APP     (  671): I 02/18/2013 10:49:04:252 0000029f        GoogleWebView| Creating new RhoWebChromeClient
I/APP     (  671): I 02/18/2013 10:49:04:263 0000029f       SimpleMainView| Cleared URL: http://localhost:8080/app
V/SimpleMainView.View(  671): ms[1361180944295]  Main Window :: onSizeChanged() old [ 480 x 762 ]  new [ 0 x 0 ]
I/APP     (  671): I 02/18/2013 10:49:04:355 0000029f        GoogleWebView| Setting RhoWebChromeClient
I/APP     (  671): I 02/18/2013 10:49:04:385 000002b7           HttpServer| Process URI: '/app'
I/APP     (  671): I 02/18/2013 10:49:04:421 0000029f     RhoWebViewClient| Loading URL: http://localhost:8080/app/index_erb.iseq
I/APP     (  671): I 02/18/2013 10:49:04:445 000002b7           HttpServer| Process URI: '/app/index_erb.iseq'
I/APP     (  671): I 02/18/2013 10:49:04:450 000002b7                  APP| RHO serve_index: /app/index_erb.iseq
I/APP     (  671): I 02/18/2013 10:49:04:468 000002b7 RHO Rho::RhoController| inst_render_index
I/APP     (  671): I 02/18/2013 10:49:04:511 000002b7 RHO Rho::RhoController| index layout
I/APP     (  671): I 02/18/2013 10:49:04:575 000002b7           HttpServer| GC Start.
I/APP     (  671): I 02/18/2013 10:49:04:638 000002b7           HttpServer| GC End.
I/APP     (  671): I 02/18/2013 10:49:04:752 000002b7           HttpServer| Process URI: '/public/js/request.js'
I/APP     (  671): I 02/18/2013 10:49:04:845 000002b7           HttpServer| Process URI: '/public/jquery/jquery-1.6.4.min.js'
I/APP     (  671): I 02/18/2013 10:49:04:900 000002b7           HttpServer| Process URI: '/public/jquery/jquery.json-2.3.min.js'
I/APP     (  671): I 02/18/2013 10:49:04:947 000002b7           HttpServer| Process URI: '/public/jqmobile/jquery.mobile-1.0.1.min.css'
I/APP     (  671): I 02/18/2013 10:49:04:992 000002b7           HttpServer| Process URI: '/public/css/jqmobile-patch.css'
I/APP     (  671): I 02/18/2013 10:49:05:009 000002b7           HttpServer| Process URI: '/public/jqmobile/jquery.mobile-1.0.1.min.js'
I/APP     (  671): I 02/18/2013 10:49:05:097 000002b7           HttpServer| Process URI: '/public/js/jqmobile-patch.js'
I/APP     (  671): I 02/18/2013 10:49:05:127 000002b7           HttpServer| Process URI: '/public/css/macotec_style.css'
I/APP     (  671): I 02/18/2013 10:49:08:285 000002b7           HttpServer| Process URI: '/public/images/macotec/logo.png'
I/APP     (  671): I 02/18/2013 10:49:09:033 000002b7           HttpServer| Process URI: '/public/images/macotec/request_top.png'
I/APP     (  671): I 02/18/2013 10:49:09:110 000002b7           HttpServer| Process URI: '/public/images/macotec/contact_png.png'
I/APP     (  671): I 02/18/2013 10:49:09:133 000002b7           HttpServer| Process URI: '/public/images/macotec/products_png.png'
I/APP     (  671): I 02/18/2013 10:49:09:148 000002b7           HttpServer| Process URI: '/public/images/macotec/info_png.png'
I/APP     (  671): I 02/18/2013 10:49:15:060 000002b7           HttpServer| Process URI: '/app/index_erb.iseq'
I/APP     (  671): I 02/18/2013 10:49:15:105 000002b7                  APP| RHO serve_index: /app/index_erb.iseq
I/APP     (  671): I 02/18/2013 10:49:15:143 000002b7 RHO Rho::RhoController| inst_render_index
I/APP     (  671): I 02/18/2013 10:49:15:301 000002b7 RHO Rho::RhoController| index layout
I/APP     (  671): I 02/18/2013 10:49:15:477 000002b7           HttpServer| GC Start.
I/APP     (  671): I 02/18/2013 10:49:15:639 000002b7           HttpServer| GC End.
I/APP     (  671): I 02/18/2013 10:49:16:630 000002b7           HttpServer| Process URI: '/favicon.ico'
I/APP     (  671): E 02/18/2013 10:49:16:654 000002b7           HttpServer| The file /favicon.ico was not found
I/APP     (  671): I 02/18/2013 10:49:18:225 000002b7           HttpServer| Process URI: '/app/Product'
I/APP     (  671): I 02/18/2013 10:49:18:228 000002b7                  APP| RHO serve: /app/Product
I/APP     (  671): I 02/18/2013 10:49:18:239 000002b7              RhoRuby| require_compiled: Product/product_controller
I/APP     (  671): I 02/18/2013 10:49:18:250 000002b7              RhoRuby| require_compiled: helpers/browser_helper
I/APP     (  671): I 02/18/2013 10:49:18:265 000002b7                  APP| const_missing: Product
I/APP     (  671): I 02/18/2013 10:49:18:266 000002b7                  APP| load_model: Product
I/APP     (  671): I 02/18/2013 10:49:18:280 000002b7              RhoRuby| require_compiled: Product/product
I/APP     (  671): I 02/18/2013 10:49:18:315 000002b7                  APP| model name: Product
I/APP     (  671): I 02/18/2013 10:49:18:316 000002b7                  APP| model class found
I/APP     (  671): I 02/18/2013 10:49:18:320 000002b7                  APP| Product : {"property"=>{}}
I/APP     (  671): I 02/18/2013 10:49:18:333 000002b7                   DB| Open DB: /data/data/com.rhomobile.macotec/rhodata/db/syncdblocal.sqlite
I/APP     (  671): I 02/18/2013 10:49:18:347 000002b7                  APP| init_db_sources
I/APP     (  671): I 02/18/2013 10:49:18:375 000002b7                  APP| start_id: 40005
I/APP     (  671): I 02/18/2013 10:49:18:377 000002b7                  APP| Migrate schema sources: {}
I/APP     (  671): I 02/18/2013 10:49:18:433 000002b7           HttpServer| GC Start.
I/APP     (  671): I 02/18/2013 10:49:18:453 000002b7           HttpServer| GC End.
I/APP     (  671): I 02/18/2013 10:49:18:526 000002b7           HttpServer| Process URI: '/favicon.ico'
I/APP     (  671): E 02/18/2013 10:49:18:529 000002b7           HttpServer| The file /favicon.ico was not found
I/APP     (  671): I 02/18/2013 10:49:20:720 000002b7           HttpServer| Process URI: '/app/Product/sub_categories'
I/APP     (  671): I 02/18/2013 10:49:20:724 000002b7                  APP| RHO serve: /app/Product/sub_categories
I/APP     (  671): I 02/18/2013 10:49:20:737 000002b7                  APP| Params: {"product"=>"arbeitsbuehnen"}
I/APP     (  671): I 02/18/2013 10:49:20:773 000002b7           HttpServer| GC Start.
I/APP     (  671): I 02/18/2013 10:49:20:796 000002b7           HttpServer| GC End.
I/APP     (  671): I 02/18/2013 10:49:20:838 000002b7           HttpServer| Process URI: '/favicon.ico'
I/APP     (  671): E 02/18/2013 10:49:20:840 000002b7           HttpServer| The file /favicon.ico was not found
I/APP     (  671): I 02/18/2013 10:49:21:467 000002b7           HttpServer| Process URI: '/app/Product/product_details'
I/APP     (  671): I 02/18/2013 10:49:21:469 000002b7                  APP| RHO serve: /app/Product/product_details
I/APP     (  671): I 02/18/2013 10:49:21:479 000002b7                  APP| Params: {"product"=>"scherenbuehnen", "category"=>"arbeitsbuehnen"}
I/APP     (  671): I 02/18/2013 10:49:21:514 000002b7           HttpServer| GC Start.
I/APP     (  671): I 02/18/2013 10:49:21:539 000002b7           HttpServer| GC End.
I/APP     (  671): I 02/18/2013 10:49:21:577 000002b7           HttpServer| Process URI: '/favicon.ico'
I/APP     (  671): E 02/18/2013 10:49:21:580 000002b7           HttpServer| The file /favicon.ico was not found
I/APP     (  671): I 02/18/2013 10:49:24:253 000002b7           HttpServer| Process URI: '/app/Product/sub_categories'
I/APP     (  671): I 02/18/2013 10:49:24:255 000002b7                  APP| RHO serve: /app/Product/sub_categories
I/APP     (  671): I 02/18/2013 10:49:24:259 000002b7                  APP| Params: {"product"=>"arbeitsbuehnen"}
I/APP     (  671): I 02/18/2013 10:49:24:294 000002b7           HttpServer| GC Start.
I/APP     (  671): I 02/18/2013 10:49:24:336 000002b7           HttpServer| GC End.
I/APP     (  671): I 02/18/2013 10:49:24:361 000002b7           HttpServer| Process URI: '/favicon.ico'
I/APP     (  671): E 02/18/2013 10:49:24:363 000002b7           HttpServer| The file /favicon.ico was not found
I/APP     (  671): I 02/18/2013 10:49:26:050 000002b7           HttpServer| Process URI: '/app/Product/product_details'
I/APP     (  671): I 02/18/2013 10:49:26:052 000002b7                  APP| RHO serve: /app/Product/product_details
I/APP     (  671): I 02/18/2013 10:49:26:063 000002b7                  APP| Params: {"product"=>"teleskopbuehnen", "category"=>"arbeitsbuehnen"}
I/APP     (  671): I 02/18/2013 10:49:26:125 000002b7           HttpServer| GC Start.
I/APP     (  671): I 02/18/2013 10:49:26:144 000002b7           HttpServer| GC End.
I/APP     (  671): I 02/18/2013 10:49:26:186 000002b7           HttpServer| Process URI: '/favicon.ico'
I/APP     (  671): E 02/18/2013 10:49:26:188 000002b7           HttpServer| The file /favicon.ico was not found
I/APP     (  671): I 02/18/2013 10:49:27:216 000002b7           HttpServer| Process URI: '/app/Product/sub_categories'
I/APP     (  671): I 02/18/2013 10:49:27:218 000002b7                  APP| RHO serve: /app/Product/sub_categories
I/APP     (  671): I 02/18/2013 10:49:27:223 000002b7                  APP| Params: {"product"=>"arbeitsbuehnen"}
I/APP     (  671): I 02/18/2013 10:49:27:260 000002b7           HttpServer| GC Start.
I/APP     (  671): I 02/18/2013 10:49:27:278 000002b7           HttpServer| GC End.
I/APP     (  671): I 02/18/2013 10:49:27:318 000002b7           HttpServer| Process URI: '/favicon.ico'
I/APP     (  671): E 02/18/2013 10:49:27:323 000002b7           HttpServer| The file /favicon.ico was not found
I/APP     (  671): I 02/18/2013 10:49:29:397 000002b7           HttpServer| Process URI: '/app/Product'
I/APP     (  671): I 02/18/2013 10:49:29:400 000002b7                  APP| RHO serve: /app/Product
I/APP     (  671): I 02/18/2013 10:49:29:437 000002b7           HttpServer| GC Start.
I/APP     (  671): I 02/18/2013 10:49:29:457 000002b7           HttpServer| GC End.
I/APP     (  671): I 02/18/2013 10:49:29:494 000002b7           HttpServer| Process URI: '/favicon.ico'
I/APP     (  671): E 02/18/2013 10:49:29:496 000002b7           HttpServer| The file /favicon.ico was not found
I/APP     (  671): I 02/18/2013 10:49:30:851 000002b7           HttpServer| Process URI: '/app/index_erb.iseq'
I/APP     (  671): I 02/18/2013 10:49:30:854 000002b7                  APP| RHO serve_index: /app/index_erb.iseq
I/APP     (  671): I 02/18/2013 10:49:30:855 000002b7 RHO Rho::RhoController| inst_render_index
I/APP     (  671): I 02/18/2013 10:49:30:895 000002b7           HttpServer| GC Start.
I/APP     (  671): I 02/18/2013 10:49:30:922 000002b7           HttpServer| GC End.
I/APP     (  671): I 02/18/2013 10:49:30:960 000002b7           HttpServer| Process URI: '/favicon.ico'
I/APP     (  671): E 02/18/2013 10:49:30:962 000002b7           HttpServer| The file /favicon.ico was not found
D/dalvikvm(  157): GC_CONCURRENT freed 385K, 6% free 9531K/10119K, paused 12ms+4ms
W/ThrottleService(   77): unable to find stats for iface rmnet0
D/dalvikvm(  129): GC_CONCURRENT freed 4053K, 30% free 9779K/13959K, paused 9ms+7ms
D/dalvikvm(  157): GC_CONCURRENT freed 386K, 6% free 9532K/10119K, paused 4ms+4ms
F/BatteryStatsImpl(   77): problem reading network stats
F/BatteryStatsImpl(   77): java.lang.IllegalStateException: problem parsing idx 1
F/BatteryStatsImpl(   77): 	at com.android.internal.net.NetworkStatsFactory.readNetworkStatsDetail(NetworkStatsFactory.java:300)
F/BatteryStatsImpl(   77): 	at com.android.internal.net.NetworkStatsFactory.readNetworkStatsDetail(NetworkStatsFactory.java:250)
F/BatteryStatsImpl(   77): 	at com.android.internal.os.BatteryStatsImpl.getNetworkStatsDetailGroupedByUid(BatteryStatsImpl.java:5734)
F/BatteryStatsImpl(   77): 	at com.android.internal.os.BatteryStatsImpl.access$100(BatteryStatsImpl.java:76)
F/BatteryStatsImpl(   77): 	at com.android.internal.os.BatteryStatsImpl$Uid.computeCurrentTcpBytesReceived(BatteryStatsImpl.java:2457)
F/BatteryStatsImpl(   77): 	at com.android.internal.os.BatteryStatsImpl$Uid.getTcpBytesReceived(BatteryStatsImpl.java:2446)
F/BatteryStatsImpl(   77): 	at com.android.internal.os.BatteryStatsImpl.writeSummaryToParcel(BatteryStatsImpl.java:5437)
F/BatteryStatsImpl(   77): 	at com.android.internal.os.BatteryStatsImpl.writeLocked(BatteryStatsImpl.java:4836)
F/BatteryStatsImpl(   77): 	at com.android.internal.os.BatteryStatsImpl.writeAsyncLocked(BatteryStatsImpl.java:4818)
F/BatteryStatsImpl(   77): 	at com.android.server.am.ActivityManagerService.updateCpuStatsNow(ActivityManagerService.java:1652)
F/BatteryStatsImpl(   77): 	at com.android.server.am.ActivityManagerService$3.run(ActivityManagerService.java:1534)
F/BatteryStatsImpl(   77): Caused by: java.io.FileNotFoundException: /proc/net/xt_qtaguid/stats: open failed: ENOENT (No such file or directory)
F/BatteryStatsImpl(   77): 	at libcore.io.IoBridge.open(IoBridge.java:406)
F/BatteryStatsImpl(   77): 	at java.io.FileInputStream.<init>(FileInputStream.java:78)
F/BatteryStatsImpl(   77): 	at com.android.internal.net.NetworkStatsFactory.readNetworkStatsDetail(NetworkStatsFactory.java:269)
F/BatteryStatsImpl(   77): 	... 10 more
F/BatteryStatsImpl(   77): Caused by: libcore.io.ErrnoException: open failed: ENOENT (No such file or directory)
F/BatteryStatsImpl(   77): 	at libcore.io.Posix.open(Native Method)
F/BatteryStatsImpl(   77): 	at libcore.io.BlockGuardOs.open(BlockGuardOs.java:110)
F/BatteryStatsImpl(   77): 	at libcore.io.IoBridge.open(IoBridge.java:390)
F/BatteryStatsImpl(   77): 	... 12 more
D/dalvikvm(   77): GC_CONCURRENT freed 466K, 15% free 11241K/13191K, paused 6ms+9ms
W/ThrottleService(   77): unable to find stats for iface rmnet0
D/dalvikvm(  157): GC_CONCURRENT freed 386K, 6% free 9531K/10119K, paused 4ms+4ms
W/ThrottleService(   77): unable to find stats for iface rmnet0
D/dalvikvm(  157): GC_CONCURRENT freed 384K, 6% free 9531K/10119K, paused 4ms+4ms
F/NetworkStats(   77): problem reading network stats
F/NetworkStats(   77): java.lang.IllegalStateException: problem parsing idx 1
F/NetworkStats(   77): 	at com.android.internal.net.NetworkStatsFactory.readNetworkStatsDetail(NetworkStatsFactory.java:300)
F/NetworkStats(   77): 	at com.android.server.NetworkManagementService.getNetworkStatsUidDetail(NetworkManagementService.java:1282)
F/NetworkStats(   77): 	at com.android.server.net.NetworkStatsService.performPollLocked(NetworkStatsService.java:831)
F/NetworkStats(   77): 	at com.android.server.net.NetworkStatsService.performPoll(NetworkStatsService.java:799)
F/NetworkStats(   77): 	at com.android.server.net.NetworkStatsService.access$100(NetworkStatsService.java:128)
F/NetworkStats(   77): 	at com.android.server.net.NetworkStatsService$3.onReceive(NetworkStatsService.java:633)
F/NetworkStats(   77): 	at android.app.LoadedApk$ReceiverDispatcher$Args.run(LoadedApk.java:728)
F/NetworkStats(   77): 	at android.os.Handler.handleCallback(Handler.java:605)
F/NetworkStats(   77): 	at android.os.Handler.dispatchMessage(Handler.java:92)
F/NetworkStats(   77): 	at android.os.Looper.loop(Looper.java:137)
F/NetworkStats(   77): 	at android.os.HandlerThread.run(HandlerThread.java:60)
F/NetworkStats(   77): Caused by: java.io.FileNotFoundException: /proc/net/xt_qtaguid/stats: open failed: ENOENT (No such file or directory)
F/NetworkStats(   77): 	at libcore.io.IoBridge.open(IoBridge.java:406)
F/NetworkStats(   77): 	at java.io.FileInputStream.<init>(FileInputStream.java:78)
F/NetworkStats(   77): 	at com.android.internal.net.NetworkStatsFactory.readNetworkStatsDetail(NetworkStatsFactory.java:269)
F/NetworkStats(   77): 	... 10 more
F/NetworkStats(   77): Caused by: libcore.io.ErrnoException: open failed: ENOENT (No such file or directory)
F/NetworkStats(   77): 	at libcore.io.Posix.open(Native Method)
F/NetworkStats(   77): 	at libcore.io.BlockGuardOs.open(BlockGuardOs.java:110)
F/NetworkStats(   77): 	at libcore.io.IoBridge.open(IoBridge.java:390)
F/NetworkStats(   77): 	... 12 more
D/dalvikvm(   77): GC_CONCURRENT freed 510K, 15% free 11238K/13191K, paused 8ms+8ms
I/APP     (  671): I 02/18/2013 11:17:25:200 000002b7           HttpServer| Process URI: '/app/Product'
I/APP     (  671): I 02/18/2013 11:17:25:201 000002b7                  APP| RHO serve: /app/Product
I/APP     (  671): I 02/18/2013 11:17:25:241 000002b7           HttpServer| GC Start.
I/APP     (  671): I 02/18/2013 11:17:25:277 000002b7           HttpServer| GC End.
I/APP     (  671): I 02/18/2013 11:17:25:328 000002b7           HttpServer| Process URI: '/favicon.ico'
I/APP     (  671): E 02/18/2013 11:17:25:330 000002b7           HttpServer| The file /favicon.ico was not found
I/APP     (  671): I 02/18/2013 11:17:29:901 000002b7           HttpServer| Process URI: '/app/Product/sub_categories'
I/APP     (  671): I 02/18/2013 11:17:29:904 000002b7                  APP| RHO serve: /app/Product/sub_categories
I/APP     (  671): I 02/18/2013 11:17:29:908 000002b7                  APP| Params: {"product"=>"container"}
I/APP     (  671): I 02/18/2013 11:17:29:944 000002b7           HttpServer| GC Start.
I/APP     (  671): I 02/18/2013 11:17:29:971 000002b7           HttpServer| GC End.
I/APP     (  671): I 02/18/2013 11:17:30:009 000002b7           HttpServer| Process URI: '/favicon.ico'
I/APP     (  671): E 02/18/2013 11:17:30:013 000002b7           HttpServer| The file /favicon.ico was not found
