F/BatteryStatsImpl(   77): 	at com.android.internal.os.BatteryStatsImpl.writeSummaryToParcel(BatteryStatsImpl.java:5437)
F/BatteryStatsImpl(   77): 	at com.android.internal.os.BatteryStatsImpl.writeLocked(BatteryStatsImpl.java:4836)
F/BatteryStatsImpl(   77): 	at com.android.internal.os.BatteryStatsImpl.writeAsyncLocked(BatteryStatsImpl.java:4818)
F/BatteryStatsImpl(   77): 	at com.android.server.am.ActivityManagerService.updateCpuStatsNow(ActivityManagerService.java:1652)
F/BatteryStatsImpl(   77): 	at com.android.server.am.ActivityManagerService$3.run(ActivityManagerService.java:1534)
F/BatteryStatsImpl(   77): Caused by: java.io.FileNotFoundException: /proc/net/xt_qtaguid/stats: open failed: ENOENT (No such file or directory)
F/BatteryStatsImpl(   77): 	at libcore.io.IoBridge.open(IoBridge.java:406)
F/BatteryStatsImpl(   77): 	at java.io.FileInputStream.<init>(FileInputStream.java:78)
F/BatteryStatsImpl(   77): 	at com.android.internal.net.NetworkStatsFactory.readNetworkStatsDetail(NetworkStatsFactory.java:269)
F/BatteryStatsImpl(   77): 	... 10 more
F/BatteryStatsImpl(   77): Caused by: libcore.io.ErrnoException: open failed: ENOENT (No such file or directory)
F/BatteryStatsImpl(   77): 	at libcore.io.Posix.open(Native Method)
F/BatteryStatsImpl(   77): 	at libcore.io.BlockGuardOs.open(BlockGuardOs.java:110)
F/BatteryStatsImpl(   77): 	at libcore.io.IoBridge.open(IoBridge.java:390)
F/BatteryStatsImpl(   77): 	... 12 more
F/BatteryStatsImpl(   77): problem reading network stats
F/BatteryStatsImpl(   77): java.lang.IllegalStateException: problem parsing idx 1
F/BatteryStatsImpl(   77): 	at com.android.internal.net.NetworkStatsFactory.readNetworkStatsDetail(NetworkStatsFactory.java:300)
F/BatteryStatsImpl(   77): 	at com.android.internal.net.NetworkStatsFactory.readNetworkStatsDetail(NetworkStatsFactory.java:250)
F/BatteryStatsImpl(   77): 	at com.android.internal.os.BatteryStatsImpl.getNetworkStatsDetailGroupedByUid(BatteryStatsImpl.java:5734)
F/BatteryStatsImpl(   77): 	at com.android.internal.os.BatteryStatsImpl.access$100(BatteryStatsImpl.java:76)
F/BatteryStatsImpl(   77): 	at com.android.internal.os.BatteryStatsImpl$Uid.computeCurrentTcpBytesReceived(BatteryStatsImpl.java:2457)
F/BatteryStatsImpl(   77): 	at com.android.internal.os.BatteryStatsImpl$Uid.getTcpBytesReceived(BatteryStatsImpl.java:2446)
F/BatteryStatsImpl(   77): 	at com.android.internal.os.BatteryStatsImpl.writeSummaryToParcel(BatteryStatsImpl.java:5437)
F/BatteryStatsImpl(   77): 	at com.android.internal.os.BatteryStatsImpl.writeLocked(BatteryStatsImpl.java:4836)
F/BatteryStatsImpl(   77): 	at com.android.internal.os.BatteryStatsImpl.writeAsyncLocked(BatteryStatsImpl.java:4818)
F/BatteryStatsImpl(   77): 	at com.android.server.am.ActivityManagerService.updateCpuStatsNow(ActivityManagerService.java:1652)
F/BatteryStatsImpl(   77): 	at com.android.server.am.ActivityManagerService$3.run(ActivityManagerService.java:1534)
F/BatteryStatsImpl(   77): Caused by: java.io.FileNotFoundException: /proc/net/xt_qtaguid/stats: open failed: ENOENT (No such file or directory)
F/BatteryStatsImpl(   77): 	at libcore.io.IoBridge.open(IoBridge.java:406)
F/BatteryStatsImpl(   77): 	at java.io.FileInputStream.<init>(FileInputStream.java:78)
F/BatteryStatsImpl(   77): 	at com.android.internal.net.NetworkStatsFactory.readNetworkStatsDetail(NetworkStatsFactory.java:269)
F/BatteryStatsImpl(   77): 	... 10 more
F/BatteryStatsImpl(   77): Caused by: libcore.io.ErrnoException: open failed: ENOENT (No such file or directory)
F/BatteryStatsImpl(   77): 	at libcore.io.Posix.open(Native Method)
F/BatteryStatsImpl(   77): 	at libcore.io.BlockGuardOs.open(BlockGuardOs.java:110)
F/BatteryStatsImpl(   77): 	at libcore.io.IoBridge.open(IoBridge.java:390)
F/BatteryStatsImpl(   77): 	... 12 more
D/dalvikvm(   77): GC_CONCURRENT freed 582K, 15% free 11384K/13255K, paused 57ms+60ms
D/dalvikvm( 4161): GC_CONCURRENT freed 1114K, 10% free 12751K/14087K, paused 18ms+23ms
W/ThrottleService(   77): unable to find stats for iface rmnet0
D/dalvikvm(  163): GC_CONCURRENT freed 384K, 6% free 9532K/10119K, paused 8ms+4ms
D/dalvikvm( 4161): GC_CONCURRENT freed 1116K, 10% free 12750K/14087K, paused 8ms+24ms
D/dalvikvm( 4161): GC_CONCURRENT freed 1114K, 10% free 12749K/14087K, paused 13ms+24ms
D/dalvikvm(  163): GC_CONCURRENT freed 383K, 6% free 9532K/10119K, paused 51ms+129ms
W/ThrottleService(   77): unable to find stats for iface rmnet0
D/dalvikvm( 4161): GC_CONCURRENT freed 1116K, 10% free 12748K/14087K, paused 5ms+27ms
F/NetworkStats(   77): problem reading network stats
F/NetworkStats(   77): java.lang.IllegalStateException: problem parsing idx 1
F/NetworkStats(   77): 	at com.android.internal.net.NetworkStatsFactory.readNetworkStatsDetail(NetworkStatsFactory.java:300)
F/NetworkStats(   77): 	at com.android.server.NetworkManagementService.getNetworkStatsUidDetail(NetworkManagementService.java:1282)
F/NetworkStats(   77): 	at com.android.server.net.NetworkStatsService.performPollLocked(NetworkStatsService.java:831)
F/NetworkStats(   77): 	at com.android.server.net.NetworkStatsService.performPoll(NetworkStatsService.java:799)
F/NetworkStats(   77): 	at com.android.server.net.NetworkStatsService.access$100(NetworkStatsService.java:128)
F/NetworkStats(   77): 	at com.android.server.net.NetworkStatsService$3.onReceive(NetworkStatsService.java:633)
F/NetworkStats(   77): 	at android.app.LoadedApk$ReceiverDispatcher$Args.run(LoadedApk.java:728)
F/NetworkStats(   77): 	at android.os.Handler.handleCallback(Handler.java:605)
F/NetworkStats(   77): 	at android.os.Handler.dispatchMessage(Handler.java:92)
F/NetworkStats(   77): 	at android.os.Looper.loop(Looper.java:137)
F/NetworkStats(   77): 	at android.os.HandlerThread.run(HandlerThread.java:60)
F/NetworkStats(   77): Caused by: java.io.FileNotFoundException: /proc/net/xt_qtaguid/stats: open failed: ENOENT (No such file or directory)
F/NetworkStats(   77): 	at libcore.io.IoBridge.open(IoBridge.java:406)
F/NetworkStats(   77): 	at java.io.FileInputStream.<init>(FileInputStream.java:78)
F/NetworkStats(   77): 	at com.android.internal.net.NetworkStatsFactory.readNetworkStatsDetail(NetworkStatsFactory.java:269)
F/NetworkStats(   77): 	... 10 more
F/NetworkStats(   77): Caused by: libcore.io.ErrnoException: open failed: ENOENT (No such file or directory)
F/NetworkStats(   77): 	at libcore.io.Posix.open(Native Method)
F/NetworkStats(   77): 	at libcore.io.BlockGuardOs.open(BlockGuardOs.java:110)
F/NetworkStats(   77): 	at libcore.io.IoBridge.open(IoBridge.java:390)
F/NetworkStats(   77): 	... 12 more
D/dalvikvm(   77): GC_CONCURRENT freed 546K, 15% free 11370K/13255K, paused 5ms+31ms
D/dalvikvm(  163): GC_CONCURRENT freed 384K, 6% free 9532K/10119K, paused 11ms+63ms
D/dalvikvm( 4161): GC_CONCURRENT freed 1111K, 10% free 12751K/14087K, paused 5ms+31ms
D/dalvikvm( 4161): GC_CONCURRENT freed 1115K, 10% free 12751K/14087K, paused 12ms+25ms
W/ThrottleService(   77): unable to find stats for iface rmnet0
D/dalvikvm(  163): GC_CONCURRENT freed 385K, 6% free 9533K/10119K, paused 58ms+87ms
D/dalvikvm( 4161): GC_CONCURRENT freed 1115K, 10% free 12751K/14087K, paused 5ms+23ms
F/BatteryStatsImpl(   77): problem reading network stats
F/BatteryStatsImpl(   77): java.lang.IllegalStateException: problem parsing idx 1
F/BatteryStatsImpl(   77): 	at com.android.internal.net.NetworkStatsFactory.readNetworkStatsDetail(NetworkStatsFactory.java:300)
F/BatteryStatsImpl(   77): 	at com.android.internal.net.NetworkStatsFactory.readNetworkStatsDetail(NetworkStatsFactory.java:250)
F/BatteryStatsImpl(   77): 	at com.android.internal.os.BatteryStatsImpl.getNetworkStatsDetailGroupedByUid(BatteryStatsImpl.java:5734)
F/BatteryStatsImpl(   77): 	at com.android.internal.os.BatteryStatsImpl.access$100(BatteryStatsImpl.java:76)
F/BatteryStatsImpl(   77): 	at com.android.internal.os.BatteryStatsImpl$Uid.computeCurrentTcpBytesReceived(BatteryStatsImpl.java:2457)
F/BatteryStatsImpl(   77): 	at com.android.internal.os.BatteryStatsImpl$Uid.getTcpBytesReceived(BatteryStatsImpl.java:2446)
F/BatteryStatsImpl(   77): 	at com.android.internal.os.BatteryStatsImpl.writeSummaryToParcel(BatteryStatsImpl.java:5437)
F/BatteryStatsImpl(   77): 	at com.android.internal.os.BatteryStatsImpl.writeLocked(BatteryStatsImpl.java:4836)
F/BatteryStatsImpl(   77): 	at com.android.internal.os.BatteryStatsImpl.writeAsyncLocked(BatteryStatsImpl.java:4818)
F/BatteryStatsImpl(   77): 	at com.android.server.am.ActivityManagerService.updateCpuStatsNow(ActivityManagerService.java:1652)
F/BatteryStatsImpl(   77): 	at com.android.server.am.ActivityManagerService$3.run(ActivityManagerService.java:1534)
F/BatteryStatsImpl(   77): Caused by: java.io.FileNotFoundException: /proc/net/xt_qtaguid/stats: open failed: ENOENT (No such file or directory)
F/BatteryStatsImpl(   77): 	at libcore.io.IoBridge.open(IoBridge.java:406)
F/BatteryStatsImpl(   77): 	at java.io.FileInputStream.<init>(FileInputStream.java:78)
F/BatteryStatsImpl(   77): 	at com.android.internal.net.NetworkStatsFactory.readNetworkStatsDetail(NetworkStatsFactory.java:269)
F/BatteryStatsImpl(   77): 	... 10 more
F/BatteryStatsImpl(   77): Caused by: libcore.io.ErrnoException: open failed: ENOENT (No such file or directory)
F/BatteryStatsImpl(   77): 	at libcore.io.Posix.open(Native Method)
F/BatteryStatsImpl(   77): 	at libcore.io.BlockGuardOs.open(BlockGuardOs.java:110)
F/BatteryStatsImpl(   77): 	at libcore.io.IoBridge.open(IoBridge.java:390)
F/BatteryStatsImpl(   77): 	... 12 more
D/dalvikvm(   77): GC_CONCURRENT freed 480K, 15% free 11385K/13255K, paused 4ms+8ms
D/dalvikvm( 4161): GC_CONCURRENT freed 1115K, 10% free 12751K/14087K, paused 6ms+25ms
D/dalvikvm(  163): GC_CONCURRENT freed 385K, 6% free 9532K/10119K, paused 5ms+4ms
W/ThrottleService(   77): unable to find stats for iface rmnet0
D/dalvikvm( 4161): GC_CONCURRENT freed 1111K, 10% free 12755K/14087K, paused 12ms+24ms
D/dalvikvm(  163): GC_CONCURRENT freed 385K, 6% free 9532K/10119K, paused 20ms+4ms
D/dalvikvm( 4161): GC_CONCURRENT freed 1119K, 10% free 12752K/14087K, paused 18ms+23ms
W/ThrottleService(   77): unable to find stats for iface rmnet0
D/dalvikvm( 4161): GC_CONCURRENT freed 1115K, 10% free 12752K/14087K, paused 9ms+26ms
F/NetworkStats(   77): problem reading network stats
F/NetworkStats(   77): java.lang.IllegalStateException: problem parsing idx 1
F/NetworkStats(   77): 	at com.android.internal.net.NetworkStatsFactory.readNetworkStatsDetail(NetworkStatsFactory.java:300)
F/NetworkStats(   77): 	at com.android.server.NetworkManagementService.getNetworkStatsUidDetail(NetworkManagementService.java:1282)
F/NetworkStats(   77): 	at com.android.server.net.NetworkStatsService.performPollLocked(NetworkStatsService.java:831)
F/NetworkStats(   77): 	at com.android.server.net.NetworkStatsService.performPoll(NetworkStatsService.java:799)
F/NetworkStats(   77): 	at com.android.server.net.NetworkStatsService.access$100(NetworkStatsService.java:128)
F/NetworkStats(   77): 	at com.android.server.net.NetworkStatsService$3.onReceive(NetworkStatsService.java:633)
F/NetworkStats(   77): 	at android.app.LoadedApk$ReceiverDispatcher$Args.run(LoadedApk.java:728)
F/NetworkStats(   77): 	at android.os.Handler.handleCallback(Handler.java:605)
F/NetworkStats(   77): 	at android.os.Handler.dispatchMessage(Handler.java:92)
F/NetworkStats(   77): 	at android.os.Looper.loop(Looper.java:137)
F/NetworkStats(   77): 	at android.os.HandlerThread.run(HandlerThread.java:60)
F/NetworkStats(   77): Caused by: java.io.FileNotFoundException: /proc/net/xt_qtaguid/stats: open failed: ENOENT (No such file or directory)
F/NetworkStats(   77): 	at libcore.io.IoBridge.open(IoBridge.java:406)
F/NetworkStats(   77): 	at java.io.FileInputStream.<init>(FileInputStream.java:78)
F/NetworkStats(   77): 	at com.android.internal.net.NetworkStatsFactory.readNetworkStatsDetail(NetworkStatsFactory.java:269)
F/NetworkStats(   77): 	... 10 more
F/NetworkStats(   77): Caused by: libcore.io.ErrnoException: open failed: ENOENT (No such file or directory)
F/NetworkStats(   77): 	at libcore.io.Posix.open(Native Method)
F/NetworkStats(   77): 	at libcore.io.BlockGuardOs.open(BlockGuardOs.java:110)
F/NetworkStats(   77): 	at libcore.io.IoBridge.open(IoBridge.java:390)
F/NetworkStats(   77): 	... 12 more
D/dalvikvm(   77): GC_CONCURRENT freed 522K, 15% free 11379K/13255K, paused 5ms+30ms
D/dalvikvm(  163): GC_CONCURRENT freed 383K, 6% free 9533K/10119K, paused 48ms+96ms
D/dalvikvm(  129): GC_CONCURRENT freed 376K, 30% free 10288K/14535K, paused 5ms+29ms
D/dalvikvm( 4161): GC_CONCURRENT freed 1119K, 10% free 12751K/14087K, paused 31ms+126ms
V/BackupManagerService(   77): Running a backup pass
V/BackupManagerService(   77): Backup requested but nothing pending
D/dalvikvm(  163): GC_CONCURRENT freed 384K, 6% free 9532K/10119K, paused 44ms+86ms
D/dalvikvm( 4161): GC_CONCURRENT freed 1111K, 10% free 12754K/14087K, paused 4ms+26ms
W/ThrottleService(   77): unable to find stats for iface rmnet0
D/dalvikvm( 4161): GC_CONCURRENT freed 1121K, 10% free 12749K/14087K, paused 15ms+26ms
D/dalvikvm(  163): GC_CONCURRENT freed 384K, 6% free 9532K/10119K, paused 6ms+3ms
F/BatteryStatsImpl(   77): problem reading network stats
F/BatteryStatsImpl(   77): java.lang.IllegalStateException: problem parsing idx 1
F/BatteryStatsImpl(   77): 	at com.android.internal.net.NetworkStatsFactory.readNetworkStatsDetail(NetworkStatsFactory.java:300)
F/BatteryStatsImpl(   77): 	at com.android.internal.net.NetworkStatsFactory.readNetworkStatsDetail(NetworkStatsFactory.java:250)
F/BatteryStatsImpl(   77): 	at com.android.internal.os.BatteryStatsImpl.getNetworkStatsDetailGroupedByUid(BatteryStatsImpl.java:5734)
F/BatteryStatsImpl(   77): 	at com.android.internal.os.BatteryStatsImpl.access$100(BatteryStatsImpl.java:76)
F/BatteryStatsImpl(   77): 	at com.android.internal.os.BatteryStatsImpl$Uid.computeCurrentTcpBytesReceived(BatteryStatsImpl.java:2457)
F/BatteryStatsImpl(   77): 	at com.android.internal.os.BatteryStatsImpl$Uid.getTcpBytesReceived(BatteryStatsImpl.java:2446)
F/BatteryStatsImpl(   77): 	at com.android.internal.os.BatteryStatsImpl.writeSummaryToParcel(BatteryStatsImpl.java:5437)
F/BatteryStatsImpl(   77): 	at com.android.internal.os.BatteryStatsImpl.writeLocked(BatteryStatsImpl.java:4836)
F/BatteryStatsImpl(   77): 	at com.android.internal.os.BatteryStatsImpl.writeAsyncLocked(BatteryStatsImpl.java:4818)
F/BatteryStatsImpl(   77): 	at com.android.server.am.ActivityManagerService.updateCpuStatsNow(ActivityManagerService.java:1652)
F/BatteryStatsImpl(   77): 	at com.android.server.am.ActivityManagerService$3.run(ActivityManagerService.java:1534)
F/BatteryStatsImpl(   77): Caused by: java.io.FileNotFoundException: /proc/net/xt_qtaguid/stats: open failed: ENOENT (No such file or directory)
F/BatteryStatsImpl(   77): 	at libcore.io.IoBridge.open(IoBridge.java:406)
F/BatteryStatsImpl(   77): 	at java.io.FileInputStream.<init>(FileInputStream.java:78)
F/BatteryStatsImpl(   77): 	at com.android.internal.net.NetworkStatsFactory.readNetworkStatsDetail(NetworkStatsFactory.java:269)
F/BatteryStatsImpl(   77): 	... 10 more
F/BatteryStatsImpl(   77): Caused by: libcore.io.ErrnoException: open failed: ENOENT (No such file or directory)
F/BatteryStatsImpl(   77): 	at libcore.io.Posix.open(Native Method)
F/BatteryStatsImpl(   77): 	at libcore.io.BlockGuardOs.open(BlockGuardOs.java:110)
F/BatteryStatsImpl(   77): 	at libcore.io.IoBridge.open(IoBridge.java:390)
F/BatteryStatsImpl(   77): 	... 12 more
D/dalvikvm(   77): GC_CONCURRENT freed 465K, 15% free 11386K/13255K, paused 5ms+7ms
D/dalvikvm( 4161): GC_CONCURRENT freed 1114K, 10% free 12750K/14087K, paused 16ms+26ms
W/ThrottleService(   77): unable to find stats for iface rmnet0
D/dalvikvm( 4161): GC_CONCURRENT freed 1116K, 10% free 12749K/14087K, paused 5ms+26ms
D/dalvikvm(  163): GC_CONCURRENT freed 384K, 6% free 9532K/10119K, paused 91ms+69ms
D/dalvikvm( 4161): GC_CONCURRENT freed 1114K, 10% free 12749K/14087K, paused 7ms+24ms
W/ThrottleService(   77): unable to find stats for iface rmnet0
D/dalvikvm(  163): GC_CONCURRENT freed 384K, 6% free 9533K/10119K, paused 5ms+25ms
D/dalvikvm( 4161): GC_CONCURRENT freed 1112K, 10% free 12751K/14087K, paused 4ms+25ms
F/NetworkStats(   77): problem reading network stats
F/NetworkStats(   77): java.lang.IllegalStateException: problem parsing idx 1
F/NetworkStats(   77): 	at com.android.internal.net.NetworkStatsFactory.readNetworkStatsDetail(NetworkStatsFactory.java:300)
F/NetworkStats(   77): 	at com.android.server.NetworkManagementService.getNetworkStatsUidDetail(NetworkManagementService.java:1282)
F/NetworkStats(   77): 	at com.android.server.net.NetworkStatsService.performPollLocked(NetworkStatsService.java:831)
F/NetworkStats(   77): 	at com.android.server.net.NetworkStatsService.performPoll(NetworkStatsService.java:799)
F/NetworkStats(   77): 	at com.android.server.net.NetworkStatsService.access$100(NetworkStatsService.java:128)
F/NetworkStats(   77): 	at com.android.server.net.NetworkStatsService$3.onReceive(NetworkStatsService.java:633)
F/NetworkStats(   77): 	at android.app.LoadedApk$ReceiverDispatcher$Args.run(LoadedApk.java:728)
F/NetworkStats(   77): 	at android.os.Handler.handleCallback(Handler.java:605)
F/NetworkStats(   77): 	at android.os.Handler.dispatchMessage(Handler.java:92)
F/NetworkStats(   77): 	at android.os.Looper.loop(Looper.java:137)
F/NetworkStats(   77): 	at android.os.HandlerThread.run(HandlerThread.java:60)
F/NetworkStats(   77): Caused by: java.io.FileNotFoundException: /proc/net/xt_qtaguid/stats: open failed: ENOENT (No such file or directory)
F/NetworkStats(   77): 	at libcore.io.IoBridge.open(IoBridge.java:406)
F/NetworkStats(   77): 	at java.io.FileInputStream.<init>(FileInputStream.java:78)
F/NetworkStats(   77): 	at com.android.internal.net.NetworkStatsFactory.readNetworkStatsDetail(NetworkStatsFactory.java:269)
F/NetworkStats(   77): 	... 10 more
F/NetworkStats(   77): Caused by: libcore.io.ErrnoException: open failed: ENOENT (No such file or directory)
F/NetworkStats(   77): 	at libcore.io.Posix.open(Native Method)
F/NetworkStats(   77): 	at libcore.io.BlockGuardOs.open(BlockGuardOs.java:110)
F/NetworkStats(   77): 	at libcore.io.IoBridge.open(IoBridge.java:390)
F/NetworkStats(   77): 	... 12 more
D/dalvikvm(   77): GC_CONCURRENT freed 561K, 15% free 11376K/13255K, paused 5ms+9ms
D/dalvikvm( 4161): GC_CONCURRENT freed 1115K, 10% free 12754K/14087K, paused 21ms+120ms
D/dalvikvm(  163): GC_CONCURRENT freed 385K, 6% free 9533K/10119K, paused 56ms+59ms
