V/EmulatedCamera_CallbackNotifier(   38): disableMessage: msg_type = 0x2
V/EmulatedCamera_CallbackNotifier(   38):     CAMERA_MSG_SHUTTER
V/EmulatedCamera_CallbackNotifier(   38): **** Currently enabled messages:
V/EmulatedCamera_CallbackNotifier(   38):     CAMERA_MSG_ERROR
V/EmulatedCamera_CallbackNotifier(   38):     CAMERA_MSG_FOCUS
V/EmulatedCamera_CallbackNotifier(   38):     CAMERA_MSG_ZOOM
V/EmulatedCamera_CallbackNotifier(   38):     CAMERA_MSG_COMPRESSED_IMAGE
V/EmulatedCamera_CallbackNotifier(   38):     CAMERA_MSG_RAW_IMAGE_NOTIFY
V/EmulatedCamera_CallbackNotifier(   38):     CAMERA_MSG_PREVIEW_METADATA
V/EmulatedCamera_JPEG(   38): compressRawImage: 0x41b25008[640x480]
D/skia    (   38): onFlyCompress
I/APP     ( 3385): I 02/27/2013 18:24:18:964 00000d39         ImageCapture| SHUTTER CALLBACK
I/APP     ( 3385): I 02/27/2013 18:24:19:038 00000d39         ImageCapture| PICTURE CALLBACK RAW
V/EmulatedCamera_JPEG(   38): compressRawImage: Compressed JPEG: 460800[640x480] -> 20509 bytes
V/EmulatedCamera_CallbackNotifier(   38): disableMessage: msg_type = 0x100
V/EmulatedCamera_CallbackNotifier(   38):     CAMERA_MSG_COMPRESSED_IMAGE
V/EmulatedCamera_CallbackNotifier(   38): **** Currently enabled messages:
V/EmulatedCamera_CallbackNotifier(   38):     CAMERA_MSG_ERROR
V/EmulatedCamera_CallbackNotifier(   38):     CAMERA_MSG_FOCUS
V/EmulatedCamera_CallbackNotifier(   38):     CAMERA_MSG_ZOOM
V/EmulatedCamera_CallbackNotifier(   38):     CAMERA_MSG_RAW_IMAGE_NOTIFY
V/EmulatedCamera_CallbackNotifier(   38):     CAMERA_MSG_PREVIEW_METADATA
I/APP     ( 3385): I 02/27/2013 18:24:19:565 00000d39         ImageCapture| PICTURE CALLBACK JPEG: 20509 bytes
I/APP     ( 3385): I 02/27/2013 18:24:19:638 00000d4f           HttpServer| Process URI: '/app/Image/camera_callback'
I/APP     ( 3385): I 02/27/2013 18:24:19:642 00000d4f                  APP| RHO serve: /app/Image/camera_callback
I/APP     ( 3385): I 02/27/2013 18:24:19:702 00000d4f                  APP| Params: {"rho_callback"=>"1", "status"=>"ok", "image_uri"=>"db/db-files/Image_20130227182412691.jpg", "image_width"=>"640", "image_height"=>"480", "image_format"=>"jpg"}
I/APP     ( 3385): I 02/27/2013 18:24:19:842 00000d4f                  APP| Captured Image  Size: 640x480, Format: jpg 
I/APP     ( 3385): I 02/27/2013 18:24:19:878 00000d39         ImageCapture| finish
W/WindowManager(   77): Failure taking screenshot for (180x300) to layer 21020
I/APP     ( 3385): I 02/27/2013 18:24:19:940 00000d4f           HttpServer| GC Start.
I/InputReader(   77): Reconfiguring input devices.  changes=0x00000004
I/InputReader(   77): Device reconfigured: id=0, name='qwerty2', surface size is now 480x800, mode is 1
W/SurfaceFlinger(   36): createScreenshotSurface failed (Function not implemented)
I/ActivityManager(   77): Config changed: {1.0 310mcc260mnc en_US layoutdir=0 sw320dp w320dp h508dp nrml long port finger qwerty/v/v tball/v s.86}
I/APP     ( 3385): I 02/27/2013 18:24:20:357 00000d4f           HttpServer| GC End.
I/APP     ( 3385): I 02/27/2013 18:24:20:910 00000d39       RhodesActivity| onStart
I/Process (   77): Sending signal. PID: 3385 SIG: 3
I/APP     ( 3385): I 02/27/2013 18:24:20:916 00000d39    RhodesApplication| New UiState: MainActivityStarted
I/dalvikvm( 3385): threadid=3: reacting to signal 3
I/APP     ( 3385): I 02/27/2013 18:24:21:085 00000d39       RhodesActivity| onResume
I/APP     ( 3385): I 02/27/2013 18:24:21:086 00000d39 AndroidFunctionality| Resume WebView
I/dalvikvm( 3385): Wrote stack traces to '/data/anr/traces.txt'
I/APP     ( 3385): I 02/27/2013 18:24:21:578 00000d39         ImageCapture| surfaceDestroyed
V/EmulatedCamera_CallbackNotifier(   38): disableMessage: msg_type = 0x10
V/EmulatedCamera_CallbackNotifier(   38):     CAMERA_MSG_PREVIEW_FRAME
V/EmulatedCamera_CallbackNotifier(   38): **** Currently enabled messages:
V/EmulatedCamera_CallbackNotifier(   38):     CAMERA_MSG_ERROR
V/EmulatedCamera_CallbackNotifier(   38):     CAMERA_MSG_FOCUS
V/EmulatedCamera_CallbackNotifier(   38):     CAMERA_MSG_ZOOM
V/EmulatedCamera_CallbackNotifier(   38):     CAMERA_MSG_RAW_IMAGE_NOTIFY
V/EmulatedCamera_CallbackNotifier(   38):     CAMERA_MSG_PREVIEW_METADATA
V/EmulatedCamera_Camera(   38): doStopPreview
V/EmulatedCamera_CallbackNotifier(   38): disableMessage: msg_type = 0x10
V/EmulatedCamera_CallbackNotifier(   38):     CAMERA_MSG_PREVIEW_FRAME
V/EmulatedCamera_CallbackNotifier(   38): **** Currently enabled messages:
V/EmulatedCamera_CallbackNotifier(   38):     CAMERA_MSG_ERROR
V/EmulatedCamera_CallbackNotifier(   38):     CAMERA_MSG_FOCUS
V/EmulatedCamera_CallbackNotifier(   38):     CAMERA_MSG_ZOOM
V/EmulatedCamera_CallbackNotifier(   38):     CAMERA_MSG_RAW_IMAGE_NOTIFY
V/EmulatedCamera_CallbackNotifier(   38):     CAMERA_MSG_PREVIEW_METADATA
V/EmulatedCamera_CallbackNotifier(   38): disableMessage: msg_type = 0xffff
V/EmulatedCamera_CallbackNotifier(   38):     CAMERA_MSG_ERROR
V/EmulatedCamera_CallbackNotifier(   38):     CAMERA_MSG_SHUTTER
V/EmulatedCamera_CallbackNotifier(   38):     CAMERA_MSG_FOCUS
V/EmulatedCamera_CallbackNotifier(   38):     CAMERA_MSG_ZOOM
V/EmulatedCamera_CallbackNotifier(   38):     CAMERA_MSG_PREVIEW_FRAME
V/EmulatedCamera_CallbackNotifier(   38):     CAMERA_MSG_VIDEO_FRAME
V/EmulatedCamera_CallbackNotifier(   38):     CAMERA_MSG_POSTVIEW_FRAME
V/EmulatedCamera_CallbackNotifier(   38):     CAMERA_MSG_RAW_IMAGE
V/EmulatedCamera_CallbackNotifier(   38):     CAMERA_MSG_COMPRESSED_IMAGE
V/EmulatedCamera_CallbackNotifier(   38):     CAMERA_MSG_RAW_IMAGE_NOTIFY
V/EmulatedCamera_CallbackNotifier(   38):     CAMERA_MSG_PREVIEW_METADATA
V/EmulatedCamera_CallbackNotifier(   38): **** Currently enabled messages:
V/EmulatedCamera_Camera(   38): doStopPreview
V/EmulatedCamera_Camera(   38): cancelPicture
V/EmulatedCamera_Camera(   38): releaseCamera
V/EmulatedCamera_Camera(   38): doStopPreview
V/EmulatedCamera_Device(   38): stopDeliveringFrames
V/EmulatedCamera_Device(   38): stopWorkerThread
V/EmulatedCamera_Device(   38): Stopping emulated camera device's worker thread...
V/EmulatedCamera_Device(   38): Emulated camera device's worker thread has been stopped.
V/EmulatedCamera_FakeDevice(   38): stopDevice
V/EmulatedCamera_FakeDevice(   38): disconnectDevice
V/EmulatedCamera_Preview(   38): setPreviewWindow: current: 0xffb0 -> new: 0x0
I/CameraService(   38): Destroying camera 0
V/EmulatedCamera_Camera(   38): closeCamera
V/EmulatedCamera_Camera(   38): doStopPreview
W/WindowManager(   77): Window freeze timeout expired.
W/WindowManager(   77): Force clearing orientation change: Window{41570fb8 com.rhomobile.macotec/com.rhomobile.rhodes.RhodesActivity paused=false}
W/AudioFlinger(   38): session id 147 not found for pid 38
W/AudioFlinger(   38): session id 148 not found for pid 38
I/Process (   77): Sending signal. PID: 3385 SIG: 3
I/dalvikvm( 3385): threadid=3: reacting to signal 3
E/dalvikvm( 3385): Unable to open stack trace file '/data/anr/traces.txt': Permission denied
I/Process (   77): Sending signal. PID: 3385 SIG: 3
I/dalvikvm( 3385): threadid=3: reacting to signal 3
I/Process (   77): Sending signal. PID: 3385 SIG: 3
I/dalvikvm( 3385): Wrote stack traces to '/data/anr/traces.txt'
I/dalvikvm( 3385): threadid=3: reacting to signal 3
V/PhoneStatusBar(  137): setLightsOn(true)
I/Process (   77): Sending signal. PID: 3385 SIG: 3
I/dalvikvm( 3385): Wrote stack traces to '/data/anr/traces.txt'
I/dalvikvm( 3385): threadid=3: reacting to signal 3
I/Process (   77): Sending signal. PID: 3385 SIG: 3
I/dalvikvm( 3385): Wrote stack traces to '/data/anr/traces.txt'
I/dalvikvm( 3385): threadid=3: reacting to signal 3
I/Process (   77): Sending signal. PID: 3385 SIG: 3
I/dalvikvm( 3385): Wrote stack traces to '/data/anr/traces.txt'
I/dalvikvm( 3385): threadid=3: reacting to signal 3
D/dalvikvm(   77): GC_EXPLICIT freed 147K, 13% free 11375K/12935K, paused 175ms+48ms
I/dalvikvm( 3385): Wrote stack traces to '/data/anr/traces.txt'
I/Process (   77): Sending signal. PID: 3385 SIG: 3
I/dalvikvm( 3385): threadid=3: reacting to signal 3
I/Process (   77): Sending signal. PID: 3385 SIG: 3
I/dalvikvm( 3385): Wrote stack traces to '/data/anr/traces.txt'
I/dalvikvm( 3385): threadid=3: reacting to signal 3
W/ActivityManager(   77): Launch timeout has expired, giving up wake lock!
I/Process (   77): Sending signal. PID: 3385 SIG: 3
I/dalvikvm( 3385): Wrote stack traces to '/data/anr/traces.txt'
I/dalvikvm( 3385): threadid=3: reacting to signal 3
W/ActivityManager(   77): Activity idle timeout for ActivityRecord{41462268 com.rhomobile.macotec/com.rhomobile.rhodes.RhodesActivity}
I/dalvikvm( 3385): Wrote stack traces to '/data/anr/traces.txt'
I/APP     ( 3385): I 02/27/2013 18:24:34:330 00000d39         ImageCapture| onStop
D/AndroidRuntime( 3450): 
D/AndroidRuntime( 3450): >>>>>> AndroidRuntime START com.android.internal.os.RuntimeInit <<<<<<
D/AndroidRuntime( 3450): CheckJNI is ON
D/AndroidRuntime( 3450): Calling main entry com.android.commands.pm.Pm
W/ActivityManager(   77): No content provider found for permission revoke: file:///data/local/tmp/MacoTec-debug.apk
W/ActivityManager(   77): No content provider found for permission revoke: file:///data/local/tmp/MacoTec-debug.apk
D/dalvikvm(   77): GC_CONCURRENT freed 313K, 11% free 11545K/12935K, paused 6ms+12ms
D/dalvikvm(   77): GC_CONCURRENT freed 322K, 9% free 11815K/12935K, paused 8ms+15ms
D/dalvikvm(   77): GC_CONCURRENT freed 656K, 9% free 11773K/12935K, paused 6ms+12ms
D/dalvikvm(   77): GC_CONCURRENT freed 572K, 9% free 11782K/12935K, paused 15ms+8ms
D/dalvikvm(   77): GC_CONCURRENT freed 583K, 9% free 11789K/12935K, paused 9ms+14ms
D/dalvikvm(   77): GC_CONCURRENT freed 639K, 9% free 11785K/12935K, paused 6ms+9ms
I/PackageManager(   77): Removing non-system package:com.rhomobile.macotec
I/ActivityManager(   77): Force stopping package com.rhomobile.macotec uid=10040
I/ActivityManager(   77): Killing proc 3385:com.rhomobile.macotec/10040: force stop
W/ActivityManager(   77): Force removing ActivityRecord{41462268 com.rhomobile.macotec/com.rhomobile.rhodes.RhodesActivity}: app died, no saved state
W/NetworkManagementSocketTagger(   77): setKernelCountSet(10040, 0) failed with errno -2
W/NetworkManagementSocketTagger(   77): setKernelCountSet(10009, 1) failed with errno -2
I/WindowManager(   77): WIN DEATH: Window{41570fb8 com.rhomobile.macotec/com.rhomobile.rhodes.RhodesActivity paused=false}
I/PackageManager(   77): Package com.rhomobile.macotec codePath changed from /data/app/com.rhomobile.macotec-2.apk to /data/app/com.rhomobile.macotec-1.apk; Retaining data and using new
I/Process (   77): Sending signal. PID: 179 SIG: 3
I/dalvikvm(  179): threadid=3: reacting to signal 3
I/dalvikvm(  179): Wrote stack traces to '/data/anr/traces.txt'
W/InputManagerService(   77): Got RemoteException sending setActive(false) notification to pid 3385 uid 10040
D/dalvikvm(  179): GC_FOR_ALLOC freed 4045K, 30% free 17433K/24903K, paused 54ms
D/dalvikvm(  179): GC_CONCURRENT freed 370K, 24% free 19105K/24903K, paused 5ms+8ms
D/dalvikvm(  179): GC_CONCURRENT freed 1687K, 22% free 19458K/24903K, paused 6ms+8ms
I/PackageManager(   77): Running dexopt on: com.rhomobile.macotec
D/dalvikvm( 3461): DexOpt: load 96ms, verify+opt 503ms
W/PackageManager(   77): Code path for pkg : com.rhomobile.macotec changing from /data/app/com.rhomobile.macotec-2.apk to /data/app/com.rhomobile.macotec-1.apk
W/PackageManager(   77): Resource path for pkg : com.rhomobile.macotec changing from /data/app/com.rhomobile.macotec-2.apk to /data/app/com.rhomobile.macotec-1.apk
I/ActivityManager(   77): Force stopping package com.rhomobile.macotec uid=10040
D/dalvikvm(   77): GC_CONCURRENT freed 563K, 9% free 11836K/12935K, paused 6ms+14ms
D/PackageManager(   77): New package installed in /data/app/com.rhomobile.macotec-1.apk
I/ActivityManager(   77): Force stopping package com.rhomobile.macotec uid=10040
D/PackageManager(   77): generateServicesMap(android.accounts.AccountAuthenticator): 2 services unchanged
D/PackageManager(   77): generateServicesMap(android.content.SyncAdapter): 4 services unchanged
D/BackupManagerService(   77): Received broadcast Intent { act=android.intent.action.PACKAGE_REMOVED dat=package:com.rhomobile.macotec flg=0x10000010 (has extras) }
D/PackageManager(   77): generateServicesMap(android.accounts.AccountAuthenticator): 2 services unchanged
D/PackageManager(   77): generateServicesMap(android.content.SyncAdapter): 4 services unchanged
D/BackupManagerService(   77): Received broadcast Intent { act=android.intent.action.PACKAGE_ADDED dat=package:com.rhomobile.macotec flg=0x10000010 (has extras) }
V/BackupManagerService(   77): updatePackageParticipantsLocked: #1
D/dalvikvm(  179): GC_CONCURRENT freed 6488K, 40% free 14945K/24903K, paused 8ms+22ms
W/RecognitionManagerService(   77): no available voice recognition services found
D/BackupManagerService(   77): Received broadcast Intent { act=android.intent.action.PACKAGE_REPLACED dat=package:com.rhomobile.macotec flg=0x10000010 (has extras) }
V/BackupManagerService(   77): updatePackageParticipantsLocked: #1
D/dalvikvm(   77): GC_CONCURRENT freed 1062K, 12% free 11478K/12935K, paused 5ms+17ms
D/dalvikvm(  179): GC_FOR_ALLOC freed 122K, 35% free 16219K/24903K, paused 60ms
D/dalvikvm(  179): GC_FOR_ALLOC freed 368K, 29% free 17745K/24903K, paused 51ms
D/dalvikvm(  179): GC_CONCURRENT freed 4818K, 40% free 14963K/24903K, paused 4ms+11ms
D/dalvikvm(  179): GC_FOR_ALLOC freed 113K, 35% free 16230K/24903K, paused 50ms
D/dalvikvm(  179): GC_FOR_ALLOC freed 336K, 29% free 17746K/24903K, paused 59ms
D/dalvikvm(  179): GC_FOR_ALLOC freed 1445K, 28% free 18116K/24903K, paused 65ms
D/dalvikvm(  179): GC_FOR_ALLOC freed 624K, 25% free 18687K/24903K, paused 53ms
D/dalvikvm(  179): GC_CONCURRENT freed 2178K, 26% free 18535K/24903K, paused 5ms+11ms
D/dalvikvm(   77): GC_EXPLICIT freed 226K, 13% free 11347K/12935K, paused 5ms+27ms
D/AndroidRuntime( 3450): Shutting down VM
D/dalvikvm( 3450): GC_CONCURRENT freed 97K, 79% free 450K/2048K, paused 0ms+1ms
I/AndroidRuntime( 3450): NOTE: attach of thread 'Binder Thread #3' failed
D/AndroidRuntime( 3469): 
D/AndroidRuntime( 3469): >>>>>> AndroidRuntime START com.android.internal.os.RuntimeInit <<<<<<
D/AndroidRuntime( 3469): CheckJNI is ON
D/AndroidRuntime( 3469): Calling main entry com.android.commands.am.Am
I/ActivityManager(   77): START {act=android.intent.action.MAIN flg=0x10000000 cmp=com.rhomobile.macotec/com.rhomobile.rhodes.RhodesActivity} from pid 3469
W/WindowManager(   77): Failure taking screenshot for (180x300) to layer 21005
D/AndroidRuntime( 3469): Shutting down VM
D/dalvikvm( 3469): GC_CONCURRENT freed 97K, 77% free 479K/2048K, paused 1ms+1ms
I/AndroidRuntime( 3469): NOTE: attach of thread 'Binder Thread #3' failed
I/ActivityManager(   77): Start proc com.rhomobile.macotec for activity com.rhomobile.macotec/com.rhomobile.rhodes.RhodesActivity: pid=3479 uid=10040 gids={3003, 1006}
I/dalvikvm( 3479): Turning on JNI app bug workarounds for target SDK version 4...
W/NetworkManagementSocketTagger(   77): setKernelCountSet(10040, 1) failed with errno -2
I/Process (   77): Sending signal. PID: 3479 SIG: 3
I/dalvikvm( 3479): threadid=3: reacting to signal 3
I/dalvikvm( 3479): Wrote stack traces to '/data/anr/traces.txt'
D/dalvikvm( 3479): Trying to load lib /data/data/com.rhomobile.macotec/lib/librhodes.so 0x4129fbf0
D/dalvikvm( 3479): Added shared lib /data/data/com.rhomobile.macotec/lib/librhodes.so 0x4129fbf0
D/dalvikvm( 3479): Trying to load lib /data/data/com.rhomobile.macotec/lib/librhodes.so 0x4129fbf0
D/dalvikvm( 3479): Shared lib '/data/data/com.rhomobile.macotec/lib/librhodes.so' already loaded in same CL 0x4129fbf0
I/ActivityThread( 3479): Pub com.rhomobile.macotec: com.rhomobile.rhodes.LocalFileProvider
I/RhodesApplication( 3479): Initializing...
D/RhoFileApi( 3479): App root path: /data/data/com.rhomobile.macotec/rhodata/
D/RhoFileApi( 3479): Sqlite journals path: /data/data/com.rhomobile.macotec/sqlite_stmt_journals/
I/Process (   77): Sending signal. PID: 3479 SIG: 3
I/dalvikvm( 3479): threadid=3: reacting to signal 3
I/dalvikvm( 3479): Wrote stack traces to '/data/anr/traces.txt'
D/RhoFileApi( 3479): Shared path: /data/data/com.rhomobile.macotec/rhodata/
D/RhodesApplication( 3479): Root path: /data/data/com.rhomobile.macotec/rhodata/
I/RhodesApplication( 3479): Application hash was changed
D/RhoFileApi( 3479): Copy hash to FS
D/RhoFileApi( 3479): File hash copied
D/RhoFileApi( 3479): Copy rho.dat to FS
D/RhoFileApi( 3479): File rho.dat copied
D/RhoFileApi( 3479): Copy apps/rhoconfig.txt to FS
D/RhoFileApi( 3479): File apps/rhoconfig.txt copied
I/RhoFileApi( 3479): Opening stat table from FS: /data/data/com.rhomobile.macotec/rhodata/rho.dat
D/RhoFileApi( 3479): Copy apps/rhoconfig.txt to FS
D/RhoFileApi( 3479): File apps/rhoconfig.txt copied
D/RhoFileApi( 3479): App root path: /data/data/com.rhomobile.macotec/rhodata/
D/RhoFileApi( 3479): Sqlite journals path: /data/data/com.rhomobile.macotec/sqlite_stmt_journals/
D/RhoFileApi( 3479): Shared path: /data/data/com.rhomobile.macotec/rhodata/
I/APP     ( 3479): I 02/27/2013 18:24:58:947 00000d97    RhodesApplication| Initialized
I/Process (   77): Sending signal. PID: 3479 SIG: 3
I/dalvikvm( 3479): threadid=3: reacting to signal 3
I/dalvikvm( 3479): Wrote stack traces to '/data/anr/traces.txt'
I/APP     ( 3479): I 02/27/2013 18:24:59:078 00000d97         BaseActivity| New screen properties - width: 480, height: 800, orientation: 1
I/APP     ( 3479): I 02/27/2013 18:24:59:206 00000d97         SplashScreen| Looking for start page source
D/dalvikvm( 3479): GC_CONCURRENT freed 294K, 4% free 9232K/9607K, paused 4ms+8ms
D/dalvikvm( 3479): GC_FOR_ALLOC freed 6K, 4% free 9226K/9607K, paused 62ms
I/Process (   77): Sending signal. PID: 3479 SIG: 3
I/dalvikvm( 3479): threadid=3: reacting to signal 3
I/dalvikvm-heap( 3479): Grow heap (frag case) to 12.145MB for 3217300-byte allocation
I/dalvikvm( 3479): Wrote stack traces to '/data/anr/traces.txt'
D/dalvikvm( 3479): GC_FOR_ALLOC freed <1K, 4% free 12368K/12807K, paused 82ms
I/Process (   77): Sending signal. PID: 3479 SIG: 3
I/dalvikvm( 3479): threadid=3: reacting to signal 3
I/dalvikvm( 3479): Wrote stack traces to '/data/anr/traces.txt'
I/APP     ( 3479): I 02/27/2013 18:25:00:271 00000d97         SplashScreen| Done
I/APP     ( 3479): I 02/27/2013 18:25:00:277 00000d97    RhodesApplication| New UiState: MainActivityCreated
I/APP     ( 3479): I 02/27/2013 18:25:00:316 00000d97       RhodesActivity| onStart
I/APP     ( 3479): I 02/27/2013 18:25:00:320 00000d97    RhodesApplication| New UiState: MainActivityStarted
I/APP     ( 3479): I 02/27/2013 18:25:00:365 00000d97       RhodesActivity| onResume
I/APP     ( 3479): I 02/27/2013 18:25:00:371 00000d97 AndroidFunctionality| Resume WebView
I/APP     ( 3479): I 02/27/2013 18:25:00:428 00000d97        RhodesService| onCreate
I/APP     ( 3479): I 02/27/2013 18:25:00:459 00000d97    LocalFileProvider| Revoke URI permissions: content:///com.rhomobile.macotec
W/ActivityManager(   77): No content provider found for permission revoke: content:///com.rhomobile.macotec
I/APP     ( 3479): I 02/27/2013 18:25:00:484 00000d97               Rhodes| Loading...
I/APP     ( 3479): I 02/27/2013 18:25:00:489 00000d97            RhodesApp| Trying to get free listening port.
I/APP     ( 3479): I 02/27/2013 18:25:00:513 00000d97            RhodesApp| Trying to bind of 8080 port...
I/APP     ( 3479): I 02/27/2013 18:25:00:517 00000d97            RhodesApp| Got port to bind on: 8080
I/Process (   77): Sending signal. PID: 3479 SIG: 3
I/dalvikvm( 3479): threadid=3: reacting to signal 3
I/dalvikvm( 3479): Wrote stack traces to '/data/anr/traces.txt'
I/APP     ( 3479): I 02/27/2013 18:25:00:588 00000d97            RhodesApp| Free listening port: 8080
I/APP     ( 3479): I 02/27/2013 18:25:00:571 00000dac         AppCallbacks| Starting main routine...
I/APP     ( 3479): I 02/27/2013 18:25:00:604 00000dac         AppCallbacks| ThreadQueue blocked for 4294967295 seconds...
I/APP     ( 3479): I 02/27/2013 18:25:00:704 00000d97        RhodesService| Push is disabled
I/APP     ( 3479): I 02/27/2013 18:25:00:711 00000d97            RhodesApp| callAppActiveCallback
I/APP     ( 3479): I 02/27/2013 18:25:00:739 00000d97         AppCallbacks| addCommand: APP-ACTIVATED
I/APP     ( 3479): I 02/27/2013 18:25:00:769 00000dac         AppCallbacks| Received command APP-ACTIVATED which is greater than expected (LOCAL-SERVER-STARTED) - postpone it
I/APP     ( 3479): I 02/27/2013 18:25:00:771 00000dac         AppCallbacks| ThreadQueue blocked for 4294967295 seconds...
I/APP     ( 3479): I 02/27/2013 18:25:00:794 00000d97         AppActivated| Cannot commit now, application will be activated when started.
I/APP     ( 3479): I 02/27/2013 18:25:00:833 00000d97    RhodesApplication| New AppState: Undefined
I/APP     ( 3479): I 02/27/2013 18:25:00:839 00000dae            RhodesApp| Starting RhodesApp main routine...
D/RhodesService( 3479): +++ onStartCommand
I/RhodesService( 3479): handleCommand: startId=1, source=com.rhomobile.rhodes.BaseActivity
D/RhodesService( 3479): New activity was created
I/APP     ( 3479): I 02/27/2013 18:25:01:118 00000d97        RhodesService| onBind
I/Process (   77): Sending signal. PID: 3479 SIG: 3
I/dalvikvm( 3479): threadid=3: reacting to signal 3
I/dalvikvm( 3479): Wrote stack traces to '/data/anr/traces.txt'
I/Process (   77): Sending signal. PID: 3479 SIG: 3
I/dalvikvm( 3479): threadid=3: reacting to signal 3
I/APP     ( 3479): I 02/27/2013 18:25:02:193 00000d97         AppCallbacks| addCommand: UI-CREATED
I/APP     ( 3479): I 02/27/2013 18:25:02:243 00000dac         AppCallbacks| Received command UI-CREATED which is greater than expected (LOCAL-SERVER-STARTED) - postpone it
I/APP     ( 3479): I 02/27/2013 18:25:02:283 00000dac         AppCallbacks| ThreadQueue blocked for 4294967295 seconds...
I/dalvikvm( 3479): Wrote stack traces to '/data/anr/traces.txt'
I/Process (   77): Sending signal. PID: 3479 SIG: 3
I/dalvikvm( 3479): threadid=3: reacting to signal 3
I/dalvikvm( 3479): Wrote stack traces to '/data/anr/traces.txt'
V/PhoneStatusBar(  137): setLightsOn(true)
I/Process (   77): Sending signal. PID: 3479 SIG: 3
I/dalvikvm( 3479): threadid=3: reacting to signal 3
I/dalvikvm( 3479): Wrote stack traces to '/data/anr/traces.txt'
I/APP     ( 3479): I 02/27/2013 18:25:03:725 00000d97       RhodesActivity| onServiceConnected: {com.rhomobile.macotec/com.rhomobile.rhodes.RhodesService}
I/APP     ( 3479): I 02/27/2013 18:25:03:838 00000d97       RhodesActivity| New start parameters: 
I/APP     ( 3479): I 02/27/2013 18:25:03:916 00000d97            RhodesApp| New start params: 
I/Process (   77): Sending signal. PID: 3479 SIG: 3
W/InputManagerService(   77): Starting input on non-focused client com.android.internal.view.IInputMethodClient$Stub$Proxy@415cab20 (uid=10009 pid=179)
I/dalvikvm( 3479): threadid=3: reacting to signal 3
I/dalvikvm( 3479): Wrote stack traces to '/data/anr/traces.txt'
I/Process (   77): Sending signal. PID: 3479 SIG: 3
D/gralloc_goldfish( 3479): Emulator without GPU emulation detected.
I/dalvikvm( 3479): threadid=3: reacting to signal 3
I/dalvikvm( 3479): Wrote stack traces to '/data/anr/traces.txt'
I/Process (   77): Sending signal. PID: 3479 SIG: 3
I/dalvikvm( 3479): threadid=3: reacting to signal 3
I/dalvikvm( 3479): Wrote stack traces to '/data/anr/traces.txt'
I/Process (   77): Sending signal. PID: 3479 SIG: 3
I/dalvikvm( 3479): threadid=3: reacting to signal 3
I/dalvikvm( 3479): Wrote stack traces to '/data/anr/traces.txt'
I/APP     ( 3479): I 02/27/2013 18:25:06:102 00000dae              RhoRuby| Init_RhoBlobs: /data/data/com.rhomobile.macotec/rhodata/db/db-files
I/ActivityManager(   77): Displayed com.rhomobile.macotec/com.rhomobile.rhodes.RhodesActivity: +8s970ms
I/APP     ( 3479): I 02/27/2013 18:25:06:426 00000dae              RhoRuby| require_compiled: rhoframework
I/APP     ( 3479): I 02/27/2013 18:25:06:553 00000dae              RhoRuby| require_compiled: rational
I/APP     ( 3479): I 02/27/2013 18:25:06:637 00000dae              RhoRuby| require_compiled: rhom/rhom_db_adapter
I/APP     ( 3479): I 02/27/2013 18:25:06:888 00000dae              RhoRuby| require_compiled: rhodes
I/APP     ( 3479): I 02/27/2013 18:25:06:925 00000dae              RhoRuby| require_compiled: rhom/rhom_object
I/APP     ( 3479): I 02/27/2013 18:25:07:006 00000dae              RhoRuby| require_compiled: rhofsconnector
I/APP     ( 3479): I 02/27/2013 18:25:07:012 00000dae              RhoRuby| require_compiled: rho/rhofsconnector
W/NetworkManagementSocketTagger(   77): setKernelCountSet(10009, 0) failed with errno -2
I/APP     ( 3479): I 02/27/2013 18:25:07:142 00000dae              RhoRuby| require_compiled: rhom/rhom_object_factory
I/APP     ( 3479): I 02/27/2013 18:25:07:353 00000dae              RhoRuby| require_compiled: rhom/rhom
I/APP     ( 3479): I 02/27/2013 18:25:07:414 00000dae              RhoRuby| require_compiled: rhom/rhom_model
I/APP     ( 3479): I 02/27/2013 18:25:07:469 00000dae              RhoRuby| require_compiled: rhom
I/APP     ( 3479): I 02/27/2013 18:25:07:502 00000dae              RhoRuby| require_compiled: rho/rhoapplication
I/APP     ( 3479): I 02/27/2013 18:25:07:566 00000dae              RhoRuby| require_compiled: rholang/localization_simplified
I/APP     ( 3479): I 02/27/2013 18:25:07:623 00000dae              RhoRuby| require_compiled: rho/rhomsg
I/APP     ( 3479): I 02/27/2013 18:25:07:660 00000dae              RhoRuby| require_compiled: rho/rhotabbar
I/APP     ( 3479): I 02/27/2013 18:25:07:696 00000dae              RhoRuby| require_compiled: rho/rhotoolbar
I/APP     ( 3479): I 02/27/2013 18:25:07:731 00000dae                  APP| Current locale: ; Country code: 
I/APP     ( 3479): I 02/27/2013 18:25:07:761 00000dae                  APP| Locilized file: /data/data/com.rhomobile.macotec/rhodata/lib/rholang/lang_
I/APP     ( 3479): I 02/27/2013 18:25:07:766 00000dae              RhoRuby| require_compiled: /data/data/com.rhomobile.macotec/rhodata/lib/rholang/lang_en
I/APP     ( 3479): I 02/27/2013 18:25:07:816 00000dae                  APP| Locilized file: /data/data/com.rhomobile.macotec/rhodata/apps/app/lang/lang_
I/APP     ( 3479): I 02/27/2013 18:25:07:820 00000dae              RhoRuby| require_compiled: /data/data/com.rhomobile.macotec/rhodata/apps/app/lang/lang_en
I/APP     ( 3479): I 02/27/2013 18:25:07:868 00000dae                  APP| Locilized file: /data/data/com.rhomobile.macotec/rhodata/lib/rholang/rhoerror_
I/APP     ( 3479): I 02/27/2013 18:25:07:874 00000dae              RhoRuby| require_compiled: /data/data/com.rhomobile.macotec/rhodata/lib/rholang/rhoerror_en
I/APP     ( 3479): I 02/27/2013 18:25:07:920 00000dae                  APP| Locilized file: /data/data/com.rhomobile.macotec/rhodata/lib/rholang/rhomsg_
I/APP     ( 3479): I 02/27/2013 18:25:07:924 00000dae              RhoRuby| require_compiled: /data/data/com.rhomobile.macotec/rhodata/lib/rholang/rhomsg_en
I/APP     ( 3479): I 02/27/2013 18:25:07:972 00000dae              RhoRuby| require_compiled: indifferent_access
I/APP     ( 3479): I 02/27/2013 18:25:08:017 00000dae              RhoRuby| require_compiled: rho/rhosupport
I/APP     ( 3479): I 02/27/2013 18:25:08:081 00000dae              RhoRuby| require_compiled: rho/rhocontroller
I/APP     ( 3479): I 02/27/2013 18:25:08:132 00000dae              RhoRuby| require_compiled: rho/render
I/APP     ( 3479): I 02/27/2013 18:25:08:201 00000dae              RhoRuby| require_compiled: rho/rho
I/APP     ( 3479): I 02/27/2013 18:25:08:376 00000dae              RhoRuby| require_compiled: rho/rhoerror
I/APP     ( 3479): I 02/27/2013 18:25:08:416 00000dae              RhoRuby| require_compiled: rhom/rhom_source
I/APP     ( 3479): I 02/27/2013 18:25:08:471 00000dae              RhoRuby| require_compiled: rho/rhoviewhelpers
I/APP     ( 3479): I 02/27/2013 18:25:08:518 00000dae              RhoRuby| require_compiled: rho
I/APP     ( 3479): I 02/27/2013 18:25:08:553 00000dae                  APP| RHO loaded
I/APP     ( 3479): I 02/27/2013 18:25:08:557 00000dae                  APP| Calling RHO.initialize
I/APP     ( 3479): I 02/27/2013 18:25:08:594 00000dae                  APP| model file: Settings/settings
I/APP     ( 3479): I 02/27/2013 18:25:08:599 00000dae                  APP| model file: Image/image
I/APP     ( 3479): I 02/27/2013 18:25:08:637 00000dae                  APP| model file: Product/product
I/APP     ( 3479): I 02/27/2013 18:25:08:641 00000dae                  APP| model file: Request/request
I/APP     ( 3479): I 02/27/2013 18:25:08:674 00000dae                   DB| Open DB: /data/data/com.rhomobile.macotec/rhodata/db/syncdbuser.sqlite
I/APP     ( 3479): I 02/27/2013 18:25:08:720 00000dae          GeoLocation| Creating singleton instance.
I/APP     ( 3479): I 02/27/2013 18:25:08:723 00000dae            RhodesApp| Starting sync engine...
I/APP     ( 3479): I 02/27/2013 18:25:08:774 00000dae                 Sync| sync_poll_interval: 0
I/APP     ( 3479): I 02/27/2013 18:25:08:785 00000dae                 Sync| syncserver: 
I/APP     ( 3479): I 02/27/2013 18:25:08:840 00000dae                 Sync| bulksync_state: 0
I/APP     ( 3479): I 02/27/2013 18:25:08:844 00000dae            RhodesApp| RhoRubyInitApp...
I/APP     ( 3479): I 02/27/2013 18:25:08:872 00000dae                  APP| init_app
I/APP     ( 3479): I 02/27/2013 18:25:08:901 00000dae              RhoRuby| require_compiled: application
I/APP     ( 3479): I 02/27/2013 18:25:08:980 00000dae                 Sync| Set notification. Source ID: -1;Url :http://localhost:8080/app/Settings/sync_notify; Params: 
I/APP     ( 3479): I 02/27/2013 18:25:08:984 00000dae           HttpServer| Start HTTP server
I/APP     ( 3479): I 02/27/2013 18:25:09:024 00000dae           HttpServer| Listen for connections on port 8080
I/APP     ( 3479): I 02/27/2013 18:25:09:027 00000dae         AppCallbacks| addCommand: LOCAL-SERVER-STARTED
I/APP     ( 3479): I 02/27/2013 18:25:09:060 00000dac         AppCallbacks| process command: LOCAL-SERVER-STARTED
I/APP     ( 3479): I 02/27/2013 18:25:09:062 00000dac RhodesAppActiveObserver| Ready
I/APP     ( 3479): I 02/27/2013 18:25:09:104 00000d97 AndroidFunctionality| Disable WebView zoom
I/APP     ( 3479): I 02/27/2013 18:25:09:108 00000d97 AndroidFunctionality| Set web plugins state 'OFF'
V/EmulatedCamera_Factory(   38): getCameraInfo: id = 0
V/EmulatedCamera_Camera(   38): getCameraInfo
I/APP     ( 3479): I 02/27/2013 18:25:09:176 00000dac    RhodesApplication| New AppState: AppActivated
I/APP     ( 3479): I 02/27/2013 18:25:09:180 00000dac         AppCallbacks| process command: UI-CREATED
V/EmulatedCamera_Factory(   38): getCameraInfo: id = 0
V/EmulatedCamera_Camera(   38): getCameraInfo
I/CameraService(   38): Opening camera 0
V/EmulatedCamera_Factory(   38): cameraDeviceOpen: id = 0
V/EmulatedCamera_Camera(   38): connectCamera
V/EmulatedCamera_FakeDevice(   38): connectDevice
V/EmulatedCamera_CallbackNotifier(   38): setCallbacks: 0x405954e9, 0x40595f9d, 0x40595f01, 0x40597359 (0x101f0)
V/EmulatedCamera_CallbackNotifier(   38): enableMessage: msg_type = 0x40d
V/EmulatedCamera_CallbackNotifier(   38):     CAMERA_MSG_ERROR
V/EmulatedCamera_CallbackNotifier(   38):     CAMERA_MSG_FOCUS
V/EmulatedCamera_CallbackNotifier(   38):     CAMERA_MSG_ZOOM
V/EmulatedCamera_CallbackNotifier(   38):     CAMERA_MSG_PREVIEW_METADATA
V/EmulatedCamera_CallbackNotifier(   38): **** Currently enabled messages:
V/EmulatedCamera_CallbackNotifier(   38):     CAMERA_MSG_ERROR
V/EmulatedCamera_CallbackNotifier(   38):     CAMERA_MSG_FOCUS
V/EmulatedCamera_CallbackNotifier(   38):     CAMERA_MSG_ZOOM
V/EmulatedCamera_CallbackNotifier(   38):     CAMERA_MSG_PREVIEW_METADATA
I/AwesomePlayer(   38): setDataSource_l('/system/media/audio/ui/camera_click.ogg')
I/APP     ( 3479): I 02/27/2013 18:25:09:526 00000dae           HttpServer| Process URI: '/system/uicreated'
I/APP     ( 3479): I 02/27/2013 18:25:09:542 00000dae                  APP| on_ui_created.navigate to start url: '/app'
I/APP     ( 3479): I 02/27/2013 18:25:09:658 00000dac         AppCallbacks| process command: APP-ACTIVATED
I/APP     ( 3479): I 02/27/2013 18:25:09:710 00000dae           HttpServer| Process URI: '/system/activateapp'
I/APP     ( 3479): I 02/27/2013 18:25:09:729 00000dac         AppCallbacks| ThreadQueue blocked for 4294967295 seconds...
I/AwesomePlayer(   38): setDataSource_l('/system/media/audio/ui/VideoRecord.ogg')
V/EmulatedCamera_CallbackNotifier(   38): disableMessage: msg_type = 0x10
V/EmulatedCamera_CallbackNotifier(   38):     CAMERA_MSG_PREVIEW_FRAME
V/EmulatedCamera_CallbackNotifier(   38): **** Currently enabled messages:
V/EmulatedCamera_CallbackNotifier(   38):     CAMERA_MSG_ERROR
V/EmulatedCamera_CallbackNotifier(   38):     CAMERA_MSG_FOCUS
V/EmulatedCamera_CallbackNotifier(   38):     CAMERA_MSG_ZOOM
V/EmulatedCamera_CallbackNotifier(   38):     CAMERA_MSG_PREVIEW_METADATA
V/EmulatedCamera_CallbackNotifier(   38): disableMessage: msg_type = 0xffff
V/EmulatedCamera_CallbackNotifier(   38):     CAMERA_MSG_ERROR
V/EmulatedCamera_CallbackNotifier(   38):     CAMERA_MSG_SHUTTER
V/EmulatedCamera_CallbackNotifier(   38):     CAMERA_MSG_FOCUS
V/EmulatedCamera_CallbackNotifier(   38):     CAMERA_MSG_ZOOM
V/EmulatedCamera_CallbackNotifier(   38):     CAMERA_MSG_PREVIEW_FRAME
V/EmulatedCamera_CallbackNotifier(   38):     CAMERA_MSG_VIDEO_FRAME
V/EmulatedCamera_CallbackNotifier(   38):     CAMERA_MSG_POSTVIEW_FRAME
V/EmulatedCamera_CallbackNotifier(   38):     CAMERA_MSG_RAW_IMAGE
V/EmulatedCamera_CallbackNotifier(   38):     CAMERA_MSG_COMPRESSED_IMAGE
V/EmulatedCamera_CallbackNotifier(   38):     CAMERA_MSG_RAW_IMAGE_NOTIFY
V/EmulatedCamera_CallbackNotifier(   38):     CAMERA_MSG_PREVIEW_METADATA
V/EmulatedCamera_CallbackNotifier(   38): **** Currently enabled messages:
V/EmulatedCamera_Camera(   38): doStopPreview
V/EmulatedCamera_Camera(   38): cancelPicture
V/EmulatedCamera_Camera(   38): releaseCamera
V/EmulatedCamera_Camera(   38): doStopPreview
V/EmulatedCamera_FakeDevice(   38): disconnectDevice
I/CameraService(   38): Destroying camera 0
V/EmulatedCamera_Camera(   38): closeCamera
V/EmulatedCamera_Camera(   38): doStopPreview
W/AudioFlinger(   38): session id 149 not found for pid 38
W/AudioFlinger(   38): session id 150 not found for pid 38
V/EmulatedCamera_Factory(   38): getCameraInfo: id = 0
V/EmulatedCamera_Camera(   38): getCameraInfo
I/APP     ( 3479): I 02/27/2013 18:25:10:161 00000d97         SplashScreen| navigate: url=http://localhost:8080/app
I/APP     ( 3479): I 02/27/2013 18:25:10:177 00000d97         SplashScreen| DELAY for SplashScreen = 0
I/APP     ( 3479): I 02/27/2013 18:25:10:216 00000d97        GoogleWebView| Creating new RhoWebChromeClient
I/APP     ( 3479): I 02/27/2013 18:25:10:260 00000d97       SimpleMainView| Cleared URL: http://localhost:8080/app
V/SimpleMainView.View( 3479): ms[1361985910343]  Main Window :: onSizeChanged() old [ 480 x 762 ]  new [ 0 x 0 ]
I/APP     ( 3479): I 02/27/2013 18:25:10:445 00000d97        GoogleWebView| Setting RhoWebChromeClient
I/APP     ( 3479): I 02/27/2013 18:25:10:563 00000dae           HttpServer| Process URI: '/app'
I/APP     ( 3479): I 02/27/2013 18:25:10:618 00000d97     RhoWebViewClient| Loading URL: http://localhost:8080/app/index_erb.iseq
I/APP     ( 3479): I 02/27/2013 18:25:10:671 00000dae           HttpServer| Process URI: '/app/index_erb.iseq'
I/APP     ( 3479): I 02/27/2013 18:25:10:681 00000dae                  APP| RHO serve_index: /app/index_erb.iseq
I/APP     ( 3479): I 02/27/2013 18:25:10:727 00000dae RHO Rho::RhoController| inst_render_index
I/APP     ( 3479): I 02/27/2013 18:25:10:796 00000dae RHO Rho::RhoController| index layout
I/APP     ( 3479): I 02/27/2013 18:25:10:888 00000dae           HttpServer| GC Start.
I/APP     ( 3479): I 02/27/2013 18:25:10:971 00000dae           HttpServer| GC End.
I/APP     ( 3479): I 02/27/2013 18:25:11:199 00000dae           HttpServer| Process URI: '/public/js/request.js'
I/APP     ( 3479): I 02/27/2013 18:25:11:258 00000dae           HttpServer| Process URI: '/public/jquery/jquery-1.6.4.min.js'
I/APP     ( 3479): I 02/27/2013 18:25:11:451 00000dae           HttpServer| Process URI: '/public/jquery/jquery.json-2.3.min.js'
I/APP     ( 3479): I 02/27/2013 18:25:11:516 00000dae           HttpServer| Process URI: '/public/jqmobile/jquery.mobile-1.0.1.min.css'
I/APP     ( 3479): I 02/27/2013 18:25:11:619 00000dae           HttpServer| Process URI: '/public/css/jqmobile-patch.css'
I/APP     ( 3479): I 02/27/2013 18:25:11:865 00000dae           HttpServer| Process URI: '/public/jqmobile/jquery.mobile-1.0.1.min.js'
I/APP     ( 3479): I 02/27/2013 18:25:12:732 00000dae           HttpServer| Process URI: '/public/js/jqmobile-patch.js'
I/APP     ( 3479): I 02/27/2013 18:25:12:990 00000dae           HttpServer| Process URI: '/public/css/macotec_style.css'
I/APP     ( 3479): I 02/27/2013 18:25:19:796 00000dae           HttpServer| Process URI: '/public/images/macotec/logo.png'
I/APP     ( 3479): I 02/27/2013 18:25:25:060 00000dae           HttpServer| Process URI: '/public/images/macotec/request_top.png'
I/APP     ( 3479): I 02/27/2013 18:25:25:179 00000dae           HttpServer| Process URI: '/public/images/macotec/contact_png.png'
I/APP     ( 3479): I 02/27/2013 18:25:25:190 00000dae           HttpServer| Process URI: '/public/images/macotec/products_png.png'
I/APP     ( 3479): I 02/27/2013 18:25:25:263 00000dae           HttpServer| Process URI: '/public/images/macotec/info_png.png'
W/webview ( 3479): Stale touch event ACTION_DOWN received from webcore; ignoring
W/webview ( 3479): Stale touch event ACTION_DOWN received from webcore; ignoring
I/APP     ( 3479): I 02/27/2013 18:25:31:869 00000dae           HttpServer| Process URI: '/app/Request/request'
I/APP     ( 3479): I 02/27/2013 18:25:31:871 00000dae                  APP| RHO serve: /app/Request/request
I/APP     ( 3479): I 02/27/2013 18:25:31:918 00000dae              RhoRuby| require_compiled: Request/request_controller
I/APP     ( 3479): I 02/27/2013 18:25:32:059 00000dae              RhoRuby| require_compiled: helpers/browser_helper
I/APP     ( 3479): I 02/27/2013 18:25:32:120 00000dae              RhoRuby| require_compiled: time
I/APP     ( 3479): I 02/27/2013 18:25:32:357 00000dae              RhoRuby| require_compiled: date/format
I/APP     ( 3479): I 02/27/2013 18:25:32:777 00000dae              RhoRuby| require_compiled: date
I/APP     ( 3479): I 02/27/2013 18:25:32:830 00000dae              RhoRuby| require_compiled: dateOrig
D/dalvikvm( 3479): GC_CONCURRENT freed 899K, 8% free 12506K/13575K, paused 22ms+16ms
D/webviewglue( 3479): nativeDestroy view: 0x2a8eb0
I/APP     ( 3479): E 02/27/2013 18:25:33:171 00000dae               RubyVM| lib/date.rb:14: warning: already initialized constant MONTHNAMES
I/APP     ( 3479): E 02/27/2013 18:25:33:174 00000dae               RubyVM| lib/date.rb:15: warning: already initialized constant ABBR_MONTHNAMES
I/APP     ( 3479): E 02/27/2013 18:25:33:212 00000dae               RubyVM| lib/date.rb:16: warning: already initialized constant DAYNAMES
I/APP     ( 3479): E 02/27/2013 18:25:33:218 00000dae               RubyVM| lib/date.rb:17: warning: already initialized constant ABBR_DAYNAMES
I/APP     ( 3479): I 02/27/2013 18:25:33:243 00000dae              RhoRuby| require_compiled: json
I/APP     ( 3479): I 02/27/2013 18:25:33:278 00000dae              RhoRuby| require_compiled: json/common
I/APP     ( 3479): I 02/27/2013 18:25:33:363 00000dae              RhoRuby| require_compiled: json/version
I/APP     ( 3479): I 02/27/2013 18:25:33:405 00000dae              RhoRuby| require_compiled: json/pure
I/APP     ( 3479): I 02/27/2013 18:25:33:453 00000dae              RhoRuby| require_compiled: json/pure/generator
I/APP     ( 3479): I 02/27/2013 18:25:33:542 00000dae              RhoRuby| require_compiled: Connection/connection_controller
I/APP     ( 3479): I 02/27/2013 18:25:33:700 00000dae           HttpServer| GC Start.
I/APP     ( 3479): I 02/27/2013 18:25:34:144 00000dae           HttpServer| GC End.
I/APP     ( 3479): I 02/27/2013 18:25:36:753 00000dae           HttpServer| Process URI: '/public/images/macotec/forklifter_full.png'
I/APP     ( 3479): I 02/27/2013 18:25:36:990 00000dae           HttpServer| Process URI: '/public/images/macotec/request_contract.png'
I/APP     ( 3479): I 02/27/2013 18:25:38:059 00000dae           HttpServer| Process URI: '/public/jqmobile/images/icons-36-white.png'
W/webview ( 3479): Stale touch event ACTION_DOWN received from webcore; ignoring
E/libEGL  ( 3479): call to OpenGL ES API with no current context (logged once per thread)
D/ShaderProgram( 3479): couldn't load the vertex shader!
E/libEGL  ( 3479): call to OpenGL ES API with no current context (logged once per thread)
D/ShaderProgram( 3479): couldn't load the vertex shader!
E/libEGL  ( 3479): call to OpenGL ES API with no current context (logged once per thread)
D/ShaderProgram( 3479): couldn't load the vertex shader!
E/libEGL  ( 3479): call to OpenGL ES API with no current context (logged once per thread)
D/ShaderProgram( 3479): couldn't load the vertex shader!
E/libEGL  ( 3479): call to OpenGL ES API with no current context (logged once per thread)
D/ShaderProgram( 3479): couldn't load the vertex shader!
I/APP     ( 3479): I 02/27/2013 18:25:43:441 00000dae           HttpServer| Process URI: '/app/Request/request_rental'
I/APP     ( 3479): I 02/27/2013 18:25:43:444 00000dae                  APP| RHO serve: /app/Request/request_rental
I/APP     ( 3479): I 02/27/2013 18:25:43:482 00000dae                  APP| const_missing: Product
I/APP     ( 3479): I 02/27/2013 18:25:43:498 00000dae                  APP| load_model: Product
I/APP     ( 3479): I 02/27/2013 18:25:43:547 00000dae              RhoRuby| require_compiled: Product/product
I/APP     ( 3479): I 02/27/2013 18:25:43:731 00000dae                  APP| model name: Product
I/APP     ( 3479): I 02/27/2013 18:25:43:734 00000dae                  APP| model class found
I/APP     ( 3479): I 02/27/2013 18:25:43:824 00000dae                  APP| Product : {"property"=>{}}
I/APP     ( 3479): I 02/27/2013 18:25:43:959 00000dae                   DB| Open DB: /data/data/com.rhomobile.macotec/rhodata/db/syncdblocal.sqlite
I/APP     ( 3479): I 02/27/2013 18:25:44:345 00000dae                  APP| init_db_sources
I/APP     ( 3479): I 02/27/2013 18:25:45:015 00000dae                  APP| start_id: 40005
I/APP     ( 3479): I 02/27/2013 18:25:45:125 00000dae                  APP| Migrate schema sources: {}
I/APP     ( 3479): I 02/27/2013 18:25:45:495 00000dae                  APP| const_missing: Settings
I/APP     ( 3479): I 02/27/2013 18:25:45:577 00000dae                  APP| load_model: Settings
I/APP     ( 3479): I 02/27/2013 18:25:45:772 00000dae              RhoRuby| require_compiled: Settings/settings
I/APP     ( 3479): I 02/27/2013 18:25:46:031 00000dae                  APP| model name: Settings
I/APP     ( 3479): I 02/27/2013 18:25:46:091 00000dae                  APP| model class found
I/APP     ( 3479): I 02/27/2013 18:25:46:223 00000dae                  APP| Settings : {"schema"=>{"property"=>{"company"=>[:string, nil], "phone"=>[:string, nil], "email"=>[:string, nil]}}}
I/APP     ( 3479): I 02/27/2013 18:25:46:404 00000dae                  APP| init_db_sources
I/APP     ( 3479): I 02/27/2013 18:25:46:544 00000dae                  APP| start_id: 40005
I/APP     ( 3479): I 02/27/2013 18:25:46:620 00000dae                  APP| Migrate schema sources: {}
I/APP     ( 3479): I 02/27/2013 18:25:48:318 00000dae                  APP| const_missing: Image
I/APP     ( 3479): I 02/27/2013 18:25:48:409 00000dae                  APP| load_model: Image
I/APP     ( 3479): I 02/27/2013 18:25:48:516 00000dae              RhoRuby| require_compiled: Image/image
I/APP     ( 3479): I 02/27/2013 18:25:48:672 00000dae                  APP| model name: Image
I/APP     ( 3479): I 02/27/2013 18:25:48:745 00000dae                  APP| model class found
I/APP     ( 3479): I 02/27/2013 18:25:48:809 00000dae                  APP| Image : {"sync_type"=>"incremental", "property"=>{"name"=>[:string, nil], "filename"=>[:string, nil], "image_uri"=>[:blob, :overwrite]}}
I/APP     ( 3479): I 02/27/2013 18:25:48:824 00000dae                  APP| init_db_sources
I/APP     ( 3479): I 02/27/2013 18:25:48:859 00000dae                  APP| start_id: 4
I/APP     ( 3479): I 02/27/2013 18:25:48:901 00000dae                  APP| Migrate schema sources: {}
I/APP     ( 3479): I 02/27/2013 18:25:49:060 00000dae                  APP| ++++++++++++++++++++++++++++++++++++ /data/data/com.rhomobile.macotec/rhodata/db/db-files/Image_20130227182412691.jpg
I/APP     ( 3479): I 02/27/2013 18:25:49:161 00000dae           HttpServer| GC Start.
I/APP     ( 3479): I 02/27/2013 18:25:49:266 00000dae           HttpServer| GC End.
W/webview ( 3479): Miss a drag as we are waiting for WebCore's response for touch down.
I/APP     ( 3479): I 02/27/2013 18:26:07:252 00000dae           HttpServer| Process URI: '/app/Image/new'
I/APP     ( 3479): I 02/27/2013 18:26:07:282 00000dae                  APP| RHO serve: /app/Image/new
I/APP     ( 3479): I 02/27/2013 18:26:07:311 00000dae              RhoRuby| require_compiled: Image/image_controller
I/APP     ( 3479): I 02/27/2013 18:26:07:604 00000dae           HttpServer| GC Start.
I/APP     ( 3479): I 02/27/2013 18:26:08:086 00000dae           HttpServer| GC End.
I/APP     ( 3479): I 02/27/2013 18:26:08:410 00000dae           HttpServer| Process URI: '/data/data/com.rhomobile.macotec/rhodata/db/db-files/Image_20130227182412691.jpg'
I/ActivityManager(   77): START {cmp=com.rhomobile.macotec/com.rhomobile.rhodes.camera.ImageCapture (has extras)} from pid 3479
W/WindowManager(   77): Failure taking screenshot for (180x300) to layer 21010
I/APP     ( 3479): I 02/27/2013 18:26:11:282 00000d97   RhoWebChromeClient| /data/data/com.rhomobile.macotec/rhodata/db/db-files/Image_20130227182412691.jpg -- From line 14 of null
I/Web Console( 3479): /data/data/com.rhomobile.macotec/rhodata/db/db-files/Image_20130227182412691.jpg at null:14
I/APP     ( 3479): I 02/27/2013 18:26:11:576 00000d97 AndroidFunctionality| Pause WebView
I/APP     ( 3479): I 02/27/2013 18:26:11:650 00000d97       RhodesActivity| onPause
W/ActivityManager(   77): Activity pause timeout for ActivityRecord{41462268 com.rhomobile.macotec/com.rhomobile.rhodes.RhodesActivity}
I/APP     ( 3479): I 02/27/2013 18:26:12:054 00000dae           HttpServer| Process URI: '/system/uidestroyed'
I/APP     ( 3479): I 02/27/2013 18:26:12:162 00000d97    RhodesApplication| New UiState: MainActivityPaused
I/Process (   77): Sending signal. PID: 3479 SIG: 3
I/dalvikvm( 3479): threadid=3: reacting to signal 3
I/dalvikvm( 3479): Wrote stack traces to '/data/anr/traces.txt'
I/InputReader(   77): Reconfiguring input devices.  changes=0x00000004
I/InputReader(   77): Device reconfigured: id=0, name='qwerty2', surface size is now 480x800, mode is 1
W/SurfaceFlinger(   36): createScreenshotSurface failed (Function not implemented)
I/ActivityManager(   77): Config changed: {1.0 310mcc260mnc en_US layoutdir=0 sw320dp w533dp h294dp nrml long land finger qwerty/v/v tball/v s.87}
I/Process (   77): Sending signal. PID: 3479 SIG: 3
I/dalvikvm( 3479): threadid=3: reacting to signal 3
I/dalvikvm( 3479): Wrote stack traces to '/data/anr/traces.txt'
I/Process (   77): Sending signal. PID: 3479 SIG: 3
I/dalvikvm( 3479): threadid=3: reacting to signal 3
I/dalvikvm( 3479): Wrote stack traces to '/data/anr/traces.txt'
I/APP     ( 3479): I 02/27/2013 18:26:13:668 00000d97         ImageCapture| onCreate
I/APP     ( 3479): I 02/27/2013 18:26:13:804 00000d97         ImageCapture| myOrientationEventListener.enable()
I/APP     ( 3479): I 02/27/2013 18:26:13:852 00000d97         ImageCapture| onResume
D/RhodesService( 3479): +++ onStartCommand
I/RhodesService( 3479): handleCommand: startId=2, source=com.rhomobile.rhodes.BaseActivity
D/RhodesService( 3479): New activity was created
I/Process (   77): Sending signal. PID: 3479 SIG: 3
I/dalvikvm( 3479): threadid=3: reacting to signal 3
I/dalvikvm( 3479): Wrote stack traces to '/data/anr/traces.txt'
V/PhoneStatusBar(  137): setLightsOn(true)
I/APP     ( 3479): I 02/27/2013 18:26:14:185 00000d97         ImageCapture| surfaceCreated
V/EmulatedCamera_Factory(   38): getCameraInfo: id = 0
V/EmulatedCamera_Camera(   38): getCameraInfo
V/EmulatedCamera_Factory(   38): getCameraInfo: id = 0
V/EmulatedCamera_Camera(   38): getCameraInfo
I/CameraService(   38): Opening camera 0
V/EmulatedCamera_Factory(   38): cameraDeviceOpen: id = 0
V/EmulatedCamera_Camera(   38): connectCamera
V/EmulatedCamera_FakeDevice(   38): connectDevice
V/EmulatedCamera_CallbackNotifier(   38): setCallbacks: 0x405954e9, 0x40595f9d, 0x40595f01, 0x40597359 (0x14280)
V/EmulatedCamera_CallbackNotifier(   38): enableMessage: msg_type = 0x40d
V/EmulatedCamera_CallbackNotifier(   38):     CAMERA_MSG_ERROR
V/EmulatedCamera_CallbackNotifier(   38):     CAMERA_MSG_FOCUS
V/EmulatedCamera_CallbackNotifier(   38):     CAMERA_MSG_ZOOM
V/EmulatedCamera_CallbackNotifier(   38):     CAMERA_MSG_PREVIEW_METADATA
V/EmulatedCamera_CallbackNotifier(   38): **** Currently enabled messages:
V/EmulatedCamera_CallbackNotifier(   38):     CAMERA_MSG_ERROR
V/EmulatedCamera_CallbackNotifier(   38):     CAMERA_MSG_FOCUS
V/EmulatedCamera_CallbackNotifier(   38):     CAMERA_MSG_ZOOM
V/EmulatedCamera_CallbackNotifier(   38):     CAMERA_MSG_PREVIEW_METADATA
I/AwesomePlayer(   38): setDataSource_l('/system/media/audio/ui/camera_click.ogg')
I/AwesomePlayer(   38): setDataSource_l('/system/media/audio/ui/VideoRecord.ogg')
I/Process (   77): Sending signal. PID: 3479 SIG: 3
I/dalvikvm( 3479): threadid=3: reacting to signal 3
I/dalvikvm( 3479): Wrote stack traces to '/data/anr/traces.txt'
