I/APP     ( 2800): I 02/05/2013 13:54:51:776 00000b05         AppCallbacks| ThreadQueue blocked for 4294967295 seconds...
I/APP     ( 2800): I 02/05/2013 13:54:51:858 00000af0        GoogleWebView| Setting RhoWebChromeClient
I/APP     ( 2800): I 02/05/2013 13:54:52:006 00000b07           HttpServer| Process URI: '/app'
I/APP     ( 2800): I 02/05/2013 13:54:52:056 00000af0     RhoWebViewClient| Loading URL: http://localhost:8080/app/index_erb.iseq
I/APP     ( 2800): I 02/05/2013 13:54:52:108 00000b07           HttpServer| Process URI: '/app/index_erb.iseq'
I/APP     ( 2800): I 02/05/2013 13:54:52:113 00000b07                  APP| RHO serve_index: /app/index_erb.iseq
I/APP     ( 2800): I 02/05/2013 13:54:52:150 00000b07 RHO Rho::RhoController| inst_render_index
I/APP     ( 2800): I 02/05/2013 13:54:52:215 00000b07 RHO Rho::RhoController| index layout
I/APP     ( 2800): I 02/05/2013 13:54:52:306 00000b07           HttpServer| GC Start.
I/APP     ( 2800): I 02/05/2013 13:54:52:399 00000b07           HttpServer| GC End.
I/APP     ( 2800): I 02/05/2013 13:54:52:551 00000b07           HttpServer| Process URI: '/public/jquery/jquery-1.6.4.min.js'
I/APP     ( 2800): I 02/05/2013 13:54:52:690 00000b07           HttpServer| Process URI: '/public/jquery/jquery.json-2.3.min.js'
I/APP     ( 2800): I 02/05/2013 13:54:52:739 00000b07           HttpServer| Process URI: '/public/jqmobile/jquery.mobile-1.0.1.min.css'
I/APP     ( 2800): I 02/05/2013 13:54:52:830 00000b07           HttpServer| Process URI: '/public/css/jqmobile-patch.css'
I/APP     ( 2800): I 02/05/2013 13:54:52:877 00000b07           HttpServer| Process URI: '/public/jqmobile/jquery.mobile-1.0.1.min.js'
I/APP     ( 2800): I 02/05/2013 13:54:53:194 00000b07           HttpServer| Process URI: '/public/js/jqmobile-patch.js'
I/APP     ( 2800): I 02/05/2013 13:54:53:256 00000b07           HttpServer| Process URI: '/public/css/macotec_style.css'
I/APP     ( 2800): I 02/05/2013 13:54:56:385 00000b07           HttpServer| Process URI: '/public/images/macotec/logo.png'
I/APP     ( 2800): I 02/05/2013 13:54:57:083 00000b07           HttpServer| Process URI: '/public/images/macotec/request.png'
I/APP     ( 2800): I 02/05/2013 13:54:57:178 00000b07           HttpServer| Process URI: '/public/images/macotec/contact.png'
I/APP     ( 2800): I 02/05/2013 13:54:57:218 00000b07           HttpServer| Process URI: '/public/images/macotec/products.png'
I/APP     ( 2800): I 02/05/2013 13:54:57:262 00000b07           HttpServer| Process URI: '/public/images/macotec/info.png'
I/APP     ( 2800): I 02/05/2013 13:55:00:501 00000b07           HttpServer| Process URI: '/app/Request/submit_failed'
I/APP     ( 2800): I 02/05/2013 13:55:00:571 00000b07                  APP| RHO serve: /app/Request/submit_failed
I/APP     ( 2800): I 02/05/2013 13:55:00:826 00000b07              RhoRuby| require_compiled: Request/request_controller
I/APP     ( 2800): I 02/05/2013 13:55:01:270 00000b07              RhoRuby| require_compiled: helpers/browser_helper
I/APP     ( 2800): I 02/05/2013 13:55:01:813 00000b07 RHO RequestController| Layout file: /data/data/com.rhomobile.macotec/rhodata/apps/app/layout_erb.iseq. Content size: 3388
I/APP     ( 2800): I 02/05/2013 13:55:01:973 00000b07           HttpServer| GC Start.
I/APP     ( 2800): I 02/05/2013 13:55:02:266 00000b07           HttpServer| GC End.
I/APP     ( 2800): I 02/05/2013 13:55:02:533 00000b07           HttpServer| Process URI: '/favicon.ico'
I/APP     ( 2800): E 02/05/2013 13:55:02:535 00000b07           HttpServer| The file /favicon.ico was not found
I/APP     ( 2800): E 02/05/2013 13:55:20:360 00000b07           HttpServer| Connection gracefully closed before we send any data
I/APP     ( 2800): E 02/05/2013 13:55:20:370 00000b07           HttpServer| Parsing error
I/APP     ( 2800): E 02/05/2013 13:55:20:395 00000b07           HttpServer| Connection gracefully closed before we send any data
I/APP     ( 2800): E 02/05/2013 13:55:20:399 00000b07           HttpServer| Parsing error
I/APP     ( 2800): E 02/05/2013 13:55:20:427 00000b07           HttpServer| Connection gracefully closed before we send any data
I/APP     ( 2800): E 02/05/2013 13:55:20:430 00000b07           HttpServer| Parsing error
I/APP     ( 2800): I 02/05/2013 13:55:20:452 00000b07           HttpServer| Process URI: '/app/Request/request'
I/APP     ( 2800): I 02/05/2013 13:55:20:457 00000b07                  APP| RHO serve: /app/Request/request
I/APP     ( 2800): I 02/05/2013 13:55:20:487 00000b07                  APP| const_missing: Product
I/APP     ( 2800): I 02/05/2013 13:55:20:491 00000b07                  APP| load_model: Product
I/APP     ( 2800): I 02/05/2013 13:55:20:530 00000b07              RhoRuby| require_compiled: Product/product
I/APP     ( 2800): I 02/05/2013 13:55:20:597 00000b07                  APP| model name: Product
I/APP     ( 2800): I 02/05/2013 13:55:20:603 00000b07                  APP| model class found
I/APP     ( 2800): I 02/05/2013 13:55:20:627 00000b07                  APP| Product : {"property"=>{}}
I/APP     ( 2800): I 02/05/2013 13:55:20:648 00000b07                   DB| Open DB: /data/data/com.rhomobile.macotec/rhodata/db/syncdblocal.sqlite
I/APP     ( 2800): I 02/05/2013 13:55:20:689 00000b07                  APP| init_db_sources
I/APP     ( 2800): I 02/05/2013 13:55:20:759 00000b07                  APP| start_id: 40005
I/APP     ( 2800): I 02/05/2013 13:55:20:815 00000b07                  APP| Migrate schema sources: {}
I/APP     ( 2800): I 02/05/2013 13:55:20:916 00000b07           HttpServer| GC Start.
I/APP     ( 2800): I 02/05/2013 13:55:20:966 00000b07           HttpServer| GC End.
I/APP     ( 2800): I 02/05/2013 13:55:21:683 00000b07           HttpServer| Process URI: '/public/jqmobile/images/icons-36-white.png'
E/libEGL  ( 2800): call to OpenGL ES API with no current context (logged once per thread)
D/ShaderProgram( 2800): couldn't load the vertex shader!
E/libEGL  ( 2800): call to OpenGL ES API with no current context (logged once per thread)
D/ShaderProgram( 2800): couldn't load the vertex shader!
E/libEGL  ( 2800): call to OpenGL ES API with no current context (logged once per thread)
D/ShaderProgram( 2800): couldn't load the vertex shader!
E/libEGL  ( 2800): call to OpenGL ES API with no current context (logged once per thread)
D/ShaderProgram( 2800): couldn't load the vertex shader!
E/libEGL  ( 2800): call to OpenGL ES API with no current context (logged once per thread)
D/ShaderProgram( 2800): couldn't load the vertex shader!
D/dalvikvm(  156): GC_CONCURRENT freed 437K, 7% free 9395K/10055K, paused 5ms+3ms
D/dalvikvm(  142): GC_CONCURRENT freed 540K, 30% free 10410K/14663K, paused 4ms+18ms
E/ActivityThread(  156): Failed to find provider info for com.android.inputmethod.latin.dictionarypack
E/BinaryDictionaryGetter(  156): Could not find a dictionary pack
D/dalvikvm(   79): GC_EXPLICIT freed 525K, 11% free 11345K/12743K, paused 4ms+32ms
I/APP     ( 2800): I 02/05/2013 13:55:36:871 00000b07           HttpServer| Process URI: '/app/Request/submit'
I/APP     ( 2800): I 02/05/2013 13:55:36:876 00000b07                  APP| RHO serve: /app/Request/submit
I/APP     ( 2800): I 02/05/2013 13:55:36:939 00000b07                  APP| Params: {"product"=>"nothing", "rental_begin"=>"", "operation_period"=>"", "amount_product"=>"", "location"=>"", "information"=>"", "company"=>"", "phone"=>"", "email"=>"hans@mail.de"}
I/APP     ( 2800): I 02/05/2013 13:55:36:996 00000b07            AsyncHttp| addCommand: POST
I/APP     ( 2800): I 02/05/2013 13:55:37:063 00000b12            AsyncHttp| Starting main routine...
D/dalvikvm(  142): GC_CONCURRENT freed 494K, 29% free 10418K/14663K, paused 4ms+26ms
I/APP     ( 2800): I 02/05/2013 13:55:37:133 00000b12                  Net| POST request (Pull): http://www.datenloft.com/macotec/send_request_test.php
I/APP     ( 2800): I 02/05/2013 13:55:37:186 00000b07           HttpServer| GC Start.
I/APP     ( 2800): I 02/05/2013 13:55:37:294 00000b07           HttpServer| GC End.
I/APP     ( 2800): I 02/05/2013 13:55:37:555 00000b07           HttpServer| Process URI: '/app/Request/http_callback'
I/APP     ( 2800): I 02/05/2013 13:55:37:557 00000b07                  APP| RHO serve: /app/Request/http_callback
I/APP     ( 2800): I 02/05/2013 13:55:37:619 00000b07                  APP| Params: {"rho_callback"=>"1", "status"=>"ok", "http_error"=>"200", "headers"=>{"Content-Type"=>"application/x-www-form-urlencoded", "User-Agent"=>"Mozilla-5.0 (ANDROID; unknown generic; 4.0.4)", "charset"=>"UTF-8", "connection"=>"Keep-Alive", "content-type"=>"text/html; charset=utf-8", "date"=>"Tue, 05 Feb 2013 12:55:38 GMT", "keep-alive"=>"timeout=3, max=100", "server"=>"Apache/2.2.21 (Unix) mod_ssl/2.2.21 OpenSSL/0.9.8r", "transfer-encoding"=>"chunked", "x-powered-by"=>"PHP/5.2.17"}, "__rho_object"=>{"body"=>"0"}}
I/APP     ( 2800): I 02/05/2013 13:55:41:698 00000b12            AsyncHttp| ThreadQueue blocked for 4294967295 seconds...
I/APP     ( 2800): I 02/05/2013 13:55:41:700 00000af0       SimpleMainView| Cleared URL: http://localhost:8080/app/Request/submit_failed
I/APP     ( 2800): I 02/05/2013 13:55:41:739 00000b07           HttpServer| GC Start.
I/APP     ( 2800): I 02/05/2013 13:55:41:806 00000b07           HttpServer| GC End.
I/APP     ( 2800): E 02/05/2013 13:55:41:809 00000b07           HttpServer| Connection gracefully closed before we send any data
I/APP     ( 2800): E 02/05/2013 13:55:41:837 00000b07           HttpServer| Parsing error
I/APP     ( 2800): I 02/05/2013 13:55:41:841 00000b07           HttpServer| Process URI: '/app/Request/submit_failed'
I/APP     ( 2800): I 02/05/2013 13:55:41:869 00000b07                  APP| RHO serve: /app/Request/submit_failed
D/dalvikvm( 2800): GC_CONCURRENT freed 943K, 8% free 12460K/13511K, paused 14ms+7ms
D/webviewglue( 2800): nativeDestroy view: 0x2a6ee0
I/APP     ( 2800): I 02/05/2013 13:55:42:169 00000b07 RHO RequestController| Layout file: /data/data/com.rhomobile.macotec/rhodata/apps/app/layout_erb.iseq. Content size: 3388
I/APP     ( 2800): I 02/05/2013 13:55:42:229 00000b07           HttpServer| GC Start.
I/APP     ( 2800): I 02/05/2013 13:55:42:271 00000b07           HttpServer| GC End.
I/APP     ( 2800): I 02/05/2013 13:55:43:212 00000af0   RhoWebChromeClient| Uncaught SyntaxError: Unexpected end of input -- From line 0 of http://localhost:8080/app/Request/submit_failed
E/Web Console( 2800): Uncaught SyntaxError: Unexpected end of input at http://localhost:8080/app/Request/submit_failed:0
I/APP     ( 2800): I 02/05/2013 13:55:43:267 00000b07           HttpServer| Process URI: '/public/images/macotec/failed_smiley.png'
D/AndroidRuntime( 2840): 
D/AndroidRuntime( 2840): >>>>>> AndroidRuntime START com.android.internal.os.RuntimeInit <<<<<<
D/AndroidRuntime( 2840): CheckJNI is ON
D/AndroidRuntime( 2840): Calling main entry com.android.commands.pm.Pm
W/ActivityManager(   79): No content provider found for permission revoke: file:///data/local/tmp/macotec-debug.apk
W/ActivityManager(   79): No content provider found for permission revoke: file:///data/local/tmp/macotec-debug.apk
D/dalvikvm(   79): GC_CONCURRENT freed 301K, 10% free 11540K/12743K, paused 5ms+15ms
D/dalvikvm(   79): GC_CONCURRENT freed 342K, 8% free 11764K/12743K, paused 15ms+16ms
D/dalvikvm(   79): GC_CONCURRENT freed 618K, 8% free 11729K/12743K, paused 5ms+6ms
D/dalvikvm(   79): GC_CONCURRENT freed 574K, 8% free 11753K/12743K, paused 14ms+8ms
D/dalvikvm(   79): GC_CONCURRENT freed 605K, 8% free 11729K/12743K, paused 7ms+12ms
D/dalvikvm(   79): GC_CONCURRENT freed 594K, 8% free 11752K/12743K, paused 15ms+16ms
I/PackageManager(   79): Removing non-system package:com.rhomobile.macotec
I/ActivityManager(   79): Force stopping package com.rhomobile.macotec uid=10040
I/ActivityManager(   79): Killing proc 2800:com.rhomobile.macotec/10040: force stop
W/ActivityManager(   79): Force removing ActivityRecord{41436118 com.rhomobile.macotec/com.rhomobile.rhodes.RhodesActivity}: app died, no saved state
W/InputDispatcher(   79): channel '41553a78 com.rhomobile.macotec/com.rhomobile.rhodes.RhodesActivity (server)' ~ Consumer closed input channel or an error occurred.  events=0x8
E/InputDispatcher(   79): channel '41553a78 com.rhomobile.macotec/com.rhomobile.rhodes.RhodesActivity (server)' ~ Channel is unrecoverably broken and will be disposed!
I/WindowManager(   79): WINDOW DIED Window{41553a78 com.rhomobile.macotec/com.rhomobile.rhodes.RhodesActivity paused=false}
W/InputDispatcher(   79): Attempted to unregister already unregistered input channel '41553a78 com.rhomobile.macotec/com.rhomobile.rhodes.RhodesActivity (server)'
W/NetworkManagementSocketTagger(   79): setKernelCountSet(10040, 0) failed with errno -2
I/PackageManager(   79): Package com.rhomobile.macotec codePath changed from /data/app/com.rhomobile.macotec-2.apk to /data/app/com.rhomobile.macotec-1.apk; Retaining data and using new
W/NetworkManagementSocketTagger(   79): setKernelCountSet(10009, 1) failed with errno -2
W/InputManagerService(   79): Got RemoteException sending setActive(false) notification to pid 2800 uid 10040
I/Process (   79): Sending signal. PID: 186 SIG: 3
I/dalvikvm(  186): threadid=3: reacting to signal 3
I/dalvikvm(  186): Wrote stack traces to '/data/anr/traces.txt'
D/dalvikvm(  186): GC_FOR_ALLOC freed 3651K, 27% free 16750K/22663K, paused 133ms
D/dalvikvm(  186): GC_CONCURRENT freed 1702K, 25% free 17038K/22663K, paused 4ms+6ms
D/dalvikvm(  186): GC_FOR_ALLOC freed 650K, 22% free 17838K/22663K, paused 48ms
D/dalvikvm(  186): GC_CONCURRENT freed 2145K, 22% free 17737K/22663K, paused 4ms+6ms
D/dalvikvm(  186): GC_CONCURRENT freed 2146K, 23% free 17547K/22663K, paused 4ms+8ms
I/PackageManager(   79): Running dexopt on: com.rhomobile.macotec
D/dalvikvm( 2851): DexOpt: load 105ms, verify+opt 1034ms
W/PackageManager(   79): Code path for pkg : com.rhomobile.macotec changing from /data/app/com.rhomobile.macotec-2.apk to /data/app/com.rhomobile.macotec-1.apk
W/PackageManager(   79): Resource path for pkg : com.rhomobile.macotec changing from /data/app/com.rhomobile.macotec-2.apk to /data/app/com.rhomobile.macotec-1.apk
I/ActivityManager(   79): Force stopping package com.rhomobile.macotec uid=10040
D/PackageManager(   79): New package installed in /data/app/com.rhomobile.macotec-1.apk
D/dalvikvm(   79): GC_CONCURRENT freed 556K, 8% free 11755K/12743K, paused 21ms+51ms
I/ActivityManager(   79): Force stopping package com.rhomobile.macotec uid=10040
D/dalvikvm(  186): GC_EXPLICIT freed 1143K, 24% free 17415K/22663K, paused 18ms+26ms
D/dalvikvm(  234): GC_EXPLICIT freed 158K, 4% free 9391K/9735K, paused 174ms+24ms
D/dalvikvm(   79): GC_EXPLICIT freed 525K, 12% free 11323K/12743K, paused 19ms+51ms
D/PackageManager(   79): generateServicesMap(android.accounts.AccountAuthenticator): 2 services unchanged
D/PackageManager(   79): generateServicesMap(android.content.SyncAdapter): 4 services unchanged
D/BackupManagerService(   79): Received broadcast Intent { act=android.intent.action.PACKAGE_REMOVED dat=package:com.rhomobile.macotec flg=0x10000010 (has extras) }
I/AccountTypeManager(  326): Loaded meta-data for 1 account types, 0 accounts in 1294ms(wall) 20ms(cpu)
D/PackageManager(   79): generateServicesMap(android.accounts.AccountAuthenticator): 2 services unchanged
D/PackageManager(   79): generateServicesMap(android.content.SyncAdapter): 4 services unchanged
D/BackupManagerService(   79): Received broadcast Intent { act=android.intent.action.PACKAGE_ADDED dat=package:com.rhomobile.macotec flg=0x10000010 (has extras) }
V/BackupManagerService(   79): updatePackageParticipantsLocked: #1
W/RecognitionManagerService(   79): no available voice recognition services found
I/AccountTypeManager(  326): Loaded meta-data for 1 account types, 0 accounts in 292ms(wall) 5ms(cpu)
D/dalvikvm(  186): GC_FOR_ALLOC freed 3099K, 31% free 15740K/22663K, paused 52ms
D/dalvikvm(  186): GC_FOR_ALLOC freed 424K, 26% free 16859K/22663K, paused 55ms
D/BackupManagerService(   79): Received broadcast Intent { act=android.intent.action.PACKAGE_REPLACED dat=package:com.rhomobile.macotec flg=0x10000010 (has extras) }
V/BackupManagerService(   79): updatePackageParticipantsLocked: #1
D/dalvikvm(  186): GC_CONCURRENT freed 2820K, 30% free 16086K/22663K, paused 5ms+81ms
D/dalvikvm(   79): GC_EXPLICIT freed 453K, 11% free 11446K/12743K, paused 5ms+10ms
D/dalvikvm(  186): GC_FOR_ALLOC freed 1541K, 30% free 15951K/22663K, paused 49ms
D/AndroidRuntime( 2840): Shutting down VM
D/dalvikvm( 2840): GC_CONCURRENT freed 97K, 79% free 450K/2048K, paused 0ms+1ms
I/AndroidRuntime( 2840): NOTE: attach of thread 'Binder Thread #3' failed
D/dalvikvm(  186): GC_FOR_ALLOC freed 347K, 24% free 17261K/22663K, paused 93ms
D/dalvikvm(  186): GC_FOR_ALLOC freed 312K, 20% free 18281K/22663K, paused 122ms
D/dalvikvm(  186): GC_CONCURRENT freed 1596K, 18% free 18724K/22663K, paused 4ms+6ms
D/AndroidRuntime( 2859): 
D/AndroidRuntime( 2859): >>>>>> AndroidRuntime START com.android.internal.os.RuntimeInit <<<<<<
D/AndroidRuntime( 2859): CheckJNI is ON
D/dalvikvm(  186): GC_CONCURRENT freed 2847K, 22% free 17827K/22663K, paused 4ms+35ms
D/AndroidRuntime( 2859): Calling main entry com.android.commands.am.Am
I/ActivityManager(   79): START {act=android.intent.action.MAIN flg=0x10000000 cmp=com.rhomobile.macotec/com.rhomobile.rhodes.RhodesActivity} from pid 2859
W/WindowManager(   79): Failure taking screenshot for (180x273) to layer 21005
D/AndroidRuntime( 2859): Shutting down VM
D/dalvikvm( 2859): GC_CONCURRENT freed 97K, 77% free 480K/2048K, paused 1ms+1ms
I/AndroidRuntime( 2859): NOTE: attach of thread 'Binder Thread #3' failed
I/ActivityManager(   79): Start proc com.rhomobile.macotec for activity com.rhomobile.macotec/com.rhomobile.rhodes.RhodesActivity: pid=2869 uid=10040 gids={3003}
I/dalvikvm( 2869): Turning on JNI app bug workarounds for target SDK version 4...
D/dalvikvm(   37): GC_EXPLICIT freed 36K, 4% free 9032K/9347K, paused 3ms+52ms
W/NetworkManagementSocketTagger(   79): setKernelCountSet(10040, 1) failed with errno -2
D/dalvikvm(   37): GC_EXPLICIT freed <1K, 4% free 9032K/9347K, paused 4ms+3ms
I/Process (   79): Sending signal. PID: 2869 SIG: 3
I/dalvikvm( 2869): threadid=3: reacting to signal 3
I/dalvikvm( 2869): Wrote stack traces to '/data/anr/traces.txt'
D/dalvikvm( 2869): Trying to load lib /data/data/com.rhomobile.macotec/lib/librhodes.so 0x412a63f8
D/dalvikvm(   37): GC_EXPLICIT freed <1K, 4% free 9032K/9347K, paused 119ms+14ms
D/dalvikvm( 2869): Added shared lib /data/data/com.rhomobile.macotec/lib/librhodes.so 0x412a63f8
D/dalvikvm( 2869): Trying to load lib /data/data/com.rhomobile.macotec/lib/librhodes.so 0x412a63f8
D/dalvikvm( 2869): Shared lib '/data/data/com.rhomobile.macotec/lib/librhodes.so' already loaded in same CL 0x412a63f8
I/ActivityThread( 2869): Pub com.rhomobile.macotec: com.rhomobile.rhodes.LocalFileProvider
I/RhodesApplication( 2869): Initializing...
I/Process (   79): Sending signal. PID: 2869 SIG: 3
I/dalvikvm( 2869): threadid=3: reacting to signal 3
I/dalvikvm( 2869): Wrote stack traces to '/data/anr/traces.txt'
D/RhoFileApi( 2869): App root path: /data/data/com.rhomobile.macotec/rhodata/
D/RhoFileApi( 2869): Sqlite journals path: /data/data/com.rhomobile.macotec/sqlite_stmt_journals/
D/RhoFileApi( 2869): Shared path: /data/data/com.rhomobile.macotec/rhodata/
D/RhodesApplication( 2869): Root path: /data/data/com.rhomobile.macotec/rhodata/
I/RhodesApplication( 2869): Application hash was changed
D/RhoFileApi( 2869): Copy hash to FS
D/RhoFileApi( 2869): File hash copied
D/RhoFileApi( 2869): Copy rho.dat to FS
D/RhoFileApi( 2869): File rho.dat copied
D/RhoFileApi( 2869): Copy apps/rhoconfig.txt to FS
D/RhoFileApi( 2869): File apps/rhoconfig.txt copied
I/RhoFileApi( 2869): Opening stat table from FS: /data/data/com.rhomobile.macotec/rhodata/rho.dat
D/RhoFileApi( 2869): Copy apps/rhoconfig.txt to FS
D/RhoFileApi( 2869): File apps/rhoconfig.txt copied
D/RhoFileApi( 2869): App root path: /data/data/com.rhomobile.macotec/rhodata/
D/RhoFileApi( 2869): Sqlite journals path: /data/data/com.rhomobile.macotec/sqlite_stmt_journals/
I/Process (   79): Sending signal. PID: 2869 SIG: 3
I/dalvikvm( 2869): threadid=3: reacting to signal 3
I/dalvikvm( 2869): Wrote stack traces to '/data/anr/traces.txt'
D/RhoFileApi( 2869): Shared path: /data/data/com.rhomobile.macotec/rhodata/
I/APP     ( 2869): I 02/05/2013 13:58:50:266 00000b35    RhodesApplication| Initialized
I/APP     ( 2869): I 02/05/2013 13:58:50:345 00000b35         BaseActivity| New screen properties - width: 480, height: 728, orientation: 1
I/APP     ( 2869): I 02/05/2013 13:58:50:534 00000b35         SplashScreen| Looking for start page source
D/dalvikvm( 2869): GC_CONCURRENT freed 308K, 5% free 9217K/9607K, paused 4ms+4ms
I/Process (   79): Sending signal. PID: 2869 SIG: 3
I/dalvikvm( 2869): threadid=3: reacting to signal 3
I/dalvikvm( 2869): Wrote stack traces to '/data/anr/traces.txt'
D/dalvikvm( 2869): GC_FOR_ALLOC freed 8K, 5% free 9223K/9607K, paused 75ms
I/dalvikvm-heap( 2869): Grow heap (frag case) to 12.142MB for 3217300-byte allocation
D/dalvikvm( 2869): GC_CONCURRENT freed <1K, 4% free 12364K/12807K, paused 4ms+4ms
I/Process (   79): Sending signal. PID: 2869 SIG: 3
I/dalvikvm( 2869): threadid=3: reacting to signal 3
I/dalvikvm( 2869): Wrote stack traces to '/data/anr/traces.txt'
I/APP     ( 2869): I 02/05/2013 13:58:51:453 00000b35         SplashScreen| Done
I/APP     ( 2869): I 02/05/2013 13:58:51:491 00000b35    RhodesApplication| New UiState: MainActivityCreated
I/APP     ( 2869): I 02/05/2013 13:58:51:495 00000b35       RhodesActivity| onStart
I/APP     ( 2869): I 02/05/2013 13:58:51:533 00000b35    RhodesApplication| New UiState: MainActivityStarted
I/APP     ( 2869): I 02/05/2013 13:58:51:538 00000b35       RhodesActivity| onResume
I/APP     ( 2869): I 02/05/2013 13:58:51:557 00000b35 AndroidFunctionality| Resume WebView
I/APP     ( 2869): I 02/05/2013 13:58:51:608 00000b35        RhodesService| onCreate
I/APP     ( 2869): I 02/05/2013 13:58:51:612 00000b35    LocalFileProvider| Revoke URI permissions: content:///com.rhomobile.macotec
W/ActivityManager(   79): No content provider found for permission revoke: content:///com.rhomobile.macotec
I/APP     ( 2869): I 02/05/2013 13:58:51:653 00000b35               Rhodes| Loading...
I/APP     ( 2869): I 02/05/2013 13:58:51:678 00000b35            RhodesApp| Trying to get free listening port.
I/APP     ( 2869): I 02/05/2013 13:58:51:683 00000b35            RhodesApp| Trying to bind of 8080 port...
I/Process (   79): Sending signal. PID: 2869 SIG: 3
I/dalvikvm( 2869): threadid=3: reacting to signal 3
I/dalvikvm( 2869): Wrote stack traces to '/data/anr/traces.txt'
I/APP     ( 2869): I 02/05/2013 13:58:51:764 00000b35            RhodesApp| Got port to bind on: 8080
I/APP     ( 2869): I 02/05/2013 13:58:51:768 00000b35            RhodesApp| Free listening port: 8080
I/APP     ( 2869): I 02/05/2013 13:58:51:785 00000b4a         AppCallbacks| Starting main routine...
I/APP     ( 2869): I 02/05/2013 13:58:51:795 00000b4a         AppCallbacks| ThreadQueue blocked for 4294967295 seconds...
I/APP     ( 2869): I 02/05/2013 13:58:51:873 00000b35        RhodesService| Push is disabled
I/APP     ( 2869): I 02/05/2013 13:58:51:877 00000b35            RhodesApp| callAppActiveCallback
I/APP     ( 2869): I 02/05/2013 13:58:51:912 00000b35         AppCallbacks| addCommand: APP-ACTIVATED
I/APP     ( 2869): I 02/05/2013 13:58:51:917 00000b4a         AppCallbacks| Received command APP-ACTIVATED which is greater than expected (LOCAL-SERVER-STARTED) - postpone it
I/APP     ( 2869): I 02/05/2013 13:58:51:918 00000b4a         AppCallbacks| ThreadQueue blocked for 4294967295 seconds...
I/APP     ( 2869): I 02/05/2013 13:58:51:953 00000b35         AppActivated| Cannot commit now, application will be activated when started.
I/APP     ( 2869): I 02/05/2013 13:58:51:957 00000b35    RhodesApplication| New AppState: Undefined
D/RhodesService( 2869): +++ onStartCommand
I/APP     ( 2869): I 02/05/2013 13:58:51:980 00000b4c            RhodesApp| Starting RhodesApp main routine...
I/RhodesService( 2869): handleCommand: startId=1, source=com.rhomobile.rhodes.BaseActivity
D/RhodesService( 2869): New activity was created
I/APP     ( 2869): I 02/05/2013 13:58:52:033 00000b35        RhodesService| onBind
I/APP     ( 2869): I 02/05/2013 13:58:52:115 00000b35         AppCallbacks| addCommand: UI-CREATED
I/APP     ( 2869): I 02/05/2013 13:58:52:119 00000b4a         AppCallbacks| Received command UI-CREATED which is greater than expected (LOCAL-SERVER-STARTED) - postpone it
I/APP     ( 2869): I 02/05/2013 13:58:52:119 00000b4a         AppCallbacks| ThreadQueue blocked for 4294967295 seconds...
V/PhoneStatusBar(  142): setLightsOn(true)
I/Process (   79): Sending signal. PID: 2869 SIG: 3
I/dalvikvm( 2869): threadid=3: reacting to signal 3
I/dalvikvm( 2869): Wrote stack traces to '/data/anr/traces.txt'
I/APP     ( 2869): I 02/05/2013 13:58:52:359 00000b35       RhodesActivity| onServiceConnected: {com.rhomobile.macotec/com.rhomobile.rhodes.RhodesService}
I/APP     ( 2869): I 02/05/2013 13:58:52:366 00000b35       RhodesActivity| New start parameters: 
I/APP     ( 2869): I 02/05/2013 13:58:52:401 00000b35            RhodesApp| New start params: 
D/gralloc_goldfish( 2869): Emulator without GPU emulation detected.
W/InputManagerService(   79): Starting input on non-focused client com.android.internal.view.IInputMethodClient$Stub$Proxy@415afb08 (uid=10009 pid=186)
I/Process (   79): Sending signal. PID: 2869 SIG: 3
I/dalvikvm( 2869): threadid=3: reacting to signal 3
I/dalvikvm( 2869): Wrote stack traces to '/data/anr/traces.txt'
I/ActivityManager(   79): Displayed com.rhomobile.macotec/com.rhomobile.rhodes.RhodesActivity: +4s719ms
I/APP     ( 2869): I 02/05/2013 13:58:53:404 00000b4c              RhoRuby| Init_RhoBlobs: /data/data/com.rhomobile.macotec/rhodata/db/db-files
I/APP     ( 2869): I 02/05/2013 13:58:53:474 00000b4c              RhoRuby| require_compiled: rhoframework
I/APP     ( 2869): I 02/05/2013 13:58:53:591 00000b4c              RhoRuby| require_compiled: rational
I/APP     ( 2869): I 02/05/2013 13:58:53:628 00000b4c              RhoRuby| require_compiled: rhom/rhom_db_adapter
I/APP     ( 2869): I 02/05/2013 13:58:53:749 00000b4c              RhoRuby| require_compiled: rhodes
I/APP     ( 2869): I 02/05/2013 13:58:53:792 00000b4c              RhoRuby| require_compiled: rhom/rhom_object
I/APP     ( 2869): I 02/05/2013 13:58:53:861 00000b4c              RhoRuby| require_compiled: rhofsconnector
I/APP     ( 2869): I 02/05/2013 13:58:53:899 00000b4c              RhoRuby| require_compiled: rho/rhofsconnector
I/APP     ( 2869): I 02/05/2013 13:58:53:966 00000b4c              RhoRuby| require_compiled: rhom/rhom_object_factory
W/NetworkManagementSocketTagger(   79): setKernelCountSet(10009, 0) failed with errno -2
I/APP     ( 2869): I 02/05/2013 13:58:54:216 00000b4c              RhoRuby| require_compiled: rhom/rhom
I/APP     ( 2869): I 02/05/2013 13:58:54:272 00000b4c              RhoRuby| require_compiled: rhom/rhom_model
I/APP     ( 2869): I 02/05/2013 13:58:54:324 00000b4c              RhoRuby| require_compiled: rhom
I/APP     ( 2869): I 02/05/2013 13:58:54:330 00000b4c              RhoRuby| require_compiled: rho/rhoapplication
I/APP     ( 2869): I 02/05/2013 13:58:54:415 00000b4c              RhoRuby| require_compiled: rholang/localization_simplified
I/APP     ( 2869): I 02/05/2013 13:58:54:478 00000b4c              RhoRuby| require_compiled: rho/rhomsg
I/APP     ( 2869): I 02/05/2013 13:58:54:512 00000b4c              RhoRuby| require_compiled: rho/rhotabbar
I/APP     ( 2869): I 02/05/2013 13:58:54:551 00000b4c              RhoRuby| require_compiled: rho/rhotoolbar
I/APP     ( 2869): I 02/05/2013 13:58:54:588 00000b4c                  APP| Current locale: ; Country code: 
I/APP     ( 2869): I 02/05/2013 13:58:54:623 00000b4c                  APP| Locilized file: /data/data/com.rhomobile.macotec/rhodata/lib/rholang/lang_
I/APP     ( 2869): I 02/05/2013 13:58:54:628 00000b4c              RhoRuby| require_compiled: /data/data/com.rhomobile.macotec/rhodata/lib/rholang/lang_en
I/APP     ( 2869): I 02/05/2013 13:58:54:728 00000b4c                  APP| Locilized file: /data/data/com.rhomobile.macotec/rhodata/apps/app/lang/lang_
I/APP     ( 2869): I 02/05/2013 13:58:54:824 00000b4c                  APP| Locilized file: /data/data/com.rhomobile.macotec/rhodata/lib/rholang/rhoerror_
I/APP     ( 2869): I 02/05/2013 13:58:54:926 00000b4c              RhoRuby| require_compiled: /data/data/com.rhomobile.macotec/rhodata/lib/rholang/rhoerror_en
I/APP     ( 2869): I 02/05/2013 13:58:55:104 00000b4c                  APP| Locilized file: /data/data/com.rhomobile.macotec/rhodata/lib/rholang/rhomsg_
I/APP     ( 2869): I 02/05/2013 13:58:55:186 00000b4c              RhoRuby| require_compiled: /data/data/com.rhomobile.macotec/rhodata/lib/rholang/rhomsg_en
I/APP     ( 2869): I 02/05/2013 13:58:55:364 00000b4c              RhoRuby| require_compiled: indifferent_access
I/APP     ( 2869): I 02/05/2013 13:58:55:810 00000b4c              RhoRuby| require_compiled: rho/rhosupport
I/APP     ( 2869): I 02/05/2013 13:58:56:166 00000b4c              RhoRuby| require_compiled: rho/rhocontroller
I/APP     ( 2869): I 02/05/2013 13:58:56:502 00000b4c              RhoRuby| require_compiled: rho/render
I/APP     ( 2869): I 02/05/2013 13:58:56:829 00000b4c              RhoRuby| require_compiled: rho/rho
I/APP     ( 2869): I 02/05/2013 13:58:57:764 00000b4c              RhoRuby| require_compiled: rho/rhoerror
I/APP     ( 2869): I 02/05/2013 13:58:57:939 00000b4c              RhoRuby| require_compiled: rhom/rhom_source
I/APP     ( 2869): I 02/05/2013 13:58:58:218 00000b4c              RhoRuby| require_compiled: rho/rhoviewhelpers
I/APP     ( 2869): I 02/05/2013 13:58:58:455 00000b4c              RhoRuby| require_compiled: rho
I/APP     ( 2869): I 02/05/2013 13:58:58:566 00000b4c                  APP| RHO loaded
I/APP     ( 2869): I 02/05/2013 13:58:58:637 00000b4c                  APP| Calling RHO.initialize
I/APP     ( 2869): I 02/05/2013 13:58:58:700 00000b4c                  APP| model file: Product/product
I/APP     ( 2869): I 02/05/2013 13:58:58:804 00000b4c                  APP| model file: Request/request
I/APP     ( 2869): I 02/05/2013 13:58:58:877 00000b4c                   DB| Open DB: /data/data/com.rhomobile.macotec/rhodata/db/syncdbuser.sqlite
I/APP     ( 2869): I 02/05/2013 13:58:59:124 00000b4c          GeoLocation| Creating singleton instance.
I/APP     ( 2869): I 02/05/2013 13:58:59:214 00000b4c            RhodesApp| Starting sync engine...
I/APP     ( 2869): I 02/05/2013 13:58:59:270 00000b4c                 Sync| sync_poll_interval: 0
I/APP     ( 2869): I 02/05/2013 13:58:59:333 00000b4c                 Sync| syncserver: 
I/APP     ( 2869): I 02/05/2013 13:58:59:405 00000b4c                 Sync| bulksync_state: 0
I/APP     ( 2869): I 02/05/2013 13:58:59:462 00000b4c            RhodesApp| RhoRubyInitApp...
I/APP     ( 2869): I 02/05/2013 13:58:59:526 00000b4c                  APP| init_app
I/APP     ( 2869): I 02/05/2013 13:58:59:595 00000b4c              RhoRuby| require_compiled: application
I/APP     ( 2869): I 02/05/2013 13:58:59:720 00000b4c                 Sync| Set notification. Source ID: -1;Url :http://localhost:8080/app/Settings/sync_notify; Params: 
I/APP     ( 2869): I 02/05/2013 13:58:59:741 00000b4c           HttpServer| Start HTTP server
I/APP     ( 2869): I 02/05/2013 13:58:59:745 00000b4c           HttpServer| Listen for connections on port 8080
I/APP     ( 2869): I 02/05/2013 13:58:59:768 00000b4c         AppCallbacks| addCommand: LOCAL-SERVER-STARTED
I/APP     ( 2869): I 02/05/2013 13:58:59:776 00000b4a         AppCallbacks| process command: LOCAL-SERVER-STARTED
I/APP     ( 2869): I 02/05/2013 13:58:59:777 00000b4a RhodesAppActiveObserver| Ready
I/APP     ( 2869): I 02/05/2013 13:58:59:784 00000b35 AndroidFunctionality| Disable WebView zoom
I/APP     ( 2869): I 02/05/2013 13:58:59:784 00000b35 AndroidFunctionality| Set web plugins state 'OFF'
I/APP     ( 2869): I 02/05/2013 13:58:59:823 00000b4a    RhodesApplication| New AppState: AppActivated
I/APP     ( 2869): I 02/05/2013 13:58:59:827 00000b4a         AppCallbacks| process command: UI-CREATED
I/APP     ( 2869): I 02/05/2013 13:58:59:916 00000b4c           HttpServer| Process URI: '/system/uicreated'
I/APP     ( 2869): I 02/05/2013 13:58:59:921 00000b4c                  APP| on_ui_created.navigate to start url: '/app'
I/APP     ( 2869): I 02/05/2013 13:58:59:939 00000b35         SplashScreen| navigate: url=http://localhost:8080/app
I/APP     ( 2869): I 02/05/2013 13:58:59:940 00000b35         SplashScreen| DELAY for SplashScreen = 0
I/APP     ( 2869): I 02/05/2013 13:58:59:982 00000b4a         AppCallbacks| process command: APP-ACTIVATED
I/APP     ( 2869): I 02/05/2013 13:59:00:052 00000b35        GoogleWebView| Creating new RhoWebChromeClient
I/APP     ( 2869): I 02/05/2013 13:59:00:109 00000b35       SimpleMainView| Cleared URL: http://localhost:8080/app
I/APP     ( 2869): I 02/05/2013 13:59:00:133 00000b4c           HttpServer| Process URI: '/system/activateapp'
V/SimpleMainView.View( 2869): ms[1360069140159]  Main Window :: onSizeChanged() old [ 480 x 652 ]  new [ 0 x 0 ]
I/APP     ( 2869): I 02/05/2013 13:59:00:176 00000b4a         AppCallbacks| ThreadQueue blocked for 4294967295 seconds...
I/APP     ( 2869): I 02/05/2013 13:59:00:250 00000b35        GoogleWebView| Setting RhoWebChromeClient
I/APP     ( 2869): I 02/05/2013 13:59:00:377 00000b4c           HttpServer| Process URI: '/app'
I/APP     ( 2869): I 02/05/2013 13:59:00:408 00000b35     RhoWebViewClient| Loading URL: http://localhost:8080/app/index_erb.iseq
I/APP     ( 2869): I 02/05/2013 13:59:00:467 00000b4c           HttpServer| Process URI: '/app/index_erb.iseq'
I/APP     ( 2869): I 02/05/2013 13:59:00:483 00000b4c                  APP| RHO serve_index: /app/index_erb.iseq
I/APP     ( 2869): I 02/05/2013 13:59:00:511 00000b4c RHO Rho::RhoController| inst_render_index
I/APP     ( 2869): I 02/05/2013 13:59:00:601 00000b4c RHO Rho::RhoController| index layout
I/APP     ( 2869): I 02/05/2013 13:59:00:690 00000b4c           HttpServer| GC Start.
I/APP     ( 2869): I 02/05/2013 13:59:00:788 00000b4c           HttpServer| GC End.
I/APP     ( 2869): I 02/05/2013 13:59:00:915 00000b4c           HttpServer| Process URI: '/public/jquery/jquery-1.6.4.min.js'
I/APP     ( 2869): I 02/05/2013 13:59:01:041 00000b4c           HttpServer| Process URI: '/public/jquery/jquery.json-2.3.min.js'
I/APP     ( 2869): I 02/05/2013 13:59:01:093 00000b4c           HttpServer| Process URI: '/public/jqmobile/jquery.mobile-1.0.1.min.css'
I/APP     ( 2869): I 02/05/2013 13:59:01:152 00000b4c           HttpServer| Process URI: '/public/css/jqmobile-patch.css'
I/APP     ( 2869): I 02/05/2013 13:59:01:233 00000b4c           HttpServer| Process URI: '/public/jqmobile/jquery.mobile-1.0.1.min.js'
I/APP     ( 2869): I 02/05/2013 13:59:01:380 00000b4c           HttpServer| Process URI: '/public/js/jqmobile-patch.js'
I/APP     ( 2869): I 02/05/2013 13:59:01:444 00000b4c           HttpServer| Process URI: '/public/css/macotec_style.css'
I/APP     ( 2869): I 02/05/2013 13:59:05:033 00000b4c           HttpServer| Process URI: '/public/images/macotec/logo.png'
I/APP     ( 2869): I 02/05/2013 13:59:05:733 00000b4c           HttpServer| Process URI: '/public/images/macotec/request.png'
I/APP     ( 2869): I 02/05/2013 13:59:05:859 00000b4c           HttpServer| Process URI: '/public/images/macotec/contact.png'
I/APP     ( 2869): I 02/05/2013 13:59:05:904 00000b4c           HttpServer| Process URI: '/public/images/macotec/products.png'
I/APP     ( 2869): I 02/05/2013 13:59:05:954 00000b4c           HttpServer| Process URI: '/public/images/macotec/info.png'
I/APP     ( 2869): I 02/05/2013 13:59:10:502 00000b4c           HttpServer| Process URI: '/app/Request/submit_failed'
I/APP     ( 2869): I 02/05/2013 13:59:10:675 00000b4c                  APP| RHO serve: /app/Request/submit_failed
I/APP     ( 2869): I 02/05/2013 13:59:10:940 00000b4c              RhoRuby| require_compiled: Request/request_controller
I/APP     ( 2869): I 02/05/2013 13:59:11:212 00000b4c              RhoRuby| require_compiled: helpers/browser_helper
I/APP     ( 2869): I 02/05/2013 13:59:11:483 00000b4c RHO RequestController| Layout file: /data/data/com.rhomobile.macotec/rhodata/apps/app/layout_erb.iseq. Content size: 3418
I/APP     ( 2869): I 02/05/2013 13:59:11:531 00000b4c           HttpServer| GC Start.
I/APP     ( 2869): I 02/05/2013 13:59:11:592 00000b4c           HttpServer| GC End.
I/APP     ( 2869): I 02/05/2013 13:59:11:638 00000b4c           HttpServer| Process URI: '/public/jquery/jquery-1.6.4.min.js'
I/APP     ( 2869): I 02/05/2013 13:59:11:702 00000b4c           HttpServer| Process URI: '/public/jquery/jquery.json-2.3.min.js'
I/APP     ( 2869): I 02/05/2013 13:59:11:749 00000b4c           HttpServer| Process URI: '/public/jqmobile/jquery.mobile-1.0.1.min.css'
I/APP     ( 2869): I 02/05/2013 13:59:11:953 00000b4c           HttpServer| Process URI: '/public/css/jqmobile-patch.css'
I/APP     ( 2869): I 02/05/2013 13:59:12:097 00000b4c           HttpServer| Process URI: '/public/jqmobile/jquery.mobile-1.0.1.min.js'
I/APP     ( 2869): I 02/05/2013 13:59:12:559 00000b4c           HttpServer| Process URI: '/public/js/jqmobile-patch.js'
I/APP     ( 2869): I 02/05/2013 13:59:12:753 00000b4c           HttpServer| Process URI: '/public/css/macotec_style.css'
D/dalvikvm( 2869): GC_CONCURRENT freed 1055K, 9% free 12419K/13575K, paused 23ms+108ms
D/webviewglue( 2869): nativeDestroy view: 0x289930
I/APP     ( 2869): I 02/05/2013 13:59:14:230 00000b4c           HttpServer| Process URI: '/public/images/macotec/failed_smiley.png'
I/APP     ( 2869): I 02/05/2013 13:59:14:560 00000b4c           HttpServer| Process URI: '/favicon.ico'
I/APP     ( 2869): E 02/05/2013 13:59:14:620 00000b4c           HttpServer| The file /favicon.ico was not found
W/webview ( 2869): Stale touch event ACTION_DOWN received from webcore; ignoring
I/APP     ( 2869): I 02/05/2013 13:59:17:683 00000b4c           HttpServer| Process URI: '/app/Request/request'
I/APP     ( 2869): I 02/05/2013 13:59:17:685 00000b4c                  APP| RHO serve: /app/Request/request
I/APP     ( 2869): I 02/05/2013 13:59:17:730 00000b4c                  APP| const_missing: Product
I/APP     ( 2869): I 02/05/2013 13:59:17:733 00000b4c                  APP| load_model: Product
I/APP     ( 2869): I 02/05/2013 13:59:17:777 00000b4c              RhoRuby| require_compiled: Product/product
I/APP     ( 2869): I 02/05/2013 13:59:17:837 00000b4c                  APP| model name: Product
I/APP     ( 2869): I 02/05/2013 13:59:17:841 00000b4c                  APP| model class found
I/APP     ( 2869): I 02/05/2013 13:59:17:883 00000b4c                  APP| Product : {"property"=>{}}
I/APP     ( 2869): I 02/05/2013 13:59:17:888 00000b4c                   DB| Open DB: /data/data/com.rhomobile.macotec/rhodata/db/syncdblocal.sqlite
I/APP     ( 2869): I 02/05/2013 13:59:17:997 00000b4c                  APP| init_db_sources
I/APP     ( 2869): I 02/05/2013 13:59:18:082 00000b4c                  APP| start_id: 40005
I/APP     ( 2869): I 02/05/2013 13:59:18:087 00000b4c                  APP| Migrate schema sources: {}
I/APP     ( 2869): I 02/05/2013 13:59:18:219 00000b4c           HttpServer| GC Start.
I/APP     ( 2869): I 02/05/2013 13:59:18:270 00000b4c           HttpServer| GC End.
I/APP     ( 2869): I 02/05/2013 13:59:18:993 00000b4c           HttpServer| Process URI: '/public/jqmobile/images/icons-36-white.png'
E/libEGL  ( 2869): call to OpenGL ES API with no current context (logged once per thread)
D/ShaderProgram( 2869): couldn't load the vertex shader!
E/libEGL  ( 2869): call to OpenGL ES API with no current context (logged once per thread)
D/ShaderProgram( 2869): couldn't load the vertex shader!
E/libEGL  ( 2869): call to OpenGL ES API with no current context (logged once per thread)
D/ShaderProgram( 2869): couldn't load the vertex shader!
E/libEGL  ( 2869): call to OpenGL ES API with no current context (logged once per thread)
D/ShaderProgram( 2869): couldn't load the vertex shader!
E/libEGL  ( 2869): call to OpenGL ES API with no current context (logged once per thread)
D/ShaderProgram( 2869): couldn't load the vertex shader!
D/dalvikvm(  142): GC_CONCURRENT freed 379K, 29% free 10455K/14663K, paused 4ms+6ms
E/ActivityThread(  156): Failed to find provider info for com.android.inputmethod.latin.dictionarypack
E/BinaryDictionaryGetter(  156): Could not find a dictionary pack
W/webview ( 2869): Stale touch event ACTION_DOWN received from webcore; ignoring
I/APP     ( 2869): I 02/05/2013 13:59:32:146 00000b4c           HttpServer| Process URI: '/app/Request/submit'
I/APP     ( 2869): I 02/05/2013 13:59:32:150 00000b4c                  APP| RHO serve: /app/Request/submit
I/APP     ( 2869): I 02/05/2013 13:59:32:247 00000b4c                  APP| Params: {"product"=>"nothing", "rental_begin"=>"", "operation_period"=>"", "amount_product"=>"", "location"=>"", "information"=>"", "company"=>"", "phone"=>"", "email"=>"hase@mail.de"}
I/APP     ( 2869): I 02/05/2013 13:59:32:290 00000b4c            AsyncHttp| addCommand: POST
I/APP     ( 2869): I 02/05/2013 13:59:32:398 00000b56            AsyncHttp| Starting main routine...
I/APP     ( 2869): I 02/05/2013 13:59:32:480 00000b56                  Net| POST request (Pull): http://www.datenloft.com/macotec/send_request_test.php
I/APP     ( 2869): I 02/05/2013 13:59:32:510 00000b4c           HttpServer| GC Start.
I/APP     ( 2869): I 02/05/2013 13:59:32:620 00000b4c           HttpServer| GC End.
D/dalvikvm(  142): GC_CONCURRENT freed 480K, 30% free 10408K/14663K, paused 12ms+6ms
I/APP     ( 2869): I 02/05/2013 13:59:32:953 00000b4c           HttpServer| Process URI: '/app/Request/http_callback'
I/APP     ( 2869): I 02/05/2013 13:59:32:955 00000b4c                  APP| RHO serve: /app/Request/http_callback
I/APP     ( 2869): I 02/05/2013 13:59:33:013 00000b4c                  APP| Params: {"rho_callback"=>"1", "status"=>"ok", "http_error"=>"200", "headers"=>{"Content-Type"=>"application/x-www-form-urlencoded", "User-Agent"=>"Mozilla-5.0 (ANDROID; unknown generic; 4.0.4)", "charset"=>"UTF-8", "connection"=>"Keep-Alive", "content-type"=>"text/html; charset=utf-8", "date"=>"Tue, 05 Feb 2013 12:59:33 GMT", "keep-alive"=>"timeout=3, max=100", "server"=>"Apache/2.2.21 (Unix) mod_ssl/2.2.21 OpenSSL/0.9.8r", "transfer-encoding"=>"chunked", "x-powered-by"=>"PHP/5.2.17"}, "__rho_object"=>{"body"=>"0"}}
E/AndroidSpellCheckerService(  156): Can't re-insert a dictionary into its pool
E/ActivityThread(  156): Failed to find provider info for com.android.inputmethod.latin.dictionarypack
E/BinaryDictionaryGetter(  156): Could not find a dictionary pack
E/AndroidSpellCheckerService(  156): Can't re-insert a dictionary into its pool
I/APP     ( 2869): I 02/05/2013 13:59:37:072 00000b35       SimpleMainView| Cleared URL: http://localhost:8080/app/Request/submit_failed
I/APP     ( 2869): I 02/05/2013 13:59:37:120 00000b56            AsyncHttp| ThreadQueue blocked for 4294967295 seconds...
I/APP     ( 2869): I 02/05/2013 13:59:37:127 00000b4c           HttpServer| GC Start.
I/APP     ( 2869): I 02/05/2013 13:59:37:189 00000b4c           HttpServer| GC End.
I/APP     ( 2869): E 02/05/2013 13:59:37:192 00000b4c           HttpServer| Connection gracefully closed before we send any data
I/APP     ( 2869): E 02/05/2013 13:59:37:224 00000b4c           HttpServer| Parsing error
I/APP     ( 2869): I 02/05/2013 13:59:37:231 00000b4c           HttpServer| Process URI: '/app/Request/submit_failed'
I/APP     ( 2869): I 02/05/2013 13:59:37:268 00000b4c                  APP| RHO serve: /app/Request/submit_failed
I/APP     ( 2869): I 02/05/2013 13:59:37:339 00000b4c RHO RequestController| Layout file: /data/data/com.rhomobile.macotec/rhodata/apps/app/layout_erb.iseq. Content size: 3418
I/APP     ( 2869): I 02/05/2013 13:59:37:394 00000b4c           HttpServer| GC Start.
I/APP     ( 2869): I 02/05/2013 13:59:37:438 00000b4c           HttpServer| GC End.
I/APP     ( 2869): I 02/05/2013 13:59:38:426 00000b35   RhoWebChromeClient| Uncaught SyntaxError: Unexpected end of input -- From line 0 of http://localhost:8080/app/Request/submit_failed
E/Web Console( 2869): Uncaught SyntaxError: Unexpected end of input at http://localhost:8080/app/Request/submit_failed:0
I/APP     ( 2869): I 02/05/2013 13:59:38:481 00000b4c           HttpServer| Process URI: '/public/images/macotec/failed_smiley.png'
I/APP     ( 2869): I 02/05/2013 14:00:12:649 00000b4c           HttpServer| Process URI: '/app/Menu/contact'
I/APP     ( 2869): I 02/05/2013 14:00:12:652 00000b4c                  APP| RHO serve: /app/Menu/contact
I/APP     ( 2869): I 02/05/2013 14:00:12:689 00000b4c              RhoRuby| require_compiled: Menu/menu_controller
I/APP     ( 2869): I 02/05/2013 14:00:12:786 00000b4c           HttpServer| GC Start.
I/APP     ( 2869): I 02/05/2013 14:00:12:845 00000b4c           HttpServer| GC End.
I/APP     ( 2869): I 02/05/2013 14:00:13:125 00000b4c           HttpServer| Process URI: '/public/images/macotec/phone.png'
I/APP     ( 2869): I 02/05/2013 14:00:13:190 00000b4c           HttpServer| Process URI: '/public/images/macotec/mail.png'
I/APP     ( 2869): I 02/05/2013 14:00:13:257 00000b4c           HttpServer| Process URI: '/public/images/macotec/web.png'
I/APP     ( 2869): I 02/05/2013 14:00:15:406 00000b35       SimpleMainView| Cleared URL: http://localhost:8080/app
I/APP     ( 2869): I 02/05/2013 14:00:15:468 00000b35     RhoWebViewClient| Loading URL: http://localhost:8080/app/index_erb.iseq
I/APP     ( 2869): I 02/05/2013 14:00:15:508 00000b4c           HttpServer| Process URI: '/app/index_erb.iseq'
I/APP     ( 2869): I 02/05/2013 14:00:15:511 00000b4c                  APP| RHO serve_index: /app/index_erb.iseq
I/APP     ( 2869): I 02/05/2013 14:00:15:512 00000b4c RHO Rho::RhoController| inst_render_index
I/APP     ( 2869): I 02/05/2013 14:00:15:606 00000b4c RHO Rho::RhoController| index layout
I/APP     ( 2869): I 02/05/2013 14:00:15:808 00000b4c           HttpServer| GC Start.
I/APP     ( 2869): I 02/05/2013 14:00:15:896 00000b4c           HttpServer| GC End.
W/ThrottleService(   79): unable to find stats for iface rmnet0
W/webview ( 2869): Stale touch event ACTION_DOWN received from webcore; ignoring
I/APP     ( 2869): I 02/05/2013 14:00:28:478 00000b4c           HttpServer| Process URI: '/app/Request/request'
I/APP     ( 2869): I 02/05/2013 14:00:28:480 00000b4c                  APP| RHO serve: /app/Request/request
I/APP     ( 2869): I 02/05/2013 14:00:28:581 00000b4c           HttpServer| GC Start.
I/APP     ( 2869): I 02/05/2013 14:00:28:632 00000b4c           HttpServer| GC End.
E/ActivityThread(  156): Failed to find provider info for com.android.inputmethod.latin.dictionarypack
E/BinaryDictionaryGetter(  156): Could not find a dictionary pack
D/dalvikvm(  142): GC_CONCURRENT freed 507K, 30% free 10375K/14663K, paused 5ms+16ms
D/dalvikvm(  156): GC_CONCURRENT freed 240K, 6% free 9540K/10055K, paused 6ms+4ms
D/dalvikvm(   79): JIT code cache reset in 20 ms (1048504 bytes 1/0)
D/dalvikvm(   79): GC_CONCURRENT freed 577K, 11% free 11354K/12743K, paused 5ms+42ms
I/APP     ( 2869): I 02/05/2013 14:00:41:882 00000b4c           HttpServer| Process URI: '/app/Request/submit'
I/APP     ( 2869): I 02/05/2013 14:00:41:886 00000b4c                  APP| RHO serve: /app/Request/submit
I/APP     ( 2869): I 02/05/2013 14:00:41:937 00000b4c                  APP| Params: {"product"=>"nothing", "rental_begin"=>"", "operation_period"=>"", "amount_product"=>"", "location"=>"", "information"=>"", "company"=>"", "phone"=>"", "email"=>"hubert"}
I/APP     ( 2869): I 02/05/2013 14:00:41:954 00000b4c            AsyncHttp| addCommand: POST
I/APP     ( 2869): I 02/05/2013 14:00:41:986 00000b56                  Net| POST request (Pull): http://www.datenloft.com/macotec/send_request_test.php
I/APP     ( 2869): I 02/05/2013 14:00:42:053 00000b4c           HttpServer| GC Start.
I/APP     ( 2869): I 02/05/2013 14:00:42:141 00000b4c           HttpServer| GC End.
I/APP     ( 2869): I 02/05/2013 14:00:42:285 00000b4c           HttpServer| Process URI: '/app/Request/http_callback'
I/APP     ( 2869): I 02/05/2013 14:00:42:289 00000b4c                  APP| RHO serve: /app/Request/http_callback
I/APP     ( 2869): I 02/05/2013 14:00:42:363 00000b4c                  APP| Params: {"rho_callback"=>"1", "status"=>"ok", "http_error"=>"200", "headers"=>{"Content-Type"=>"application/x-www-form-urlencoded", "User-Agent"=>"Mozilla-5.0 (ANDROID; unknown generic; 4.0.4)", "charset"=>"UTF-8", "connection"=>"Keep-Alive", "content-type"=>"text/html; charset=utf-8", "date"=>"Tue, 05 Feb 2013 13:00:43 GMT", "keep-alive"=>"timeout=3, max=100", "server"=>"Apache/2.2.21 (Unix) mod_ssl/2.2.21 OpenSSL/0.9.8r", "transfer-encoding"=>"chunked", "x-powered-by"=>"PHP/5.2.17"}, "__rho_object"=>{"body"=>"0"}}
I/APP     ( 2869): I 02/05/2013 14:00:46:406 00000b35       SimpleMainView| Cleared URL: http://localhost:8080/app/Request/submit_wrong_data
I/APP     ( 2869): I 02/05/2013 14:00:46:460 00000b56            AsyncHttp| ThreadQueue blocked for 4294967295 seconds...
I/APP     ( 2869): I 02/05/2013 14:00:46:463 00000b4c           HttpServer| GC Start.
I/APP     ( 2869): I 02/05/2013 14:00:46:511 00000b4c           HttpServer| GC End.
I/APP     ( 2869): E 02/05/2013 14:00:46:515 00000b4c           HttpServer| Connection gracefully closed before we send any data
I/APP     ( 2869): E 02/05/2013 14:00:46:552 00000b4c           HttpServer| Parsing error
I/APP     ( 2869): I 02/05/2013 14:00:46:559 00000b4c           HttpServer| Process URI: '/app/Request/submit_wrong_data'
