I/APP     ( 2068): I 02/15/2013 15:53:15:881 0000082a                  APP| ######################### {"result"=>"ERROR", "message"=>"Die eingegebene Email-Adresse hat kein g\xC3\xBCltiges Format!"}
I/APP     ( 2068): I 02/15/2013 15:53:15:912 00000814       SimpleMainView| Cleared URL: http://localhost:8080/app/Request/submit_wrong_data?result=ERROR&message=Die%20eingegebene%20Email-Adresse%20hat%20kein%20g%C3%BCltiges%20Format%21
I/APP     ( 2068): I 02/15/2013 15:53:15:961 00000835            AsyncHttp| ThreadQueue blocked for 4294967295 seconds...
I/APP     ( 2068): I 02/15/2013 15:53:15:965 0000082a           HttpServer| GC Start.
I/APP     ( 2068): I 02/15/2013 15:53:16:012 0000082a           HttpServer| GC End.
I/APP     ( 2068): E 02/15/2013 15:53:16:015 0000082a           HttpServer| Connection gracefully closed before we send any data
I/APP     ( 2068): E 02/15/2013 15:53:16:044 0000082a           HttpServer| Parsing error
I/APP     ( 2068): I 02/15/2013 15:53:16:053 0000082a           HttpServer| Process URI: '/app/Request/submit_wrong_data'
I/APP     ( 2068): I 02/15/2013 15:53:16:082 0000082a                  APP| RHO serve: /app/Request/submit_wrong_data
I/APP     ( 2068): I 02/15/2013 15:53:16:103 0000082a                  APP| Params: {"result"=>"ERROR", "message"=>"Die eingegebene Email-Adresse hat kein g\u00FCltiges Format!"}
I/APP     ( 2068): I 02/15/2013 15:53:16:168 0000082a RHO RequestController| Layout file: /data/data/com.rhomobile.macotec/rhodata/apps/app/layout_erb.iseq. Content size: 2887
I/APP     ( 2068): I 02/15/2013 15:53:16:218 0000082a           HttpServer| GC Start.
I/APP     ( 2068): I 02/15/2013 15:53:16:259 0000082a           HttpServer| GC End.
I/APP     ( 2068): I 02/15/2013 15:53:17:509 0000082a           HttpServer| Process URI: '/public/images/macotec/ghost.png'
D/dalvikvm(  167): GC_CONCURRENT freed 384K, 6% free 9533K/10119K, paused 15ms+4ms
F/BatteryStatsImpl(   78): problem reading network stats
F/BatteryStatsImpl(   78): java.lang.IllegalStateException: problem parsing idx 1
F/BatteryStatsImpl(   78): 	at com.android.internal.net.NetworkStatsFactory.readNetworkStatsDetail(NetworkStatsFactory.java:300)
F/BatteryStatsImpl(   78): 	at com.android.internal.net.NetworkStatsFactory.readNetworkStatsDetail(NetworkStatsFactory.java:250)
F/BatteryStatsImpl(   78): 	at com.android.internal.os.BatteryStatsImpl.getNetworkStatsDetailGroupedByUid(BatteryStatsImpl.java:5734)
F/BatteryStatsImpl(   78): 	at com.android.internal.os.BatteryStatsImpl.access$100(BatteryStatsImpl.java:76)
F/BatteryStatsImpl(   78): 	at com.android.internal.os.BatteryStatsImpl$Uid.computeCurrentTcpBytesReceived(BatteryStatsImpl.java:2457)
F/BatteryStatsImpl(   78): 	at com.android.internal.os.BatteryStatsImpl$Uid.getTcpBytesReceived(BatteryStatsImpl.java:2446)
F/BatteryStatsImpl(   78): 	at com.android.internal.os.BatteryStatsImpl.writeSummaryToParcel(BatteryStatsImpl.java:5437)
F/BatteryStatsImpl(   78): 	at com.android.internal.os.BatteryStatsImpl.writeLocked(BatteryStatsImpl.java:4836)
F/BatteryStatsImpl(   78): 	at com.android.internal.os.BatteryStatsImpl.writeAsyncLocked(BatteryStatsImpl.java:4818)
F/BatteryStatsImpl(   78): 	at com.android.server.am.ActivityManagerService.updateCpuStatsNow(ActivityManagerService.java:1652)
F/BatteryStatsImpl(   78): 	at com.android.server.am.ActivityManagerService$3.run(ActivityManagerService.java:1534)
F/BatteryStatsImpl(   78): Caused by: java.io.FileNotFoundException: /proc/net/xt_qtaguid/stats: open failed: ENOENT (No such file or directory)
F/BatteryStatsImpl(   78): 	at libcore.io.IoBridge.open(IoBridge.java:406)
F/BatteryStatsImpl(   78): 	at java.io.FileInputStream.<init>(FileInputStream.java:78)
F/BatteryStatsImpl(   78): 	at com.android.internal.net.NetworkStatsFactory.readNetworkStatsDetail(NetworkStatsFactory.java:269)
F/BatteryStatsImpl(   78): 	... 10 more
F/BatteryStatsImpl(   78): Caused by: libcore.io.ErrnoException: open failed: ENOENT (No such file or directory)
F/BatteryStatsImpl(   78): 	at libcore.io.Posix.open(Native Method)
F/BatteryStatsImpl(   78): 	at libcore.io.BlockGuardOs.open(BlockGuardOs.java:110)
F/BatteryStatsImpl(   78): 	at libcore.io.IoBridge.open(IoBridge.java:390)
F/BatteryStatsImpl(   78): 	... 12 more
D/dalvikvm(   78): GC_CONCURRENT freed 538K, 15% free 11324K/13255K, paused 10ms+25ms
I/APP     ( 2068): I 02/15/2013 15:55:10:455 0000082a           HttpServer| Process URI: '/app/Request/submit_wrong_data'
I/APP     ( 2068): I 02/15/2013 15:55:10:472 0000082a                  APP| RHO serve: /app/Request/submit_wrong_data
I/APP     ( 2068): I 02/15/2013 15:55:10:668 0000082a                  APP| App error: undefined method `include?' for nil:NilClass
I/APP     ( 2068):  (eval):18:in `<compiled>'
I/APP     ( 2068): lib/rho/render.rb:169:in `eval_compiled_file'
I/APP     ( 2068): lib/rho/render.rb:169:in `render'
I/APP     ( 2068): apps/app/Request/request_controller.rb:150:in `submit_wrong_data'
I/APP     ( 2068): lib/rho/rhocontroller.rb:104:in `serve'
I/APP     ( 2068): lib/rho/rhoapplication.rb:226:in `serve'
I/APP     ( 2068): lib/rho/rho.rb:879:in `serve'
I/APP     ( 2068): I 02/15/2013 15:55:10:795 0000082a           HttpServer| GC Start.
I/APP     ( 2068): I 02/15/2013 15:55:11:052 0000082a           HttpServer| GC End.
I/APP     ( 2068): I 02/15/2013 15:55:11:298 0000082a           HttpServer| Process URI: '/favicon.ico'
I/APP     ( 2068): E 02/15/2013 15:55:11:335 0000082a           HttpServer| The file /favicon.ico was not found
I/APP     ( 2068): E 02/15/2013 15:55:20:440 0000082a           HttpServer| Connection gracefully closed before we send any data
I/APP     ( 2068): E 02/15/2013 15:55:20:469 0000082a           HttpServer| Parsing error
I/APP     ( 2068): E 02/15/2013 15:55:20:473 0000082a           HttpServer| Connection gracefully closed before we send any data
I/APP     ( 2068): E 02/15/2013 15:55:20:480 0000082a           HttpServer| Parsing error
I/APP     ( 2068): E 02/15/2013 15:55:20:486 0000082a           HttpServer| Connection gracefully closed before we send any data
I/APP     ( 2068): E 02/15/2013 15:55:20:514 0000082a           HttpServer| Parsing error
W/ThrottleService(   78): unable to find stats for iface rmnet0
D/AndroidRuntime( 2111): 
D/AndroidRuntime( 2111): >>>>>> AndroidRuntime START com.android.internal.os.RuntimeInit <<<<<<
D/AndroidRuntime( 2111): CheckJNI is ON
D/AndroidRuntime( 2111): Calling main entry com.android.commands.pm.Pm
D/dalvikvm(   78): GC_EXPLICIT freed 204K, 15% free 11298K/13255K, paused 5ms+8ms
W/ActivityManager(   78): No content provider found for permission revoke: file:///data/local/tmp/MacoTec-debug.apk
D/dalvikvm(  433): GC_CONCURRENT freed 435K, 6% free 9122K/9671K, paused 5ms+4ms
W/ActivityManager(   78): No content provider found for permission revoke: file:///data/local/tmp/MacoTec-debug.apk
D/dalvikvm(   78): GC_CONCURRENT freed 262K, 14% free 11488K/13255K, paused 23ms+31ms
D/dalvikvm(   78): GC_CONCURRENT freed 294K, 12% free 11689K/13255K, paused 24ms+28ms
D/dalvikvm(   78): GC_CONCURRENT freed 571K, 12% free 11698K/13255K, paused 8ms+9ms
D/dalvikvm(   78): GC_CONCURRENT freed 597K, 12% free 11707K/13255K, paused 7ms+7ms
D/dalvikvm(   78): GC_CONCURRENT freed 571K, 12% free 11756K/13255K, paused 14ms+19ms
D/dalvikvm(   78): GC_CONCURRENT freed 616K, 12% free 11731K/13255K, paused 13ms+9ms
I/PackageManager(   78): Removing non-system package:com.rhomobile.macotec
I/ActivityManager(   78): Force stopping package com.rhomobile.macotec uid=10040
I/ActivityManager(   78): Killing proc 2068:com.rhomobile.macotec/10040: force stop
W/ActivityManager(   78): Force removing ActivityRecord{4132f800 com.rhomobile.macotec/com.rhomobile.rhodes.RhodesActivity}: app died, no saved state
W/NetworkManagementSocketTagger(   78): setKernelCountSet(10040, 0) failed with errno -2
W/NetworkManagementSocketTagger(   78): setKernelCountSet(10009, 1) failed with errno -2
I/WindowManager(   78): WIN DEATH: Window{41492708 com.rhomobile.macotec/com.rhomobile.rhodes.RhodesActivity paused=false}
I/PackageManager(   78): Package com.rhomobile.macotec codePath changed from /data/app/com.rhomobile.macotec-1.apk to /data/app/com.rhomobile.macotec-2.apk; Retaining data and using new
W/InputManagerService(   78): Got RemoteException sending setActive(false) notification to pid 2068 uid 10040
D/dalvikvm(   78): GC_CONCURRENT freed 543K, 12% free 11754K/13255K, paused 17ms+17ms
I/PackageManager(   78): Running dexopt on: com.rhomobile.macotec
D/dalvikvm( 2122): DexOpt: load 96ms, verify+opt 500ms
W/PackageManager(   78): Code path for pkg : com.rhomobile.macotec changing from /data/app/com.rhomobile.macotec-1.apk to /data/app/com.rhomobile.macotec-2.apk
W/PackageManager(   78): Resource path for pkg : com.rhomobile.macotec changing from /data/app/com.rhomobile.macotec-1.apk to /data/app/com.rhomobile.macotec-2.apk
I/ActivityManager(   78): Force stopping package com.rhomobile.macotec uid=10040
D/PackageManager(   78): New package installed in /data/app/com.rhomobile.macotec-2.apk
I/ActivityManager(   78): Force stopping package com.rhomobile.macotec uid=10040
D/dalvikvm(  179): GC_EXPLICIT freed 263K, 6% free 11328K/11975K, paused 18ms+16ms
D/dalvikvm(  230): GC_EXPLICIT freed 148K, 4% free 9394K/9735K, paused 3ms+4ms
D/dalvikvm(   78): GC_EXPLICIT freed 758K, 15% free 11285K/13255K, paused 6ms+8ms
D/PackageManager(   78): generateServicesMap(android.accounts.AccountAuthenticator): 2 services unchanged
D/PackageManager(   78): generateServicesMap(android.content.SyncAdapter): 4 services unchanged
D/BackupManagerService(   78): Received broadcast Intent { act=android.intent.action.PACKAGE_REMOVED dat=package:com.rhomobile.macotec flg=0x10000010 (has extras) }
D/PackageManager(   78): generateServicesMap(android.accounts.AccountAuthenticator): 2 services unchanged
D/PackageManager(   78): generateServicesMap(android.content.SyncAdapter): 4 services unchanged
D/BackupManagerService(   78): Received broadcast Intent { act=android.intent.action.PACKAGE_ADDED dat=package:com.rhomobile.macotec flg=0x10000010 (has extras) }
V/BackupManagerService(   78): updatePackageParticipantsLocked: #1
W/RecognitionManagerService(   78): no available voice recognition services found
D/BackupManagerService(   78): Received broadcast Intent { act=android.intent.action.PACKAGE_REPLACED dat=package:com.rhomobile.macotec flg=0x10000010 (has extras) }
V/BackupManagerService(   78): updatePackageParticipantsLocked: #1
D/dalvikvm(   78): GC_CONCURRENT freed 442K, 14% free 11424K/13255K, paused 5ms+8ms
D/dalvikvm(   78): GC_EXPLICIT freed 195K, 15% free 11279K/13255K, paused 5ms+17ms
D/AndroidRuntime( 2111): Shutting down VM
D/dalvikvm( 2111): GC_CONCURRENT freed 97K, 79% free 450K/2048K, paused 1ms+1ms
I/AndroidRuntime( 2111): NOTE: attach of thread 'Binder Thread #3' failed
D/AndroidRuntime( 2130): 
D/AndroidRuntime( 2130): >>>>>> AndroidRuntime START com.android.internal.os.RuntimeInit <<<<<<
D/AndroidRuntime( 2130): CheckJNI is ON
D/AndroidRuntime( 2130): Calling main entry com.android.commands.am.Am
I/ActivityManager(   78): START {act=android.intent.action.MAIN flg=0x10000000 cmp=com.rhomobile.macotec/com.rhomobile.rhodes.RhodesActivity} from pid 2130
W/WindowManager(   78): Failure taking screenshot for (180x300) to layer 21005
D/AndroidRuntime( 2130): Shutting down VM
D/dalvikvm( 2130): GC_CONCURRENT freed 97K, 77% free 480K/2048K, paused 1ms+1ms
I/AndroidRuntime( 2130): NOTE: attach of thread 'Binder Thread #3' failed
I/ActivityManager(   78): Start proc com.rhomobile.macotec for activity com.rhomobile.macotec/com.rhomobile.rhodes.RhodesActivity: pid=2141 uid=10040 gids={3003}
I/dalvikvm( 2141): Turning on JNI app bug workarounds for target SDK version 4...
W/NetworkManagementSocketTagger(   78): setKernelCountSet(10040, 1) failed with errno -2
I/Process (   78): Sending signal. PID: 2141 SIG: 3
I/dalvikvm( 2141): threadid=3: reacting to signal 3
I/dalvikvm( 2141): Wrote stack traces to '/data/anr/traces.txt'
D/dalvikvm( 2141): Trying to load lib /data/data/com.rhomobile.macotec/lib/librhodes.so 0x4129ee48
D/dalvikvm( 2141): Added shared lib /data/data/com.rhomobile.macotec/lib/librhodes.so 0x4129ee48
D/dalvikvm( 2141): Trying to load lib /data/data/com.rhomobile.macotec/lib/librhodes.so 0x4129ee48
D/dalvikvm( 2141): Shared lib '/data/data/com.rhomobile.macotec/lib/librhodes.so' already loaded in same CL 0x4129ee48
I/ActivityThread( 2141): Pub com.rhomobile.macotec: com.rhomobile.rhodes.LocalFileProvider
I/RhodesApplication( 2141): Initializing...
D/RhoFileApi( 2141): App root path: /data/data/com.rhomobile.macotec/rhodata/
D/RhoFileApi( 2141): Sqlite journals path: /data/data/com.rhomobile.macotec/sqlite_stmt_journals/
I/Process (   78): Sending signal. PID: 2141 SIG: 3
I/dalvikvm( 2141): threadid=3: reacting to signal 3
I/dalvikvm( 2141): Wrote stack traces to '/data/anr/traces.txt'
D/RhoFileApi( 2141): Shared path: /data/data/com.rhomobile.macotec/rhodata/
D/RhodesApplication( 2141): Root path: /data/data/com.rhomobile.macotec/rhodata/
I/RhodesApplication( 2141): Application hash was changed
D/RhoFileApi( 2141): Copy hash to FS
D/RhoFileApi( 2141): File hash copied
D/RhoFileApi( 2141): Copy rho.dat to FS
D/RhoFileApi( 2141): File rho.dat copied
D/RhoFileApi( 2141): Copy apps/rhoconfig.txt to FS
D/RhoFileApi( 2141): File apps/rhoconfig.txt copied
I/RhoFileApi( 2141): Opening stat table from FS: /data/data/com.rhomobile.macotec/rhodata/rho.dat
D/RhoFileApi( 2141): Copy apps/rhoconfig.txt to FS
D/RhoFileApi( 2141): File apps/rhoconfig.txt copied
D/RhoFileApi( 2141): App root path: /data/data/com.rhomobile.macotec/rhodata/
D/RhoFileApi( 2141): Sqlite journals path: /data/data/com.rhomobile.macotec/sqlite_stmt_journals/
D/RhoFileApi( 2141): Shared path: /data/data/com.rhomobile.macotec/rhodata/
I/APP     ( 2141): I 02/15/2013 15:59:54:702 0000085d    RhodesApplication| Initialized
I/APP     ( 2141): I 02/15/2013 15:59:54:758 0000085d         BaseActivity| New screen properties - width: 480, height: 800, orientation: 1
I/Process (   78): Sending signal. PID: 2141 SIG: 3
I/dalvikvm( 2141): threadid=3: reacting to signal 3
I/dalvikvm( 2141): Wrote stack traces to '/data/anr/traces.txt'
I/APP     ( 2141): I 02/15/2013 15:59:54:965 0000085d         SplashScreen| Looking for start page source
D/dalvikvm( 2141): GC_CONCURRENT freed 290K, 4% free 9232K/9607K, paused 6ms+26ms
D/dalvikvm( 2141): GC_FOR_ALLOC freed 5K, 4% free 9227K/9607K, paused 60ms
I/dalvikvm-heap( 2141): Grow heap (frag case) to 12.146MB for 3217300-byte allocation
I/Process (   78): Sending signal. PID: 2141 SIG: 3
I/dalvikvm( 2141): threadid=3: reacting to signal 3
I/dalvikvm( 2141): Wrote stack traces to '/data/anr/traces.txt'
D/dalvikvm( 2141): GC_FOR_ALLOC freed <1K, 4% free 12368K/12807K, paused 56ms
I/APP     ( 2141): I 02/15/2013 15:59:55:765 0000085d         SplashScreen| Done
I/APP     ( 2141): I 02/15/2013 15:59:55:770 0000085d    RhodesApplication| New UiState: MainActivityCreated
I/APP     ( 2141): I 02/15/2013 15:59:55:802 0000085d       RhodesActivity| onStart
I/APP     ( 2141): I 02/15/2013 15:59:55:806 0000085d    RhodesApplication| New UiState: MainActivityStarted
I/Process (   78): Sending signal. PID: 2141 SIG: 3
I/dalvikvm( 2141): threadid=3: reacting to signal 3
I/dalvikvm( 2141): Wrote stack traces to '/data/anr/traces.txt'
I/APP     ( 2141): I 02/15/2013 15:59:55:888 0000085d       RhodesActivity| onResume
I/APP     ( 2141): I 02/15/2013 15:59:55:891 0000085d AndroidFunctionality| Resume WebView
I/APP     ( 2141): I 02/15/2013 15:59:55:947 0000085d        RhodesService| onCreate
I/APP     ( 2141): I 02/15/2013 15:59:55:970 0000085d    LocalFileProvider| Revoke URI permissions: content:///com.rhomobile.macotec
W/ActivityManager(   78): No content provider found for permission revoke: content:///com.rhomobile.macotec
I/APP     ( 2141): I 02/15/2013 15:59:55:987 0000085d               Rhodes| Loading...
I/APP     ( 2141): I 02/15/2013 15:59:55:991 0000085d            RhodesApp| Trying to get free listening port.
I/APP     ( 2141): I 02/15/2013 15:59:56:010 0000085d            RhodesApp| Trying to bind of 8080 port...
I/APP     ( 2141): I 02/15/2013 15:59:56:013 0000085d            RhodesApp| Got port to bind on: 8080
I/APP     ( 2141): I 02/15/2013 15:59:56:031 0000085d            RhodesApp| Free listening port: 8080
I/APP     ( 2141): I 02/15/2013 15:59:56:029 00000873         AppCallbacks| Starting main routine...
I/APP     ( 2141): I 02/15/2013 15:59:56:045 00000873         AppCallbacks| ThreadQueue blocked for 4294967295 seconds...
I/APP     ( 2141): I 02/15/2013 15:59:56:107 0000085d        RhodesService| Push is disabled
I/APP     ( 2141): I 02/15/2013 15:59:56:140 0000085d            RhodesApp| callAppActiveCallback
I/APP     ( 2141): I 02/15/2013 15:59:56:143 0000085d         AppCallbacks| addCommand: APP-ACTIVATED
I/APP     ( 2141): I 02/15/2013 15:59:56:171 00000873         AppCallbacks| Received command APP-ACTIVATED which is greater than expected (LOCAL-SERVER-STARTED) - postpone it
I/APP     ( 2141): I 02/15/2013 15:59:56:172 00000873         AppCallbacks| ThreadQueue blocked for 4294967295 seconds...
I/APP     ( 2141): I 02/15/2013 15:59:56:190 0000085d         AppActivated| Cannot commit now, application will be activated when started.
I/APP     ( 2141): I 02/15/2013 15:59:56:194 0000085d    RhodesApplication| New AppState: Undefined
D/RhodesService( 2141): +++ onStartCommand
I/RhodesService( 2141): handleCommand: startId=1, source=com.rhomobile.rhodes.BaseActivity
I/APP     ( 2141): I 02/15/2013 15:59:56:211 00000875            RhodesApp| Starting RhodesApp main routine...
D/RhodesService( 2141): New activity was created
I/APP     ( 2141): I 02/15/2013 15:59:56:261 0000085d        RhodesService| onBind
I/APP     ( 2141): I 02/15/2013 15:59:56:322 0000085d         AppCallbacks| addCommand: UI-CREATED
I/APP     ( 2141): I 02/15/2013 15:59:56:386 00000873         AppCallbacks| Received command UI-CREATED which is greater than expected (LOCAL-SERVER-STARTED) - postpone it
I/APP     ( 2141): I 02/15/2013 15:59:56:421 00000873         AppCallbacks| ThreadQueue blocked for 4294967295 seconds...
I/Process (   78): Sending signal. PID: 2141 SIG: 3
I/dalvikvm( 2141): threadid=3: reacting to signal 3
I/dalvikvm( 2141): Wrote stack traces to '/data/anr/traces.txt'
I/Process (   78): Sending signal. PID: 2141 SIG: 3
I/dalvikvm( 2141): threadid=3: reacting to signal 3
V/PhoneStatusBar(  134): setLightsOn(true)
E/dalvikvm( 2141): Unable to open stack trace file '/data/anr/traces.txt': Permission denied
I/Process (   78): Sending signal. PID: 2141 SIG: 3
I/dalvikvm( 2141): threadid=3: reacting to signal 3
I/dalvikvm( 2141): Wrote stack traces to '/data/anr/traces.txt'
I/APP     ( 2141): I 02/15/2013 15:59:58:464 0000085d       RhodesActivity| onServiceConnected: {com.rhomobile.macotec/com.rhomobile.rhodes.RhodesService}
I/APP     ( 2141): I 02/15/2013 15:59:58:552 0000085d       RhodesActivity| New start parameters: 
I/APP     ( 2141): I 02/15/2013 15:59:58:611 0000085d            RhodesApp| New start params: 
I/Process (   78): Sending signal. PID: 2141 SIG: 3
I/dalvikvm( 2141): threadid=3: reacting to signal 3
I/dalvikvm( 2141): Wrote stack traces to '/data/anr/traces.txt'
I/Process (   78): Sending signal. PID: 2141 SIG: 3
I/dalvikvm( 2141): threadid=3: reacting to signal 3
D/gralloc_goldfish( 2141): Emulator without GPU emulation detected.
E/dalvikvm( 2141): Unable to open stack trace file '/data/anr/traces.txt': Permission denied
I/Process (   78): Sending signal. PID: 2141 SIG: 3
I/dalvikvm( 2141): threadid=3: reacting to signal 3
E/dalvikvm( 2141): Unable to open stack trace file '/data/anr/traces.txt': Permission denied
I/Process (   78): Sending signal. PID: 2141 SIG: 3
I/dalvikvm( 2141): threadid=3: reacting to signal 3
I/Process (   78): Sending signal. PID: 2141 SIG: 3
I/dalvikvm( 2141): Wrote stack traces to '/data/anr/traces.txt'
I/dalvikvm( 2141): threadid=3: reacting to signal 3
I/ActivityManager(   78): Displayed com.rhomobile.macotec/com.rhomobile.rhodes.RhodesActivity: +8s601ms
I/dalvikvm( 2141): Wrote stack traces to '/data/anr/traces.txt'
I/APP     ( 2141): I 02/15/2013 16:00:01:661 00000875              RhoRuby| Init_RhoBlobs: /data/data/com.rhomobile.macotec/rhodata/db/db-files
I/APP     ( 2141): I 02/15/2013 16:00:01:903 00000875              RhoRuby| require_compiled: rhoframework
W/NetworkManagementSocketTagger(   78): setKernelCountSet(10009, 0) failed with errno -2
I/APP     ( 2141): I 02/15/2013 16:00:02:093 00000875              RhoRuby| require_compiled: rational
I/APP     ( 2141): I 02/15/2013 16:00:02:130 00000875              RhoRuby| require_compiled: rhom/rhom_db_adapter
I/APP     ( 2141): I 02/15/2013 16:00:02:204 00000875              RhoRuby| require_compiled: rhodes
I/APP     ( 2141): I 02/15/2013 16:00:02:231 00000875              RhoRuby| require_compiled: rhom/rhom_object
I/APP     ( 2141): I 02/15/2013 16:00:02:264 00000875              RhoRuby| require_compiled: rhofsconnector
I/APP     ( 2141): I 02/15/2013 16:00:02:291 00000875              RhoRuby| require_compiled: rho/rhofsconnector
I/APP     ( 2141): I 02/15/2013 16:00:02:330 00000875              RhoRuby| require_compiled: rhom/rhom_object_factory
I/APP     ( 2141): I 02/15/2013 16:00:02:517 00000875              RhoRuby| require_compiled: rhom/rhom
I/APP     ( 2141): I 02/15/2013 16:00:02:574 00000875              RhoRuby| require_compiled: rhom/rhom_model
I/APP     ( 2141): I 02/15/2013 16:00:02:621 00000875              RhoRuby| require_compiled: rhom
I/APP     ( 2141): I 02/15/2013 16:00:02:627 00000875              RhoRuby| require_compiled: rho/rhoapplication
I/APP     ( 2141): I 02/15/2013 16:00:02:691 00000875              RhoRuby| require_compiled: rholang/localization_simplified
I/APP     ( 2141): I 02/15/2013 16:00:02:764 00000875              RhoRuby| require_compiled: rho/rhomsg
I/APP     ( 2141): I 02/15/2013 16:00:02:799 00000875              RhoRuby| require_compiled: rho/rhotabbar
I/APP     ( 2141): I 02/15/2013 16:00:02:840 00000875              RhoRuby| require_compiled: rho/rhotoolbar
I/APP     ( 2141): I 02/15/2013 16:00:02:879 00000875                  APP| Current locale: ; Country code: 
I/APP     ( 2141): I 02/15/2013 16:00:02:887 00000875                  APP| Locilized file: /data/data/com.rhomobile.macotec/rhodata/lib/rholang/lang_
I/APP     ( 2141): I 02/15/2013 16:00:02:919 00000875              RhoRuby| require_compiled: /data/data/com.rhomobile.macotec/rhodata/lib/rholang/lang_en
I/APP     ( 2141): I 02/15/2013 16:00:02:973 00000875                  APP| Locilized file: /data/data/com.rhomobile.macotec/rhodata/apps/app/lang/lang_
I/APP     ( 2141): I 02/15/2013 16:00:03:000 00000875              RhoRuby| require_compiled: /data/data/com.rhomobile.macotec/rhodata/apps/app/lang/lang_en
I/APP     ( 2141): I 02/15/2013 16:00:03:038 00000875                  APP| Locilized file: /data/data/com.rhomobile.macotec/rhodata/lib/rholang/rhoerror_
I/APP     ( 2141): I 02/15/2013 16:00:03:042 00000875              RhoRuby| require_compiled: /data/data/com.rhomobile.macotec/rhodata/lib/rholang/rhoerror_en
I/APP     ( 2141): I 02/15/2013 16:00:03:088 00000875                  APP| Locilized file: /data/data/com.rhomobile.macotec/rhodata/lib/rholang/rhomsg_
I/APP     ( 2141): I 02/15/2013 16:00:03:092 00000875              RhoRuby| require_compiled: /data/data/com.rhomobile.macotec/rhodata/lib/rholang/rhomsg_en
I/APP     ( 2141): I 02/15/2013 16:00:03:132 00000875              RhoRuby| require_compiled: indifferent_access
I/APP     ( 2141): I 02/15/2013 16:00:03:175 00000875              RhoRuby| require_compiled: rho/rhosupport
I/APP     ( 2141): I 02/15/2013 16:00:03:243 00000875              RhoRuby| require_compiled: rho/rhocontroller
I/APP     ( 2141): I 02/15/2013 16:00:03:287 00000875              RhoRuby| require_compiled: rho/render
I/APP     ( 2141): I 02/15/2013 16:00:03:351 00000875              RhoRuby| require_compiled: rho/rho
I/APP     ( 2141): I 02/15/2013 16:00:03:524 00000875              RhoRuby| require_compiled: rho/rhoerror
I/APP     ( 2141): I 02/15/2013 16:00:03:562 00000875              RhoRuby| require_compiled: rhom/rhom_source
I/APP     ( 2141): I 02/15/2013 16:00:03:609 00000875              RhoRuby| require_compiled: rho/rhoviewhelpers
I/APP     ( 2141): I 02/15/2013 16:00:03:651 00000875              RhoRuby| require_compiled: rho
I/APP     ( 2141): I 02/15/2013 16:00:03:656 00000875                  APP| RHO loaded
I/APP     ( 2141): I 02/15/2013 16:00:03:690 00000875                  APP| Calling RHO.initialize
I/APP     ( 2141): I 02/15/2013 16:00:03:718 00000875                  APP| model file: Settings/settings
I/APP     ( 2141): I 02/15/2013 16:00:03:722 00000875                  APP| model file: Product/product
I/APP     ( 2141): I 02/15/2013 16:00:03:746 00000875                  APP| model file: Request/request
I/APP     ( 2141): I 02/15/2013 16:00:03:751 00000875                   DB| Open DB: /data/data/com.rhomobile.macotec/rhodata/db/syncdbuser.sqlite
I/APP     ( 2141): I 02/15/2013 16:00:03:799 00000875          GeoLocation| Creating singleton instance.
I/APP     ( 2141): I 02/15/2013 16:00:03:802 00000875            RhodesApp| Starting sync engine...
I/APP     ( 2141): I 02/15/2013 16:00:03:833 00000875                 Sync| sync_poll_interval: 0
I/APP     ( 2141): I 02/15/2013 16:00:03:894 00000875                 Sync| syncserver: 
I/APP     ( 2141): I 02/15/2013 16:00:03:965 00000875                 Sync| bulksync_state: 0
I/APP     ( 2141): I 02/15/2013 16:00:04:011 00000875            RhodesApp| RhoRubyInitApp...
I/APP     ( 2141): I 02/15/2013 16:00:04:066 00000875                  APP| init_app
I/APP     ( 2141): I 02/15/2013 16:00:04:113 00000875              RhoRuby| require_compiled: application
I/APP     ( 2141): I 02/15/2013 16:00:04:279 00000875                 Sync| Set notification. Source ID: -1;Url :http://localhost:8080/app/Settings/sync_notify; Params: 
I/APP     ( 2141): I 02/15/2013 16:00:04:390 00000875           HttpServer| Start HTTP server
I/APP     ( 2141): I 02/15/2013 16:00:04:438 00000875           HttpServer| Listen for connections on port 8080
I/APP     ( 2141): I 02/15/2013 16:00:04:500 00000875         AppCallbacks| addCommand: LOCAL-SERVER-STARTED
I/APP     ( 2141): I 02/15/2013 16:00:04:545 00000873         AppCallbacks| process command: LOCAL-SERVER-STARTED
I/APP     ( 2141): I 02/15/2013 16:00:04:580 00000873 RhodesAppActiveObserver| Ready
I/APP     ( 2141): I 02/15/2013 16:00:04:706 0000085d AndroidFunctionality| Disable WebView zoom
I/APP     ( 2141): I 02/15/2013 16:00:04:746 0000085d AndroidFunctionality| Set web plugins state 'OFF'
I/APP     ( 2141): I 02/15/2013 16:00:04:840 00000873    RhodesApplication| New AppState: AppActivated
I/APP     ( 2141): I 02/15/2013 16:00:04:885 00000873         AppCallbacks| process command: UI-CREATED
I/APP     ( 2141): I 02/15/2013 16:00:05:184 00000875           HttpServer| Process URI: '/system/uicreated'
I/APP     ( 2141): I 02/15/2013 16:00:05:268 00000875                  APP| on_ui_created.navigate to start url: '/app'
I/APP     ( 2141): I 02/15/2013 16:00:05:407 0000085d         SplashScreen| navigate: url=http://localhost:8080/app
I/APP     ( 2141): I 02/15/2013 16:00:05:466 0000085d         SplashScreen| DELAY for SplashScreen = 0
I/APP     ( 2141): I 02/15/2013 16:00:05:695 00000873         AppCallbacks| process command: APP-ACTIVATED
I/APP     ( 2141): I 02/15/2013 16:00:05:960 0000085d        GoogleWebView| Creating new RhoWebChromeClient
I/APP     ( 2141): I 02/15/2013 16:00:06:067 00000875           HttpServer| Process URI: '/system/activateapp'
I/APP     ( 2141): I 02/15/2013 16:00:06:241 00000873         AppCallbacks| ThreadQueue blocked for 4294967295 seconds...
I/APP     ( 2141): I 02/15/2013 16:00:06:306 0000085d       SimpleMainView| Cleared URL: http://localhost:8080/app
V/SimpleMainView.View( 2141): ms[1360940406608]  Main Window :: onSizeChanged() old [ 480 x 762 ]  new [ 0 x 0 ]
I/APP     ( 2141): I 02/15/2013 16:00:06:944 0000085d        GoogleWebView| Setting RhoWebChromeClient
I/APP     ( 2141): I 02/15/2013 16:00:07:372 00000875           HttpServer| Process URI: '/app'
I/APP     ( 2141): I 02/15/2013 16:00:07:670 0000085d     RhoWebViewClient| Loading URL: http://localhost:8080/app/index_erb.iseq
I/APP     ( 2141): I 02/15/2013 16:00:07:881 00000875           HttpServer| Process URI: '/app/index_erb.iseq'
I/APP     ( 2141): I 02/15/2013 16:00:08:063 00000875                  APP| RHO serve_index: /app/index_erb.iseq
I/APP     ( 2141): I 02/15/2013 16:00:08:221 00000875 RHO Rho::RhoController| inst_render_index
I/APP     ( 2141): I 02/15/2013 16:00:08:600 00000875 RHO Rho::RhoController| index layout
I/APP     ( 2141): I 02/15/2013 16:00:08:909 00000875           HttpServer| GC Start.
I/APP     ( 2141): I 02/15/2013 16:00:09:017 00000875           HttpServer| GC End.
I/APP     ( 2141): I 02/15/2013 16:00:09:143 00000875           HttpServer| Process URI: '/public/js/request.js'
I/APP     ( 2141): I 02/15/2013 16:00:09:260 00000875           HttpServer| Process URI: '/public/jquery/jquery-1.6.4.min.js'
I/APP     ( 2141): I 02/15/2013 16:00:09:331 00000875           HttpServer| Process URI: '/public/jquery/jquery.json-2.3.min.js'
I/APP     ( 2141): I 02/15/2013 16:00:09:391 00000875           HttpServer| Process URI: '/public/jqmobile/jquery.mobile-1.0.1.min.css'
I/APP     ( 2141): I 02/15/2013 16:00:09:470 00000875           HttpServer| Process URI: '/public/css/jqmobile-patch.css'
I/APP     ( 2141): I 02/15/2013 16:00:09:509 00000875           HttpServer| Process URI: '/public/jqmobile/jquery.mobile-1.0.1.min.js'
I/APP     ( 2141): I 02/15/2013 16:00:09:603 00000875           HttpServer| Process URI: '/public/js/jqmobile-patch.js'
I/APP     ( 2141): I 02/15/2013 16:00:09:654 00000875           HttpServer| Process URI: '/public/css/macotec_style.css'
D/dalvikvm(  167): GC_CONCURRENT freed 384K, 6% free 9533K/10119K, paused 5ms+4ms
I/APP     ( 2141): I 02/15/2013 16:00:13:079 00000875           HttpServer| Process URI: '/public/images/macotec/logo.png'
I/APP     ( 2141): I 02/15/2013 16:00:13:887 00000875           HttpServer| Process URI: '/public/images/macotec/request_top.png'
I/APP     ( 2141): I 02/15/2013 16:00:14:006 00000875           HttpServer| Process URI: '/public/images/macotec/contact_png.png'
I/APP     ( 2141): I 02/15/2013 16:00:14:049 00000875           HttpServer| Process URI: '/public/images/macotec/products_png.png'
I/APP     ( 2141): I 02/15/2013 16:00:14:077 00000875           HttpServer| Process URI: '/public/images/macotec/info_png.png'
I/APP     ( 2141): I 02/15/2013 16:00:16:108 00000875           HttpServer| Process URI: '/app/Request/submit_wrong_data'
I/APP     ( 2141): I 02/15/2013 16:00:16:114 00000875                  APP| RHO serve: /app/Request/submit_wrong_data
I/APP     ( 2141): I 02/15/2013 16:00:16:144 00000875              RhoRuby| require_compiled: Request/request_controller
I/APP     ( 2141): I 02/15/2013 16:00:16:213 00000875              RhoRuby| require_compiled: helpers/browser_helper
I/APP     ( 2141): I 02/15/2013 16:00:16:241 00000875              RhoRuby| require_compiled: time
I/APP     ( 2141): I 02/15/2013 16:00:16:472 00000875              RhoRuby| require_compiled: date/format
I/APP     ( 2141): I 02/15/2013 16:00:17:453 00000875              RhoRuby| require_compiled: date
I/APP     ( 2141): I 02/15/2013 16:00:17:583 00000875              RhoRuby| require_compiled: dateOrig
I/APP     ( 2141): E 02/15/2013 16:00:18:418 00000875               RubyVM| lib/date.rb:14: warning: already initialized constant MONTHNAMES
I/APP     ( 2141): E 02/15/2013 16:00:18:485 00000875               RubyVM| lib/date.rb:15: warning: already initialized constant ABBR_MONTHNAMES
I/APP     ( 2141): E 02/15/2013 16:00:18:544 00000875               RubyVM| lib/date.rb:16: warning: already initialized constant DAYNAMES
I/APP     ( 2141): E 02/15/2013 16:00:18:576 00000875               RubyVM| lib/date.rb:17: warning: already initialized constant ABBR_DAYNAMES
I/APP     ( 2141): I 02/15/2013 16:00:18:645 00000875              RhoRuby| require_compiled: json
I/APP     ( 2141): I 02/15/2013 16:00:18:740 00000875              RhoRuby| require_compiled: json/common
I/APP     ( 2141): I 02/15/2013 16:00:19:251 00000875              RhoRuby| require_compiled: json/version
I/APP     ( 2141): I 02/15/2013 16:00:19:487 00000875              RhoRuby| require_compiled: json/pure
D/dalvikvm( 2141): GC_CONCURRENT freed 963K, 8% free 12436K/13511K, paused 57ms+49ms
D/webviewglue( 2141): nativeDestroy view: 0x298720
I/APP     ( 2141): I 02/15/2013 16:00:20:066 00000875              RhoRuby| require_compiled: json/pure/generator
I/APP     ( 2141): I 02/15/2013 16:00:20:613 00000875 RHO RequestController| Layout file: /data/data/com.rhomobile.macotec/rhodata/apps/app/layout_erb.iseq. Content size: 3063
I/APP     ( 2141): I 02/15/2013 16:00:20:772 00000875           HttpServer| GC Start.
I/APP     ( 2141): I 02/15/2013 16:00:21:031 00000875           HttpServer| GC End.
I/APP     ( 2141): I 02/15/2013 16:00:21:450 00000875           HttpServer| Process URI: '/favicon.ico'
I/APP     ( 2141): E 02/15/2013 16:00:21:451 00000875           HttpServer| The file /favicon.ico was not found
I/APP     ( 2141): E 02/15/2013 16:00:26:101 00000875           HttpServer| Connection gracefully closed before we send any data
I/APP     ( 2141): E 02/15/2013 16:00:26:118 00000875           HttpServer| Parsing error
I/APP     ( 2141): E 02/15/2013 16:00:26:136 00000875           HttpServer| Connection gracefully closed before we send any data
I/APP     ( 2141): E 02/15/2013 16:00:26:141 00000875           HttpServer| Parsing error
W/webview ( 2141): Stale touch event ACTION_DOWN received from webcore; ignoring
W/webview ( 2141): Stale touch event ACTION_DOWN received from webcore; ignoring
I/APP     ( 2141): I 02/15/2013 16:03:55:390 00000875           HttpServer| Process URI: '/app/Request/request'
I/APP     ( 2141): I 02/15/2013 16:03:55:395 00000875                  APP| RHO serve: /app/Request/request
I/APP     ( 2141): I 02/15/2013 16:03:55:545 00000875           HttpServer| GC Start.
I/APP     ( 2141): I 02/15/2013 16:03:55:618 00000875           HttpServer| GC End.
I/APP     ( 2141): I 02/15/2013 16:03:56:127 00000875           HttpServer| Process URI: '/public/images/macotec/forklifter_full.png'
I/APP     ( 2141): I 02/15/2013 16:03:56:185 00000875           HttpServer| Process URI: '/public/images/macotec/request_contract.png'
I/APP     ( 2141): I 02/15/2013 16:03:56:298 00000875           HttpServer| Process URI: '/public/jqmobile/images/icons-36-white.png'
E/libEGL  ( 2141): call to OpenGL ES API with no current context (logged once per thread)
D/ShaderProgram( 2141): couldn't load the vertex shader!
E/libEGL  ( 2141): call to OpenGL ES API with no current context (logged once per thread)
D/ShaderProgram( 2141): couldn't load the vertex shader!
E/libEGL  ( 2141): call to OpenGL ES API with no current context (logged once per thread)
D/ShaderProgram( 2141): couldn't load the vertex shader!
E/libEGL  ( 2141): call to OpenGL ES API with no current context (logged once per thread)
D/ShaderProgram( 2141): couldn't load the vertex shader!
E/libEGL  ( 2141): call to OpenGL ES API with no current context (logged once per thread)
D/ShaderProgram( 2141): couldn't load the vertex shader!
I/APP     ( 2141): I 02/15/2013 16:04:03:723 00000875           HttpServer| Process URI: '/app/Request/request_rental'
I/APP     ( 2141): I 02/15/2013 16:04:03:725 00000875                  APP| RHO serve: /app/Request/request_rental
I/APP     ( 2141): I 02/15/2013 16:04:03:752 00000875                  APP| const_missing: Product
I/APP     ( 2141): I 02/15/2013 16:04:03:773 00000875                  APP| load_model: Product
I/APP     ( 2141): I 02/15/2013 16:04:03:825 00000875              RhoRuby| require_compiled: Product/product
I/APP     ( 2141): I 02/15/2013 16:04:03:995 00000875                  APP| model name: Product
I/APP     ( 2141): I 02/15/2013 16:04:04:019 00000875                  APP| model class found
I/APP     ( 2141): I 02/15/2013 16:04:04:048 00000875                  APP| Product : {"property"=>{}}
I/APP     ( 2141): I 02/15/2013 16:04:04:082 00000875                   DB| Open DB: /data/data/com.rhomobile.macotec/rhodata/db/syncdblocal.sqlite
I/APP     ( 2141): I 02/15/2013 16:04:04:147 00000875                  APP| init_db_sources
I/APP     ( 2141): I 02/15/2013 16:04:04:274 00000875                  APP| start_id: 40005
I/APP     ( 2141): I 02/15/2013 16:04:04:278 00000875                  APP| Migrate schema sources: {}
I/APP     ( 2141): I 02/15/2013 16:04:04:348 00000875                  APP| const_missing: Settings
I/APP     ( 2141): I 02/15/2013 16:04:04:373 00000875                  APP| load_model: Settings
I/APP     ( 2141): I 02/15/2013 16:04:04:413 00000875              RhoRuby| require_compiled: Settings/settings
I/APP     ( 2141): I 02/15/2013 16:04:04:457 00000875                  APP| model name: Settings
I/APP     ( 2141): I 02/15/2013 16:04:04:482 00000875                  APP| model class found
I/APP     ( 2141): I 02/15/2013 16:04:04:487 00000875                  APP| Settings : {"schema"=>{"property"=>{"company"=>[:string, nil], "phone"=>[:string, nil], "email"=>[:string, nil]}}}
I/APP     ( 2141): I 02/15/2013 16:04:04:531 00000875                  APP| init_db_sources
I/APP     ( 2141): I 02/15/2013 16:04:04:534 00000875                  APP| start_id: 40005
I/APP     ( 2141): I 02/15/2013 16:04:04:569 00000875                  APP| Migrate schema sources: {}
I/APP     ( 2141): I 02/15/2013 16:04:04:780 00000875           HttpServer| GC Start.
I/APP     ( 2141): I 02/15/2013 16:04:04:853 00000875           HttpServer| GC End.
I/APP     ( 2141): I 02/15/2013 16:04:17:091 00000875           HttpServer| Process URI: '/app/Request/submit_request_rental'
I/APP     ( 2141): I 02/15/2013 16:04:17:181 00000875                  APP| RHO serve: /app/Request/submit_request_rental
I/APP     ( 2141): I 02/15/2013 16:04:17:437 00000875                  APP| Params: {"product"=>"nothing", "rental_begin"=>"", "operation_period"=>"", "amount_product"=>"", "location"=>"", "information"=>"", "company"=>"Datenloft", "phone"=>"23423234", "email"=>"oliver@nase.de"}
I/APP     ( 2141): I 02/15/2013 16:04:17:615 00000875            AsyncHttp| addCommand: POST
I/APP     ( 2141): I 02/15/2013 16:04:17:737 00000880            AsyncHttp| Starting main routine...
I/APP     ( 2141): I 02/15/2013 16:04:17:863 00000880                  Net| POST request (Pull): http://www.datenloft.com/macotec/send_request_rental_test.php
I/APP     ( 2141): I 02/15/2013 16:04:18:066 00000875           HttpServer| GC Start.
I/APP     ( 2141): I 02/15/2013 16:04:18:490 00000875           HttpServer| GC End.
I/APP     ( 2141): I 02/15/2013 16:04:18:942 00000875           HttpServer| Process URI: '/app/Request/http_callback'
I/APP     ( 2141): I 02/15/2013 16:04:19:001 00000875                  APP| RHO serve: /app/Request/http_callback
I/APP     ( 2141): I 02/15/2013 16:04:19:288 00000875                  APP| Params: {"rho_callback"=>"1", "status"=>"ok", "http_error"=>"200", "headers"=>{"Content-Type"=>"application/x-www-form-urlencoded", "User-Agent"=>"Mozilla-5.0 (ANDROID; unknown generic; 4.0.4)", "charset"=>"UTF-8", "connection"=>"Keep-Alive", "content-type"=>"text/html; charset=utf-8", "date"=>"Fri, 15 Feb 2013 15:04:19 GMT", "keep-alive"=>"timeout=3, max=100", "server"=>"Apache/2.2.21 (Unix) mod_ssl/2.2.21 OpenSSL/0.9.8r", "transfer-encoding"=>"chunked", "x-powered-by"=>"PHP/5.2.17"}, "__rho_object"=>{"body"=>"0"}}
I/APP     ( 2141): I 02/15/2013 16:04:23:386 00000875                  APP| ######################### {"result"=>"FAILED", "message"=>""}
I/APP     ( 2141): I 02/15/2013 16:04:23:394 0000085d       SimpleMainView| Cleared URL: http://localhost:8080/app/Request/submit_failed?result=FAILED&message=
I/APP     ( 2141): I 02/15/2013 16:04:23:464 00000880            AsyncHttp| ThreadQueue blocked for 4294967295 seconds...
I/APP     ( 2141): I 02/15/2013 16:04:23:467 00000875           HttpServer| GC Start.
I/APP     ( 2141): I 02/15/2013 16:04:23:509 00000875           HttpServer| GC End.
I/APP     ( 2141): E 02/15/2013 16:04:23:512 00000875           HttpServer| Connection gracefully closed before we send any data
I/APP     ( 2141): E 02/15/2013 16:04:23:542 00000875           HttpServer| Parsing error
I/APP     ( 2141): I 02/15/2013 16:04:23:549 00000875           HttpServer| Process URI: '/app/Request/submit_failed'
I/APP     ( 2141): I 02/15/2013 16:04:23:570 00000875                  APP| RHO serve: /app/Request/submit_failed
I/APP     ( 2141): I 02/15/2013 16:04:23:602 00000875                  APP| Params: {"result"=>"FAILED", "message"=>""}
I/APP     ( 2141): I 02/15/2013 16:04:23:664 00000875 RHO RequestController| Layout file: /data/data/com.rhomobile.macotec/rhodata/apps/app/layout_erb.iseq. Content size: 3342
I/APP     ( 2141): I 02/15/2013 16:04:23:709 00000875           HttpServer| GC Start.
I/APP     ( 2141): I 02/15/2013 16:04:23:753 00000875           HttpServer| GC End.
I/APP     ( 2141): I 02/15/2013 16:04:24:810 00000875           HttpServer| Process URI: '/public/images/macotec/failed_smiley.png'
I/APP     ( 2141): I 02/15/2013 16:04:41:729 0000085d       SimpleMainView| Cleared URL: http://localhost:8080/app
I/APP     ( 2141): I 02/15/2013 16:04:41:787 0000085d     RhoWebViewClient| Loading URL: http://localhost:8080/app/index_erb.iseq
I/APP     ( 2141): I 02/15/2013 16:04:41:819 00000875           HttpServer| Process URI: '/app/index_erb.iseq'
I/APP     ( 2141): I 02/15/2013 16:04:41:824 00000875                  APP| RHO serve_index: /app/index_erb.iseq
I/APP     ( 2141): I 02/15/2013 16:04:41:837 00000875 RHO Rho::RhoController| inst_render_index
I/APP     ( 2141): I 02/15/2013 16:04:41:890 00000875 RHO Rho::RhoController| index layout
I/APP     ( 2141): I 02/15/2013 16:04:41:964 00000875           HttpServer| GC Start.
I/APP     ( 2141): I 02/15/2013 16:04:42:010 00000875           HttpServer| GC End.
I/APP     ( 2141): I 02/15/2013 16:05:03:383 00000875           HttpServer| Process URI: '/app/Request/request'
I/APP     ( 2141): I 02/15/2013 16:05:03:387 00000875                  APP| RHO serve: /app/Request/request
I/APP     ( 2141): I 02/15/2013 16:05:03:512 00000875           HttpServer| GC Start.
I/APP     ( 2141): I 02/15/2013 16:05:03:582 00000875           HttpServer| GC End.
I/APP     ( 2141): I 02/15/2013 16:05:06:065 00000875           HttpServer| Process URI: '/app/Request/request_project'
I/APP     ( 2141): I 02/15/2013 16:05:06:067 00000875                  APP| RHO serve: /app/Request/request_project
I/APP     ( 2141): I 02/15/2013 16:05:06:265 00000875           HttpServer| GC Start.
I/APP     ( 2141): I 02/15/2013 16:05:06:335 00000875           HttpServer| GC End.
I/APP     ( 2141): I 02/15/2013 16:05:20:759 00000875           HttpServer| Process URI: '/app/Request/submit_request_project'
I/APP     ( 2141): I 02/15/2013 16:05:20:761 00000875                  APP| RHO serve: /app/Request/submit_request_project
I/APP     ( 2141): I 02/15/2013 16:05:20:796 00000875                  APP| Params: {"project_number"=>"", "information"=>"", "company"=>"Datenloft", "phone"=>"23423234", "email"=>"oliver@nase.de"}
I/APP     ( 2141): I 02/15/2013 16:05:20:806 00000875            AsyncHttp| addCommand: POST
I/APP     ( 2141): I 02/15/2013 16:05:20:839 00000880                  Net| POST request (Pull): http://www.datenloft.com/macotec/send_request_project_test.php
I/APP     ( 2141): I 02/15/2013 16:05:20:916 00000875           HttpServer| GC Start.
I/APP     ( 2141): I 02/15/2013 16:05:20:976 00000875           HttpServer| GC End.
I/APP     ( 2141): I 02/15/2013 16:05:21:169 00000875           HttpServer| Process URI: '/app/Request/http_callback'
I/APP     ( 2141): I 02/15/2013 16:05:21:171 00000875                  APP| RHO serve: /app/Request/http_callback
I/APP     ( 2141): I 02/15/2013 16:05:21:221 00000875                  APP| Params: {"rho_callback"=>"1", "status"=>"ok", "http_error"=>"200", "headers"=>{"Content-Type"=>"application/x-www-form-urlencoded", "User-Agent"=>"Mozilla-5.0 (ANDROID; unknown generic; 4.0.4)", "charset"=>"UTF-8", "connection"=>"Keep-Alive", "content-type"=>"text/html; charset=utf-8", "date"=>"Fri, 15 Feb 2013 15:05:22 GMT", "keep-alive"=>"timeout=3, max=100", "server"=>"Apache/2.2.21 (Unix) mod_ssl/2.2.21 OpenSSL/0.9.8r", "transfer-encoding"=>"chunked", "x-powered-by"=>"PHP/5.2.17"}, "__rho_object"=>{"body"=>"0"}}
I/APP     ( 2141): I 02/15/2013 16:05:25:229 00000875                  APP| ######################### {"result"=>"SUCCESS", "message"=>""}
I/APP     ( 2141): I 02/15/2013 16:05:25:258 0000085d       SimpleMainView| Cleared URL: http://localhost:8080/app/Request/submit_success?result=SUCCESS&message=
I/APP     ( 2141): I 02/15/2013 16:05:25:307 00000880            AsyncHttp| ThreadQueue blocked for 4294967295 seconds...
I/APP     ( 2141): I 02/15/2013 16:05:25:312 00000875           HttpServer| GC Start.
I/APP     ( 2141): I 02/15/2013 16:05:25:357 00000875           HttpServer| GC End.
I/APP     ( 2141): E 02/15/2013 16:05:25:361 00000875           HttpServer| Connection gracefully closed before we send any data
I/APP     ( 2141): E 02/15/2013 16:05:25:395 00000875           HttpServer| Parsing error
I/APP     ( 2141): I 02/15/2013 16:05:25:400 00000875           HttpServer| Process URI: '/app/Request/submit_success'
I/APP     ( 2141): I 02/15/2013 16:05:25:426 00000875                  APP| RHO serve: /app/Request/submit_success
I/APP     ( 2141): I 02/15/2013 16:05:25:433 00000875                  APP| Params: {"result"=>"SUCCESS", "message"=>""}
I/APP     ( 2141): I 02/15/2013 16:05:25:502 00000875 RHO RequestController| Layout file: /data/data/com.rhomobile.macotec/rhodata/apps/app/layout_erb.iseq. Content size: 3150
I/APP     ( 2141): I 02/15/2013 16:05:25:550 00000875           HttpServer| GC Start.
I/APP     ( 2141): I 02/15/2013 16:05:25:592 00000875           HttpServer| GC End.
I/APP     ( 2141): I 02/15/2013 16:05:26:405 00000875           HttpServer| Process URI: '/public/images/macotec/success.png'
I/APP     ( 2141): I 02/15/2013 16:05:39:847 0000085d       SimpleMainView| Cleared URL: http://localhost:8080/app
I/APP     ( 2141): I 02/15/2013 16:05:39:887 0000085d     RhoWebViewClient| Loading URL: http://localhost:8080/app/index_erb.iseq
I/APP     ( 2141): I 02/15/2013 16:05:39:918 00000875           HttpServer| Process URI: '/app/index_erb.iseq'
I/APP     ( 2141): I 02/15/2013 16:05:39:921 00000875                  APP| RHO serve_index: /app/index_erb.iseq
I/APP     ( 2141): I 02/15/2013 16:05:39:922 00000875 RHO Rho::RhoController| inst_render_index
I/APP     ( 2141): I 02/15/2013 16:05:40:003 00000875 RHO Rho::RhoController| index layout
I/APP     ( 2141): I 02/15/2013 16:05:40:075 00000875           HttpServer| GC Start.
I/APP     ( 2141): I 02/15/2013 16:05:40:115 00000875           HttpServer| GC End.
I/APP     ( 2141): I 02/15/2013 16:05:44:632 00000875           HttpServer| Process URI: '/app/Menu/contact'
I/APP     ( 2141): I 02/15/2013 16:05:44:634 00000875                  APP| RHO serve: /app/Menu/contact
I/APP     ( 2141): I 02/15/2013 16:05:44:637 00000875              RhoRuby| require_compiled: Menu/menu_controller
I/APP     ( 2141): I 02/15/2013 16:05:44:773 00000875           HttpServer| GC Start.
I/APP     ( 2141): I 02/15/2013 16:05:44:864 00000875           HttpServer| GC End.
I/APP     ( 2141): I 02/15/2013 16:05:45:267 00000875           HttpServer| Process URI: '/public/images/macotec/phone_png.png'
I/APP     ( 2141): I 02/15/2013 16:05:45:325 00000875           HttpServer| Process URI: '/public/images/macotec/mail_png.png'
I/APP     ( 2141): I 02/15/2013 16:05:45:333 00000875           HttpServer| Process URI: '/public/images/macotec/web_png.png'
I/APP     ( 2141): I 02/15/2013 16:05:49:128 00000875           HttpServer| Process URI: '/app/index_erb.iseq'
I/APP     ( 2141): I 02/15/2013 16:05:49:133 00000875                  APP| RHO serve_index: /app/index_erb.iseq
I/APP     ( 2141): I 02/15/2013 16:05:49:161 00000875 RHO Rho::RhoController| inst_render_index
I/APP     ( 2141): I 02/15/2013 16:05:49:268 00000875           HttpServer| GC Start.
I/APP     ( 2141): I 02/15/2013 16:05:49:310 00000875           HttpServer| GC End.
W/ThrottleService(   78): unable to find stats for iface rmnet0
D/dalvikvm(   78): GC_CONCURRENT freed 438K, 15% free 11319K/13255K, paused 5ms+24ms
I/APP     ( 2141): I 02/15/2013 16:05:53:056 00000875           HttpServer| Process URI: '/app/Request/request'
I/APP     ( 2141): I 02/15/2013 16:05:53:057 00000875                  APP| RHO serve: /app/Request/request
I/APP     ( 2141): I 02/15/2013 16:05:53:178 00000875           HttpServer| GC Start.
I/APP     ( 2141): I 02/15/2013 16:05:53:239 00000875           HttpServer| GC End.
I/APP     ( 2141): I 02/15/2013 16:05:56:619 00000875           HttpServer| Process URI: '/app/index_erb.iseq'
I/APP     ( 2141): I 02/15/2013 16:05:56:621 00000875                  APP| RHO serve_index: /app/index_erb.iseq
I/APP     ( 2141): I 02/15/2013 16:05:56:651 00000875 RHO Rho::RhoController| inst_render_index
I/APP     ( 2141): I 02/15/2013 16:05:56:751 00000875           HttpServer| GC Start.
I/APP     ( 2141): I 02/15/2013 16:05:56:791 00000875           HttpServer| GC End.
I/APP     ( 2141): I 02/15/2013 16:05:59:956 00000875           HttpServer| Process URI: '/app/Menu/info'
I/APP     ( 2141): I 02/15/2013 16:05:59:958 00000875                  APP| RHO serve: /app/Menu/info
