I/APP     ( 4231): I 02/06/2013 15:14:05:979 0000109e                  APP| RHO serve: /app/Menu/contact
I/APP     ( 4231): I 02/06/2013 15:14:06:058 0000109e           HttpServer| GC Start.
I/APP     ( 4231): I 02/06/2013 15:14:06:147 0000109e           HttpServer| GC End.
I/APP     ( 4231): I 02/06/2013 15:14:06:203 0000109e           HttpServer| Process URI: '/favicon.ico'
I/APP     ( 4231): E 02/06/2013 15:14:06:209 0000109e           HttpServer| The file /favicon.ico was not found
I/APP     ( 4231): I 02/06/2013 15:14:39:952 0000109e           HttpServer| Process URI: '/app/index_erb.iseq'
I/APP     ( 4231): I 02/06/2013 15:14:39:970 0000109e                  APP| RHO serve_index: /app/index_erb.iseq
I/APP     ( 4231): I 02/06/2013 15:14:39:976 0000109e RHO Rho::RhoController| inst_render_index
I/APP     ( 4231): I 02/06/2013 15:14:40:070 0000109e           HttpServer| GC Start.
I/APP     ( 4231): I 02/06/2013 15:14:40:153 0000109e           HttpServer| GC End.
I/APP     ( 4231): I 02/06/2013 15:14:40:159 0000109e           HttpServer| Process URI: '/favicon.ico'
I/APP     ( 4231): E 02/06/2013 15:14:40:218 0000109e           HttpServer| The file /favicon.ico was not found
I/APP     ( 4231): I 02/06/2013 15:14:42:620 0000109e           HttpServer| Process URI: '/app/Request/request'
I/APP     ( 4231): I 02/06/2013 15:14:42:625 0000109e                  APP| RHO serve: /app/Request/request
I/APP     ( 4231): I 02/06/2013 15:14:42:732 0000109e           HttpServer| GC Start.
I/APP     ( 4231): I 02/06/2013 15:14:42:820 0000109e           HttpServer| GC End.
I/APP     ( 4231): I 02/06/2013 15:14:42:861 0000109e           HttpServer| Process URI: '/favicon.ico'
I/APP     ( 4231): E 02/06/2013 15:14:42:885 0000109e           HttpServer| The file /favicon.ico was not found
I/APP     ( 4231): I 02/06/2013 15:14:44:381 0000109e           HttpServer| Process URI: '/app/Request/request_rental'
I/APP     ( 4231): I 02/06/2013 15:14:44:389 0000109e                  APP| RHO serve: /app/Request/request_rental
I/APP     ( 4231): I 02/06/2013 15:14:44:489 0000109e           HttpServer| GC Start.
I/APP     ( 4231): I 02/06/2013 15:14:44:576 0000109e           HttpServer| GC End.
I/APP     ( 4231): I 02/06/2013 15:14:44:618 0000109e           HttpServer| Process URI: '/favicon.ico'
I/APP     ( 4231): E 02/06/2013 15:14:44:650 0000109e           HttpServer| The file /favicon.ico was not found
I/APP     ( 4231): I 02/06/2013 15:14:48:551 0000109e           HttpServer| Process URI: '/favicon.ico'
I/APP     ( 4231): E 02/06/2013 15:14:48:552 0000109e           HttpServer| The file /favicon.ico was not found
I/APP     ( 4231): I 02/06/2013 15:14:48:635 0000109e           HttpServer| Process URI: '/app/Request/request'
I/APP     ( 4231): I 02/06/2013 15:14:48:648 0000109e                  APP| RHO serve: /app/Request/request
I/APP     ( 4231): I 02/06/2013 15:14:48:730 0000109e           HttpServer| GC Start.
I/APP     ( 4231): I 02/06/2013 15:14:48:823 0000109e           HttpServer| GC End.
I/APP     ( 4231): I 02/06/2013 15:14:49:768 0000109e           HttpServer| Process URI: '/app/Request/request_project'
I/APP     ( 4231): I 02/06/2013 15:14:49:795 0000109e                  APP| RHO serve: /app/Request/request_project
I/APP     ( 4231): I 02/06/2013 15:14:49:862 0000109e           HttpServer| GC Start.
I/APP     ( 4231): I 02/06/2013 15:14:49:953 0000109e           HttpServer| GC End.
I/APP     ( 4231): I 02/06/2013 15:14:49:978 0000109e           HttpServer| Process URI: '/favicon.ico'
I/APP     ( 4231): E 02/06/2013 15:14:50:002 0000109e           HttpServer| The file /favicon.ico was not found
I/APP     ( 4231): I 02/06/2013 15:14:52:423 0000109e           HttpServer| Process URI: '/favicon.ico'
I/APP     ( 4231): E 02/06/2013 15:14:52:425 0000109e           HttpServer| The file /favicon.ico was not found
I/APP     ( 4231): I 02/06/2013 15:14:52:514 0000109e           HttpServer| Process URI: '/app/Request/request'
I/APP     ( 4231): I 02/06/2013 15:14:52:523 0000109e                  APP| RHO serve: /app/Request/request
I/APP     ( 4231): I 02/06/2013 15:14:52:609 0000109e           HttpServer| GC Start.
I/APP     ( 4231): I 02/06/2013 15:14:52:672 0000109e           HttpServer| GC End.
I/APP     ( 4231): I 02/06/2013 15:14:53:752 0000109e           HttpServer| Process URI: '/app/Request/request_rental'
I/APP     ( 4231): I 02/06/2013 15:14:53:790 0000109e                  APP| RHO serve: /app/Request/request_rental
I/APP     ( 4231): I 02/06/2013 15:14:53:877 0000109e           HttpServer| GC Start.
I/APP     ( 4231): I 02/06/2013 15:14:53:958 0000109e           HttpServer| GC End.
I/APP     ( 4231): I 02/06/2013 15:14:54:007 0000109e           HttpServer| Process URI: '/favicon.ico'
I/APP     ( 4231): E 02/06/2013 15:14:54:037 0000109e           HttpServer| The file /favicon.ico was not found
I/APP     ( 4231): I 02/06/2013 15:14:54:600 0000109e           HttpServer| Process URI: '/favicon.ico'
I/APP     ( 4231): E 02/06/2013 15:14:54:619 0000109e           HttpServer| The file /favicon.ico was not found
I/APP     ( 4231): I 02/06/2013 15:14:54:684 0000109e           HttpServer| Process URI: '/app/Request/request'
I/APP     ( 4231): I 02/06/2013 15:14:54:706 0000109e                  APP| RHO serve: /app/Request/request
I/APP     ( 4231): I 02/06/2013 15:14:54:765 0000109e           HttpServer| GC Start.
I/APP     ( 4231): I 02/06/2013 15:14:54:848 0000109e           HttpServer| GC End.
I/APP     ( 4231): I 02/06/2013 15:14:55:544 0000109e           HttpServer| Process URI: '/favicon.ico'
I/APP     ( 4231): E 02/06/2013 15:14:55:546 0000109e           HttpServer| The file /favicon.ico was not found
I/APP     ( 4231): I 02/06/2013 15:14:57:941 0000109e           HttpServer| Process URI: '/app/Product'
I/APP     ( 4231): I 02/06/2013 15:14:57:963 0000109e                  APP| RHO serve: /app/Product
I/APP     ( 4231): I 02/06/2013 15:14:58:044 0000109e           HttpServer| GC Start.
I/APP     ( 4231): I 02/06/2013 15:14:58:139 0000109e           HttpServer| GC End.
I/APP     ( 4231): I 02/06/2013 15:14:58:177 0000109e           HttpServer| Process URI: '/favicon.ico'
I/APP     ( 4231): E 02/06/2013 15:14:58:184 0000109e           HttpServer| The file /favicon.ico was not found
I/APP     ( 4231): I 02/06/2013 15:14:59:831 0000109e           HttpServer| Process URI: '/app/Product/sub_categories'
I/APP     ( 4231): I 02/06/2013 15:14:59:864 0000109e                  APP| RHO serve: /app/Product/sub_categories
I/APP     ( 4231): I 02/06/2013 15:14:59:901 0000109e                  APP| Params: {"product"=>"gelaendestapler"}
I/APP     ( 4231): I 02/06/2013 15:14:59:973 0000109e           HttpServer| GC Start.
I/APP     ( 4231): I 02/06/2013 15:15:00:121 0000109e           HttpServer| GC End.
I/APP     ( 4231): I 02/06/2013 15:15:00:183 0000109e           HttpServer| Process URI: '/favicon.ico'
I/APP     ( 4231): E 02/06/2013 15:15:00:216 0000109e           HttpServer| The file /favicon.ico was not found
I/APP     ( 4231): I 02/06/2013 15:15:01:234 0000109e           HttpServer| Process URI: '/app/Product/product_details'
I/APP     ( 4231): I 02/06/2013 15:15:01:236 0000109e                  APP| RHO serve: /app/Product/product_details
I/APP     ( 4231): I 02/06/2013 15:15:01:239 0000109e                  APP| Params: {"product"=>"gelaendestapler_allrad"}
I/APP     ( 4231): I 02/06/2013 15:15:01:337 0000109e           HttpServer| GC Start.
I/APP     ( 4231): I 02/06/2013 15:15:01:417 0000109e           HttpServer| GC End.
I/APP     ( 4231): I 02/06/2013 15:15:01:454 0000109e           HttpServer| Process URI: '/favicon.ico'
I/APP     ( 4231): E 02/06/2013 15:15:01:491 0000109e           HttpServer| The file /favicon.ico was not found
I/APP     ( 4231): I 02/06/2013 15:15:03:239 0000109e           HttpServer| Process URI: '/favicon.ico'
I/APP     ( 4231): E 02/06/2013 15:15:03:241 0000109e           HttpServer| The file /favicon.ico was not found
I/APP     ( 4231): I 02/06/2013 15:15:03:320 0000109e           HttpServer| Process URI: '/app/Product/sub_categories'
I/APP     ( 4231): I 02/06/2013 15:15:03:322 0000109e                  APP| RHO serve: /app/Product/sub_categories
I/APP     ( 4231): I 02/06/2013 15:15:03:324 0000109e                  APP| Params: {"product"=>"gelaendestapler"}
I/APP     ( 4231): I 02/06/2013 15:15:03:372 0000109e           HttpServer| GC Start.
I/APP     ( 4231): I 02/06/2013 15:15:03:461 0000109e           HttpServer| GC End.
I/APP     ( 4231): I 02/06/2013 15:15:03:784 0000109e           HttpServer| Process URI: '/favicon.ico'
I/APP     ( 4231): E 02/06/2013 15:15:03:791 0000109e           HttpServer| The file /favicon.ico was not found
I/APP     ( 4231): I 02/06/2013 15:15:03:862 0000109e           HttpServer| Process URI: '/app/Product'
I/APP     ( 4231): I 02/06/2013 15:15:03:868 0000109e                  APP| RHO serve: /app/Product
I/APP     ( 4231): I 02/06/2013 15:15:03:942 0000109e           HttpServer| GC Start.
I/APP     ( 4231): I 02/06/2013 15:15:04:042 0000109e           HttpServer| GC End.
I/APP     ( 4231): I 02/06/2013 15:15:04:415 0000109e           HttpServer| Process URI: '/favicon.ico'
I/APP     ( 4231): E 02/06/2013 15:15:04:416 0000109e           HttpServer| The file /favicon.ico was not found
I/APP     ( 4231): E 02/06/2013 15:15:13:228 0000109e           HttpServer| Connection gracefully closed before we send any data
I/APP     ( 4231): E 02/06/2013 15:15:13:269 0000109e           HttpServer| Parsing error
I/APP     ( 4231): E 02/06/2013 15:15:23:227 0000109e           HttpServer| Connection gracefully closed before we send any data
I/APP     ( 4231): E 02/06/2013 15:15:23:228 0000109e           HttpServer| Parsing error
I/APP     ( 4231): E 02/06/2013 15:15:23:255 0000109e           HttpServer| Connection gracefully closed before we send any data
I/APP     ( 4231): E 02/06/2013 15:15:23:260 0000109e           HttpServer| Parsing error
I/APP     ( 4231): I 02/06/2013 15:15:26:354 0000109e           HttpServer| Process URI: '/app/Menu/contact'
I/APP     ( 4231): I 02/06/2013 15:15:26:356 0000109e                  APP| RHO serve: /app/Menu/contact
I/APP     ( 4231): I 02/06/2013 15:15:26:458 0000109e           HttpServer| GC Start.
I/APP     ( 4231): I 02/06/2013 15:15:26:534 0000109e           HttpServer| GC End.
I/APP     ( 4231): I 02/06/2013 15:15:26:876 0000109e           HttpServer| Process URI: '/public/images/macotec/phone_png.png'
I/APP     ( 4231): I 02/06/2013 15:15:26:991 0000109e           HttpServer| Process URI: '/public/images/macotec/mail_png.png'
I/APP     ( 4231): I 02/06/2013 15:15:27:038 0000109e           HttpServer| Process URI: '/public/images/macotec/web_png.png'
I/APP     ( 4231): I 02/06/2013 15:15:31:493 0000109e           HttpServer| Process URI: '/app/index_erb.iseq'
I/APP     ( 4231): I 02/06/2013 15:15:31:496 0000109e                  APP| RHO serve_index: /app/index_erb.iseq
I/APP     ( 4231): I 02/06/2013 15:15:31:541 0000109e RHO Rho::RhoController| inst_render_index
I/APP     ( 4231): I 02/06/2013 15:15:31:677 0000109e           HttpServer| GC Start.
I/APP     ( 4231): I 02/06/2013 15:15:31:764 0000109e           HttpServer| GC End.
D/AndroidRuntime( 4279): 
D/AndroidRuntime( 4279): >>>>>> AndroidRuntime START com.android.internal.os.RuntimeInit <<<<<<
D/AndroidRuntime( 4279): CheckJNI is ON
D/AndroidRuntime( 4279): Calling main entry com.android.commands.pm.Pm
W/ActivityManager(   78): No content provider found for permission revoke: file:///data/local/tmp/macotec-debug.apk
W/ActivityManager(   78): No content provider found for permission revoke: file:///data/local/tmp/macotec-debug.apk
D/dalvikvm(   78): GC_CONCURRENT freed 380K, 11% free 11546K/12935K, paused 7ms+7ms
D/dalvikvm(   78): GC_CONCURRENT freed 262K, 9% free 11804K/12935K, paused 7ms+9ms
D/dalvikvm(   78): GC_CONCURRENT freed 670K, 9% free 11811K/12935K, paused 10ms+12ms
D/dalvikvm(   78): GC_CONCURRENT freed 625K, 9% free 11782K/12935K, paused 8ms+7ms
D/dalvikvm(   78): GC_CONCURRENT freed 594K, 9% free 11788K/12935K, paused 11ms+7ms
D/dalvikvm(   78): GC_CONCURRENT freed 593K, 9% free 11784K/12935K, paused 8ms+20ms
I/PackageManager(   78): Removing non-system package:com.rhomobile.macotec
I/ActivityManager(   78): Force stopping package com.rhomobile.macotec uid=10040
I/ActivityManager(   78): Killing proc 4231:com.rhomobile.macotec/10040: force stop
W/ActivityManager(   78): Force removing ActivityRecord{4145b658 com.rhomobile.macotec/com.rhomobile.rhodes.RhodesActivity}: app died, no saved state
I/WindowManager(   78): WIN DEATH: Window{41546c90 com.rhomobile.macotec/com.rhomobile.rhodes.RhodesActivity paused=false}
W/NetworkManagementSocketTagger(   78): setKernelCountSet(10040, 0) failed with errno -2
W/NetworkManagementSocketTagger(   78): setKernelCountSet(10009, 1) failed with errno -2
I/PackageManager(   78): Package com.rhomobile.macotec codePath changed from /data/app/com.rhomobile.macotec-2.apk to /data/app/com.rhomobile.macotec-1.apk; Retaining data and using new
I/Process (   78): Sending signal. PID: 189 SIG: 3
I/dalvikvm(  189): threadid=3: reacting to signal 3
I/dalvikvm(  189): Wrote stack traces to '/data/anr/traces.txt'
W/InputManagerService(   78): Got RemoteException sending setActive(false) notification to pid 4231 uid 10040
D/dalvikvm(   78): GC_CONCURRENT freed 580K, 9% free 11777K/12935K, paused 12ms+7ms
I/Process (   78): Sending signal. PID: 189 SIG: 3
I/dalvikvm(  189): threadid=3: reacting to signal 3
I/dalvikvm(  189): Wrote stack traces to '/data/anr/traces.txt'
D/dalvikvm(  189): GC_CONCURRENT freed 2390K, 28% free 17378K/23879K, paused 4ms+11ms
D/dalvikvm(  189): GC_FOR_ALLOC freed 1133K, 28% free 17418K/23879K, paused 57ms
D/dalvikvm(  189): GC_CONCURRENT freed 255K, 20% free 19210K/23879K, paused 5ms+20ms
I/PackageManager(   78): Running dexopt on: com.rhomobile.macotec
D/dalvikvm( 4290): DexOpt: load 104ms, verify+opt 536ms
W/PackageManager(   78): Code path for pkg : com.rhomobile.macotec changing from /data/app/com.rhomobile.macotec-2.apk to /data/app/com.rhomobile.macotec-1.apk
W/PackageManager(   78): Resource path for pkg : com.rhomobile.macotec changing from /data/app/com.rhomobile.macotec-2.apk to /data/app/com.rhomobile.macotec-1.apk
I/ActivityManager(   78): Force stopping package com.rhomobile.macotec uid=10040
D/PackageManager(   78): New package installed in /data/app/com.rhomobile.macotec-1.apk
I/ActivityManager(   78): Force stopping package com.rhomobile.macotec uid=10040
D/dalvikvm(  189): GC_EXPLICIT freed 3338K, 28% free 17422K/23879K, paused 4ms+11ms
D/dalvikvm(  220): GC_EXPLICIT freed 158K, 4% free 9391K/9735K, paused 3ms+5ms
D/dalvikvm(   78): GC_EXPLICIT freed 319K, 9% free 11771K/12935K, paused 21ms+33ms
D/PackageManager(   78): generateServicesMap(android.accounts.AccountAuthenticator): 2 services unchanged
D/PackageManager(   78): generateServicesMap(android.content.SyncAdapter): 4 services unchanged
D/BackupManagerService(   78): Received broadcast Intent { act=android.intent.action.PACKAGE_REMOVED dat=package:com.rhomobile.macotec flg=0x10000010 (has extras) }
I/AccountTypeManager(  310): Loaded meta-data for 1 account types, 0 accounts in 460ms(wall) 10ms(cpu)
D/PackageManager(   78): generateServicesMap(android.accounts.AccountAuthenticator): 2 services unchanged
D/PackageManager(   78): generateServicesMap(android.content.SyncAdapter): 4 services unchanged
D/BackupManagerService(   78): Received broadcast Intent { act=android.intent.action.PACKAGE_ADDED dat=package:com.rhomobile.macotec flg=0x10000010 (has extras) }
V/BackupManagerService(   78): updatePackageParticipantsLocked: #1
W/RecognitionManagerService(   78): no available voice recognition services found
I/AccountTypeManager(  310): Loaded meta-data for 1 account types, 0 accounts in 541ms(wall) 6ms(cpu)
D/BackupManagerService(   78): Received broadcast Intent { act=android.intent.action.PACKAGE_REPLACED dat=package:com.rhomobile.macotec flg=0x10000010 (has extras) }
V/BackupManagerService(   78): updatePackageParticipantsLocked: #1
D/dalvikvm(  189): GC_FOR_ALLOC freed 3102K, 35% free 15742K/23879K, paused 57ms
D/dalvikvm(   78): GC_CONCURRENT freed 998K, 12% free 11402K/12935K, paused 4ms+27ms
D/dalvikvm(  189): GC_FOR_ALLOC freed 423K, 30% free 16860K/23879K, paused 57ms
D/dalvikvm(  189): GC_FOR_ALLOC freed 3731K, 39% free 14768K/23879K, paused 56ms
D/dalvikvm(  189): GC_FOR_ALLOC freed 39K, 34% free 15763K/23879K, paused 59ms
D/dalvikvm(  189): GC_FOR_ALLOC freed 357K, 29% free 17059K/23879K, paused 50ms
D/dalvikvm(  189): GC_FOR_ALLOC freed 1633K, 29% free 17183K/23879K, paused 53ms
D/dalvikvm(  189): GC_FOR_ALLOC freed 1314K, 26% free 17733K/23879K, paused 58ms
D/dalvikvm(  189): GC_FOR_ALLOC freed 915K, 26% free 17762K/23879K, paused 53ms
D/dalvikvm(  189): GC_FOR_ALLOC freed 1874K, 26% free 17792K/23879K, paused 60ms
D/dalvikvm(   78): GC_EXPLICIT freed 87K, 13% free 11339K/12935K, paused 5ms+18ms
D/AndroidRuntime( 4279): Shutting down VM
D/dalvikvm( 4279): GC_CONCURRENT freed 97K, 79% free 450K/2048K, paused 2ms+0ms
I/AndroidRuntime( 4279): NOTE: attach of thread 'Binder Thread #3' failed
D/AndroidRuntime( 4298): 
D/AndroidRuntime( 4298): >>>>>> AndroidRuntime START com.android.internal.os.RuntimeInit <<<<<<
D/AndroidRuntime( 4298): CheckJNI is ON
D/AndroidRuntime( 4298): Calling main entry com.android.commands.am.Am
I/ActivityManager(   78): START {act=android.intent.action.MAIN flg=0x10000000 cmp=com.rhomobile.macotec/com.rhomobile.rhodes.RhodesActivity} from pid 4298
W/WindowManager(   78): Failure taking screenshot for (180x273) to layer 21005
D/AndroidRuntime( 4298): Shutting down VM
I/AndroidRuntime( 4298): NOTE: attach of thread 'Binder Thread #3' failed
D/dalvikvm( 4298): GC_CONCURRENT freed 97K, 77% free 480K/2048K, paused 1ms+3ms
I/ActivityManager(   78): Start proc com.rhomobile.macotec for activity com.rhomobile.macotec/com.rhomobile.rhodes.RhodesActivity: pid=4309 uid=10040 gids={3003}
I/dalvikvm( 4309): Turning on JNI app bug workarounds for target SDK version 4...
D/dalvikvm(   37): GC_EXPLICIT freed 36K, 4% free 9032K/9347K, paused 13ms+76ms
W/NetworkManagementSocketTagger(   78): setKernelCountSet(10040, 1) failed with errno -2
D/dalvikvm(   37): GC_EXPLICIT freed <1K, 4% free 9032K/9347K, paused 3ms+3ms
I/Process (   78): Sending signal. PID: 4309 SIG: 3
I/dalvikvm( 4309): threadid=3: reacting to signal 3
I/dalvikvm( 4309): Wrote stack traces to '/data/anr/traces.txt'
D/dalvikvm(   37): GC_EXPLICIT freed <1K, 4% free 9032K/9347K, paused 3ms+5ms
D/dalvikvm( 4309): Trying to load lib /data/data/com.rhomobile.macotec/lib/librhodes.so 0x412a6350
D/dalvikvm( 4309): Added shared lib /data/data/com.rhomobile.macotec/lib/librhodes.so 0x412a6350
D/dalvikvm( 4309): Trying to load lib /data/data/com.rhomobile.macotec/lib/librhodes.so 0x412a6350
I/Process (   78): Sending signal. PID: 4309 SIG: 3
I/dalvikvm( 4309): threadid=3: reacting to signal 3
D/dalvikvm( 4309): Shared lib '/data/data/com.rhomobile.macotec/lib/librhodes.so' already loaded in same CL 0x412a6350
I/dalvikvm( 4309): Wrote stack traces to '/data/anr/traces.txt'
I/ActivityThread( 4309): Pub com.rhomobile.macotec: com.rhomobile.rhodes.LocalFileProvider
I/RhodesApplication( 4309): Initializing...
D/RhoFileApi( 4309): App root path: /data/data/com.rhomobile.macotec/rhodata/
D/RhoFileApi( 4309): Sqlite journals path: /data/data/com.rhomobile.macotec/sqlite_stmt_journals/
D/RhoFileApi( 4309): Shared path: /data/data/com.rhomobile.macotec/rhodata/
D/RhodesApplication( 4309): Root path: /data/data/com.rhomobile.macotec/rhodata/
I/RhodesApplication( 4309): Application hash was changed
D/RhoFileApi( 4309): Copy hash to FS
D/RhoFileApi( 4309): File hash copied
D/RhoFileApi( 4309): Copy rho.dat to FS
D/RhoFileApi( 4309): File rho.dat copied
D/RhoFileApi( 4309): Copy apps/rhoconfig.txt to FS
D/RhoFileApi( 4309): File apps/rhoconfig.txt copied
I/Process (   78): Sending signal. PID: 4309 SIG: 3
I/dalvikvm( 4309): threadid=3: reacting to signal 3
I/dalvikvm( 4309): Wrote stack traces to '/data/anr/traces.txt'
I/RhoFileApi( 4309): Opening stat table from FS: /data/data/com.rhomobile.macotec/rhodata/rho.dat
D/RhoFileApi( 4309): Copy apps/rhoconfig.txt to FS
D/RhoFileApi( 4309): File apps/rhoconfig.txt copied
D/RhoFileApi( 4309): App root path: /data/data/com.rhomobile.macotec/rhodata/
D/RhoFileApi( 4309): Sqlite journals path: /data/data/com.rhomobile.macotec/sqlite_stmt_journals/
D/RhoFileApi( 4309): Shared path: /data/data/com.rhomobile.macotec/rhodata/
I/APP     ( 4309): I 02/06/2013 15:16:11:709 000010d5    RhodesApplication| Initialized
I/APP     ( 4309): I 02/06/2013 15:16:11:777 000010d5         BaseActivity| New screen properties - width: 480, height: 728, orientation: 1
I/Process (   78): Sending signal. PID: 4309 SIG: 3
I/dalvikvm( 4309): threadid=3: reacting to signal 3
I/dalvikvm( 4309): Wrote stack traces to '/data/anr/traces.txt'
I/APP     ( 4309): I 02/06/2013 15:16:12:064 000010d5         SplashScreen| Looking for start page source
D/dalvikvm( 4309): GC_CONCURRENT freed 313K, 5% free 9213K/9607K, paused 5ms+4ms
I/Process (   78): Sending signal. PID: 4309 SIG: 3
I/dalvikvm( 4309): threadid=3: reacting to signal 3
D/dalvikvm( 4309): GC_FOR_ALLOC freed 9K, 4% free 9227K/9607K, paused 103ms
I/dalvikvm( 4309): Wrote stack traces to '/data/anr/traces.txt'
I/dalvikvm-heap( 4309): Grow heap (frag case) to 12.146MB for 3217300-byte allocation
D/dalvikvm( 4309): GC_FOR_ALLOC freed 1K, 4% free 12367K/12807K, paused 34ms
D/dalvikvm( 4309): GC_CONCURRENT freed <1K, 4% free 12368K/12807K, paused 4ms+4ms
I/Process (   78): Sending signal. PID: 4309 SIG: 3
I/dalvikvm( 4309): threadid=3: reacting to signal 3
I/dalvikvm( 4309): Wrote stack traces to '/data/anr/traces.txt'
I/APP     ( 4309): I 02/06/2013 15:16:13:304 000010d5         SplashScreen| Done
I/APP     ( 4309): I 02/06/2013 15:16:13:350 000010d5    RhodesApplication| New UiState: MainActivityCreated
I/Process (   78): Sending signal. PID: 4309 SIG: 3
I/dalvikvm( 4309): threadid=3: reacting to signal 3
I/dalvikvm( 4309): Wrote stack traces to '/data/anr/traces.txt'
I/APP     ( 4309): I 02/06/2013 15:16:13:436 000010d5       RhodesActivity| onStart
I/APP     ( 4309): I 02/06/2013 15:16:13:458 000010d5    RhodesApplication| New UiState: MainActivityStarted
I/APP     ( 4309): I 02/06/2013 15:16:13:495 000010d5       RhodesActivity| onResume
I/APP     ( 4309): I 02/06/2013 15:16:13:500 000010d5 AndroidFunctionality| Resume WebView
I/APP     ( 4309): I 02/06/2013 15:16:13:561 000010d5        RhodesService| onCreate
I/APP     ( 4309): I 02/06/2013 15:16:13:567 000010d5    LocalFileProvider| Revoke URI permissions: content:///com.rhomobile.macotec
W/ActivityManager(   78): No content provider found for permission revoke: content:///com.rhomobile.macotec
I/APP     ( 4309): I 02/06/2013 15:16:13:614 000010d5               Rhodes| Loading...
I/APP     ( 4309): I 02/06/2013 15:16:13:644 000010d5            RhodesApp| Trying to get free listening port.
I/APP     ( 4309): I 02/06/2013 15:16:13:661 000010d5            RhodesApp| Trying to bind of 8080 port...
I/APP     ( 4309): I 02/06/2013 15:16:13:667 000010d5            RhodesApp| Bind of 8080 port is failed with code: -1
I/APP     ( 4309): I 02/06/2013 15:16:13:698 000010d5            RhodesApp| Trying to bind on dynamic port...
I/APP     ( 4309): I 02/06/2013 15:16:13:704 000010d5            RhodesApp| Got port to bind on: 50695
I/APP     ( 4309): I 02/06/2013 15:16:13:698 000010e9         AppCallbacks| Starting main routine...
I/APP     ( 4309): I 02/06/2013 15:16:13:746 000010e9         AppCallbacks| ThreadQueue blocked for 4294967295 seconds...
I/APP     ( 4309): I 02/06/2013 15:16:13:761 000010d5            RhodesApp| Free listening port: 50695
I/APP     ( 4309): I 02/06/2013 15:16:13:860 000010d5        RhodesService| Push is disabled
I/Process (   78): Sending signal. PID: 4309 SIG: 3
I/dalvikvm( 4309): threadid=3: reacting to signal 3
I/APP     ( 4309): I 02/06/2013 15:16:13:941 000010d5            RhodesApp| callAppActiveCallback
I/APP     ( 4309): I 02/06/2013 15:16:13:946 000010d5         AppCallbacks| addCommand: APP-ACTIVATED
I/dalvikvm( 4309): Wrote stack traces to '/data/anr/traces.txt'
I/APP     ( 4309): I 02/06/2013 15:16:14:006 000010e9         AppCallbacks| Received command APP-ACTIVATED which is greater than expected (LOCAL-SERVER-STARTED) - postpone it
I/APP     ( 4309): I 02/06/2013 15:16:14:012 000010e9         AppCallbacks| ThreadQueue blocked for 4294967295 seconds...
I/APP     ( 4309): I 02/06/2013 15:16:14:036 000010d5         AppActivated| Cannot commit now, application will be activated when started.
I/APP     ( 4309): I 02/06/2013 15:16:14:042 000010d5    RhodesApplication| New AppState: Undefined
D/RhodesService( 4309): +++ onStartCommand
I/RhodesService( 4309): handleCommand: startId=1, source=com.rhomobile.rhodes.BaseActivity
I/APP     ( 4309): I 02/06/2013 15:16:14:070 000010eb            RhodesApp| Starting RhodesApp main routine...
D/RhodesService( 4309): New activity was created
I/APP     ( 4309): I 02/06/2013 15:16:14:163 000010d5        RhodesService| onBind
I/APP     ( 4309): I 02/06/2013 15:16:14:206 000010d5         AppCallbacks| addCommand: UI-CREATED
I/APP     ( 4309): I 02/06/2013 15:16:14:273 000010e9         AppCallbacks| Received command UI-CREATED which is greater than expected (LOCAL-SERVER-STARTED) - postpone it
I/APP     ( 4309): I 02/06/2013 15:16:14:275 000010e9         AppCallbacks| ThreadQueue blocked for 4294967295 seconds...
V/PhoneStatusBar(  136): setLightsOn(true)
I/Process (   78): Sending signal. PID: 4309 SIG: 3
I/dalvikvm( 4309): threadid=3: reacting to signal 3
I/dalvikvm( 4309): Wrote stack traces to '/data/anr/traces.txt'
I/APP     ( 4309): I 02/06/2013 15:16:14:556 000010d5       RhodesActivity| onServiceConnected: {com.rhomobile.macotec/com.rhomobile.rhodes.RhodesService}
I/APP     ( 4309): I 02/06/2013 15:16:14:562 000010d5       RhodesActivity| New start parameters: 
I/APP     ( 4309): I 02/06/2013 15:16:14:607 000010d5            RhodesApp| New start params: 
W/InputManagerService(   78): Starting input on non-focused client com.android.internal.view.IInputMethodClient$Stub$Proxy@415b6a98 (uid=10009 pid=189)
D/gralloc_goldfish( 4309): Emulator without GPU emulation detected.
I/Process (   78): Sending signal. PID: 4309 SIG: 3
I/dalvikvm( 4309): threadid=3: reacting to signal 3
I/dalvikvm( 4309): Wrote stack traces to '/data/anr/traces.txt'
I/ActivityManager(   78): Displayed com.rhomobile.macotec/com.rhomobile.rhodes.RhodesActivity: +6s21ms
I/APP     ( 4309): I 02/06/2013 15:16:15:597 000010eb              RhoRuby| Init_RhoBlobs: /data/data/com.rhomobile.macotec/rhodata/db/db-files
I/APP     ( 4309): I 02/06/2013 15:16:15:704 000010eb              RhoRuby| require_compiled: rhoframework
I/APP     ( 4309): I 02/06/2013 15:16:15:833 000010eb              RhoRuby| require_compiled: rational
I/APP     ( 4309): I 02/06/2013 15:16:15:895 000010eb              RhoRuby| require_compiled: rhom/rhom_db_adapter
I/APP     ( 4309): I 02/06/2013 15:16:16:034 000010eb              RhoRuby| require_compiled: rhodes
I/APP     ( 4309): I 02/06/2013 15:16:16:100 000010eb              RhoRuby| require_compiled: rhom/rhom_object
I/APP     ( 4309): I 02/06/2013 15:16:16:164 000010eb              RhoRuby| require_compiled: rhofsconnector
I/APP     ( 4309): I 02/06/2013 15:16:16:223 000010eb              RhoRuby| require_compiled: rho/rhofsconnector
I/APP     ( 4309): I 02/06/2013 15:16:16:302 000010eb              RhoRuby| require_compiled: rhom/rhom_object_factory
W/NetworkManagementSocketTagger(   78): setKernelCountSet(10009, 0) failed with errno -2
I/APP     ( 4309): I 02/06/2013 15:16:16:610 000010eb              RhoRuby| require_compiled: rhom/rhom
I/APP     ( 4309): I 02/06/2013 15:16:16:684 000010eb              RhoRuby| require_compiled: rhom/rhom_model
I/APP     ( 4309): I 02/06/2013 15:16:16:750 000010eb              RhoRuby| require_compiled: rhom
I/APP     ( 4309): I 02/06/2013 15:16:16:798 000010eb              RhoRuby| require_compiled: rho/rhoapplication
I/APP     ( 4309): I 02/06/2013 15:16:16:876 000010eb              RhoRuby| require_compiled: rholang/localization_simplified
I/APP     ( 4309): I 02/06/2013 15:16:16:951 000010eb              RhoRuby| require_compiled: rho/rhomsg
I/APP     ( 4309): I 02/06/2013 15:16:17:003 000010eb              RhoRuby| require_compiled: rho/rhotabbar
I/APP     ( 4309): I 02/06/2013 15:16:17:055 000010eb              RhoRuby| require_compiled: rho/rhotoolbar
I/APP     ( 4309): I 02/06/2013 15:16:17:086 000010eb                  APP| Current locale: ; Country code: 
I/APP     ( 4309): I 02/06/2013 15:16:17:121 000010eb                  APP| Locilized file: /data/data/com.rhomobile.macotec/rhodata/lib/rholang/lang_
I/APP     ( 4309): I 02/06/2013 15:16:17:144 000010eb              RhoRuby| require_compiled: /data/data/com.rhomobile.macotec/rhodata/lib/rholang/lang_en
I/APP     ( 4309): I 02/06/2013 15:16:17:175 000010eb                  APP| Locilized file: /data/data/com.rhomobile.macotec/rhodata/apps/app/lang/lang_
I/APP     ( 4309): I 02/06/2013 15:16:17:215 000010eb                  APP| Locilized file: /data/data/com.rhomobile.macotec/rhodata/lib/rholang/rhoerror_
I/APP     ( 4309): I 02/06/2013 15:16:17:221 000010eb              RhoRuby| require_compiled: /data/data/com.rhomobile.macotec/rhodata/lib/rholang/rhoerror_en
I/APP     ( 4309): I 02/06/2013 15:16:17:269 000010eb                  APP| Locilized file: /data/data/com.rhomobile.macotec/rhodata/lib/rholang/rhomsg_
I/APP     ( 4309): I 02/06/2013 15:16:17:305 000010eb              RhoRuby| require_compiled: /data/data/com.rhomobile.macotec/rhodata/lib/rholang/rhomsg_en
I/APP     ( 4309): I 02/06/2013 15:16:17:336 000010eb              RhoRuby| require_compiled: indifferent_access
I/APP     ( 4309): I 02/06/2013 15:16:17:421 000010eb              RhoRuby| require_compiled: rho/rhosupport
I/APP     ( 4309): I 02/06/2013 15:16:17:525 000010eb              RhoRuby| require_compiled: rho/rhocontroller
I/APP     ( 4309): I 02/06/2013 15:16:17:590 000010eb              RhoRuby| require_compiled: rho/render
I/APP     ( 4309): I 02/06/2013 15:16:17:676 000010eb              RhoRuby| require_compiled: rho/rho
I/APP     ( 4309): I 02/06/2013 15:16:17:859 000010eb              RhoRuby| require_compiled: rho/rhoerror
I/APP     ( 4309): I 02/06/2013 15:16:17:912 000010eb              RhoRuby| require_compiled: rhom/rhom_source
I/APP     ( 4309): I 02/06/2013 15:16:17:983 000010eb              RhoRuby| require_compiled: rho/rhoviewhelpers
I/APP     ( 4309): I 02/06/2013 15:16:18:052 000010eb              RhoRuby| require_compiled: rho
I/APP     ( 4309): I 02/06/2013 15:16:18:103 000010eb                  APP| RHO loaded
I/APP     ( 4309): I 02/06/2013 15:16:18:108 000010eb                  APP| Calling RHO.initialize
I/APP     ( 4309): I 02/06/2013 15:16:18:140 000010eb                  APP| model file: Product/product
I/APP     ( 4309): I 02/06/2013 15:16:18:176 000010eb                  APP| model file: Request/request
I/APP     ( 4309): I 02/06/2013 15:16:18:207 000010eb                   DB| Open DB: /data/data/com.rhomobile.macotec/rhodata/db/syncdbuser.sqlite
I/APP     ( 4309): I 02/06/2013 15:16:18:263 000010eb          GeoLocation| Creating singleton instance.
I/APP     ( 4309): I 02/06/2013 15:16:18:269 000010eb            RhodesApp| Starting sync engine...
I/APP     ( 4309): I 02/06/2013 15:16:18:297 000010eb                 Sync| sync_poll_interval: 0
I/APP     ( 4309): I 02/06/2013 15:16:18:303 000010eb                 Sync| syncserver: 
I/APP     ( 4309): I 02/06/2013 15:16:18:345 000010eb                 Sync| bulksync_state: 0
I/APP     ( 4309): I 02/06/2013 15:16:18:350 000010eb            RhodesApp| RhoRubyInitApp...
I/APP     ( 4309): I 02/06/2013 15:16:18:377 000010eb                  APP| init_app
I/APP     ( 4309): I 02/06/2013 15:16:18:383 000010eb              RhoRuby| require_compiled: application
I/APP     ( 4309): I 02/06/2013 15:16:18:419 000010eb                 Sync| Set notification. Source ID: -1;Url :http://localhost:50695/app/Settings/sync_notify; Params: 
I/APP     ( 4309): I 02/06/2013 15:16:18:457 000010eb           HttpServer| Start HTTP server
I/APP     ( 4309): I 02/06/2013 15:16:18:463 000010eb           HttpServer| Listen for connections on port 50695
I/APP     ( 4309): I 02/06/2013 15:16:18:491 000010eb         AppCallbacks| addCommand: LOCAL-SERVER-STARTED
I/APP     ( 4309): I 02/06/2013 15:16:18:509 000010e9         AppCallbacks| process command: LOCAL-SERVER-STARTED
I/APP     ( 4309): I 02/06/2013 15:16:18:510 000010e9 RhodesAppActiveObserver| Ready
I/APP     ( 4309): I 02/06/2013 15:16:18:515 000010d5 AndroidFunctionality| Disable WebView zoom
I/APP     ( 4309): I 02/06/2013 15:16:18:516 000010d5 AndroidFunctionality| Set web plugins state 'OFF'
I/APP     ( 4309): I 02/06/2013 15:16:18:569 000010e9    RhodesApplication| New AppState: AppActivated
I/APP     ( 4309): I 02/06/2013 15:16:18:575 000010e9         AppCallbacks| process command: UI-CREATED
I/APP     ( 4309): I 02/06/2013 15:16:18:671 000010eb           HttpServer| Process URI: '/system/uicreated'
I/APP     ( 4309): I 02/06/2013 15:16:18:690 000010eb                  APP| on_ui_created.navigate to start url: '/app'
I/APP     ( 4309): I 02/06/2013 15:16:18:707 000010d5         SplashScreen| navigate: url=http://localhost:50695/app
I/APP     ( 4309): I 02/06/2013 15:16:18:708 000010d5         SplashScreen| DELAY for SplashScreen = 0
I/APP     ( 4309): I 02/06/2013 15:16:18:777 000010d5        GoogleWebView| Creating new RhoWebChromeClient
I/APP     ( 4309): I 02/06/2013 15:16:18:799 000010d5       SimpleMainView| Cleared URL: http://localhost:50695/app
I/APP     ( 4309): I 02/06/2013 15:16:18:834 000010e9         AppCallbacks| process command: APP-ACTIVATED
I/APP     ( 4309): I 02/06/2013 15:16:18:877 000010eb           HttpServer| Process URI: '/system/activateapp'
V/SimpleMainView.View( 4309): ms[1360160178898]  Main Window :: onSizeChanged() old [ 480 x 652 ]  new [ 0 x 0 ]
I/APP     ( 4309): I 02/06/2013 15:16:18:932 000010e9         AppCallbacks| ThreadQueue blocked for 4294967295 seconds...
I/APP     ( 4309): I 02/06/2013 15:16:19:003 000010d5        GoogleWebView| Setting RhoWebChromeClient
I/APP     ( 4309): I 02/06/2013 15:16:19:171 000010eb           HttpServer| Process URI: '/app'
I/APP     ( 4309): I 02/06/2013 15:16:19:204 000010d5     RhoWebViewClient| Loading URL: http://localhost:50695/app/index_erb.iseq
I/APP     ( 4309): I 02/06/2013 15:16:19:257 000010eb           HttpServer| Process URI: '/app/index_erb.iseq'
I/APP     ( 4309): I 02/06/2013 15:16:19:262 000010eb                  APP| RHO serve_index: /app/index_erb.iseq
I/APP     ( 4309): I 02/06/2013 15:16:19:292 000010eb RHO Rho::RhoController| inst_render_index
I/APP     ( 4309): I 02/06/2013 15:16:19:396 000010eb RHO Rho::RhoController| index layout
I/APP     ( 4309): I 02/06/2013 15:16:19:544 000010eb           HttpServer| GC Start.
I/APP     ( 4309): I 02/06/2013 15:16:19:665 000010eb           HttpServer| GC End.
I/APP     ( 4309): I 02/06/2013 15:16:19:829 000010eb           HttpServer| Process URI: '/public/js/request.js'
I/APP     ( 4309): I 02/06/2013 15:16:19:970 000010eb           HttpServer| Process URI: '/public/jquery/jquery-1.6.4.min.js'
I/APP     ( 4309): I 02/06/2013 15:16:20:142 000010eb           HttpServer| Process URI: '/public/jquery/jquery.json-2.3.min.js'
I/APP     ( 4309): I 02/06/2013 15:16:20:264 000010eb           HttpServer| Process URI: '/public/jqmobile/jquery.mobile-1.0.1.min.css'
I/APP     ( 4309): I 02/06/2013 15:16:20:422 000010eb           HttpServer| Process URI: '/public/css/jqmobile-patch.css'
I/APP     ( 4309): I 02/06/2013 15:16:20:483 000010eb           HttpServer| Process URI: '/public/jqmobile/jquery.mobile-1.0.1.min.js'
I/APP     ( 4309): I 02/06/2013 15:16:20:605 000010eb           HttpServer| Process URI: '/public/js/jqmobile-patch.js'
I/APP     ( 4309): I 02/06/2013 15:16:20:661 000010eb           HttpServer| Process URI: '/public/css/macotec_style.css'
I/APP     ( 4309): I 02/06/2013 15:16:23:663 000010eb           HttpServer| Process URI: '/public/images/macotec/logo.png'
I/APP     ( 4309): I 02/06/2013 15:16:25:146 000010eb           HttpServer| Process URI: '/public/images/macotec/request_top.png'
I/APP     ( 4309): I 02/06/2013 15:16:25:282 000010eb           HttpServer| Process URI: '/public/images/macotec/contact_png.png'
I/APP     ( 4309): I 02/06/2013 15:16:25:346 000010eb           HttpServer| Process URI: '/public/images/macotec/products_png.png'
I/APP     ( 4309): I 02/06/2013 15:16:25:421 000010eb           HttpServer| Process URI: '/public/images/macotec/info_png.png'
I/APP     ( 4309): I 02/06/2013 15:16:30:192 000010eb           HttpServer| Process URI: '/app/Menu/contact'
I/APP     ( 4309): I 02/06/2013 15:16:30:229 000010eb                  APP| RHO serve: /app/Menu/contact
I/APP     ( 4309): I 02/06/2013 15:16:30:305 000010eb              RhoRuby| require_compiled: Menu/menu_controller
I/APP     ( 4309): I 02/06/2013 15:16:30:371 000010eb              RhoRuby| require_compiled: helpers/browser_helper
I/APP     ( 4309): I 02/06/2013 15:16:30:573 000010eb           HttpServer| GC Start.
I/APP     ( 4309): I 02/06/2013 15:16:30:661 000010eb           HttpServer| GC End.
I/APP     ( 4309): I 02/06/2013 15:16:31:031 000010eb           HttpServer| Process URI: '/public/images/macotec/phone_png.png'
I/APP     ( 4309): I 02/06/2013 15:16:31:120 000010eb           HttpServer| Process URI: '/public/images/macotec/mail_png.png'
I/APP     ( 4309): I 02/06/2013 15:16:31:170 000010eb           HttpServer| Process URI: '/public/images/macotec/web_png.png'
I/APP     ( 4309): I 02/06/2013 15:16:31:316 000010eb           HttpServer| Process URI: '/public/jqmobile/images/icons-36-white.png'
E/libEGL  ( 4309): call to OpenGL ES API with no current context (logged once per thread)
D/ShaderProgram( 4309): couldn't load the vertex shader!
E/libEGL  ( 4309): call to OpenGL ES API with no current context (logged once per thread)
D/ShaderProgram( 4309): couldn't load the vertex shader!
E/libEGL  ( 4309): call to OpenGL ES API with no current context (logged once per thread)
D/ShaderProgram( 4309): couldn't load the vertex shader!
E/libEGL  ( 4309): call to OpenGL ES API with no current context (logged once per thread)
D/ShaderProgram( 4309): couldn't load the vertex shader!
E/libEGL  ( 4309): call to OpenGL ES API with no current context (logged once per thread)
D/ShaderProgram( 4309): couldn't load the vertex shader!
D/dalvikvm(  181): GC_CONCURRENT freed 384K, 6% free 9533K/10119K, paused 5ms+4ms
W/ThrottleService(   78): unable to find stats for iface rmnet0
I/APP     ( 4309): I 02/06/2013 15:20:41:136 000010d5       SimpleMainView| Cleared URL: http://localhost:50695/app
I/APP     ( 4309): I 02/06/2013 15:20:41:258 000010d5     RhoWebViewClient| Loading URL: http://localhost:50695/app/index_erb.iseq
I/APP     ( 4309): I 02/06/2013 15:20:41:366 000010eb           HttpServer| Process URI: '/app/index_erb.iseq'
I/APP     ( 4309): I 02/06/2013 15:20:41:409 000010eb                  APP| RHO serve_index: /app/index_erb.iseq
I/APP     ( 4309): I 02/06/2013 15:20:41:429 000010eb RHO Rho::RhoController| inst_render_index
I/APP     ( 4309): I 02/06/2013 15:20:41:602 000010eb RHO Rho::RhoController| index layout
I/APP     ( 4309): I 02/06/2013 15:20:41:854 000010eb           HttpServer| GC Start.
I/APP     ( 4309): I 02/06/2013 15:20:41:944 000010eb           HttpServer| GC End.
I/APP     ( 4309): I 02/06/2013 15:20:48:165 000010eb           HttpServer| Process URI: '/app/Menu/contact'
I/APP     ( 4309): I 02/06/2013 15:20:48:172 000010eb                  APP| RHO serve: /app/Menu/contact
I/APP     ( 4309): I 02/06/2013 15:20:48:300 000010eb           HttpServer| GC Start.
I/APP     ( 4309): I 02/06/2013 15:20:48:365 000010eb           HttpServer| GC End.
I/APP     ( 4309): I 02/06/2013 15:20:57:050 000010d5       SimpleMainView| Cleared URL: http://localhost:50695/app
I/APP     ( 4309): I 02/06/2013 15:20:57:113 000010d5     RhoWebViewClient| Loading URL: http://localhost:50695/app/index_erb.iseq
I/APP     ( 4309): I 02/06/2013 15:20:57:191 000010eb           HttpServer| Process URI: '/app/index_erb.iseq'
I/APP     ( 4309): I 02/06/2013 15:20:57:195 000010eb                  APP| RHO serve_index: /app/index_erb.iseq
I/APP     ( 4309): I 02/06/2013 15:20:57:197 000010eb RHO Rho::RhoController| inst_render_index
I/APP     ( 4309): I 02/06/2013 15:20:57:355 000010eb RHO Rho::RhoController| index layout
I/APP     ( 4309): I 02/06/2013 15:20:57:581 000010eb           HttpServer| GC Start.
I/APP     ( 4309): I 02/06/2013 15:20:57:693 000010eb           HttpServer| GC End.
I/APP     ( 4309): I 02/06/2013 15:21:18:526 000010eb           HttpServer| Process URI: '/app/Request/request'
I/APP     ( 4309): I 02/06/2013 15:21:18:528 000010eb                  APP| RHO serve: /app/Request/request
I/APP     ( 4309): I 02/06/2013 15:21:18:530 000010eb              RhoRuby| require_compiled: Request/request_controller
I/APP     ( 4309): I 02/06/2013 15:21:18:631 000010eb              RhoRuby| require_compiled: time
I/APP     ( 4309): I 02/06/2013 15:21:18:813 000010eb              RhoRuby| require_compiled: date/format
D/dalvikvm( 4309): GC_CONCURRENT freed 925K, 8% free 12513K/13575K, paused 4ms+4ms
D/webviewglue( 4309): nativeDestroy view: 0x2904d0
I/APP     ( 4309): I 02/06/2013 15:21:19:254 000010eb              RhoRuby| require_compiled: date
I/APP     ( 4309): I 02/06/2013 15:21:19:308 000010eb              RhoRuby| require_compiled: dateOrig
I/APP     ( 4309): E 02/06/2013 15:21:19:515 000010eb               RubyVM| lib/date.rb:14: warning: already initialized constant MONTHNAMES
I/APP     ( 4309): E 02/06/2013 15:21:19:520 000010eb               RubyVM| lib/date.rb:15: warning: already initialized constant ABBR_MONTHNAMES
I/APP     ( 4309): E 02/06/2013 15:21:19:575 000010eb               RubyVM| lib/date.rb:16: warning: already initialized constant DAYNAMES
I/APP     ( 4309): E 02/06/2013 15:21:19:602 000010eb               RubyVM| lib/date.rb:17: warning: already initialized constant ABBR_DAYNAMES
I/APP     ( 4309): I 02/06/2013 15:21:19:720 000010eb           HttpServer| GC Start.
I/APP     ( 4309): I 02/06/2013 15:21:19:809 000010eb           HttpServer| GC End.
I/APP     ( 4309): I 02/06/2013 15:21:20:175 000010eb           HttpServer| Process URI: '/public/images/macotec/forklifter_full.png'
I/APP     ( 4309): I 02/06/2013 15:21:20:252 000010eb           HttpServer| Process URI: '/public/images/macotec/request_contract.png'
I/APP     ( 4309): I 02/06/2013 15:21:23:164 000010eb           HttpServer| Process URI: '/app/Request/request_rental'
I/APP     ( 4309): I 02/06/2013 15:21:23:170 000010eb                  APP| RHO serve: /app/Request/request_rental
I/APP     ( 4309): I 02/06/2013 15:21:23:220 000010eb                  APP| const_missing: Product
I/APP     ( 4309): I 02/06/2013 15:21:23:247 000010eb                  APP| load_model: Product
I/APP     ( 4309): I 02/06/2013 15:21:23:301 000010eb              RhoRuby| require_compiled: Product/product
I/APP     ( 4309): I 02/06/2013 15:21:23:377 000010eb                  APP| model name: Product
I/APP     ( 4309): I 02/06/2013 15:21:23:399 000010eb                  APP| model class found
I/APP     ( 4309): I 02/06/2013 15:21:23:419 000010eb                  APP| Product : {"property"=>{}}
I/APP     ( 4309): I 02/06/2013 15:21:23:457 000010eb                   DB| Open DB: /data/data/com.rhomobile.macotec/rhodata/db/syncdblocal.sqlite
I/APP     ( 4309): I 02/06/2013 15:21:23:556 000010eb                  APP| init_db_sources
I/APP     ( 4309): I 02/06/2013 15:21:23:694 000010eb                  APP| start_id: 40005
I/APP     ( 4309): I 02/06/2013 15:21:23:722 000010eb                  APP| Migrate schema sources: {}
I/APP     ( 4309): I 02/06/2013 15:21:23:935 000010eb           HttpServer| GC Start.
I/APP     ( 4309): I 02/06/2013 15:21:24:017 000010eb           HttpServer| GC End.
I/APP     ( 4309): I 02/06/2013 15:21:32:120 000010eb           HttpServer| Process URI: '/app/index_erb.iseq'
I/APP     ( 4309): I 02/06/2013 15:21:32:129 000010eb                  APP| RHO serve_index: /app/index_erb.iseq
I/APP     ( 4309): I 02/06/2013 15:21:32:173 000010eb RHO Rho::RhoController| inst_render_index
I/APP     ( 4309): I 02/06/2013 15:21:32:311 000010eb           HttpServer| GC Start.
I/APP     ( 4309): I 02/06/2013 15:21:32:411 000010eb           HttpServer| GC End.
