I/AndroidRuntime( 4556): NOTE: attach of thread 'Binder Thread #3' failed
I/ActivityManager(   77): Start proc com.rhomobile.macotec for activity com.rhomobile.macotec/com.rhomobile.rhodes.RhodesActivity: pid=4567 uid=10040 gids={3003}
I/dalvikvm( 4567): Turning on JNI app bug workarounds for target SDK version 4...
W/NetworkManagementSocketTagger(   77): setKernelCountSet(10040, 1) failed with errno -2
I/Process (   77): Sending signal. PID: 4567 SIG: 3
I/dalvikvm( 4567): threadid=3: reacting to signal 3
I/dalvikvm( 4567): Wrote stack traces to '/data/anr/traces.txt'
D/dalvikvm( 4567): Trying to load lib /data/data/com.rhomobile.macotec/lib/librhodes.so 0x412a0810
D/dalvikvm( 4567): Added shared lib /data/data/com.rhomobile.macotec/lib/librhodes.so 0x412a0810
I/Process (   77): Sending signal. PID: 4567 SIG: 3
I/dalvikvm( 4567): threadid=3: reacting to signal 3
I/dalvikvm( 4567): Wrote stack traces to '/data/anr/traces.txt'
D/dalvikvm( 4567): Trying to load lib /data/data/com.rhomobile.macotec/lib/librhodes.so 0x412a0810
D/dalvikvm( 4567): Shared lib '/data/data/com.rhomobile.macotec/lib/librhodes.so' already loaded in same CL 0x412a0810
I/ActivityThread( 4567): Pub com.rhomobile.macotec: com.rhomobile.rhodes.LocalFileProvider
I/RhodesApplication( 4567): Initializing...
D/RhoFileApi( 4567): App root path: /data/data/com.rhomobile.macotec/rhodata/
D/RhoFileApi( 4567): Sqlite journals path: /data/data/com.rhomobile.macotec/sqlite_stmt_journals/
D/RhoFileApi( 4567): Shared path: /data/data/com.rhomobile.macotec/rhodata/
D/RhodesApplication( 4567): Root path: /data/data/com.rhomobile.macotec/rhodata/
I/RhodesApplication( 4567): Application hash was changed
D/RhoFileApi( 4567): Copy hash to FS
D/RhoFileApi( 4567): File hash copied
D/RhoFileApi( 4567): Copy rho.dat to FS
D/RhoFileApi( 4567): File rho.dat copied
D/RhoFileApi( 4567): Copy apps/rhoconfig.txt to FS
I/Process (   77): Sending signal. PID: 4567 SIG: 3
I/dalvikvm( 4567): threadid=3: reacting to signal 3
I/dalvikvm( 4567): Wrote stack traces to '/data/anr/traces.txt'
D/RhoFileApi( 4567): File apps/rhoconfig.txt copied
I/RhoFileApi( 4567): Opening stat table from FS: /data/data/com.rhomobile.macotec/rhodata/rho.dat
D/RhoFileApi( 4567): Copy apps/rhoconfig.txt to FS
D/RhoFileApi( 4567): File apps/rhoconfig.txt copied
D/RhoFileApi( 4567): App root path: /data/data/com.rhomobile.macotec/rhodata/
D/RhoFileApi( 4567): Sqlite journals path: /data/data/com.rhomobile.macotec/sqlite_stmt_journals/
D/RhoFileApi( 4567): Shared path: /data/data/com.rhomobile.macotec/rhodata/
I/APP     ( 4567): I 01/25/2013 18:02:51:078 000011d7    RhodesApplication| Initialized
I/Process (   77): Sending signal. PID: 4567 SIG: 3
I/dalvikvm( 4567): threadid=3: reacting to signal 3
I/dalvikvm( 4567): Wrote stack traces to '/data/anr/traces.txt'
I/APP     ( 4567): I 01/25/2013 18:02:51:262 000011d7         BaseActivity| New screen properties - width: 480, height: 728, orientation: 1
I/APP     ( 4567): I 01/25/2013 18:02:51:446 000011d7         SplashScreen| Looking for start page source
I/Process (   77): Sending signal. PID: 4567 SIG: 3
I/dalvikvm( 4567): threadid=3: reacting to signal 3
I/dalvikvm( 4567): Wrote stack traces to '/data/anr/traces.txt'
D/dalvikvm( 4567): GC_CONCURRENT freed 280K, 5% free 9222K/9607K, paused 5ms+31ms
D/dalvikvm( 4567): GC_FOR_ALLOC freed 4K, 5% free 9217K/9607K, paused 118ms
I/dalvikvm-heap( 4567): Grow heap (frag case) to 11.412MB for 2457616-byte allocation
I/Process (   77): Sending signal. PID: 4567 SIG: 3
I/dalvikvm( 4567): threadid=3: reacting to signal 3
I/dalvikvm( 4567): Wrote stack traces to '/data/anr/traces.txt'
D/dalvikvm( 4567): GC_FOR_ALLOC freed <1K, 4% free 11617K/12039K, paused 68ms
I/APP     ( 4567): I 01/25/2013 18:02:52:546 000011d7         SplashScreen| Done
I/APP     ( 4567): I 01/25/2013 18:02:52:605 000011d7    RhodesApplication| New UiState: MainActivityCreated
I/APP     ( 4567): I 01/25/2013 18:02:52:611 000011d7       RhodesActivity| onStart
I/APP     ( 4567): I 01/25/2013 18:02:52:654 000011d7    RhodesApplication| New UiState: MainActivityStarted
I/APP     ( 4567): I 01/25/2013 18:02:52:660 000011d7       RhodesActivity| onResume
I/Process (   77): Sending signal. PID: 4567 SIG: 3
I/dalvikvm( 4567): threadid=3: reacting to signal 3
I/dalvikvm( 4567): Wrote stack traces to '/data/anr/traces.txt'
I/APP     ( 4567): I 01/25/2013 18:02:52:787 000011d7 AndroidFunctionality| Resume WebView
I/APP     ( 4567): I 01/25/2013 18:02:52:868 000011d7        RhodesService| onCreate
I/APP     ( 4567): I 01/25/2013 18:02:52:874 000011d7    LocalFileProvider| Revoke URI permissions: content:///com.rhomobile.macotec
W/ActivityManager(   77): No content provider found for permission revoke: content:///com.rhomobile.macotec
I/APP     ( 4567): I 01/25/2013 18:02:52:929 000011d7               Rhodes| Loading...
I/APP     ( 4567): I 01/25/2013 18:02:52:967 000011d7            RhodesApp| Trying to get free listening port.
I/APP     ( 4567): I 01/25/2013 18:02:52:973 000011d7            RhodesApp| Trying to bind of 8080 port...
I/APP     ( 4567): I 01/25/2013 18:02:53:015 000011d7            RhodesApp| Got port to bind on: 8080
I/APP     ( 4567): I 01/25/2013 18:02:53:038 000011d7            RhodesApp| Free listening port: 8080
I/APP     ( 4567): I 01/25/2013 18:02:53:014 000011eb         AppCallbacks| Starting main routine...
I/APP     ( 4567): I 01/25/2013 18:02:53:071 000011eb         AppCallbacks| ThreadQueue blocked for 4294967295 seconds...
I/APP     ( 4567): I 01/25/2013 18:02:53:163 000011d7        RhodesService| Push is disabled
I/Process (   77): Sending signal. PID: 4567 SIG: 3
I/dalvikvm( 4567): threadid=3: reacting to signal 3
I/dalvikvm( 4567): Wrote stack traces to '/data/anr/traces.txt'
I/APP     ( 4567): I 01/25/2013 18:02:53:268 000011d7            RhodesApp| callAppActiveCallback
I/APP     ( 4567): I 01/25/2013 18:02:53:291 000011d7         AppCallbacks| addCommand: APP-ACTIVATED
I/APP     ( 4567): I 01/25/2013 18:02:53:327 000011eb         AppCallbacks| Received command APP-ACTIVATED which is greater than expected (LOCAL-SERVER-STARTED) - postpone it
I/APP     ( 4567): I 01/25/2013 18:02:53:329 000011eb         AppCallbacks| ThreadQueue blocked for 4294967295 seconds...
I/APP     ( 4567): I 01/25/2013 18:02:53:359 000011ed            RhodesApp| Starting RhodesApp main routine...
I/APP     ( 4567): I 01/25/2013 18:02:53:377 000011d7         AppActivated| Cannot commit now, application will be activated when started.
I/APP     ( 4567): I 01/25/2013 18:02:53:383 000011d7    RhodesApplication| New AppState: Undefined
D/RhodesService( 4567): +++ onStartCommand
I/RhodesService( 4567): handleCommand: startId=1, source=com.rhomobile.rhodes.BaseActivity
D/RhodesService( 4567): New activity was created
I/APP     ( 4567): I 01/25/2013 18:02:53:492 000011d7        RhodesService| onBind
I/APP     ( 4567): I 01/25/2013 18:02:53:523 000011d7         AppCallbacks| addCommand: UI-CREATED
I/APP     ( 4567): I 01/25/2013 18:02:53:530 000011eb         AppCallbacks| Received command UI-CREATED which is greater than expected (LOCAL-SERVER-STARTED) - postpone it
I/APP     ( 4567): I 01/25/2013 18:02:53:531 000011eb         AppCallbacks| ThreadQueue blocked for 4294967295 seconds...
I/Process (   77): Sending signal. PID: 4567 SIG: 3
I/dalvikvm( 4567): threadid=3: reacting to signal 3
I/dalvikvm( 4567): Wrote stack traces to '/data/anr/traces.txt'
V/PhoneStatusBar(  131): setLightsOn(true)
I/APP     ( 4567): I 01/25/2013 18:02:54:011 000011d7       RhodesActivity| onServiceConnected: {com.rhomobile.macotec/com.rhomobile.rhodes.RhodesService}
I/APP     ( 4567): I 01/25/2013 18:02:54:035 000011d7       RhodesActivity| New start parameters: 
I/APP     ( 4567): I 01/25/2013 18:02:54:041 000011d7            RhodesApp| New start params: 
D/gralloc_goldfish( 4567): Emulator without GPU emulation detected.
I/Process (   77): Sending signal. PID: 4567 SIG: 3
I/dalvikvm( 4567): threadid=3: reacting to signal 3
I/dalvikvm( 4567): Wrote stack traces to '/data/anr/traces.txt'
I/Process (   77): Sending signal. PID: 4567 SIG: 3
I/dalvikvm( 4567): threadid=3: reacting to signal 3
I/dalvikvm( 4567): Wrote stack traces to '/data/anr/traces.txt'
I/ActivityManager(   77): Displayed com.rhomobile.macotec/com.rhomobile.rhodes.RhodesActivity: +6s256ms
I/APP     ( 4567): I 01/25/2013 18:02:55:374 000011ed              RhoRuby| Init_RhoBlobs: /data/data/com.rhomobile.macotec/rhodata/db/db-files
I/APP     ( 4567): I 01/25/2013 18:02:55:603 000011ed              RhoRuby| require_compiled: rhoframework
I/APP     ( 4567): I 01/25/2013 18:02:55:757 000011ed              RhoRuby| require_compiled: rational
I/APP     ( 4567): I 01/25/2013 18:02:55:810 000011ed              RhoRuby| require_compiled: rhom/rhom_db_adapter
W/NetworkManagementSocketTagger(   77): setKernelCountSet(10009, 0) failed with errno -2
I/APP     ( 4567): I 01/25/2013 18:02:56:016 000011ed              RhoRuby| require_compiled: rhodes
I/APP     ( 4567): I 01/25/2013 18:02:56:084 000011ed              RhoRuby| require_compiled: rhom/rhom_object
I/APP     ( 4567): I 01/25/2013 18:02:56:130 000011ed              RhoRuby| require_compiled: rhofsconnector
I/APP     ( 4567): I 01/25/2013 18:02:56:175 000011ed              RhoRuby| require_compiled: rho/rhofsconnector
I/APP     ( 4567): I 01/25/2013 18:02:56:240 000011ed              RhoRuby| require_compiled: rhom/rhom_object_factory
I/APP     ( 4567): I 01/25/2013 18:02:56:525 000011ed              RhoRuby| require_compiled: rhom/rhom
I/APP     ( 4567): I 01/25/2013 18:02:56:619 000011ed              RhoRuby| require_compiled: rhom/rhom_model
I/APP     ( 4567): I 01/25/2013 18:02:56:712 000011ed              RhoRuby| require_compiled: rhom
I/APP     ( 4567): I 01/25/2013 18:02:56:774 000011ed              RhoRuby| require_compiled: rho/rhoapplication
I/APP     ( 4567): I 01/25/2013 18:02:56:916 000011ed              RhoRuby| require_compiled: rholang/localization_simplified
I/APP     ( 4567): I 01/25/2013 18:02:57:045 000011ed              RhoRuby| require_compiled: rho/rhomsg
I/APP     ( 4567): I 01/25/2013 18:02:57:105 000011ed              RhoRuby| require_compiled: rho/rhotabbar
I/APP     ( 4567): I 01/25/2013 18:02:57:150 000011ed              RhoRuby| require_compiled: rho/rhotoolbar
I/APP     ( 4567): I 01/25/2013 18:02:57:215 000011ed                  APP| Current locale: ; Country code: 
I/APP     ( 4567): I 01/25/2013 18:02:57:247 000011ed                  APP| Locilized file: /data/data/com.rhomobile.macotec/rhodata/lib/rholang/lang_
I/APP     ( 4567): I 01/25/2013 18:02:57:286 000011ed              RhoRuby| require_compiled: /data/data/com.rhomobile.macotec/rhodata/lib/rholang/lang_en
I/APP     ( 4567): I 01/25/2013 18:02:57:370 000011ed                  APP| Locilized file: /data/data/com.rhomobile.macotec/rhodata/apps/app/lang/lang_
I/APP     ( 4567): I 01/25/2013 18:02:57:410 000011ed                  APP| Locilized file: /data/data/com.rhomobile.macotec/rhodata/lib/rholang/rhoerror_
I/APP     ( 4567): I 01/25/2013 18:02:57:443 000011ed              RhoRuby| require_compiled: /data/data/com.rhomobile.macotec/rhodata/lib/rholang/rhoerror_en
I/APP     ( 4567): I 01/25/2013 18:02:57:643 000011ed                  APP| Locilized file: /data/data/com.rhomobile.macotec/rhodata/lib/rholang/rhomsg_
I/APP     ( 4567): I 01/25/2013 18:02:57:774 000011ed              RhoRuby| require_compiled: /data/data/com.rhomobile.macotec/rhodata/lib/rholang/rhomsg_en
I/APP     ( 4567): I 01/25/2013 18:02:58:014 000011ed              RhoRuby| require_compiled: indifferent_access
I/APP     ( 4567): I 01/25/2013 18:02:58:547 000011ed              RhoRuby| require_compiled: rho/rhosupport
I/APP     ( 4567): I 01/25/2013 18:02:59:185 000011ed              RhoRuby| require_compiled: rho/rhocontroller
I/APP     ( 4567): I 01/25/2013 18:02:59:654 000011ed              RhoRuby| require_compiled: rho/render
I/APP     ( 4567): I 01/25/2013 18:03:00:530 000011ed              RhoRuby| require_compiled: rho/rho
I/APP     ( 4567): I 01/25/2013 18:03:02:191 000011ed              RhoRuby| require_compiled: rho/rhoerror
I/APP     ( 4567): I 01/25/2013 18:03:02:469 000011ed              RhoRuby| require_compiled: rhom/rhom_source
I/APP     ( 4567): I 01/25/2013 18:03:02:623 000011ed              RhoRuby| require_compiled: rho/rhoviewhelpers
I/APP     ( 4567): I 01/25/2013 18:03:02:713 000011ed              RhoRuby| require_compiled: rho
I/APP     ( 4567): I 01/25/2013 18:03:02:762 000011ed                  APP| RHO loaded
I/APP     ( 4567): I 01/25/2013 18:03:02:788 000011ed                  APP| Calling RHO.initialize
I/APP     ( 4567): I 01/25/2013 18:03:02:817 000011ed                  APP| model file: Menu/menu
I/APP     ( 4567): I 01/25/2013 18:03:02:848 000011ed                  APP| model file: Product/product
I/APP     ( 4567): I 01/25/2013 18:03:02:871 000011ed                   DB| Open DB: /data/data/com.rhomobile.macotec/rhodata/db/syncdbuser.sqlite
I/APP     ( 4567): I 01/25/2013 18:03:02:931 000011ed          GeoLocation| Creating singleton instance.
I/APP     ( 4567): I 01/25/2013 18:03:02:959 000011ed            RhodesApp| Starting sync engine...
I/APP     ( 4567): I 01/25/2013 18:03:02:966 000011ed                 Sync| sync_poll_interval: 0
I/APP     ( 4567): I 01/25/2013 18:03:03:003 000011ed                 Sync| syncserver: 
I/APP     ( 4567): I 01/25/2013 18:03:03:009 000011ed                 Sync| bulksync_state: 0
I/APP     ( 4567): I 01/25/2013 18:03:03:033 000011ed            RhodesApp| RhoRubyInitApp...
I/APP     ( 4567): I 01/25/2013 18:03:03:064 000011ed                  APP| init_app
I/APP     ( 4567): I 01/25/2013 18:03:03:085 000011ed              RhoRuby| require_compiled: application
I/APP     ( 4567): I 01/25/2013 18:03:03:114 000011ed                 Sync| Set notification. Source ID: -1;Url :http://localhost:8080/app/Settings/sync_notify; Params: 
I/APP     ( 4567): I 01/25/2013 18:03:03:149 000011ed           HttpServer| Start HTTP server
I/APP     ( 4567): I 01/25/2013 18:03:03:169 000011ed           HttpServer| Listen for connections on port 8080
I/APP     ( 4567): I 01/25/2013 18:03:03:196 000011ed         AppCallbacks| addCommand: LOCAL-SERVER-STARTED
I/APP     ( 4567): I 01/25/2013 18:03:03:203 000011eb         AppCallbacks| process command: LOCAL-SERVER-STARTED
I/APP     ( 4567): I 01/25/2013 18:03:03:204 000011eb RhodesAppActiveObserver| Ready
I/APP     ( 4567): I 01/25/2013 18:03:03:248 000011d7 AndroidFunctionality| Disable WebView zoom
I/APP     ( 4567): I 01/25/2013 18:03:03:254 000011d7 AndroidFunctionality| Set web plugins state 'OFF'
I/APP     ( 4567): I 01/25/2013 18:03:03:289 000011eb    RhodesApplication| New AppState: AppActivated
I/APP     ( 4567): I 01/25/2013 18:03:03:296 000011eb         AppCallbacks| process command: UI-CREATED
I/APP     ( 4567): I 01/25/2013 18:03:03:461 000011ed           HttpServer| Process URI: '/system/uicreated'
I/APP     ( 4567): I 01/25/2013 18:03:03:486 000011ed                  APP| on_ui_created.navigate to start url: '/app'
I/APP     ( 4567): I 01/25/2013 18:03:03:506 000011d7         SplashScreen| navigate: url=http://localhost:8080/app
I/APP     ( 4567): I 01/25/2013 18:03:03:508 000011d7         SplashScreen| DELAY for SplashScreen = 0
I/APP     ( 4567): I 01/25/2013 18:03:03:570 000011eb         AppCallbacks| process command: APP-ACTIVATED
I/APP     ( 4567): I 01/25/2013 18:03:03:602 000011d7        GoogleWebView| Creating new RhoWebChromeClient
I/APP     ( 4567): I 01/25/2013 18:03:03:650 000011d7       SimpleMainView| Cleared URL: http://localhost:8080/app
I/APP     ( 4567): I 01/25/2013 18:03:03:680 000011ed           HttpServer| Process URI: '/system/activateapp'
V/SimpleMainView.View( 4567): ms[1359133383723]  Main Window :: onSizeChanged() old [ 480 x 690 ]  new [ 0 x 0 ]
I/APP     ( 4567): I 01/25/2013 18:03:03:716 000011eb         AppCallbacks| ThreadQueue blocked for 4294967295 seconds...
I/APP     ( 4567): I 01/25/2013 18:03:03:854 000011d7        GoogleWebView| Setting RhoWebChromeClient
I/APP     ( 4567): I 01/25/2013 18:03:04:221 000011ed           HttpServer| Process URI: '/app'
I/APP     ( 4567): I 01/25/2013 18:03:04:323 000011d7     RhoWebViewClient| Loading URL: http://localhost:8080/app/index_erb.iseq
I/APP     ( 4567): I 01/25/2013 18:03:04:432 000011ed           HttpServer| Process URI: '/app/index_erb.iseq'
I/APP     ( 4567): I 01/25/2013 18:03:04:470 000011ed                  APP| RHO serve_index: /app/index_erb.iseq
I/APP     ( 4567): I 01/25/2013 18:03:04:518 000011ed RHO Rho::RhoController| inst_render_index
I/APP     ( 4567): I 01/25/2013 18:03:04:591 000011ed RHO Rho::RhoController| index layout
I/APP     ( 4567): I 01/25/2013 18:03:04:792 000011ed           HttpServer| GC Start.
I/APP     ( 4567): I 01/25/2013 18:03:04:984 000011ed           HttpServer| GC End.
I/APP     ( 4567): I 01/25/2013 18:03:05:689 000011ed           HttpServer| Process URI: '/public/jquery/jquery-1.6.4.min.js'
I/APP     ( 4567): I 01/25/2013 18:03:05:886 000011ed           HttpServer| Process URI: '/public/jquery/jquery.json-2.3.min.js'
I/APP     ( 4567): I 01/25/2013 18:03:05:969 000011ed           HttpServer| Process URI: '/public/jqmobile/jquery.mobile-1.0.1.min.css'
I/APP     ( 4567): I 01/25/2013 18:03:06:124 000011ed           HttpServer| Process URI: '/public/css/jqmobile-patch.css'
I/APP     ( 4567): I 01/25/2013 18:03:06:202 000011ed           HttpServer| Process URI: '/public/jqmobile/jquery.mobile-1.0.1.min.js'
I/APP     ( 4567): I 01/25/2013 18:03:06:401 000011ed           HttpServer| Process URI: '/public/js/jqmobile-patch.js'
I/APP     ( 4567): I 01/25/2013 18:03:06:483 000011ed           HttpServer| Process URI: '/public/css/android.css'
D/dalvikvm( 4567): GC_CONCURRENT freed 712K, 7% free 11713K/12551K, paused 4ms+44ms
D/webviewglue( 4567): nativeDestroy view: 0x2ad818
I/APP     ( 4567): I 01/25/2013 18:03:10:316 000011ed           HttpServer| Process URI: '/public/images/macotec/logo.png'
I/APP     ( 4567): I 01/25/2013 18:03:11:407 000011ed           HttpServer| Process URI: '/public/images/macotec/macotec_button.png'
I/APP     ( 4567): I 01/25/2013 18:03:13:143 000011ed           HttpServer| Process URI: '/app/Product'
I/APP     ( 4567): I 01/25/2013 18:03:13:178 000011ed                  APP| RHO serve: /app/Product
I/APP     ( 4567): I 01/25/2013 18:03:13:237 000011ed              RhoRuby| require_compiled: Product/product_controller
I/APP     ( 4567): I 01/25/2013 18:03:13:272 000011ed              RhoRuby| require_compiled: helpers/browser_helper
I/APP     ( 4567): I 01/25/2013 18:03:13:339 000011ed                  APP| const_missing: Product
I/APP     ( 4567): I 01/25/2013 18:03:13:363 000011ed                  APP| load_model: Product
I/APP     ( 4567): I 01/25/2013 18:03:13:418 000011ed              RhoRuby| require_compiled: Product/product
I/APP     ( 4567): I 01/25/2013 18:03:13:550 000011ed                  APP| model name: Product
I/APP     ( 4567): I 01/25/2013 18:03:13:574 000011ed                  APP| model class found
I/APP     ( 4567): I 01/25/2013 18:03:13:594 000011ed                  APP| Product : {"property"=>{}}
I/APP     ( 4567): I 01/25/2013 18:03:13:630 000011ed                   DB| Open DB: /data/data/com.rhomobile.macotec/rhodata/db/syncdblocal.sqlite
I/APP     ( 4567): I 01/25/2013 18:03:13:681 000011ed                  APP| init_db_sources
I/APP     ( 4567): I 01/25/2013 18:03:13:796 000011ed                  APP| start_id: 40004
I/APP     ( 4567): I 01/25/2013 18:03:13:848 000011ed                  APP| Migrate schema sources: {}
I/APP     ( 4567): I 01/25/2013 18:03:14:013 000011ed           HttpServer| GC Start.
I/APP     ( 4567): I 01/25/2013 18:03:14:096 000011ed           HttpServer| GC End.
I/APP     ( 4567): I 01/25/2013 18:03:14:551 000011ed           HttpServer| Process URI: '/public/jqmobile/images/icons-36-white.png'
E/libEGL  ( 4567): call to OpenGL ES API with no current context (logged once per thread)
D/ShaderProgram( 4567): couldn't load the vertex shader!
E/libEGL  ( 4567): call to OpenGL ES API with no current context (logged once per thread)
D/ShaderProgram( 4567): couldn't load the vertex shader!
E/libEGL  ( 4567): call to OpenGL ES API with no current context (logged once per thread)
D/ShaderProgram( 4567): couldn't load the vertex shader!
E/libEGL  ( 4567): call to OpenGL ES API with no current context (logged once per thread)
D/ShaderProgram( 4567): couldn't load the vertex shader!
E/libEGL  ( 4567): call to OpenGL ES API with no current context (logged once per thread)
D/ShaderProgram( 4567): couldn't load the vertex shader!
I/APP     ( 4567): I 01/25/2013 18:03:18:476 000011ed           HttpServer| Process URI: '/app/Product/sub_categories'
I/APP     ( 4567): I 01/25/2013 18:03:18:511 000011ed                  APP| RHO serve: /app/Product/sub_categories
I/APP     ( 4567): I 01/25/2013 18:03:18:557 000011ed                  APP| Params: {"product"=>"gelaendestapler"}
I/APP     ( 4567): I 01/25/2013 18:03:18:673 000011ed           HttpServer| GC Start.
I/APP     ( 4567): I 01/25/2013 18:03:18:746 000011ed           HttpServer| GC End.
I/APP     ( 4567): I 01/25/2013 18:03:20:804 000011ed           HttpServer| Process URI: '/app/Product/product_details'
I/APP     ( 4567): I 01/25/2013 18:03:20:838 000011ed                  APP| RHO serve: /app/Product/product_details
I/APP     ( 4567): I 01/25/2013 18:03:20:869 000011ed                  APP| Params: {"product"=>"gelaendestapler_allrad"}
I/APP     ( 4567): I 01/25/2013 18:03:21:000 000011ed           HttpServer| GC Start.
I/APP     ( 4567): I 01/25/2013 18:03:21:065 000011ed           HttpServer| GC End.
I/APP     ( 4567): I 01/25/2013 18:03:26:200 000011ed           HttpServer| Process URI: '/app/Product/sub_categories'
I/APP     ( 4567): I 01/25/2013 18:03:26:236 000011ed                  APP| RHO serve: /app/Product/sub_categories
I/APP     ( 4567): I 01/25/2013 18:03:26:267 000011ed                  APP| Params: {"product"=>"gelaendestapler"}
I/APP     ( 4567): I 01/25/2013 18:03:26:427 000011ed           HttpServer| GC Start.
I/APP     ( 4567): I 01/25/2013 18:03:26:501 000011ed           HttpServer| GC End.
I/APP     ( 4567): I 01/25/2013 18:03:28:536 000011ed           HttpServer| Process URI: '/app/Product'
I/APP     ( 4567): I 01/25/2013 18:03:28:573 000011ed                  APP| RHO serve: /app/Product
I/APP     ( 4567): I 01/25/2013 18:03:28:719 000011ed           HttpServer| GC Start.
I/APP     ( 4567): I 01/25/2013 18:03:28:776 000011ed           HttpServer| GC End.
I/APP     ( 4567): I 01/25/2013 18:03:30:385 000011ed           HttpServer| Process URI: '/app/Product/sub_categories'
I/APP     ( 4567): I 01/25/2013 18:03:30:388 000011ed                  APP| RHO serve: /app/Product/sub_categories
I/APP     ( 4567): I 01/25/2013 18:03:30:392 000011ed                  APP| Params: {"product"=>"arbeitsbuehnen"}
I/APP     ( 4567): I 01/25/2013 18:03:30:516 000011ed           HttpServer| GC Start.
I/APP     ( 4567): I 01/25/2013 18:03:30:603 000011ed           HttpServer| GC End.
I/APP     ( 4567): I 01/25/2013 18:03:32:042 000011ed           HttpServer| Process URI: '/app/Product/product_details'
I/APP     ( 4567): I 01/25/2013 18:03:32:044 000011ed                  APP| RHO serve: /app/Product/product_details
I/APP     ( 4567): I 01/25/2013 18:03:32:100 000011ed                  APP| Params: {"product"=>"scherenbuehnen"}
I/APP     ( 4567): I 01/25/2013 18:03:32:232 000011ed           HttpServer| GC Start.
I/APP     ( 4567): I 01/25/2013 18:03:32:304 000011ed           HttpServer| GC End.
I/APP     ( 4567): I 01/25/2013 18:03:43:873 000011ed           HttpServer| Process URI: '/app/Product/sub_categories'
I/APP     ( 4567): I 01/25/2013 18:03:43:907 000011ed                  APP| RHO serve: /app/Product/sub_categories
I/APP     ( 4567): I 01/25/2013 18:03:43:935 000011ed                  APP| Params: {"product"=>"arbeitsbuehnen"}
I/APP     ( 4567): I 01/25/2013 18:03:44:052 000011ed           HttpServer| GC Start.
I/APP     ( 4567): I 01/25/2013 18:03:44:135 000011ed           HttpServer| GC End.
I/APP     ( 4567): I 01/25/2013 18:03:46:273 000011ed           HttpServer| Process URI: '/app/Product'
I/APP     ( 4567): I 01/25/2013 18:03:46:339 000011ed                  APP| RHO serve: /app/Product
I/APP     ( 4567): I 01/25/2013 18:03:46:578 000011ed           HttpServer| GC Start.
I/APP     ( 4567): I 01/25/2013 18:03:46:649 000011ed           HttpServer| GC End.
I/APP     ( 4567): I 01/25/2013 18:03:48:717 000011ed           HttpServer| Process URI: '/app/Product/sub_categories'
I/APP     ( 4567): I 01/25/2013 18:03:48:752 000011ed                  APP| RHO serve: /app/Product/sub_categories
I/APP     ( 4567): I 01/25/2013 18:03:48:774 000011ed                  APP| Params: {"product"=>"lagertechnik"}
I/APP     ( 4567): I 01/25/2013 18:03:48:889 000011ed           HttpServer| GC Start.
I/APP     ( 4567): I 01/25/2013 18:03:48:960 000011ed           HttpServer| GC End.
I/APP     ( 4567): I 01/25/2013 18:03:51:155 000011ed           HttpServer| Process URI: '/app/Product/product_details'
I/APP     ( 4567): I 01/25/2013 18:03:51:157 000011ed                  APP| RHO serve: /app/Product/product_details
I/APP     ( 4567): I 01/25/2013 18:03:51:211 000011ed                  APP| Params: {"product"=>"handgefuehrt"}
I/APP     ( 4567): I 01/25/2013 18:03:51:333 000011ed           HttpServer| GC Start.
I/APP     ( 4567): I 01/25/2013 18:03:51:410 000011ed           HttpServer| GC End.
I/APP     ( 4567): I 01/25/2013 18:04:24:187 000011ed           HttpServer| Process URI: '/app/Product/sub_categories'
I/APP     ( 4567): I 01/25/2013 18:04:24:221 000011ed                  APP| RHO serve: /app/Product/sub_categories
I/APP     ( 4567): I 01/25/2013 18:04:24:244 000011ed                  APP| Params: {"product"=>"lagertechnik"}
I/APP     ( 4567): I 01/25/2013 18:04:24:375 000011ed           HttpServer| GC Start.
I/APP     ( 4567): I 01/25/2013 18:04:24:448 000011ed           HttpServer| GC End.
I/APP     ( 4567): I 01/25/2013 18:04:26:380 000011ed           HttpServer| Process URI: '/app/Product/product_details'
I/APP     ( 4567): I 01/25/2013 18:04:26:383 000011ed                  APP| RHO serve: /app/Product/product_details
I/APP     ( 4567): I 01/25/2013 18:04:26:440 000011ed                  APP| Params: {"product"=>"schubmaststapler"}
I/APP     ( 4567): I 01/25/2013 18:04:26:548 000011ed           HttpServer| GC Start.
I/APP     ( 4567): I 01/25/2013 18:04:26:604 000011ed           HttpServer| GC End.
I/APP     ( 4567): I 01/25/2013 18:04:32:963 000011ed           HttpServer| Process URI: '/app/Product/sub_categories'
I/APP     ( 4567): I 01/25/2013 18:04:32:965 000011ed                  APP| RHO serve: /app/Product/sub_categories
I/APP     ( 4567): I 01/25/2013 18:04:32:968 000011ed                  APP| Params: {"product"=>"lagertechnik"}
I/APP     ( 4567): I 01/25/2013 18:04:33:115 000011ed           HttpServer| GC Start.
I/APP     ( 4567): I 01/25/2013 18:04:33:194 000011ed           HttpServer| GC End.
I/APP     ( 4567): I 01/25/2013 18:04:34:631 000011ed           HttpServer| Process URI: '/app/Product'
I/APP     ( 4567): I 01/25/2013 18:04:34:633 000011ed                  APP| RHO serve: /app/Product
I/APP     ( 4567): I 01/25/2013 18:04:34:751 000011ed           HttpServer| GC Start.
I/APP     ( 4567): I 01/25/2013 18:04:34:833 000011ed           HttpServer| GC End.
I/APP     ( 4567): I 01/25/2013 18:04:47:409 000011ed           HttpServer| Process URI: '/app/Product/sub_categories'
I/APP     ( 4567): I 01/25/2013 18:04:47:417 000011ed                  APP| RHO serve: /app/Product/sub_categories
I/APP     ( 4567): I 01/25/2013 18:04:47:469 000011ed                  APP| Params: {"product"=>"arbeitsbuehnen"}
I/APP     ( 4567): I 01/25/2013 18:04:47:582 000011ed           HttpServer| GC Start.
I/APP     ( 4567): I 01/25/2013 18:04:47:650 000011ed           HttpServer| GC End.
I/APP     ( 4567): I 01/25/2013 18:04:49:575 000011ed           HttpServer| Process URI: '/app/Product/product_details'
I/APP     ( 4567): I 01/25/2013 18:04:49:577 000011ed                  APP| RHO serve: /app/Product/product_details
I/APP     ( 4567): I 01/25/2013 18:04:49:633 000011ed                  APP| Params: {"product"=>"gelenkarbeitsbuehnen"}
I/APP     ( 4567): I 01/25/2013 18:04:49:747 000011ed           HttpServer| GC Start.
I/APP     ( 4567): I 01/25/2013 18:04:49:821 000011ed           HttpServer| GC End.
I/APP     ( 4567): I 01/25/2013 18:05:11:483 000011ed           HttpServer| Process URI: '/app/Product/sub_categories'
I/APP     ( 4567): I 01/25/2013 18:05:11:486 000011ed                  APP| RHO serve: /app/Product/sub_categories
I/APP     ( 4567): I 01/25/2013 18:05:11:537 000011ed                  APP| Params: {"product"=>"arbeitsbuehnen"}
I/APP     ( 4567): I 01/25/2013 18:05:11:648 000011ed           HttpServer| GC Start.
I/APP     ( 4567): I 01/25/2013 18:05:11:699 000011ed           HttpServer| GC End.
I/APP     ( 4567): I 01/25/2013 18:05:13:798 000011ed           HttpServer| Process URI: '/app/Product'
I/APP     ( 4567): I 01/25/2013 18:05:13:834 000011ed                  APP| RHO serve: /app/Product
I/APP     ( 4567): I 01/25/2013 18:05:13:968 000011ed           HttpServer| GC Start.
I/APP     ( 4567): I 01/25/2013 18:05:14:046 000011ed           HttpServer| GC End.
I/APP     ( 4567): I 01/25/2013 18:05:18:711 000011ed           HttpServer| Process URI: '/app/Menu/info'
I/APP     ( 4567): I 01/25/2013 18:05:18:745 000011ed                  APP| RHO serve: /app/Menu/info
I/APP     ( 4567): I 01/25/2013 18:05:18:771 000011ed              RhoRuby| require_compiled: Menu/menu_controller
I/APP     ( 4567): I 01/25/2013 18:05:18:841 000011ed                  APP| App error: wrong argument type Class (expected Module)
I/APP     ( 4567):  apps/app/Menu/menu_controller.rb:6:in `include'
I/APP     ( 4567): apps/app/Menu/menu_controller.rb:6:in `<class:MenuController>'
I/APP     ( 4567): apps/app/Menu/menu_controller.rb:4:in `<main>'
I/APP     ( 4567): lib/rho/rhoapplication.rb:221:in `require'
I/APP     ( 4567): lib/rho/rhoapplication.rb:221:in `serve'
I/APP     ( 4567): lib/rho/rho.rb:879:in `serve'
I/APP     ( 4567): I 01/25/2013 18:05:18:906 000011ed           HttpServer| GC Start.
I/APP     ( 4567): I 01/25/2013 18:05:18:985 000011ed           HttpServer| GC End.
I/APP     ( 4567): I 01/25/2013 18:05:21:341 000011ed           HttpServer| Process URI: '/app/Menu/info'
I/APP     ( 4567): I 01/25/2013 18:05:21:348 000011ed                  APP| RHO serve: /app/Menu/info
I/APP     ( 4567): I 01/25/2013 18:05:21:472 000011ed           HttpServer| GC Start.
I/APP     ( 4567): I 01/25/2013 18:05:21:589 000011ed           HttpServer| GC End.
I/APP     ( 4567): I 01/25/2013 18:05:56:915 000011ed           HttpServer| Process URI: '/app/Menu/contact'
I/APP     ( 4567): I 01/25/2013 18:05:56:922 000011ed                  APP| RHO serve: /app/Menu/contact
I/APP     ( 4567): I 01/25/2013 18:05:57:040 000011ed           HttpServer| GC Start.
I/APP     ( 4567): I 01/25/2013 18:05:57:116 000011ed           HttpServer| GC End.
I/APP     ( 4567): I 01/25/2013 18:06:00:834 000011ed           HttpServer| Process URI: '/app/Menu/request'
I/APP     ( 4567): I 01/25/2013 18:06:00:874 000011ed                  APP| RHO serve: /app/Menu/request
I/APP     ( 4567): I 01/25/2013 18:06:00:980 000011ed           HttpServer| GC Start.
I/APP     ( 4567): I 01/25/2013 18:06:01:045 000011ed           HttpServer| GC End.
I/APP     ( 4567): I 01/25/2013 18:06:36:495 000011ed           HttpServer| Process URI: '/app/Menu/info'
I/APP     ( 4567): I 01/25/2013 18:06:36:497 000011ed                  APP| RHO serve: /app/Menu/info
I/APP     ( 4567): I 01/25/2013 18:06:36:618 000011ed           HttpServer| GC Start.
I/APP     ( 4567): I 01/25/2013 18:06:36:700 000011ed           HttpServer| GC End.
D/dalvikvm(  178): GC_CONCURRENT freed 384K, 6% free 9532K/10119K, paused 6ms+7ms
D/AndroidRuntime( 4608): 
D/AndroidRuntime( 4608): >>>>>> AndroidRuntime START com.android.internal.os.RuntimeInit <<<<<<
D/AndroidRuntime( 4608): CheckJNI is ON
D/AndroidRuntime( 4608): Calling main entry com.android.commands.pm.Pm
W/ActivityManager(   77): No content provider found for permission revoke: file:///data/local/tmp/macotec-debug.apk
W/ActivityManager(   77): No content provider found for permission revoke: file:///data/local/tmp/macotec-debug.apk
D/dalvikvm(   77): GC_CONCURRENT freed 384K, 14% free 11461K/13191K, paused 5ms+9ms
D/dalvikvm(   77): GC_CONCURRENT freed 296K, 12% free 11676K/13191K, paused 5ms+8ms
D/dalvikvm(   77): GC_CONCURRENT freed 490K, 11% free 11763K/13191K, paused 5ms+8ms
D/dalvikvm(   77): GC_CONCURRENT freed 578K, 11% free 11771K/13191K, paused 5ms+8ms
D/dalvikvm(   77): GC_CONCURRENT freed 593K, 11% free 11779K/13191K, paused 5ms+8ms
D/dalvikvm(   77): GC_CONCURRENT freed 631K, 11% free 11784K/13191K, paused 5ms+8ms
I/PackageManager(   77): Removing non-system package:com.rhomobile.macotec
I/ActivityManager(   77): Force stopping package com.rhomobile.macotec uid=10040
I/ActivityManager(   77): Killing proc 4567:com.rhomobile.macotec/10040: force stop
W/ActivityManager(   77): Force removing ActivityRecord{412ba6b0 com.rhomobile.macotec/com.rhomobile.rhodes.RhodesActivity}: app died, no saved state
I/WindowManager(   77): WIN DEATH: Window{415eeee0 com.rhomobile.macotec/com.rhomobile.rhodes.RhodesActivity paused=false}
W/NetworkManagementSocketTagger(   77): setKernelCountSet(10040, 0) failed with errno -2
I/PackageManager(   77): Package com.rhomobile.macotec codePath changed from /data/app/com.rhomobile.macotec-1.apk to /data/app/com.rhomobile.macotec-2.apk; Retaining data and using new
W/NetworkManagementSocketTagger(   77): setKernelCountSet(10009, 1) failed with errno -2
W/InputManagerService(   77): Got RemoteException sending setActive(false) notification to pid 4567 uid 10040
I/PackageManager(   77): Running dexopt on: com.rhomobile.macotec
D/dalvikvm( 4619): DexOpt: load 102ms, verify+opt 549ms
W/PackageManager(   77): Code path for pkg : com.rhomobile.macotec changing from /data/app/com.rhomobile.macotec-1.apk to /data/app/com.rhomobile.macotec-2.apk
W/PackageManager(   77): Resource path for pkg : com.rhomobile.macotec changing from /data/app/com.rhomobile.macotec-1.apk to /data/app/com.rhomobile.macotec-2.apk
I/ActivityManager(   77): Force stopping package com.rhomobile.macotec uid=10040
D/dalvikvm(   77): GC_CONCURRENT freed 559K, 11% free 11792K/13191K, paused 6ms+14ms
D/PackageManager(   77): New package installed in /data/app/com.rhomobile.macotec-2.apk
I/ActivityManager(   77): Force stopping package com.rhomobile.macotec uid=10040
D/dalvikvm(  186): GC_EXPLICIT freed 726K, 41% free 14587K/24391K, paused 9ms+123ms
D/dalvikvm(   77): GC_EXPLICIT freed 616K, 14% free 11397K/13191K, paused 19ms+88ms
D/PackageManager(   77): generateServicesMap(android.accounts.AccountAuthenticator): 2 services unchanged
D/dalvikvm(  223): GC_EXPLICIT freed 152K, 4% free 9402K/9735K, paused 1269ms+497ms
D/PackageManager(   77): generateServicesMap(android.content.SyncAdapter): 4 services unchanged
D/BackupManagerService(   77): Received broadcast Intent { act=android.intent.action.PACKAGE_REMOVED dat=package:com.rhomobile.macotec flg=0x10000010 (has extras) }
I/AccountTypeManager(  312): Loaded meta-data for 1 account types, 0 accounts in 1419ms(wall) 8ms(cpu)
D/PackageManager(   77): generateServicesMap(android.accounts.AccountAuthenticator): 2 services unchanged
D/PackageManager(   77): generateServicesMap(android.content.SyncAdapter): 4 services unchanged
D/BackupManagerService(   77): Received broadcast Intent { act=android.intent.action.PACKAGE_ADDED dat=package:com.rhomobile.macotec flg=0x10000010 (has extras) }
V/BackupManagerService(   77): updatePackageParticipantsLocked: #1
W/RecognitionManagerService(   77): no available voice recognition services found
I/AccountTypeManager(  312): Loaded meta-data for 1 account types, 0 accounts in 369ms(wall) 5ms(cpu)
D/BackupManagerService(   77): Received broadcast Intent { act=android.intent.action.PACKAGE_REPLACED dat=package:com.rhomobile.macotec flg=0x10000010 (has extras) }
V/BackupManagerService(   77): updatePackageParticipantsLocked: #1
D/dalvikvm(   77): GC_CONCURRENT freed 459K, 13% free 11533K/13191K, paused 6ms+10ms
D/dalvikvm(   77): GC_EXPLICIT freed 206K, 14% free 11375K/13191K, paused 5ms+11ms
D/AndroidRuntime( 4608): Shutting down VM
D/dalvikvm( 4608): GC_CONCURRENT freed 97K, 79% free 450K/2048K, paused 1ms+1ms
I/AndroidRuntime( 4608): NOTE: attach of thread 'Binder Thread #3' failed
D/AndroidRuntime( 4627): 
D/AndroidRuntime( 4627): >>>>>> AndroidRuntime START com.android.internal.os.RuntimeInit <<<<<<
D/AndroidRuntime( 4627): CheckJNI is ON
D/AndroidRuntime( 4627): Calling main entry com.android.commands.am.Am
I/ActivityManager(   77): START {act=android.intent.action.MAIN flg=0x10000000 cmp=com.rhomobile.macotec/com.rhomobile.rhodes.RhodesActivity} from pid 4627
W/WindowManager(   77): Failure taking screenshot for (180x273) to layer 21020
D/AndroidRuntime( 4627): Shutting down VM
D/dalvikvm( 4627): GC_CONCURRENT freed 97K, 77% free 479K/2048K, paused 1ms+1ms
I/AndroidRuntime( 4627): NOTE: attach of thread 'Binder Thread #3' failed
I/ActivityManager(   77): Start proc com.rhomobile.macotec for activity com.rhomobile.macotec/com.rhomobile.rhodes.RhodesActivity: pid=4637 uid=10040 gids={3003}
I/dalvikvm( 4637): Turning on JNI app bug workarounds for target SDK version 4...
W/NetworkManagementSocketTagger(   77): setKernelCountSet(10040, 1) failed with errno -2
I/Process (   77): Sending signal. PID: 4637 SIG: 3
I/dalvikvm( 4637): threadid=3: reacting to signal 3
I/dalvikvm( 4637): Wrote stack traces to '/data/anr/traces.txt'
D/dalvikvm( 4637): Trying to load lib /data/data/com.rhomobile.macotec/lib/librhodes.so 0x412a1528
D/dalvikvm( 4637): Added shared lib /data/data/com.rhomobile.macotec/lib/librhodes.so 0x412a1528
I/Process (   77): Sending signal. PID: 4637 SIG: 3
I/dalvikvm( 4637): threadid=3: reacting to signal 3
D/dalvikvm( 4637): Trying to load lib /data/data/com.rhomobile.macotec/lib/librhodes.so 0x412a1528
D/dalvikvm( 4637): Shared lib '/data/data/com.rhomobile.macotec/lib/librhodes.so' already loaded in same CL 0x412a1528
I/ActivityThread( 4637): Pub com.rhomobile.macotec: com.rhomobile.rhodes.LocalFileProvider
I/dalvikvm( 4637): Wrote stack traces to '/data/anr/traces.txt'
I/RhodesApplication( 4637): Initializing...
D/RhoFileApi( 4637): App root path: /data/data/com.rhomobile.macotec/rhodata/
D/RhoFileApi( 4637): Sqlite journals path: /data/data/com.rhomobile.macotec/sqlite_stmt_journals/
D/RhoFileApi( 4637): Shared path: /data/data/com.rhomobile.macotec/rhodata/
D/RhodesApplication( 4637): Root path: /data/data/com.rhomobile.macotec/rhodata/
I/RhodesApplication( 4637): Application hash was changed
D/RhoFileApi( 4637): Copy hash to FS
I/Process (   77): Sending signal. PID: 4637 SIG: 3
I/dalvikvm( 4637): threadid=3: reacting to signal 3
D/RhoFileApi( 4637): File hash copied
D/RhoFileApi( 4637): Copy rho.dat to FS
D/RhoFileApi( 4637): File rho.dat copied
I/dalvikvm( 4637): Wrote stack traces to '/data/anr/traces.txt'
D/RhoFileApi( 4637): Copy apps/rhoconfig.txt to FS
D/RhoFileApi( 4637): File apps/rhoconfig.txt copied
I/RhoFileApi( 4637): Opening stat table from FS: /data/data/com.rhomobile.macotec/rhodata/rho.dat
D/RhoFileApi( 4637): Copy apps/rhoconfig.txt to FS
I/Process (   77): Sending signal. PID: 4637 SIG: 3
I/dalvikvm( 4637): threadid=3: reacting to signal 3
I/dalvikvm( 4637): Wrote stack traces to '/data/anr/traces.txt'
D/RhoFileApi( 4637): File apps/rhoconfig.txt copied
D/RhoFileApi( 4637): App root path: /data/data/com.rhomobile.macotec/rhodata/
D/RhoFileApi( 4637): Sqlite journals path: /data/data/com.rhomobile.macotec/sqlite_stmt_journals/
D/RhoFileApi( 4637): Shared path: /data/data/com.rhomobile.macotec/rhodata/
I/APP     ( 4637): I 01/25/2013 18:08:49:257 0000121d    RhodesApplication| Initialized
I/APP     ( 4637): I 01/25/2013 18:08:49:416 0000121d         BaseActivity| New screen properties - width: 480, height: 728, orientation: 1
I/Process (   77): Sending signal. PID: 4637 SIG: 3
I/dalvikvm( 4637): threadid=3: reacting to signal 3
I/dalvikvm( 4637): Wrote stack traces to '/data/anr/traces.txt'
I/Process (   77): Sending signal. PID: 4637 SIG: 3
I/dalvikvm( 4637): threadid=3: reacting to signal 3
I/dalvikvm( 4637): Wrote stack traces to '/data/anr/traces.txt'
I/Process (   77): Sending signal. PID: 4637 SIG: 3
I/dalvikvm( 4637): threadid=3: reacting to signal 3
I/dalvikvm( 4637): Wrote stack traces to '/data/anr/traces.txt'
I/APP     ( 4637): I 01/25/2013 18:08:51:818 0000121d         SplashScreen| Looking for start page source
I/Process (   77): Sending signal. PID: 4637 SIG: 3
I/dalvikvm( 4637): threadid=3: reacting to signal 3
I/Process (   77): Sending signal. PID: 4637 SIG: 3
I/dalvikvm( 4637): Wrote stack traces to '/data/anr/traces.txt'
I/dalvikvm( 4637): threadid=3: reacting to signal 3
I/Process (   77): Sending signal. PID: 4637 SIG: 3
I/Process (   77): Sending signal. PID: 4637 SIG: 3
W/dalvikvm( 4637): threadid=3: spin on suspend #1 threadid=2 (pcf=0)
W/dalvikvm( 4637): threadid=3: spin on suspend resolved in 1152 msec
I/Process (   77): Sending signal. PID: 4637 SIG: 3
I/dalvikvm( 4637): Wrote stack traces to '/data/anr/traces.txt'
I/dalvikvm( 4637): threadid=3: reacting to signal 3
I/dalvikvm( 4637): Wrote stack traces to '/data/anr/traces.txt'
I/Process (   77): Sending signal. PID: 4637 SIG: 3
I/dalvikvm( 4637): threadid=3: reacting to signal 3
D/dalvikvm( 4637): GC_CONCURRENT freed 278K, 5% free 9200K/9607K, paused 150ms+6ms
I/dalvikvm( 4637): Wrote stack traces to '/data/anr/traces.txt'
I/Process (   77): Sending signal. PID: 4637 SIG: 3
I/dalvikvm( 4637): threadid=3: reacting to signal 3
D/dalvikvm( 4637): GC_FOR_ALLOC freed 10K, 5% free 9220K/9607K, paused 112ms
I/dalvikvm( 4637): Wrote stack traces to '/data/anr/traces.txt'
I/dalvikvm-heap( 4637): Grow heap (frag case) to 11.415MB for 2457616-byte allocation
D/dalvikvm( 4637): GC_FOR_ALLOC freed <1K, 4% free 11619K/12039K, paused 112ms
I/Process (   77): Sending signal. PID: 4637 SIG: 3
I/dalvikvm( 4637): threadid=3: reacting to signal 3
I/dalvikvm( 4637): Wrote stack traces to '/data/anr/traces.txt'
D/dalvikvm( 4637): GC_CONCURRENT freed <1K, 4% free 11621K/12039K, paused 6ms+5ms
W/ActivityManager(   77): Launch timeout has expired, giving up wake lock!
I/APP     ( 4637): I 01/25/2013 18:08:56:502 0000121d         SplashScreen| Done
I/APP     ( 4637): I 01/25/2013 18:08:56:541 0000121d    RhodesApplication| New UiState: MainActivityCreated
I/APP     ( 4637): I 01/25/2013 18:08:56:579 0000121d       RhodesActivity| onStart
I/APP     ( 4637): I 01/25/2013 18:08:56:615 0000121d    RhodesApplication| New UiState: MainActivityStarted
I/Process (   77): Sending signal. PID: 4637 SIG: 3
I/dalvikvm( 4637): threadid=3: reacting to signal 3
I/APP     ( 4637): I 01/25/2013 18:08:56:728 0000121d       RhodesActivity| onResume
I/APP     ( 4637): I 01/25/2013 18:08:56:759 0000121d AndroidFunctionality| Resume WebView
I/dalvikvm( 4637): Wrote stack traces to '/data/anr/traces.txt'
I/APP     ( 4637): I 01/25/2013 18:08:56:890 0000121d        RhodesService| onCreate
I/APP     ( 4637): I 01/25/2013 18:08:56:895 0000121d    LocalFileProvider| Revoke URI permissions: content:///com.rhomobile.macotec
W/ActivityManager(   77): No content provider found for permission revoke: content:///com.rhomobile.macotec
I/APP     ( 4637): I 01/25/2013 18:08:56:974 0000121d               Rhodes| Loading...
W/ActivityManager(   77): Activity idle timeout for ActivityRecord{412ba6b0 com.rhomobile.macotec/com.rhomobile.rhodes.RhodesActivity}
I/APP     ( 4637): I 01/25/2013 18:08:57:040 0000121d            RhodesApp| Trying to get free listening port.
I/APP     ( 4637): I 01/25/2013 18:08:57:075 0000121d            RhodesApp| Trying to bind of 8080 port...
I/APP     ( 4637): I 01/25/2013 18:08:57:099 00001232         AppCallbacks| Starting main routine...
I/APP     ( 4637): I 01/25/2013 18:08:57:133 00001232         AppCallbacks| ThreadQueue blocked for 4294967295 seconds...
I/APP     ( 4637): I 01/25/2013 18:08:57:133 0000121d            RhodesApp| Got port to bind on: 8080
I/APP     ( 4637): I 01/25/2013 18:08:57:192 0000121d            RhodesApp| Free listening port: 8080
I/APP     ( 4637): I 01/25/2013 18:08:57:328 0000121d        RhodesService| Push is disabled
I/APP     ( 4637): I 01/25/2013 18:08:57:369 0000121d            RhodesApp| callAppActiveCallback
I/APP     ( 4637): I 01/25/2013 18:08:57:398 0000121d         AppCallbacks| addCommand: APP-ACTIVATED
I/APP     ( 4637): I 01/25/2013 18:08:57:429 00001232         AppCallbacks| Received command APP-ACTIVATED which is greater than expected (LOCAL-SERVER-STARTED) - postpone it
I/APP     ( 4637): I 01/25/2013 18:08:57:460 00001232         AppCallbacks| ThreadQueue blocked for 4294967295 seconds...
I/APP     ( 4637): I 01/25/2013 18:08:57:425 00001234            RhodesApp| Starting RhodesApp main routine...
I/APP     ( 4637): I 01/25/2013 18:08:57:516 0000121d         AppActivated| Cannot commit now, application will be activated when started.
I/APP     ( 4637): I 01/25/2013 18:08:57:552 0000121d    RhodesApplication| New AppState: Undefined
D/RhodesService( 4637): +++ onStartCommand
I/RhodesService( 4637): handleCommand: startId=1, source=com.rhomobile.rhodes.BaseActivity
D/RhodesService( 4637): New activity was created
I/APP     ( 4637): I 01/25/2013 18:08:57:691 0000121d        RhodesService| onBind
I/APP     ( 4637): I 01/25/2013 18:08:57:754 0000121d         AppCallbacks| addCommand: UI-CREATED
I/APP     ( 4637): I 01/25/2013 18:08:57:817 00001232         AppCallbacks| Received command UI-CREATED which is greater than expected (LOCAL-SERVER-STARTED) - postpone it
I/APP     ( 4637): I 01/25/2013 18:08:57:819 00001232         AppCallbacks| ThreadQueue blocked for 4294967295 seconds...
V/PhoneStatusBar(  131): setLightsOn(true)
I/APP     ( 4637): I 01/25/2013 18:08:58:145 0000121d       RhodesActivity| onServiceConnected: {com.rhomobile.macotec/com.rhomobile.rhodes.RhodesService}
I/APP     ( 4637): I 01/25/2013 18:08:58:195 0000121d       RhodesActivity| New start parameters: 
I/APP     ( 4637): I 01/25/2013 18:08:58:336 0000121d            RhodesApp| New start params: 
D/gralloc_goldfish( 4637): Emulator without GPU emulation detected.
I/ActivityManager(   77): Displayed com.rhomobile.macotec/com.rhomobile.rhodes.RhodesActivity: +14s707ms
I/APP     ( 4637): I 01/25/2013 18:09:02:992 00001234              RhoRuby| Init_RhoBlobs: /data/data/com.rhomobile.macotec/rhodata/db/db-files
I/APP     ( 4637): I 01/25/2013 18:09:03:269 00001234              RhoRuby| require_compiled: rhoframework
I/APP     ( 4637): I 01/25/2013 18:09:03:423 00001234              RhoRuby| require_compiled: rational
I/APP     ( 4637): I 01/25/2013 18:09:03:486 00001234              RhoRuby| require_compiled: rhom/rhom_db_adapter
I/APP     ( 4637): I 01/25/2013 18:09:03:607 00001234              RhoRuby| require_compiled: rhodes
I/APP     ( 4637): I 01/25/2013 18:09:03:675 00001234              RhoRuby| require_compiled: rhom/rhom_object
I/APP     ( 4637): I 01/25/2013 18:09:03:750 00001234              RhoRuby| require_compiled: rhofsconnector
I/APP     ( 4637): I 01/25/2013 18:09:03:801 00001234              RhoRuby| require_compiled: rho/rhofsconnector
I/APP     ( 4637): I 01/25/2013 18:09:03:862 00001234              RhoRuby| require_compiled: rhom/rhom_object_factory
W/NetworkManagementSocketTagger(   77): setKernelCountSet(10009, 0) failed with errno -2
I/APP     ( 4637): I 01/25/2013 18:09:04:349 00001234              RhoRuby| require_compiled: rhom/rhom
I/APP     ( 4637): I 01/25/2013 18:09:04:462 00001234              RhoRuby| require_compiled: rhom/rhom_model
I/APP     ( 4637): I 01/25/2013 18:09:04:558 00001234              RhoRuby| require_compiled: rhom
I/APP     ( 4637): I 01/25/2013 18:09:04:617 00001234              RhoRuby| require_compiled: rho/rhoapplication
I/APP     ( 4637): I 01/25/2013 18:09:04:721 00001234              RhoRuby| require_compiled: rholang/localization_simplified
I/APP     ( 4637): I 01/25/2013 18:09:04:820 00001234              RhoRuby| require_compiled: rho/rhomsg
I/APP     ( 4637): I 01/25/2013 18:09:04:877 00001234              RhoRuby| require_compiled: rho/rhotabbar
I/APP     ( 4637): I 01/25/2013 18:09:04:935 00001234              RhoRuby| require_compiled: rho/rhotoolbar
I/APP     ( 4637): I 01/25/2013 18:09:04:973 00001234                  APP| Current locale: ; Country code: 
I/APP     ( 4637): I 01/25/2013 18:09:05:010 00001234                  APP| Locilized file: /data/data/com.rhomobile.macotec/rhodata/lib/rholang/lang_
I/APP     ( 4637): I 01/25/2013 18:09:05:046 00001234              RhoRuby| require_compiled: /data/data/com.rhomobile.macotec/rhodata/lib/rholang/lang_en
I/APP     ( 4637): I 01/25/2013 18:09:05:090 00001234                  APP| Locilized file: /data/data/com.rhomobile.macotec/rhodata/apps/app/lang/lang_
I/APP     ( 4637): I 01/25/2013 18:09:05:130 00001234                  APP| Locilized file: /data/data/com.rhomobile.macotec/rhodata/lib/rholang/rhoerror_
I/APP     ( 4637): I 01/25/2013 18:09:05:161 00001234              RhoRuby| require_compiled: /data/data/com.rhomobile.macotec/rhodata/lib/rholang/rhoerror_en
I/APP     ( 4637): I 01/25/2013 18:09:05:215 00001234                  APP| Locilized file: /data/data/com.rhomobile.macotec/rhodata/lib/rholang/rhomsg_
I/APP     ( 4637): I 01/25/2013 18:09:05:242 00001234              RhoRuby| require_compiled: /data/data/com.rhomobile.macotec/rhodata/lib/rholang/rhomsg_en
