I/APP     (  537): I 03/25/2013 09:39:17:559 00000233           HttpServer| Process URI: '/public/images/macotec/request_top.png'
I/APP     (  537): I 03/25/2013 09:39:17:634 00000233           HttpServer| Process URI: '/public/images/macotec/contact_png.png'
I/APP     (  537): I 03/25/2013 09:39:17:647 00000233           HttpServer| Process URI: '/public/images/macotec/products_png.png'
I/APP     (  537): I 03/25/2013 09:39:17:663 00000233           HttpServer| Process URI: '/public/images/macotec/info_png.png'
I/APP     (  537): I 03/25/2013 09:39:17:677 00000233           HttpServer| Process URI: '/public/images/macotec/attention.png'
W/webview (  537): Stale touch event ACTION_DOWN received from webcore; ignoring
W/ThrottleService(   81): unable to find stats for iface rmnet0
D/dalvikvm(  167): GC_CONCURRENT freed 435K, 6% free 9555K/10119K, paused 7ms+5ms
W/ThrottleService(   81): unable to find stats for iface rmnet0
D/dalvikvm(   81): GC_CONCURRENT freed 429K, 13% free 11197K/12807K, paused 14ms+8ms
D/dalvikvm(  167): GC_CONCURRENT freed 455K, 6% free 9534K/10119K, paused 7ms+4ms
F/NetworkStats(   81): problem reading network stats
F/NetworkStats(   81): java.lang.IllegalStateException: problem parsing idx 1
F/NetworkStats(   81): 	at com.android.internal.net.NetworkStatsFactory.readNetworkStatsDetail(NetworkStatsFactory.java:300)
F/NetworkStats(   81): 	at com.android.server.NetworkManagementService.getNetworkStatsUidDetail(NetworkManagementService.java:1282)
F/NetworkStats(   81): 	at com.android.server.net.NetworkStatsService.performPollLocked(NetworkStatsService.java:831)
F/NetworkStats(   81): 	at com.android.server.net.NetworkStatsService.performPoll(NetworkStatsService.java:799)
F/NetworkStats(   81): 	at com.android.server.net.NetworkStatsService.access$100(NetworkStatsService.java:128)
F/NetworkStats(   81): 	at com.android.server.net.NetworkStatsService$3.onReceive(NetworkStatsService.java:633)
F/NetworkStats(   81): 	at android.app.LoadedApk$ReceiverDispatcher$Args.run(LoadedApk.java:728)
F/NetworkStats(   81): 	at android.os.Handler.handleCallback(Handler.java:605)
F/NetworkStats(   81): 	at android.os.Handler.dispatchMessage(Handler.java:92)
F/NetworkStats(   81): 	at android.os.Looper.loop(Looper.java:137)
F/NetworkStats(   81): 	at android.os.HandlerThread.run(HandlerThread.java:60)
F/NetworkStats(   81): Caused by: java.io.FileNotFoundException: /proc/net/xt_qtaguid/stats: open failed: ENOENT (No such file or directory)
F/NetworkStats(   81): 	at libcore.io.IoBridge.open(IoBridge.java:406)
F/NetworkStats(   81): 	at java.io.FileInputStream.<init>(FileInputStream.java:78)
F/NetworkStats(   81): 	at com.android.internal.net.NetworkStatsFactory.readNetworkStatsDetail(NetworkStatsFactory.java:269)
F/NetworkStats(   81): 	... 10 more
F/NetworkStats(   81): Caused by: libcore.io.ErrnoException: open failed: ENOENT (No such file or directory)
F/NetworkStats(   81): 	at libcore.io.Posix.open(Native Method)
F/NetworkStats(   81): 	at libcore.io.BlockGuardOs.open(BlockGuardOs.java:110)
F/NetworkStats(   81): 	at libcore.io.IoBridge.open(IoBridge.java:390)
F/NetworkStats(   81): 	... 12 more
I/APP     (  537): I 03/25/2013 09:57:41:746 00000233           HttpServer| Process URI: '/app/Product/get_catalog_data'
I/APP     (  537): I 03/25/2013 09:57:41:749 00000233                  APP| RHO serve: /app/Product/get_catalog_data
I/APP     (  537): I 03/25/2013 09:57:41:758 00000233              RhoRuby| require_compiled: Product/product_controller
I/APP     (  537): I 03/25/2013 09:57:41:799 00000233              RhoRuby| require_compiled: helpers/browser_helper
I/APP     (  537): I 03/25/2013 09:57:41:840 00000233              RhoRuby| require_compiled: json
I/APP     (  537): I 03/25/2013 09:57:41:844 00000233              RhoRuby| require_compiled: json/common
I/APP     (  537): I 03/25/2013 09:57:41:910 00000233              RhoRuby| require_compiled: json/version
I/APP     (  537): I 03/25/2013 09:57:41:970 00000233              RhoRuby| require_compiled: json/pure
I/APP     (  537): I 03/25/2013 09:57:42:008 00000233              RhoRuby| require_compiled: json/pure/generator
I/APP     (  537): I 03/25/2013 09:57:42:131 00000233              RhoRuby| require_compiled: Connection/connection_controller
I/APP     (  537): I 03/25/2013 09:57:42:159 00000233              RhoRuby| require_compiled: date
I/APP     (  537): I 03/25/2013 09:57:42:176 00000233              RhoRuby| require_compiled: dateOrig
I/APP     (  537): I 03/25/2013 09:57:42:379 00000233              RhoRuby| require_compiled: date/format
D/dalvikvm(  537): GC_CONCURRENT freed 929K, 8% free 12505K/13511K, paused 7ms+4ms
D/webviewglue(  537): nativeDestroy view: 0x288e68
I/APP     (  537): E 03/25/2013 09:57:42:653 00000233               RubyVM| lib/date.rb:14: warning: already initialized constant MONTHNAMES
I/APP     (  537): E 03/25/2013 09:57:42:654 00000233               RubyVM| lib/date.rb:15: warning: already initialized constant ABBR_MONTHNAMES
I/APP     (  537): E 03/25/2013 09:57:42:656 00000233               RubyVM| lib/date.rb:16: warning: already initialized constant DAYNAMES
I/APP     (  537): E 03/25/2013 09:57:42:658 00000233               RubyVM| lib/date.rb:17: warning: already initialized constant ABBR_DAYNAMES
I/ActivityManager(   81): START {cmp=com.rhomobile.macotec/com.rhomobile.rhodes.alert.PopupActivity (has extras)} from pid 537
W/WindowManager(   81): Failure taking screenshot for (180x300) to layer 21010
I/APP     (  537): I 03/25/2013 09:57:42:686 00000219 AndroidFunctionality| Pause WebView
I/APP     (  537): I 03/25/2013 09:57:42:687 00000219       RhodesActivity| onPause
I/APP     (  537): I 03/25/2013 09:57:42:738 00000233            AsyncHttp| addCommand: GET
I/APP     (  537): I 03/25/2013 09:57:42:757 00000249            AsyncHttp| Starting main routine...
I/APP     (  537): I 03/25/2013 09:57:42:759 00000249                  Net| GET request (Pull): http://www.datenloft.com/macotec/catalog.php
I/APP     (  537): I 03/25/2013 09:57:42:808 00000233           HttpServer| GC Start.
I/APP     (  537): I 03/25/2013 09:57:42:863 00000233           HttpServer| GC End.
I/APP     (  537): I 03/25/2013 09:57:42:865 00000233           HttpServer| Process URI: '/system/uidestroyed'
I/APP     (  537): I 03/25/2013 09:57:42:873 00000219    RhodesApplication| New UiState: MainActivityPaused
V/PhoneStatusBar(  140): setLightsOn(true)
D/RhodesService(  537): +++ onStartCommand
I/RhodesService(  537): handleCommand: startId=2, source=com.rhomobile.rhodes.BaseActivity
D/RhodesService(  537): New activity was created
I/APP     (  537): I 03/25/2013 09:57:43:306 00000233           HttpServer| Process URI: '/app/Product/http_callback'
I/APP     (  537): I 03/25/2013 09:57:43:308 00000233                  APP| RHO serve: /app/Product/http_callback
I/Process (   81): Sending signal. PID: 537 SIG: 3
I/dalvikvm(  537): threadid=3: reacting to signal 3
I/dalvikvm(  537): Wrote stack traces to '/data/anr/traces.txt'
I/APP     (  537): I 03/25/2013 09:57:43:503 00000233                  APP| Params: {"rho_callback"=>"1", "status"=>"ok", "http_error"=>"200", "headers"=>{"Content-Type"=>"application/x-www-form-urlencoded", "User-Agent"=>"Mozilla-5.0 (ANDROID; unknown generic; 4.0.4)", "charset"=>"UTF-8", "connection"=>"Keep-Alive", "content-type"=>"application/json", "date"=>"Mon, 25 Mar 2013 08:57:43 GMT", "keep-alive"=>"timeout=3, max=100", "server"=>"Apache/2.2.21 (Unix) mod_ssl/2.2.21 OpenSSL/0.9.8r", "transfer-encoding"=>"chunked", "x-pad"=>"avoid browser bug", "x-powered-by"=>"PHP/5.2.17"}, "__rho_object"=>{"body"=>"0"}}
I/APP     (  537): I 03/25/2013 09:57:43:544 00000233                  APP| const_missing: Product
I/ActivityManager(   81): Displayed com.rhomobile.macotec/com.rhomobile.rhodes.alert.PopupActivity: +672ms
I/ARMAssembler(   36): generated scanline__00000077:03515104_00008001_00000000 [113 ipp] (134 ins) at [0x4129e6a8:0x4129e8c0] in 1296323 ns
I/APP     (  537): I 03/25/2013 09:57:43:634 00000233                  APP| load_model: Product
I/APP     (  537): I 03/25/2013 09:57:43:640 00000233              RhoRuby| require_compiled: Product/product
I/APP     (  537): I 03/25/2013 09:57:43:693 00000233                  APP| model name: Product
I/APP     (  537): I 03/25/2013 09:57:43:694 00000233                  APP| model class found
I/APP     (  537): I 03/25/2013 09:57:43:700 00000233                  APP| Product : {"schema"=>{"property"=>{"catalog_date"=>[:date, nil], "catalog_version"=>[:integer, nil], "category"=>[:string, nil], "category_name"=>[:string, nil], "category_img_url"=>[:string, nil], "sub_category"=>[:string, nil], "sub_category_name"=>[:string, nil], "sub_category_img_url"=>[:string, nil], "details"=>[:string, nil], "details_name"=>[:string, nil], "detail_img_url"=>[:string, nil], "header"=>[:string, nil], "attribute_title_1"=>[:string, nil], "attribute_title_2"=>[:string, nil], "attribute_title_3"=>[:string, nil], "attribute_title_4"=>[:string, nil], "attribute_title_5"=>[:string, nil], "attribute_list_title"=>[:string, nil], "attribute_1"=>[:string, nil], "attribute_2"=>[:string, nil], "attribute_3"=>[:string, nil], "attribute_4"=>[:string, nil], "attribute_5"=>[:string, nil], "attribute_list"=>[:string, nil]}}}
I/APP     (  537): I 03/25/2013 09:57:43:704 00000233                   DB| Open DB: /data/data/com.rhomobile.macotec/rhodata/db/syncdblocal.sqlite
I/APP     (  537): I 03/25/2013 09:57:43:719 00000233                  APP| init_db_sources
I/APP     (  537): I 03/25/2013 09:57:43:747 00000233                  APP| start_id: 40005
I/APP     (  537): I 03/25/2013 09:57:43:749 00000233                  APP| Migrate schema sources: {}
I/APP     (  537): I 03/25/2013 09:57:43:771 00000233                  APP| ::::::::::::::::::::::: update_product_list
I/APP     (  537): I 03/25/2013 09:57:46:912 00000219       SimpleMainView| Cleared URL: http://localhost:8080/app/Product
I/APP     (  537): I 03/25/2013 09:57:46:925 00000249            AsyncHttp| ThreadQueue blocked for 4294967295 seconds...
I/APP     (  537): I 03/25/2013 09:57:46:942 00000233           HttpServer| GC Start.
I/APP     (  537): I 03/25/2013 09:57:46:991 00000233           HttpServer| GC End.
I/APP     (  537): I 03/25/2013 09:57:46:993 00000233           HttpServer| Process URI: '/app/Product'
I/APP     (  537): I 03/25/2013 09:57:46:997 00000233                  APP| RHO serve: /app/Product
W/WindowManager(   81): Failure taking screenshot for (180x300) to layer 21020
V/PhoneStatusBar(  140): setLightsOn(true)
I/APP     (  537): I 03/25/2013 09:57:47:287 00000219       RhodesActivity| onResume
I/APP     (  537): I 03/25/2013 09:57:47:288 00000219 AndroidFunctionality| Resume WebView
I/APP     (  537): I 03/25/2013 09:57:47:478 00000233 RHO ProductController| Layout file: /data/data/com.rhomobile.macotec/rhodata/apps/app/layout_erb.iseq. Content size: 3810
I/APP     (  537): I 03/25/2013 09:57:47:520 00000233           HttpServer| GC Start.
I/APP     (  537): I 03/25/2013 09:57:47:575 00000233           HttpServer| GC End.
I/Process (   81): Sending signal. PID: 537 SIG: 3
I/dalvikvm(  537): threadid=3: reacting to signal 3
I/dalvikvm(  537): Wrote stack traces to '/data/anr/traces.txt'
I/APP     (  537): I 03/25/2013 09:57:49:508 00000233           HttpServer| Process URI: '/public/jqmobile/images/icons-36-white.png'
I/APP     (  537): I 03/25/2013 09:57:52:459 00000233           HttpServer| Process URI: '/app/index_erb.iseq'
I/APP     (  537): I 03/25/2013 09:57:52:463 00000233                  APP| RHO serve_index: /app/index_erb.iseq
I/APP     (  537): I 03/25/2013 09:57:52:464 00000233 RHO Rho::RhoController| inst_render_index
I/APP     (  537): I 03/25/2013 09:57:52:563 00000233           HttpServer| GC Start.
I/APP     (  537): I 03/25/2013 09:57:52:594 00000233           HttpServer| GC End.
E/libEGL  (  537): call to OpenGL ES API with no current context (logged once per thread)
D/ShaderProgram(  537): couldn't load the vertex shader!
E/libEGL  (  537): call to OpenGL ES API with no current context (logged once per thread)
D/ShaderProgram(  537): couldn't load the vertex shader!
E/libEGL  (  537): call to OpenGL ES API with no current context (logged once per thread)
D/ShaderProgram(  537): couldn't load the vertex shader!
E/libEGL  (  537): call to OpenGL ES API with no current context (logged once per thread)
D/ShaderProgram(  537): couldn't load the vertex shader!
E/libEGL  (  537): call to OpenGL ES API with no current context (logged once per thread)
D/ShaderProgram(  537): couldn't load the vertex shader!
I/APP     (  537): I 03/25/2013 09:57:55:975 00000233           HttpServer| Process URI: '/app/Request/request'
I/APP     (  537): I 03/25/2013 09:57:55:978 00000233                  APP| RHO serve: /app/Request/request
I/APP     (  537): I 03/25/2013 09:57:55:980 00000233              RhoRuby| require_compiled: Request/request_controller
I/APP     (  537): I 03/25/2013 09:57:56:084 00000233              RhoRuby| require_compiled: time
I/APP     (  537): I 03/25/2013 09:57:56:359 00000233           HttpServer| GC Start.
I/APP     (  537): I 03/25/2013 09:57:56:427 00000233           HttpServer| GC End.
I/APP     (  537): I 03/25/2013 09:57:56:863 00000233           HttpServer| Process URI: '/public/images/macotec/forklifter_full.png'
I/APP     (  537): I 03/25/2013 09:57:56:893 00000233           HttpServer| Process URI: '/public/images/macotec/request_contract.png'
I/APP     (  537): I 03/25/2013 09:58:01:947 00000233           HttpServer| Process URI: '/app/Request/request_rental'
I/APP     (  537): I 03/25/2013 09:58:01:948 00000233                  APP| RHO serve: /app/Request/request_rental
I/APP     (  537): I 03/25/2013 09:58:01:974 00000233                  APP| const_missing: Settings
I/APP     (  537): I 03/25/2013 09:58:01:995 00000233                  APP| load_model: Settings
I/APP     (  537): I 03/25/2013 09:58:02:001 00000233              RhoRuby| require_compiled: Settings/settings
I/APP     (  537): I 03/25/2013 09:58:02:046 00000233                  APP| model name: Settings
I/APP     (  537): I 03/25/2013 09:58:02:047 00000233                  APP| model class found
I/APP     (  537): I 03/25/2013 09:58:02:055 00000233                  APP| Settings : {"schema"=>{"property"=>{"company"=>[:string, nil], "phone"=>[:string, nil], "email"=>[:string, nil]}}}
I/APP     (  537): I 03/25/2013 09:58:02:063 00000233                  APP| init_db_sources
I/APP     (  537): I 03/25/2013 09:58:02:084 00000233                  APP| start_id: 40005
I/APP     (  537): I 03/25/2013 09:58:02:086 00000233                  APP| Migrate schema sources: {}
I/APP     (  537): I 03/25/2013 09:58:02:404 00000233           HttpServer| GC Start.
I/APP     (  537): I 03/25/2013 09:58:02:467 00000233           HttpServer| GC End.
D/dalvikvm(   81): GC_CONCURRENT freed 414K, 13% free 11199K/12807K, paused 5ms+34ms
W/webview (  537): Got ACTION_DOWN but still waiting on stale event. Catching up.
W/webview (  537): Miss a drag as we are waiting for WebCore's response for touch down.
W/webview (  537): Got ACTION_DOWN but still waiting on stale event. Catching up.
W/webview (  537): Stale touch event ACTION_DOWN received from webcore; ignoring
W/webview (  537): Stale touch event ACTION_MOVE received from webcore; ignoring
W/webview (  537): Got ACTION_DOWN but still waiting on stale event. Catching up.
W/webview (  537): Stale touch event ACTION_UP received from webcore; ignoring
W/webview (  537): Stale touch event ACTION_DOWN received from webcore; ignoring
W/webview (  537): Stale touch event ACTION_UP received from webcore; ignoring
D/dalvikvm(  167): GC_CONCURRENT freed 385K, 6% free 9533K/10119K, paused 4ms+3ms
W/webview (  537): Stale touch event ACTION_DOWN received from webcore; ignoring
I/APP     (  537): I 03/25/2013 09:58:52:360 00000233           HttpServer| Process URI: '/app/Request/submit_request_rental'
I/APP     (  537): I 03/25/2013 09:58:52:378 00000233                  APP| RHO serve: /app/Request/submit_request_rental
I/APP     (  537): I 03/25/2013 09:58:52:410 00000233                  APP| Params: {"product"=>"nothing", "rental_begin"=>"", "operation_period"=>"", "amount_product"=>"", "location"=>"", "information"=>"", "hiddenImagePath"=>"", "company"=>"", "phone"=>"", "email"=>""}
I/APP     (  537): I 03/25/2013 09:58:52:418 00000233            AsyncHttp| addCommand: POST
I/APP     (  537): I 03/25/2013 09:58:52:422 00000249                  Net| POST request (Pull): http://www.datenloft.com/macotec/send_request_rental_test.php
I/APP     (  537): I 03/25/2013 09:58:52:504 00000233           HttpServer| GC Start.
I/APP     (  537): I 03/25/2013 09:58:52:541 00000233           HttpServer| GC End.
I/APP     (  537): I 03/25/2013 09:58:52:761 00000233           HttpServer| Process URI: '/app/Request/http_callback'
I/APP     (  537): I 03/25/2013 09:58:52:764 00000233                  APP| RHO serve: /app/Request/http_callback
I/APP     (  537): I 03/25/2013 09:58:52:793 00000233                  APP| Params: {"rho_callback"=>"1", "status"=>"ok", "http_error"=>"200", "headers"=>{"Content-Type"=>"application/x-www-form-urlencoded", "User-Agent"=>"Mozilla-5.0 (ANDROID; unknown generic; 4.0.4)", "charset"=>"UTF-8", "connection"=>"Keep-Alive", "content-type"=>"text/html; charset=utf-8", "date"=>"Mon, 25 Mar 2013 08:58:53 GMT", "keep-alive"=>"timeout=3, max=100", "server"=>"Apache/2.2.21 (Unix) mod_ssl/2.2.21 OpenSSL/0.9.8r", "transfer-encoding"=>"chunked", "x-powered-by"=>"PHP/5.2.17"}, "__rho_object"=>{"body"=>"0"}}
I/APP     (  537): I 03/25/2013 09:58:56:817 00000219       SimpleMainView| Cleared URL: http://localhost:8080/app/Request/submit_wrong_data?result=ERROR&message=Die%20eingegebene%20Email-Adresse%20hat%20kein%20g%C3%BCltiges%20Format%21
I/APP     (  537): I 03/25/2013 09:58:56:859 00000249            AsyncHttp| ThreadQueue blocked for 4294967295 seconds...
I/APP     (  537): I 03/25/2013 09:58:56:861 00000233           HttpServer| GC Start.
I/APP     (  537): I 03/25/2013 09:58:56:880 00000233           HttpServer| GC End.
I/APP     (  537): E 03/25/2013 09:58:56:882 00000233           HttpServer| Connection gracefully closed before we send any data
I/APP     (  537): E 03/25/2013 09:58:56:888 00000233           HttpServer| Parsing error
I/APP     (  537): I 03/25/2013 09:58:56:894 00000233           HttpServer| Process URI: '/app/Request/submit_wrong_data'
I/APP     (  537): I 03/25/2013 09:58:56:897 00000233                  APP| RHO serve: /app/Request/submit_wrong_data
I/APP     (  537): I 03/25/2013 09:58:56:905 00000233                  APP| Params: {"result"=>"ERROR", "message"=>"Die eingegebene Email-Adresse hat kein g\u00FCltiges Format!"}
I/APP     (  537): I 03/25/2013 09:58:56:952 00000233 RHO RequestController| Layout file: /data/data/com.rhomobile.macotec/rhodata/apps/app/layout_erb.iseq. Content size: 3099
I/APP     (  537): I 03/25/2013 09:58:56:986 00000233           HttpServer| GC Start.
I/APP     (  537): I 03/25/2013 09:58:57:004 00000233           HttpServer| GC End.
I/APP     (  537): I 03/25/2013 09:58:58:008 00000233           HttpServer| Process URI: '/public/images/macotec/ghost.png'
I/APP     (  537): I 03/25/2013 09:59:08:212 00000219       SimpleMainView| Cleared URL: http://localhost:8080/app
I/APP     (  537): I 03/25/2013 09:59:08:235 00000219     RhoWebViewClient| Loading URL: http://localhost:8080/app/index_erb.iseq
I/APP     (  537): I 03/25/2013 09:59:08:251 00000233           HttpServer| Process URI: '/app/index_erb.iseq'
I/APP     (  537): I 03/25/2013 09:59:08:257 00000233                  APP| RHO serve_index: /app/index_erb.iseq
I/APP     (  537): I 03/25/2013 09:59:08:259 00000233 RHO Rho::RhoController| inst_render_index
I/APP     (  537): I 03/25/2013 09:59:08:336 00000233 RHO Rho::RhoController| index layout
I/APP     (  537): I 03/25/2013 09:59:08:397 00000233           HttpServer| GC Start.
I/APP     (  537): I 03/25/2013 09:59:08:429 00000233           HttpServer| GC End.
W/ThrottleService(   81): unable to find stats for iface rmnet0
D/dalvikvm(  167): GC_CONCURRENT freed 383K, 6% free 9534K/10119K, paused 23ms+25ms
F/BatteryStatsImpl(   81): problem reading network stats
F/BatteryStatsImpl(   81): java.lang.IllegalStateException: problem parsing idx 1
F/BatteryStatsImpl(   81): 	at com.android.internal.net.NetworkStatsFactory.readNetworkStatsDetail(NetworkStatsFactory.java:300)
F/BatteryStatsImpl(   81): 	at com.android.internal.net.NetworkStatsFactory.readNetworkStatsDetail(NetworkStatsFactory.java:250)
F/BatteryStatsImpl(   81): 	at com.android.internal.os.BatteryStatsImpl.getNetworkStatsDetailGroupedByUid(BatteryStatsImpl.java:5734)
F/BatteryStatsImpl(   81): 	at com.android.internal.os.BatteryStatsImpl.access$100(BatteryStatsImpl.java:76)
F/BatteryStatsImpl(   81): 	at com.android.internal.os.BatteryStatsImpl$Uid.computeCurrentTcpBytesReceived(BatteryStatsImpl.java:2457)
F/BatteryStatsImpl(   81): 	at com.android.internal.os.BatteryStatsImpl$Uid.getTcpBytesReceived(BatteryStatsImpl.java:2446)
F/BatteryStatsImpl(   81): 	at com.android.internal.os.BatteryStatsImpl.writeSummaryToParcel(BatteryStatsImpl.java:5437)
F/BatteryStatsImpl(   81): 	at com.android.internal.os.BatteryStatsImpl.writeLocked(BatteryStatsImpl.java:4836)
F/BatteryStatsImpl(   81): 	at com.android.internal.os.BatteryStatsImpl.writeAsyncLocked(BatteryStatsImpl.java:4818)
F/BatteryStatsImpl(   81): 	at com.android.server.am.ActivityManagerService.updateCpuStatsNow(ActivityManagerService.java:1652)
F/BatteryStatsImpl(   81): 	at com.android.server.am.ActivityManagerService$3.run(ActivityManagerService.java:1534)
F/BatteryStatsImpl(   81): Caused by: java.io.FileNotFoundException: /proc/net/xt_qtaguid/stats: open failed: ENOENT (No such file or directory)
F/BatteryStatsImpl(   81): 	at libcore.io.IoBridge.open(IoBridge.java:406)
F/BatteryStatsImpl(   81): 	at java.io.FileInputStream.<init>(FileInputStream.java:78)
F/BatteryStatsImpl(   81): 	at com.android.internal.net.NetworkStatsFactory.readNetworkStatsDetail(NetworkStatsFactory.java:269)
F/BatteryStatsImpl(   81): 	... 10 more
F/BatteryStatsImpl(   81): Caused by: libcore.io.ErrnoException: open failed: ENOENT (No such file or directory)
F/BatteryStatsImpl(   81): 	at libcore.io.Posix.open(Native Method)
F/BatteryStatsImpl(   81): 	at libcore.io.BlockGuardOs.open(BlockGuardOs.java:110)
F/BatteryStatsImpl(   81): 	at libcore.io.IoBridge.open(IoBridge.java:390)
F/BatteryStatsImpl(   81): 	... 12 more
D/dalvikvm(   81): GC_CONCURRENT freed 442K, 13% free 11189K/12807K, paused 4ms+6ms
I/APP     (  537): I 03/25/2013 10:07:12:542 00000233           HttpServer| Process URI: '/app/Request/request'
I/APP     (  537): I 03/25/2013 10:07:12:544 00000233                  APP| RHO serve: /app/Request/request
I/APP     (  537): I 03/25/2013 10:07:12:624 00000233           HttpServer| GC Start.
I/APP     (  537): I 03/25/2013 10:07:12:671 00000233           HttpServer| GC End.
I/APP     (  537): I 03/25/2013 10:07:15:146 00000233           HttpServer| Process URI: '/app/Request/request_rental'
I/APP     (  537): I 03/25/2013 10:07:15:149 00000233                  APP| RHO serve: /app/Request/request_rental
I/APP     (  537): I 03/25/2013 10:07:15:428 00000233           HttpServer| GC Start.
I/APP     (  537): I 03/25/2013 10:07:15:474 00000233           HttpServer| GC End.
I/APP     (  537): I 03/25/2013 10:07:25:455 00000233           HttpServer| Process URI: '/app/Request/submit_request_rental'
I/APP     (  537): I 03/25/2013 10:07:25:457 00000233                  APP| RHO serve: /app/Request/submit_request_rental
I/APP     (  537): I 03/25/2013 10:07:25:468 00000233                  APP| Params: {"product"=>"nothing", "rental_begin"=>"", "operation_period"=>"", "amount_product"=>"", "location"=>"", "information"=>"", "hiddenImagePath"=>"", "company"=>"Hasenbert", "phone"=>"03098327498273", "email"=>"erwin@hasenbert.com"}
I/APP     (  537): I 03/25/2013 10:07:25:471 00000233            AsyncHttp| addCommand: POST
I/APP     (  537): I 03/25/2013 10:07:25:482 00000249                  Net| POST request (Pull): http://www.datenloft.com/macotec/send_request_rental_test.php
I/APP     (  537): I 03/25/2013 10:07:25:541 00000233           HttpServer| GC Start.
I/APP     (  537): I 03/25/2013 10:07:25:589 00000233           HttpServer| GC End.
I/APP     (  537): I 03/25/2013 10:07:25:868 00000233           HttpServer| Process URI: '/public/images/macotec/macotec_loader.gif'
I/APP     (  537): I 03/25/2013 10:07:25:896 00000233           HttpServer| Process URI: '/app/Request/http_callback'
I/APP     (  537): I 03/25/2013 10:07:25:898 00000233                  APP| RHO serve: /app/Request/http_callback
I/APP     (  537): I 03/25/2013 10:07:25:939 00000233                  APP| Params: {"rho_callback"=>"1", "status"=>"ok", "http_error"=>"200", "headers"=>{"Content-Type"=>"application/x-www-form-urlencoded", "User-Agent"=>"Mozilla-5.0 (ANDROID; unknown generic; 4.0.4)", "charset"=>"UTF-8", "connection"=>"Keep-Alive", "content-type"=>"text/html; charset=utf-8", "date"=>"Mon, 25 Mar 2013 09:07:26 GMT", "keep-alive"=>"timeout=3, max=100", "server"=>"Apache/2.2.21 (Unix) mod_ssl/2.2.21 OpenSSL/0.9.8r", "transfer-encoding"=>"chunked", "x-powered-by"=>"PHP/5.2.17"}, "__rho_object"=>{"body"=>"0"}}
I/APP     (  537): I 03/25/2013 10:07:29:960 00000249            AsyncHttp| ThreadQueue blocked for 4294967295 seconds...
I/APP     (  537): I 03/25/2013 10:07:29:962 00000233           HttpServer| GC Start.
I/APP     (  537): I 03/25/2013 10:07:29:994 00000219       SimpleMainView| Cleared URL: http://localhost:8080/app/Request/submit_success?result=SUCCESS&message=
I/APP     (  537): I 03/25/2013 10:07:30:065 00000233           HttpServer| GC End.
I/APP     (  537): I 03/25/2013 10:07:30:089 00000233           HttpServer| Process URI: '/app/Request/submit_success'
I/APP     (  537): I 03/25/2013 10:07:30:092 00000233                  APP| RHO serve: /app/Request/submit_success
I/APP     (  537): I 03/25/2013 10:07:30:105 00000233                  APP| Params: {"result"=>"SUCCESS", "message"=>""}
I/APP     (  537): I 03/25/2013 10:07:30:148 00000233 RHO RequestController| Layout file: /data/data/com.rhomobile.macotec/rhodata/apps/app/layout_erb.iseq. Content size: 3242
I/APP     (  537): I 03/25/2013 10:07:30:174 00000233           HttpServer| GC Start.
I/APP     (  537): I 03/25/2013 10:07:30:204 00000233           HttpServer| GC End.
I/APP     (  537): I 03/25/2013 10:07:31:082 00000233           HttpServer| Process URI: '/public/images/macotec/success.png'
I/APP     (  537): I 03/25/2013 10:07:35:506 00000219       SimpleMainView| Cleared URL: http://localhost:8080/app
I/APP     (  537): I 03/25/2013 10:07:35:523 00000219     RhoWebViewClient| Loading URL: http://localhost:8080/app/index_erb.iseq
I/APP     (  537): I 03/25/2013 10:07:35:535 00000233           HttpServer| Process URI: '/app/index_erb.iseq'
I/APP     (  537): I 03/25/2013 10:07:35:537 00000233                  APP| RHO serve_index: /app/index_erb.iseq
I/APP     (  537): I 03/25/2013 10:07:35:538 00000233 RHO Rho::RhoController| inst_render_index
I/APP     (  537): I 03/25/2013 10:07:35:577 00000233 RHO Rho::RhoController| index layout
I/APP     (  537): I 03/25/2013 10:07:35:636 00000233           HttpServer| GC Start.
I/APP     (  537): I 03/25/2013 10:07:35:666 00000233           HttpServer| GC End.
W/ThrottleService(   81): unable to find stats for iface rmnet0
D/dalvikvm(  167): GC_CONCURRENT freed 387K, 6% free 9533K/10119K, paused 4ms+3ms
D/dalvikvm(  167): GC_CONCURRENT freed 384K, 6% free 9533K/10119K, paused 10ms+5ms
W/ThrottleService(   81): unable to find stats for iface rmnet0
D/dalvikvm(   81): GC_CONCURRENT freed 407K, 13% free 11200K/12807K, paused 9ms+8ms
F/NetworkStats(   81): problem reading network stats
F/NetworkStats(   81): java.lang.IllegalStateException: problem parsing idx 1
F/NetworkStats(   81): 	at com.android.internal.net.NetworkStatsFactory.readNetworkStatsDetail(NetworkStatsFactory.java:300)
F/NetworkStats(   81): 	at com.android.server.NetworkManagementService.getNetworkStatsUidDetail(NetworkManagementService.java:1282)
F/NetworkStats(   81): 	at com.android.server.net.NetworkStatsService.performPollLocked(NetworkStatsService.java:831)
F/NetworkStats(   81): 	at com.android.server.net.NetworkStatsService.performPoll(NetworkStatsService.java:799)
F/NetworkStats(   81): 	at com.android.server.net.NetworkStatsService.access$100(NetworkStatsService.java:128)
F/NetworkStats(   81): 	at com.android.server.net.NetworkStatsService$3.onReceive(NetworkStatsService.java:633)
F/NetworkStats(   81): 	at android.app.LoadedApk$ReceiverDispatcher$Args.run(LoadedApk.java:728)
F/NetworkStats(   81): 	at android.os.Handler.handleCallback(Handler.java:605)
F/NetworkStats(   81): 	at android.os.Handler.dispatchMessage(Handler.java:92)
F/NetworkStats(   81): 	at android.os.Looper.loop(Looper.java:137)
F/NetworkStats(   81): 	at android.os.HandlerThread.run(HandlerThread.java:60)
F/NetworkStats(   81): Caused by: java.io.FileNotFoundException: /proc/net/xt_qtaguid/stats: open failed: ENOENT (No such file or directory)
F/NetworkStats(   81): 	at libcore.io.IoBridge.open(IoBridge.java:406)
F/NetworkStats(   81): 	at java.io.FileInputStream.<init>(FileInputStream.java:78)
F/NetworkStats(   81): 	at com.android.internal.net.NetworkStatsFactory.readNetworkStatsDetail(NetworkStatsFactory.java:269)
F/NetworkStats(   81): 	... 10 more
F/NetworkStats(   81): Caused by: libcore.io.ErrnoException: open failed: ENOENT (No such file or directory)
F/NetworkStats(   81): 	at libcore.io.Posix.open(Native Method)
F/NetworkStats(   81): 	at libcore.io.BlockGuardOs.open(BlockGuardOs.java:110)
F/NetworkStats(   81): 	at libcore.io.IoBridge.open(IoBridge.java:390)
F/NetworkStats(   81): 	... 12 more
D/dalvikvm(  167): GC_CONCURRENT freed 384K, 6% free 9533K/10119K, paused 4ms+5ms
D/AndroidRuntime(  597): 
D/AndroidRuntime(  597): >>>>>> AndroidRuntime START com.android.internal.os.RuntimeInit <<<<<<
D/AndroidRuntime(  597): CheckJNI is ON
D/AndroidRuntime(  597): Calling main entry com.android.commands.pm.Pm
W/ActivityManager(   81): No content provider found for permission revoke: file:///data/local/tmp/MacoTec-debug.apk
W/ActivityManager(   81): No content provider found for permission revoke: file:///data/local/tmp/MacoTec-debug.apk
D/dalvikvm(   81): GC_CONCURRENT freed 416K, 12% free 11321K/12807K, paused 7ms+11ms
D/dalvikvm(   81): GC_CONCURRENT freed 262K, 10% free 11540K/12807K, paused 7ms+12ms
D/dalvikvm(   81): GC_CONCURRENT freed 465K, 10% free 11615K/12807K, paused 10ms+6ms
D/dalvikvm(   81): GC_CONCURRENT freed 547K, 10% free 11602K/12807K, paused 6ms+8ms
D/dalvikvm(   81): GC_CONCURRENT freed 533K, 10% free 11618K/12807K, paused 10ms+23ms
D/dalvikvm(   81): GC_CONCURRENT freed 555K, 10% free 11634K/12807K, paused 6ms+14ms
D/dalvikvm(   81): GC_CONCURRENT freed 557K, 10% free 11633K/12807K, paused 9ms+12ms
I/PackageManager(   81): Removing non-system package:com.rhomobile.macotec
I/ActivityManager(   81): Force stopping package com.rhomobile.macotec uid=10040
I/ActivityManager(   81): Killing proc 537:com.rhomobile.macotec/10040: force stop
W/ActivityManager(   81): Force removing ActivityRecord{413b1c70 com.rhomobile.macotec/com.rhomobile.rhodes.RhodesActivity}: app died, no saved state
W/InputDispatcher(   81): channel '414ac8a0 com.rhomobile.macotec/com.rhomobile.rhodes.RhodesActivity (server)' ~ Consumer closed input channel or an error occurred.  events=0x8
E/InputDispatcher(   81): channel '414ac8a0 com.rhomobile.macotec/com.rhomobile.rhodes.RhodesActivity (server)' ~ Channel is unrecoverably broken and will be disposed!
I/WindowManager(   81): WINDOW DIED Window{414ac8a0 com.rhomobile.macotec/com.rhomobile.rhodes.RhodesActivity paused=false}
W/InputDispatcher(   81): Attempted to unregister already unregistered input channel '414ac8a0 com.rhomobile.macotec/com.rhomobile.rhodes.RhodesActivity (server)'
W/NetworkManagementSocketTagger(   81): setKernelCountSet(10040, 0) failed with errno -2
W/NetworkManagementSocketTagger(   81): setKernelCountSet(10009, 1) failed with errno -2
I/PackageManager(   81): Package com.rhomobile.macotec codePath changed from /data/app/com.rhomobile.macotec-1.apk to /data/app/com.rhomobile.macotec-2.apk; Retaining data and using new
W/InputManagerService(   81): Got RemoteException sending setActive(false) notification to pid 537 uid 10040
I/PackageManager(   81): Running dexopt on: com.rhomobile.macotec
D/dalvikvm(  608): DexOpt: load 96ms, verify+opt 490ms
W/PackageManager(   81): Code path for pkg : com.rhomobile.macotec changing from /data/app/com.rhomobile.macotec-1.apk to /data/app/com.rhomobile.macotec-2.apk
W/PackageManager(   81): Resource path for pkg : com.rhomobile.macotec changing from /data/app/com.rhomobile.macotec-1.apk to /data/app/com.rhomobile.macotec-2.apk
I/ActivityManager(   81): Force stopping package com.rhomobile.macotec uid=10040
D/dalvikvm(   81): GC_CONCURRENT freed 529K, 10% free 11642K/12807K, paused 10ms+17ms
D/PackageManager(   81): New package installed in /data/app/com.rhomobile.macotec-2.apk
I/ActivityManager(   81): Force stopping package com.rhomobile.macotec uid=10040
D/dalvikvm(  184): GC_EXPLICIT freed 266K, 6% free 11326K/11975K, paused 7ms+7ms
D/dalvikvm(  235): GC_EXPLICIT freed 160K, 4% free 9387K/9735K, paused 3ms+5ms
D/dalvikvm(   81): GC_EXPLICIT freed 683K, 13% free 11181K/12807K, paused 13ms+8ms
D/PackageManager(   81): generateServicesMap(android.accounts.AccountAuthenticator): 2 services unchanged
D/PackageManager(   81): generateServicesMap(android.content.SyncAdapter): 4 services unchanged
D/BackupManagerService(   81): Received broadcast Intent { act=android.intent.action.PACKAGE_REMOVED dat=package:com.rhomobile.macotec flg=0x10000010 (has extras) }
I/AccountTypeManager(  307): Loaded meta-data for 1 account types, 0 accounts in 206ms(wall) 9ms(cpu)
D/PackageManager(   81): generateServicesMap(android.accounts.AccountAuthenticator): 2 services unchanged
D/PackageManager(   81): generateServicesMap(android.content.SyncAdapter): 4 services unchanged
D/BackupManagerService(   81): Received broadcast Intent { act=android.intent.action.PACKAGE_ADDED dat=package:com.rhomobile.macotec flg=0x10000010 (has extras) }
V/BackupManagerService(   81): updatePackageParticipantsLocked: #1
W/RecognitionManagerService(   81): no available voice recognition services found
I/AccountTypeManager(  307): Loaded meta-data for 1 account types, 0 accounts in 383ms(wall) 7ms(cpu)
D/dalvikvm(   81): GC_CONCURRENT freed 407K, 13% free 11209K/12807K, paused 5ms+41ms
D/BackupManagerService(   81): Received broadcast Intent { act=android.intent.action.PACKAGE_REPLACED dat=package:com.rhomobile.macotec flg=0x10000010 (has extras) }
V/BackupManagerService(   81): updatePackageParticipantsLocked: #1
D/dalvikvm(   81): GC_EXPLICIT freed 227K, 13% free 11182K/12807K, paused 5ms+20ms
D/AndroidRuntime(  597): Shutting down VM
D/dalvikvm(  597): GC_CONCURRENT freed 97K, 79% free 450K/2048K, paused 1ms+3ms
I/AndroidRuntime(  597): NOTE: attach of thread 'Binder Thread #3' failed
D/AndroidRuntime(  616): 
D/AndroidRuntime(  616): >>>>>> AndroidRuntime START com.android.internal.os.RuntimeInit <<<<<<
D/AndroidRuntime(  616): CheckJNI is ON
D/AndroidRuntime(  616): Calling main entry com.android.commands.am.Am
I/ActivityManager(   81): START {act=android.intent.action.MAIN flg=0x10000000 cmp=com.rhomobile.macotec/com.rhomobile.rhodes.RhodesActivity} from pid 616
W/WindowManager(   81): Failure taking screenshot for (180x300) to layer 21005
D/AndroidRuntime(  616): Shutting down VM
D/dalvikvm(  616): GC_CONCURRENT freed 97K, 77% free 480K/2048K, paused 1ms+1ms
I/AndroidRuntime(  616): NOTE: attach of thread 'Binder Thread #3' failed
I/ActivityManager(   81): Start proc com.rhomobile.macotec for activity com.rhomobile.macotec/com.rhomobile.rhodes.RhodesActivity: pid=627 uid=10040 gids={3003, 1006}
I/dalvikvm(  627): Turning on JNI app bug workarounds for target SDK version 4...
D/dalvikvm(   37): GC_EXPLICIT freed 37K, 4% free 9032K/9347K, paused 3ms+23ms
W/NetworkManagementSocketTagger(   81): setKernelCountSet(10040, 1) failed with errno -2
D/dalvikvm(   37): GC_EXPLICIT freed <1K, 4% free 9032K/9347K, paused 3ms+3ms
I/Process (   81): Sending signal. PID: 627 SIG: 3
I/dalvikvm(  627): threadid=3: reacting to signal 3
I/dalvikvm(  627): Wrote stack traces to '/data/anr/traces.txt'
D/dalvikvm(  627): Trying to load lib /data/data/com.rhomobile.macotec/lib/librhodes.so 0x412a6870
D/dalvikvm(   37): GC_EXPLICIT freed <1K, 4% free 9032K/9347K, paused 2ms+4ms
D/dalvikvm(  627): Added shared lib /data/data/com.rhomobile.macotec/lib/librhodes.so 0x412a6870
D/dalvikvm(  627): Trying to load lib /data/data/com.rhomobile.macotec/lib/librhodes.so 0x412a6870
D/dalvikvm(  627): Shared lib '/data/data/com.rhomobile.macotec/lib/librhodes.so' already loaded in same CL 0x412a6870
I/ActivityThread(  627): Pub com.rhomobile.macotec: com.rhomobile.rhodes.LocalFileProvider
I/RhodesApplication(  627): Initializing...
D/RhoFileApi(  627): App root path: /data/data/com.rhomobile.macotec/rhodata/
D/RhoFileApi(  627): Sqlite journals path: /data/data/com.rhomobile.macotec/sqlite_stmt_journals/
D/RhoFileApi(  627): Shared path: /data/data/com.rhomobile.macotec/rhodata/
D/RhodesApplication(  627): Root path: /data/data/com.rhomobile.macotec/rhodata/
I/RhodesApplication(  627): Application hash was changed
D/RhoFileApi(  627): Copy hash to FS
D/RhoFileApi(  627): File hash copied
D/RhoFileApi(  627): Copy rho.dat to FS
D/RhoFileApi(  627): File rho.dat copied
D/RhoFileApi(  627): Copy apps/rhoconfig.txt to FS
D/RhoFileApi(  627): File apps/rhoconfig.txt copied
I/RhoFileApi(  627): Opening stat table from FS: /data/data/com.rhomobile.macotec/rhodata/rho.dat
D/RhoFileApi(  627): Copy apps/rhoconfig.txt to FS
D/RhoFileApi(  627): File apps/rhoconfig.txt copied
D/RhoFileApi(  627): App root path: /data/data/com.rhomobile.macotec/rhodata/
D/RhoFileApi(  627): Sqlite journals path: /data/data/com.rhomobile.macotec/sqlite_stmt_journals/
D/RhoFileApi(  627): Shared path: /data/data/com.rhomobile.macotec/rhodata/
I/Process (   81): Sending signal. PID: 627 SIG: 3
I/dalvikvm(  627): threadid=3: reacting to signal 3
I/dalvikvm(  627): Wrote stack traces to '/data/anr/traces.txt'
I/APP     (  627): I 03/25/2013 10:28:24:894 00000273    RhodesApplication| Initialized
I/APP     (  627): I 03/25/2013 10:28:24:968 00000273         BaseActivity| New screen properties - width: 480, height: 800, orientation: 1
I/APP     (  627): I 03/25/2013 10:28:25:105 00000273         SplashScreen| Looking for start page source
D/dalvikvm(  627): GC_CONCURRENT freed 313K, 5% free 9203K/9607K, paused 8ms+3ms
D/dalvikvm(  627): GC_FOR_ALLOC freed 13K, 4% free 9229K/9607K, paused 48ms
I/dalvikvm-heap(  627): Grow heap (frag case) to 12.148MB for 3217300-byte allocation
I/Process (   81): Sending signal. PID: 627 SIG: 3
I/dalvikvm(  627): threadid=3: reacting to signal 3
D/dalvikvm(  627): GC_FOR_ALLOC freed <1K, 4% free 12370K/12807K, paused 54ms
I/dalvikvm(  627): Wrote stack traces to '/data/anr/traces.txt'
D/dalvikvm(  627): GC_CONCURRENT freed 1K, 4% free 12371K/12807K, paused 3ms+16ms
I/APP     (  627): I 03/25/2013 10:28:25:792 00000273         SplashScreen| Done
I/APP     (  627): I 03/25/2013 10:28:25:794 00000273    RhodesApplication| New UiState: MainActivityCreated
I/APP     (  627): I 03/25/2013 10:28:25:798 00000273       RhodesActivity| onStart
I/APP     (  627): I 03/25/2013 10:28:25:801 00000273    RhodesApplication| New UiState: MainActivityStarted
I/APP     (  627): I 03/25/2013 10:28:25:803 00000273       RhodesActivity| onResume
I/APP     (  627): I 03/25/2013 10:28:25:808 00000273 AndroidFunctionality| Resume WebView
I/APP     (  627): I 03/25/2013 10:28:25:835 00000273        RhodesService| onCreate
I/APP     (  627): I 03/25/2013 10:28:25:836 00000273    LocalFileProvider| Revoke URI permissions: content:///com.rhomobile.macotec
W/ActivityManager(   81): No content provider found for permission revoke: content:///com.rhomobile.macotec
I/APP     (  627): I 03/25/2013 10:28:25:843 00000273               Rhodes| Loading...
I/APP     (  627): I 03/25/2013 10:28:25:848 00000273            RhodesApp| Trying to get free listening port.
I/APP     (  627): I 03/25/2013 10:28:25:851 00000273            RhodesApp| Trying to bind of 8080 port...
I/APP     (  627): I 03/25/2013 10:28:25:854 00000273            RhodesApp| Got port to bind on: 8080
I/APP     (  627): I 03/25/2013 10:28:25:856 00000273            RhodesApp| Free listening port: 8080
I/APP     (  627): I 03/25/2013 10:28:25:868 00000288         AppCallbacks| Starting main routine...
I/APP     (  627): I 03/25/2013 10:28:25:869 00000288         AppCallbacks| ThreadQueue blocked for 4294967295 seconds...
I/Process (   81): Sending signal. PID: 627 SIG: 3
I/dalvikvm(  627): threadid=3: reacting to signal 3
I/APP     (  627): I 03/25/2013 10:28:25:946 00000273        RhodesService| Push is disabled
I/APP     (  627): I 03/25/2013 10:28:25:947 00000273            RhodesApp| callAppActiveCallback
I/APP     (  627): I 03/25/2013 10:28:25:951 00000273         AppCallbacks| addCommand: APP-ACTIVATED
I/APP     (  627): I 03/25/2013 10:28:25:954 00000288         AppCallbacks| Received command APP-ACTIVATED which is greater than expected (LOCAL-SERVER-STARTED) - postpone it
I/APP     (  627): I 03/25/2013 10:28:25:955 00000288         AppCallbacks| ThreadQueue blocked for 4294967295 seconds...
I/APP     (  627): I 03/25/2013 10:28:25:960 00000273         AppActivated| Cannot commit now, application will be activated when started.
I/dalvikvm(  627): Wrote stack traces to '/data/anr/traces.txt'
I/APP     (  627): I 03/25/2013 10:28:25:965 00000273    RhodesApplication| New AppState: Undefined
D/RhodesService(  627): +++ onStartCommand
I/RhodesService(  627): handleCommand: startId=1, source=com.rhomobile.rhodes.BaseActivity
I/APP     (  627): I 03/25/2013 10:28:25:992 0000028a            RhodesApp| Starting RhodesApp main routine...
D/RhodesService(  627): New activity was created
I/APP     (  627): I 03/25/2013 10:28:26:018 00000273        RhodesService| onBind
I/APP     (  627): I 03/25/2013 10:28:26:037 00000273         AppCallbacks| addCommand: UI-CREATED
I/APP     (  627): I 03/25/2013 10:28:26:038 00000288         AppCallbacks| Received command UI-CREATED which is greater than expected (LOCAL-SERVER-STARTED) - postpone it
I/APP     (  627): I 03/25/2013 10:28:26:039 00000288         AppCallbacks| ThreadQueue blocked for 4294967295 seconds...
V/PhoneStatusBar(  140): setLightsOn(true)
I/APP     (  627): I 03/25/2013 10:28:26:114 00000273       RhodesActivity| onServiceConnected: {com.rhomobile.macotec/com.rhomobile.rhodes.RhodesService}
I/APP     (  627): I 03/25/2013 10:28:26:127 00000273       RhodesActivity| New start parameters: 
I/APP     (  627): I 03/25/2013 10:28:26:130 00000273            RhodesApp| New start params: 
D/gralloc_goldfish(  627): Emulator without GPU emulation detected.
I/ActivityManager(   81): Displayed com.rhomobile.macotec/com.rhomobile.rhodes.RhodesActivity: +2s973ms
I/APP     (  627): I 03/25/2013 10:28:26:683 0000028a              RhoRuby| Init_RhoBlobs: /data/data/com.rhomobile.macotec/rhodata/db/db-files
I/APP     (  627): I 03/25/2013 10:28:26:706 0000028a              RhoRuby| require_compiled: rhoframework
I/APP     (  627): I 03/25/2013 10:28:26:743 0000028a              RhoRuby| require_compiled: rational
I/APP     (  627): I 03/25/2013 10:28:26:754 0000028a              RhoRuby| require_compiled: rhom/rhom_db_adapter
I/APP     (  627): I 03/25/2013 10:28:26:818 0000028a              RhoRuby| require_compiled: rhodes
I/APP     (  627): I 03/25/2013 10:28:26:829 0000028a              RhoRuby| require_compiled: rhom/rhom_object
I/APP     (  627): I 03/25/2013 10:28:26:846 0000028a              RhoRuby| require_compiled: rhofsconnector
I/APP     (  627): I 03/25/2013 10:28:26:850 0000028a              RhoRuby| require_compiled: rho/rhofsconnector
I/APP     (  627): I 03/25/2013 10:28:26:875 0000028a              RhoRuby| require_compiled: rhom/rhom_object_factory
W/NetworkManagementSocketTagger(   81): setKernelCountSet(10009, 0) failed with errno -2
I/APP     (  627): I 03/25/2013 10:28:27:040 0000028a              RhoRuby| require_compiled: rhom/rhom
I/APP     (  627): I 03/25/2013 10:28:27:070 0000028a              RhoRuby| require_compiled: rhom/rhom_model
I/APP     (  627): I 03/25/2013 10:28:27:096 0000028a              RhoRuby| require_compiled: rhom
I/APP     (  627): I 03/25/2013 10:28:27:100 0000028a              RhoRuby| require_compiled: rho/rhoapplication
I/APP     (  627): I 03/25/2013 10:28:27:133 0000028a              RhoRuby| require_compiled: rholang/localization_simplified
I/APP     (  627): I 03/25/2013 10:28:27:163 0000028a              RhoRuby| require_compiled: rho/rhomsg
I/APP     (  627): I 03/25/2013 10:28:27:168 0000028a              RhoRuby| require_compiled: rho/rhotabbar
I/APP     (  627): I 03/25/2013 10:28:27:186 0000028a              RhoRuby| require_compiled: rho/rhotoolbar
I/APP     (  627): I 03/25/2013 10:28:27:192 0000028a                  APP| Current locale: ; Country code: 
I/APP     (  627): I 03/25/2013 10:28:27:198 0000028a                  APP| Locilized file: /data/data/com.rhomobile.macotec/rhodata/lib/rholang/lang_
I/APP     (  627): I 03/25/2013 10:28:27:209 0000028a              RhoRuby| require_compiled: /data/data/com.rhomobile.macotec/rhodata/lib/rholang/lang_en
I/APP     (  627): I 03/25/2013 10:28:27:222 0000028a                  APP| Locilized file: /data/data/com.rhomobile.macotec/rhodata/apps/app/lang/lang_
I/APP     (  627): I 03/25/2013 10:28:27:224 0000028a              RhoRuby| require_compiled: /data/data/com.rhomobile.macotec/rhodata/apps/app/lang/lang_en
I/APP     (  627): I 03/25/2013 10:28:27:246 0000028a                  APP| Locilized file: /data/data/com.rhomobile.macotec/rhodata/lib/rholang/rhoerror_
I/APP     (  627): I 03/25/2013 10:28:27:248 0000028a              RhoRuby| require_compiled: /data/data/com.rhomobile.macotec/rhodata/lib/rholang/rhoerror_en
I/APP     (  627): I 03/25/2013 10:28:27:263 0000028a                  APP| Locilized file: /data/data/com.rhomobile.macotec/rhodata/lib/rholang/rhomsg_
I/APP     (  627): I 03/25/2013 10:28:27:265 0000028a              RhoRuby| require_compiled: /data/data/com.rhomobile.macotec/rhodata/lib/rholang/rhomsg_en
I/APP     (  627): I 03/25/2013 10:28:27:307 0000028a              RhoRuby| require_compiled: indifferent_access
I/APP     (  627): I 03/25/2013 10:28:27:335 0000028a              RhoRuby| require_compiled: rho/rhosupport
I/APP     (  627): I 03/25/2013 10:28:27:418 0000028a              RhoRuby| require_compiled: rho/rhocontroller
I/APP     (  627): I 03/25/2013 10:28:27:449 0000028a              RhoRuby| require_compiled: rho/render
I/APP     (  627): I 03/25/2013 10:28:27:566 0000028a              RhoRuby| require_compiled: rho/rho
I/APP     (  627): I 03/25/2013 10:28:27:810 0000028a              RhoRuby| require_compiled: rho/rhoerror
I/APP     (  627): I 03/25/2013 10:28:27:821 0000028a              RhoRuby| require_compiled: rhom/rhom_source
I/APP     (  627): I 03/25/2013 10:28:27:844 0000028a              RhoRuby| require_compiled: rho/rhoviewhelpers
I/APP     (  627): I 03/25/2013 10:28:27:867 0000028a              RhoRuby| require_compiled: rho
I/APP     (  627): I 03/25/2013 10:28:27:871 0000028a                  APP| RHO loaded
I/APP     (  627): I 03/25/2013 10:28:27:874 0000028a                  APP| Calling RHO.initialize
I/APP     (  627): I 03/25/2013 10:28:27:888 0000028a                  APP| model file: Device/device
I/APP     (  627): I 03/25/2013 10:28:27:890 0000028a                  APP| model file: Settings/settings
I/APP     (  627): I 03/25/2013 10:28:27:893 0000028a                  APP| model file: Devproduct/devproduct
I/APP     (  627): I 03/25/2013 10:28:27:897 0000028a                  APP| model file: Image/image
I/APP     (  627): I 03/25/2013 10:28:27:900 0000028a                  APP| model file: Product/product
I/APP     (  627): I 03/25/2013 10:28:27:904 0000028a                  APP| model file: Request/request
I/APP     (  627): I 03/25/2013 10:28:27:915 0000028a                   DB| Open DB: /data/data/com.rhomobile.macotec/rhodata/db/syncdbuser.sqlite
I/APP     (  627): I 03/25/2013 10:28:27:929 0000028a          GeoLocation| Creating singleton instance.
I/APP     (  627): I 03/25/2013 10:28:27:930 0000028a            RhodesApp| Starting sync engine...
I/APP     (  627): I 03/25/2013 10:28:27:944 0000028a                 Sync| sync_poll_interval: 0
I/APP     (  627): I 03/25/2013 10:28:27:946 0000028a                 Sync| syncserver: 
I/APP     (  627): I 03/25/2013 10:28:27:949 0000028a                 Sync| bulksync_state: 0
I/APP     (  627): I 03/25/2013 10:28:27:950 0000028a            RhodesApp| RhoRubyInitApp...
I/APP     (  627): I 03/25/2013 10:28:27:953 0000028a                  APP| init_app
I/APP     (  627): I 03/25/2013 10:28:27:957 0000028a              RhoRuby| require_compiled: application
I/APP     (  627): I 03/25/2013 10:28:27:970 0000028a                 Sync| Set notification. Source ID: -1;Url :http://localhost:8080/app/Settings/sync_notify; Params: 
I/APP     (  627): I 03/25/2013 10:28:27:973 0000028a           HttpServer| Start HTTP server
I/APP     (  627): I 03/25/2013 10:28:27:977 0000028a           HttpServer| Listen for connections on port 8080
I/APP     (  627): I 03/25/2013 10:28:27:980 0000028a         AppCallbacks| addCommand: LOCAL-SERVER-STARTED
