I/APP     ( 5064): I 01/28/2013 16:21:18:381 000013de           HttpServer| GC Start.
I/APP     ( 5064): I 01/28/2013 16:21:18:448 000013de           HttpServer| GC End.
I/APP     ( 5064): I 01/28/2013 16:21:22:774 000013de           HttpServer| Process URI: '/app/Product'
I/APP     ( 5064): I 01/28/2013 16:21:22:810 000013de                  APP| RHO serve: /app/Product
I/APP     ( 5064): I 01/28/2013 16:21:23:020 000013de           HttpServer| GC Start.
I/APP     ( 5064): I 01/28/2013 16:21:23:096 000013de           HttpServer| GC End.
D/AndroidRuntime( 5101): 
D/AndroidRuntime( 5101): >>>>>> AndroidRuntime START com.android.internal.os.RuntimeInit <<<<<<
D/AndroidRuntime( 5101): CheckJNI is ON
D/AndroidRuntime( 5101): Calling main entry com.android.commands.pm.Pm
W/ActivityManager(   77): No content provider found for permission revoke: file:///data/local/tmp/macotec-debug.apk
W/ActivityManager(   77): No content provider found for permission revoke: file:///data/local/tmp/macotec-debug.apk
D/dalvikvm(   77): GC_CONCURRENT freed 332K, 19% free 11592K/14279K, paused 6ms+10ms
D/dalvikvm(   77): GC_CONCURRENT freed 367K, 18% free 11768K/14279K, paused 9ms+15ms
D/dalvikvm(   77): GC_CONCURRENT freed 584K, 18% free 11785K/14279K, paused 7ms+14ms
D/dalvikvm(   77): GC_CONCURRENT freed 609K, 18% free 11760K/14279K, paused 13ms+13ms
D/dalvikvm(   77): GC_CONCURRENT freed 559K, 18% free 11772K/14279K, paused 7ms+9ms
D/dalvikvm(   77): GC_CONCURRENT freed 620K, 18% free 11777K/14279K, paused 10ms+12ms
I/PackageManager(   77): Removing non-system package:com.rhomobile.macotec
I/ActivityManager(   77): Force stopping package com.rhomobile.macotec uid=10040
I/ActivityManager(   77): Killing proc 5064:com.rhomobile.macotec/10040: force stop
W/ActivityManager(   77): Force removing ActivityRecord{414a7588 com.rhomobile.macotec/com.rhomobile.rhodes.RhodesActivity}: app died, no saved state
I/WindowManager(   77): WIN DEATH: Window{415f10e8 com.rhomobile.macotec/com.rhomobile.rhodes.RhodesActivity paused=false}
W/NetworkManagementSocketTagger(   77): setKernelCountSet(10040, 0) failed with errno -2
I/PackageManager(   77): Package com.rhomobile.macotec codePath changed from /data/app/com.rhomobile.macotec-2.apk to /data/app/com.rhomobile.macotec-1.apk; Retaining data and using new
W/NetworkManagementSocketTagger(   77): setKernelCountSet(10009, 1) failed with errno -2
I/Process (   77): Sending signal. PID: 194 SIG: 3
I/dalvikvm(  194): threadid=3: reacting to signal 3
I/dalvikvm(  194): Wrote stack traces to '/data/anr/traces.txt'
W/InputManagerService(   77): Got RemoteException sending setActive(false) notification to pid 5064 uid 10040
D/dalvikvm(  194): GC_CONCURRENT freed 3883K, 28% free 16759K/23175K, paused 9ms+19ms
I/Process (   77): Sending signal. PID: 194 SIG: 3
I/dalvikvm(  194): threadid=3: reacting to signal 3
I/dalvikvm(  194): Wrote stack traces to '/data/anr/traces.txt'
D/dalvikvm(  194): GC_CONCURRENT freed 674K, 23% free 18044K/23175K, paused 5ms+24ms
D/dalvikvm(  194): GC_CONCURRENT freed 1223K, 19% free 18869K/23175K, paused 4ms+9ms
D/dalvikvm(  194): GC_CONCURRENT freed 3265K, 24% free 17644K/23175K, paused 4ms+9ms
I/PackageManager(   77): Running dexopt on: com.rhomobile.macotec
D/dalvikvm( 5112): DexOpt: load 90ms, verify+opt 489ms
W/PackageManager(   77): Code path for pkg : com.rhomobile.macotec changing from /data/app/com.rhomobile.macotec-2.apk to /data/app/com.rhomobile.macotec-1.apk
W/PackageManager(   77): Resource path for pkg : com.rhomobile.macotec changing from /data/app/com.rhomobile.macotec-2.apk to /data/app/com.rhomobile.macotec-1.apk
I/ActivityManager(   77): Force stopping package com.rhomobile.macotec uid=10040
D/PackageManager(   77): New package installed in /data/app/com.rhomobile.macotec-1.apk
I/ActivityManager(   77): Force stopping package com.rhomobile.macotec uid=10040
D/dalvikvm(  194): GC_EXPLICIT freed 1217K, 25% free 17425K/23175K, paused 3ms+10ms
D/dalvikvm(  220): GC_EXPLICIT freed 151K, 4% free 9410K/9735K, paused 4ms+13ms
D/dalvikvm(   77): GC_EXPLICIT freed 551K, 18% free 11765K/14279K, paused 19ms+14ms
D/PackageManager(   77): generateServicesMap(android.accounts.AccountAuthenticator): 2 services unchanged
D/PackageManager(   77): generateServicesMap(android.content.SyncAdapter): 4 services unchanged
D/BackupManagerService(   77): Received broadcast Intent { act=android.intent.action.PACKAGE_REMOVED dat=package:com.rhomobile.macotec flg=0x10000010 (has extras) }
I/AccountTypeManager(  299): Loaded meta-data for 1 account types, 0 accounts in 12ms(wall) 5ms(cpu)
D/PackageManager(   77): generateServicesMap(android.accounts.AccountAuthenticator): 2 services unchanged
D/PackageManager(   77): generateServicesMap(android.content.SyncAdapter): 4 services unchanged
D/BackupManagerService(   77): Received broadcast Intent { act=android.intent.action.PACKAGE_ADDED dat=package:com.rhomobile.macotec flg=0x10000010 (has extras) }
V/BackupManagerService(   77): updatePackageParticipantsLocked: #1
W/RecognitionManagerService(   77): no available voice recognition services found
I/AccountTypeManager(  299): Loaded meta-data for 1 account types, 0 accounts in 176ms(wall) 5ms(cpu)
D/dalvikvm(  194): GC_FOR_ALLOC freed 3100K, 33% free 15748K/23175K, paused 58ms
D/BackupManagerService(   77): Received broadcast Intent { act=android.intent.action.PACKAGE_REPLACED dat=package:com.rhomobile.macotec flg=0x10000010 (has extras) }
V/BackupManagerService(   77): updatePackageParticipantsLocked: #1
D/dalvikvm(  194): GC_FOR_ALLOC freed 429K, 27% free 17015K/23175K, paused 195ms
D/dalvikvm(  194): GC_FOR_ALLOC freed 3652K, 37% free 14730K/23175K, paused 95ms
D/dalvikvm(  194): GC_FOR_ALLOC freed 38K, 33% free 15726K/23175K, paused 61ms
D/dalvikvm(  194): GC_FOR_ALLOC freed 360K, 28% free 16912K/23175K, paused 80ms
D/dalvikvm(  194): GC_CONCURRENT freed 387K, 20% free 18567K/23175K, paused 4ms+7ms
D/dalvikvm(  194): GC_CONCURRENT freed 1742K, 20% free 18748K/23175K, paused 4ms+6ms
D/dalvikvm(   77): GC_EXPLICIT freed 984K, 21% free 11419K/14279K, paused 4ms+29ms
D/AndroidRuntime( 5101): Shutting down VM
D/dalvikvm( 5101): GC_CONCURRENT freed 97K, 79% free 450K/2048K, paused 1ms+1ms
I/AndroidRuntime( 5101): NOTE: attach of thread 'Binder Thread #3' failed
D/AndroidRuntime( 5120): 
D/AndroidRuntime( 5120): >>>>>> AndroidRuntime START com.android.internal.os.RuntimeInit <<<<<<
D/AndroidRuntime( 5120): CheckJNI is ON
D/AndroidRuntime( 5120): Calling main entry com.android.commands.am.Am
I/ActivityManager(   77): START {act=android.intent.action.MAIN flg=0x10000000 cmp=com.rhomobile.macotec/com.rhomobile.rhodes.RhodesActivity} from pid 5120
W/WindowManager(   77): Failure taking screenshot for (180x273) to layer 21020
D/AndroidRuntime( 5120): Shutting down VM
D/dalvikvm( 5120): GC_CONCURRENT freed 97K, 77% free 480K/2048K, paused 1ms+1ms
I/AndroidRuntime( 5120): NOTE: attach of thread 'Binder Thread #3' failed
I/ActivityManager(   77): Start proc com.rhomobile.macotec for activity com.rhomobile.macotec/com.rhomobile.rhodes.RhodesActivity: pid=5130 uid=10040 gids={3003}
I/dalvikvm( 5130): Turning on JNI app bug workarounds for target SDK version 4...
W/NetworkManagementSocketTagger(   77): setKernelCountSet(10040, 1) failed with errno -2
I/Process (   77): Sending signal. PID: 5130 SIG: 3
I/dalvikvm( 5130): threadid=3: reacting to signal 3
I/dalvikvm( 5130): Wrote stack traces to '/data/anr/traces.txt'
D/dalvikvm( 5130): Trying to load lib /data/data/com.rhomobile.macotec/lib/librhodes.so 0x412a0770
D/dalvikvm( 5130): Added shared lib /data/data/com.rhomobile.macotec/lib/librhodes.so 0x412a0770
D/dalvikvm( 5130): Trying to load lib /data/data/com.rhomobile.macotec/lib/librhodes.so 0x412a0770
D/dalvikvm( 5130): Shared lib '/data/data/com.rhomobile.macotec/lib/librhodes.so' already loaded in same CL 0x412a0770
I/Process (   77): Sending signal. PID: 5130 SIG: 3
I/dalvikvm( 5130): threadid=3: reacting to signal 3
I/ActivityThread( 5130): Pub com.rhomobile.macotec: com.rhomobile.rhodes.LocalFileProvider
I/dalvikvm( 5130): Wrote stack traces to '/data/anr/traces.txt'
I/RhodesApplication( 5130): Initializing...
D/RhoFileApi( 5130): App root path: /data/data/com.rhomobile.macotec/rhodata/
D/RhoFileApi( 5130): Sqlite journals path: /data/data/com.rhomobile.macotec/sqlite_stmt_journals/
D/RhoFileApi( 5130): Shared path: /data/data/com.rhomobile.macotec/rhodata/
D/RhodesApplication( 5130): Root path: /data/data/com.rhomobile.macotec/rhodata/
I/RhodesApplication( 5130): Application hash was changed
D/RhoFileApi( 5130): Copy hash to FS
D/RhoFileApi( 5130): File hash copied
D/RhoFileApi( 5130): Copy rho.dat to FS
D/RhoFileApi( 5130): File rho.dat copied
D/RhoFileApi( 5130): Copy apps/rhoconfig.txt to FS
D/RhoFileApi( 5130): File apps/rhoconfig.txt copied
I/Process (   77): Sending signal. PID: 5130 SIG: 3
I/dalvikvm( 5130): threadid=3: reacting to signal 3
I/dalvikvm( 5130): Wrote stack traces to '/data/anr/traces.txt'
I/RhoFileApi( 5130): Opening stat table from FS: /data/data/com.rhomobile.macotec/rhodata/rho.dat
D/RhoFileApi( 5130): Copy apps/rhoconfig.txt to FS
D/RhoFileApi( 5130): File apps/rhoconfig.txt copied
D/RhoFileApi( 5130): App root path: /data/data/com.rhomobile.macotec/rhodata/
D/RhoFileApi( 5130): Sqlite journals path: /data/data/com.rhomobile.macotec/sqlite_stmt_journals/
D/RhoFileApi( 5130): Shared path: /data/data/com.rhomobile.macotec/rhodata/
I/APP     ( 5130): I 01/28/2013 16:22:48:642 0000140a    RhodesApplication| Initialized
I/APP     ( 5130): I 01/28/2013 16:22:48:725 0000140a         BaseActivity| New screen properties - width: 480, height: 728, orientation: 1
I/Process (   77): Sending signal. PID: 5130 SIG: 3
I/dalvikvm( 5130): threadid=3: reacting to signal 3
I/dalvikvm( 5130): Wrote stack traces to '/data/anr/traces.txt'
I/APP     ( 5130): I 01/28/2013 16:22:49:081 0000140a         SplashScreen| Looking for start page source
I/Process (   77): Sending signal. PID: 5130 SIG: 3
I/dalvikvm( 5130): threadid=3: reacting to signal 3
I/dalvikvm( 5130): Wrote stack traces to '/data/anr/traces.txt'
D/dalvikvm( 5130): GC_CONCURRENT freed 286K, 4% free 9225K/9607K, paused 4ms+4ms
D/dalvikvm( 5130): GC_FOR_ALLOC freed 4K, 5% free 9221K/9607K, paused 83ms
I/dalvikvm-heap( 5130): Grow heap (frag case) to 12.140MB for 3217300-byte allocation
D/dalvikvm( 5130): GC_FOR_ALLOC freed 0K, 4% free 12363K/12807K, paused 59ms
I/Process (   77): Sending signal. PID: 5130 SIG: 3
I/dalvikvm( 5130): threadid=3: reacting to signal 3
I/dalvikvm( 5130): Wrote stack traces to '/data/anr/traces.txt'
I/APP     ( 5130): I 01/28/2013 16:22:50:183 0000140a         SplashScreen| Done
I/APP     ( 5130): I 01/28/2013 16:22:50:235 0000140a    RhodesApplication| New UiState: MainActivityCreated
I/APP     ( 5130): I 01/28/2013 16:22:50:269 0000140a       RhodesActivity| onStart
I/Process (   77): Sending signal. PID: 5130 SIG: 3
I/dalvikvm( 5130): threadid=3: reacting to signal 3
I/dalvikvm( 5130): Wrote stack traces to '/data/anr/traces.txt'
I/APP     ( 5130): I 01/28/2013 16:22:50:357 0000140a    RhodesApplication| New UiState: MainActivityStarted
I/APP     ( 5130): I 01/28/2013 16:22:50:389 0000140a       RhodesActivity| onResume
I/APP     ( 5130): I 01/28/2013 16:22:50:395 0000140a AndroidFunctionality| Resume WebView
I/APP     ( 5130): I 01/28/2013 16:22:50:468 0000140a        RhodesService| onCreate
I/APP     ( 5130): I 01/28/2013 16:22:50:499 0000140a    LocalFileProvider| Revoke URI permissions: content:///com.rhomobile.macotec
W/ActivityManager(   77): No content provider found for permission revoke: content:///com.rhomobile.macotec
I/APP     ( 5130): I 01/28/2013 16:22:50:540 0000140a               Rhodes| Loading...
I/APP     ( 5130): I 01/28/2013 16:22:50:582 0000140a            RhodesApp| Trying to get free listening port.
I/APP     ( 5130): I 01/28/2013 16:22:50:623 0000140a            RhodesApp| Trying to bind of 8080 port...
I/APP     ( 5130): I 01/28/2013 16:22:50:657 0000140a            RhodesApp| Got port to bind on: 8080
I/APP     ( 5130): I 01/28/2013 16:22:50:686 0000140a            RhodesApp| Free listening port: 8080
I/APP     ( 5130): I 01/28/2013 16:22:50:656 0000141f         AppCallbacks| Starting main routine...
I/APP     ( 5130): I 01/28/2013 16:22:50:755 0000141f         AppCallbacks| ThreadQueue blocked for 4294967295 seconds...
I/Process (   77): Sending signal. PID: 5130 SIG: 3
I/dalvikvm( 5130): threadid=3: reacting to signal 3
I/dalvikvm( 5130): Wrote stack traces to '/data/anr/traces.txt'
I/APP     ( 5130): I 01/28/2013 16:22:50:957 0000140a        RhodesService| Push is disabled
I/APP     ( 5130): I 01/28/2013 16:22:50:998 0000140a            RhodesApp| callAppActiveCallback
I/APP     ( 5130): I 01/28/2013 16:22:51:030 0000140a         AppCallbacks| addCommand: APP-ACTIVATED
I/APP     ( 5130): I 01/28/2013 16:22:51:053 0000141f         AppCallbacks| Received command APP-ACTIVATED which is greater than expected (LOCAL-SERVER-STARTED) - postpone it
I/APP     ( 5130): I 01/28/2013 16:22:51:054 0000141f         AppCallbacks| ThreadQueue blocked for 4294967295 seconds...
I/APP     ( 5130): I 01/28/2013 16:22:51:087 0000140a         AppActivated| Cannot commit now, application will be activated when started.
I/APP     ( 5130): I 01/28/2013 16:22:51:107 00001421            RhodesApp| Starting RhodesApp main routine...
I/APP     ( 5130): I 01/28/2013 16:22:51:095 0000140a    RhodesApplication| New AppState: Undefined
D/RhodesService( 5130): +++ onStartCommand
I/RhodesService( 5130): handleCommand: startId=1, source=com.rhomobile.rhodes.BaseActivity
D/RhodesService( 5130): New activity was created
I/APP     ( 5130): I 01/28/2013 16:22:51:226 0000140a        RhodesService| onBind
I/APP     ( 5130): I 01/28/2013 16:22:51:273 0000140a         AppCallbacks| addCommand: UI-CREATED
I/Process (   77): Sending signal. PID: 5130 SIG: 3
I/dalvikvm( 5130): threadid=3: reacting to signal 3
I/dalvikvm( 5130): Wrote stack traces to '/data/anr/traces.txt'
I/APP     ( 5130): I 01/28/2013 16:22:51:399 0000141f         AppCallbacks| Received command UI-CREATED which is greater than expected (LOCAL-SERVER-STARTED) - postpone it
I/APP     ( 5130): I 01/28/2013 16:22:51:400 0000141f         AppCallbacks| ThreadQueue blocked for 4294967295 seconds...
V/PhoneStatusBar(  130): setLightsOn(true)
I/APP     ( 5130): I 01/28/2013 16:22:51:611 0000140a       RhodesActivity| onServiceConnected: {com.rhomobile.macotec/com.rhomobile.rhodes.RhodesService}
I/APP     ( 5130): I 01/28/2013 16:22:51:670 0000140a       RhodesActivity| New start parameters: 
I/APP     ( 5130): I 01/28/2013 16:22:51:691 0000140a            RhodesApp| New start params: 
W/InputManagerService(   77): Starting input on non-focused client com.android.internal.view.IInputMethodClient$Stub$Proxy@415a66a8 (uid=10009 pid=194)
I/Process (   77): Sending signal. PID: 5130 SIG: 3
I/dalvikvm( 5130): threadid=3: reacting to signal 3
D/gralloc_goldfish( 5130): Emulator without GPU emulation detected.
I/dalvikvm( 5130): Wrote stack traces to '/data/anr/traces.txt'
I/Process (   77): Sending signal. PID: 5130 SIG: 3
I/dalvikvm( 5130): threadid=3: reacting to signal 3
I/dalvikvm( 5130): Wrote stack traces to '/data/anr/traces.txt'
I/ActivityManager(   77): Displayed com.rhomobile.macotec/com.rhomobile.rhodes.RhodesActivity: +6s238ms
I/APP     ( 5130): I 01/28/2013 16:22:53:114 00001421              RhoRuby| Init_RhoBlobs: /data/data/com.rhomobile.macotec/rhodata/db/db-files
I/APP     ( 5130): I 01/28/2013 16:22:53:238 00001421              RhoRuby| require_compiled: rhoframework
I/APP     ( 5130): I 01/28/2013 16:22:53:391 00001421              RhoRuby| require_compiled: rational
I/APP     ( 5130): I 01/28/2013 16:22:53:445 00001421              RhoRuby| require_compiled: rhom/rhom_db_adapter
I/APP     ( 5130): I 01/28/2013 16:22:53:619 00001421              RhoRuby| require_compiled: rhodes
I/APP     ( 5130): I 01/28/2013 16:22:53:675 00001421              RhoRuby| require_compiled: rhom/rhom_object
I/APP     ( 5130): I 01/28/2013 16:22:53:766 00001421              RhoRuby| require_compiled: rhofsconnector
I/APP     ( 5130): I 01/28/2013 16:22:53:806 00001421              RhoRuby| require_compiled: rho/rhofsconnector
I/APP     ( 5130): I 01/28/2013 16:22:53:895 00001421              RhoRuby| require_compiled: rhom/rhom_object_factory
W/NetworkManagementSocketTagger(   77): setKernelCountSet(10009, 0) failed with errno -2
I/APP     ( 5130): I 01/28/2013 16:22:54:295 00001421              RhoRuby| require_compiled: rhom/rhom
I/APP     ( 5130): I 01/28/2013 16:22:54:380 00001421              RhoRuby| require_compiled: rhom/rhom_model
I/APP     ( 5130): I 01/28/2013 16:22:54:459 00001421              RhoRuby| require_compiled: rhom
I/APP     ( 5130): I 01/28/2013 16:22:54:512 00001421              RhoRuby| require_compiled: rho/rhoapplication
I/APP     ( 5130): I 01/28/2013 16:22:54:611 00001421              RhoRuby| require_compiled: rholang/localization_simplified
I/APP     ( 5130): I 01/28/2013 16:22:54:720 00001421              RhoRuby| require_compiled: rho/rhomsg
I/APP     ( 5130): I 01/28/2013 16:22:54:772 00001421              RhoRuby| require_compiled: rho/rhotabbar
I/APP     ( 5130): I 01/28/2013 16:22:54:816 00001421              RhoRuby| require_compiled: rho/rhotoolbar
I/APP     ( 5130): I 01/28/2013 16:22:54:856 00001421                  APP| Current locale: ; Country code: 
I/APP     ( 5130): I 01/28/2013 16:22:54:892 00001421                  APP| Locilized file: /data/data/com.rhomobile.macotec/rhodata/lib/rholang/lang_
I/APP     ( 5130): I 01/28/2013 16:22:54:921 00001421              RhoRuby| require_compiled: /data/data/com.rhomobile.macotec/rhodata/lib/rholang/lang_en
I/APP     ( 5130): I 01/28/2013 16:22:54:964 00001421                  APP| Locilized file: /data/data/com.rhomobile.macotec/rhodata/apps/app/lang/lang_
I/APP     ( 5130): I 01/28/2013 16:22:55:006 00001421                  APP| Locilized file: /data/data/com.rhomobile.macotec/rhodata/lib/rholang/rhoerror_
I/APP     ( 5130): I 01/28/2013 16:22:55:032 00001421              RhoRuby| require_compiled: /data/data/com.rhomobile.macotec/rhodata/lib/rholang/rhoerror_en
I/APP     ( 5130): I 01/28/2013 16:22:55:063 00001421                  APP| Locilized file: /data/data/com.rhomobile.macotec/rhodata/lib/rholang/rhomsg_
I/APP     ( 5130): I 01/28/2013 16:22:55:103 00001421              RhoRuby| require_compiled: /data/data/com.rhomobile.macotec/rhodata/lib/rholang/rhomsg_en
I/APP     ( 5130): I 01/28/2013 16:22:55:144 00001421              RhoRuby| require_compiled: indifferent_access
I/APP     ( 5130): I 01/28/2013 16:22:55:218 00001421              RhoRuby| require_compiled: rho/rhosupport
I/APP     ( 5130): I 01/28/2013 16:22:55:374 00001421              RhoRuby| require_compiled: rho/rhocontroller
I/APP     ( 5130): I 01/28/2013 16:22:55:456 00001421              RhoRuby| require_compiled: rho/render
I/APP     ( 5130): I 01/28/2013 16:22:55:550 00001421              RhoRuby| require_compiled: rho/rho
I/APP     ( 5130): I 01/28/2013 16:22:55:760 00001421              RhoRuby| require_compiled: rho/rhoerror
I/APP     ( 5130): I 01/28/2013 16:22:55:822 00001421              RhoRuby| require_compiled: rhom/rhom_source
I/APP     ( 5130): I 01/28/2013 16:22:55:910 00001421              RhoRuby| require_compiled: rho/rhoviewhelpers
I/APP     ( 5130): I 01/28/2013 16:22:55:993 00001421              RhoRuby| require_compiled: rho
I/APP     ( 5130): I 01/28/2013 16:22:56:043 00001421                  APP| RHO loaded
I/APP     ( 5130): I 01/28/2013 16:22:56:076 00001421                  APP| Calling RHO.initialize
I/APP     ( 5130): I 01/28/2013 16:22:56:099 00001421                  APP| model file: Menu/menu
I/APP     ( 5130): I 01/28/2013 16:22:56:131 00001421                  APP| model file: Product/product
I/APP     ( 5130): I 01/28/2013 16:22:56:153 00001421                   DB| Open DB: /data/data/com.rhomobile.macotec/rhodata/db/syncdbuser.sqlite
I/APP     ( 5130): I 01/28/2013 16:22:56:208 00001421          GeoLocation| Creating singleton instance.
I/APP     ( 5130): I 01/28/2013 16:22:56:246 00001421            RhodesApp| Starting sync engine...
I/APP     ( 5130): I 01/28/2013 16:22:56:270 00001421                 Sync| sync_poll_interval: 0
I/APP     ( 5130): I 01/28/2013 16:22:56:276 00001421                 Sync| syncserver: 
I/APP     ( 5130): I 01/28/2013 16:22:56:323 00001421                 Sync| bulksync_state: 0
I/APP     ( 5130): I 01/28/2013 16:22:56:329 00001421            RhodesApp| RhoRubyInitApp...
I/APP     ( 5130): I 01/28/2013 16:22:56:357 00001421                  APP| init_app
I/APP     ( 5130): I 01/28/2013 16:22:56:376 00001421              RhoRuby| require_compiled: application
I/APP     ( 5130): I 01/28/2013 16:22:56:424 00001421                 Sync| Set notification. Source ID: -1;Url :http://localhost:8080/app/Settings/sync_notify; Params: 
I/APP     ( 5130): I 01/28/2013 16:22:56:451 00001421           HttpServer| Start HTTP server
I/APP     ( 5130): I 01/28/2013 16:22:56:457 00001421           HttpServer| Listen for connections on port 8080
I/APP     ( 5130): I 01/28/2013 16:22:56:495 00001421         AppCallbacks| addCommand: LOCAL-SERVER-STARTED
I/APP     ( 5130): I 01/28/2013 16:22:56:516 0000141f         AppCallbacks| process command: LOCAL-SERVER-STARTED
I/APP     ( 5130): I 01/28/2013 16:22:56:517 0000141f RhodesAppActiveObserver| Ready
I/APP     ( 5130): I 01/28/2013 16:22:56:556 0000140a AndroidFunctionality| Disable WebView zoom
I/APP     ( 5130): I 01/28/2013 16:22:56:562 0000140a AndroidFunctionality| Set web plugins state 'OFF'
I/APP     ( 5130): I 01/28/2013 16:22:56:595 0000141f    RhodesApplication| New AppState: AppActivated
I/APP     ( 5130): I 01/28/2013 16:22:56:618 0000141f         AppCallbacks| process command: UI-CREATED
I/APP     ( 5130): I 01/28/2013 16:22:56:686 00001421           HttpServer| Process URI: '/system/uicreated'
I/APP     ( 5130): I 01/28/2013 16:22:56:707 00001421                  APP| on_ui_created.navigate to start url: '/app'
I/APP     ( 5130): I 01/28/2013 16:22:56:733 0000140a         SplashScreen| navigate: url=http://localhost:8080/app
I/APP     ( 5130): I 01/28/2013 16:22:56:734 0000140a         SplashScreen| DELAY for SplashScreen = 0
I/APP     ( 5130): I 01/28/2013 16:22:56:804 0000141f         AppCallbacks| process command: APP-ACTIVATED
I/APP     ( 5130): I 01/28/2013 16:22:56:833 0000140a        GoogleWebView| Creating new RhoWebChromeClient
I/APP     ( 5130): I 01/28/2013 16:22:56:870 0000140a       SimpleMainView| Cleared URL: http://localhost:8080/app
V/SimpleMainView.View( 5130): ms[1359386576913]  Main Window :: onSizeChanged() old [ 480 x 690 ]  new [ 0 x 0 ]
I/APP     ( 5130): I 01/28/2013 16:22:56:942 00001421           HttpServer| Process URI: '/system/activateapp'
I/APP     ( 5130): I 01/28/2013 16:22:56:970 0000141f         AppCallbacks| ThreadQueue blocked for 4294967295 seconds...
I/APP     ( 5130): I 01/28/2013 16:22:57:039 0000140a        GoogleWebView| Setting RhoWebChromeClient
I/APP     ( 5130): I 01/28/2013 16:22:57:251 00001421           HttpServer| Process URI: '/app'
I/APP     ( 5130): I 01/28/2013 16:22:57:299 0000140a     RhoWebViewClient| Loading URL: http://localhost:8080/app/index_erb.iseq
I/APP     ( 5130): I 01/28/2013 16:22:57:343 00001421           HttpServer| Process URI: '/app/index_erb.iseq'
I/APP     ( 5130): I 01/28/2013 16:22:57:367 00001421                  APP| RHO serve_index: /app/index_erb.iseq
I/APP     ( 5130): I 01/28/2013 16:22:57:389 00001421 RHO Rho::RhoController| inst_render_index
I/APP     ( 5130): I 01/28/2013 16:22:57:501 00001421 RHO Rho::RhoController| index layout
I/APP     ( 5130): I 01/28/2013 16:22:57:624 00001421           HttpServer| GC Start.
I/APP     ( 5130): I 01/28/2013 16:22:57:751 00001421           HttpServer| GC End.
I/APP     ( 5130): I 01/28/2013 16:22:57:896 00001421           HttpServer| Process URI: '/public/jquery/jquery-1.6.4.min.js'
I/APP     ( 5130): I 01/28/2013 16:22:58:091 00001421           HttpServer| Process URI: '/public/jquery/jquery.json-2.3.min.js'
I/APP     ( 5130): I 01/28/2013 16:22:58:186 00001421           HttpServer| Process URI: '/public/jqmobile/jquery.mobile-1.0.1.min.css'
I/APP     ( 5130): I 01/28/2013 16:22:58:338 00001421           HttpServer| Process URI: '/public/css/jqmobile-patch.css'
I/APP     ( 5130): I 01/28/2013 16:22:58:418 00001421           HttpServer| Process URI: '/public/jqmobile/jquery.mobile-1.0.1.min.js'
I/APP     ( 5130): I 01/28/2013 16:22:58:610 00001421           HttpServer| Process URI: '/public/js/jqmobile-patch.js'
I/APP     ( 5130): I 01/28/2013 16:22:58:685 00001421           HttpServer| Process URI: '/public/css/macotec_style.css'
I/APP     ( 5130): I 01/28/2013 16:23:02:158 00001421           HttpServer| Process URI: '/public/images/macotec/logo.png'
I/APP     ( 5130): I 01/28/2013 16:23:02:879 00001421           HttpServer| Process URI: '/public/images/macotec/request.png'
I/APP     ( 5130): I 01/28/2013 16:23:03:113 00001421           HttpServer| Process URI: '/public/images/macotec/contact.png'
I/APP     ( 5130): I 01/28/2013 16:23:03:264 00001421           HttpServer| Process URI: '/public/images/macotec/products.png'
I/APP     ( 5130): I 01/28/2013 16:23:03:373 00001421           HttpServer| Process URI: '/public/images/macotec/info.png'
I/APP     ( 5130): I 01/28/2013 16:23:06:077 00001421           HttpServer| Process URI: '/app/Product'
I/APP     ( 5130): I 01/28/2013 16:23:06:119 00001421                  APP| RHO serve: /app/Product
I/APP     ( 5130): I 01/28/2013 16:23:06:182 00001421              RhoRuby| require_compiled: Product/product_controller
I/APP     ( 5130): I 01/28/2013 16:23:06:264 00001421              RhoRuby| require_compiled: helpers/browser_helper
I/APP     ( 5130): I 01/28/2013 16:23:06:351 00001421                  APP| const_missing: Product
I/APP     ( 5130): I 01/28/2013 16:23:06:390 00001421                  APP| load_model: Product
I/APP     ( 5130): I 01/28/2013 16:23:06:417 00001421              RhoRuby| require_compiled: Product/product
I/APP     ( 5130): I 01/28/2013 16:23:06:542 00001421                  APP| model name: Product
I/APP     ( 5130): I 01/28/2013 16:23:06:578 00001421                  APP| model class found
I/APP     ( 5130): I 01/28/2013 16:23:06:600 00001421                  APP| Product : {"property"=>{}}
I/APP     ( 5130): I 01/28/2013 16:23:06:641 00001421                   DB| Open DB: /data/data/com.rhomobile.macotec/rhodata/db/syncdblocal.sqlite
I/APP     ( 5130): I 01/28/2013 16:23:06:724 00001421                  APP| init_db_sources
I/APP     ( 5130): I 01/28/2013 16:23:06:792 00001421                  APP| start_id: 40004
I/APP     ( 5130): I 01/28/2013 16:23:06:821 00001421                  APP| Migrate schema sources: {}
I/APP     ( 5130): I 01/28/2013 16:23:06:991 00001421           HttpServer| GC Start.
I/APP     ( 5130): I 01/28/2013 16:23:07:085 00001421           HttpServer| GC End.
I/APP     ( 5130): I 01/28/2013 16:23:07:626 00001421           HttpServer| Process URI: '/public/jqmobile/images/icons-36-white.png'
E/libEGL  ( 5130): call to OpenGL ES API with no current context (logged once per thread)
D/ShaderProgram( 5130): couldn't load the vertex shader!
E/libEGL  ( 5130): call to OpenGL ES API with no current context (logged once per thread)
D/ShaderProgram( 5130): couldn't load the vertex shader!
E/libEGL  ( 5130): call to OpenGL ES API with no current context (logged once per thread)
D/ShaderProgram( 5130): couldn't load the vertex shader!
E/libEGL  ( 5130): call to OpenGL ES API with no current context (logged once per thread)
D/ShaderProgram( 5130): couldn't load the vertex shader!
E/libEGL  ( 5130): call to OpenGL ES API with no current context (logged once per thread)
D/ShaderProgram( 5130): couldn't load the vertex shader!
I/APP     ( 5130): I 01/28/2013 16:23:10:627 00001421           HttpServer| Process URI: '/app/Product/sub_categories'
I/APP     ( 5130): I 01/28/2013 16:23:10:635 00001421                  APP| RHO serve: /app/Product/sub_categories
I/APP     ( 5130): I 01/28/2013 16:23:10:709 00001421                  APP| Params: {"product"=>"industriestapler"}
I/APP     ( 5130): I 01/28/2013 16:23:10:874 00001421           HttpServer| GC Start.
I/APP     ( 5130): I 01/28/2013 16:23:10:952 00001421           HttpServer| GC End.
I/APP     ( 5130): I 01/28/2013 16:23:14:450 00001421           HttpServer| Process URI: '/app/Product/product_details'
I/APP     ( 5130): I 01/28/2013 16:23:14:452 00001421                  APP| RHO serve: /app/Product/product_details
I/APP     ( 5130): I 01/28/2013 16:23:14:511 00001421                  APP| Params: {"product"=>"industrie_diesel_gas"}
I/APP     ( 5130): I 01/28/2013 16:23:14:667 00001421           HttpServer| GC Start.
I/APP     ( 5130): I 01/28/2013 16:23:14:755 00001421           HttpServer| GC End.
D/dalvikvm(  171): GC_CONCURRENT freed 384K, 6% free 9533K/10119K, paused 8ms+4ms
W/ThrottleService(   77): unable to find stats for iface rmnet0
I/APP     ( 5130): I 01/28/2013 16:25:49:536 00001421           HttpServer| Process URI: '/app/Product/sub_categories'
I/APP     ( 5130): I 01/28/2013 16:25:49:591 00001421                  APP| RHO serve: /app/Product/sub_categories
I/APP     ( 5130): I 01/28/2013 16:25:49:658 00001421                  APP| Params: {"product"=>"industriestapler"}
I/APP     ( 5130): I 01/28/2013 16:25:49:978 00001421           HttpServer| GC Start.
I/APP     ( 5130): I 01/28/2013 16:25:50:131 00001421           HttpServer| GC End.
I/APP     ( 5130): I 01/28/2013 16:25:53:296 00001421           HttpServer| Process URI: '/app/Product'
I/APP     ( 5130): I 01/28/2013 16:25:53:298 00001421                  APP| RHO serve: /app/Product
I/APP     ( 5130): I 01/28/2013 16:25:53:475 00001421           HttpServer| GC Start.
I/APP     ( 5130): I 01/28/2013 16:25:53:641 00001421           HttpServer| GC End.
D/AndroidRuntime( 5171): 
D/AndroidRuntime( 5171): >>>>>> AndroidRuntime START com.android.internal.os.RuntimeInit <<<<<<
D/AndroidRuntime( 5171): CheckJNI is ON
D/AndroidRuntime( 5171): Calling main entry com.android.commands.pm.Pm
W/ActivityManager(   77): No content provider found for permission revoke: file:///data/local/tmp/macotec-debug.apk
W/ActivityManager(   77): No content provider found for permission revoke: file:///data/local/tmp/macotec-debug.apk
D/dalvikvm(   77): GC_CONCURRENT freed 440K, 20% free 11491K/14279K, paused 6ms+10ms
D/dalvikvm(   77): GC_CONCURRENT freed 302K, 18% free 11714K/14279K, paused 7ms+7ms
D/dalvikvm(   77): GC_CONCURRENT freed 539K, 18% free 11768K/14279K, paused 16ms+7ms
D/dalvikvm(   77): GC_CONCURRENT freed 584K, 18% free 11773K/14279K, paused 13ms+7ms
D/dalvikvm(   77): GC_CONCURRENT freed 581K, 18% free 11824K/14279K, paused 10ms+9ms
D/dalvikvm(   77): GC_CONCURRENT freed 633K, 18% free 11844K/14279K, paused 7ms+7ms
I/PackageManager(   77): Removing non-system package:com.rhomobile.macotec
I/ActivityManager(   77): Force stopping package com.rhomobile.macotec uid=10040
I/ActivityManager(   77): Killing proc 5130:com.rhomobile.macotec/10040: force stop
W/ActivityManager(   77): Force removing ActivityRecord{41569480 com.rhomobile.macotec/com.rhomobile.rhodes.RhodesActivity}: app died, no saved state
I/WindowManager(   77): WIN DEATH: Window{415e3160 com.rhomobile.macotec/com.rhomobile.rhodes.RhodesActivity paused=false}
W/NetworkManagementSocketTagger(   77): setKernelCountSet(10040, 0) failed with errno -2
W/NetworkManagementSocketTagger(   77): setKernelCountSet(10009, 1) failed with errno -2
I/PackageManager(   77): Package com.rhomobile.macotec codePath changed from /data/app/com.rhomobile.macotec-1.apk to /data/app/com.rhomobile.macotec-2.apk; Retaining data and using new
I/Process (   77): Sending signal. PID: 194 SIG: 3
I/dalvikvm(  194): threadid=3: reacting to signal 3
I/dalvikvm(  194): Wrote stack traces to '/data/anr/traces.txt'
W/InputManagerService(   77): Got RemoteException sending setActive(false) notification to pid 5130 uid 10040
I/Process (   77): Sending signal. PID: 194 SIG: 3
I/dalvikvm(  194): threadid=3: reacting to signal 3
I/dalvikvm(  194): Wrote stack traces to '/data/anr/traces.txt'
D/dalvikvm(  194): GC_FOR_ALLOC freed 3843K, 28% free 16758K/23175K, paused 106ms
D/dalvikvm(  194): GC_CONCURRENT freed 651K, 22% free 18137K/23175K, paused 4ms+7ms
D/dalvikvm(  194): GC_CONCURRENT freed 298K, 15% free 19869K/23175K, paused 4ms+6ms
D/dalvikvm(  194): GC_CONCURRENT freed 4458K, 25% free 17433K/23175K, paused 4ms+10ms
I/PackageManager(   77): Running dexopt on: com.rhomobile.macotec
D/dalvikvm( 5182): DexOpt: load 100ms, verify+opt 556ms
W/PackageManager(   77): Code path for pkg : com.rhomobile.macotec changing from /data/app/com.rhomobile.macotec-1.apk to /data/app/com.rhomobile.macotec-2.apk
W/PackageManager(   77): Resource path for pkg : com.rhomobile.macotec changing from /data/app/com.rhomobile.macotec-1.apk to /data/app/com.rhomobile.macotec-2.apk
I/ActivityManager(   77): Force stopping package com.rhomobile.macotec uid=10040
D/dalvikvm(   77): GC_CONCURRENT freed 625K, 18% free 11808K/14279K, paused 15ms+19ms
D/PackageManager(   77): New package installed in /data/app/com.rhomobile.macotec-2.apk
I/ActivityManager(   77): Force stopping package com.rhomobile.macotec uid=10040
D/dalvikvm(  194): GC_EXPLICIT freed 12K, 25% free 17420K/23175K, paused 3ms+10ms
D/dalvikvm(  220): GC_EXPLICIT freed 151K, 4% free 9411K/9735K, paused 3ms+4ms
D/dalvikvm(   77): GC_EXPLICIT freed 619K, 21% free 11388K/14279K, paused 7ms+9ms
D/PackageManager(   77): generateServicesMap(android.accounts.AccountAuthenticator): 2 services unchanged
D/PackageManager(   77): generateServicesMap(android.content.SyncAdapter): 4 services unchanged
D/BackupManagerService(   77): Received broadcast Intent { act=android.intent.action.PACKAGE_REMOVED dat=package:com.rhomobile.macotec flg=0x10000010 (has extras) }
I/AccountTypeManager(  299): Loaded meta-data for 1 account types, 0 accounts in 11ms(wall) 6ms(cpu)
D/PackageManager(   77): generateServicesMap(android.accounts.AccountAuthenticator): 2 services unchanged
D/PackageManager(   77): generateServicesMap(android.content.SyncAdapter): 4 services unchanged
D/BackupManagerService(   77): Received broadcast Intent { act=android.intent.action.PACKAGE_ADDED dat=package:com.rhomobile.macotec flg=0x10000010 (has extras) }
V/BackupManagerService(   77): updatePackageParticipantsLocked: #1
W/RecognitionManagerService(   77): no available voice recognition services found
I/AccountTypeManager(  299): Loaded meta-data for 1 account types, 0 accounts in 584ms(wall) 6ms(cpu)
D/dalvikvm(  194): GC_FOR_ALLOC freed 3095K, 33% free 15748K/23175K, paused 90ms
D/BackupManagerService(   77): Received broadcast Intent { act=android.intent.action.PACKAGE_REPLACED dat=package:com.rhomobile.macotec flg=0x10000010 (has extras) }
V/BackupManagerService(   77): updatePackageParticipantsLocked: #1
D/dalvikvm(  194): GC_FOR_ALLOC freed 429K, 27% free 17015K/23175K, paused 51ms
D/dalvikvm(   77): GC_CONCURRENT freed 461K, 20% free 11519K/14279K, paused 5ms+29ms
D/dalvikvm(  194): GC_FOR_ALLOC freed 4012K, 37% free 14776K/23175K, paused 64ms
D/dalvikvm(  194): GC_FOR_ALLOC freed 56K, 33% free 15754K/23175K, paused 60ms
D/dalvikvm(  194): GC_FOR_ALLOC freed 343K, 27% free 17064K/23175K, paused 50ms
D/dalvikvm(   77): GC_EXPLICIT freed 203K, 21% free 11362K/14279K, paused 13ms+8ms
D/AndroidRuntime( 5171): Shutting down VM
D/dalvikvm( 5171): GC_CONCURRENT freed 97K, 79% free 450K/2048K, paused 1ms+1ms
I/AndroidRuntime( 5171): NOTE: attach of thread 'Binder Thread #3' failed
D/dalvikvm(  194): GC_FOR_ALLOC freed 1228K, 25% free 17530K/23175K, paused 238ms
D/AndroidRuntime( 5190): 
D/AndroidRuntime( 5190): >>>>>> AndroidRuntime START com.android.internal.os.RuntimeInit <<<<<<
D/AndroidRuntime( 5190): CheckJNI is ON
D/dalvikvm(  194): GC_CONCURRENT freed 2047K, 25% free 17468K/23175K, paused 4ms+29ms
D/dalvikvm(  194): GC_FOR_ALLOC freed 1237K, 24% free 17711K/23175K, paused 89ms
D/dalvikvm(  194): GC_CONCURRENT freed 596K, 18% free 19154K/23175K, paused 4ms+22ms
D/AndroidRuntime( 5190): Calling main entry com.android.commands.am.Am
I/ActivityManager(   77): START {act=android.intent.action.MAIN flg=0x10000000 cmp=com.rhomobile.macotec/com.rhomobile.rhodes.RhodesActivity} from pid 5190
W/WindowManager(   77): Failure taking screenshot for (180x273) to layer 21020
D/AndroidRuntime( 5190): Shutting down VM
D/dalvikvm( 5190): GC_CONCURRENT freed 97K, 77% free 480K/2048K, paused 1ms+1ms
I/AndroidRuntime( 5190): NOTE: attach of thread 'Binder Thread #3' failed
I/ActivityManager(   77): Start proc com.rhomobile.macotec for activity com.rhomobile.macotec/com.rhomobile.rhodes.RhodesActivity: pid=5200 uid=10040 gids={3003}
I/dalvikvm( 5200): Turning on JNI app bug workarounds for target SDK version 4...
W/NetworkManagementSocketTagger(   77): setKernelCountSet(10040, 1) failed with errno -2
I/Process (   77): Sending signal. PID: 5200 SIG: 3
I/dalvikvm( 5200): threadid=3: reacting to signal 3
D/dalvikvm( 5200): Trying to load lib /data/data/com.rhomobile.macotec/lib/librhodes.so 0x412a1490
I/dalvikvm( 5200): Wrote stack traces to '/data/anr/traces.txt'
D/dalvikvm( 5200): Added shared lib /data/data/com.rhomobile.macotec/lib/librhodes.so 0x412a1490
D/dalvikvm( 5200): Trying to load lib /data/data/com.rhomobile.macotec/lib/librhodes.so 0x412a1490
D/dalvikvm( 5200): Shared lib '/data/data/com.rhomobile.macotec/lib/librhodes.so' already loaded in same CL 0x412a1490
I/Process (   77): Sending signal. PID: 5200 SIG: 3
I/dalvikvm( 5200): threadid=3: reacting to signal 3
I/ActivityThread( 5200): Pub com.rhomobile.macotec: com.rhomobile.rhodes.LocalFileProvider
I/dalvikvm( 5200): Wrote stack traces to '/data/anr/traces.txt'
I/RhodesApplication( 5200): Initializing...
D/RhoFileApi( 5200): App root path: /data/data/com.rhomobile.macotec/rhodata/
D/RhoFileApi( 5200): Sqlite journals path: /data/data/com.rhomobile.macotec/sqlite_stmt_journals/
D/RhoFileApi( 5200): Shared path: /data/data/com.rhomobile.macotec/rhodata/
D/RhodesApplication( 5200): Root path: /data/data/com.rhomobile.macotec/rhodata/
I/RhodesApplication( 5200): Application hash was changed
D/RhoFileApi( 5200): Copy hash to FS
D/RhoFileApi( 5200): File hash copied
D/RhoFileApi( 5200): Copy rho.dat to FS
D/RhoFileApi( 5200): File rho.dat copied
D/RhoFileApi( 5200): Copy apps/rhoconfig.txt to FS
D/RhoFileApi( 5200): File apps/rhoconfig.txt copied
I/RhoFileApi( 5200): Opening stat table from FS: /data/data/com.rhomobile.macotec/rhodata/rho.dat
I/Process (   77): Sending signal. PID: 5200 SIG: 3
I/dalvikvm( 5200): threadid=3: reacting to signal 3
I/dalvikvm( 5200): Wrote stack traces to '/data/anr/traces.txt'
D/RhoFileApi( 5200): Copy apps/rhoconfig.txt to FS
D/RhoFileApi( 5200): File apps/rhoconfig.txt copied
D/RhoFileApi( 5200): App root path: /data/data/com.rhomobile.macotec/rhodata/
D/RhoFileApi( 5200): Sqlite journals path: /data/data/com.rhomobile.macotec/sqlite_stmt_journals/
D/RhoFileApi( 5200): Shared path: /data/data/com.rhomobile.macotec/rhodata/
I/APP     ( 5200): I 01/28/2013 16:26:16:229 00001450    RhodesApplication| Initialized
I/Process (   77): Sending signal. PID: 5200 SIG: 3
I/dalvikvm( 5200): threadid=3: reacting to signal 3
I/dalvikvm( 5200): Wrote stack traces to '/data/anr/traces.txt'
I/APP     ( 5200): I 01/28/2013 16:26:16:442 00001450         BaseActivity| New screen properties - width: 480, height: 728, orientation: 1
I/APP     ( 5200): I 01/28/2013 16:26:16:586 00001450         SplashScreen| Looking for start page source
I/Process (   77): Sending signal. PID: 5200 SIG: 3
I/dalvikvm( 5200): threadid=3: reacting to signal 3
D/dalvikvm( 5200): GC_CONCURRENT freed 287K, 5% free 9223K/9607K, paused 5ms+4ms
I/dalvikvm( 5200): Wrote stack traces to '/data/anr/traces.txt'
D/dalvikvm( 5200): GC_FOR_ALLOC freed 4K, 5% free 9219K/9607K, paused 101ms
I/dalvikvm-heap( 5200): Grow heap (frag case) to 12.138MB for 3217300-byte allocation
I/Process (   77): Sending signal. PID: 5200 SIG: 3
I/dalvikvm( 5200): threadid=3: reacting to signal 3
I/dalvikvm( 5200): Wrote stack traces to '/data/anr/traces.txt'
D/dalvikvm( 5200): GC_FOR_ALLOC freed <1K, 4% free 12361K/12807K, paused 86ms
I/Process (   77): Sending signal. PID: 5200 SIG: 3
I/dalvikvm( 5200): threadid=3: reacting to signal 3
I/dalvikvm( 5200): Wrote stack traces to '/data/anr/traces.txt'
I/APP     ( 5200): I 01/28/2013 16:26:17:938 00001450         SplashScreen| Done
I/APP     ( 5200): I 01/28/2013 16:26:17:970 00001450    RhodesApplication| New UiState: MainActivityCreated
I/APP     ( 5200): I 01/28/2013 16:26:17:976 00001450       RhodesActivity| onStart
I/APP     ( 5200): I 01/28/2013 16:26:18:021 00001450    RhodesApplication| New UiState: MainActivityStarted
I/APP     ( 5200): I 01/28/2013 16:26:18:027 00001450       RhodesActivity| onResume
I/APP     ( 5200): I 01/28/2013 16:26:18:054 00001450 AndroidFunctionality| Resume WebView
I/APP     ( 5200): I 01/28/2013 16:26:18:134 00001450        RhodesService| onCreate
I/APP     ( 5200): I 01/28/2013 16:26:18:168 00001450    LocalFileProvider| Revoke URI permissions: content:///com.rhomobile.macotec
W/ActivityManager(   77): No content provider found for permission revoke: content:///com.rhomobile.macotec
I/APP     ( 5200): I 01/28/2013 16:26:18:213 00001450               Rhodes| Loading...
I/APP     ( 5200): I 01/28/2013 16:26:18:232 00001450            RhodesApp| Trying to get free listening port.
I/APP     ( 5200): I 01/28/2013 16:26:18:239 00001450            RhodesApp| Trying to bind of 8080 port...
I/APP     ( 5200): I 01/28/2013 16:26:18:264 00001450            RhodesApp| Got port to bind on: 8080
I/APP     ( 5200): I 01/28/2013 16:26:18:307 00001450            RhodesApp| Free listening port: 8080
I/APP     ( 5200): I 01/28/2013 16:26:18:297 00001465         AppCallbacks| Starting main routine...
I/Process (   77): Sending signal. PID: 5200 SIG: 3
I/dalvikvm( 5200): threadid=3: reacting to signal 3
I/dalvikvm( 5200): Wrote stack traces to '/data/anr/traces.txt'
I/APP     ( 5200): I 01/28/2013 16:26:18:414 00001465         AppCallbacks| ThreadQueue blocked for 4294967295 seconds...
I/APP     ( 5200): I 01/28/2013 16:26:18:565 00001450        RhodesService| Push is disabled
I/APP     ( 5200): I 01/28/2013 16:26:18:619 00001450            RhodesApp| callAppActiveCallback
I/APP     ( 5200): I 01/28/2013 16:26:18:643 00001450         AppCallbacks| addCommand: APP-ACTIVATED
I/APP     ( 5200): I 01/28/2013 16:26:18:651 00001465         AppCallbacks| Received command APP-ACTIVATED which is greater than expected (LOCAL-SERVER-STARTED) - postpone it
I/APP     ( 5200): I 01/28/2013 16:26:18:653 00001465         AppCallbacks| ThreadQueue blocked for 4294967295 seconds...
I/APP     ( 5200): I 01/28/2013 16:26:18:695 00001450         AppActivated| Cannot commit now, application will be activated when started.
I/APP     ( 5200): I 01/28/2013 16:26:18:732 00001450    RhodesApplication| New AppState: Undefined
I/APP     ( 5200): I 01/28/2013 16:26:18:753 00001467            RhodesApp| Starting RhodesApp main routine...
D/RhodesService( 5200): +++ onStartCommand
I/RhodesService( 5200): handleCommand: startId=1, source=com.rhomobile.rhodes.BaseActivity
D/RhodesService( 5200): New activity was created
I/Process (   77): Sending signal. PID: 5200 SIG: 3
I/dalvikvm( 5200): threadid=3: reacting to signal 3
I/dalvikvm( 5200): Wrote stack traces to '/data/anr/traces.txt'
I/APP     ( 5200): I 01/28/2013 16:26:18:951 00001450        RhodesService| onBind
I/APP     ( 5200): I 01/28/2013 16:26:19:071 00001450         AppCallbacks| addCommand: UI-CREATED
I/APP     ( 5200): I 01/28/2013 16:26:19:139 00001465         AppCallbacks| Received command UI-CREATED which is greater than expected (LOCAL-SERVER-STARTED) - postpone it
I/APP     ( 5200): I 01/28/2013 16:26:19:140 00001465         AppCallbacks| ThreadQueue blocked for 4294967295 seconds...
V/PhoneStatusBar(  130): setLightsOn(true)
I/Process (   77): Sending signal. PID: 5200 SIG: 3
I/dalvikvm( 5200): threadid=3: reacting to signal 3
I/APP     ( 5200): I 01/28/2013 16:26:19:435 00001450       RhodesActivity| onServiceConnected: {com.rhomobile.macotec/com.rhomobile.rhodes.RhodesService}
I/APP     ( 5200): I 01/28/2013 16:26:19:456 00001450       RhodesActivity| New start parameters: 
I/APP     ( 5200): I 01/28/2013 16:26:19:462 00001450            RhodesApp| New start params: 
I/dalvikvm( 5200): Wrote stack traces to '/data/anr/traces.txt'
W/InputManagerService(   77): Starting input on non-focused client com.android.internal.view.IInputMethodClient$Stub$Proxy@415a66a8 (uid=10009 pid=194)
D/gralloc_goldfish( 5200): Emulator without GPU emulation detected.
I/Process (   77): Sending signal. PID: 5200 SIG: 3
I/dalvikvm( 5200): threadid=3: reacting to signal 3
I/dalvikvm( 5200): Wrote stack traces to '/data/anr/traces.txt'
I/ActivityManager(   77): Displayed com.rhomobile.macotec/com.rhomobile.rhodes.RhodesActivity: +6s310ms
I/APP     ( 5200): I 01/28/2013 16:26:20:518 00001467              RhoRuby| Init_RhoBlobs: /data/data/com.rhomobile.macotec/rhodata/db/db-files
I/APP     ( 5200): I 01/28/2013 16:26:20:802 00001467              RhoRuby| require_compiled: rhoframework
I/APP     ( 5200): I 01/28/2013 16:26:20:954 00001467              RhoRuby| require_compiled: rational
I/APP     ( 5200): I 01/28/2013 16:26:21:027 00001467              RhoRuby| require_compiled: rhom/rhom_db_adapter
I/APP     ( 5200): I 01/28/2013 16:26:21:177 00001467              RhoRuby| require_compiled: rhodes
I/APP     ( 5200): I 01/28/2013 16:26:21:254 00001467              RhoRuby| require_compiled: rhom/rhom_object
I/APP     ( 5200): I 01/28/2013 16:26:21:359 00001467              RhoRuby| require_compiled: rhofsconnector
I/APP     ( 5200): I 01/28/2013 16:26:21:400 00001467              RhoRuby| require_compiled: rho/rhofsconnector
I/APP     ( 5200): I 01/28/2013 16:26:21:492 00001467              RhoRuby| require_compiled: rhom/rhom_object_factory
I/APP     ( 5200): I 01/28/2013 16:26:21:786 00001467              RhoRuby| require_compiled: rhom/rhom
I/APP     ( 5200): I 01/28/2013 16:26:21:885 00001467              RhoRuby| require_compiled: rhom/rhom_model
I/APP     ( 5200): I 01/28/2013 16:26:21:975 00001467              RhoRuby| require_compiled: rhom
I/APP     ( 5200): I 01/28/2013 16:26:22:026 00001467              RhoRuby| require_compiled: rho/rhoapplication
I/APP     ( 5200): I 01/28/2013 16:26:22:143 00001467              RhoRuby| require_compiled: rholang/localization_simplified
I/APP     ( 5200): I 01/28/2013 16:26:22:226 00001467              RhoRuby| require_compiled: rho/rhomsg
I/APP     ( 5200): I 01/28/2013 16:26:22:295 00001467              RhoRuby| require_compiled: rho/rhotabbar
I/APP     ( 5200): I 01/28/2013 16:26:22:337 00001467              RhoRuby| require_compiled: rho/rhotoolbar
I/APP     ( 5200): I 01/28/2013 16:26:22:378 00001467                  APP| Current locale: ; Country code: 
W/NetworkManagementSocketTagger(   77): setKernelCountSet(10009, 0) failed with errno -2
I/APP     ( 5200): I 01/28/2013 16:26:22:443 00001467                  APP| Locilized file: /data/data/com.rhomobile.macotec/rhodata/lib/rholang/lang_
I/APP     ( 5200): I 01/28/2013 16:26:22:471 00001467              RhoRuby| require_compiled: /data/data/com.rhomobile.macotec/rhodata/lib/rholang/lang_en
I/APP     ( 5200): I 01/28/2013 16:26:22:502 00001467                  APP| Locilized file: /data/data/com.rhomobile.macotec/rhodata/apps/app/lang/lang_
I/APP     ( 5200): I 01/28/2013 16:26:22:549 00001467                  APP| Locilized file: /data/data/com.rhomobile.macotec/rhodata/lib/rholang/rhoerror_
I/APP     ( 5200): I 01/28/2013 16:26:22:581 00001467              RhoRuby| require_compiled: /data/data/com.rhomobile.macotec/rhodata/lib/rholang/rhoerror_en
I/APP     ( 5200): I 01/28/2013 16:26:22:617 00001467                  APP| Locilized file: /data/data/com.rhomobile.macotec/rhodata/lib/rholang/rhomsg_
I/APP     ( 5200): I 01/28/2013 16:26:22:652 00001467              RhoRuby| require_compiled: /data/data/com.rhomobile.macotec/rhodata/lib/rholang/rhomsg_en
I/APP     ( 5200): I 01/28/2013 16:26:22:686 00001467              RhoRuby| require_compiled: indifferent_access
I/APP     ( 5200): I 01/28/2013 16:26:22:775 00001467              RhoRuby| require_compiled: rho/rhosupport
I/APP     ( 5200): I 01/28/2013 16:26:22:907 00001467              RhoRuby| require_compiled: rho/rhocontroller
I/APP     ( 5200): I 01/28/2013 16:26:22:977 00001467              RhoRuby| require_compiled: rho/render
I/APP     ( 5200): I 01/28/2013 16:26:23:097 00001467              RhoRuby| require_compiled: rho/rho
I/APP     ( 5200): I 01/28/2013 16:26:23:304 00001467              RhoRuby| require_compiled: rho/rhoerror
I/APP     ( 5200): I 01/28/2013 16:26:23:371 00001467              RhoRuby| require_compiled: rhom/rhom_source
I/APP     ( 5200): I 01/28/2013 16:26:23:454 00001467              RhoRuby| require_compiled: rho/rhoviewhelpers
I/APP     ( 5200): I 01/28/2013 16:26:23:538 00001467              RhoRuby| require_compiled: rho
I/APP     ( 5200): I 01/28/2013 16:26:23:567 00001467                  APP| RHO loaded
I/APP     ( 5200): I 01/28/2013 16:26:23:605 00001467                  APP| Calling RHO.initialize
I/APP     ( 5200): I 01/28/2013 16:26:23:630 00001467                  APP| model file: Menu/menu
I/APP     ( 5200): I 01/28/2013 16:26:23:663 00001467                  APP| model file: Product/product
I/APP     ( 5200): I 01/28/2013 16:26:23:695 00001467                   DB| Open DB: /data/data/com.rhomobile.macotec/rhodata/db/syncdbuser.sqlite
