I/APP     ( 4375): E 03/27/2013 18:00:25:654 0000112e               RubyVM| lib/date.rb:14: warning: already initialized constant MONTHNAMES
I/APP     ( 4375): E 03/27/2013 18:00:25:659 0000112e               RubyVM| lib/date.rb:15: warning: already initialized constant ABBR_MONTHNAMES
I/APP     ( 4375): E 03/27/2013 18:00:25:745 0000112e               RubyVM| lib/date.rb:16: warning: already initialized constant DAYNAMES
I/APP     ( 4375): E 03/27/2013 18:00:25:779 0000112e               RubyVM| lib/date.rb:17: warning: already initialized constant ABBR_DAYNAMES
I/APP     ( 4375): I 03/27/2013 18:00:25:784 0000112e              RhoRuby| require_compiled: json
I/APP     ( 4375): I 03/27/2013 18:00:25:825 0000112e              RhoRuby| require_compiled: json/common
I/APP     ( 4375): I 03/27/2013 18:00:25:903 0000112e              RhoRuby| require_compiled: json/version
I/APP     ( 4375): I 03/27/2013 18:00:25:959 0000112e              RhoRuby| require_compiled: json/pure
I/APP     ( 4375): I 03/27/2013 18:00:26:017 0000112e              RhoRuby| require_compiled: json/pure/generator
I/APP     ( 4375): I 03/27/2013 18:00:26:114 0000112e              RhoRuby| require_compiled: Connection/connection_controller
I/APP     ( 4375): I 03/27/2013 18:00:26:170 0000112e                  APP| ############### 
I/APP     ( 4375): I 03/27/2013 18:00:26:175 0000112e                  APP| const_missing: Product
I/APP     ( 4375): I 03/27/2013 18:00:26:231 0000112e                  APP| load_model: Product
I/APP     ( 4375): I 03/27/2013 18:00:26:252 0000112e              RhoRuby| require_compiled: Product/product
I/APP     ( 4375): I 03/27/2013 18:00:26:327 0000112e                  APP| model name: Product
I/APP     ( 4375): I 03/27/2013 18:00:26:332 0000112e                  APP| model class found
I/APP     ( 4375): I 03/27/2013 18:00:26:379 0000112e                  APP| Product : {"schema"=>{"property"=>{"catalog_date"=>[:date, nil], "catalog_version"=>[:integer, nil], "category"=>[:string, nil], "category_name"=>[:string, nil], "category_img_url"=>[:string, nil], "sub_category"=>[:string, nil], "sub_category_name"=>[:string, nil], "sub_category_img_url"=>[:string, nil], "details"=>[:string, nil], "details_name"=>[:string, nil], "detail_img_url"=>[:string, nil], "header"=>[:string, nil], "attribute_title_1"=>[:string, nil], "attribute_title_2"=>[:string, nil], "attribute_title_3"=>[:string, nil], "attribute_title_4"=>[:string, nil], "attribute_title_5"=>[:string, nil], "attribute_list_title"=>[:string, nil], "attribute_1"=>[:string, nil], "attribute_2"=>[:string, nil], "attribute_3"=>[:string, nil], "attribute_4"=>[:string, nil], "attribute_5"=>[:string, nil], "attribute_list"=>[:string, nil]}}}
I/APP     ( 4375): I 03/27/2013 18:00:26:417 0000112e                   DB| Open DB: /data/data/com.rhomobile.macotec/rhodata/db/syncdblocal.sqlite
I/APP     ( 4375): I 03/27/2013 18:00:26:455 0000112e                  APP| init_db_sources
I/APP     ( 4375): I 03/27/2013 18:00:26:541 0000112e                  APP| start_id: 40006
I/APP     ( 4375): I 03/27/2013 18:00:26:548 0000112e                  APP| Migrate schema sources: {}
I/APP     ( 4375): I 03/27/2013 18:00:26:635 0000112e                  APP| const_missing: Settings
I/APP     ( 4375): I 03/27/2013 18:00:26:639 0000112e                  APP| load_model: Settings
I/APP     ( 4375): I 03/27/2013 18:00:26:697 0000112e              RhoRuby| require_compiled: Settings/settings
I/APP     ( 4375): I 03/27/2013 18:00:26:745 0000112e                  APP| model name: Settings
I/APP     ( 4375): I 03/27/2013 18:00:26:774 0000112e                  APP| model class found
I/APP     ( 4375): I 03/27/2013 18:00:26:780 0000112e                  APP| Settings : {"schema"=>{"property"=>{"company"=>[:string, nil], "phone"=>[:string, nil], "email"=>[:string, nil]}}}
I/APP     ( 4375): I 03/27/2013 18:00:26:812 0000112e                  APP| init_db_sources
I/APP     ( 4375): I 03/27/2013 18:00:26:837 0000112e                  APP| start_id: 40006
I/APP     ( 4375): I 03/27/2013 18:00:26:842 0000112e                  APP| Migrate schema sources: {}
I/APP     ( 4375): I 03/27/2013 18:00:27:022 0000112e RHO RequestController| Layout file: /data/data/com.rhomobile.macotec/rhodata/apps/app/layout_erb.iseq. Content size: 9040
I/APP     ( 4375): I 03/27/2013 18:00:27:069 0000112e           HttpServer| GC Start.
I/APP     ( 4375): I 03/27/2013 18:00:27:167 0000112e           HttpServer| GC End.
I/APP     ( 4375): I 03/27/2013 18:00:27:590 0000112e           HttpServer| Process URI: '/public/js/request.js'
I/APP     ( 4375): I 03/27/2013 18:00:27:617 0000112e           HttpServer| Process URI: '/public/jquery/jquery-1.6.4.min.js'
I/APP     ( 4375): I 03/27/2013 18:00:27:693 0000112e           HttpServer| Process URI: '/public/jquery/jquery.json-2.3.min.js'
I/APP     ( 4375): I 03/27/2013 18:00:27:732 0000112e           HttpServer| Process URI: '/public/jqmobile/jquery.mobile-1.0.1.min.css'
I/APP     ( 4375): I 03/27/2013 18:00:27:800 0000112e           HttpServer| Process URI: '/public/css/jqmobile-patch.css'
I/APP     ( 4375): I 03/27/2013 18:00:27:853 0000112e           HttpServer| Process URI: '/public/jqmobile/jquery.mobile-1.0.1.min.js'
I/APP     ( 4375): I 03/27/2013 18:00:27:925 0000112e           HttpServer| Process URI: '/public/js/jqmobile-patch.js'
I/APP     ( 4375): I 03/27/2013 18:00:27:971 0000112e           HttpServer| Process URI: '/public/css/macotec_style.css'
I/APP     ( 4375): I 03/27/2013 18:00:28:167 0000112e           HttpServer| Process URI: '/public/images/macotec/camera.png'
I/APP     ( 4375): I 03/27/2013 18:00:28:243 0000112e           HttpServer| Process URI: '/public/images/macotec/gallery.png'
I/APP     ( 4375): I 03/27/2013 18:00:28:265 0000112e           HttpServer| Process URI: '/public/images/macotec/user_data.png'
I/APP     ( 4375): I 03/27/2013 18:00:28:309 0000112e           HttpServer| Process URI: '/public/images/macotec/upload.png'
I/APP     ( 4375): I 03/27/2013 18:00:28:341 0000112e           HttpServer| Process URI: '/public/jqmobile/images/icons-18-white.png'
I/APP     ( 4375): I 03/27/2013 18:00:28:415 0000112e           HttpServer| Process URI: '/favicon.ico'
I/APP     ( 4375): E 03/27/2013 18:00:28:417 0000112e           HttpServer| The file /favicon.ico was not found
I/APP     ( 4375): I 03/27/2013 18:00:31:100 0000112e           HttpServer| Process URI: '/app/Request/request'
I/APP     ( 4375): I 03/27/2013 18:00:31:102 0000112e                  APP| RHO serve: /app/Request/request
I/APP     ( 4375): I 03/27/2013 18:00:31:295 0000112e           HttpServer| GC Start.
I/APP     ( 4375): I 03/27/2013 18:00:31:403 0000112e           HttpServer| GC End.
I/APP     ( 4375): I 03/27/2013 18:00:31:891 0000112e           HttpServer| Process URI: '/public/images/macotec/forklifter_full.png'
I/APP     ( 4375): I 03/27/2013 18:00:31:959 0000112e           HttpServer| Process URI: '/public/images/macotec/request_contract.png'
I/APP     ( 4375): I 03/27/2013 18:00:32:244 0000112e           HttpServer| Process URI: '/public/jqmobile/images/icons-36-white.png'
E/libEGL  ( 4375): call to OpenGL ES API with no current context (logged once per thread)
D/ShaderProgram( 4375): couldn't load the vertex shader!
E/libEGL  ( 4375): call to OpenGL ES API with no current context (logged once per thread)
D/ShaderProgram( 4375): couldn't load the vertex shader!
E/libEGL  ( 4375): call to OpenGL ES API with no current context (logged once per thread)
D/ShaderProgram( 4375): couldn't load the vertex shader!
E/libEGL  ( 4375): call to OpenGL ES API with no current context (logged once per thread)
D/ShaderProgram( 4375): couldn't load the vertex shader!
E/libEGL  ( 4375): call to OpenGL ES API with no current context (logged once per thread)
D/ShaderProgram( 4375): couldn't load the vertex shader!
I/APP     ( 4375): I 03/27/2013 18:00:35:262 0000112e           HttpServer| Process URI: '/app/Request/request_project'
I/APP     ( 4375): I 03/27/2013 18:00:35:265 0000112e                  APP| RHO serve: /app/Request/request_project
I/APP     ( 4375): I 03/27/2013 18:00:35:550 0000112e           HttpServer| GC Start.
I/APP     ( 4375): I 03/27/2013 18:00:35:667 0000112e           HttpServer| GC End.
I/APP     ( 4375): I 03/27/2013 18:00:36:249 0000112e           HttpServer| Process URI: '/public/images/macotec/camera.png'
I/APP     ( 4375): I 03/27/2013 18:00:36:326 0000112e           HttpServer| Process URI: '/public/images/macotec/gallery.png'
I/APP     ( 4375): I 03/27/2013 18:00:36:380 0000112e           HttpServer| Process URI: '/public/images/macotec/user_data.png'
I/APP     ( 4375): I 03/27/2013 18:00:36:405 0000112e           HttpServer| Process URI: '/public/images/macotec/upload.png'
I/InputReader(   94): Reconfiguring input devices.  changes=0x00000004
I/InputReader(   94): Device reconfigured: id=0, name='qwerty2', surface size is now 480x800, mode is 1
W/SurfaceFlinger(   36): createScreenshotSurface failed (Function not implemented)
I/ActivityManager(   94): Config changed: {1.0 310mcc260mnc en_US layoutdir=0 sw320dp w533dp h294dp nrml long land finger qwerty/v/v tball/v s.13}
I/APP     ( 4375): I 03/27/2013 18:00:42:732 00001117         BaseActivity| New screen properties - width: 800, height: 480, orientation: 0
V/SimpleMainView.View( 4375): ms[1364403642855]  Main Window :: onSizeChanged() old [ 800 x 442 ]  new [ 480 x 762 ]
D/dalvikvm(   94): GC_EXPLICIT freed 99K, 11% free 11383K/12743K, paused 10ms+14ms
I/InputReader(   94): Reconfiguring input devices.  changes=0x00000004
I/InputReader(   94): Device reconfigured: id=0, name='qwerty2', surface size is now 480x800, mode is 1
W/SurfaceFlinger(   36): createScreenshotSurface failed (Function not implemented)
I/ActivityManager(   94): Config changed: {1.0 310mcc260mnc en_US layoutdir=0 sw320dp w320dp h508dp nrml long port finger qwerty/v/v tball/v s.14}
I/APP     ( 4375): I 03/27/2013 18:01:09:133 00001117         BaseActivity| New screen properties - width: 480, height: 800, orientation: 1
V/SimpleMainView.View( 4375): ms[1364403669300]  Main Window :: onSizeChanged() old [ 480 x 762 ]  new [ 800 x 442 ]
D/dalvikvm(   94): GC_EXPLICIT freed 50K, 11% free 11376K/12743K, paused 7ms+40ms
D/AndroidRuntime( 4418): 
D/AndroidRuntime( 4418): >>>>>> AndroidRuntime START com.android.internal.os.RuntimeInit <<<<<<
D/AndroidRuntime( 4418): CheckJNI is ON
D/AndroidRuntime( 4418): Calling main entry com.android.commands.pm.Pm
W/ActivityManager(   94): No content provider found for permission revoke: file:///data/local/tmp/MacoTec-debug.apk
W/ActivityManager(   94): No content provider found for permission revoke: file:///data/local/tmp/MacoTec-debug.apk
D/dalvikvm(   94): GC_FOR_ALLOC freed 221K, 10% free 11511K/12743K, paused 81ms
D/dalvikvm(   94): GC_FOR_ALLOC freed 143K, 9% free 11700K/12743K, paused 73ms
D/dalvikvm(   94): GC_FOR_ALLOC freed 459K, 8% free 11780K/12743K, paused 76ms
D/dalvikvm(   94): GC_FOR_ALLOC freed 408K, 8% free 11782K/12743K, paused 79ms
D/dalvikvm(   94): GC_FOR_ALLOC freed 400K, 8% free 11784K/12743K, paused 76ms
D/dalvikvm(   94): GC_FOR_ALLOC freed 406K, 8% free 11788K/12743K, paused 75ms
D/dalvikvm(   94): GC_FOR_ALLOC freed 411K, 8% free 11791K/12743K, paused 78ms
D/dalvikvm(   94): GC_FOR_ALLOC freed 423K, 8% free 11796K/12743K, paused 77ms
D/dalvikvm(   94): GC_FOR_ALLOC freed 408K, 8% free 11795K/12743K, paused 78ms
I/PackageManager(   94): Removing non-system package:com.rhomobile.macotec
I/ActivityManager(   94): Force stopping package com.rhomobile.macotec uid=10040
I/ActivityManager(   94): Killing proc 4375:com.rhomobile.macotec/10040: force stop
W/ActivityManager(   94): Force removing ActivityRecord{4140cab0 com.rhomobile.macotec/com.rhomobile.rhodes.RhodesActivity}: app died, no saved state
I/WindowManager(   94): WIN DEATH: Window{41491900 com.rhomobile.macotec/com.rhomobile.rhodes.RhodesActivity paused=false}
W/NetworkManagementSocketTagger(   94): setKernelCountSet(10040, 0) failed with errno -2
W/NetworkManagementSocketTagger(   94): setKernelCountSet(10009, 1) failed with errno -2
W/InputManagerService(   94): Got RemoteException sending setActive(false) notification to pid 4375 uid 10040
I/PackageManager(   94): Package com.rhomobile.macotec codePath changed from /data/app/com.rhomobile.macotec-1.apk to /data/app/com.rhomobile.macotec-2.apk; Retaining data and using new
I/PackageManager(   94): Running dexopt on: com.rhomobile.macotec
D/dalvikvm( 4429): DexOpt: load 103ms, verify+opt 510ms
W/PackageManager(   94): Code path for pkg : com.rhomobile.macotec changing from /data/app/com.rhomobile.macotec-1.apk to /data/app/com.rhomobile.macotec-2.apk
W/PackageManager(   94): Resource path for pkg : com.rhomobile.macotec changing from /data/app/com.rhomobile.macotec-1.apk to /data/app/com.rhomobile.macotec-2.apk
I/ActivityManager(   94): Force stopping package com.rhomobile.macotec uid=10040
D/PackageManager(   94): New package installed in /data/app/com.rhomobile.macotec-2.apk
D/dalvikvm(   94): GC_FOR_ALLOC freed 524K, 8% free 11814K/12743K, paused 80ms
I/ActivityManager(   94): Force stopping package com.rhomobile.macotec uid=10040
D/PackageManager(   94): generateServicesMap(android.accounts.AccountAuthenticator): 2 services unchanged
D/PackageManager(   94): generateServicesMap(android.content.SyncAdapter): 4 services unchanged
D/BackupManagerService(   94): Received broadcast Intent { act=android.intent.action.PACKAGE_REMOVED dat=package:com.rhomobile.macotec flg=0x10000010 (has extras) }
I/AccountTypeManager(  283): Loaded meta-data for 1 account types, 0 accounts in 183ms(wall) 6ms(cpu)
D/PackageManager(   94): generateServicesMap(android.accounts.AccountAuthenticator): 2 services unchanged
D/PackageManager(   94): generateServicesMap(android.content.SyncAdapter): 4 services unchanged
D/BackupManagerService(   94): Received broadcast Intent { act=android.intent.action.PACKAGE_ADDED dat=package:com.rhomobile.macotec flg=0x10000010 (has extras) }
V/BackupManagerService(   94): updatePackageParticipantsLocked: #1
W/RecognitionManagerService(   94): no available voice recognition services found
I/AccountTypeManager(  283): Loaded meta-data for 1 account types, 0 accounts in 288ms(wall) 6ms(cpu)
D/BackupManagerService(   94): Received broadcast Intent { act=android.intent.action.PACKAGE_REPLACED dat=package:com.rhomobile.macotec flg=0x10000010 (has extras) }
V/BackupManagerService(   94): updatePackageParticipantsLocked: #1
D/dalvikvm(   94): GC_CONCURRENT freed 996K, 10% free 11516K/12743K, paused 10ms+9ms
D/dalvikvm(   94): GC_EXPLICIT freed 197K, 12% free 11337K/12743K, paused 5ms+17ms
D/AndroidRuntime( 4418): Shutting down VM
D/dalvikvm( 4418): GC_CONCURRENT freed 97K, 79% free 450K/2048K, paused 0ms+1ms
I/AndroidRuntime( 4418): NOTE: attach of thread 'Binder Thread #3' failed
D/AndroidRuntime( 4437): 
D/AndroidRuntime( 4437): >>>>>> AndroidRuntime START com.android.internal.os.RuntimeInit <<<<<<
D/AndroidRuntime( 4437): CheckJNI is ON
D/AndroidRuntime( 4437): Calling main entry com.android.commands.am.Am
I/ActivityManager(   94): START {act=android.intent.action.MAIN flg=0x10000000 cmp=com.rhomobile.macotec/com.rhomobile.rhodes.RhodesActivity} from pid 4437
W/WindowManager(   94): Failure taking screenshot for (180x300) to layer 21005
D/AndroidRuntime( 4437): Shutting down VM
D/dalvikvm( 4437): GC_CONCURRENT freed 97K, 77% free 480K/2048K, paused 1ms+1ms
I/AndroidRuntime( 4437): NOTE: attach of thread 'Binder Thread #3' failed
I/ActivityManager(   94): Start proc com.rhomobile.macotec for activity com.rhomobile.macotec/com.rhomobile.rhodes.RhodesActivity: pid=4447 uid=10040 gids={3003, 1006}
I/dalvikvm( 4447): Turning on JNI app bug workarounds for target SDK version 4...
W/NetworkManagementSocketTagger(   94): setKernelCountSet(10040, 1) failed with errno -2
I/Process (   94): Sending signal. PID: 4447 SIG: 3
I/dalvikvm( 4447): threadid=3: reacting to signal 3
I/dalvikvm( 4447): Wrote stack traces to '/data/anr/traces.txt'
D/dalvikvm( 4447): Trying to load lib /data/data/com.rhomobile.macotec/lib/librhodes.so 0x412a3138
D/dalvikvm( 4447): Added shared lib /data/data/com.rhomobile.macotec/lib/librhodes.so 0x412a3138
D/dalvikvm( 4447): Trying to load lib /data/data/com.rhomobile.macotec/lib/librhodes.so 0x412a3138
D/dalvikvm( 4447): Shared lib '/data/data/com.rhomobile.macotec/lib/librhodes.so' already loaded in same CL 0x412a3138
I/ActivityThread( 4447): Pub com.rhomobile.macotec: com.rhomobile.rhodes.LocalFileProvider
I/RhodesApplication( 4447): Initializing...
I/Process (   94): Sending signal. PID: 4447 SIG: 3
I/dalvikvm( 4447): threadid=3: reacting to signal 3
I/dalvikvm( 4447): Wrote stack traces to '/data/anr/traces.txt'
D/RhoFileApi( 4447): App root path: /data/data/com.rhomobile.macotec/rhodata/
D/RhoFileApi( 4447): Sqlite journals path: /data/data/com.rhomobile.macotec/sqlite_stmt_journals/
D/RhoFileApi( 4447): Shared path: /data/data/com.rhomobile.macotec/rhodata/
D/RhodesApplication( 4447): Root path: /data/data/com.rhomobile.macotec/rhodata/
I/RhodesApplication( 4447): Application hash was changed
D/RhoFileApi( 4447): Copy hash to FS
D/RhoFileApi( 4447): File hash copied
D/RhoFileApi( 4447): Copy rho.dat to FS
D/RhoFileApi( 4447): File rho.dat copied
D/RhoFileApi( 4447): Copy apps/rhoconfig.txt to FS
D/RhoFileApi( 4447): File apps/rhoconfig.txt copied
I/RhoFileApi( 4447): Opening stat table from FS: /data/data/com.rhomobile.macotec/rhodata/rho.dat
I/Process (   94): Sending signal. PID: 4447 SIG: 3
I/dalvikvm( 4447): threadid=3: reacting to signal 3
I/dalvikvm( 4447): Wrote stack traces to '/data/anr/traces.txt'
D/RhoFileApi( 4447): Copy apps/rhoconfig.txt to FS
D/RhoFileApi( 4447): File apps/rhoconfig.txt copied
D/RhoFileApi( 4447): App root path: /data/data/com.rhomobile.macotec/rhodata/
D/RhoFileApi( 4447): Sqlite journals path: /data/data/com.rhomobile.macotec/sqlite_stmt_journals/
D/RhoFileApi( 4447): Shared path: /data/data/com.rhomobile.macotec/rhodata/
I/APP     ( 4447): I 03/27/2013 18:01:33:250 0000115f    RhodesApplication| Initialized
I/Process (   94): Sending signal. PID: 4447 SIG: 3
I/dalvikvm( 4447): threadid=3: reacting to signal 3
I/dalvikvm( 4447): Wrote stack traces to '/data/anr/traces.txt'
I/APP     ( 4447): I 03/27/2013 18:01:33:391 0000115f         BaseActivity| New screen properties - width: 480, height: 800, orientation: 1
I/APP     ( 4447): I 03/27/2013 18:01:33:626 0000115f         SplashScreen| Looking for start page source
D/dalvikvm( 4447): GC_CONCURRENT freed 304K, 5% free 9216K/9607K, paused 4ms+24ms
I/Process (   94): Sending signal. PID: 4447 SIG: 3
I/dalvikvm( 4447): threadid=3: reacting to signal 3
D/dalvikvm( 4447): GC_FOR_ALLOC freed 14K, 4% free 9231K/9607K, paused 127ms
I/dalvikvm( 4447): Wrote stack traces to '/data/anr/traces.txt'
I/dalvikvm-heap( 4447): Grow heap (frag case) to 12.150MB for 3217300-byte allocation
D/dalvikvm( 4447): GC_FOR_ALLOC freed 1K, 4% free 12372K/12807K, paused 62ms
D/dalvikvm( 4447): GC_CONCURRENT freed 1K, 4% free 12376K/12807K, paused 18ms+10ms
I/Process (   94): Sending signal. PID: 4447 SIG: 3
I/dalvikvm( 4447): threadid=3: reacting to signal 3
I/dalvikvm( 4447): Wrote stack traces to '/data/anr/traces.txt'
I/APP     ( 4447): I 03/27/2013 18:01:34:656 0000115f         SplashScreen| Done
I/APP     ( 4447): I 03/27/2013 18:01:34:662 0000115f    RhodesApplication| New UiState: MainActivityCreated
I/APP     ( 4447): I 03/27/2013 18:01:34:712 0000115f       RhodesActivity| onStart
I/APP     ( 4447): I 03/27/2013 18:01:34:732 0000115f    RhodesApplication| New UiState: MainActivityStarted
I/APP     ( 4447): I 03/27/2013 18:01:34:737 0000115f       RhodesActivity| onResume
I/APP     ( 4447): I 03/27/2013 18:01:34:779 0000115f AndroidFunctionality| Resume WebView
I/Process (   94): Sending signal. PID: 4447 SIG: 3
I/dalvikvm( 4447): threadid=3: reacting to signal 3
I/dalvikvm( 4447): Wrote stack traces to '/data/anr/traces.txt'
I/APP     ( 4447): I 03/27/2013 18:01:34:888 0000115f        RhodesService| onCreate
I/APP     ( 4447): I 03/27/2013 18:01:34:894 0000115f    LocalFileProvider| Revoke URI permissions: content:///com.rhomobile.macotec
W/ActivityManager(   94): No content provider found for permission revoke: content:///com.rhomobile.macotec
I/APP     ( 4447): I 03/27/2013 18:01:34:944 0000115f               Rhodes| Loading...
I/APP     ( 4447): I 03/27/2013 18:01:34:973 0000115f            RhodesApp| Trying to get free listening port.
I/APP     ( 4447): I 03/27/2013 18:01:34:978 0000115f            RhodesApp| Trying to bind of 8080 port...
I/APP     ( 4447): I 03/27/2013 18:01:35:006 0000115f            RhodesApp| Got port to bind on: 8080
I/APP     ( 4447): I 03/27/2013 18:01:35:010 0000115f            RhodesApp| Free listening port: 8080
I/APP     ( 4447): I 03/27/2013 18:01:35:050 00001174         AppCallbacks| Starting main routine...
I/APP     ( 4447): I 03/27/2013 18:01:35:059 00001174         AppCallbacks| ThreadQueue blocked for 4294967295 seconds...
I/APP     ( 4447): I 03/27/2013 18:01:35:154 0000115f        RhodesService| Push is disabled
I/APP     ( 4447): I 03/27/2013 18:01:35:188 0000115f            RhodesApp| callAppActiveCallback
I/APP     ( 4447): I 03/27/2013 18:01:35:193 0000115f         AppCallbacks| addCommand: APP-ACTIVATED
I/APP     ( 4447): I 03/27/2013 18:01:35:226 00001174         AppCallbacks| Received command APP-ACTIVATED which is greater than expected (LOCAL-SERVER-STARTED) - postpone it
I/APP     ( 4447): I 03/27/2013 18:01:35:228 00001174         AppCallbacks| ThreadQueue blocked for 4294967295 seconds...
I/APP     ( 4447): I 03/27/2013 18:01:35:254 00001176            RhodesApp| Starting RhodesApp main routine...
I/APP     ( 4447): I 03/27/2013 18:01:35:270 0000115f         AppActivated| Cannot commit now, application will be activated when started.
I/APP     ( 4447): I 03/27/2013 18:01:35:275 0000115f    RhodesApplication| New AppState: Undefined
D/RhodesService( 4447): +++ onStartCommand
I/RhodesService( 4447): handleCommand: startId=1, source=com.rhomobile.rhodes.BaseActivity
I/Process (   94): Sending signal. PID: 4447 SIG: 3
I/dalvikvm( 4447): threadid=3: reacting to signal 3
D/RhodesService( 4447): New activity was created
I/APP     ( 4447): I 03/27/2013 18:01:35:393 0000115f        RhodesService| onBind
I/dalvikvm( 4447): Wrote stack traces to '/data/anr/traces.txt'
I/APP     ( 4447): I 03/27/2013 18:01:35:499 0000115f         AppCallbacks| addCommand: UI-CREATED
I/APP     ( 4447): I 03/27/2013 18:01:35:545 00001174         AppCallbacks| Received command UI-CREATED which is greater than expected (LOCAL-SERVER-STARTED) - postpone it
I/APP     ( 4447): I 03/27/2013 18:01:35:546 00001174         AppCallbacks| ThreadQueue blocked for 4294967295 seconds...
V/PhoneStatusBar(  152): setLightsOn(true)
I/APP     ( 4447): I 03/27/2013 18:01:35:680 0000115f       RhodesActivity| onServiceConnected: {com.rhomobile.macotec/com.rhomobile.rhodes.RhodesService}
I/APP     ( 4447): I 03/27/2013 18:01:35:685 0000115f       RhodesActivity| New start parameters: 
I/APP     ( 4447): I 03/27/2013 18:01:35:716 0000115f            RhodesApp| New start params: 
D/gralloc_goldfish( 4447): Emulator without GPU emulation detected.
I/Process (   94): Sending signal. PID: 4447 SIG: 3
I/dalvikvm( 4447): threadid=3: reacting to signal 3
I/dalvikvm( 4447): Wrote stack traces to '/data/anr/traces.txt'
I/ActivityManager(   94): Displayed com.rhomobile.macotec/com.rhomobile.rhodes.RhodesActivity: +5s280ms
W/NetworkManagementSocketTagger(   94): setKernelCountSet(10009, 0) failed with errno -2
I/APP     ( 4447): I 03/27/2013 18:01:36:570 00001176              RhoRuby| Init_RhoBlobs: /data/data/com.rhomobile.macotec/rhodata/db/db-files
I/APP     ( 4447): I 03/27/2013 18:01:36:635 00001176              RhoRuby| require_compiled: rhoframework
I/APP     ( 4447): I 03/27/2013 18:01:36:713 00001176              RhoRuby| require_compiled: rational
I/APP     ( 4447): I 03/27/2013 18:01:36:762 00001176              RhoRuby| require_compiled: rhom/rhom_db_adapter
I/APP     ( 4447): I 03/27/2013 18:01:36:885 00001176              RhoRuby| require_compiled: rhodes
I/APP     ( 4447): I 03/27/2013 18:01:36:970 00001176              RhoRuby| require_compiled: rhom/rhom_object
I/APP     ( 4447): I 03/27/2013 18:01:37:042 00001176              RhoRuby| require_compiled: rhofsconnector
I/APP     ( 4447): I 03/27/2013 18:01:37:098 00001176              RhoRuby| require_compiled: rho/rhofsconnector
I/APP     ( 4447): I 03/27/2013 18:01:37:194 00001176              RhoRuby| require_compiled: rhom/rhom_object_factory
I/APP     ( 4447): I 03/27/2013 18:01:37:490 00001176              RhoRuby| require_compiled: rhom/rhom
I/APP     ( 4447): I 03/27/2013 18:01:37:566 00001176              RhoRuby| require_compiled: rhom/rhom_model
I/APP     ( 4447): I 03/27/2013 18:01:37:633 00001176              RhoRuby| require_compiled: rhom
I/APP     ( 4447): I 03/27/2013 18:01:37:678 00001176              RhoRuby| require_compiled: rho/rhoapplication
I/APP     ( 4447): I 03/27/2013 18:01:37:765 00001176              RhoRuby| require_compiled: rholang/localization_simplified
I/APP     ( 4447): I 03/27/2013 18:01:37:847 00001176              RhoRuby| require_compiled: rho/rhomsg
I/APP     ( 4447): I 03/27/2013 18:01:37:892 00001176              RhoRuby| require_compiled: rho/rhotabbar
I/APP     ( 4447): I 03/27/2013 18:01:37:954 00001176              RhoRuby| require_compiled: rho/rhotoolbar
I/APP     ( 4447): I 03/27/2013 18:01:38:001 00001176                  APP| Current locale: ; Country code: 
I/APP     ( 4447): I 03/27/2013 18:01:38:032 00001176                  APP| Locilized file: /data/data/com.rhomobile.macotec/rhodata/lib/rholang/lang_
I/APP     ( 4447): I 03/27/2013 18:01:38:057 00001176              RhoRuby| require_compiled: /data/data/com.rhomobile.macotec/rhodata/lib/rholang/lang_en
I/APP     ( 4447): I 03/27/2013 18:01:38:123 00001176                  APP| Locilized file: /data/data/com.rhomobile.macotec/rhodata/apps/app/lang/lang_
I/APP     ( 4447): I 03/27/2013 18:01:38:145 00001176              RhoRuby| require_compiled: /data/data/com.rhomobile.macotec/rhodata/apps/app/lang/lang_en
I/APP     ( 4447): I 03/27/2013 18:01:38:181 00001176                  APP| Locilized file: /data/data/com.rhomobile.macotec/rhodata/lib/rholang/rhoerror_
I/APP     ( 4447): I 03/27/2013 18:01:38:209 00001176              RhoRuby| require_compiled: /data/data/com.rhomobile.macotec/rhodata/lib/rholang/rhoerror_en
I/APP     ( 4447): I 03/27/2013 18:01:38:248 00001176                  APP| Locilized file: /data/data/com.rhomobile.macotec/rhodata/lib/rholang/rhomsg_
I/APP     ( 4447): I 03/27/2013 18:01:38:276 00001176              RhoRuby| require_compiled: /data/data/com.rhomobile.macotec/rhodata/lib/rholang/rhomsg_en
I/APP     ( 4447): I 03/27/2013 18:01:38:315 00001176              RhoRuby| require_compiled: indifferent_access
I/APP     ( 4447): I 03/27/2013 18:01:38:396 00001176              RhoRuby| require_compiled: rho/rhosupport
I/APP     ( 4447): I 03/27/2013 18:01:38:504 00001176              RhoRuby| require_compiled: rho/rhocontroller
I/APP     ( 4447): I 03/27/2013 18:01:38:571 00001176              RhoRuby| require_compiled: rho/render
I/APP     ( 4447): I 03/27/2013 18:01:38:661 00001176              RhoRuby| require_compiled: rho/rho
I/APP     ( 4447): I 03/27/2013 18:01:38:867 00001176              RhoRuby| require_compiled: rho/rhoerror
I/APP     ( 4447): I 03/27/2013 18:01:38:925 00001176              RhoRuby| require_compiled: rhom/rhom_source
I/APP     ( 4447): I 03/27/2013 18:01:39:004 00001176              RhoRuby| require_compiled: rho/rhoviewhelpers
I/APP     ( 4447): I 03/27/2013 18:01:39:071 00001176              RhoRuby| require_compiled: rho
I/APP     ( 4447): I 03/27/2013 18:01:39:118 00001176                  APP| RHO loaded
I/APP     ( 4447): I 03/27/2013 18:01:39:144 00001176                  APP| Calling RHO.initialize
I/APP     ( 4447): I 03/27/2013 18:01:39:176 00001176                  APP| model file: Device/device
I/APP     ( 4447): I 03/27/2013 18:01:39:204 00001176                  APP| model file: Settings/settings
I/APP     ( 4447): I 03/27/2013 18:01:39:209 00001176                  APP| model file: Image/image
I/APP     ( 4447): I 03/27/2013 18:01:39:237 00001176                  APP| model file: Product/product
I/APP     ( 4447): I 03/27/2013 18:01:39:254 00001176                  APP| model file: Request/request
I/APP     ( 4447): I 03/27/2013 18:01:39:283 00001176                   DB| Open DB: /data/data/com.rhomobile.macotec/rhodata/db/syncdbuser.sqlite
I/APP     ( 4447): I 03/27/2013 18:01:39:325 00001176          GeoLocation| Creating singleton instance.
I/APP     ( 4447): I 03/27/2013 18:01:39:350 00001176            RhodesApp| Starting sync engine...
I/APP     ( 4447): I 03/27/2013 18:01:39:368 00001176                 Sync| sync_poll_interval: 0
I/APP     ( 4447): I 03/27/2013 18:01:39:373 00001176                 Sync| syncserver: 
I/APP     ( 4447): I 03/27/2013 18:01:39:403 00001176                 Sync| bulksync_state: 0
I/APP     ( 4447): I 03/27/2013 18:01:39:408 00001176            RhodesApp| RhoRubyInitApp...
I/APP     ( 4447): I 03/27/2013 18:01:39:434 00001176                  APP| init_app
I/APP     ( 4447): I 03/27/2013 18:01:39:453 00001176              RhoRuby| require_compiled: application
I/APP     ( 4447): I 03/27/2013 18:01:39:490 00001176                 Sync| Set notification. Source ID: -1;Url :http://localhost:8080/app/Settings/sync_notify; Params: 
I/APP     ( 4447): I 03/27/2013 18:01:39:518 00001176           HttpServer| Start HTTP server
I/APP     ( 4447): I 03/27/2013 18:01:39:522 00001176           HttpServer| Listen for connections on port 8080
I/APP     ( 4447): I 03/27/2013 18:01:39:558 00001176         AppCallbacks| addCommand: LOCAL-SERVER-STARTED
I/APP     ( 4447): I 03/27/2013 18:01:39:563 00001174         AppCallbacks| process command: LOCAL-SERVER-STARTED
I/APP     ( 4447): I 03/27/2013 18:01:39:564 00001174 RhodesAppActiveObserver| Ready
I/APP     ( 4447): I 03/27/2013 18:01:39:570 0000115f AndroidFunctionality| Disable WebView zoom
I/APP     ( 4447): I 03/27/2013 18:01:39:571 0000115f AndroidFunctionality| Set web plugins state 'OFF'
I/APP     ( 4447): I 03/27/2013 18:01:39:620 00001174    RhodesApplication| New AppState: AppActivated
V/EmulatedCamera_Factory(   38): getCameraInfo: id = 0
V/EmulatedCamera_Camera(   38): getCameraInfo
I/APP     ( 4447): I 03/27/2013 18:01:39:665 00001174         AppCallbacks| process command: UI-CREATED
V/EmulatedCamera_Factory(   38): getCameraInfo: id = 0
V/EmulatedCamera_Camera(   38): getCameraInfo
I/CameraService(   38): Opening camera 0
V/EmulatedCamera_Factory(   38): cameraDeviceOpen: id = 0
V/EmulatedCamera_Camera(   38): connectCamera
V/EmulatedCamera_FakeDevice(   38): connectDevice
V/EmulatedCamera_CallbackNotifier(   38): setCallbacks: 0x405954e9, 0x40595f9d, 0x40595f01, 0x40597359 (0x1c0f0)
V/EmulatedCamera_CallbackNotifier(   38): enableMessage: msg_type = 0x40d
V/EmulatedCamera_CallbackNotifier(   38):     CAMERA_MSG_ERROR
V/EmulatedCamera_CallbackNotifier(   38):     CAMERA_MSG_FOCUS
V/EmulatedCamera_CallbackNotifier(   38):     CAMERA_MSG_ZOOM
V/EmulatedCamera_CallbackNotifier(   38):     CAMERA_MSG_PREVIEW_METADATA
V/EmulatedCamera_CallbackNotifier(   38): **** Currently enabled messages:
V/EmulatedCamera_CallbackNotifier(   38):     CAMERA_MSG_ERROR
V/EmulatedCamera_CallbackNotifier(   38):     CAMERA_MSG_FOCUS
V/EmulatedCamera_CallbackNotifier(   38):     CAMERA_MSG_ZOOM
V/EmulatedCamera_CallbackNotifier(   38):     CAMERA_MSG_PREVIEW_METADATA
I/AwesomePlayer(   38): setDataSource_l('/system/media/audio/ui/camera_click.ogg')
I/APP     ( 4447): I 03/27/2013 18:01:39:920 00001176           HttpServer| Process URI: '/system/uicreated'
I/APP     ( 4447): I 03/27/2013 18:01:39:937 00001176                  APP| on_ui_created.navigate to start url: '/app'
I/APP     ( 4447): I 03/27/2013 18:01:39:981 00001174         AppCallbacks| process command: APP-ACTIVATED
I/APP     ( 4447): I 03/27/2013 18:01:40:069 00001176           HttpServer| Process URI: '/system/activateapp'
I/AwesomePlayer(   38): setDataSource_l('/system/media/audio/ui/VideoRecord.ogg')
I/APP     ( 4447): I 03/27/2013 18:01:40:121 00001174         AppCallbacks| ThreadQueue blocked for 4294967295 seconds...
V/EmulatedCamera_CallbackNotifier(   38): disableMessage: msg_type = 0x10
V/EmulatedCamera_CallbackNotifier(   38):     CAMERA_MSG_PREVIEW_FRAME
V/EmulatedCamera_CallbackNotifier(   38): **** Currently enabled messages:
V/EmulatedCamera_CallbackNotifier(   38):     CAMERA_MSG_ERROR
V/EmulatedCamera_CallbackNotifier(   38):     CAMERA_MSG_FOCUS
V/EmulatedCamera_CallbackNotifier(   38):     CAMERA_MSG_ZOOM
V/EmulatedCamera_CallbackNotifier(   38):     CAMERA_MSG_PREVIEW_METADATA
V/EmulatedCamera_CallbackNotifier(   38): disableMessage: msg_type = 0xffff
V/EmulatedCamera_CallbackNotifier(   38):     CAMERA_MSG_ERROR
V/EmulatedCamera_CallbackNotifier(   38):     CAMERA_MSG_SHUTTER
V/EmulatedCamera_CallbackNotifier(   38):     CAMERA_MSG_FOCUS
V/EmulatedCamera_CallbackNotifier(   38):     CAMERA_MSG_ZOOM
V/EmulatedCamera_CallbackNotifier(   38):     CAMERA_MSG_PREVIEW_FRAME
V/EmulatedCamera_CallbackNotifier(   38):     CAMERA_MSG_VIDEO_FRAME
V/EmulatedCamera_CallbackNotifier(   38):     CAMERA_MSG_POSTVIEW_FRAME
V/EmulatedCamera_CallbackNotifier(   38):     CAMERA_MSG_RAW_IMAGE
V/EmulatedCamera_CallbackNotifier(   38):     CAMERA_MSG_COMPRESSED_IMAGE
V/EmulatedCamera_CallbackNotifier(   38):     CAMERA_MSG_RAW_IMAGE_NOTIFY
V/EmulatedCamera_CallbackNotifier(   38):     CAMERA_MSG_PREVIEW_METADATA
V/EmulatedCamera_CallbackNotifier(   38): **** Currently enabled messages:
V/EmulatedCamera_Camera(   38): doStopPreview
V/EmulatedCamera_Camera(   38): cancelPicture
V/EmulatedCamera_Camera(   38): releaseCamera
V/EmulatedCamera_Camera(   38): doStopPreview
V/EmulatedCamera_FakeDevice(   38): disconnectDevice
I/CameraService(   38): Destroying camera 0
V/EmulatedCamera_Camera(   38): closeCamera
V/EmulatedCamera_Camera(   38): doStopPreview
W/AudioFlinger(   38): session id 107 not found for pid 38
W/AudioFlinger(   38): session id 108 not found for pid 38
V/EmulatedCamera_Factory(   38): getCameraInfo: id = 0
V/EmulatedCamera_Camera(   38): getCameraInfo
I/APP     ( 4447): I 03/27/2013 18:01:40:646 0000115f         SplashScreen| navigate: url=http://localhost:8080/app
I/APP     ( 4447): I 03/27/2013 18:01:40:670 0000115f         SplashScreen| DELAY for SplashScreen = 0
I/APP     ( 4447): I 03/27/2013 18:01:40:708 0000115f        GoogleWebView| Creating new RhoWebChromeClient
I/APP     ( 4447): I 03/27/2013 18:01:40:738 0000115f       SimpleMainView| Cleared URL: http://localhost:8080/app
V/SimpleMainView.View( 4447): ms[1364403700800]  Main Window :: onSizeChanged() old [ 480 x 762 ]  new [ 0 x 0 ]
I/APP     ( 4447): I 03/27/2013 18:01:40:867 0000115f        GoogleWebView| Setting RhoWebChromeClient
I/APP     ( 4447): I 03/27/2013 18:01:40:924 00001176           HttpServer| Process URI: '/app'
I/APP     ( 4447): I 03/27/2013 18:01:40:965 0000115f     RhoWebViewClient| Loading URL: http://localhost:8080/app/index_erb.iseq
I/APP     ( 4447): I 03/27/2013 18:01:41:001 00001176           HttpServer| Process URI: '/app/index_erb.iseq'
I/APP     ( 4447): I 03/27/2013 18:01:41:021 00001176                  APP| RHO serve_index: /app/index_erb.iseq
I/APP     ( 4447): I 03/27/2013 18:01:41:040 00001176 RHO Rho::RhoController| inst_render_index
I/APP     ( 4447): I 03/27/2013 18:01:41:167 00001176 RHO Rho::RhoController| index layout
I/APP     ( 4447): I 03/27/2013 18:01:41:267 00001176           HttpServer| GC Start.
I/APP     ( 4447): I 03/27/2013 18:01:41:379 00001176           HttpServer| GC End.
I/APP     ( 4447): I 03/27/2013 18:01:41:523 00001176           HttpServer| Process URI: '/public/js/request.js'
I/APP     ( 4447): I 03/27/2013 18:01:41:679 00001176           HttpServer| Process URI: '/public/jquery/jquery-1.6.4.min.js'
I/APP     ( 4447): I 03/27/2013 18:01:41:808 00001176           HttpServer| Process URI: '/public/jquery/jquery.json-2.3.min.js'
I/APP     ( 4447): I 03/27/2013 18:01:41:892 00001176           HttpServer| Process URI: '/public/jqmobile/jquery.mobile-1.0.1.min.css'
I/APP     ( 4447): I 03/27/2013 18:01:42:048 00001176           HttpServer| Process URI: '/public/css/jqmobile-patch.css'
I/APP     ( 4447): I 03/27/2013 18:01:42:147 00001176           HttpServer| Process URI: '/public/jqmobile/jquery.mobile-1.0.1.min.js'
I/APP     ( 4447): I 03/27/2013 18:01:42:364 00001176           HttpServer| Process URI: '/public/js/jqmobile-patch.js'
I/APP     ( 4447): I 03/27/2013 18:01:42:463 00001176           HttpServer| Process URI: '/public/css/macotec_style.css'
I/APP     ( 4447): I 03/27/2013 18:01:45:449 00001176           HttpServer| Process URI: '/public/images/macotec/logo.png'
I/APP     ( 4447): I 03/27/2013 18:01:46:253 00001176           HttpServer| Process URI: '/public/images/macotec/request_top.png'
I/APP     ( 4447): I 03/27/2013 18:01:46:388 00001176           HttpServer| Process URI: '/public/images/macotec/contact_png.png'
I/APP     ( 4447): I 03/27/2013 18:01:46:443 00001176           HttpServer| Process URI: '/public/images/macotec/products_png.png'
I/APP     ( 4447): I 03/27/2013 18:01:46:478 00001176           HttpServer| Process URI: '/public/images/macotec/info_png.png'
I/APP     ( 4447): I 03/27/2013 18:01:46:558 00001176           HttpServer| Process URI: '/public/images/macotec/attention.png'
I/APP     ( 4447): I 03/27/2013 18:01:56:135 00001176           HttpServer| Process URI: '/app/Request/request'
I/APP     ( 4447): I 03/27/2013 18:01:56:138 00001176                  APP| RHO serve: /app/Request/request
I/APP     ( 4447): I 03/27/2013 18:01:56:195 00001176              RhoRuby| require_compiled: Request/request_controller
I/APP     ( 4447): I 03/27/2013 18:01:56:399 00001176              RhoRuby| require_compiled: helpers/browser_helper
I/APP     ( 4447): I 03/27/2013 18:01:56:468 00001176              RhoRuby| require_compiled: time
I/APP     ( 4447): I 03/27/2013 18:01:56:704 00001176              RhoRuby| require_compiled: date/format
I/APP     ( 4447): I 03/27/2013 18:01:57:055 00001176              RhoRuby| require_compiled: date
I/APP     ( 4447): I 03/27/2013 18:01:57:106 00001176              RhoRuby| require_compiled: dateOrig
D/dalvikvm( 4447): GC_CONCURRENT freed 912K, 8% free 12510K/13511K, paused 4ms+5ms
D/webviewglue( 4447): nativeDestroy view: 0x28a5f0
I/APP     ( 4447): E 03/27/2013 18:01:57:455 00001176               RubyVM| lib/date.rb:14: warning: already initialized constant MONTHNAMES
I/APP     ( 4447): E 03/27/2013 18:01:57:459 00001176               RubyVM| lib/date.rb:15: warning: already initialized constant ABBR_MONTHNAMES
I/APP     ( 4447): E 03/27/2013 18:01:57:518 00001176               RubyVM| lib/date.rb:16: warning: already initialized constant DAYNAMES
I/APP     ( 4447): E 03/27/2013 18:01:57:524 00001176               RubyVM| lib/date.rb:17: warning: already initialized constant ABBR_DAYNAMES
I/APP     ( 4447): I 03/27/2013 18:01:57:541 00001176              RhoRuby| require_compiled: json
I/APP     ( 4447): I 03/27/2013 18:01:57:578 00001176              RhoRuby| require_compiled: json/common
I/APP     ( 4447): I 03/27/2013 18:01:57:667 00001176              RhoRuby| require_compiled: json/version
I/APP     ( 4447): I 03/27/2013 18:01:57:726 00001176              RhoRuby| require_compiled: json/pure
I/APP     ( 4447): I 03/27/2013 18:01:57:787 00001176              RhoRuby| require_compiled: json/pure/generator
I/APP     ( 4447): I 03/27/2013 18:01:57:886 00001176              RhoRuby| require_compiled: Connection/connection_controller
I/APP     ( 4447): I 03/27/2013 18:01:57:942 00001176                  APP| const_missing: Product
I/APP     ( 4447): I 03/27/2013 18:01:57:947 00001176                  APP| load_model: Product
I/APP     ( 4447): I 03/27/2013 18:01:58:005 00001176              RhoRuby| require_compiled: Product/product
I/APP     ( 4447): I 03/27/2013 18:01:58:067 00001176                  APP| model name: Product
I/APP     ( 4447): I 03/27/2013 18:01:58:072 00001176                  APP| model class found
I/APP     ( 4447): I 03/27/2013 18:01:58:127 00001176                  APP| Product : {"schema"=>{"property"=>{"catalog_date"=>[:date, nil], "catalog_version"=>[:integer, nil], "category"=>[:string, nil], "category_name"=>[:string, nil], "category_img_url"=>[:string, nil], "sub_category"=>[:string, nil], "sub_category_name"=>[:string, nil], "sub_category_img_url"=>[:string, nil], "details"=>[:string, nil], "details_name"=>[:string, nil], "detail_img_url"=>[:string, nil], "header"=>[:string, nil], "attribute_title_1"=>[:string, nil], "attribute_title_2"=>[:string, nil], "attribute_title_3"=>[:string, nil], "attribute_title_4"=>[:string, nil], "attribute_title_5"=>[:string, nil], "attribute_list_title"=>[:string, nil], "attribute_1"=>[:string, nil], "attribute_2"=>[:string, nil], "attribute_3"=>[:string, nil], "attribute_4"=>[:string, nil], "attribute_5"=>[:string, nil], "attribute_list"=>[:string, nil]}}}
I/APP     ( 4447): I 03/27/2013 18:01:58:165 00001176                   DB| Open DB: /data/data/com.rhomobile.macotec/rhodata/db/syncdblocal.sqlite
I/APP     ( 4447): I 03/27/2013 18:01:58:198 00001176                  APP| init_db_sources
I/APP     ( 4447): I 03/27/2013 18:01:58:280 00001176                  APP| start_id: 40006
I/APP     ( 4447): I 03/27/2013 18:01:58:348 00001176                  APP| Migrate schema sources: {}
I/APP     ( 4447): I 03/27/2013 18:01:58:464 00001176           HttpServer| GC Start.
I/APP     ( 4447): I 03/27/2013 18:01:58:564 00001176           HttpServer| GC End.
I/APP     ( 4447): I 03/27/2013 18:01:58:871 00001176           HttpServer| Process URI: '/public/images/macotec/forklifter_full.png'
I/APP     ( 4447): I 03/27/2013 18:01:58:941 00001176           HttpServer| Process URI: '/public/images/macotec/request_contract.png'
I/APP     ( 4447): I 03/27/2013 18:01:59:054 00001176           HttpServer| Process URI: '/public/jqmobile/images/icons-36-white.png'
E/libEGL  ( 4447): call to OpenGL ES API with no current context (logged once per thread)
D/ShaderProgram( 4447): couldn't load the vertex shader!
E/libEGL  ( 4447): call to OpenGL ES API with no current context (logged once per thread)
D/ShaderProgram( 4447): couldn't load the vertex shader!
E/libEGL  ( 4447): call to OpenGL ES API with no current context (logged once per thread)
D/ShaderProgram( 4447): couldn't load the vertex shader!
E/libEGL  ( 4447): call to OpenGL ES API with no current context (logged once per thread)
D/ShaderProgram( 4447): couldn't load the vertex shader!
E/libEGL  ( 4447): call to OpenGL ES API with no current context (logged once per thread)
D/ShaderProgram( 4447): couldn't load the vertex shader!
I/APP     ( 4447): I 03/27/2013 18:02:01:938 00001176           HttpServer| Process URI: '/app/Request/request_project'
I/APP     ( 4447): I 03/27/2013 18:02:01:944 00001176                  APP| RHO serve: /app/Request/request_project
I/APP     ( 4447): I 03/27/2013 18:02:01:987 00001176                  APP| const_missing: Settings
I/APP     ( 4447): I 03/27/2013 18:02:02:016 00001176                  APP| load_model: Settings
I/APP     ( 4447): I 03/27/2013 18:02:02:042 00001176              RhoRuby| require_compiled: Settings/settings
I/APP     ( 4447): I 03/27/2013 18:02:02:109 00001176                  APP| model name: Settings
I/APP     ( 4447): I 03/27/2013 18:02:02:114 00001176                  APP| model class found
I/APP     ( 4447): I 03/27/2013 18:02:02:153 00001176                  APP| Settings : {"schema"=>{"property"=>{"company"=>[:string, nil], "phone"=>[:string, nil], "email"=>[:string, nil]}}}
I/APP     ( 4447): I 03/27/2013 18:02:02:184 00001176                  APP| init_db_sources
I/APP     ( 4447): I 03/27/2013 18:02:02:220 00001176                  APP| start_id: 40006
I/APP     ( 4447): I 03/27/2013 18:02:02:251 00001176                  APP| Migrate schema sources: {}
I/APP     ( 4447): I 03/27/2013 18:02:02:626 00001176           HttpServer| GC Start.
I/APP     ( 4447): I 03/27/2013 18:02:02:772 00001176           HttpServer| GC End.
I/APP     ( 4447): I 03/27/2013 18:02:03:522 00001176           HttpServer| Process URI: '/public/images/macotec/camera.png'
I/APP     ( 4447): I 03/27/2013 18:02:03:619 00001176           HttpServer| Process URI: '/public/images/macotec/gallery.png'
I/APP     ( 4447): I 03/27/2013 18:02:03:669 00001176           HttpServer| Process URI: '/public/images/macotec/user_data.png'
I/APP     ( 4447): I 03/27/2013 18:02:03:704 00001176           HttpServer| Process URI: '/public/images/macotec/upload.png'
I/APP     ( 4447): I 03/27/2013 18:02:12:677 00001176           HttpServer| Process URI: '/app/Request/request_rental'
I/APP     ( 4447): I 03/27/2013 18:02:12:683 00001176                  APP| RHO serve: /app/Request/request_rental
I/APP     ( 4447): I 03/27/2013 18:02:12:709 00001176                  APP| ############### 
I/APP     ( 4447): I 03/27/2013 18:02:12:899 00001176 RHO RequestController| Layout file: /data/data/com.rhomobile.macotec/rhodata/apps/app/layout_erb.iseq. Content size: 9040
I/APP     ( 4447): I 03/27/2013 18:02:12:942 00001176           HttpServer| GC Start.
I/APP     ( 4447): I 03/27/2013 18:02:13:028 00001176           HttpServer| GC End.
I/APP     ( 4447): I 03/27/2013 18:02:13:058 00001176           HttpServer| Process URI: '/public/js/request.js'
I/APP     ( 4447): I 03/27/2013 18:02:13:084 00001176           HttpServer| Process URI: '/public/jquery/jquery-1.6.4.min.js'
I/APP     ( 4447): I 03/27/2013 18:02:13:178 00001176           HttpServer| Process URI: '/public/jquery/jquery.json-2.3.min.js'
I/APP     ( 4447): I 03/27/2013 18:02:13:211 00001176           HttpServer| Process URI: '/public/jqmobile/jquery.mobile-1.0.1.min.css'
I/APP     ( 4447): I 03/27/2013 18:02:13:273 00001176           HttpServer| Process URI: '/public/css/jqmobile-patch.css'
I/APP     ( 4447): I 03/27/2013 18:02:13:304 00001176           HttpServer| Process URI: '/public/jqmobile/jquery.mobile-1.0.1.min.js'
I/APP     ( 4447): I 03/27/2013 18:02:13:385 00001176           HttpServer| Process URI: '/public/js/jqmobile-patch.js'
I/APP     ( 4447): I 03/27/2013 18:02:13:420 00001176           HttpServer| Process URI: '/public/css/macotec_style.css'
I/APP     ( 4447): I 03/27/2013 18:02:13:743 00001176           HttpServer| Process URI: '/public/images/macotec/camera.png'
I/APP     ( 4447): I 03/27/2013 18:02:13:767 00001176           HttpServer| Process URI: '/public/images/macotec/gallery.png'
I/APP     ( 4447): I 03/27/2013 18:02:13:813 00001176           HttpServer| Process URI: '/public/images/macotec/user_data.png'
I/APP     ( 4447): I 03/27/2013 18:02:13:842 00001176           HttpServer| Process URI: '/public/images/macotec/upload.png'
I/APP     ( 4447): I 03/27/2013 18:02:13:871 00001176           HttpServer| Process URI: '/public/jqmobile/images/icons-18-white.png'
I/APP     ( 4447): I 03/27/2013 18:02:13:956 00001176           HttpServer| Process URI: '/favicon.ico'
I/APP     ( 4447): E 03/27/2013 18:02:13:958 00001176           HttpServer| The file /favicon.ico was not found
W/ThrottleService(   94): unable to find stats for iface rmnet0
I/APP     ( 4447): I 03/27/2013 18:02:58:205 00001176           HttpServer| Process URI: '/app/Request/request_project'
I/APP     ( 4447): I 03/27/2013 18:02:58:229 00001176                  APP| RHO serve: /app/Request/request_project
I/APP     ( 4447): I 03/27/2013 18:02:58:431 00001176 RHO RequestController| Layout file: /data/data/com.rhomobile.macotec/rhodata/apps/app/layout_erb.iseq. Content size: 7500
I/APP     ( 4447): I 03/27/2013 18:02:58:486 00001176           HttpServer| GC Start.
I/APP     ( 4447): I 03/27/2013 18:02:58:585 00001176           HttpServer| GC End.
I/APP     ( 4447): I 03/27/2013 18:02:58:739 00001176           HttpServer| Process URI: '/favicon.ico'
I/APP     ( 4447): E 03/27/2013 18:02:58:761 00001176           HttpServer| The file /favicon.ico was not found
I/APP     ( 4447): E 03/27/2013 18:03:08:193 00001176           HttpServer| Connection gracefully closed before we send any data
I/APP     ( 4447): E 03/27/2013 18:03:08:194 00001176           HttpServer| Parsing error
I/APP     ( 4447): E 03/27/2013 18:03:08:196 00001176           HttpServer| Connection gracefully closed before we send any data
I/APP     ( 4447): E 03/27/2013 18:03:08:197 00001176           HttpServer| Parsing error
I/APP     ( 4447): E 03/27/2013 18:03:08:198 00001176           HttpServer| Connection gracefully closed before we send any data
I/APP     ( 4447): E 03/27/2013 18:03:08:198 00001176           HttpServer| Parsing error
I/APP     ( 4447): E 03/27/2013 18:03:08:199 00001176           HttpServer| Connection gracefully closed before we send any data
I/APP     ( 4447): E 03/27/2013 18:03:08:200 00001176           HttpServer| Parsing error
W/SurfaceFlinger(   36): createScreenshotSurface failed (Function not implemented)
I/InputReader(   94): Reconfiguring input devices.  changes=0x00000004
I/InputReader(   94): Device reconfigured: id=0, name='qwerty2', surface size is now 480x800, mode is 1
I/ActivityManager(   94): Config changed: {1.0 310mcc260mnc en_US layoutdir=0 sw320dp w533dp h294dp nrml long land finger qwerty/v/v tball/v s.15}
I/APP     ( 4447): I 03/27/2013 18:03:54:034 0000115f         BaseActivity| New screen properties - width: 800, height: 480, orientation: 0
V/SimpleMainView.View( 4447): ms[1364403834177]  Main Window :: onSizeChanged() old [ 800 x 442 ]  new [ 480 x 762 ]
