I/dalvikvm(  194): threadid=3: reacting to signal 3
W/InputManagerService(   77): Got RemoteException sending setActive(false) notification to pid 7006 uid 10040
I/dalvikvm(  194): Wrote stack traces to '/data/anr/traces.txt'
I/Process (   77): Sending signal. PID: 194 SIG: 3
I/dalvikvm(  194): threadid=3: reacting to signal 3
I/dalvikvm(  194): Wrote stack traces to '/data/anr/traces.txt'
D/dalvikvm(  194): GC_FOR_ALLOC freed 2300K, 27% free 16967K/23175K, paused 116ms
I/Process (   77): Sending signal. PID: 194 SIG: 3
I/dalvikvm(  194): threadid=3: reacting to signal 3
I/dalvikvm(  194): Wrote stack traces to '/data/anr/traces.txt'
D/dalvikvm(  194): GC_FOR_ALLOC freed 408K, 23% free 17958K/23175K, paused 92ms
D/dalvikvm(  194): GC_CONCURRENT freed 476K, 16% free 19527K/23175K, paused 5ms+8ms
D/dalvikvm(  194): GC_FOR_ALLOC freed 3705K, 25% free 17558K/23175K, paused 52ms
I/ActivityManager(   77): Start proc com.rhomobile.macotec for service com.rhomobile.macotec/com.rhomobile.rhodes.RhodesService: pid=7037 uid=10040 gids={3003}
I/dalvikvm( 7037): Turning on JNI app bug workarounds for target SDK version 4...
D/dalvikvm( 7037): Trying to load lib /data/data/com.rhomobile.macotec/lib/librhodes.so 0x4129e5a8
D/dalvikvm( 7037): Added shared lib /data/data/com.rhomobile.macotec/lib/librhodes.so 0x4129e5a8
D/dalvikvm( 7037): Trying to load lib /data/data/com.rhomobile.macotec/lib/librhodes.so 0x4129e5a8
D/dalvikvm( 7037): Shared lib '/data/data/com.rhomobile.macotec/lib/librhodes.so' already loaded in same CL 0x4129e5a8
I/ActivityThread( 7037): Pub com.rhomobile.macotec: com.rhomobile.rhodes.LocalFileProvider
I/RhodesApplication( 7037): Initializing...
D/RhoFileApi( 7037): App root path: /data/data/com.rhomobile.macotec/rhodata/
D/RhoFileApi( 7037): Sqlite journals path: /data/data/com.rhomobile.macotec/sqlite_stmt_journals/
D/RhoFileApi( 7037): Shared path: /data/data/com.rhomobile.macotec/rhodata/
D/RhodesApplication( 7037): Root path: /data/data/com.rhomobile.macotec/rhodata/
I/RhoFileApi( 7037): Opening stat table from FS: /data/data/com.rhomobile.macotec/rhodata/rho.dat
I/APP     ( 7037): I 01/28/2013 18:09:50:181 00001b7d    RhodesApplication| Initialized
I/APP     ( 7037): I 01/28/2013 18:09:50:240 00001b7d        RhodesService| onCreate
I/APP     ( 7037): I 01/28/2013 18:09:50:279 00001b7d    LocalFileProvider| Revoke URI permissions: content:///com.rhomobile.macotec
W/ActivityManager(   77): No content provider found for permission revoke: content:///com.rhomobile.macotec
I/APP     ( 7037): I 01/28/2013 18:09:50:331 00001b7d               Rhodes| Loading...
I/APP     ( 7037): I 01/28/2013 18:09:50:368 00001b7d            RhodesApp| Trying to get free listening port.
I/APP     ( 7037): I 01/28/2013 18:09:50:405 00001b7d            RhodesApp| Trying to bind of 8080 port...
I/APP     ( 7037): I 01/28/2013 18:09:50:430 00001b7d            RhodesApp| Bind of 8080 port is failed with code: -1
I/APP     ( 7037): I 01/28/2013 18:09:50:457 00001b7d            RhodesApp| Trying to bind on dynamic port...
I/APP     ( 7037): I 01/28/2013 18:09:50:481 00001b7d            RhodesApp| Got port to bind on: 55635
I/APP     ( 7037): I 01/28/2013 18:09:50:455 00001b8a         AppCallbacks| Starting main routine...
I/APP     ( 7037): I 01/28/2013 18:09:50:529 00001b8a         AppCallbacks| ThreadQueue blocked for 4294967295 seconds...
I/APP     ( 7037): I 01/28/2013 18:09:50:554 00001b7d            RhodesApp| Free listening port: 55635
I/APP     ( 7037): I 01/28/2013 18:09:50:609 00001b7d        RhodesService| Push is disabled
D/RhodesService( 7037): +++ onStartCommand
I/APP     ( 7037): I 01/28/2013 18:09:50:675 00001b8b            RhodesApp| Starting RhodesApp main routine...
I/APP     ( 7037): I 01/28/2013 18:09:50:931 00001b8b              RhoRuby| Init_RhoBlobs: /data/data/com.rhomobile.macotec/rhodata/db/db-files
I/APP     ( 7037): I 01/28/2013 18:09:51:029 00001b8b              RhoRuby| require_compiled: rhoframework
I/APP     ( 7037): I 01/28/2013 18:09:51:131 00001b8b              RhoRuby| require_compiled: rational
I/APP     ( 7037): I 01/28/2013 18:09:51:216 00001b8b              RhoRuby| require_compiled: rhom/rhom_db_adapter
I/APP     ( 7037): I 01/28/2013 18:09:51:330 00001b8b              RhoRuby| require_compiled: rhodes
I/APP     ( 7037): I 01/28/2013 18:09:51:415 00001b8b              RhoRuby| require_compiled: rhom/rhom_object
I/APP     ( 7037): I 01/28/2013 18:09:51:507 00001b8b              RhoRuby| require_compiled: rhofsconnector
I/APP     ( 7037): I 01/28/2013 18:09:51:588 00001b8b              RhoRuby| require_compiled: rho/rhofsconnector
I/APP     ( 7037): I 01/28/2013 18:09:51:682 00001b8b              RhoRuby| require_compiled: rhom/rhom_object_factory
D/dalvikvm( 7037): GC_FOR_ALLOC freed 270K, 5% free 9145K/9543K, paused 47ms
I/APP     ( 7037): I 01/28/2013 18:09:52:033 00001b8b              RhoRuby| require_compiled: rhom/rhom
I/APP     ( 7037): I 01/28/2013 18:09:52:139 00001b8b              RhoRuby| require_compiled: rhom/rhom_model
I/APP     ( 7037): I 01/28/2013 18:09:52:240 00001b8b              RhoRuby| require_compiled: rhom
I/APP     ( 7037): I 01/28/2013 18:09:52:321 00001b8b              RhoRuby| require_compiled: rho/rhoapplication
I/APP     ( 7037): I 01/28/2013 18:09:52:439 00001b8b              RhoRuby| require_compiled: rholang/localization_simplified
I/APP     ( 7037): I 01/28/2013 18:09:52:552 00001b8b              RhoRuby| require_compiled: rho/rhomsg
I/APP     ( 7037): I 01/28/2013 18:09:52:654 00001b8b              RhoRuby| require_compiled: rho/rhotabbar
I/APP     ( 7037): I 01/28/2013 18:09:52:741 00001b8b              RhoRuby| require_compiled: rho/rhotoolbar
I/APP     ( 7037): I 01/28/2013 18:09:52:824 00001b8b                  APP| Current locale: ; Country code: 
I/APP     ( 7037): I 01/28/2013 18:09:52:905 00001b8b                  APP| Locilized file: /data/data/com.rhomobile.macotec/rhodata/lib/rholang/lang_
I/APP     ( 7037): I 01/28/2013 18:09:52:995 00001b8b              RhoRuby| require_compiled: /data/data/com.rhomobile.macotec/rhodata/lib/rholang/lang_en
I/APP     ( 7037): I 01/28/2013 18:09:53:086 00001b8b                  APP| Locilized file: /data/data/com.rhomobile.macotec/rhodata/apps/app/lang/lang_
I/APP     ( 7037): I 01/28/2013 18:09:53:167 00001b8b                  APP| Locilized file: /data/data/com.rhomobile.macotec/rhodata/lib/rholang/rhoerror_
I/APP     ( 7037): I 01/28/2013 18:09:53:249 00001b8b              RhoRuby| require_compiled: /data/data/com.rhomobile.macotec/rhodata/lib/rholang/rhoerror_en
I/APP     ( 7037): I 01/28/2013 18:09:53:334 00001b8b                  APP| Locilized file: /data/data/com.rhomobile.macotec/rhodata/lib/rholang/rhomsg_
I/APP     ( 7037): I 01/28/2013 18:09:53:414 00001b8b              RhoRuby| require_compiled: /data/data/com.rhomobile.macotec/rhodata/lib/rholang/rhomsg_en
I/APP     ( 7037): I 01/28/2013 18:09:53:503 00001b8b              RhoRuby| require_compiled: indifferent_access
I/APP     ( 7037): I 01/28/2013 18:09:53:602 00001b8b              RhoRuby| require_compiled: rho/rhosupport
I/APP     ( 7037): I 01/28/2013 18:09:53:710 00001b8b              RhoRuby| require_compiled: rho/rhocontroller
I/APP     ( 7037): I 01/28/2013 18:09:53:809 00001b8b              RhoRuby| require_compiled: rho/render
I/APP     ( 7037): I 01/28/2013 18:09:53:923 00001b8b              RhoRuby| require_compiled: rho/rho
I/APP     ( 7037): I 01/28/2013 18:09:54:136 00001b8b              RhoRuby| require_compiled: rho/rhoerror
I/APP     ( 7037): I 01/28/2013 18:09:54:224 00001b8b              RhoRuby| require_compiled: rhom/rhom_source
I/APP     ( 7037): I 01/28/2013 18:09:54:320 00001b8b              RhoRuby| require_compiled: rho/rhoviewhelpers
I/APP     ( 7037): I 01/28/2013 18:09:54:418 00001b8b              RhoRuby| require_compiled: rho
I/APP     ( 7037): I 01/28/2013 18:09:54:500 00001b8b                  APP| RHO loaded
I/APP     ( 7037): I 01/28/2013 18:09:54:581 00001b8b                  APP| Calling RHO.initialize
I/APP     ( 7037): I 01/28/2013 18:09:54:664 00001b8b                  APP| model file: Product/product
I/APP     ( 7037): I 01/28/2013 18:09:54:745 00001b8b                  APP| model file: Request/request
I/APP     ( 7037): I 01/28/2013 18:09:54:825 00001b8b                   DB| Open DB: /data/data/com.rhomobile.macotec/rhodata/db/syncdbuser.sqlite
I/APP     ( 7037): I 01/28/2013 18:09:54:926 00001b8b          GeoLocation| Creating singleton instance.
I/APP     ( 7037): I 01/28/2013 18:09:55:015 00001b8b            RhodesApp| Starting sync engine...
I/APP     ( 7037): I 01/28/2013 18:09:55:095 00001b8b                 Sync| sync_poll_interval: 0
I/APP     ( 7037): I 01/28/2013 18:09:55:179 00001b8b                 Sync| syncserver: 
I/APP     ( 7037): I 01/28/2013 18:09:55:263 00001b8b                 Sync| bulksync_state: 0
I/APP     ( 7037): I 01/28/2013 18:09:55:344 00001b8b            RhodesApp| RhoRubyInitApp...
I/APP     ( 7037): I 01/28/2013 18:09:55:425 00001b8b                  APP| init_app
I/APP     ( 7037): I 01/28/2013 18:09:55:522 00001b8b              RhoRuby| require_compiled: application
I/APP     ( 7037): I 01/28/2013 18:09:55:609 00001b8b                 Sync| Set notification. Source ID: -1;Url :http://localhost:55635/app/Settings/sync_notify; Params: 
I/APP     ( 7037): I 01/28/2013 18:09:55:689 00001b8b           HttpServer| Start HTTP server
I/APP     ( 7037): I 01/28/2013 18:09:55:766 00001b8b           HttpServer| Listen for connections on port 55635
I/APP     ( 7037): I 01/28/2013 18:09:55:854 00001b8b         AppCallbacks| addCommand: LOCAL-SERVER-STARTED
I/APP     ( 7037): I 01/28/2013 18:09:55:935 00001b8a         AppCallbacks| process command: LOCAL-SERVER-STARTED
I/APP     ( 7037): I 01/28/2013 18:09:56:027 00001b8a RhodesAppActiveObserver| Ready
I/APP     ( 7037): I 01/28/2013 18:09:56:120 00001b8a    RhodesApplication| New AppState: AppStarted
I/APP     ( 7037): I 01/28/2013 18:09:56:202 00001b8a         AppCallbacks| ThreadQueue blocked for 4294967295 seconds...
D/AndroidRuntime( 7058): 
D/AndroidRuntime( 7058): >>>>>> AndroidRuntime START com.android.internal.os.RuntimeInit <<<<<<
D/AndroidRuntime( 7058): CheckJNI is ON
D/AndroidRuntime( 7058): Calling main entry com.android.commands.pm.Pm
W/ActivityManager(   77): No content provider found for permission revoke: file:///data/local/tmp/macotec-debug.apk
W/ActivityManager(   77): No content provider found for permission revoke: file:///data/local/tmp/macotec-debug.apk
D/dalvikvm(   77): GC_CONCURRENT freed 634K, 19% free 11647K/14279K, paused 8ms+10ms
D/dalvikvm(   77): GC_CONCURRENT freed 370K, 18% free 11820K/14279K, paused 9ms+12ms
D/dalvikvm(   77): GC_CONCURRENT freed 584K, 17% free 11855K/14279K, paused 6ms+13ms
D/dalvikvm(   77): GC_CONCURRENT freed 662K, 18% free 11832K/14279K, paused 6ms+9ms
D/dalvikvm(   77): GC_CONCURRENT freed 603K, 18% free 11837K/14279K, paused 7ms+12ms
D/dalvikvm(   77): GC_CONCURRENT freed 572K, 18% free 11846K/14279K, paused 11ms+7ms
I/PackageManager(   77): Removing non-system package:com.rhomobile.macotec
I/ActivityManager(   77): Force stopping package com.rhomobile.macotec uid=10040
I/ActivityManager(   77): Killing proc 7037:com.rhomobile.macotec/10040: force stop
I/PackageManager(   77): Package com.rhomobile.macotec codePath changed from /data/app/com.rhomobile.macotec-2.apk to /data/app/com.rhomobile.macotec-1.apk; Retaining data and using new
I/PackageManager(   77): Running dexopt on: com.rhomobile.macotec
D/dalvikvm( 7069): DexOpt: load 93ms, verify+opt 564ms
W/PackageManager(   77): Code path for pkg : com.rhomobile.macotec changing from /data/app/com.rhomobile.macotec-2.apk to /data/app/com.rhomobile.macotec-1.apk
W/PackageManager(   77): Resource path for pkg : com.rhomobile.macotec changing from /data/app/com.rhomobile.macotec-2.apk to /data/app/com.rhomobile.macotec-1.apk
I/ActivityManager(   77): Force stopping package com.rhomobile.macotec uid=10040
D/PackageManager(   77): New package installed in /data/app/com.rhomobile.macotec-1.apk
I/ActivityManager(   77): Force stopping package com.rhomobile.macotec uid=10040
D/dalvikvm(  194): GC_EXPLICIT freed 1218K, 25% free 17425K/23175K, paused 4ms+11ms
D/dalvikvm(  220): GC_EXPLICIT freed 149K, 4% free 9413K/9735K, paused 4ms+8ms
D/dalvikvm(   77): GC_EXPLICIT freed 468K, 18% free 11834K/14279K, paused 6ms+15ms
D/PackageManager(   77): generateServicesMap(android.accounts.AccountAuthenticator): 2 services unchanged
D/PackageManager(   77): generateServicesMap(android.content.SyncAdapter): 4 services unchanged
D/BackupManagerService(   77): Received broadcast Intent { act=android.intent.action.PACKAGE_REMOVED dat=package:com.rhomobile.macotec flg=0x10000010 (has extras) }
I/AccountTypeManager(  299): Loaded meta-data for 1 account types, 0 accounts in 8ms(wall) 5ms(cpu)
D/PackageManager(   77): generateServicesMap(android.accounts.AccountAuthenticator): 2 services unchanged
D/PackageManager(   77): generateServicesMap(android.content.SyncAdapter): 4 services unchanged
D/BackupManagerService(   77): Received broadcast Intent { act=android.intent.action.PACKAGE_ADDED dat=package:com.rhomobile.macotec flg=0x10000010 (has extras) }
V/BackupManagerService(   77): updatePackageParticipantsLocked: #1
W/RecognitionManagerService(   77): no available voice recognition services found
I/AccountTypeManager(  299): Loaded meta-data for 1 account types, 0 accounts in 157ms(wall) 5ms(cpu)
D/dalvikvm(  194): GC_FOR_ALLOC freed 3100K, 33% free 15747K/23175K, paused 59ms
D/BackupManagerService(   77): Received broadcast Intent { act=android.intent.action.PACKAGE_REPLACED dat=package:com.rhomobile.macotec flg=0x10000010 (has extras) }
V/BackupManagerService(   77): updatePackageParticipantsLocked: #1
D/dalvikvm(  194): GC_FOR_ALLOC freed 2552K, 36% free 14911K/23175K, paused 66ms
D/dalvikvm(  194): GC_FOR_ALLOC freed 1552K, 37% free 14705K/23175K, paused 53ms
D/dalvikvm(  194): GC_FOR_ALLOC freed 36K, 33% free 15703K/23175K, paused 56ms
D/dalvikvm(  194): GC_FOR_ALLOC freed 337K, 28% free 16867K/23175K, paused 82ms
D/dalvikvm(  194): GC_CONCURRENT freed 1248K, 24% free 17663K/23175K, paused 8ms+8ms
D/dalvikvm(   77): GC_EXPLICIT freed 977K, 20% free 11494K/14279K, paused 5ms+9ms
D/dalvikvm(  194): GC_CONCURRENT freed 2050K, 24% free 17656K/23175K, paused 4ms+6ms
D/AndroidRuntime( 7058): Shutting down VM
D/dalvikvm( 7058): GC_CONCURRENT freed 97K, 79% free 450K/2048K, paused 1ms+1ms
I/AndroidRuntime( 7058): NOTE: attach of thread 'Binder Thread #3' failed
D/AndroidRuntime( 7077): 
D/AndroidRuntime( 7077): >>>>>> AndroidRuntime START com.android.internal.os.RuntimeInit <<<<<<
D/AndroidRuntime( 7077): CheckJNI is ON
D/AndroidRuntime( 7077): Calling main entry com.android.commands.am.Am
I/ActivityManager(   77): START {act=android.intent.action.MAIN flg=0x10000000 cmp=com.rhomobile.macotec/com.rhomobile.rhodes.RhodesActivity} from pid 7077
W/WindowManager(   77): Failure taking screenshot for (180x273) to layer 21020
D/AndroidRuntime( 7077): Shutting down VM
D/dalvikvm( 7077): GC_CONCURRENT freed 97K, 77% free 479K/2048K, paused 1ms+1ms
I/AndroidRuntime( 7077): NOTE: attach of thread 'Binder Thread #3' failed
I/ActivityManager(   77): Start proc com.rhomobile.macotec for activity com.rhomobile.macotec/com.rhomobile.rhodes.RhodesActivity: pid=7087 uid=10040 gids={3003}
I/dalvikvm( 7087): Turning on JNI app bug workarounds for target SDK version 4...
W/NetworkManagementSocketTagger(   77): setKernelCountSet(10040, 1) failed with errno -2
I/Process (   77): Sending signal. PID: 7087 SIG: 3
I/dalvikvm( 7087): threadid=3: reacting to signal 3
I/dalvikvm( 7087): Wrote stack traces to '/data/anr/traces.txt'
D/dalvikvm( 7087): Trying to load lib /data/data/com.rhomobile.macotec/lib/librhodes.so 0x4129fa58
D/dalvikvm( 7087): Added shared lib /data/data/com.rhomobile.macotec/lib/librhodes.so 0x4129fa58
D/dalvikvm( 7087): Trying to load lib /data/data/com.rhomobile.macotec/lib/librhodes.so 0x4129fa58
I/Process (   77): Sending signal. PID: 7087 SIG: 3
I/dalvikvm( 7087): threadid=3: reacting to signal 3
D/dalvikvm( 7087): Shared lib '/data/data/com.rhomobile.macotec/lib/librhodes.so' already loaded in same CL 0x4129fa58
I/ActivityThread( 7087): Pub com.rhomobile.macotec: com.rhomobile.rhodes.LocalFileProvider
I/dalvikvm( 7087): Wrote stack traces to '/data/anr/traces.txt'
I/RhodesApplication( 7087): Initializing...
D/RhoFileApi( 7087): App root path: /data/data/com.rhomobile.macotec/rhodata/
D/RhoFileApi( 7087): Sqlite journals path: /data/data/com.rhomobile.macotec/sqlite_stmt_journals/
D/RhoFileApi( 7087): Shared path: /data/data/com.rhomobile.macotec/rhodata/
D/RhodesApplication( 7087): Root path: /data/data/com.rhomobile.macotec/rhodata/
I/RhodesApplication( 7087): Application hash was changed
I/Process (   77): Sending signal. PID: 7087 SIG: 3
I/dalvikvm( 7087): threadid=3: reacting to signal 3
I/dalvikvm( 7087): Wrote stack traces to '/data/anr/traces.txt'
D/RhoFileApi( 7087): Copy hash to FS
D/RhoFileApi( 7087): File hash copied
D/RhoFileApi( 7087): Copy rho.dat to FS
D/RhoFileApi( 7087): File rho.dat copied
D/RhoFileApi( 7087): Copy apps/rhoconfig.txt to FS
D/RhoFileApi( 7087): File apps/rhoconfig.txt copied
I/RhoFileApi( 7087): Opening stat table from FS: /data/data/com.rhomobile.macotec/rhodata/rho.dat
I/Process (   77): Sending signal. PID: 7087 SIG: 3
I/dalvikvm( 7087): threadid=3: reacting to signal 3
I/dalvikvm( 7087): Wrote stack traces to '/data/anr/traces.txt'
D/RhoFileApi( 7087): Copy apps/rhoconfig.txt to FS
D/RhoFileApi( 7087): File apps/rhoconfig.txt copied
D/RhoFileApi( 7087): App root path: /data/data/com.rhomobile.macotec/rhodata/
D/RhoFileApi( 7087): Sqlite journals path: /data/data/com.rhomobile.macotec/sqlite_stmt_journals/
D/RhoFileApi( 7087): Shared path: /data/data/com.rhomobile.macotec/rhodata/
I/APP     ( 7087): I 01/28/2013 18:11:16:067 00001baf    RhodesApplication| Initialized
I/APP     ( 7087): I 01/28/2013 18:11:16:159 00001baf         BaseActivity| New screen properties - width: 480, height: 728, orientation: 1
I/Process (   77): Sending signal. PID: 7087 SIG: 3
I/dalvikvm( 7087): threadid=3: reacting to signal 3
I/dalvikvm( 7087): Wrote stack traces to '/data/anr/traces.txt'
I/APP     ( 7087): I 01/28/2013 18:11:16:446 00001baf         SplashScreen| Looking for start page source
I/Process (   77): Sending signal. PID: 7087 SIG: 3
I/dalvikvm( 7087): threadid=3: reacting to signal 3
D/dalvikvm( 7087): GC_CONCURRENT freed 281K, 4% free 9223K/9607K, paused 5ms+14ms
I/dalvikvm( 7087): Wrote stack traces to '/data/anr/traces.txt'
D/dalvikvm( 7087): GC_FOR_ALLOC freed 4K, 5% free 9219K/9607K, paused 122ms
I/dalvikvm-heap( 7087): Grow heap (frag case) to 12.138MB for 3217300-byte allocation
I/Process (   77): Sending signal. PID: 7087 SIG: 3
I/dalvikvm( 7087): threadid=3: reacting to signal 3
D/dalvikvm( 7087): GC_FOR_ALLOC freed <1K, 4% free 12361K/12807K, paused 200ms
I/dalvikvm( 7087): Wrote stack traces to '/data/anr/traces.txt'
I/Process (   77): Sending signal. PID: 7087 SIG: 3
I/dalvikvm( 7087): threadid=3: reacting to signal 3
I/dalvikvm( 7087): Wrote stack traces to '/data/anr/traces.txt'
I/APP     ( 7087): I 01/28/2013 18:11:18:019 00001baf         SplashScreen| Done
I/APP     ( 7087): I 01/28/2013 18:11:18:071 00001baf    RhodesApplication| New UiState: MainActivityCreated
I/APP     ( 7087): I 01/28/2013 18:11:18:099 00001baf       RhodesActivity| onStart
I/APP     ( 7087): I 01/28/2013 18:11:18:151 00001baf    RhodesApplication| New UiState: MainActivityStarted
I/APP     ( 7087): I 01/28/2013 18:11:18:177 00001baf       RhodesActivity| onResume
I/Process (   77): Sending signal. PID: 7087 SIG: 3
I/dalvikvm( 7087): threadid=3: reacting to signal 3
I/dalvikvm( 7087): Wrote stack traces to '/data/anr/traces.txt'
I/APP     ( 7087): I 01/28/2013 18:11:18:311 00001baf AndroidFunctionality| Resume WebView
I/APP     ( 7087): I 01/28/2013 18:11:18:411 00001baf        RhodesService| onCreate
I/APP     ( 7087): I 01/28/2013 18:11:18:446 00001baf    LocalFileProvider| Revoke URI permissions: content:///com.rhomobile.macotec
W/ActivityManager(   77): No content provider found for permission revoke: content:///com.rhomobile.macotec
I/APP     ( 7087): I 01/28/2013 18:11:18:498 00001baf               Rhodes| Loading...
I/APP     ( 7087): I 01/28/2013 18:11:18:531 00001baf            RhodesApp| Trying to get free listening port.
I/APP     ( 7087): I 01/28/2013 18:11:18:565 00001baf            RhodesApp| Trying to bind of 8080 port...
I/APP     ( 7087): I 01/28/2013 18:11:18:597 00001baf            RhodesApp| Got port to bind on: 8080
I/APP     ( 7087): I 01/28/2013 18:11:18:628 00001baf            RhodesApp| Free listening port: 8080
I/APP     ( 7087): I 01/28/2013 18:11:18:627 00001bc4         AppCallbacks| Starting main routine...
I/APP     ( 7087): I 01/28/2013 18:11:18:693 00001bc4         AppCallbacks| ThreadQueue blocked for 4294967295 seconds...
I/Process (   77): Sending signal. PID: 7087 SIG: 3
I/dalvikvm( 7087): threadid=3: reacting to signal 3
I/dalvikvm( 7087): Wrote stack traces to '/data/anr/traces.txt'
I/APP     ( 7087): I 01/28/2013 18:11:18:901 00001baf        RhodesService| Push is disabled
I/APP     ( 7087): I 01/28/2013 18:11:18:932 00001baf            RhodesApp| callAppActiveCallback
I/APP     ( 7087): I 01/28/2013 18:11:18:965 00001baf         AppCallbacks| addCommand: APP-ACTIVATED
I/APP     ( 7087): I 01/28/2013 18:11:18:995 00001bc4         AppCallbacks| Received command APP-ACTIVATED which is greater than expected (LOCAL-SERVER-STARTED) - postpone it
I/APP     ( 7087): I 01/28/2013 18:11:18:996 00001bc4         AppCallbacks| ThreadQueue blocked for 4294967295 seconds...
I/APP     ( 7087): I 01/28/2013 18:11:19:048 00001baf         AppActivated| Cannot commit now, application will be activated when started.
I/APP     ( 7087): I 01/28/2013 18:11:19:085 00001baf    RhodesApplication| New AppState: Undefined
I/APP     ( 7087): I 01/28/2013 18:11:19:084 00001bc6            RhodesApp| Starting RhodesApp main routine...
D/RhodesService( 7087): +++ onStartCommand
I/RhodesService( 7087): handleCommand: startId=1, source=com.rhomobile.rhodes.BaseActivity
D/RhodesService( 7087): New activity was created
I/Process (   77): Sending signal. PID: 7087 SIG: 3
I/dalvikvm( 7087): threadid=3: reacting to signal 3
I/dalvikvm( 7087): Wrote stack traces to '/data/anr/traces.txt'
I/APP     ( 7087): I 01/28/2013 18:11:19:337 00001baf        RhodesService| onBind
I/APP     ( 7087): I 01/28/2013 18:11:19:400 00001baf         AppCallbacks| addCommand: UI-CREATED
I/APP     ( 7087): I 01/28/2013 18:11:19:453 00001bc4         AppCallbacks| Received command UI-CREATED which is greater than expected (LOCAL-SERVER-STARTED) - postpone it
I/APP     ( 7087): I 01/28/2013 18:11:19:454 00001bc4         AppCallbacks| ThreadQueue blocked for 4294967295 seconds...
V/PhoneStatusBar(  130): setLightsOn(true)
I/APP     ( 7087): I 01/28/2013 18:11:19:695 00001baf       RhodesActivity| onServiceConnected: {com.rhomobile.macotec/com.rhomobile.rhodes.RhodesService}
I/APP     ( 7087): I 01/28/2013 18:11:19:727 00001baf       RhodesActivity| New start parameters: 
I/Process (   77): Sending signal. PID: 7087 SIG: 3
I/dalvikvm( 7087): threadid=3: reacting to signal 3
I/APP     ( 7087): I 01/28/2013 18:11:19:833 00001baf            RhodesApp| New start params: 
I/dalvikvm( 7087): Wrote stack traces to '/data/anr/traces.txt'
D/gralloc_goldfish( 7087): Emulator without GPU emulation detected.
I/Process (   77): Sending signal. PID: 7087 SIG: 3
I/dalvikvm( 7087): threadid=3: reacting to signal 3
I/dalvikvm( 7087): Wrote stack traces to '/data/anr/traces.txt'
I/ActivityManager(   77): Displayed com.rhomobile.macotec/com.rhomobile.rhodes.RhodesActivity: +7s541ms
W/InputManagerService(   77): Starting input on non-focused client com.android.internal.view.IInputMethodClient$Stub$Proxy@415a66a8 (uid=10009 pid=194)
I/APP     ( 7087): I 01/28/2013 18:11:21:185 00001bc6              RhoRuby| Init_RhoBlobs: /data/data/com.rhomobile.macotec/rhodata/db/db-files
I/APP     ( 7087): I 01/28/2013 18:11:21:544 00001bc6              RhoRuby| require_compiled: rhoframework
I/APP     ( 7087): I 01/28/2013 18:11:21:730 00001bc6              RhoRuby| require_compiled: rational
I/APP     ( 7087): I 01/28/2013 18:11:21:812 00001bc6              RhoRuby| require_compiled: rhom/rhom_db_adapter
I/APP     ( 7087): I 01/28/2013 18:11:21:981 00001bc6              RhoRuby| require_compiled: rhodes
I/APP     ( 7087): I 01/28/2013 18:11:22:056 00001bc6              RhoRuby| require_compiled: rhom/rhom_object
I/APP     ( 7087): I 01/28/2013 18:11:22:147 00001bc6              RhoRuby| require_compiled: rhofsconnector
I/APP     ( 7087): I 01/28/2013 18:11:22:179 00001bc6              RhoRuby| require_compiled: rho/rhofsconnector
I/APP     ( 7087): I 01/28/2013 18:11:22:254 00001bc6              RhoRuby| require_compiled: rhom/rhom_object_factory
I/APP     ( 7087): I 01/28/2013 18:11:22:504 00001bc6              RhoRuby| require_compiled: rhom/rhom
I/APP     ( 7087): I 01/28/2013 18:11:22:615 00001bc6              RhoRuby| require_compiled: rhom/rhom_model
I/APP     ( 7087): I 01/28/2013 18:11:22:719 00001bc6              RhoRuby| require_compiled: rhom
I/APP     ( 7087): I 01/28/2013 18:11:22:762 00001bc6              RhoRuby| require_compiled: rho/rhoapplication
I/APP     ( 7087): I 01/28/2013 18:11:22:890 00001bc6              RhoRuby| require_compiled: rholang/localization_simplified
I/APP     ( 7087): I 01/28/2013 18:11:22:999 00001bc6              RhoRuby| require_compiled: rho/rhomsg
I/APP     ( 7087): I 01/28/2013 18:11:23:044 00001bc6              RhoRuby| require_compiled: rho/rhotabbar
I/APP     ( 7087): I 01/28/2013 18:11:23:095 00001bc6              RhoRuby| require_compiled: rho/rhotoolbar
I/APP     ( 7087): I 01/28/2013 18:11:23:161 00001bc6                  APP| Current locale: ; Country code: 
I/APP     ( 7087): I 01/28/2013 18:11:23:194 00001bc6                  APP| Locilized file: /data/data/com.rhomobile.macotec/rhodata/lib/rholang/lang_
W/NetworkManagementSocketTagger(   77): setKernelCountSet(10009, 0) failed with errno -2
I/APP     ( 7087): I 01/28/2013 18:11:23:285 00001bc6              RhoRuby| require_compiled: /data/data/com.rhomobile.macotec/rhodata/lib/rholang/lang_en
I/APP     ( 7087): I 01/28/2013 18:11:23:343 00001bc6                  APP| Locilized file: /data/data/com.rhomobile.macotec/rhodata/apps/app/lang/lang_
I/APP     ( 7087): I 01/28/2013 18:11:23:386 00001bc6                  APP| Locilized file: /data/data/com.rhomobile.macotec/rhodata/lib/rholang/rhoerror_
I/APP     ( 7087): I 01/28/2013 18:11:23:438 00001bc6              RhoRuby| require_compiled: /data/data/com.rhomobile.macotec/rhodata/lib/rholang/rhoerror_en
I/APP     ( 7087): I 01/28/2013 18:11:23:499 00001bc6                  APP| Locilized file: /data/data/com.rhomobile.macotec/rhodata/lib/rholang/rhomsg_
I/APP     ( 7087): I 01/28/2013 18:11:23:561 00001bc6              RhoRuby| require_compiled: /data/data/com.rhomobile.macotec/rhodata/lib/rholang/rhomsg_en
I/APP     ( 7087): I 01/28/2013 18:11:23:603 00001bc6              RhoRuby| require_compiled: indifferent_access
I/APP     ( 7087): I 01/28/2013 18:11:23:712 00001bc6              RhoRuby| require_compiled: rho/rhosupport
I/APP     ( 7087): I 01/28/2013 18:11:23:911 00001bc6              RhoRuby| require_compiled: rho/rhocontroller
I/APP     ( 7087): I 01/28/2013 18:11:24:032 00001bc6              RhoRuby| require_compiled: rho/render
I/APP     ( 7087): I 01/28/2013 18:11:24:259 00001bc6              RhoRuby| require_compiled: rho/rho
I/APP     ( 7087): I 01/28/2013 18:11:24:605 00001bc6              RhoRuby| require_compiled: rho/rhoerror
I/APP     ( 7087): I 01/28/2013 18:11:24:695 00001bc6              RhoRuby| require_compiled: rhom/rhom_source
I/APP     ( 7087): I 01/28/2013 18:11:24:819 00001bc6              RhoRuby| require_compiled: rho/rhoviewhelpers
I/APP     ( 7087): I 01/28/2013 18:11:24:932 00001bc6              RhoRuby| require_compiled: rho
I/APP     ( 7087): I 01/28/2013 18:11:24:981 00001bc6                  APP| RHO loaded
I/APP     ( 7087): I 01/28/2013 18:11:25:013 00001bc6                  APP| Calling RHO.initialize
I/APP     ( 7087): I 01/28/2013 18:11:25:051 00001bc6                  APP| model file: Product/product
I/APP     ( 7087): I 01/28/2013 18:11:25:095 00001bc6                  APP| model file: Request/request
I/APP     ( 7087): I 01/28/2013 18:11:25:169 00001bc6                   DB| Open DB: /data/data/com.rhomobile.macotec/rhodata/db/syncdbuser.sqlite
I/APP     ( 7087): I 01/28/2013 18:11:25:346 00001bc6          GeoLocation| Creating singleton instance.
I/APP     ( 7087): I 01/28/2013 18:11:25:402 00001bc6            RhodesApp| Starting sync engine...
I/APP     ( 7087): I 01/28/2013 18:11:25:435 00001bc6                 Sync| sync_poll_interval: 0
I/APP     ( 7087): I 01/28/2013 18:11:25:466 00001bc6                 Sync| syncserver: 
I/APP     ( 7087): I 01/28/2013 18:11:25:501 00001bc6                 Sync| bulksync_state: 0
I/APP     ( 7087): I 01/28/2013 18:11:25:530 00001bc6            RhodesApp| RhoRubyInitApp...
I/APP     ( 7087): I 01/28/2013 18:11:25:570 00001bc6                  APP| init_app
I/APP     ( 7087): I 01/28/2013 18:11:25:600 00001bc6              RhoRuby| require_compiled: application
I/APP     ( 7087): I 01/28/2013 18:11:25:664 00001bc6                 Sync| Set notification. Source ID: -1;Url :http://localhost:8080/app/Settings/sync_notify; Params: 
I/APP     ( 7087): I 01/28/2013 18:11:25:698 00001bc6           HttpServer| Start HTTP server
I/APP     ( 7087): I 01/28/2013 18:11:25:735 00001bc6           HttpServer| Listen for connections on port 8080
I/APP     ( 7087): I 01/28/2013 18:11:25:794 00001bc6         AppCallbacks| addCommand: LOCAL-SERVER-STARTED
I/APP     ( 7087): I 01/28/2013 18:11:25:834 00001bc4         AppCallbacks| process command: LOCAL-SERVER-STARTED
I/APP     ( 7087): I 01/28/2013 18:11:25:875 00001bc4 RhodesAppActiveObserver| Ready
I/APP     ( 7087): I 01/28/2013 18:11:25:915 00001baf AndroidFunctionality| Disable WebView zoom
I/APP     ( 7087): I 01/28/2013 18:11:25:958 00001bc4    RhodesApplication| New AppState: AppActivated
I/APP     ( 7087): I 01/28/2013 18:11:26:002 00001bc4         AppCallbacks| process command: UI-CREATED
I/APP     ( 7087): I 01/28/2013 18:11:26:034 00001baf AndroidFunctionality| Set web plugins state 'OFF'
I/APP     ( 7087): I 01/28/2013 18:11:26:167 00001bc6           HttpServer| Process URI: '/system/uicreated'
I/APP     ( 7087): I 01/28/2013 18:11:26:203 00001bc6                  APP| on_ui_created.navigate to start url: '/app'
I/APP     ( 7087): I 01/28/2013 18:11:26:235 00001baf         SplashScreen| navigate: url=http://localhost:8080/app
I/APP     ( 7087): I 01/28/2013 18:11:26:237 00001baf         SplashScreen| DELAY for SplashScreen = 0
I/APP     ( 7087): I 01/28/2013 18:11:26:332 00001baf        GoogleWebView| Creating new RhoWebChromeClient
I/APP     ( 7087): I 01/28/2013 18:11:26:370 00001baf       SimpleMainView| Cleared URL: http://localhost:8080/app
I/APP     ( 7087): I 01/28/2013 18:11:26:428 00001bc4         AppCallbacks| process command: APP-ACTIVATED
I/APP     ( 7087): I 01/28/2013 18:11:26:506 00001bc6           HttpServer| Process URI: '/system/activateapp'
I/APP     ( 7087): I 01/28/2013 18:11:26:565 00001bc4         AppCallbacks| ThreadQueue blocked for 4294967295 seconds...
V/SimpleMainView.View( 7087): ms[1359393086622]  Main Window :: onSizeChanged() old [ 480 x 690 ]  new [ 0 x 0 ]
I/APP     ( 7087): I 01/28/2013 18:11:26:731 00001baf        GoogleWebView| Setting RhoWebChromeClient
I/APP     ( 7087): I 01/28/2013 18:11:27:081 00001bc6           HttpServer| Process URI: '/app'
I/APP     ( 7087): I 01/28/2013 18:11:27:202 00001baf     RhoWebViewClient| Loading URL: http://localhost:8080/app/index_erb.iseq
I/APP     ( 7087): I 01/28/2013 18:11:27:313 00001bc6           HttpServer| Process URI: '/app/index_erb.iseq'
I/APP     ( 7087): I 01/28/2013 18:11:27:359 00001bc6                  APP| RHO serve_index: /app/index_erb.iseq
I/APP     ( 7087): I 01/28/2013 18:11:27:399 00001bc6 RHO Rho::RhoController| inst_render_index
I/APP     ( 7087): I 01/28/2013 18:11:27:525 00001bc6 RHO Rho::RhoController| index layout
I/APP     ( 7087): I 01/28/2013 18:11:27:858 00001bc6           HttpServer| GC Start.
I/APP     ( 7087): I 01/28/2013 18:11:28:040 00001bc6           HttpServer| GC End.
I/APP     ( 7087): I 01/28/2013 18:11:28:322 00001bc6           HttpServer| Process URI: '/public/jquery/jquery-1.6.4.min.js'
I/APP     ( 7087): I 01/28/2013 18:11:28:514 00001bc6           HttpServer| Process URI: '/public/jquery/jquery.json-2.3.min.js'
I/APP     ( 7087): I 01/28/2013 18:11:28:648 00001bc6           HttpServer| Process URI: '/public/jqmobile/jquery.mobile-1.0.1.min.css'
I/APP     ( 7087): I 01/28/2013 18:11:28:733 00001bc6           HttpServer| Process URI: '/public/css/jqmobile-patch.css'
I/APP     ( 7087): I 01/28/2013 18:11:28:856 00001bc6           HttpServer| Process URI: '/public/jqmobile/jquery.mobile-1.0.1.min.js'
I/APP     ( 7087): I 01/28/2013 18:11:29:043 00001bc6           HttpServer| Process URI: '/public/js/jqmobile-patch.js'
I/APP     ( 7087): I 01/28/2013 18:11:29:084 00001bc6           HttpServer| Process URI: '/public/css/macotec_style.css'
I/APP     ( 7087): I 01/28/2013 18:11:32:573 00001bc6           HttpServer| Process URI: '/public/images/macotec/logo.png'
I/APP     ( 7087): I 01/28/2013 18:11:33:264 00001bc6           HttpServer| Process URI: '/public/images/macotec/request.png'
I/APP     ( 7087): I 01/28/2013 18:11:33:482 00001bc6           HttpServer| Process URI: '/public/images/macotec/contact.png'
I/APP     ( 7087): I 01/28/2013 18:11:33:521 00001bc6           HttpServer| Process URI: '/public/images/macotec/products.png'
I/APP     ( 7087): I 01/28/2013 18:11:33:603 00001bc6           HttpServer| Process URI: '/public/images/macotec/info.png'
D/dalvikvm(  171): GC_CONCURRENT freed 386K, 6% free 9532K/10119K, paused 6ms+5ms
W/ThrottleService(   77): unable to find stats for iface rmnet0
I/APP     ( 7087): I 01/28/2013 18:14:31:567 00001bc6           HttpServer| Process URI: '/app/Request/request'
I/APP     ( 7087): I 01/28/2013 18:14:31:610 00001bc6                  APP| RHO serve: /app/Request/request
I/APP     ( 7087): I 01/28/2013 18:14:31:657 00001bc6              RhoRuby| require_compiled: Request/request_controller
I/APP     ( 7087): I 01/28/2013 18:14:31:711 00001bc6              RhoRuby| require_compiled: helpers/browser_helper
I/APP     ( 7087): I 01/28/2013 18:14:31:760 00001bc6                  APP| const_missing: Product
I/APP     ( 7087): I 01/28/2013 18:14:31:831 00001bc6                  APP| load_model: Product
I/APP     ( 7087): I 01/28/2013 18:14:31:927 00001bc6              RhoRuby| require_compiled: Product/product
I/APP     ( 7087): I 01/28/2013 18:14:32:024 00001bc6                  APP| model name: Product
I/APP     ( 7087): I 01/28/2013 18:14:32:063 00001bc6                  APP| model class found
I/APP     ( 7087): I 01/28/2013 18:14:32:109 00001bc6                  APP| Product : {"property"=>{}}
I/APP     ( 7087): I 01/28/2013 18:14:32:148 00001bc6                   DB| Open DB: /data/data/com.rhomobile.macotec/rhodata/db/syncdblocal.sqlite
I/APP     ( 7087): I 01/28/2013 18:14:32:235 00001bc6                  APP| init_db_sources
I/APP     ( 7087): I 01/28/2013 18:14:32:316 00001bc6                  APP| start_id: 40004
I/APP     ( 7087): I 01/28/2013 18:14:32:377 00001bc6                  APP| Migrate schema sources: {}
I/APP     ( 7087): I 01/28/2013 18:14:32:537 00001bc6           HttpServer| GC Start.
I/APP     ( 7087): I 01/28/2013 18:14:32:633 00001bc6           HttpServer| GC End.
I/APP     ( 7087): I 01/28/2013 18:14:33:544 00001bc6           HttpServer| Process URI: '/public/jqmobile/images/icons-36-white.png'
E/libEGL  ( 7087): call to OpenGL ES API with no current context (logged once per thread)
D/ShaderProgram( 7087): couldn't load the vertex shader!
E/libEGL  ( 7087): call to OpenGL ES API with no current context (logged once per thread)
D/ShaderProgram( 7087): couldn't load the vertex shader!
E/libEGL  ( 7087): call to OpenGL ES API with no current context (logged once per thread)
D/ShaderProgram( 7087): couldn't load the vertex shader!
E/libEGL  ( 7087): call to OpenGL ES API with no current context (logged once per thread)
D/ShaderProgram( 7087): couldn't load the vertex shader!
E/libEGL  ( 7087): call to OpenGL ES API with no current context (logged once per thread)
D/ShaderProgram( 7087): couldn't load the vertex shader!
