I/APP     ( 4211): I 03/13/2013 17:11:36:395 00001098                  Net| GET request (Pull): http://www.datenloft.com/macotec/catalog.php
I/APP     ( 4211): I 03/13/2013 17:11:36:497 0000108a                  APP| App error: undefined method `each' for nil:NilClass
I/APP     ( 4211):  (eval):18:in `<compiled>'
I/APP     ( 4211): lib/rho/render.rb:169:in `eval_compiled_file'
I/APP     ( 4211): lib/rho/render.rb:169:in `render'
I/APP     ( 4211): lib/rho/rhocontroller.rb:118:in `serve'
I/APP     ( 4211): lib/rho/rhoapplication.rb:226:in `serve'
I/APP     ( 4211): lib/rho/rho.rb:879:in `serve'
I/APP     ( 4211): I 03/13/2013 17:11:36:565 0000108a           HttpServer| GC Start.
I/APP     ( 4211): I 03/13/2013 17:11:36:692 0000108a           HttpServer| GC End.
I/APP     ( 4211): I 03/13/2013 17:11:36:706 0000108a           HttpServer| Process URI: '/system/uidestroyed'
I/APP     ( 4211): I 03/13/2013 17:11:36:756 00001073    RhodesApplication| New UiState: MainActivityPaused
I/APP     ( 4211): I 03/13/2013 17:11:36:821 0000108a           HttpServer| Process URI: '/app/Product/http_callback'
I/APP     ( 4211): I 03/13/2013 17:11:36:827 0000108a                  APP| RHO serve: /app/Product/http_callback
I/APP     ( 4211): I 03/13/2013 17:11:36:937 0000108a                  APP| Params: {"rho_callback"=>"1", "status"=>"ok", "http_error"=>"200", "headers"=>{"Content-Type"=>"application/x-www-form-urlencoded", "User-Agent"=>"Mozilla-5.0 (ANDROID; unknown generic; 4.0.4)", "charset"=>"UTF-8", "connection"=>"Keep-Alive", "content-type"=>"application/json", "date"=>"Wed, 13 Mar 2013 16:11:37 GMT", "keep-alive"=>"timeout=3, max=100", "server"=>"Apache/2.2.21 (Unix) mod_ssl/2.2.21 OpenSSL/0.9.8r", "transfer-encoding"=>"chunked", "x-pad"=>"avoid browser bug", "x-powered-by"=>"PHP/5.2.17"}, "__rho_object"=>{"body"=>"0"}}
V/PhoneStatusBar(  140): setLightsOn(true)
D/RhodesService( 4211): +++ onStartCommand
I/RhodesService( 4211): handleCommand: startId=2, source=com.rhomobile.rhodes.BaseActivity
D/RhodesService( 4211): New activity was created
I/APP     ( 4211): I 03/13/2013 17:11:37:101 0000108a                  APP| ---------------- entered http_callback_update_catalog
I/APP     ( 4211): I 03/13/2013 17:11:37:145 0000108a                  APP| ::::::::::::::::::::::: update_product_list
I/Process (   85): Sending signal. PID: 4211 SIG: 3
I/dalvikvm( 4211): threadid=3: reacting to signal 3
I/dalvikvm( 4211): Wrote stack traces to '/data/anr/traces.txt'
I/APP     ( 4211): I 03/13/2013 17:11:37:461 0000108a                  APP| +++++++++++++++++++ first: catalog_content.size: 21
I/Process (   85): Sending signal. PID: 4211 SIG: 3
I/dalvikvm( 4211): threadid=3: reacting to signal 3
I/dalvikvm( 4211): Wrote stack traces to '/data/anr/traces.txt'
I/Process (   85): Sending signal. PID: 4211 SIG: 3
I/dalvikvm( 4211): threadid=3: reacting to signal 3
I/dalvikvm( 4211): Wrote stack traces to '/data/anr/traces.txt'
I/Process (   85): Sending signal. PID: 4211 SIG: 3
I/dalvikvm( 4211): threadid=3: reacting to signal 3
I/ActivityManager(   85): Displayed com.rhomobile.macotec/com.rhomobile.rhodes.alert.PopupActivity: +2s871ms
I/dalvikvm( 4211): Wrote stack traces to '/data/anr/traces.txt'
I/APP     ( 4211): I 03/13/2013 17:11:40:090 0000108a                  APP| ################### second: catalog_content.size: 0
I/APP     ( 4211): I 03/13/2013 17:11:40:491 0000108a                  APP| update...
I/APP     ( 4211): I 03/13/2013 17:11:41:358 0000108a                  APP| update...
I/APP     ( 4211): I 03/13/2013 17:11:42:017 0000108a                  APP| update...
I/APP     ( 4211): I 03/13/2013 17:11:42:619 0000108a                  APP| update...
I/APP     ( 4211): I 03/13/2013 17:11:43:101 0000108a                  APP| update...
I/APP     ( 4211): I 03/13/2013 17:11:43:548 0000108a                  APP| update...
I/APP     ( 4211): I 03/13/2013 17:11:43:677 0000108a                  APP| update...
I/APP     ( 4211): I 03/13/2013 17:11:43:776 0000108a                  APP| update...
I/APP     ( 4211): I 03/13/2013 17:11:43:864 0000108a                  APP| update...
I/APP     ( 4211): I 03/13/2013 17:11:43:932 0000108a                  APP| update...
I/APP     ( 4211): I 03/13/2013 17:11:44:004 0000108a                  APP| update...
I/APP     ( 4211): I 03/13/2013 17:11:44:074 0000108a                  APP| update...
I/APP     ( 4211): I 03/13/2013 17:11:44:142 0000108a                  APP| update...
I/APP     ( 4211): I 03/13/2013 17:11:44:213 0000108a                  APP| update...
I/APP     ( 4211): I 03/13/2013 17:11:44:283 0000108a                  APP| update...
I/APP     ( 4211): I 03/13/2013 17:11:44:350 0000108a                  APP| update...
I/APP     ( 4211): I 03/13/2013 17:11:44:419 0000108a                  APP| update...
I/APP     ( 4211): I 03/13/2013 17:11:44:486 0000108a                  APP| update...
I/APP     ( 4211): I 03/13/2013 17:11:44:554 0000108a                  APP| update...
I/APP     ( 4211): I 03/13/2013 17:11:44:627 0000108a                  APP| update...
I/APP     ( 4211): I 03/13/2013 17:11:44:698 0000108a                  APP| update...
I/APP     ( 4211): I 03/13/2013 17:11:44:822 0000108a                  APP| ---------------------- third: catalog_content.size: 21
W/WindowManager(   85): Failure taking screenshot for (180x300) to layer 21020
I/APP     ( 4211): I 03/13/2013 17:11:46:916 00001098            AsyncHttp| ThreadQueue blocked for 4294967295 seconds...
I/APP     ( 4211): I 03/13/2013 17:11:46:934 0000108a           HttpServer| GC Start.
V/PhoneStatusBar(  140): setLightsOn(true)
I/APP     ( 4211): I 03/13/2013 17:11:47:158 00001073       SimpleMainView| Cleared URL: http://localhost:8080/app/Product
I/APP     ( 4211): I 03/13/2013 17:11:47:165 00001073       RhodesActivity| onResume
I/APP     ( 4211): I 03/13/2013 17:11:47:210 00001073 AndroidFunctionality| Resume WebView
I/APP     ( 4211): I 03/13/2013 17:11:47:360 0000108a           HttpServer| GC End.
I/APP     ( 4211): I 03/13/2013 17:11:47:366 0000108a           HttpServer| Process URI: '/app/Product'
I/Process (   85): Sending signal. PID: 4211 SIG: 3
I/dalvikvm( 4211): threadid=3: reacting to signal 3
I/dalvikvm( 4211): Wrote stack traces to '/data/anr/traces.txt'
I/APP     ( 4211): I 03/13/2013 17:11:47:485 0000108a                  APP| RHO serve: /app/Product
I/APP     ( 4211): I 03/13/2013 17:11:47:515 0000108a                  APP| ################ Date.today: 2013-03-13
I/APP     ( 4211): I 03/13/2013 17:11:47:521 0000108a                  APP| ++++++++++++++++ Product.catalog_date: 2013-03-13
I/APP     ( 4211): I 03/13/2013 17:11:47:811 0000108a RHO ProductController| Layout file: /data/data/com.rhomobile.macotec/rhodata/apps/app/layout_erb.iseq. Content size: 3718
I/APP     ( 4211): I 03/13/2013 17:11:47:886 0000108a           HttpServer| GC Start.
I/Process (   85): Sending signal. PID: 4211 SIG: 3
I/dalvikvm( 4211): threadid=3: reacting to signal 3
I/dalvikvm( 4211): Wrote stack traces to '/data/anr/traces.txt'
I/APP     ( 4211): I 03/13/2013 17:11:48:054 0000108a           HttpServer| GC End.
I/APP     ( 4211): I 03/13/2013 17:11:50:142 0000108a           HttpServer| Process URI: '/public/jqmobile/images/icons-36-white.png'
