I/APP     ( 3385): I 02/27/2013 18:18:32:434 00000d39        RhodesService| Push is disabled
I/APP     ( 3385): I 02/27/2013 18:18:32:514 00000d39            RhodesApp| callAppActiveCallback
I/APP     ( 3385): I 02/27/2013 18:18:32:582 00000d39         AppCallbacks| addCommand: APP-ACTIVATED
I/APP     ( 3385): I 02/27/2013 18:18:32:634 00000d4f            RhodesApp| Starting RhodesApp main routine...
I/APP     ( 3385): I 02/27/2013 18:18:32:717 00000d4d         AppCallbacks| Received command APP-ACTIVATED which is greater than expected (LOCAL-SERVER-STARTED) - postpone it
I/APP     ( 3385): I 02/27/2013 18:18:32:773 00000d4d         AppCallbacks| ThreadQueue blocked for 4294967295 seconds...
I/APP     ( 3385): I 02/27/2013 18:18:32:721 00000d39         AppActivated| Cannot commit now, application will be activated when started.
I/APP     ( 3385): I 02/27/2013 18:18:32:893 00000d39    RhodesApplication| New AppState: Undefined
D/RhodesService( 3385): +++ onStartCommand
I/RhodesService( 3385): handleCommand: startId=1, source=com.rhomobile.rhodes.BaseActivity
D/RhodesService( 3385): New activity was created
I/APP     ( 3385): I 02/27/2013 18:18:33:125 00000d39        RhodesService| onBind
I/APP     ( 3385): I 02/27/2013 18:18:33:477 00000d39         AppCallbacks| addCommand: UI-CREATED
I/APP     ( 3385): I 02/27/2013 18:18:33:566 00000d4d         AppCallbacks| Received command UI-CREATED which is greater than expected (LOCAL-SERVER-STARTED) - postpone it
I/APP     ( 3385): I 02/27/2013 18:18:33:611 00000d4d         AppCallbacks| ThreadQueue blocked for 4294967295 seconds...
V/PhoneStatusBar(  137): setLightsOn(true)
I/APP     ( 3385): I 02/27/2013 18:18:34:271 00000d39       RhodesActivity| onServiceConnected: {com.rhomobile.macotec/com.rhomobile.rhodes.RhodesService}
I/APP     ( 3385): I 02/27/2013 18:18:34:362 00000d39       RhodesActivity| New start parameters: 
I/APP     ( 3385): I 02/27/2013 18:18:34:421 00000d39            RhodesApp| New start params: 
D/gralloc_goldfish( 3385): Emulator without GPU emulation detected.
I/ActivityManager(   77): Displayed com.rhomobile.macotec/com.rhomobile.rhodes.RhodesActivity: +18s195ms (total +7m44s737ms)
I/APP     ( 3385): I 02/27/2013 18:18:36:919 00000d4f              RhoRuby| Init_RhoBlobs: /data/data/com.rhomobile.macotec/rhodata/db/db-files
I/APP     ( 3385): I 02/27/2013 18:18:37:061 00000d4f              RhoRuby| require_compiled: rhoframework
I/APP     ( 3385): I 02/27/2013 18:18:37:222 00000d4f              RhoRuby| require_compiled: rational
I/APP     ( 3385): I 02/27/2013 18:18:37:267 00000d4f              RhoRuby| require_compiled: rhom/rhom_db_adapter
W/InputManagerService(   77): Starting input on non-focused client com.android.internal.view.IInputMethodClient$Stub$Proxy@415cab20 (uid=10009 pid=179)
I/APP     ( 3385): I 02/27/2013 18:18:37:416 00000d4f              RhoRuby| require_compiled: rhodes
I/APP     ( 3385): I 02/27/2013 18:18:37:455 00000d4f              RhoRuby| require_compiled: rhom/rhom_object
I/APP     ( 3385): I 02/27/2013 18:18:37:494 00000d4f              RhoRuby| require_compiled: rhofsconnector
I/APP     ( 3385): I 02/27/2013 18:18:37:529 00000d4f              RhoRuby| require_compiled: rho/rhofsconnector
I/APP     ( 3385): I 02/27/2013 18:18:37:601 00000d4f              RhoRuby| require_compiled: rhom/rhom_object_factory
I/APP     ( 3385): I 02/27/2013 18:18:37:804 00000d4f              RhoRuby| require_compiled: rhom/rhom
W/NetworkManagementSocketTagger(   77): setKernelCountSet(10009, 0) failed with errno -2
I/APP     ( 3385): I 02/27/2013 18:18:37:911 00000d4f              RhoRuby| require_compiled: rhom/rhom_model
I/APP     ( 3385): I 02/27/2013 18:18:37:961 00000d4f              RhoRuby| require_compiled: rhom
I/APP     ( 3385): I 02/27/2013 18:18:37:995 00000d4f              RhoRuby| require_compiled: rho/rhoapplication
I/APP     ( 3385): I 02/27/2013 18:18:38:058 00000d4f              RhoRuby| require_compiled: rholang/localization_simplified
I/APP     ( 3385): I 02/27/2013 18:18:38:139 00000d4f              RhoRuby| require_compiled: rho/rhomsg
I/APP     ( 3385): I 02/27/2013 18:18:38:174 00000d4f              RhoRuby| require_compiled: rho/rhotabbar
I/APP     ( 3385): I 02/27/2013 18:18:38:218 00000d4f              RhoRuby| require_compiled: rho/rhotoolbar
I/APP     ( 3385): I 02/27/2013 18:18:38:253 00000d4f                  APP| Current locale: ; Country code: 
I/APP     ( 3385): I 02/27/2013 18:18:38:296 00000d4f                  APP| Locilized file: /data/data/com.rhomobile.macotec/rhodata/lib/rholang/lang_
I/APP     ( 3385): I 02/27/2013 18:18:38:302 00000d4f              RhoRuby| require_compiled: /data/data/com.rhomobile.macotec/rhodata/lib/rholang/lang_en
I/APP     ( 3385): I 02/27/2013 18:18:38:389 00000d4f                  APP| Locilized file: /data/data/com.rhomobile.macotec/rhodata/apps/app/lang/lang_
I/APP     ( 3385): I 02/27/2013 18:18:38:393 00000d4f              RhoRuby| require_compiled: /data/data/com.rhomobile.macotec/rhodata/apps/app/lang/lang_en
I/APP     ( 3385): I 02/27/2013 18:18:38:449 00000d4f                  APP| Locilized file: /data/data/com.rhomobile.macotec/rhodata/lib/rholang/rhoerror_
I/APP     ( 3385): I 02/27/2013 18:18:38:454 00000d4f              RhoRuby| require_compiled: /data/data/com.rhomobile.macotec/rhodata/lib/rholang/rhoerror_en
I/APP     ( 3385): I 02/27/2013 18:18:38:510 00000d4f                  APP| Locilized file: /data/data/com.rhomobile.macotec/rhodata/lib/rholang/rhomsg_
I/APP     ( 3385): I 02/27/2013 18:18:38:516 00000d4f              RhoRuby| require_compiled: /data/data/com.rhomobile.macotec/rhodata/lib/rholang/rhomsg_en
I/APP     ( 3385): I 02/27/2013 18:18:38:562 00000d4f              RhoRuby| require_compiled: indifferent_access
I/APP     ( 3385): I 02/27/2013 18:18:38:620 00000d4f              RhoRuby| require_compiled: rho/rhosupport
I/APP     ( 3385): I 02/27/2013 18:18:38:689 00000d4f              RhoRuby| require_compiled: rho/rhocontroller
I/APP     ( 3385): I 02/27/2013 18:18:38:750 00000d4f              RhoRuby| require_compiled: rho/render
I/APP     ( 3385): I 02/27/2013 18:18:38:830 00000d4f              RhoRuby| require_compiled: rho/rho
I/APP     ( 3385): I 02/27/2013 18:18:39:018 00000d4f              RhoRuby| require_compiled: rho/rhoerror
I/APP     ( 3385): I 02/27/2013 18:18:39:056 00000d4f              RhoRuby| require_compiled: rhom/rhom_source
I/APP     ( 3385): I 02/27/2013 18:18:39:114 00000d4f              RhoRuby| require_compiled: rho/rhoviewhelpers
I/APP     ( 3385): I 02/27/2013 18:18:39:172 00000d4f              RhoRuby| require_compiled: rho
I/APP     ( 3385): I 02/27/2013 18:18:39:178 00000d4f                  APP| RHO loaded
I/APP     ( 3385): I 02/27/2013 18:18:39:219 00000d4f                  APP| Calling RHO.initialize
I/APP     ( 3385): I 02/27/2013 18:18:39:255 00000d4f                  APP| model file: Settings/settings
I/APP     ( 3385): I 02/27/2013 18:18:39:279 00000d4f                  APP| model file: Image/image
I/APP     ( 3385): I 02/27/2013 18:18:39:285 00000d4f                  APP| model file: Product/product
I/APP     ( 3385): I 02/27/2013 18:18:39:305 00000d4f                  APP| model file: Request/request
I/APP     ( 3385): I 02/27/2013 18:18:39:329 00000d4f                   DB| Open DB: /data/data/com.rhomobile.macotec/rhodata/db/syncdbuser.sqlite
I/APP     ( 3385): I 02/27/2013 18:18:39:361 00000d4f          GeoLocation| Creating singleton instance.
I/APP     ( 3385): I 02/27/2013 18:18:39:386 00000d4f            RhodesApp| Starting sync engine...
I/APP     ( 3385): I 02/27/2013 18:18:39:391 00000d4f                 Sync| sync_poll_interval: 0
I/APP     ( 3385): I 02/27/2013 18:18:39:412 00000d4f                 Sync| syncserver: 
I/APP     ( 3385): I 02/27/2013 18:18:39:417 00000d4f                 Sync| bulksync_state: 0
I/APP     ( 3385): I 02/27/2013 18:18:39:440 00000d4f            RhodesApp| RhoRubyInitApp...
I/APP     ( 3385): I 02/27/2013 18:18:39:443 00000d4f                  APP| init_app
I/APP     ( 3385): I 02/27/2013 18:18:39:465 00000d4f              RhoRuby| require_compiled: application
I/APP     ( 3385): I 02/27/2013 18:18:39:492 00000d4f                 Sync| Set notification. Source ID: -1;Url :http://localhost:8080/app/Settings/sync_notify; Params: 
I/APP     ( 3385): I 02/27/2013 18:18:39:516 00000d4f           HttpServer| Start HTTP server
I/APP     ( 3385): I 02/27/2013 18:18:39:524 00000d4f           HttpServer| Listen for connections on port 8080
I/APP     ( 3385): I 02/27/2013 18:18:39:548 00000d4f         AppCallbacks| addCommand: LOCAL-SERVER-STARTED
I/APP     ( 3385): I 02/27/2013 18:18:39:552 00000d4d         AppCallbacks| process command: LOCAL-SERVER-STARTED
I/APP     ( 3385): I 02/27/2013 18:18:39:553 00000d4d RhodesAppActiveObserver| Ready
I/APP     ( 3385): I 02/27/2013 18:18:39:560 00000d39 AndroidFunctionality| Disable WebView zoom
I/APP     ( 3385): I 02/27/2013 18:18:39:593 00000d39 AndroidFunctionality| Set web plugins state 'OFF'
I/APP     ( 3385): I 02/27/2013 18:18:39:609 00000d4d    RhodesApplication| New AppState: AppActivated
V/EmulatedCamera_Factory(   38): getCameraInfo: id = 0
V/EmulatedCamera_Camera(   38): getCameraInfo
I/APP     ( 3385): I 02/27/2013 18:18:39:646 00000d4d         AppCallbacks| process command: UI-CREATED
V/EmulatedCamera_Factory(   38): getCameraInfo: id = 0
V/EmulatedCamera_Camera(   38): getCameraInfo
I/CameraService(   38): Opening camera 0
V/EmulatedCamera_Factory(   38): cameraDeviceOpen: id = 0
V/EmulatedCamera_Camera(   38): connectCamera
V/EmulatedCamera_FakeDevice(   38): connectDevice
V/EmulatedCamera_CallbackNotifier(   38): setCallbacks: 0x405954e9, 0x40595f9d, 0x40595f01, 0x40597359 (0xffa0)
V/EmulatedCamera_CallbackNotifier(   38): enableMessage: msg_type = 0x40d
V/EmulatedCamera_CallbackNotifier(   38):     CAMERA_MSG_ERROR
V/EmulatedCamera_CallbackNotifier(   38):     CAMERA_MSG_FOCUS
V/EmulatedCamera_CallbackNotifier(   38):     CAMERA_MSG_ZOOM
V/EmulatedCamera_CallbackNotifier(   38):     CAMERA_MSG_PREVIEW_METADATA
V/EmulatedCamera_CallbackNotifier(   38): **** Currently enabled messages:
V/EmulatedCamera_CallbackNotifier(   38):     CAMERA_MSG_ERROR
V/EmulatedCamera_CallbackNotifier(   38):     CAMERA_MSG_FOCUS
V/EmulatedCamera_CallbackNotifier(   38):     CAMERA_MSG_ZOOM
V/EmulatedCamera_CallbackNotifier(   38):     CAMERA_MSG_PREVIEW_METADATA
I/AwesomePlayer(   38): setDataSource_l('/system/media/audio/ui/camera_click.ogg')
I/APP     ( 3385): I 02/27/2013 18:18:39:892 00000d4f           HttpServer| Process URI: '/system/uicreated'
I/APP     ( 3385): I 02/27/2013 18:18:39:909 00000d4f                  APP| on_ui_created.navigate to start url: '/app'
I/APP     ( 3385): I 02/27/2013 18:18:39:988 00000d4d         AppCallbacks| process command: APP-ACTIVATED
I/APP     ( 3385): I 02/27/2013 18:18:40:034 00000d4f           HttpServer| Process URI: '/system/activateapp'
I/APP     ( 3385): I 02/27/2013 18:18:40:052 00000d4d         AppCallbacks| ThreadQueue blocked for 4294967295 seconds...
I/AwesomePlayer(   38): setDataSource_l('/system/media/audio/ui/VideoRecord.ogg')
V/EmulatedCamera_CallbackNotifier(   38): disableMessage: msg_type = 0x10
V/EmulatedCamera_CallbackNotifier(   38):     CAMERA_MSG_PREVIEW_FRAME
V/EmulatedCamera_CallbackNotifier(   38): **** Currently enabled messages:
V/EmulatedCamera_CallbackNotifier(   38):     CAMERA_MSG_ERROR
V/EmulatedCamera_CallbackNotifier(   38):     CAMERA_MSG_FOCUS
V/EmulatedCamera_CallbackNotifier(   38):     CAMERA_MSG_ZOOM
V/EmulatedCamera_CallbackNotifier(   38):     CAMERA_MSG_PREVIEW_METADATA
V/EmulatedCamera_CallbackNotifier(   38): disableMessage: msg_type = 0xffff
V/EmulatedCamera_CallbackNotifier(   38):     CAMERA_MSG_ERROR
V/EmulatedCamera_CallbackNotifier(   38):     CAMERA_MSG_SHUTTER
V/EmulatedCamera_CallbackNotifier(   38):     CAMERA_MSG_FOCUS
V/EmulatedCamera_CallbackNotifier(   38):     CAMERA_MSG_ZOOM
V/EmulatedCamera_CallbackNotifier(   38):     CAMERA_MSG_PREVIEW_FRAME
V/EmulatedCamera_CallbackNotifier(   38):     CAMERA_MSG_VIDEO_FRAME
V/EmulatedCamera_CallbackNotifier(   38):     CAMERA_MSG_POSTVIEW_FRAME
V/EmulatedCamera_CallbackNotifier(   38):     CAMERA_MSG_RAW_IMAGE
V/EmulatedCamera_CallbackNotifier(   38):     CAMERA_MSG_COMPRESSED_IMAGE
V/EmulatedCamera_CallbackNotifier(   38):     CAMERA_MSG_RAW_IMAGE_NOTIFY
V/EmulatedCamera_CallbackNotifier(   38):     CAMERA_MSG_PREVIEW_METADATA
V/EmulatedCamera_CallbackNotifier(   38): **** Currently enabled messages:
V/EmulatedCamera_Camera(   38): doStopPreview
V/EmulatedCamera_Camera(   38): cancelPicture
V/EmulatedCamera_Camera(   38): releaseCamera
V/EmulatedCamera_Camera(   38): doStopPreview
V/EmulatedCamera_FakeDevice(   38): disconnectDevice
I/CameraService(   38): Destroying camera 0
V/EmulatedCamera_Camera(   38): closeCamera
V/EmulatedCamera_Camera(   38): doStopPreview
W/AudioFlinger(   38): session id 143 not found for pid 38
W/AudioFlinger(   38): session id 144 not found for pid 38
V/EmulatedCamera_Factory(   38): getCameraInfo: id = 0
V/EmulatedCamera_Camera(   38): getCameraInfo
I/APP     ( 3385): I 02/27/2013 18:18:40:567 00000d39         SplashScreen| navigate: url=http://localhost:8080/app
I/APP     ( 3385): I 02/27/2013 18:18:40:572 00000d39         SplashScreen| DELAY for SplashScreen = 0
I/APP     ( 3385): I 02/27/2013 18:18:40:618 00000d39        GoogleWebView| Creating new RhoWebChromeClient
I/APP     ( 3385): I 02/27/2013 18:18:40:647 00000d39       SimpleMainView| Cleared URL: http://localhost:8080/app
V/SimpleMainView.View( 3385): ms[1361985520712]  Main Window :: onSizeChanged() old [ 480 x 762 ]  new [ 0 x 0 ]
I/APP     ( 3385): I 02/27/2013 18:18:40:802 00000d39        GoogleWebView| Setting RhoWebChromeClient
I/APP     ( 3385): I 02/27/2013 18:18:40:928 00000d4f           HttpServer| Process URI: '/app'
I/APP     ( 3385): I 02/27/2013 18:18:40:993 00000d39     RhoWebViewClient| Loading URL: http://localhost:8080/app/index_erb.iseq
I/APP     ( 3385): I 02/27/2013 18:18:41:123 00000d4f           HttpServer| Process URI: '/app/index_erb.iseq'
I/APP     ( 3385): I 02/27/2013 18:18:41:269 00000d4f                  APP| RHO serve_index: /app/index_erb.iseq
I/APP     ( 3385): I 02/27/2013 18:18:41:401 00000d4f RHO Rho::RhoController| inst_render_index
I/APP     ( 3385): I 02/27/2013 18:18:41:894 00000d4f RHO Rho::RhoController| index layout
I/APP     ( 3385): I 02/27/2013 18:18:42:650 00000d4f           HttpServer| GC Start.
I/APP     ( 3385): I 02/27/2013 18:18:43:251 00000d4f           HttpServer| GC End.
I/APP     ( 3385): I 02/27/2013 18:18:44:642 00000d4f           HttpServer| Process URI: '/public/js/request.js'
I/APP     ( 3385): I 02/27/2013 18:18:45:290 00000d4f           HttpServer| Process URI: '/public/jquery/jquery-1.6.4.min.js'
I/APP     ( 3385): I 02/27/2013 18:18:45:915 00000d4f           HttpServer| Process URI: '/public/jquery/jquery.json-2.3.min.js'
I/APP     ( 3385): I 02/27/2013 18:18:46:123 00000d4f           HttpServer| Process URI: '/public/jqmobile/jquery.mobile-1.0.1.min.css'
I/APP     ( 3385): I 02/27/2013 18:18:46:566 00000d4f           HttpServer| Process URI: '/public/css/jqmobile-patch.css'
I/APP     ( 3385): I 02/27/2013 18:18:46:885 00000d4f           HttpServer| Process URI: '/public/jqmobile/jquery.mobile-1.0.1.min.js'
I/APP     ( 3385): I 02/27/2013 18:18:47:629 00000d4f           HttpServer| Process URI: '/public/js/jqmobile-patch.js'
I/APP     ( 3385): I 02/27/2013 18:18:48:153 00000d4f           HttpServer| Process URI: '/public/css/macotec_style.css'
I/APP     ( 3385): I 02/27/2013 18:18:54:480 00000d4f           HttpServer| Process URI: '/public/images/macotec/logo.png'
I/APP     ( 3385): I 02/27/2013 18:18:55:385 00000d4f           HttpServer| Process URI: '/public/images/macotec/request_top.png'
I/APP     ( 3385): I 02/27/2013 18:18:55:482 00000d4f           HttpServer| Process URI: '/public/images/macotec/contact_png.png'
I/APP     ( 3385): I 02/27/2013 18:18:55:510 00000d4f           HttpServer| Process URI: '/public/images/macotec/products_png.png'
I/APP     ( 3385): I 02/27/2013 18:18:55:550 00000d4f           HttpServer| Process URI: '/public/images/macotec/info_png.png'
W/webview ( 3385): Stale touch event ACTION_DOWN received from webcore; ignoring
W/webview ( 3385): Stale touch event ACTION_CANCEL received from webcore; ignoring
W/webview ( 3385): Stale touch event ACTION_DOWN received from webcore; ignoring
I/APP     ( 3385): I 02/27/2013 18:19:15:048 00000d4f           HttpServer| Process URI: '/app/Request/request'
I/APP     ( 3385): I 02/27/2013 18:19:15:076 00000d4f                  APP| RHO serve: /app/Request/request
I/APP     ( 3385): I 02/27/2013 18:19:15:134 00000d4f              RhoRuby| require_compiled: Request/request_controller
I/APP     ( 3385): I 02/27/2013 18:19:15:301 00000d4f              RhoRuby| require_compiled: helpers/browser_helper
I/APP     ( 3385): I 02/27/2013 18:19:15:368 00000d4f              RhoRuby| require_compiled: time
I/APP     ( 3385): I 02/27/2013 18:19:15:580 00000d4f              RhoRuby| require_compiled: date/format
I/APP     ( 3385): I 02/27/2013 18:19:15:970 00000d4f              RhoRuby| require_compiled: date
I/APP     ( 3385): I 02/27/2013 18:19:16:012 00000d4f              RhoRuby| require_compiled: dateOrig
D/dalvikvm( 3385): GC_CONCURRENT freed 900K, 8% free 12508K/13575K, paused 4ms+32ms
D/webviewglue( 3385): nativeDestroy view: 0x2908f0
I/APP     ( 3385): E 02/27/2013 18:19:16:525 00000d4f               RubyVM| lib/date.rb:14: warning: already initialized constant MONTHNAMES
I/APP     ( 3385): E 02/27/2013 18:19:16:528 00000d4f               RubyVM| lib/date.rb:15: warning: already initialized constant ABBR_MONTHNAMES
I/APP     ( 3385): E 02/27/2013 18:19:16:567 00000d4f               RubyVM| lib/date.rb:16: warning: already initialized constant DAYNAMES
I/APP     ( 3385): E 02/27/2013 18:19:16:570 00000d4f               RubyVM| lib/date.rb:17: warning: already initialized constant ABBR_DAYNAMES
I/APP     ( 3385): I 02/27/2013 18:19:16:600 00000d4f              RhoRuby| require_compiled: json
I/APP     ( 3385): I 02/27/2013 18:19:16:629 00000d4f              RhoRuby| require_compiled: json/common
I/APP     ( 3385): I 02/27/2013 18:19:16:717 00000d4f              RhoRuby| require_compiled: json/version
I/APP     ( 3385): I 02/27/2013 18:19:16:757 00000d4f              RhoRuby| require_compiled: json/pure
I/APP     ( 3385): I 02/27/2013 18:19:16:809 00000d4f              RhoRuby| require_compiled: json/pure/generator
I/APP     ( 3385): I 02/27/2013 18:19:16:898 00000d4f              RhoRuby| require_compiled: Connection/connection_controller
I/APP     ( 3385): I 02/27/2013 18:19:17:006 00000d4f           HttpServer| GC Start.
I/APP     ( 3385): I 02/27/2013 18:19:17:110 00000d4f           HttpServer| GC End.
I/APP     ( 3385): I 02/27/2013 18:19:17:515 00000d4f           HttpServer| Process URI: '/public/images/macotec/forklifter_full.png'
I/APP     ( 3385): I 02/27/2013 18:19:17:583 00000d4f           HttpServer| Process URI: '/public/images/macotec/request_contract.png'
I/APP     ( 3385): I 02/27/2013 18:19:17:691 00000d4f           HttpServer| Process URI: '/public/jqmobile/images/icons-36-white.png'
E/libEGL  ( 3385): call to OpenGL ES API with no current context (logged once per thread)
D/ShaderProgram( 3385): couldn't load the vertex shader!
E/libEGL  ( 3385): call to OpenGL ES API with no current context (logged once per thread)
D/ShaderProgram( 3385): couldn't load the vertex shader!
E/libEGL  ( 3385): call to OpenGL ES API with no current context (logged once per thread)
D/ShaderProgram( 3385): couldn't load the vertex shader!
E/libEGL  ( 3385): call to OpenGL ES API with no current context (logged once per thread)
D/ShaderProgram( 3385): couldn't load the vertex shader!
E/libEGL  ( 3385): call to OpenGL ES API with no current context (logged once per thread)
D/ShaderProgram( 3385): couldn't load the vertex shader!
I/APP     ( 3385): I 02/27/2013 18:19:39:534 00000d4f           HttpServer| Process URI: '/app/Request/request_rental'
I/APP     ( 3385): I 02/27/2013 18:19:39:540 00000d4f                  APP| RHO serve: /app/Request/request_rental
I/APP     ( 3385): I 02/27/2013 18:19:39:576 00000d4f                  APP| const_missing: Product
I/APP     ( 3385): I 02/27/2013 18:19:39:602 00000d4f                  APP| load_model: Product
I/APP     ( 3385): I 02/27/2013 18:19:39:647 00000d4f              RhoRuby| require_compiled: Product/product
I/APP     ( 3385): I 02/27/2013 18:19:40:830 00000d4f                  APP| model name: Product
I/APP     ( 3385): I 02/27/2013 18:19:40:922 00000d4f                  APP| model class found
I/APP     ( 3385): I 02/27/2013 18:19:41:032 00000d4f                  APP| Product : {"property"=>{}}
I/APP     ( 3385): I 02/27/2013 18:19:41:155 00000d4f                   DB| Open DB: /data/data/com.rhomobile.macotec/rhodata/db/syncdblocal.sqlite
I/APP     ( 3385): I 02/27/2013 18:19:41:486 00000d4f                  APP| init_db_sources
I/APP     ( 3385): I 02/27/2013 18:19:42:262 00000d4f                  APP| start_id: 40005
I/APP     ( 3385): I 02/27/2013 18:19:42:392 00000d4f                  APP| Migrate schema sources: {}
I/APP     ( 3385): I 02/27/2013 18:19:42:628 00000d4f                  APP| const_missing: Settings
I/APP     ( 3385): I 02/27/2013 18:19:42:768 00000d4f                  APP| load_model: Settings
I/APP     ( 3385): I 02/27/2013 18:19:42:972 00000d4f              RhoRuby| require_compiled: Settings/settings
I/APP     ( 3385): I 02/27/2013 18:19:43:281 00000d4f                  APP| model name: Settings
I/APP     ( 3385): I 02/27/2013 18:19:43:348 00000d4f                  APP| model class found
I/APP     ( 3385): I 02/27/2013 18:19:43:446 00000d4f                  APP| Settings : {"schema"=>{"property"=>{"company"=>[:string, nil], "phone"=>[:string, nil], "email"=>[:string, nil]}}}
I/APP     ( 3385): I 02/27/2013 18:19:43:586 00000d4f                  APP| init_db_sources
I/APP     ( 3385): I 02/27/2013 18:19:43:688 00000d4f                  APP| start_id: 40005
I/APP     ( 3385): I 02/27/2013 18:19:43:771 00000d4f                  APP| Migrate schema sources: {}
I/APP     ( 3385): I 02/27/2013 18:19:44:689 00000d4f                  APP| const_missing: Image
I/APP     ( 3385): I 02/27/2013 18:19:44:692 00000d4f                  APP| load_model: Image
I/APP     ( 3385): I 02/27/2013 18:19:44:734 00000d4f              RhoRuby| require_compiled: Image/image
I/APP     ( 3385): I 02/27/2013 18:19:44:781 00000d4f                  APP| model name: Image
I/APP     ( 3385): I 02/27/2013 18:19:44:822 00000d4f                  APP| model class found
I/APP     ( 3385): I 02/27/2013 18:19:44:840 00000d4f                  APP| Image : {"sync_type"=>"incremental", "property"=>{"name"=>[:string, nil], "filename"=>[:string, nil], "image_uri"=>[:blob, :overwrite]}}
I/APP     ( 3385): I 02/27/2013 18:19:44:866 00000d4f                  APP| init_db_sources
I/APP     ( 3385): I 02/27/2013 18:19:44:897 00000d4f                  APP| start_id: 4
I/APP     ( 3385): I 02/27/2013 18:19:44:927 00000d4f                  APP| Migrate schema sources: {}
I/APP     ( 3385): I 02/27/2013 18:19:45:029 00000d4f                  APP| ++++++++++++++++++++++++++++++++++++ /data/data/com.rhomobile.macotec/rhodata/db/db-files/Image_20130227180559872.jpg
I/APP     ( 3385): I 02/27/2013 18:19:45:107 00000d4f           HttpServer| GC Start.
I/APP     ( 3385): I 02/27/2013 18:19:45:212 00000d4f           HttpServer| GC End.
D/dalvikvm(  164): GC_CONCURRENT freed 387K, 6% free 9534K/10119K, paused 15ms+3ms
W/webview ( 3385): Stale touch event ACTION_DOWN received from webcore; ignoring
I/APP     ( 3385): I 02/27/2013 18:20:53:160 00000d4f           HttpServer| Process URI: '/app/Image/new'
I/APP     ( 3385): I 02/27/2013 18:20:53:162 00000d4f                  APP| RHO serve: /app/Image/new
I/APP     ( 3385): I 02/27/2013 18:20:53:195 00000d4f              RhoRuby| require_compiled: Image/image_controller
I/APP     ( 3385): I 02/27/2013 18:20:53:457 00000d4f           HttpServer| GC Start.
I/APP     ( 3385): I 02/27/2013 18:20:53:531 00000d4f           HttpServer| GC End.
I/APP     ( 3385): I 02/27/2013 18:20:53:569 00000d4f           HttpServer| Process URI: '/data/data/com.rhomobile.macotec/rhodata/db/db-files/Image_20130227180559872.jpg'
I/APP     ( 3385): E 02/27/2013 18:20:53:611 00000d4f           HttpServer| The file /data/data/com.rhomobile.macotec/rhodata/db/db-files/Image_20130227180559872.jpg was not found
I/APP     ( 3385): I 02/27/2013 18:20:53:887 00000d39   RhoWebChromeClient| /data/data/com.rhomobile.macotec/rhodata/db/db-files/Image_20130227180559872.jpg -- From line 14 of null
I/Web Console( 3385): /data/data/com.rhomobile.macotec/rhodata/db/db-files/Image_20130227180559872.jpg at null:14
I/ActivityManager(   77): START {cmp=com.rhomobile.macotec/com.rhomobile.rhodes.camera.ImageCapture (has extras)} from pid 3385
W/WindowManager(   77): Failure taking screenshot for (180x300) to layer 21010
I/APP     ( 3385): I 02/27/2013 18:20:54:091 00000d39 AndroidFunctionality| Pause WebView
I/APP     ( 3385): I 02/27/2013 18:20:54:095 00000d39       RhodesActivity| onPause
I/APP     ( 3385): I 02/27/2013 18:20:54:145 00000d4f           HttpServer| Process URI: '/system/uidestroyed'
I/APP     ( 3385): I 02/27/2013 18:20:54:201 00000d39    RhodesApplication| New UiState: MainActivityPaused
I/InputReader(   77): Reconfiguring input devices.  changes=0x00000004
I/InputReader(   77): Device reconfigured: id=0, name='qwerty2', surface size is now 480x800, mode is 1
W/SurfaceFlinger(   36): createScreenshotSurface failed (Function not implemented)
I/ActivityManager(   77): Config changed: {1.0 310mcc260mnc en_US layoutdir=0 sw320dp w533dp h294dp nrml long land finger qwerty/v/v tball/v s.83}
I/Process (   77): Sending signal. PID: 3385 SIG: 3
I/dalvikvm( 3385): threadid=3: reacting to signal 3
I/dalvikvm( 3385): Wrote stack traces to '/data/anr/traces.txt'
I/Process (   77): Sending signal. PID: 3385 SIG: 3
I/dalvikvm( 3385): threadid=3: reacting to signal 3
I/dalvikvm( 3385): Wrote stack traces to '/data/anr/traces.txt'
I/APP     ( 3385): I 02/27/2013 18:20:55:387 00000d39         ImageCapture| onCreate
I/APP     ( 3385): I 02/27/2013 18:20:55:499 00000d39         ImageCapture| myOrientationEventListener.enable()
I/APP     ( 3385): I 02/27/2013 18:20:55:559 00000d39         ImageCapture| onResume
D/RhodesService( 3385): +++ onStartCommand
I/RhodesService( 3385): handleCommand: startId=2, source=com.rhomobile.rhodes.BaseActivity
D/RhodesService( 3385): New activity was created
V/PhoneStatusBar(  137): setLightsOn(true)
I/Process (   77): Sending signal. PID: 3385 SIG: 3
I/dalvikvm( 3385): threadid=3: reacting to signal 3
I/APP     ( 3385): I 02/27/2013 18:20:55:851 00000d39         ImageCapture| surfaceCreated
I/dalvikvm( 3385): Wrote stack traces to '/data/anr/traces.txt'
V/EmulatedCamera_Factory(   38): getCameraInfo: id = 0
V/EmulatedCamera_Camera(   38): getCameraInfo
V/EmulatedCamera_Factory(   38): getCameraInfo: id = 0
V/EmulatedCamera_Camera(   38): getCameraInfo
I/CameraService(   38): Opening camera 0
V/EmulatedCamera_Factory(   38): cameraDeviceOpen: id = 0
V/EmulatedCamera_Camera(   38): connectCamera
V/EmulatedCamera_FakeDevice(   38): connectDevice
V/EmulatedCamera_CallbackNotifier(   38): setCallbacks: 0x405954e9, 0x40595f9d, 0x40595f01, 0x40597359 (0x101f0)
V/EmulatedCamera_CallbackNotifier(   38): enableMessage: msg_type = 0x40d
V/EmulatedCamera_CallbackNotifier(   38):     CAMERA_MSG_ERROR
V/EmulatedCamera_CallbackNotifier(   38):     CAMERA_MSG_FOCUS
V/EmulatedCamera_CallbackNotifier(   38):     CAMERA_MSG_ZOOM
V/EmulatedCamera_CallbackNotifier(   38):     CAMERA_MSG_PREVIEW_METADATA
V/EmulatedCamera_CallbackNotifier(   38): **** Currently enabled messages:
V/EmulatedCamera_CallbackNotifier(   38):     CAMERA_MSG_ERROR
V/EmulatedCamera_CallbackNotifier(   38):     CAMERA_MSG_FOCUS
V/EmulatedCamera_CallbackNotifier(   38):     CAMERA_MSG_ZOOM
V/EmulatedCamera_CallbackNotifier(   38):     CAMERA_MSG_PREVIEW_METADATA
I/AwesomePlayer(   38): setDataSource_l('/system/media/audio/ui/camera_click.ogg')
I/AwesomePlayer(   38): setDataSource_l('/system/media/audio/ui/VideoRecord.ogg')
I/Process (   77): Sending signal. PID: 3385 SIG: 3
I/dalvikvm( 3385): threadid=3: reacting to signal 3
I/dalvikvm( 3385): Wrote stack traces to '/data/anr/traces.txt'
I/APP     ( 3385): I 02/27/2013 18:20:56:409 00000d39         ImageCapture| surfaceChanged
V/EmulatedCamera_Camera(   38): setParameters
V/EmulatedCamera_Preview(   38): setPreviewWindow: current: 0x0 -> new: 0x10200
V/EmulatedCamera_Camera(   38): doStartPreview
V/EmulatedCamera_Preview(   38): startPreview
D/EmulatedCamera_Camera(   38): Starting camera: 352x288 -> NV21(yuv420sp)
V/EmulatedCamera_FakeDevice(   38): startDevice
V/EmulatedCamera_Device(   38): commonStartDevice: Allocated 0x41b25008 152064 bytes for 101376 pixels in NV21[352x288] frame
V/EmulatedCamera_Device(   38): startDeliveringFrames
V/EmulatedCamera_Device(   38): startWorkerThread
I/APP     ( 3385): I 02/27/2013 18:20:56:593 00000d39         ImageCapture| onOrientationChanged(0)
V/EmulatedCamera_Device(   38): Starting emulated camera device worker thread...
V/EmulatedCamera_Device(   38): Emulated device's worker thread has been started.
V/EmulatedCamera_Preview(   38): onNextFrameAvailable: Adjusting preview windows 0x10200 geometry to 352x288
I/Process (   77): Sending signal. PID: 3385 SIG: 3
I/dalvikvm( 3385): threadid=3: reacting to signal 3
I/dalvikvm( 3385): Wrote stack traces to '/data/anr/traces.txt'
I/ActivityManager(   77): Displayed com.rhomobile.macotec/com.rhomobile.rhodes.camera.ImageCapture: +2s688ms
I/APP     ( 3385): I 02/27/2013 18:20:59:213 00000d39       RhodesActivity| onStop
D/dalvikvm(   77): GC_EXPLICIT freed 377K, 12% free 11408K/12935K, paused 52ms+80ms
I/APP     ( 3385): I 02/27/2013 18:21:03:932 00000d39         ImageCapture| Camera rotation: 90
I/APP     ( 3385): I 02/27/2013 18:21:03:936 00000d39         ImageCapture| Camera rotation resetup for platforms >= 2.2: 1
V/ImageCapture( 3385): ms[1361985663974] $$$   parameters.set(rotation, 90 );
V/EmulatedCamera_Camera(   38): setParameters
V/EmulatedCamera_CallbackNotifier(   38): enableMessage: msg_type = 0x302
V/EmulatedCamera_CallbackNotifier(   38):     CAMERA_MSG_SHUTTER
V/EmulatedCamera_CallbackNotifier(   38):     CAMERA_MSG_COMPRESSED_IMAGE
V/EmulatedCamera_CallbackNotifier(   38):     CAMERA_MSG_RAW_IMAGE_NOTIFY
V/EmulatedCamera_CallbackNotifier(   38): **** Currently enabled messages:
V/EmulatedCamera_CallbackNotifier(   38):     CAMERA_MSG_ERROR
V/EmulatedCamera_CallbackNotifier(   38):     CAMERA_MSG_SHUTTER
V/EmulatedCamera_CallbackNotifier(   38):     CAMERA_MSG_FOCUS
V/EmulatedCamera_CallbackNotifier(   38):     CAMERA_MSG_ZOOM
V/EmulatedCamera_CallbackNotifier(   38):     CAMERA_MSG_COMPRESSED_IMAGE
V/EmulatedCamera_CallbackNotifier(   38):     CAMERA_MSG_RAW_IMAGE_NOTIFY
V/EmulatedCamera_CallbackNotifier(   38):     CAMERA_MSG_PREVIEW_METADATA
V/EmulatedCamera_Camera(   38): takePicture
V/EmulatedCamera_Camera(   38): doStopPreview
V/EmulatedCamera_Device(   38): stopDeliveringFrames
V/EmulatedCamera_Device(   38): stopWorkerThread
V/EmulatedCamera_Device(   38): Stopping emulated camera device's worker thread...
V/EmulatedCamera_Device(   38): Emulated camera device's worker thread has been stopped.
V/EmulatedCamera_FakeDevice(   38): stopDevice
V/EmulatedCamera_Preview(   38): stopPreview
D/EmulatedCamera_Camera(   38): Starting camera for picture: NV21(jpeg)[640x480]
V/EmulatedCamera_FakeDevice(   38): startDevice
V/EmulatedCamera_Device(   38): commonStartDevice: Allocated 0x41b25008 460800 bytes for 307200 pixels in NV21[640x480] frame
V/EmulatedCamera_Device(   38): startDeliveringFrames
V/EmulatedCamera_Device(   38): startWorkerThread
V/EmulatedCamera_Device(   38): Starting emulated camera device worker thread...
V/EmulatedCamera_Device(   38): Emulated device's worker thread has been started.
D/AudioSink(   38): bufferCount (4) is too small and increased to 12
I/APP     ( 3385): I 02/27/2013 18:21:04:570 00000d39         ImageCapture| SHUTTER CALLBACK
V/EmulatedCamera_CallbackNotifier(   38): disableMessage: msg_type = 0x2
V/EmulatedCamera_CallbackNotifier(   38):     CAMERA_MSG_SHUTTER
V/EmulatedCamera_CallbackNotifier(   38): **** Currently enabled messages:
V/EmulatedCamera_CallbackNotifier(   38):     CAMERA_MSG_ERROR
V/EmulatedCamera_CallbackNotifier(   38):     CAMERA_MSG_FOCUS
V/EmulatedCamera_CallbackNotifier(   38):     CAMERA_MSG_ZOOM
V/EmulatedCamera_CallbackNotifier(   38):     CAMERA_MSG_COMPRESSED_IMAGE
V/EmulatedCamera_CallbackNotifier(   38):     CAMERA_MSG_RAW_IMAGE_NOTIFY
V/EmulatedCamera_CallbackNotifier(   38):     CAMERA_MSG_PREVIEW_METADATA
I/APP     ( 3385): I 02/27/2013 18:21:04:666 00000d39         ImageCapture| PICTURE CALLBACK RAW
V/EmulatedCamera_JPEG(   38): compressRawImage: 0x41b25008[640x480]
D/skia    (   38): onFlyCompress
V/EmulatedCamera_JPEG(   38): compressRawImage: Compressed JPEG: 460800[640x480] -> 20449 bytes
V/EmulatedCamera_CallbackNotifier(   38): disableMessage: msg_type = 0x100
V/EmulatedCamera_CallbackNotifier(   38):     CAMERA_MSG_COMPRESSED_IMAGE
V/EmulatedCamera_CallbackNotifier(   38): **** Currently enabled messages:
V/EmulatedCamera_CallbackNotifier(   38):     CAMERA_MSG_ERROR
V/EmulatedCamera_CallbackNotifier(   38):     CAMERA_MSG_FOCUS
V/EmulatedCamera_CallbackNotifier(   38):     CAMERA_MSG_ZOOM
V/EmulatedCamera_CallbackNotifier(   38):     CAMERA_MSG_RAW_IMAGE_NOTIFY
V/EmulatedCamera_CallbackNotifier(   38):     CAMERA_MSG_PREVIEW_METADATA
I/APP     ( 3385): I 02/27/2013 18:21:05:023 00000d39         ImageCapture| PICTURE CALLBACK JPEG: 20449 bytes
I/APP     ( 3385): I 02/27/2013 18:21:05:072 00000d4f           HttpServer| Process URI: '/app/Image/camera_callback'
I/APP     ( 3385): I 02/27/2013 18:21:05:074 00000d4f                  APP| RHO serve: /app/Image/camera_callback
I/APP     ( 3385): I 02/27/2013 18:21:05:104 00000d4f                  APP| Params: {"rho_callback"=>"1", "status"=>"ok", "image_uri"=>"db/db-files/Image_20130227182103687.jpg", "image_width"=>"640", "image_height"=>"480", "image_format"=>"jpg"}
I/APP     ( 3385): I 02/27/2013 18:21:05:205 00000d4f                  APP| Captured Image  Size: 640x480, Format: jpg 
I/APP     ( 3385): I 02/27/2013 18:21:05:228 00000d39         ImageCapture| finish
W/WindowManager(   77): Failure taking screenshot for (180x300) to layer 21020
I/InputReader(   77): Reconfiguring input devices.  changes=0x00000004
I/InputReader(   77): Device reconfigured: id=0, name='qwerty2', surface size is now 480x800, mode is 1
W/SurfaceFlinger(   36): createScreenshotSurface failed (Function not implemented)
I/ActivityManager(   77): Config changed: {1.0 310mcc260mnc en_US layoutdir=0 sw320dp w320dp h508dp nrml long port finger qwerty/v/v tball/v s.84}
I/APP     ( 3385): I 02/27/2013 18:21:05:394 00000d4f           HttpServer| GC Start.
I/APP     ( 3385): I 02/27/2013 18:21:05:589 00000d4f           HttpServer| GC End.
I/APP     ( 3385): I 02/27/2013 18:21:05:703 00000d39       RhodesActivity| onStart
I/APP     ( 3385): I 02/27/2013 18:21:05:708 00000d39    RhodesApplication| New UiState: MainActivityStarted
I/APP     ( 3385): I 02/27/2013 18:21:05:746 00000d39       RhodesActivity| onResume
I/APP     ( 3385): I 02/27/2013 18:21:05:752 00000d39 AndroidFunctionality| Resume WebView
I/Process (   77): Sending signal. PID: 3385 SIG: 3
I/dalvikvm( 3385): threadid=3: reacting to signal 3
I/dalvikvm( 3385): Wrote stack traces to '/data/anr/traces.txt'
I/APP     ( 3385): I 02/27/2013 18:21:06:029 00000d39         ImageCapture| surfaceDestroyed
V/EmulatedCamera_CallbackNotifier(   38): disableMessage: msg_type = 0x10
V/EmulatedCamera_CallbackNotifier(   38):     CAMERA_MSG_PREVIEW_FRAME
V/EmulatedCamera_CallbackNotifier(   38): **** Currently enabled messages:
V/EmulatedCamera_CallbackNotifier(   38):     CAMERA_MSG_ERROR
V/EmulatedCamera_CallbackNotifier(   38):     CAMERA_MSG_FOCUS
V/EmulatedCamera_CallbackNotifier(   38):     CAMERA_MSG_ZOOM
V/EmulatedCamera_CallbackNotifier(   38):     CAMERA_MSG_RAW_IMAGE_NOTIFY
V/EmulatedCamera_CallbackNotifier(   38):     CAMERA_MSG_PREVIEW_METADATA
V/EmulatedCamera_Camera(   38): doStopPreview
V/EmulatedCamera_CallbackNotifier(   38): disableMessage: msg_type = 0x10
V/EmulatedCamera_CallbackNotifier(   38):     CAMERA_MSG_PREVIEW_FRAME
V/EmulatedCamera_CallbackNotifier(   38): **** Currently enabled messages:
V/EmulatedCamera_CallbackNotifier(   38):     CAMERA_MSG_ERROR
V/EmulatedCamera_CallbackNotifier(   38):     CAMERA_MSG_FOCUS
V/EmulatedCamera_CallbackNotifier(   38):     CAMERA_MSG_ZOOM
V/EmulatedCamera_CallbackNotifier(   38):     CAMERA_MSG_RAW_IMAGE_NOTIFY
V/EmulatedCamera_CallbackNotifier(   38):     CAMERA_MSG_PREVIEW_METADATA
V/EmulatedCamera_CallbackNotifier(   38): disableMessage: msg_type = 0xffff
V/EmulatedCamera_CallbackNotifier(   38):     CAMERA_MSG_ERROR
V/EmulatedCamera_CallbackNotifier(   38):     CAMERA_MSG_SHUTTER
V/EmulatedCamera_CallbackNotifier(   38):     CAMERA_MSG_FOCUS
V/EmulatedCamera_CallbackNotifier(   38):     CAMERA_MSG_ZOOM
V/EmulatedCamera_CallbackNotifier(   38):     CAMERA_MSG_PREVIEW_FRAME
V/EmulatedCamera_CallbackNotifier(   38):     CAMERA_MSG_VIDEO_FRAME
V/EmulatedCamera_CallbackNotifier(   38):     CAMERA_MSG_POSTVIEW_FRAME
V/EmulatedCamera_CallbackNotifier(   38):     CAMERA_MSG_RAW_IMAGE
V/EmulatedCamera_CallbackNotifier(   38):     CAMERA_MSG_COMPRESSED_IMAGE
V/EmulatedCamera_CallbackNotifier(   38):     CAMERA_MSG_RAW_IMAGE_NOTIFY
V/EmulatedCamera_CallbackNotifier(   38):     CAMERA_MSG_PREVIEW_METADATA
V/EmulatedCamera_CallbackNotifier(   38): **** Currently enabled messages:
V/EmulatedCamera_Camera(   38): doStopPreview
V/EmulatedCamera_Camera(   38): cancelPicture
V/EmulatedCamera_Camera(   38): releaseCamera
V/EmulatedCamera_Camera(   38): doStopPreview
V/EmulatedCamera_Device(   38): stopDeliveringFrames
V/EmulatedCamera_Device(   38): stopWorkerThread
V/EmulatedCamera_Device(   38): Stopping emulated camera device's worker thread...
V/EmulatedCamera_Device(   38): Emulated camera device's worker thread has been stopped.
V/EmulatedCamera_FakeDevice(   38): stopDevice
V/EmulatedCamera_FakeDevice(   38): disconnectDevice
V/EmulatedCamera_Preview(   38): setPreviewWindow: current: 0x10200 -> new: 0x0
I/CameraService(   38): Destroying camera 0
V/EmulatedCamera_Camera(   38): closeCamera
V/EmulatedCamera_Camera(   38): doStopPreview
W/WindowManager(   77): Window freeze timeout expired.
W/WindowManager(   77): Force clearing orientation change: Window{41570fb8 com.rhomobile.macotec/com.rhomobile.rhodes.RhodesActivity paused=false}
W/AudioFlinger(   38): session id 145 not found for pid 38
I/Process (   77): Sending signal. PID: 3385 SIG: 3
I/dalvikvm( 3385): threadid=3: reacting to signal 3
W/AudioFlinger(   38): session id 146 not found for pid 38
I/Process (   77): Sending signal. PID: 3385 SIG: 3
I/dalvikvm( 3385): Wrote stack traces to '/data/anr/traces.txt'
I/dalvikvm( 3385): threadid=3: reacting to signal 3
I/Process (   77): Sending signal. PID: 3385 SIG: 3
I/dalvikvm( 3385): Wrote stack traces to '/data/anr/traces.txt'
I/dalvikvm( 3385): threadid=3: reacting to signal 3
I/Process (   77): Sending signal. PID: 3385 SIG: 3
I/dalvikvm( 3385): Wrote stack traces to '/data/anr/traces.txt'
I/dalvikvm( 3385): threadid=3: reacting to signal 3
I/Process (   77): Sending signal. PID: 3385 SIG: 3
V/PhoneStatusBar(  137): setLightsOn(true)
I/dalvikvm( 3385): Wrote stack traces to '/data/anr/traces.txt'
I/dalvikvm( 3385): threadid=3: reacting to signal 3
D/dalvikvm(   77): GC_EXPLICIT freed 123K, 12% free 11385K/12935K, paused 50ms+9ms
I/dalvikvm( 3385): Wrote stack traces to '/data/anr/traces.txt'
I/Process (   77): Sending signal. PID: 3385 SIG: 3
I/dalvikvm( 3385): threadid=3: reacting to signal 3
I/dalvikvm( 3385): Wrote stack traces to '/data/anr/traces.txt'
I/APP     ( 3385): I 02/27/2013 18:21:12:359 00000d39         ImageCapture| onStop
I/APP     ( 3385): I 02/27/2013 18:21:40:494 00000d4f           HttpServer| Process URI: '/app/Request/request'
I/APP     ( 3385): I 02/27/2013 18:21:40:496 00000d4f                  APP| RHO serve: /app/Request/request
I/APP     ( 3385): I 02/27/2013 18:21:40:564 00000d4f           HttpServer| GC Start.
I/APP     ( 3385): I 02/27/2013 18:21:40:639 00000d4f           HttpServer| GC End.
I/APP     ( 3385): I 02/27/2013 18:21:40:994 00000d4f           HttpServer| Process URI: '/favicon.ico'
I/APP     ( 3385): E 02/27/2013 18:21:41:049 00000d4f           HttpServer| The file /favicon.ico was not found
I/APP     ( 3385): I 02/27/2013 18:21:41:919 00000d4f           HttpServer| Process URI: '/app/Request/request_rental'
I/APP     ( 3385): I 02/27/2013 18:21:41:972 00000d4f                  APP| RHO serve: /app/Request/request_rental
I/APP     ( 3385): I 02/27/2013 18:21:42:443 00000d4f                  APP| ++++++++++++++++++++++++++++++++++++ /data/data/com.rhomobile.macotec/rhodata/db/db-files/Image_20130227182103687.jpg
I/APP     ( 3385): I 02/27/2013 18:21:42:603 00000d4f           HttpServer| GC Start.
I/APP     ( 3385): I 02/27/2013 18:21:42:898 00000d4f           HttpServer| GC End.
I/APP     ( 3385): I 02/27/2013 18:21:43:261 00000d4f           HttpServer| Process URI: '/favicon.ico'
I/APP     ( 3385): E 02/27/2013 18:21:43:318 00000d4f           HttpServer| The file /favicon.ico was not found
I/APP     ( 3385): I 02/27/2013 18:21:43:501 00000d4f           HttpServer| Process URI: '/favicon.ico'
I/APP     ( 3385): E 02/27/2013 18:21:43:564 00000d4f           HttpServer| The file /favicon.ico was not found
I/APP     ( 3385): I 02/27/2013 18:21:46:050 00000d4f           HttpServer| Process URI: '/app/Image/new'
I/APP     ( 3385): I 02/27/2013 18:21:46:079 00000d4f                  APP| RHO serve: /app/Image/new
I/ActivityManager(   77): START {cmp=com.rhomobile.macotec/com.rhomobile.rhodes.camera.ImageCapture (has extras)} from pid 3385
W/WindowManager(   77): Failure taking screenshot for (180x300) to layer 21010
I/APP     ( 3385): I 02/27/2013 18:21:46:191 00000d39 AndroidFunctionality| Pause WebView
I/APP     ( 3385): I 02/27/2013 18:21:46:195 00000d39       RhodesActivity| onPause
I/APP     ( 3385): I 02/27/2013 18:21:46:259 00000d4f           HttpServer| GC Start.
I/APP     ( 3385): I 02/27/2013 18:21:46:303 00000d4f           HttpServer| GC End.
I/APP     ( 3385): I 02/27/2013 18:21:46:308 00000d4f           HttpServer| Process URI: '/data/data/com.rhomobile.macotec/rhodata/db/db-files/Image_20130227182103687.jpg'
I/APP     ( 3385): E 02/27/2013 18:21:46:348 00000d4f           HttpServer| The file /data/data/com.rhomobile.macotec/rhodata/db/db-files/Image_20130227182103687.jpg was not found
I/APP     ( 3385): I 02/27/2013 18:21:46:354 00000d4f           HttpServer| Process URI: '/system/uidestroyed'
I/APP     ( 3385): I 02/27/2013 18:21:46:397 00000d39    RhodesApplication| New UiState: MainActivityPaused
I/InputReader(   77): Reconfiguring input devices.  changes=0x00000004
W/SurfaceFlinger(   36): createScreenshotSurface failed (Function not implemented)
I/InputReader(   77): Device reconfigured: id=0, name='qwerty2', surface size is now 480x800, mode is 1
I/ActivityManager(   77): Config changed: {1.0 310mcc260mnc en_US layoutdir=0 sw320dp w533dp h294dp nrml long land finger qwerty/v/v tball/v s.85}
D/dalvikvm(   77): GC_EXPLICIT freed 73K, 13% free 11349K/12935K, paused 5ms+8ms
I/APP     ( 3385): I 02/27/2013 18:21:46:838 00000d39         ImageCapture| onCreate
I/APP     ( 3385): I 02/27/2013 18:21:46:901 00000d39         ImageCapture| myOrientationEventListener.enable()
I/Process (   77): Sending signal. PID: 3385 SIG: 3
I/dalvikvm( 3385): threadid=3: reacting to signal 3
I/APP     ( 3385): I 02/27/2013 18:21:47:022 00000d39         ImageCapture| onResume
I/dalvikvm( 3385): Wrote stack traces to '/data/anr/traces.txt'
D/RhodesService( 3385): +++ onStartCommand
I/RhodesService( 3385): handleCommand: startId=3, source=com.rhomobile.rhodes.BaseActivity
D/RhodesService( 3385): New activity was created
I/APP     ( 3385): I 02/27/2013 18:21:47:293 00000d39         ImageCapture| surfaceCreated
V/EmulatedCamera_Factory(   38): getCameraInfo: id = 0
V/EmulatedCamera_Camera(   38): getCameraInfo
V/EmulatedCamera_Factory(   38): getCameraInfo: id = 0
V/EmulatedCamera_Camera(   38): getCameraInfo
I/CameraService(   38): Opening camera 0
V/EmulatedCamera_Factory(   38): cameraDeviceOpen: id = 0
V/EmulatedCamera_Camera(   38): connectCamera
V/EmulatedCamera_FakeDevice(   38): connectDevice
V/EmulatedCamera_CallbackNotifier(   38): setCallbacks: 0x405954e9, 0x40595f9d, 0x40595f01, 0x40597359 (0xffa0)
V/EmulatedCamera_CallbackNotifier(   38): enableMessage: msg_type = 0x40d
V/EmulatedCamera_CallbackNotifier(   38):     CAMERA_MSG_ERROR
V/EmulatedCamera_CallbackNotifier(   38):     CAMERA_MSG_FOCUS
V/EmulatedCamera_CallbackNotifier(   38):     CAMERA_MSG_ZOOM
V/EmulatedCamera_CallbackNotifier(   38):     CAMERA_MSG_PREVIEW_METADATA
V/EmulatedCamera_CallbackNotifier(   38): **** Currently enabled messages:
V/EmulatedCamera_CallbackNotifier(   38):     CAMERA_MSG_ERROR
V/EmulatedCamera_CallbackNotifier(   38):     CAMERA_MSG_FOCUS
V/EmulatedCamera_CallbackNotifier(   38):     CAMERA_MSG_ZOOM
V/EmulatedCamera_CallbackNotifier(   38):     CAMERA_MSG_PREVIEW_METADATA
I/AwesomePlayer(   38): setDataSource_l('/system/media/audio/ui/camera_click.ogg')
I/Process (   77): Sending signal. PID: 3385 SIG: 3
I/dalvikvm( 3385): threadid=3: reacting to signal 3
I/dalvikvm( 3385): Wrote stack traces to '/data/anr/traces.txt'
V/PhoneStatusBar(  137): setLightsOn(true)
I/AwesomePlayer(   38): setDataSource_l('/system/media/audio/ui/VideoRecord.ogg')
I/APP     ( 3385): I 02/27/2013 18:21:47:838 00000d39         ImageCapture| surfaceChanged
V/EmulatedCamera_Camera(   38): setParameters
V/EmulatedCamera_Preview(   38): setPreviewWindow: current: 0x0 -> new: 0xffb0
V/EmulatedCamera_Camera(   38): doStartPreview
V/EmulatedCamera_Preview(   38): startPreview
D/EmulatedCamera_Camera(   38): Starting camera: 352x288 -> NV21(yuv420sp)
V/EmulatedCamera_FakeDevice(   38): startDevice
V/EmulatedCamera_Device(   38): commonStartDevice: Allocated 0x41b25008 152064 bytes for 101376 pixels in NV21[352x288] frame
V/EmulatedCamera_Device(   38): startDeliveringFrames
V/EmulatedCamera_Device(   38): startWorkerThread
I/Process (   77): Sending signal. PID: 3385 SIG: 3
I/dalvikvm( 3385): threadid=3: reacting to signal 3
V/EmulatedCamera_Device(   38): Starting emulated camera device worker thread...
V/EmulatedCamera_Device(   38): Emulated device's worker thread has been started.
I/APP     ( 3385): I 02/27/2013 18:21:48:086 00000d39         ImageCapture| onOrientationChanged(0)
V/EmulatedCamera_Preview(   38): onNextFrameAvailable: Adjusting preview windows 0xffb0 geometry to 352x288
I/dalvikvm( 3385): Wrote stack traces to '/data/anr/traces.txt'
I/ActivityManager(   77): Displayed com.rhomobile.macotec/com.rhomobile.rhodes.camera.ImageCapture: +1s935ms
W/ThrottleService(   77): unable to find stats for iface rmnet0
I/APP     ( 3385): I 02/27/2013 18:21:49:153 00000d39       RhodesActivity| onStop
D/dalvikvm(   77): GC_EXPLICIT freed 105K, 13% free 11357K/12935K, paused 57ms+189ms
I/APP     ( 3385): I 02/27/2013 18:24:17:399 00000d39         ImageCapture| Camera rotation: 90
I/APP     ( 3385): I 02/27/2013 18:24:17:499 00000d39         ImageCapture| Camera rotation resetup for platforms >= 2.2: 1
V/ImageCapture( 3385): ms[1361985857584] $$$   parameters.set(rotation, 90 );
V/EmulatedCamera_Camera(   38): setParameters
V/EmulatedCamera_CallbackNotifier(   38): enableMessage: msg_type = 0x302
V/EmulatedCamera_CallbackNotifier(   38):     CAMERA_MSG_SHUTTER
V/EmulatedCamera_CallbackNotifier(   38):     CAMERA_MSG_COMPRESSED_IMAGE
V/EmulatedCamera_CallbackNotifier(   38):     CAMERA_MSG_RAW_IMAGE_NOTIFY
V/EmulatedCamera_CallbackNotifier(   38): **** Currently enabled messages:
V/EmulatedCamera_CallbackNotifier(   38):     CAMERA_MSG_ERROR
V/EmulatedCamera_CallbackNotifier(   38):     CAMERA_MSG_SHUTTER
V/EmulatedCamera_CallbackNotifier(   38):     CAMERA_MSG_FOCUS
V/EmulatedCamera_CallbackNotifier(   38):     CAMERA_MSG_ZOOM
V/EmulatedCamera_CallbackNotifier(   38):     CAMERA_MSG_COMPRESSED_IMAGE
V/EmulatedCamera_CallbackNotifier(   38):     CAMERA_MSG_RAW_IMAGE_NOTIFY
V/EmulatedCamera_CallbackNotifier(   38):     CAMERA_MSG_PREVIEW_METADATA
V/EmulatedCamera_Camera(   38): takePicture
V/EmulatedCamera_Camera(   38): doStopPreview
V/EmulatedCamera_Device(   38): stopDeliveringFrames
V/EmulatedCamera_Device(   38): stopWorkerThread
V/EmulatedCamera_Device(   38): Stopping emulated camera device's worker thread...
V/EmulatedCamera_Device(   38): Select: THREAD_STOP message is received
V/EmulatedCamera_FakeDevice(   38): inWorkerThread: Worker thread has been terminated.
V/EmulatedCamera_Device(   38): Emulated camera device's worker thread has been stopped.
V/EmulatedCamera_FakeDevice(   38): stopDevice
V/EmulatedCamera_Preview(   38): stopPreview
D/EmulatedCamera_Camera(   38): Starting camera for picture: NV21(jpeg)[640x480]
V/EmulatedCamera_FakeDevice(   38): startDevice
V/EmulatedCamera_Device(   38): commonStartDevice: Allocated 0x41b25008 460800 bytes for 307200 pixels in NV21[640x480] frame
V/EmulatedCamera_Device(   38): startDeliveringFrames
V/EmulatedCamera_Device(   38): startWorkerThread
V/EmulatedCamera_Device(   38): Starting emulated camera device worker thread...
V/EmulatedCamera_Device(   38): Emulated device's worker thread has been started.
D/AudioSink(   38): bufferCount (4) is too small and increased to 12
