I/APP     ( 1327): I 02/04/2013 12:59:27:555 00000545            RhodesApp| Starting sync engine...
I/APP     ( 1327): I 02/04/2013 12:59:27:579 00000545                 Sync| sync_poll_interval: 0
I/APP     ( 1327): I 02/04/2013 12:59:27:581 00000545                 Sync| syncserver: 
I/APP     ( 1327): I 02/04/2013 12:59:27:602 00000545                 Sync| bulksync_state: 0
I/APP     ( 1327): I 02/04/2013 12:59:27:604 00000545            RhodesApp| RhoRubyInitApp...
I/APP     ( 1327): I 02/04/2013 12:59:27:616 00000545                  APP| init_app
I/APP     ( 1327): I 02/04/2013 12:59:27:618 00000545              RhoRuby| require_compiled: application
I/APP     ( 1327): I 02/04/2013 12:59:27:649 00000545                 Sync| Set notification. Source ID: -1;Url :http://localhost:57116/app/Settings/sync_notify; Params: 
I/APP     ( 1327): I 02/04/2013 12:59:27:653 00000545           HttpServer| Start HTTP server
I/APP     ( 1327): I 02/04/2013 12:59:27:677 00000545           HttpServer| Listen for connections on port 57116
I/APP     ( 1327): I 02/04/2013 12:59:27:679 00000545         AppCallbacks| addCommand: LOCAL-SERVER-STARTED
I/APP     ( 1327): I 02/04/2013 12:59:27:695 00000543         AppCallbacks| process command: LOCAL-SERVER-STARTED
I/APP     ( 1327): I 02/04/2013 12:59:27:697 00000543 RhodesAppActiveObserver| Ready
I/APP     ( 1327): I 02/04/2013 12:59:27:707 0000052f AndroidFunctionality| Disable WebView zoom
I/APP     ( 1327): I 02/04/2013 12:59:27:711 0000052f AndroidFunctionality| Set web plugins state 'OFF'
I/APP     ( 1327): I 02/04/2013 12:59:27:725 00000543    RhodesApplication| New AppState: AppActivated
I/APP     ( 1327): I 02/04/2013 12:59:27:729 00000543         AppCallbacks| process command: UI-CREATED
I/APP     ( 1327): I 02/04/2013 12:59:27:801 00000545           HttpServer| Process URI: '/system/uicreated'
I/APP     ( 1327): I 02/04/2013 12:59:27:805 00000545                  APP| on_ui_created.navigate to start url: '/app'
I/APP     ( 1327): I 02/04/2013 12:59:27:820 0000052f         SplashScreen| navigate: url=http://localhost:57116/app
I/APP     ( 1327): I 02/04/2013 12:59:27:821 0000052f         SplashScreen| DELAY for SplashScreen = 0
I/APP     ( 1327): I 02/04/2013 12:59:27:859 00000543         AppCallbacks| process command: APP-ACTIVATED
I/APP     ( 1327): I 02/04/2013 12:59:27:889 0000052f        GoogleWebView| Creating new RhoWebChromeClient
I/APP     ( 1327): I 02/04/2013 12:59:27:911 0000052f       SimpleMainView| Cleared URL: http://localhost:57116/app
I/APP     ( 1327): I 02/04/2013 12:59:27:929 00000545           HttpServer| Process URI: '/system/activateapp'
I/APP     ( 1327): I 02/04/2013 12:59:27:949 00000543         AppCallbacks| ThreadQueue blocked for 4294967295 seconds...
V/SimpleMainView.View( 1327): ms[1359979167960]  Main Window :: onSizeChanged() old [ 480 x 652 ]  new [ 0 x 0 ]
I/APP     ( 1327): I 02/04/2013 12:59:28:018 0000052f        GoogleWebView| Setting RhoWebChromeClient
I/APP     ( 1327): I 02/04/2013 12:59:28:111 00000545           HttpServer| Process URI: '/app'
I/APP     ( 1327): I 02/04/2013 12:59:28:144 0000052f     RhoWebViewClient| Loading URL: http://localhost:57116/app/index_erb.iseq
I/APP     ( 1327): I 02/04/2013 12:59:28:173 00000545           HttpServer| Process URI: '/app/index_erb.iseq'
I/APP     ( 1327): I 02/04/2013 12:59:28:179 00000545                  APP| RHO serve_index: /app/index_erb.iseq
I/APP     ( 1327): I 02/04/2013 12:59:28:209 00000545 RHO Rho::RhoController| inst_render_index
I/APP     ( 1327): I 02/04/2013 12:59:28:288 00000545 RHO Rho::RhoController| index layout
I/APP     ( 1327): I 02/04/2013 12:59:28:417 00000545           HttpServer| GC Start.
I/APP     ( 1327): I 02/04/2013 12:59:28:531 00000545           HttpServer| GC End.
I/APP     ( 1327): I 02/04/2013 12:59:28:868 00000545           HttpServer| Process URI: '/public/jquery/jquery-1.6.4.min.js'
I/APP     ( 1327): I 02/04/2013 12:59:28:975 00000545           HttpServer| Process URI: '/public/jquery/jquery.json-2.3.min.js'
I/APP     ( 1327): I 02/04/2013 12:59:29:017 00000545           HttpServer| Process URI: '/public/jqmobile/jquery.mobile-1.0.1.min.css'
I/APP     ( 1327): I 02/04/2013 12:59:29:078 00000545           HttpServer| Process URI: '/public/css/jqmobile-patch.css'
I/APP     ( 1327): I 02/04/2013 12:59:29:139 00000545           HttpServer| Process URI: '/public/jqmobile/jquery.mobile-1.0.1.min.js'
I/APP     ( 1327): I 02/04/2013 12:59:29:270 00000545           HttpServer| Process URI: '/public/js/jqmobile-patch.js'
I/APP     ( 1327): I 02/04/2013 12:59:29:354 00000545           HttpServer| Process URI: '/public/css/macotec_style.css'
I/APP     ( 1327): I 02/04/2013 12:59:32:481 00000545           HttpServer| Process URI: '/public/images/macotec/logo.png'
D/dalvikvm(  151): GC_CONCURRENT freed 409K, 30% free 10250K/14599K, paused 4ms+14ms
I/APP     ( 1327): I 02/04/2013 12:59:33:163 00000545           HttpServer| Process URI: '/public/images/macotec/request.png'
I/APP     ( 1327): I 02/04/2013 12:59:33:230 00000545           HttpServer| Process URI: '/public/images/macotec/contact.png'
I/APP     ( 1327): I 02/04/2013 12:59:33:265 00000545           HttpServer| Process URI: '/public/images/macotec/products.png'
I/APP     ( 1327): I 02/04/2013 12:59:33:289 00000545           HttpServer| Process URI: '/public/images/macotec/info.png'
I/APP     ( 1327): I 02/04/2013 12:59:50:194 00000545           HttpServer| Process URI: '/app/Request/request'
I/APP     ( 1327): I 02/04/2013 12:59:50:199 00000545                  APP| RHO serve: /app/Request/request
I/APP     ( 1327): I 02/04/2013 12:59:50:240 00000545              RhoRuby| require_compiled: Request/request_controller
I/APP     ( 1327): I 02/04/2013 12:59:50:266 00000545              RhoRuby| require_compiled: helpers/browser_helper
I/APP     ( 1327): I 02/04/2013 12:59:50:294 00000545                  APP| const_missing: Product
I/APP     ( 1327): I 02/04/2013 12:59:50:296 00000545                  APP| load_model: Product
I/APP     ( 1327): I 02/04/2013 12:59:50:326 00000545              RhoRuby| require_compiled: Product/product
I/APP     ( 1327): I 02/04/2013 12:59:50:355 00000545                  APP| model name: Product
I/APP     ( 1327): I 02/04/2013 12:59:50:357 00000545                  APP| model class found
I/APP     ( 1327): I 02/04/2013 12:59:50:381 00000545                  APP| Product : {"property"=>{}}
I/APP     ( 1327): I 02/04/2013 12:59:50:385 00000545                   DB| Open DB: /data/data/com.rhomobile.macotec/rhodata/db/syncdblocal.sqlite
I/APP     ( 1327): I 02/04/2013 12:59:50:426 00000545                  APP| init_db_sources
I/APP     ( 1327): I 02/04/2013 12:59:50:478 00000545                  APP| start_id: 40004
I/APP     ( 1327): I 02/04/2013 12:59:50:480 00000545                  APP| Migrate schema sources: {}
I/APP     ( 1327): I 02/04/2013 12:59:50:637 00000545           HttpServer| GC Start.
I/APP     ( 1327): I 02/04/2013 12:59:50:691 00000545           HttpServer| GC End.
I/APP     ( 1327): I 02/04/2013 12:59:51:397 00000545           HttpServer| Process URI: '/public/jqmobile/images/icons-36-white.png'
E/libEGL  ( 1327): call to OpenGL ES API with no current context (logged once per thread)
D/ShaderProgram( 1327): couldn't load the vertex shader!
E/libEGL  ( 1327): call to OpenGL ES API with no current context (logged once per thread)
D/ShaderProgram( 1327): couldn't load the vertex shader!
E/libEGL  ( 1327): call to OpenGL ES API with no current context (logged once per thread)
D/ShaderProgram( 1327): couldn't load the vertex shader!
E/libEGL  ( 1327): call to OpenGL ES API with no current context (logged once per thread)
D/ShaderProgram( 1327): couldn't load the vertex shader!
E/libEGL  ( 1327): call to OpenGL ES API with no current context (logged once per thread)
D/ShaderProgram( 1327): couldn't load the vertex shader!
D/dalvikvm(  151): GC_FOR_ALLOC freed 341K, 30% free 10288K/14599K, paused 109ms
E/ActivityThread(  167): Failed to find provider info for com.android.inputmethod.latin.dictionarypack
E/BinaryDictionaryGetter(  167): Could not find a dictionary pack
D/dalvikvm(  151): GC_CONCURRENT freed 392K, 29% free 10399K/14599K, paused 5ms+22ms
I/APP     ( 1327): I 02/04/2013 13:00:06:233 00000545           HttpServer| Process URI: '/app/Request/submit'
I/APP     ( 1327): I 02/04/2013 13:00:06:237 00000545                  APP| RHO serve: /app/Request/submit
I/APP     ( 1327): I 02/04/2013 13:00:06:328 00000545                  APP| Params: {"product"=>"nothing", "rental_begin"=>"", "operation_period"=>"", "amount_product"=>"", "location"=>"", "information"=>"", "company"=>"", "phone"=>"", "email"=>"oliver@gmail.com"}
I/APP     ( 1327): I 02/04/2013 13:00:06:381 00000545            AsyncHttp| addCommand: POST
I/APP     ( 1327): I 02/04/2013 13:00:06:447 00000551            AsyncHttp| Starting main routine...
I/APP     ( 1327): I 02/04/2013 13:00:06:586 00000551                  Net| POST request (Pull): http://www.datenloft.com/macotec/send_request_test.php
I/APP     ( 1327): I 02/04/2013 13:00:07:081 00000545           HttpServer| GC Start.
I/APP     ( 1327): I 02/04/2013 13:00:07:493 00000545           HttpServer| GC End.
D/dalvikvm( 1327): GC_CONCURRENT freed 921K, 8% free 12458K/13511K, paused 8ms+92ms
I/APP     ( 1327): I 02/04/2013 13:00:07:935 00000545           HttpServer| Process URI: '/app/Request/after_submit'
I/APP     ( 1327): I 02/04/2013 13:00:07:971 00000545                  APP| RHO serve: /app/Request/after_submit
I/APP     ( 1327): I 02/04/2013 13:00:08:357 00000545                  APP| Params: {"rho_callback"=>"1", "status"=>"ok", "http_error"=>"200", "headers"=>{"Content-Type"=>"application/x-www-form-urlencoded", "User-Agent"=>"Mozilla-5.0 (ANDROID; unknown generic; 4.0.4)", "charset"=>"UTF-8", "connection"=>"Keep-Alive", "content-type"=>"text/html; charset=utf-8", "date"=>"Mon, 04 Feb 2013 12:00:07 GMT", "keep-alive"=>"timeout=3, max=100", "server"=>"Apache/2.2.21 (Unix) mod_ssl/2.2.21 OpenSSL/0.9.8r", "transfer-encoding"=>"chunked", "x-powered-by"=>"PHP/5.2.17"}, "__rho_object"=>{"body"=>"0"}, "post"=>"complete"}
I/APP     ( 1327): I 02/04/2013 13:00:08:458 00000545                  APP| ---------------------------- FAILED
I/APP     ( 1327): I 02/04/2013 13:00:08:494 00000545                  APP| ########################## {"rho_callback"=>"1", "status"=>"ok", "http_error"=>"200", "headers"=>{"Content-Type"=>"application/x-www-form-urlencoded", "User-Agent"=>"Mozilla-5.0 (ANDROID; unknown generic; 4.0.4)", "charset"=>"UTF-8", "connection"=>"Keep-Alive", "content-type"=>"text/html; charset=utf-8", "date"=>"Mon, 04 Feb 2013 12:00:07 GMT", "keep-alive"=>"timeout=3, max=100", "server"=>"Apache/2.2.21 (Unix) mod_ssl/2.2.21 OpenSSL/0.9.8r", "transfer-encoding"=>"chunked", "x-powered-by"=>"PHP/5.2.17"}, "post"=>"complete", "body"=>"FAILED"}
I/APP     ( 1327): I 02/04/2013 13:00:08:559 00000551            AsyncHttp| ThreadQueue blocked for 4294967295 seconds...
I/APP     ( 1327): I 02/04/2013 13:00:08:614 00000545           HttpServer| GC Start.
I/APP     ( 1327): I 02/04/2013 13:00:08:820 00000545           HttpServer| GC End.
D/webviewglue( 1327): nativeDestroy view: 0x295508
I/APP     ( 1327): I 02/04/2013 13:00:11:603 00000545           HttpServer| Process URI: '/public/images/macotec/macotec_loader.gif'
D/AndroidRuntime( 1367): 
D/AndroidRuntime( 1367): >>>>>> AndroidRuntime START com.android.internal.os.RuntimeInit <<<<<<
D/AndroidRuntime( 1367): CheckJNI is ON
D/AndroidRuntime( 1367): Calling main entry com.android.commands.pm.Pm
W/ActivityManager(   87): No content provider found for permission revoke: file:///data/local/tmp/macotec-debug.apk
W/ActivityManager(   87): No content provider found for permission revoke: file:///data/local/tmp/macotec-debug.apk
D/dalvikvm(   87): GC_CONCURRENT freed 319K, 13% free 11358K/12999K, paused 5ms+56ms
D/dalvikvm(   87): GC_CONCURRENT freed 269K, 12% free 11558K/12999K, paused 7ms+6ms
D/dalvikvm(   87): GC_CONCURRENT freed 445K, 11% free 11660K/12999K, paused 10ms+38ms
D/dalvikvm(   87): GC_CONCURRENT freed 570K, 11% free 11643K/12999K, paused 36ms+9ms
D/dalvikvm(   87): GC_CONCURRENT freed 607K, 11% free 11689K/12999K, paused 34ms+25ms
D/dalvikvm(   87): GC_CONCURRENT freed 576K, 11% free 11665K/12999K, paused 22ms+7ms
D/dalvikvm(   87): GC_CONCURRENT freed 550K, 11% free 11663K/12999K, paused 6ms+65ms
D/dalvikvm(  198): GC_CONCURRENT freed 384K, 6% free 9533K/10119K, paused 4ms+3ms
I/PackageManager(   87): Removing non-system package:com.rhomobile.macotec
I/ActivityManager(   87): Force stopping package com.rhomobile.macotec uid=10040
I/ActivityManager(   87): Killing proc 1327:com.rhomobile.macotec/10040: force stop
W/ActivityManager(   87): Force removing ActivityRecord{41539e28 com.rhomobile.macotec/com.rhomobile.rhodes.RhodesActivity}: app died, no saved state
W/NetworkManagementSocketTagger(   87): setKernelCountSet(10040, 0) failed with errno -2
W/NetworkManagementSocketTagger(   87): setKernelCountSet(10009, 1) failed with errno -2
W/InputDispatcher(   87): channel '4154e830 com.rhomobile.macotec/com.rhomobile.rhodes.RhodesActivity (server)' ~ Consumer closed input channel or an error occurred.  events=0x8
E/InputDispatcher(   87): channel '4154e830 com.rhomobile.macotec/com.rhomobile.rhodes.RhodesActivity (server)' ~ Channel is unrecoverably broken and will be disposed!
I/WindowManager(   87): WINDOW DIED Window{4154e830 com.rhomobile.macotec/com.rhomobile.rhodes.RhodesActivity paused=false}
W/InputDispatcher(   87): Attempted to unregister already unregistered input channel '4154e830 com.rhomobile.macotec/com.rhomobile.rhodes.RhodesActivity (server)'
I/Process (   87): Sending signal. PID: 210 SIG: 3
I/dalvikvm(  210): threadid=3: reacting to signal 3
I/dalvikvm(  210): Wrote stack traces to '/data/anr/traces.txt'
I/Process (   87): Sending signal. PID: 210 SIG: 3
I/dalvikvm(  210): threadid=3: reacting to signal 3
I/dalvikvm(  210): Wrote stack traces to '/data/anr/traces.txt'
I/Process (   87): Sending signal. PID: 210 SIG: 3
I/dalvikvm(  210): threadid=3: reacting to signal 3
I/dalvikvm(  210): Wrote stack traces to '/data/anr/traces.txt'
I/PackageManager(   87): Package com.rhomobile.macotec codePath changed from /data/app/com.rhomobile.macotec-1.apk to /data/app/com.rhomobile.macotec-2.apk; Retaining data and using new
I/Process (   87): Sending signal. PID: 210 SIG: 3
I/dalvikvm(  210): threadid=3: reacting to signal 3
I/dalvikvm(  210): Wrote stack traces to '/data/anr/traces.txt'
W/InputManagerService(   87): Got RemoteException sending setActive(false) notification to pid 1327 uid 10040
I/Process (   87): Sending signal. PID: 210 SIG: 3
I/dalvikvm(  210): threadid=3: reacting to signal 3
I/dalvikvm(  210): Wrote stack traces to '/data/anr/traces.txt'
I/Process (   87): Sending signal. PID: 210 SIG: 3
I/dalvikvm(  210): threadid=3: reacting to signal 3
I/dalvikvm(  210): Wrote stack traces to '/data/anr/traces.txt'
I/PackageManager(   87): Running dexopt on: com.rhomobile.macotec
D/dalvikvm( 1378): DexOpt: load 94ms, verify+opt 515ms
W/PackageManager(   87): Code path for pkg : com.rhomobile.macotec changing from /data/app/com.rhomobile.macotec-1.apk to /data/app/com.rhomobile.macotec-2.apk
W/PackageManager(   87): Resource path for pkg : com.rhomobile.macotec changing from /data/app/com.rhomobile.macotec-1.apk to /data/app/com.rhomobile.macotec-2.apk
I/ActivityManager(   87): Force stopping package com.rhomobile.macotec uid=10040
D/PackageManager(   87): New package installed in /data/app/com.rhomobile.macotec-2.apk
I/ActivityManager(   87): Force stopping package com.rhomobile.macotec uid=10040
D/dalvikvm(  210): GC_EXPLICIT freed 272K, 6% free 11328K/12039K, paused 3ms+4ms
D/dalvikvm(  240): GC_EXPLICIT freed 154K, 4% free 9391K/9735K, paused 3ms+4ms
D/PackageManager(   87): generateServicesMap(android.accounts.AccountAuthenticator): 2 services unchanged
D/PackageManager(   87): generateServicesMap(android.content.SyncAdapter): 4 services unchanged
D/BackupManagerService(   87): Received broadcast Intent { act=android.intent.action.PACKAGE_REMOVED dat=package:com.rhomobile.macotec flg=0x10000010 (has extras) }
D/dalvikvm(   87): GC_CONCURRENT freed 565K, 11% free 11655K/12999K, paused 6ms+13ms
D/dalvikvm(   87): GC_EXPLICIT freed 411K, 14% free 11243K/12999K, paused 4ms+7ms
I/AccountTypeManager(  334): Loaded meta-data for 1 account types, 0 accounts in 357ms(wall) 8ms(cpu)
D/PackageManager(   87): generateServicesMap(android.accounts.AccountAuthenticator): 2 services unchanged
D/PackageManager(   87): generateServicesMap(android.content.SyncAdapter): 4 services unchanged
D/BackupManagerService(   87): Received broadcast Intent { act=android.intent.action.PACKAGE_ADDED dat=package:com.rhomobile.macotec flg=0x10000010 (has extras) }
V/BackupManagerService(   87): updatePackageParticipantsLocked: #1
I/AccountTypeManager(  334): Loaded meta-data for 1 account types, 0 accounts in 251ms(wall) 6ms(cpu)
W/RecognitionManagerService(   87): no available voice recognition services found
D/BackupManagerService(   87): Received broadcast Intent { act=android.intent.action.PACKAGE_REPLACED dat=package:com.rhomobile.macotec flg=0x10000010 (has extras) }
V/BackupManagerService(   87): updatePackageParticipantsLocked: #1
D/dalvikvm(   87): GC_CONCURRENT freed 407K, 13% free 11391K/12999K, paused 6ms+20ms
D/dalvikvm(   87): GC_EXPLICIT freed 197K, 14% free 11237K/12999K, paused 4ms+7ms
D/AndroidRuntime( 1367): Shutting down VM
D/dalvikvm( 1367): GC_CONCURRENT freed 97K, 79% free 450K/2048K, paused 0ms+1ms
I/AndroidRuntime( 1367): NOTE: attach of thread 'Binder Thread #3' failed
D/AndroidRuntime( 1386): 
D/AndroidRuntime( 1386): >>>>>> AndroidRuntime START com.android.internal.os.RuntimeInit <<<<<<
D/AndroidRuntime( 1386): CheckJNI is ON
D/AndroidRuntime( 1386): Calling main entry com.android.commands.am.Am
I/ActivityManager(   87): START {act=android.intent.action.MAIN flg=0x10000000 cmp=com.rhomobile.macotec/com.rhomobile.rhodes.RhodesActivity} from pid 1386
W/WindowManager(   87): Failure taking screenshot for (180x273) to layer 21005
D/AndroidRuntime( 1386): Shutting down VM
D/dalvikvm( 1386): GC_CONCURRENT freed 97K, 77% free 480K/2048K, paused 1ms+1ms
I/AndroidRuntime( 1386): NOTE: attach of thread 'Binder Thread #3' failed
I/ActivityManager(   87): Start proc com.rhomobile.macotec for activity com.rhomobile.macotec/com.rhomobile.rhodes.RhodesActivity: pid=1396 uid=10040 gids={3003}
I/dalvikvm( 1396): Turning on JNI app bug workarounds for target SDK version 4...
W/NetworkManagementSocketTagger(   87): setKernelCountSet(10040, 1) failed with errno -2
I/Process (   87): Sending signal. PID: 1396 SIG: 3
I/dalvikvm( 1396): threadid=3: reacting to signal 3
I/dalvikvm( 1396): Wrote stack traces to '/data/anr/traces.txt'
D/dalvikvm( 1396): Trying to load lib /data/data/com.rhomobile.macotec/lib/librhodes.so 0x4129dbe0
D/dalvikvm( 1396): Added shared lib /data/data/com.rhomobile.macotec/lib/librhodes.so 0x4129dbe0
D/dalvikvm( 1396): Trying to load lib /data/data/com.rhomobile.macotec/lib/librhodes.so 0x4129dbe0
D/dalvikvm( 1396): Shared lib '/data/data/com.rhomobile.macotec/lib/librhodes.so' already loaded in same CL 0x4129dbe0
I/ActivityThread( 1396): Pub com.rhomobile.macotec: com.rhomobile.rhodes.LocalFileProvider
I/RhodesApplication( 1396): Initializing...
D/RhoFileApi( 1396): App root path: /data/data/com.rhomobile.macotec/rhodata/
D/RhoFileApi( 1396): Sqlite journals path: /data/data/com.rhomobile.macotec/sqlite_stmt_journals/
D/RhoFileApi( 1396): Shared path: /data/data/com.rhomobile.macotec/rhodata/
D/RhodesApplication( 1396): Root path: /data/data/com.rhomobile.macotec/rhodata/
I/RhodesApplication( 1396): Application hash was changed
D/RhoFileApi( 1396): Copy hash to FS
D/RhoFileApi( 1396): File hash copied
D/RhoFileApi( 1396): Copy rho.dat to FS
D/RhoFileApi( 1396): File rho.dat copied
D/RhoFileApi( 1396): Copy apps/rhoconfig.txt to FS
D/RhoFileApi( 1396): File apps/rhoconfig.txt copied
I/RhoFileApi( 1396): Opening stat table from FS: /data/data/com.rhomobile.macotec/rhodata/rho.dat
I/Process (   87): Sending signal. PID: 1396 SIG: 3
I/dalvikvm( 1396): threadid=3: reacting to signal 3
I/dalvikvm( 1396): Wrote stack traces to '/data/anr/traces.txt'
D/RhoFileApi( 1396): Copy apps/rhoconfig.txt to FS
D/RhoFileApi( 1396): File apps/rhoconfig.txt copied
D/RhoFileApi( 1396): App root path: /data/data/com.rhomobile.macotec/rhodata/
D/RhoFileApi( 1396): Sqlite journals path: /data/data/com.rhomobile.macotec/sqlite_stmt_journals/
D/RhoFileApi( 1396): Shared path: /data/data/com.rhomobile.macotec/rhodata/
I/APP     ( 1396): I 02/04/2013 13:02:14:538 00000574    RhodesApplication| Initialized
I/APP     ( 1396): I 02/04/2013 13:02:14:588 00000574         BaseActivity| New screen properties - width: 480, height: 728, orientation: 1
I/APP     ( 1396): I 02/04/2013 13:02:14:676 00000574         SplashScreen| Looking for start page source
I/Process (   87): Sending signal. PID: 1396 SIG: 3
I/dalvikvm( 1396): threadid=3: reacting to signal 3
I/dalvikvm( 1396): Wrote stack traces to '/data/anr/traces.txt'
D/dalvikvm( 1396): GC_CONCURRENT freed 277K, 4% free 9224K/9607K, paused 8ms+4ms
D/dalvikvm( 1396): GC_FOR_ALLOC freed 3K, 5% free 9220K/9607K, paused 56ms
I/dalvikvm-heap( 1396): Grow heap (frag case) to 12.139MB for 3217300-byte allocation
D/dalvikvm( 1396): GC_FOR_ALLOC freed <1K, 4% free 12362K/12807K, paused 33ms
I/Process (   87): Sending signal. PID: 1396 SIG: 3
I/dalvikvm( 1396): threadid=3: reacting to signal 3
I/dalvikvm( 1396): Wrote stack traces to '/data/anr/traces.txt'
I/APP     ( 1396): I 02/04/2013 13:02:15:489 00000574         SplashScreen| Done
I/APP     ( 1396): I 02/04/2013 13:02:15:492 00000574    RhodesApplication| New UiState: MainActivityCreated
I/APP     ( 1396): I 02/04/2013 13:02:15:510 00000574       RhodesActivity| onStart
I/APP     ( 1396): I 02/04/2013 13:02:15:515 00000574    RhodesApplication| New UiState: MainActivityStarted
I/APP     ( 1396): I 02/04/2013 13:02:15:531 00000574       RhodesActivity| onResume
I/APP     ( 1396): I 02/04/2013 13:02:15:539 00000574 AndroidFunctionality| Resume WebView
I/APP     ( 1396): I 02/04/2013 13:02:15:580 00000574        RhodesService| onCreate
I/APP     ( 1396): I 02/04/2013 13:02:15:582 00000574    LocalFileProvider| Revoke URI permissions: content:///com.rhomobile.macotec
W/ActivityManager(   87): No content provider found for permission revoke: content:///com.rhomobile.macotec
I/APP     ( 1396): I 02/04/2013 13:02:15:608 00000574               Rhodes| Loading...
I/APP     ( 1396): I 02/04/2013 13:02:15:632 00000574            RhodesApp| Trying to get free listening port.
I/APP     ( 1396): I 02/04/2013 13:02:15:634 00000574            RhodesApp| Trying to bind of 8080 port...
I/APP     ( 1396): I 02/04/2013 13:02:15:644 00000574            RhodesApp| Got port to bind on: 8080
I/APP     ( 1396): I 02/04/2013 13:02:15:646 00000574            RhodesApp| Free listening port: 8080
I/APP     ( 1396): I 02/04/2013 13:02:15:666 00000589         AppCallbacks| Starting main routine...
I/APP     ( 1396): I 02/04/2013 13:02:15:668 00000589         AppCallbacks| ThreadQueue blocked for 4294967295 seconds...
I/APP     ( 1396): I 02/04/2013 13:02:15:725 00000574        RhodesService| Push is disabled
I/APP     ( 1396): I 02/04/2013 13:02:15:727 00000574            RhodesApp| callAppActiveCallback
I/APP     ( 1396): I 02/04/2013 13:02:15:748 00000574         AppCallbacks| addCommand: APP-ACTIVATED
I/APP     ( 1396): I 02/04/2013 13:02:15:753 00000589         AppCallbacks| Received command APP-ACTIVATED which is greater than expected (LOCAL-SERVER-STARTED) - postpone it
I/APP     ( 1396): I 02/04/2013 13:02:15:754 00000589         AppCallbacks| ThreadQueue blocked for 4294967295 seconds...
I/APP     ( 1396): I 02/04/2013 13:02:15:777 00000574         AppActivated| Cannot commit now, application will be activated when started.
I/APP     ( 1396): I 02/04/2013 13:02:15:779 00000574    RhodesApplication| New AppState: Undefined
D/RhodesService( 1396): +++ onStartCommand
I/RhodesService( 1396): handleCommand: startId=1, source=com.rhomobile.rhodes.BaseActivity
D/RhodesService( 1396): New activity was created
I/APP     ( 1396): I 02/04/2013 13:02:15:791 0000058b            RhodesApp| Starting RhodesApp main routine...
I/APP     ( 1396): I 02/04/2013 13:02:15:838 00000574        RhodesService| onBind
I/APP     ( 1396): I 02/04/2013 13:02:15:871 00000574         AppCallbacks| addCommand: UI-CREATED
I/Process (   87): Sending signal. PID: 1396 SIG: 3
I/dalvikvm( 1396): threadid=3: reacting to signal 3
I/dalvikvm( 1396): Wrote stack traces to '/data/anr/traces.txt'
I/APP     ( 1396): I 02/04/2013 13:02:15:932 00000589         AppCallbacks| Received command UI-CREATED which is greater than expected (LOCAL-SERVER-STARTED) - postpone it
I/APP     ( 1396): I 02/04/2013 13:02:15:934 00000589         AppCallbacks| ThreadQueue blocked for 4294967295 seconds...
V/PhoneStatusBar(  151): setLightsOn(true)
I/APP     ( 1396): I 02/04/2013 13:02:16:095 00000574       RhodesActivity| onServiceConnected: {com.rhomobile.macotec/com.rhomobile.rhodes.RhodesService}
I/APP     ( 1396): I 02/04/2013 13:02:16:097 00000574       RhodesActivity| New start parameters: 
I/APP     ( 1396): I 02/04/2013 13:02:16:123 00000574            RhodesApp| New start params: 
D/gralloc_goldfish( 1396): Emulator without GPU emulation detected.
I/ActivityManager(   87): Displayed com.rhomobile.macotec/com.rhomobile.rhodes.RhodesActivity: +3s306ms
W/NetworkManagementSocketTagger(   87): setKernelCountSet(10009, 0) failed with errno -2
I/APP     ( 1396): I 02/04/2013 13:02:16:837 0000058b              RhoRuby| Init_RhoBlobs: /data/data/com.rhomobile.macotec/rhodata/db/db-files
I/APP     ( 1396): I 02/04/2013 13:02:16:868 0000058b              RhoRuby| require_compiled: rhoframework
I/APP     ( 1396): I 02/04/2013 13:02:16:915 0000058b              RhoRuby| require_compiled: rational
I/APP     ( 1396): I 02/04/2013 13:02:16:932 0000058b              RhoRuby| require_compiled: rhom/rhom_db_adapter
I/APP     ( 1396): I 02/04/2013 13:02:16:982 0000058b              RhoRuby| require_compiled: rhodes
I/APP     ( 1396): I 02/04/2013 13:02:17:003 0000058b              RhoRuby| require_compiled: rhom/rhom_object
I/APP     ( 1396): I 02/04/2013 13:02:17:025 0000058b              RhoRuby| require_compiled: rhofsconnector
I/APP     ( 1396): I 02/04/2013 13:02:17:029 0000058b              RhoRuby| require_compiled: rho/rhofsconnector
I/APP     ( 1396): I 02/04/2013 13:02:17:067 0000058b              RhoRuby| require_compiled: rhom/rhom_object_factory
I/APP     ( 1396): I 02/04/2013 13:02:17:348 0000058b              RhoRuby| require_compiled: rhom/rhom
I/APP     ( 1396): I 02/04/2013 13:02:17:423 0000058b              RhoRuby| require_compiled: rhom/rhom_model
I/APP     ( 1396): I 02/04/2013 13:02:17:477 0000058b              RhoRuby| require_compiled: rhom
I/APP     ( 1396): I 02/04/2013 13:02:17:482 0000058b              RhoRuby| require_compiled: rho/rhoapplication
I/APP     ( 1396): I 02/04/2013 13:02:17:579 0000058b              RhoRuby| require_compiled: rholang/localization_simplified
I/APP     ( 1396): I 02/04/2013 13:02:17:650 0000058b              RhoRuby| require_compiled: rho/rhomsg
I/APP     ( 1396): I 02/04/2013 13:02:17:656 0000058b              RhoRuby| require_compiled: rho/rhotabbar
I/APP     ( 1396): I 02/04/2013 13:02:17:685 0000058b              RhoRuby| require_compiled: rho/rhotoolbar
I/APP     ( 1396): I 02/04/2013 13:02:17:708 0000058b                  APP| Current locale: ; Country code: 
I/APP     ( 1396): I 02/04/2013 13:02:17:712 0000058b                  APP| Locilized file: /data/data/com.rhomobile.macotec/rhodata/lib/rholang/lang_
I/APP     ( 1396): I 02/04/2013 13:02:17:738 0000058b              RhoRuby| require_compiled: /data/data/com.rhomobile.macotec/rhodata/lib/rholang/lang_en
I/APP     ( 1396): I 02/04/2013 13:02:17:769 0000058b                  APP| Locilized file: /data/data/com.rhomobile.macotec/rhodata/apps/app/lang/lang_
I/APP     ( 1396): I 02/04/2013 13:02:17:771 0000058b                  APP| Locilized file: /data/data/com.rhomobile.macotec/rhodata/lib/rholang/rhoerror_
I/APP     ( 1396): I 02/04/2013 13:02:17:799 0000058b              RhoRuby| require_compiled: /data/data/com.rhomobile.macotec/rhodata/lib/rholang/rhoerror_en
I/APP     ( 1396): I 02/04/2013 13:02:17:826 0000058b                  APP| Locilized file: /data/data/com.rhomobile.macotec/rhodata/lib/rholang/rhomsg_
I/APP     ( 1396): I 02/04/2013 13:02:17:829 0000058b              RhoRuby| require_compiled: /data/data/com.rhomobile.macotec/rhodata/lib/rholang/rhomsg_en
I/APP     ( 1396): I 02/04/2013 13:02:17:863 0000058b              RhoRuby| require_compiled: indifferent_access
I/APP     ( 1396): I 02/04/2013 13:02:17:898 0000058b              RhoRuby| require_compiled: rho/rhosupport
I/APP     ( 1396): I 02/04/2013 13:02:17:956 0000058b              RhoRuby| require_compiled: rho/rhocontroller
I/APP     ( 1396): I 02/04/2013 13:02:17:990 0000058b              RhoRuby| require_compiled: rho/render
I/APP     ( 1396): I 02/04/2013 13:02:18:069 0000058b              RhoRuby| require_compiled: rho/rho
I/APP     ( 1396): I 02/04/2013 13:02:18:217 0000058b              RhoRuby| require_compiled: rho/rhoerror
I/APP     ( 1396): I 02/04/2013 13:02:18:234 0000058b              RhoRuby| require_compiled: rhom/rhom_source
I/APP     ( 1396): I 02/04/2013 13:02:18:269 0000058b              RhoRuby| require_compiled: rho/rhoviewhelpers
I/APP     ( 1396): I 02/04/2013 13:02:18:301 0000058b              RhoRuby| require_compiled: rho
I/APP     ( 1396): I 02/04/2013 13:02:18:305 0000058b                  APP| RHO loaded
I/APP     ( 1396): I 02/04/2013 13:02:18:328 0000058b                  APP| Calling RHO.initialize
I/APP     ( 1396): I 02/04/2013 13:02:18:333 0000058b                  APP| model file: Product/product
I/APP     ( 1396): I 02/04/2013 13:02:18:359 0000058b                  APP| model file: Request/request
I/APP     ( 1396): I 02/04/2013 13:02:18:364 0000058b                   DB| Open DB: /data/data/com.rhomobile.macotec/rhodata/db/syncdbuser.sqlite
I/APP     ( 1396): I 02/04/2013 13:02:18:397 0000058b          GeoLocation| Creating singleton instance.
I/APP     ( 1396): I 02/04/2013 13:02:18:399 0000058b            RhodesApp| Starting sync engine...
I/APP     ( 1396): I 02/04/2013 13:02:18:426 0000058b                 Sync| sync_poll_interval: 0
I/APP     ( 1396): I 02/04/2013 13:02:18:427 0000058b                 Sync| syncserver: 
I/APP     ( 1396): I 02/04/2013 13:02:18:445 0000058b                 Sync| bulksync_state: 0
I/APP     ( 1396): I 02/04/2013 13:02:18:447 0000058b            RhodesApp| RhoRubyInitApp...
I/APP     ( 1396): I 02/04/2013 13:02:18:460 0000058b                  APP| init_app
I/APP     ( 1396): I 02/04/2013 13:02:18:462 0000058b              RhoRuby| require_compiled: application
I/APP     ( 1396): I 02/04/2013 13:02:18:492 0000058b                 Sync| Set notification. Source ID: -1;Url :http://localhost:8080/app/Settings/sync_notify; Params: 
I/APP     ( 1396): I 02/04/2013 13:02:18:495 0000058b           HttpServer| Start HTTP server
I/APP     ( 1396): I 02/04/2013 13:02:18:516 0000058b           HttpServer| Listen for connections on port 8080
I/APP     ( 1396): I 02/04/2013 13:02:18:519 0000058b         AppCallbacks| addCommand: LOCAL-SERVER-STARTED
I/APP     ( 1396): I 02/04/2013 13:02:18:536 00000589         AppCallbacks| process command: LOCAL-SERVER-STARTED
I/APP     ( 1396): I 02/04/2013 13:02:18:537 00000589 RhodesAppActiveObserver| Ready
I/APP     ( 1396): I 02/04/2013 13:02:18:548 00000574 AndroidFunctionality| Disable WebView zoom
I/APP     ( 1396): I 02/04/2013 13:02:18:549 00000574 AndroidFunctionality| Set web plugins state 'OFF'
I/APP     ( 1396): I 02/04/2013 13:02:18:570 00000589    RhodesApplication| New AppState: AppActivated
I/APP     ( 1396): I 02/04/2013 13:02:18:573 00000589         AppCallbacks| process command: UI-CREATED
I/APP     ( 1396): I 02/04/2013 13:02:18:664 0000058b           HttpServer| Process URI: '/system/uicreated'
I/APP     ( 1396): I 02/04/2013 13:02:18:668 0000058b                  APP| on_ui_created.navigate to start url: '/app'
I/APP     ( 1396): I 02/04/2013 13:02:18:694 00000574         SplashScreen| navigate: url=http://localhost:8080/app
I/APP     ( 1396): I 02/04/2013 13:02:18:696 00000574         SplashScreen| DELAY for SplashScreen = 0
I/APP     ( 1396): I 02/04/2013 13:02:18:748 00000574        GoogleWebView| Creating new RhoWebChromeClient
I/APP     ( 1396): I 02/04/2013 13:02:18:764 00000574       SimpleMainView| Cleared URL: http://localhost:8080/app
I/APP     ( 1396): I 02/04/2013 13:02:18:796 00000589         AppCallbacks| process command: APP-ACTIVATED
V/SimpleMainView.View( 1396): ms[1359979338800]  Main Window :: onSizeChanged() old [ 480 x 652 ]  new [ 0 x 0 ]
I/APP     ( 1396): I 02/04/2013 13:02:18:843 0000058b           HttpServer| Process URI: '/system/activateapp'
I/APP     ( 1396): I 02/04/2013 13:02:18:850 00000589         AppCallbacks| ThreadQueue blocked for 4294967295 seconds...
I/APP     ( 1396): I 02/04/2013 13:02:18:890 00000574        GoogleWebView| Setting RhoWebChromeClient
I/APP     ( 1396): I 02/04/2013 13:02:18:999 0000058b           HttpServer| Process URI: '/app'
I/APP     ( 1396): I 02/04/2013 13:02:19:036 00000574     RhoWebViewClient| Loading URL: http://localhost:8080/app/index_erb.iseq
I/APP     ( 1396): I 02/04/2013 13:02:19:070 0000058b           HttpServer| Process URI: '/app/index_erb.iseq'
I/APP     ( 1396): I 02/04/2013 13:02:19:078 0000058b                  APP| RHO serve_index: /app/index_erb.iseq
I/APP     ( 1396): I 02/04/2013 13:02:19:108 0000058b RHO Rho::RhoController| inst_render_index
I/APP     ( 1396): I 02/04/2013 13:02:19:156 0000058b RHO Rho::RhoController| index layout
I/APP     ( 1396): I 02/04/2013 13:02:19:228 0000058b           HttpServer| GC Start.
I/APP     ( 1396): I 02/04/2013 13:02:19:472 0000058b           HttpServer| GC End.
I/APP     ( 1396): I 02/04/2013 13:02:20:707 0000058b           HttpServer| Process URI: '/public/jquery/jquery-1.6.4.min.js'
I/APP     ( 1396): I 02/04/2013 13:02:21:205 0000058b           HttpServer| Process URI: '/public/jquery/jquery.json-2.3.min.js'
I/APP     ( 1396): I 02/04/2013 13:02:21:339 0000058b           HttpServer| Process URI: '/public/jqmobile/jquery.mobile-1.0.1.min.css'
I/APP     ( 1396): I 02/04/2013 13:02:21:606 0000058b           HttpServer| Process URI: '/public/css/jqmobile-patch.css'
I/APP     ( 1396): I 02/04/2013 13:02:21:719 0000058b           HttpServer| Process URI: '/public/jqmobile/jquery.mobile-1.0.1.min.js'
I/APP     ( 1396): I 02/04/2013 13:02:22:069 0000058b           HttpServer| Process URI: '/public/js/jqmobile-patch.js'
I/APP     ( 1396): I 02/04/2013 13:02:22:230 0000058b           HttpServer| Process URI: '/public/css/macotec_style.css'
I/APP     ( 1396): I 02/04/2013 13:02:26:666 0000058b           HttpServer| Process URI: '/public/images/macotec/logo.png'
I/APP     ( 1396): I 02/04/2013 13:02:27:281 0000058b           HttpServer| Process URI: '/public/images/macotec/request.png'
I/APP     ( 1396): I 02/04/2013 13:02:27:356 0000058b           HttpServer| Process URI: '/public/images/macotec/contact.png'
I/APP     ( 1396): I 02/04/2013 13:02:27:365 0000058b           HttpServer| Process URI: '/public/images/macotec/products.png'
I/APP     ( 1396): I 02/04/2013 13:02:27:401 0000058b           HttpServer| Process URI: '/public/images/macotec/info.png'
I/APP     ( 1396): I 02/04/2013 13:05:02:267 0000058b           HttpServer| Process URI: '/app/index_erb.iseq'
I/APP     ( 1396): I 02/04/2013 13:05:02:272 0000058b                  APP| RHO serve_index: /app/index_erb.iseq
I/APP     ( 1396): I 02/04/2013 13:05:02:277 0000058b RHO Rho::RhoController| inst_render_index
I/APP     ( 1396): I 02/04/2013 13:05:02:321 0000058b RHO Rho::RhoController| index layout
I/APP     ( 1396): I 02/04/2013 13:05:02:364 0000058b           HttpServer| GC Start.
I/APP     ( 1396): I 02/04/2013 13:05:02:397 0000058b           HttpServer| GC End.
I/APP     ( 1396): I 02/04/2013 13:05:02:740 0000058b           HttpServer| Process URI: '/favicon.ico'
I/APP     ( 1396): E 02/04/2013 13:05:02:743 0000058b           HttpServer| The file /favicon.ico was not found
I/APP     ( 1396): I 02/04/2013 13:05:03:433 0000058b           HttpServer| Process URI: '/app/Request/request'
I/APP     ( 1396): I 02/04/2013 13:05:03:436 0000058b                  APP| RHO serve: /app/Request/request
I/APP     ( 1396): I 02/04/2013 13:05:03:454 0000058b              RhoRuby| require_compiled: Request/request_controller
I/APP     ( 1396): I 02/04/2013 13:05:03:475 0000058b              RhoRuby| require_compiled: helpers/browser_helper
I/APP     ( 1396): I 02/04/2013 13:05:03:496 0000058b                  APP| const_missing: Product
I/APP     ( 1396): I 02/04/2013 13:05:03:499 0000058b                  APP| load_model: Product
I/APP     ( 1396): I 02/04/2013 13:05:03:528 0000058b              RhoRuby| require_compiled: Product/product
I/APP     ( 1396): I 02/04/2013 13:05:03:557 0000058b                  APP| model name: Product
I/APP     ( 1396): I 02/04/2013 13:05:03:559 0000058b                  APP| model class found
I/APP     ( 1396): I 02/04/2013 13:05:03:581 0000058b                  APP| Product : {"property"=>{}}
I/APP     ( 1396): I 02/04/2013 13:05:03:586 0000058b                   DB| Open DB: /data/data/com.rhomobile.macotec/rhodata/db/syncdblocal.sqlite
I/APP     ( 1396): I 02/04/2013 13:05:03:619 0000058b                  APP| init_db_sources
I/APP     ( 1396): I 02/04/2013 13:05:03:653 0000058b                  APP| start_id: 40004
I/APP     ( 1396): I 02/04/2013 13:05:03:656 0000058b                  APP| Migrate schema sources: {}
I/APP     ( 1396): I 02/04/2013 13:05:03:727 0000058b           HttpServer| GC Start.
I/APP     ( 1396): I 02/04/2013 13:05:03:753 0000058b           HttpServer| GC End.
I/APP     ( 1396): I 02/04/2013 13:05:03:817 0000058b           HttpServer| Process URI: '/favicon.ico'
I/APP     ( 1396): E 02/04/2013 13:05:03:821 0000058b           HttpServer| The file /favicon.ico was not found
I/APP     ( 1396): I 02/04/2013 13:05:11:054 0000058b           HttpServer| Process URI: '/app/Request/submit'
I/APP     ( 1396): I 02/04/2013 13:05:11:057 0000058b                  APP| RHO serve: /app/Request/submit
I/APP     ( 1396): I 02/04/2013 13:05:11:081 0000058b                  APP| Params: {"product"=>"nothing", "rental_begin"=>"", "operation_period"=>"", "amount_product"=>"", "location"=>"", "information"=>"", "company"=>"", "phone"=>"", "email"=>"oliver.schobel@gmail.com"}
I/APP     ( 1396): I 02/04/2013 13:05:11:098 0000058b            AsyncHttp| addCommand: POST
I/APP     ( 1396): I 02/04/2013 13:05:11:119 00000593            AsyncHttp| Starting main routine...
I/APP     ( 1396): I 02/04/2013 13:05:11:122 00000593                  Net| POST request (Pull): http://www.datenloft.com/macotec/send_request_test.php
I/APP     ( 1396): I 02/04/2013 13:05:11:171 0000058b           HttpServer| GC Start.
I/APP     ( 1396): I 02/04/2013 13:05:11:203 0000058b           HttpServer| GC End.
I/APP     ( 1396): I 02/04/2013 13:05:11:241 0000058b           HttpServer| Process URI: '/favicon.ico'
I/APP     ( 1396): E 02/04/2013 13:05:11:244 0000058b           HttpServer| The file /favicon.ico was not found
I/APP     ( 1396): I 02/04/2013 13:05:11:443 0000058b           HttpServer| Process URI: '/app/Request/after_submit'
I/APP     ( 1396): I 02/04/2013 13:05:11:446 0000058b                  APP| RHO serve: /app/Request/after_submit
I/APP     ( 1396): I 02/04/2013 13:05:11:487 0000058b                  APP| Params: {"rho_callback"=>"1", "status"=>"ok", "http_error"=>"200", "headers"=>{"Content-Type"=>"application/x-www-form-urlencoded", "User-Agent"=>"Mozilla-5.0 (ANDROID; unknown generic; 4.0.4)", "charset"=>"UTF-8", "connection"=>"Keep-Alive", "content-type"=>"text/html; charset=utf-8", "date"=>"Mon, 04 Feb 2013 12:05:11 GMT", "keep-alive"=>"timeout=3, max=100", "server"=>"Apache/2.2.21 (Unix) mod_ssl/2.2.21 OpenSSL/0.9.8r", "transfer-encoding"=>"chunked", "x-powered-by"=>"PHP/5.2.17"}, "__rho_object"=>{"body"=>"0"}, "post"=>"complete"}
I/APP     ( 1396): I 02/04/2013 13:05:11:498 00000593            AsyncHttp| ThreadQueue blocked for 4294967295 seconds...
I/APP     ( 1396): I 02/04/2013 13:05:11:533 0000058b           HttpServer| GC Start.
I/APP     ( 1396): I 02/04/2013 13:05:11:562 0000058b           HttpServer| GC End.
