I/APP     (  528): I 02/18/2013 10:34:52:268 00000227           HttpServer| GC Start.
I/APP     (  528): I 02/18/2013 10:34:52:291 00000227           HttpServer| GC End.
I/APP     (  528): I 02/18/2013 10:34:52:328 00000227           HttpServer| Process URI: '/favicon.ico'
I/APP     (  528): E 02/18/2013 10:34:52:332 00000227           HttpServer| The file /favicon.ico was not found
I/APP     (  528): I 02/18/2013 10:34:53:290 00000227           HttpServer| Process URI: '/app/Product/sub_categories'
I/APP     (  528): I 02/18/2013 10:34:53:292 00000227                  APP| RHO serve: /app/Product/sub_categories
I/APP     (  528): I 02/18/2013 10:34:53:296 00000227                  APP| Params: {"product"=>"sonstige_baumaschinen"}
I/APP     (  528): I 02/18/2013 10:34:53:332 00000227           HttpServer| GC Start.
I/APP     (  528): I 02/18/2013 10:34:53:360 00000227           HttpServer| GC End.
I/APP     (  528): I 02/18/2013 10:34:53:393 00000227           HttpServer| Process URI: '/favicon.ico'
I/APP     (  528): E 02/18/2013 10:34:53:396 00000227           HttpServer| The file /favicon.ico was not found
I/APP     (  528): I 02/18/2013 10:34:54:216 00000227           HttpServer| Process URI: '/app/Product/product_details'
I/APP     (  528): I 02/18/2013 10:34:54:218 00000227                  APP| RHO serve: /app/Product/product_details
I/APP     (  528): I 02/18/2013 10:34:54:222 00000227                  APP| Params: {"product"=>"radlader"}
I/APP     (  528): I 02/18/2013 10:34:54:258 00000227           HttpServer| GC Start.
I/APP     (  528): I 02/18/2013 10:34:54:287 00000227           HttpServer| GC End.
I/APP     (  528): I 02/18/2013 10:34:54:322 00000227           HttpServer| Process URI: '/favicon.ico'
I/APP     (  528): E 02/18/2013 10:34:54:324 00000227           HttpServer| The file /favicon.ico was not found
I/APP     (  528): I 02/18/2013 10:34:55:653 00000227           HttpServer| Process URI: '/app/Product/sub_categories'
I/APP     (  528): I 02/18/2013 10:34:55:656 00000227                  APP| RHO serve: /app/Product/sub_categories
I/APP     (  528): I 02/18/2013 10:34:55:686 00000227           HttpServer| GC Start.
I/APP     (  528): I 02/18/2013 10:34:55:716 00000227           HttpServer| GC End.
I/APP     (  528): I 02/18/2013 10:34:55:750 00000227           HttpServer| Process URI: '/favicon.ico'
I/APP     (  528): E 02/18/2013 10:34:55:752 00000227           HttpServer| The file /favicon.ico was not found
I/APP     (  528): I 02/18/2013 10:34:57:336 00000227           HttpServer| Process URI: '/app/Product'
I/APP     (  528): I 02/18/2013 10:34:57:337 00000227                  APP| RHO serve: /app/Product
I/APP     (  528): I 02/18/2013 10:34:57:384 00000227           HttpServer| GC Start.
I/APP     (  528): I 02/18/2013 10:34:57:405 00000227           HttpServer| GC End.
I/APP     (  528): I 02/18/2013 10:34:57:441 00000227           HttpServer| Process URI: '/favicon.ico'
I/APP     (  528): E 02/18/2013 10:34:57:444 00000227           HttpServer| The file /favicon.ico was not found
I/APP     (  528): I 02/18/2013 10:34:58:762 00000227           HttpServer| Process URI: '/app/Product/sub_categories'
I/APP     (  528): I 02/18/2013 10:34:58:768 00000227                  APP| RHO serve: /app/Product/sub_categories
I/APP     (  528): I 02/18/2013 10:34:58:778 00000227                  APP| Params: {"product"=>"container"}
I/APP     (  528): I 02/18/2013 10:34:58:811 00000227           HttpServer| GC Start.
I/APP     (  528): I 02/18/2013 10:34:58:838 00000227           HttpServer| GC End.
I/APP     (  528): I 02/18/2013 10:34:58:872 00000227           HttpServer| Process URI: '/favicon.ico'
I/APP     (  528): E 02/18/2013 10:34:58:874 00000227           HttpServer| The file /favicon.ico was not found
I/APP     (  528): I 02/18/2013 10:35:00:276 00000227           HttpServer| Process URI: '/app/Product/product_details'
I/APP     (  528): I 02/18/2013 10:35:00:287 00000227                  APP| RHO serve: /app/Product/product_details
I/APP     (  528): I 02/18/2013 10:35:00:291 00000227                  APP| Params: {"product"=>"wohncontainer"}
I/APP     (  528): I 02/18/2013 10:35:00:325 00000227           HttpServer| GC Start.
I/APP     (  528): I 02/18/2013 10:35:00:347 00000227           HttpServer| GC End.
I/APP     (  528): I 02/18/2013 10:35:00:396 00000227           HttpServer| Process URI: '/favicon.ico'
I/APP     (  528): E 02/18/2013 10:35:00:398 00000227           HttpServer| The file /favicon.ico was not found
I/APP     (  528): I 02/18/2013 10:35:01:223 00000227           HttpServer| Process URI: '/app/Product/sub_categories'
I/APP     (  528): I 02/18/2013 10:35:01:224 00000227                  APP| RHO serve: /app/Product/sub_categories
I/APP     (  528): I 02/18/2013 10:35:01:252 00000227           HttpServer| GC Start.
I/APP     (  528): I 02/18/2013 10:35:01:280 00000227           HttpServer| GC End.
I/APP     (  528): I 02/18/2013 10:35:01:312 00000227           HttpServer| Process URI: '/favicon.ico'
I/APP     (  528): E 02/18/2013 10:35:01:315 00000227           HttpServer| The file /favicon.ico was not found
I/APP     (  528): I 02/18/2013 10:35:02:267 00000227           HttpServer| Process URI: '/app/Product'
I/APP     (  528): I 02/18/2013 10:35:02:268 00000227                  APP| RHO serve: /app/Product
I/APP     (  528): I 02/18/2013 10:35:02:301 00000227           HttpServer| GC Start.
I/APP     (  528): I 02/18/2013 10:35:02:326 00000227           HttpServer| GC End.
I/APP     (  528): I 02/18/2013 10:35:02:359 00000227           HttpServer| Process URI: '/favicon.ico'
I/APP     (  528): E 02/18/2013 10:35:02:363 00000227           HttpServer| The file /favicon.ico was not found
I/APP     (  528): I 02/18/2013 10:35:03:318 00000227           HttpServer| Process URI: '/app/Product/sub_categories'
I/APP     (  528): I 02/18/2013 10:35:03:321 00000227                  APP| RHO serve: /app/Product/sub_categories
I/APP     (  528): I 02/18/2013 10:35:03:340 00000227                  APP| Params: {"product"=>"lagertechnik"}
I/APP     (  528): I 02/18/2013 10:35:03:438 00000227           HttpServer| GC Start.
I/APP     (  528): I 02/18/2013 10:35:03:486 00000227           HttpServer| GC End.
I/APP     (  528): I 02/18/2013 10:35:03:488 00000227           HttpServer| Process URI: '/favicon.ico'
I/APP     (  528): E 02/18/2013 10:35:03:493 00000227           HttpServer| The file /favicon.ico was not found
I/APP     (  528): I 02/18/2013 10:35:04:595 00000227           HttpServer| Process URI: '/app/Product/product_details'
I/APP     (  528): I 02/18/2013 10:35:04:607 00000227                  APP| RHO serve: /app/Product/product_details
I/APP     (  528): I 02/18/2013 10:35:04:610 00000227                  APP| Params: {"product"=>"handgefuehrt"}
I/APP     (  528): I 02/18/2013 10:35:04:643 00000227           HttpServer| GC Start.
I/APP     (  528): I 02/18/2013 10:35:04:672 00000227           HttpServer| GC End.
I/APP     (  528): I 02/18/2013 10:35:04:708 00000227           HttpServer| Process URI: '/favicon.ico'
I/APP     (  528): E 02/18/2013 10:35:04:712 00000227           HttpServer| The file /favicon.ico was not found
I/APP     (  528): I 02/18/2013 10:35:05:590 00000227           HttpServer| Process URI: '/app/Product/sub_categories'
I/APP     (  528): I 02/18/2013 10:35:05:592 00000227                  APP| RHO serve: /app/Product/sub_categories
I/APP     (  528): I 02/18/2013 10:35:05:626 00000227           HttpServer| GC Start.
I/APP     (  528): I 02/18/2013 10:35:05:645 00000227           HttpServer| GC End.
I/APP     (  528): I 02/18/2013 10:35:05:679 00000227           HttpServer| Process URI: '/favicon.ico'
I/APP     (  528): E 02/18/2013 10:35:05:681 00000227           HttpServer| The file /favicon.ico was not found
I/APP     (  528): I 02/18/2013 10:35:13:589 00000227           HttpServer| Process URI: '/app/Product'
I/APP     (  528): I 02/18/2013 10:35:13:591 00000227                  APP| RHO serve: /app/Product
I/APP     (  528): I 02/18/2013 10:35:13:621 00000227           HttpServer| GC Start.
I/APP     (  528): I 02/18/2013 10:35:13:646 00000227           HttpServer| GC End.
I/APP     (  528): I 02/18/2013 10:35:13:697 00000227           HttpServer| Process URI: '/favicon.ico'
I/APP     (  528): E 02/18/2013 10:35:13:698 00000227           HttpServer| The file /favicon.ico was not found
I/APP     (  528): I 02/18/2013 10:35:14:544 00000227           HttpServer| Process URI: '/app/index_erb.iseq'
I/APP     (  528): I 02/18/2013 10:35:14:546 00000227                  APP| RHO serve_index: /app/index_erb.iseq
I/APP     (  528): I 02/18/2013 10:35:14:577 00000227 RHO Rho::RhoController| inst_render_index
I/APP     (  528): I 02/18/2013 10:35:14:614 00000227           HttpServer| GC Start.
I/APP     (  528): I 02/18/2013 10:35:14:637 00000227           HttpServer| GC End.
I/APP     (  528): I 02/18/2013 10:35:14:685 00000227           HttpServer| Process URI: '/favicon.ico'
I/APP     (  528): E 02/18/2013 10:35:14:690 00000227           HttpServer| The file /favicon.ico was not found
I/APP     (  528): I 02/18/2013 10:35:15:718 00000227           HttpServer| Process URI: '/app/Product'
I/APP     (  528): I 02/18/2013 10:35:15:720 00000227                  APP| RHO serve: /app/Product
I/APP     (  528): I 02/18/2013 10:35:15:751 00000227           HttpServer| GC Start.
I/APP     (  528): I 02/18/2013 10:35:15:774 00000227           HttpServer| GC End.
I/APP     (  528): I 02/18/2013 10:35:15:808 00000227           HttpServer| Process URI: '/favicon.ico'
I/APP     (  528): E 02/18/2013 10:35:15:813 00000227           HttpServer| The file /favicon.ico was not found
I/APP     (  528): I 02/18/2013 10:35:16:560 00000227           HttpServer| Process URI: '/app/Product/sub_categories'
I/APP     (  528): I 02/18/2013 10:35:16:562 00000227                  APP| RHO serve: /app/Product/sub_categories
I/APP     (  528): I 02/18/2013 10:35:16:565 00000227                  APP| Params: {"product"=>"teleskopstapler"}
I/APP     (  528): I 02/18/2013 10:35:16:599 00000227           HttpServer| GC Start.
I/APP     (  528): I 02/18/2013 10:35:16:628 00000227           HttpServer| GC End.
I/APP     (  528): I 02/18/2013 10:35:16:667 00000227           HttpServer| Process URI: '/favicon.ico'
I/APP     (  528): E 02/18/2013 10:35:16:669 00000227           HttpServer| The file /favicon.ico was not found
I/APP     (  528): I 02/18/2013 10:35:17:937 00000227           HttpServer| Process URI: '/app/Product'
I/APP     (  528): I 02/18/2013 10:35:17:940 00000227                  APP| RHO serve: /app/Product
I/APP     (  528): I 02/18/2013 10:35:17:974 00000227           HttpServer| GC Start.
I/APP     (  528): I 02/18/2013 10:35:18:001 00000227           HttpServer| GC End.
I/APP     (  528): I 02/18/2013 10:35:18:023 00000227           HttpServer| Process URI: '/favicon.ico'
I/APP     (  528): E 02/18/2013 10:35:18:027 00000227           HttpServer| The file /favicon.ico was not found
I/APP     (  528): I 02/18/2013 10:35:19:019 00000227           HttpServer| Process URI: '/app/Product/sub_categories'
I/APP     (  528): I 02/18/2013 10:35:19:021 00000227                  APP| RHO serve: /app/Product/sub_categories
I/APP     (  528): I 02/18/2013 10:35:19:025 00000227                  APP| Params: {"product"=>"arbeitsbuehnen"}
I/APP     (  528): I 02/18/2013 10:35:19:058 00000227           HttpServer| GC Start.
I/APP     (  528): I 02/18/2013 10:35:19:082 00000227           HttpServer| GC End.
I/APP     (  528): I 02/18/2013 10:35:19:122 00000227           HttpServer| Process URI: '/favicon.ico'
I/APP     (  528): E 02/18/2013 10:35:19:130 00000227           HttpServer| The file /favicon.ico was not found
I/APP     (  528): I 02/18/2013 10:35:20:099 00000227           HttpServer| Process URI: '/app/Product'
I/APP     (  528): I 02/18/2013 10:35:20:101 00000227                  APP| RHO serve: /app/Product
I/APP     (  528): I 02/18/2013 10:35:20:129 00000227           HttpServer| GC Start.
I/APP     (  528): I 02/18/2013 10:35:20:157 00000227           HttpServer| GC End.
I/APP     (  528): I 02/18/2013 10:35:20:191 00000227           HttpServer| Process URI: '/favicon.ico'
I/APP     (  528): E 02/18/2013 10:35:20:194 00000227           HttpServer| The file /favicon.ico was not found
I/APP     (  528): I 02/18/2013 10:35:21:310 00000227           HttpServer| Process URI: '/app/Product/sub_categories'
I/APP     (  528): I 02/18/2013 10:35:21:312 00000227                  APP| RHO serve: /app/Product/sub_categories
I/APP     (  528): I 02/18/2013 10:35:21:317 00000227                  APP| Params: {"product"=>"gelaendestapler"}
I/APP     (  528): I 02/18/2013 10:35:21:350 00000227           HttpServer| GC Start.
I/APP     (  528): I 02/18/2013 10:35:21:378 00000227           HttpServer| GC End.
I/APP     (  528): I 02/18/2013 10:35:21:403 00000227           HttpServer| Process URI: '/favicon.ico'
I/APP     (  528): E 02/18/2013 10:35:21:407 00000227           HttpServer| The file /favicon.ico was not found
I/APP     (  528): I 02/18/2013 10:35:22:128 00000227           HttpServer| Process URI: '/app/Product'
I/APP     (  528): I 02/18/2013 10:35:22:129 00000227                  APP| RHO serve: /app/Product
I/APP     (  528): I 02/18/2013 10:35:22:161 00000227           HttpServer| GC Start.
I/APP     (  528): I 02/18/2013 10:35:22:185 00000227           HttpServer| GC End.
I/APP     (  528): I 02/18/2013 10:35:22:221 00000227           HttpServer| Process URI: '/favicon.ico'
I/APP     (  528): E 02/18/2013 10:35:22:224 00000227           HttpServer| The file /favicon.ico was not found
I/APP     (  528): I 02/18/2013 10:35:23:123 00000227           HttpServer| Process URI: '/app/Product/sub_categories'
I/APP     (  528): I 02/18/2013 10:35:23:125 00000227                  APP| RHO serve: /app/Product/sub_categories
I/APP     (  528): I 02/18/2013 10:35:23:133 00000227                  APP| Params: {"product"=>"sonstige_baumaschinen"}
I/APP     (  528): I 02/18/2013 10:35:23:204 00000227           HttpServer| GC Start.
I/APP     (  528): I 02/18/2013 10:35:23:250 00000227           HttpServer| GC End.
I/APP     (  528): I 02/18/2013 10:35:23:263 00000227           HttpServer| Process URI: '/favicon.ico'
I/APP     (  528): E 02/18/2013 10:35:23:267 00000227           HttpServer| The file /favicon.ico was not found
D/dalvikvm(  528): GC_CONCURRENT freed 1134K, 10% free 12439K/13703K, paused 10ms+13ms
D/dalvikvm(  157): GC_CONCURRENT freed 381K, 6% free 9544K/10055K, paused 3ms+5ms
I/APP     (  528): I 02/18/2013 10:35:24:931 00000227           HttpServer| Process URI: '/app/Product'
I/APP     (  528): I 02/18/2013 10:35:24:933 00000227                  APP| RHO serve: /app/Product
I/APP     (  528): I 02/18/2013 10:35:24:963 00000227           HttpServer| GC Start.
I/APP     (  528): I 02/18/2013 10:35:24:995 00000227           HttpServer| GC End.
I/APP     (  528): I 02/18/2013 10:35:25:015 00000227           HttpServer| Process URI: '/favicon.ico'
I/APP     (  528): E 02/18/2013 10:35:25:018 00000227           HttpServer| The file /favicon.ico was not found
I/APP     (  528): I 02/18/2013 10:35:26:050 00000227           HttpServer| Process URI: '/app/Product/sub_categories'
I/APP     (  528): I 02/18/2013 10:35:26:053 00000227                  APP| RHO serve: /app/Product/sub_categories
I/APP     (  528): I 02/18/2013 10:35:26:058 00000227                  APP| Params: {"product"=>"sonstige_baumaschinen"}
I/APP     (  528): I 02/18/2013 10:35:26:089 00000227           HttpServer| GC Start.
I/APP     (  528): I 02/18/2013 10:35:26:118 00000227           HttpServer| GC End.
I/APP     (  528): I 02/18/2013 10:35:26:139 00000227           HttpServer| Process URI: '/favicon.ico'
I/APP     (  528): E 02/18/2013 10:35:26:141 00000227           HttpServer| The file /favicon.ico was not found
I/APP     (  528): I 02/18/2013 10:35:27:346 00000227           HttpServer| Process URI: '/app/Product/product_details'
I/APP     (  528): I 02/18/2013 10:35:27:348 00000227                  APP| RHO serve: /app/Product/product_details
I/APP     (  528): I 02/18/2013 10:35:27:351 00000227                  APP| Params: {"product"=>"kompaktlader"}
I/APP     (  528): I 02/18/2013 10:35:27:384 00000227           HttpServer| GC Start.
I/APP     (  528): I 02/18/2013 10:35:27:408 00000227           HttpServer| GC End.
I/APP     (  528): I 02/18/2013 10:35:27:443 00000227           HttpServer| Process URI: '/favicon.ico'
I/APP     (  528): E 02/18/2013 10:35:27:445 00000227           HttpServer| The file /favicon.ico was not found
I/APP     (  528): I 02/18/2013 10:35:32:445 00000227           HttpServer| Process URI: '/app/Product/sub_categories'
I/APP     (  528): I 02/18/2013 10:35:32:448 00000227                  APP| RHO serve: /app/Product/sub_categories
I/APP     (  528): I 02/18/2013 10:35:32:474 00000227           HttpServer| GC Start.
I/APP     (  528): I 02/18/2013 10:35:32:504 00000227           HttpServer| GC End.
I/APP     (  528): I 02/18/2013 10:35:32:531 00000227           HttpServer| Process URI: '/favicon.ico'
I/APP     (  528): E 02/18/2013 10:35:32:533 00000227           HttpServer| The file /favicon.ico was not found
I/APP     (  528): I 02/18/2013 10:38:34:536 00000227           HttpServer| Process URI: '/favicon.ico'
I/APP     (  528): E 02/18/2013 10:38:34:537 00000227           HttpServer| The file /favicon.ico was not found
I/APP     (  528): I 02/18/2013 10:38:34:619 00000227           HttpServer| Process URI: '/app/Product/product_details'
I/APP     (  528): I 02/18/2013 10:38:34:625 00000227                  APP| RHO serve: /app/Product/product_details
I/APP     (  528): I 02/18/2013 10:38:34:634 00000227                  APP| Params: {"product"=>"kompaktlader"}
I/APP     (  528): I 02/18/2013 10:38:34:697 00000227           HttpServer| GC Start.
I/APP     (  528): I 02/18/2013 10:38:34:719 00000227           HttpServer| GC End.
I/APP     (  528): I 02/18/2013 10:38:35:660 00000227           HttpServer| Process URI: '/favicon.ico'
I/APP     (  528): E 02/18/2013 10:38:35:663 00000227           HttpServer| The file /favicon.ico was not found
I/APP     (  528): I 02/18/2013 10:38:35:740 00000227           HttpServer| Process URI: '/app/Product/sub_categories'
I/APP     (  528): I 02/18/2013 10:38:35:747 00000227                  APP| RHO serve: /app/Product/sub_categories
I/APP     (  528): I 02/18/2013 10:38:35:774 00000227                  APP| Params: {"product"=>"sonstige_baumaschinen"}
I/APP     (  528): I 02/18/2013 10:38:35:806 00000227           HttpServer| GC Start.
I/APP     (  528): I 02/18/2013 10:38:35:827 00000227           HttpServer| GC End.
I/APP     (  528): I 02/18/2013 10:38:37:336 00000227           HttpServer| Process URI: '/app/Product'
I/APP     (  528): I 02/18/2013 10:38:37:343 00000227                  APP| RHO serve: /app/Product
I/APP     (  528): I 02/18/2013 10:38:37:375 00000227           HttpServer| GC Start.
I/APP     (  528): I 02/18/2013 10:38:37:400 00000227           HttpServer| GC End.
I/APP     (  528): I 02/18/2013 10:38:37:437 00000227           HttpServer| Process URI: '/favicon.ico'
I/APP     (  528): E 02/18/2013 10:38:37:440 00000227           HttpServer| The file /favicon.ico was not found
I/APP     (  528): I 02/18/2013 10:38:38:468 00000227           HttpServer| Process URI: '/app/Product/sub_categories'
I/APP     (  528): I 02/18/2013 10:38:38:471 00000227                  APP| RHO serve: /app/Product/sub_categories
I/APP     (  528): I 02/18/2013 10:38:38:475 00000227                  APP| Params: {"product"=>"arbeitsbuehnen"}
I/APP     (  528): I 02/18/2013 10:38:38:508 00000227           HttpServer| GC Start.
I/APP     (  528): I 02/18/2013 10:38:38:540 00000227           HttpServer| GC End.
I/APP     (  528): I 02/18/2013 10:38:38:563 00000227           HttpServer| Process URI: '/favicon.ico'
I/APP     (  528): E 02/18/2013 10:38:38:565 00000227           HttpServer| The file /favicon.ico was not found
I/APP     (  528): I 02/18/2013 10:38:39:370 00000227           HttpServer| Process URI: '/app/Product/product_details'
I/APP     (  528): I 02/18/2013 10:38:39:372 00000227                  APP| RHO serve: /app/Product/product_details
I/APP     (  528): I 02/18/2013 10:38:39:377 00000227                  APP| Params: {"product"=>"scherenbuehnen"}
I/APP     (  528): I 02/18/2013 10:38:39:415 00000227           HttpServer| GC Start.
I/APP     (  528): I 02/18/2013 10:38:39:437 00000227           HttpServer| GC End.
I/APP     (  528): I 02/18/2013 10:38:39:472 00000227           HttpServer| Process URI: '/favicon.ico'
I/APP     (  528): E 02/18/2013 10:38:39:475 00000227           HttpServer| The file /favicon.ico was not found
I/APP     (  528): I 02/18/2013 10:38:40:564 00000227           HttpServer| Process URI: '/app/Product/sub_categories'
I/APP     (  528): I 02/18/2013 10:38:40:566 00000227                  APP| RHO serve: /app/Product/sub_categories
I/APP     (  528): I 02/18/2013 10:38:40:598 00000227           HttpServer| GC Start.
I/APP     (  528): I 02/18/2013 10:38:40:626 00000227           HttpServer| GC End.
I/APP     (  528): I 02/18/2013 10:38:40:654 00000227           HttpServer| Process URI: '/favicon.ico'
I/APP     (  528): E 02/18/2013 10:38:40:656 00000227           HttpServer| The file /favicon.ico was not found
I/APP     (  528): I 02/18/2013 10:38:41:739 00000227           HttpServer| Process URI: '/app/Product'
I/APP     (  528): I 02/18/2013 10:38:41:740 00000227                  APP| RHO serve: /app/Product
I/APP     (  528): I 02/18/2013 10:38:41:796 00000227           HttpServer| GC Start.
I/APP     (  528): I 02/18/2013 10:38:41:823 00000227           HttpServer| GC End.
I/APP     (  528): I 02/18/2013 10:38:41:854 00000227           HttpServer| Process URI: '/favicon.ico'
I/APP     (  528): E 02/18/2013 10:38:41:857 00000227           HttpServer| The file /favicon.ico was not found
I/APP     (  528): I 02/18/2013 10:38:48:970 00000227           HttpServer| Process URI: '/app/Product/sub_categories'
I/APP     (  528): I 02/18/2013 10:38:48:973 00000227                  APP| RHO serve: /app/Product/sub_categories
I/APP     (  528): I 02/18/2013 10:38:48:975 00000227                  APP| Params: {"product"=>"arbeitsbuehnen"}
I/APP     (  528): I 02/18/2013 10:38:49:008 00000227           HttpServer| GC Start.
I/APP     (  528): I 02/18/2013 10:38:49:030 00000227           HttpServer| GC End.
I/APP     (  528): I 02/18/2013 10:38:49:066 00000227           HttpServer| Process URI: '/favicon.ico'
I/APP     (  528): E 02/18/2013 10:38:49:071 00000227           HttpServer| The file /favicon.ico was not found
I/APP     (  528): I 02/18/2013 10:38:54:856 00000227           HttpServer| Process URI: '/app/Product/product_details'
I/APP     (  528): I 02/18/2013 10:38:54:863 00000227                  APP| RHO serve: /app/Product/product_details
I/APP     (  528): I 02/18/2013 10:38:54:868 00000227                  APP| Params: {"product"=>"scherenbuehnen"}
I/APP     (  528): I 02/18/2013 10:38:54:934 00000227           HttpServer| GC Start.
I/APP     (  528): I 02/18/2013 10:38:54:955 00000227           HttpServer| GC End.
I/APP     (  528): I 02/18/2013 10:38:54:998 00000227           HttpServer| Process URI: '/favicon.ico'
I/APP     (  528): E 02/18/2013 10:38:55:002 00000227           HttpServer| The file /favicon.ico was not found
I/APP     (  528): I 02/18/2013 10:38:56:578 00000227           HttpServer| Process URI: '/app/Product/sub_categories'
I/APP     (  528): I 02/18/2013 10:38:56:580 00000227                  APP| RHO serve: /app/Product/sub_categories
I/APP     (  528): I 02/18/2013 10:38:56:610 00000227           HttpServer| GC Start.
I/APP     (  528): I 02/18/2013 10:38:56:633 00000227           HttpServer| GC End.
I/APP     (  528): I 02/18/2013 10:38:56:663 00000227           HttpServer| Process URI: '/favicon.ico'
I/APP     (  528): E 02/18/2013 10:38:56:665 00000227           HttpServer| The file /favicon.ico was not found
I/APP     (  528): I 02/18/2013 10:38:57:702 00000227           HttpServer| Process URI: '/app/Product'
I/APP     (  528): I 02/18/2013 10:38:57:707 00000227                  APP| RHO serve: /app/Product
I/APP     (  528): I 02/18/2013 10:38:57:736 00000227           HttpServer| GC Start.
I/APP     (  528): I 02/18/2013 10:38:57:766 00000227           HttpServer| GC End.
I/APP     (  528): I 02/18/2013 10:38:57:799 00000227           HttpServer| Process URI: '/favicon.ico'
I/APP     (  528): E 02/18/2013 10:38:57:803 00000227           HttpServer| The file /favicon.ico was not found
I/APP     (  528): I 02/18/2013 10:38:58:607 00000227           HttpServer| Process URI: '/app/Product/sub_categories'
I/APP     (  528): I 02/18/2013 10:38:58:609 00000227                  APP| RHO serve: /app/Product/sub_categories
I/APP     (  528): I 02/18/2013 10:38:58:613 00000227                  APP| Params: {"product"=>"arbeitsbuehnen"}
I/APP     (  528): I 02/18/2013 10:38:58:649 00000227           HttpServer| GC Start.
I/APP     (  528): I 02/18/2013 10:38:58:668 00000227           HttpServer| GC End.
I/APP     (  528): I 02/18/2013 10:38:58:705 00000227           HttpServer| Process URI: '/favicon.ico'
I/APP     (  528): E 02/18/2013 10:38:58:707 00000227           HttpServer| The file /favicon.ico was not found
W/ThrottleService(   77): unable to find stats for iface rmnet0
D/AndroidRuntime(  576): 
D/AndroidRuntime(  576): >>>>>> AndroidRuntime START com.android.internal.os.RuntimeInit <<<<<<
D/AndroidRuntime(  576): CheckJNI is ON
D/AndroidRuntime(  576): Calling main entry com.android.commands.pm.Pm
W/ActivityManager(   77): No content provider found for permission revoke: file:///data/local/tmp/MacoTec-debug.apk
W/ActivityManager(   77): No content provider found for permission revoke: file:///data/local/tmp/MacoTec-debug.apk
D/dalvikvm(   77): GC_CONCURRENT freed 361K, 15% free 11312K/13191K, paused 8ms+9ms
D/dalvikvm(   77): GC_CONCURRENT freed 251K, 13% free 11516K/13191K, paused 14ms+8ms
D/dalvikvm(   77): GC_CONCURRENT freed 446K, 13% free 11587K/13191K, paused 14ms+6ms
D/dalvikvm(   77): GC_CONCURRENT freed 522K, 13% free 11600K/13191K, paused 10ms+9ms
D/dalvikvm(   77): GC_CONCURRENT freed 560K, 12% free 11616K/13191K, paused 9ms+10ms
D/dalvikvm(   77): GC_CONCURRENT freed 544K, 12% free 11654K/13191K, paused 6ms+23ms
D/dalvikvm(   77): GC_CONCURRENT freed 588K, 12% free 11627K/13191K, paused 13ms+12ms
I/PackageManager(   77): Removing non-system package:com.rhomobile.macotec
I/ActivityManager(   77): Force stopping package com.rhomobile.macotec uid=10040
I/ActivityManager(   77): Killing proc 528:com.rhomobile.macotec/10040: force stop
W/ActivityManager(   77): Force removing ActivityRecord{41586258 com.rhomobile.macotec/com.rhomobile.rhodes.RhodesActivity}: app died, no saved state
W/InputDispatcher(   77): channel '4158cc80 com.rhomobile.macotec/com.rhomobile.rhodes.RhodesActivity (server)' ~ Consumer closed input channel or an error occurred.  events=0x8
E/InputDispatcher(   77): channel '4158cc80 com.rhomobile.macotec/com.rhomobile.rhodes.RhodesActivity (server)' ~ Channel is unrecoverably broken and will be disposed!
I/WindowManager(   77): WINDOW DIED Window{4158cc80 com.rhomobile.macotec/com.rhomobile.rhodes.RhodesActivity paused=false}
W/InputDispatcher(   77): Attempted to unregister already unregistered input channel '4158cc80 com.rhomobile.macotec/com.rhomobile.rhodes.RhodesActivity (server)'
W/NetworkManagementSocketTagger(   77): setKernelCountSet(10040, 0) failed with errno -2
W/NetworkManagementSocketTagger(   77): setKernelCountSet(10009, 1) failed with errno -2
I/PackageManager(   77): Package com.rhomobile.macotec codePath changed from /data/app/com.rhomobile.macotec-2.apk to /data/app/com.rhomobile.macotec-1.apk; Retaining data and using new
D/dalvikvm(  168): GC_CONCURRENT freed 4001K, 20% free 17281K/21383K, paused 6ms+10ms
I/Process (   77): Sending signal. PID: 168 SIG: 3
I/dalvikvm(  168): threadid=3: reacting to signal 3
I/dalvikvm(  168): Wrote stack traces to '/data/anr/traces.txt'
W/InputManagerService(   77): Got RemoteException sending setActive(false) notification to pid 528 uid 10040
D/dalvikvm(  168): GC_CONCURRENT freed 406K, 12% free 18922K/21383K, paused 4ms+8ms
D/dalvikvm(  168): GC_FOR_ALLOC freed 2188K, 16% free 18149K/21383K, paused 58ms
I/dalvikvm-heap(  168): Grow heap (frag case) to 19.023MB for 1286224-byte allocation
D/dalvikvm(  168): GC_FOR_ALLOC freed 2K, 15% free 19403K/22663K, paused 71ms
D/dalvikvm(  168): GC_CONCURRENT freed 2797K, 18% free 18624K/22663K, paused 5ms+6ms
I/PackageManager(   77): Running dexopt on: com.rhomobile.macotec
F/NetworkStats(   77): problem reading network stats
F/NetworkStats(   77): java.lang.IllegalStateException: problem parsing idx 1
F/NetworkStats(   77): 	at com.android.internal.net.NetworkStatsFactory.readNetworkStatsDetail(NetworkStatsFactory.java:300)
F/NetworkStats(   77): 	at com.android.server.NetworkManagementService.getNetworkStatsUidDetail(NetworkManagementService.java:1282)
F/NetworkStats(   77): 	at com.android.server.net.NetworkStatsService.performPollLocked(NetworkStatsService.java:831)
F/NetworkStats(   77): 	at com.android.server.net.NetworkStatsService.performPoll(NetworkStatsService.java:799)
F/NetworkStats(   77): 	at com.android.server.net.NetworkStatsService.access$100(NetworkStatsService.java:128)
F/NetworkStats(   77): 	at com.android.server.net.NetworkStatsService$3.onReceive(NetworkStatsService.java:633)
F/NetworkStats(   77): 	at android.app.LoadedApk$ReceiverDispatcher$Args.run(LoadedApk.java:728)
F/NetworkStats(   77): 	at android.os.Handler.handleCallback(Handler.java:605)
F/NetworkStats(   77): 	at android.os.Handler.dispatchMessage(Handler.java:92)
F/NetworkStats(   77): 	at android.os.Looper.loop(Looper.java:137)
F/NetworkStats(   77): 	at android.os.HandlerThread.run(HandlerThread.java:60)
F/NetworkStats(   77): Caused by: java.io.FileNotFoundException: /proc/net/xt_qtaguid/stats: open failed: ENOENT (No such file or directory)
F/NetworkStats(   77): 	at libcore.io.IoBridge.open(IoBridge.java:406)
F/NetworkStats(   77): 	at java.io.FileInputStream.<init>(FileInputStream.java:78)
F/NetworkStats(   77): 	at com.android.internal.net.NetworkStatsFactory.readNetworkStatsDetail(NetworkStatsFactory.java:269)
F/NetworkStats(   77): 	... 10 more
F/NetworkStats(   77): Caused by: libcore.io.ErrnoException: open failed: ENOENT (No such file or directory)
F/NetworkStats(   77): 	at libcore.io.Posix.open(Native Method)
F/NetworkStats(   77): 	at libcore.io.BlockGuardOs.open(BlockGuardOs.java:110)
F/NetworkStats(   77): 	at libcore.io.IoBridge.open(IoBridge.java:390)
F/NetworkStats(   77): 	... 12 more
D/dalvikvm(   77): GC_CONCURRENT freed 614K, 12% free 11633K/13191K, paused 47ms+174ms
D/dalvikvm(  587): DexOpt: load 997ms, verify+opt 3909ms
W/PackageManager(   77): Code path for pkg : com.rhomobile.macotec changing from /data/app/com.rhomobile.macotec-2.apk to /data/app/com.rhomobile.macotec-1.apk
W/PackageManager(   77): Resource path for pkg : com.rhomobile.macotec changing from /data/app/com.rhomobile.macotec-2.apk to /data/app/com.rhomobile.macotec-1.apk
I/ActivityManager(   77): Force stopping package com.rhomobile.macotec uid=10040
D/PackageManager(   77): New package installed in /data/app/com.rhomobile.macotec-1.apk
I/ActivityManager(   77): Force stopping package com.rhomobile.macotec uid=10040
D/dalvikvm(  168): GC_EXPLICIT freed 1165K, 20% free 18164K/22663K, paused 22ms+11ms
D/dalvikvm(  229): GC_EXPLICIT freed 163K, 4% free 9387K/9735K, paused 119ms+12ms
D/dalvikvm(   77): GC_EXPLICIT freed 736K, 16% free 11185K/13191K, paused 5ms+7ms
D/PackageManager(   77): generateServicesMap(android.accounts.AccountAuthenticator): 2 services unchanged
D/PackageManager(   77): generateServicesMap(android.content.SyncAdapter): 4 services unchanged
D/BackupManagerService(   77): Received broadcast Intent { act=android.intent.action.PACKAGE_REMOVED dat=package:com.rhomobile.macotec flg=0x10000010 (has extras) }
I/AccountTypeManager(  247): Loaded meta-data for 1 account types, 0 accounts in 13ms(wall) 6ms(cpu)
D/PackageManager(   77): generateServicesMap(android.accounts.AccountAuthenticator): 2 services unchanged
D/PackageManager(   77): generateServicesMap(android.content.SyncAdapter): 4 services unchanged
D/BackupManagerService(   77): Received broadcast Intent { act=android.intent.action.PACKAGE_ADDED dat=package:com.rhomobile.macotec flg=0x10000010 (has extras) }
V/BackupManagerService(   77): updatePackageParticipantsLocked: #1
W/RecognitionManagerService(   77): no available voice recognition services found
I/AccountTypeManager(  247): Loaded meta-data for 1 account types, 0 accounts in 711ms(wall) 9ms(cpu)
D/dalvikvm(   77): GC_CONCURRENT freed 396K, 15% free 11217K/13191K, paused 9ms+17ms
D/dalvikvm(  168): GC_FOR_ALLOC freed 3407K, 29% free 16303K/22663K, paused 60ms
D/BackupManagerService(   77): Received broadcast Intent { act=android.intent.action.PACKAGE_REPLACED dat=package:com.rhomobile.macotec flg=0x10000010 (has extras) }
V/BackupManagerService(   77): updatePackageParticipantsLocked: #1
D/dalvikvm(  168): GC_FOR_ALLOC freed 452K, 22% free 17750K/22663K, paused 57ms
D/dalvikvm(  168): GC_CONCURRENT freed 322K, 15% free 19475K/22663K, paused 4ms+9ms
D/dalvikvm(  168): GC_FOR_ALLOC freed 6127K, 34% free 15173K/22663K, paused 85ms
D/dalvikvm(  168): GC_FOR_ALLOC freed 38K, 29% free 16309K/22663K, paused 63ms
D/dalvikvm(  168): GC_FOR_ALLOC freed 357K, 23% free 17623K/22663K, paused 51ms
D/dalvikvm(  168): GC_CONCURRENT freed 1731K, 21% free 17930K/22663K, paused 4ms+9ms
D/dalvikvm(  168): GC_FOR_ALLOC freed 1240K, 20% free 18292K/22663K, paused 51ms
D/dalvikvm(   77): GC_EXPLICIT freed 248K, 16% free 11186K/13191K, paused 5ms+8ms
D/dalvikvm(  168): GC_CONCURRENT freed 1922K, 19% free 18408K/22663K, paused 4ms+9ms
D/AndroidRuntime(  576): Shutting down VM
D/dalvikvm(  576): GC_CONCURRENT freed 97K, 79% free 450K/2048K, paused 0ms+1ms
I/AndroidRuntime(  576): NOTE: attach of thread 'Binder Thread #3' failed
D/AndroidRuntime(  595): 
D/AndroidRuntime(  595): >>>>>> AndroidRuntime START com.android.internal.os.RuntimeInit <<<<<<
D/AndroidRuntime(  595): CheckJNI is ON
D/AndroidRuntime(  595): Calling main entry com.android.commands.am.Am
I/ActivityManager(   77): START {act=android.intent.action.MAIN flg=0x10000000 cmp=com.rhomobile.macotec/com.rhomobile.rhodes.RhodesActivity} from pid 595
W/WindowManager(   77): Failure taking screenshot for (180x300) to layer 21005
D/AndroidRuntime(  595): Shutting down VM
D/dalvikvm(  595): GC_CONCURRENT freed 97K, 77% free 480K/2048K, paused 1ms+1ms
I/AndroidRuntime(  595): NOTE: attach of thread 'Binder Thread #3' failed
I/ActivityManager(   77): Start proc com.rhomobile.macotec for activity com.rhomobile.macotec/com.rhomobile.rhodes.RhodesActivity: pid=605 uid=10040 gids={3003}
I/dalvikvm(  605): Turning on JNI app bug workarounds for target SDK version 4...
D/dalvikvm(   37): GC_EXPLICIT freed 36K, 4% free 9032K/9347K, paused 2ms+4ms
W/NetworkManagementSocketTagger(   77): setKernelCountSet(10040, 1) failed with errno -2
D/dalvikvm(   37): GC_EXPLICIT freed <1K, 4% free 9032K/9347K, paused 3ms+149ms
D/dalvikvm(   37): GC_EXPLICIT freed <1K, 4% free 9032K/9347K, paused 3ms+24ms
D/dalvikvm(  605): Trying to load lib /data/data/com.rhomobile.macotec/lib/librhodes.so 0x412a65a0
I/Process (   77): Sending signal. PID: 605 SIG: 3
I/dalvikvm(  605): threadid=3: reacting to signal 3
I/dalvikvm(  605): Wrote stack traces to '/data/anr/traces.txt'
D/dalvikvm(  605): Added shared lib /data/data/com.rhomobile.macotec/lib/librhodes.so 0x412a65a0
I/Process (   77): Sending signal. PID: 605 SIG: 3
I/dalvikvm(  605): threadid=3: reacting to signal 3
D/dalvikvm(  605): Trying to load lib /data/data/com.rhomobile.macotec/lib/librhodes.so 0x412a65a0
D/dalvikvm(  605): Shared lib '/data/data/com.rhomobile.macotec/lib/librhodes.so' already loaded in same CL 0x412a65a0
I/ActivityThread(  605): Pub com.rhomobile.macotec: com.rhomobile.rhodes.LocalFileProvider
I/dalvikvm(  605): Wrote stack traces to '/data/anr/traces.txt'
I/RhodesApplication(  605): Initializing...
D/RhoFileApi(  605): App root path: /data/data/com.rhomobile.macotec/rhodata/
D/RhoFileApi(  605): Sqlite journals path: /data/data/com.rhomobile.macotec/sqlite_stmt_journals/
D/RhoFileApi(  605): Shared path: /data/data/com.rhomobile.macotec/rhodata/
D/RhodesApplication(  605): Root path: /data/data/com.rhomobile.macotec/rhodata/
I/RhodesApplication(  605): Application hash was changed
D/RhoFileApi(  605): Copy hash to FS
D/RhoFileApi(  605): File hash copied
D/RhoFileApi(  605): Copy rho.dat to FS
D/RhoFileApi(  605): File rho.dat copied
D/RhoFileApi(  605): Copy apps/rhoconfig.txt to FS
D/RhoFileApi(  605): File apps/rhoconfig.txt copied
I/RhoFileApi(  605): Opening stat table from FS: /data/data/com.rhomobile.macotec/rhodata/rho.dat
D/RhoFileApi(  605): Copy apps/rhoconfig.txt to FS
D/RhoFileApi(  605): File apps/rhoconfig.txt copied
D/RhoFileApi(  605): App root path: /data/data/com.rhomobile.macotec/rhodata/
D/RhoFileApi(  605): Sqlite journals path: /data/data/com.rhomobile.macotec/sqlite_stmt_journals/
D/RhoFileApi(  605): Shared path: /data/data/com.rhomobile.macotec/rhodata/
I/APP     (  605): I 02/18/2013 10:43:20:390 0000025d    RhodesApplication| Initialized
I/APP     (  605): I 02/18/2013 10:43:20:435 0000025d         BaseActivity| New screen properties - width: 480, height: 800, orientation: 1
I/APP     (  605): I 02/18/2013 10:43:20:560 0000025d         SplashScreen| Looking for start page source
I/Process (   77): Sending signal. PID: 605 SIG: 3
I/dalvikvm(  605): threadid=3: reacting to signal 3
I/dalvikvm(  605): Wrote stack traces to '/data/anr/traces.txt'
D/dalvikvm(  605): GC_CONCURRENT freed 312K, 5% free 9211K/9607K, paused 5ms+5ms
D/dalvikvm(  605): GC_FOR_ALLOC freed 9K, 4% free 9227K/9607K, paused 46ms
I/dalvikvm-heap(  605): Grow heap (frag case) to 12.146MB for 3217300-byte allocation
D/dalvikvm(  605): GC_FOR_ALLOC freed <1K, 4% free 12368K/12807K, paused 31ms
D/dalvikvm(  605): GC_CONCURRENT freed 1K, 4% free 12370K/12807K, paused 4ms+4ms
I/Process (   77): Sending signal. PID: 605 SIG: 3
I/dalvikvm(  605): threadid=3: reacting to signal 3
I/dalvikvm(  605): Wrote stack traces to '/data/anr/traces.txt'
I/APP     (  605): I 02/18/2013 10:43:21:429 0000025d         SplashScreen| Done
I/APP     (  605): I 02/18/2013 10:43:21:432 0000025d    RhodesApplication| New UiState: MainActivityCreated
I/APP     (  605): I 02/18/2013 10:43:21:436 0000025d       RhodesActivity| onStart
I/APP     (  605): I 02/18/2013 10:43:21:439 0000025d    RhodesApplication| New UiState: MainActivityStarted
I/APP     (  605): I 02/18/2013 10:43:21:444 0000025d       RhodesActivity| onResume
I/APP     (  605): I 02/18/2013 10:43:21:446 0000025d AndroidFunctionality| Resume WebView
I/APP     (  605): I 02/18/2013 10:43:21:477 0000025d        RhodesService| onCreate
I/APP     (  605): I 02/18/2013 10:43:21:479 0000025d    LocalFileProvider| Revoke URI permissions: content:///com.rhomobile.macotec
W/ActivityManager(   77): No content provider found for permission revoke: content:///com.rhomobile.macotec
I/APP     (  605): I 02/18/2013 10:43:21:488 0000025d               Rhodes| Loading...
I/APP     (  605): I 02/18/2013 10:43:21:493 0000025d            RhodesApp| Trying to get free listening port.
I/APP     (  605): I 02/18/2013 10:43:21:510 0000025d            RhodesApp| Trying to bind of 8080 port...
I/APP     (  605): I 02/18/2013 10:43:21:511 0000025d            RhodesApp| Got port to bind on: 8080
I/APP     (  605): I 02/18/2013 10:43:21:515 0000025d            RhodesApp| Free listening port: 8080
I/APP     (  605): I 02/18/2013 10:43:21:526 00000272         AppCallbacks| Starting main routine...
I/APP     (  605): I 02/18/2013 10:43:21:535 00000272         AppCallbacks| ThreadQueue blocked for 4294967295 seconds...
I/APP     (  605): I 02/18/2013 10:43:21:571 0000025d        RhodesService| Push is disabled
I/APP     (  605): I 02/18/2013 10:43:21:573 0000025d            RhodesApp| callAppActiveCallback
I/APP     (  605): I 02/18/2013 10:43:21:575 0000025d         AppCallbacks| addCommand: APP-ACTIVATED
I/APP     (  605): I 02/18/2013 10:43:21:578 00000272         AppCallbacks| Received command APP-ACTIVATED which is greater than expected (LOCAL-SERVER-STARTED) - postpone it
I/APP     (  605): I 02/18/2013 10:43:21:579 00000272         AppCallbacks| ThreadQueue blocked for 4294967295 seconds...
I/APP     (  605): I 02/18/2013 10:43:21:583 0000025d         AppActivated| Cannot commit now, application will be activated when started.
I/Process (   77): Sending signal. PID: 605 SIG: 3
I/dalvikvm(  605): threadid=3: reacting to signal 3
I/APP     (  605): I 02/18/2013 10:43:21:627 0000025d    RhodesApplication| New AppState: Undefined
D/RhodesService(  605): +++ onStartCommand
I/APP     (  605): I 02/18/2013 10:43:21:632 00000274            RhodesApp| Starting RhodesApp main routine...
I/RhodesService(  605): handleCommand: startId=1, source=com.rhomobile.rhodes.BaseActivity
D/RhodesService(  605): New activity was created
I/dalvikvm(  605): Wrote stack traces to '/data/anr/traces.txt'
I/APP     (  605): I 02/18/2013 10:43:21:707 0000025d        RhodesService| onBind
I/APP     (  605): I 02/18/2013 10:43:21:736 0000025d         AppCallbacks| addCommand: UI-CREATED
I/APP     (  605): I 02/18/2013 10:43:21:747 00000272         AppCallbacks| Received command UI-CREATED which is greater than expected (LOCAL-SERVER-STARTED) - postpone it
I/APP     (  605): I 02/18/2013 10:43:21:748 00000272         AppCallbacks| ThreadQueue blocked for 4294967295 seconds...
V/PhoneStatusBar(  129): setLightsOn(true)
I/APP     (  605): I 02/18/2013 10:43:21:817 0000025d       RhodesActivity| onServiceConnected: {com.rhomobile.macotec/com.rhomobile.rhodes.RhodesService}
I/APP     (  605): I 02/18/2013 10:43:21:827 0000025d       RhodesActivity| New start parameters: 
I/APP     (  605): I 02/18/2013 10:43:21:828 0000025d            RhodesApp| New start params: 
D/gralloc_goldfish(  605): Emulator without GPU emulation detected.
I/ActivityManager(   77): Displayed com.rhomobile.macotec/com.rhomobile.rhodes.RhodesActivity: +3s273ms
W/InputManagerService(   77): Starting input on non-focused client com.android.internal.view.IInputMethodClient$Stub$Proxy@4141fdb0 (uid=10009 pid=168)
I/APP     (  605): I 02/18/2013 10:43:22:353 00000274              RhoRuby| Init_RhoBlobs: /data/data/com.rhomobile.macotec/rhodata/db/db-files
I/APP     (  605): I 02/18/2013 10:43:22:534 00000274              RhoRuby| require_compiled: rhoframework
I/APP     (  605): I 02/18/2013 10:43:22:870 00000274              RhoRuby| require_compiled: rational
I/APP     (  605): I 02/18/2013 10:43:22:934 00000274              RhoRuby| require_compiled: rhom/rhom_db_adapter
I/APP     (  605): I 02/18/2013 10:43:23:389 00000274              RhoRuby| require_compiled: rhodes
I/APP     (  605): I 02/18/2013 10:43:23:488 00000274              RhoRuby| require_compiled: rhom/rhom_object
I/APP     (  605): I 02/18/2013 10:43:23:573 00000274              RhoRuby| require_compiled: rhofsconnector
I/APP     (  605): I 02/18/2013 10:43:23:620 00000274              RhoRuby| require_compiled: rho/rhofsconnector
I/APP     (  605): I 02/18/2013 10:43:23:763 00000274              RhoRuby| require_compiled: rhom/rhom_object_factory
D/dalvikvm(  157): GC_CONCURRENT freed 457K, 6% free 9532K/10119K, paused 52ms+50ms
I/APP     (  605): I 02/18/2013 10:43:25:280 00000274              RhoRuby| require_compiled: rhom/rhom
I/APP     (  605): I 02/18/2013 10:43:25:424 00000274              RhoRuby| require_compiled: rhom/rhom_model
I/APP     (  605): I 02/18/2013 10:43:25:536 00000274              RhoRuby| require_compiled: rhom
I/APP     (  605): I 02/18/2013 10:43:25:569 00000274              RhoRuby| require_compiled: rho/rhoapplication
I/APP     (  605): I 02/18/2013 10:43:25:711 00000274              RhoRuby| require_compiled: rholang/localization_simplified
I/APP     (  605): I 02/18/2013 10:43:25:851 00000274              RhoRuby| require_compiled: rho/rhomsg
I/APP     (  605): I 02/18/2013 10:43:25:889 00000274              RhoRuby| require_compiled: rho/rhotabbar
I/APP     (  605): I 02/18/2013 10:43:25:953 00000274              RhoRuby| require_compiled: rho/rhotoolbar
I/APP     (  605): I 02/18/2013 10:43:25:992 00000274                  APP| Current locale: ; Country code: 
I/APP     (  605): I 02/18/2013 10:43:26:023 00000274                  APP| Locilized file: /data/data/com.rhomobile.macotec/rhodata/lib/rholang/lang_
I/APP     (  605): I 02/18/2013 10:43:26:046 00000274              RhoRuby| require_compiled: /data/data/com.rhomobile.macotec/rhodata/lib/rholang/lang_en
I/APP     (  605): I 02/18/2013 10:43:26:117 00000274                  APP| Locilized file: /data/data/com.rhomobile.macotec/rhodata/apps/app/lang/lang_
I/APP     (  605): I 02/18/2013 10:43:26:124 00000274              RhoRuby| require_compiled: /data/data/com.rhomobile.macotec/rhodata/apps/app/lang/lang_en
I/APP     (  605): I 02/18/2013 10:43:26:211 00000274                  APP| Locilized file: /data/data/com.rhomobile.macotec/rhodata/lib/rholang/rhoerror_
I/APP     (  605): I 02/18/2013 10:43:26:217 00000274              RhoRuby| require_compiled: /data/data/com.rhomobile.macotec/rhodata/lib/rholang/rhoerror_en
I/APP     (  605): I 02/18/2013 10:43:26:284 00000274                  APP| Locilized file: /data/data/com.rhomobile.macotec/rhodata/lib/rholang/rhomsg_
I/APP     (  605): I 02/18/2013 10:43:26:301 00000274              RhoRuby| require_compiled: /data/data/com.rhomobile.macotec/rhodata/lib/rholang/rhomsg_en
I/APP     (  605): I 02/18/2013 10:43:26:350 00000274              RhoRuby| require_compiled: indifferent_access
I/APP     (  605): I 02/18/2013 10:43:26:454 00000274              RhoRuby| require_compiled: rho/rhosupport
I/APP     (  605): I 02/18/2013 10:43:26:646 00000274              RhoRuby| require_compiled: rho/rhocontroller
I/APP     (  605): I 02/18/2013 10:43:26:759 00000274              RhoRuby| require_compiled: rho/render
W/NetworkManagementSocketTagger(   77): setKernelCountSet(10009, 0) failed with errno -2
I/APP     (  605): I 02/18/2013 10:43:27:009 00000274              RhoRuby| require_compiled: rho/rho
I/APP     (  605): I 02/18/2013 10:43:27:439 00000274              RhoRuby| require_compiled: rho/rhoerror
I/APP     (  605): I 02/18/2013 10:43:27:449 00000274              RhoRuby| require_compiled: rhom/rhom_source
I/APP     (  605): I 02/18/2013 10:43:27:473 00000274              RhoRuby| require_compiled: rho/rhoviewhelpers
I/APP     (  605): I 02/18/2013 10:43:27:502 00000274              RhoRuby| require_compiled: rho
I/APP     (  605): I 02/18/2013 10:43:27:504 00000274                  APP| RHO loaded
I/APP     (  605): I 02/18/2013 10:43:27:510 00000274                  APP| Calling RHO.initialize
I/APP     (  605): I 02/18/2013 10:43:27:521 00000274                  APP| model file: Settings/settings
I/APP     (  605): I 02/18/2013 10:43:27:524 00000274                  APP| model file: Product/product
I/APP     (  605): I 02/18/2013 10:43:27:527 00000274                  APP| model file: Request/request
I/APP     (  605): I 02/18/2013 10:43:27:533 00000274                   DB| Open DB: /data/data/com.rhomobile.macotec/rhodata/db/syncdbuser.sqlite
I/APP     (  605): I 02/18/2013 10:43:27:551 00000274          GeoLocation| Creating singleton instance.
I/APP     (  605): I 02/18/2013 10:43:27:552 00000274            RhodesApp| Starting sync engine...
I/APP     (  605): I 02/18/2013 10:43:27:554 00000274                 Sync| sync_poll_interval: 0
I/APP     (  605): I 02/18/2013 10:43:27:557 00000274                 Sync| syncserver: 
I/APP     (  605): I 02/18/2013 10:43:27:558 00000274                 Sync| bulksync_state: 0
I/APP     (  605): I 02/18/2013 10:43:27:559 00000274            RhodesApp| RhoRubyInitApp...
I/APP     (  605): I 02/18/2013 10:43:27:560 00000274                  APP| init_app
I/APP     (  605): I 02/18/2013 10:43:27:567 00000274              RhoRuby| require_compiled: application
I/APP     (  605): I 02/18/2013 10:43:27:583 00000274                 Sync| Set notification. Source ID: -1;Url :http://localhost:8080/app/Settings/sync_notify; Params: 
I/APP     (  605): I 02/18/2013 10:43:27:585 00000274           HttpServer| Start HTTP server
I/APP     (  605): I 02/18/2013 10:43:27:589 00000274           HttpServer| Listen for connections on port 8080
I/APP     (  605): I 02/18/2013 10:43:27:590 00000274         AppCallbacks| addCommand: LOCAL-SERVER-STARTED
I/APP     (  605): I 02/18/2013 10:43:27:593 00000272         AppCallbacks| process command: LOCAL-SERVER-STARTED
I/APP     (  605): I 02/18/2013 10:43:27:594 00000272 RhodesAppActiveObserver| Ready
I/APP     (  605): I 02/18/2013 10:43:27:609 0000025d AndroidFunctionality| Disable WebView zoom
I/APP     (  605): I 02/18/2013 10:43:27:610 0000025d AndroidFunctionality| Set web plugins state 'OFF'
I/APP     (  605): I 02/18/2013 10:43:27:625 00000272    RhodesApplication| New AppState: AppActivated
I/APP     (  605): I 02/18/2013 10:43:27:629 00000272         AppCallbacks| process command: UI-CREATED
I/APP     (  605): I 02/18/2013 10:43:27:724 00000274           HttpServer| Process URI: '/system/uicreated'
I/APP     (  605): I 02/18/2013 10:43:27:728 00000274                  APP| on_ui_created.navigate to start url: '/app'
I/APP     (  605): I 02/18/2013 10:43:27:734 0000025d         SplashScreen| navigate: url=http://localhost:8080/app
I/APP     (  605): I 02/18/2013 10:43:27:735 0000025d         SplashScreen| DELAY for SplashScreen = 0
