I/APP     ( 2521): I 03/18/2013 17:45:01:947 000009f0                  APP| RHO serve_index: /app/index_erb.iseq
I/APP     ( 2521): I 03/18/2013 17:45:01:979 000009f0 RHO Rho::RhoController| inst_render_index
I/APP     ( 2521): I 03/18/2013 17:45:02:120 000009f0           HttpServer| GC Start.
I/APP     ( 2521): I 03/18/2013 17:45:02:168 000009f0           HttpServer| GC End.
I/APP     ( 2521): I 03/18/2013 17:45:05:407 000009f0           HttpServer| Process URI: '/app/Product/get_catalog_data'
I/APP     ( 2521): I 03/18/2013 17:45:05:408 000009f0                  APP| RHO serve: /app/Product/get_catalog_data
I/ActivityManager(   81): START {cmp=com.rhomobile.macotec/com.rhomobile.rhodes.alert.PopupActivity (has extras)} from pid 2521
W/WindowManager(   81): Failure taking screenshot for (180x300) to layer 21010
I/APP     ( 2521): I 03/18/2013 17:45:05:489 000009f0            AsyncHttp| addCommand: GET
I/APP     ( 2521): I 03/18/2013 17:45:05:511 000009fe                  Net| GET request (Pull): http://www.datenloft.com/macotec/catalog.php
I/APP     ( 2521): I 03/18/2013 17:45:05:560 000009f0           HttpServer| GC Start.
I/APP     ( 2521): I 03/18/2013 17:45:05:639 000009f0           HttpServer| GC End.
I/APP     ( 2521): I 03/18/2013 17:45:05:877 000009d9 AndroidFunctionality| Pause WebView
I/APP     ( 2521): I 03/18/2013 17:45:05:880 000009d9       RhodesActivity| onPause
I/APP     ( 2521): I 03/18/2013 17:45:05:927 000009f0           HttpServer| Process URI: '/app/Product/http_callback'
I/APP     ( 2521): I 03/18/2013 17:45:05:932 000009f0                  APP| RHO serve: /app/Product/http_callback
I/APP     ( 2521): I 03/18/2013 17:45:05:966 000009d9    RhodesApplication| New UiState: MainActivityPaused
I/APP     ( 2521): I 03/18/2013 17:45:05:976 000009f0                  APP| Params: {"rho_callback"=>"1", "status"=>"ok", "http_error"=>"200", "headers"=>{"Content-Type"=>"application/x-www-form-urlencoded", "User-Agent"=>"Mozilla-5.0 (ANDROID; unknown generic; 4.0.4)", "charset"=>"UTF-8", "connection"=>"Keep-Alive", "content-type"=>"application/json", "date"=>"Mon, 18 Mar 2013 16:45:06 GMT", "keep-alive"=>"timeout=3, max=100", "server"=>"Apache/2.2.21 (Unix) mod_ssl/2.2.21 OpenSSL/0.9.8r", "transfer-encoding"=>"chunked", "x-pad"=>"avoid browser bug", "x-powered-by"=>"PHP/5.2.17"}, "__rho_object"=>{"body"=>"0"}}
I/APP     ( 2521): I 03/18/2013 17:45:06:059 000009f0                  APP| ::::::::::::::::::::::: update_product_list
V/PhoneStatusBar(  141): setLightsOn(true)
I/Process (   81): Sending signal. PID: 2521 SIG: 3
I/dalvikvm( 2521): threadid=3: reacting to signal 3
D/RhodesService( 2521): +++ onStartCommand
I/RhodesService( 2521): handleCommand: startId=3, source=com.rhomobile.rhodes.BaseActivity
D/RhodesService( 2521): New activity was created
I/dalvikvm( 2521): Wrote stack traces to '/data/anr/traces.txt'
I/Process (   81): Sending signal. PID: 2521 SIG: 3
I/dalvikvm( 2521): threadid=3: reacting to signal 3
E/dalvikvm( 2521): Unable to open stack trace file '/data/anr/traces.txt': Permission denied
I/Process (   81): Sending signal. PID: 2521 SIG: 3
I/dalvikvm( 2521): threadid=3: reacting to signal 3
E/dalvikvm( 2521): Unable to open stack trace file '/data/anr/traces.txt': Permission denied
I/Process (   81): Sending signal. PID: 2521 SIG: 3
I/dalvikvm( 2521): threadid=3: reacting to signal 3
I/Process (   81): Sending signal. PID: 2521 SIG: 3
I/dalvikvm( 2521): Wrote stack traces to '/data/anr/traces.txt'
I/dalvikvm( 2521): threadid=3: reacting to signal 3
I/Process (   81): Sending signal. PID: 2521 SIG: 3
I/dalvikvm( 2521): Wrote stack traces to '/data/anr/traces.txt'
I/dalvikvm( 2521): threadid=3: reacting to signal 3
I/Process (   81): Sending signal. PID: 2521 SIG: 3
I/dalvikvm( 2521): Wrote stack traces to '/data/anr/traces.txt'
I/dalvikvm( 2521): threadid=3: reacting to signal 3
I/ActivityManager(   81): Displayed com.rhomobile.macotec/com.rhomobile.rhodes.alert.PopupActivity: +5s377ms
I/dalvikvm( 2521): Wrote stack traces to '/data/anr/traces.txt'
I/APP     ( 2521): I 03/18/2013 17:45:14:489 000009d9       SimpleMainView| Cleared URL: http://localhost:8080/app/Product
I/APP     ( 2521): I 03/18/2013 17:45:14:531 000009fe            AsyncHttp| ThreadQueue blocked for 4294967295 seconds...
I/APP     ( 2521): I 03/18/2013 17:45:14:566 000009f0           HttpServer| GC Start.
I/APP     ( 2521): I 03/18/2013 17:45:14:624 000009f0           HttpServer| GC End.
I/APP     ( 2521): I 03/18/2013 17:45:14:627 000009f0           HttpServer| Process URI: '/app/Product'
I/APP     ( 2521): I 03/18/2013 17:45:14:660 000009f0                  APP| RHO serve: /app/Product
W/WindowManager(   81): Failure taking screenshot for (180x300) to layer 21020
V/PhoneStatusBar(  141): setLightsOn(true)
I/APP     ( 2521): I 03/18/2013 17:45:15:013 000009d9       RhodesActivity| onResume
I/APP     ( 2521): I 03/18/2013 17:45:15:014 000009d9 AndroidFunctionality| Resume WebView
I/Process (   81): Sending signal. PID: 2521 SIG: 3
I/APP     ( 2521): I 03/18/2013 17:45:15:339 000009f0 RHO ProductController| Layout file: /data/data/com.rhomobile.macotec/rhodata/apps/app/layout_erb.iseq. Content size: 3810
I/dalvikvm( 2521): threadid=3: reacting to signal 3
I/APP     ( 2521): I 03/18/2013 17:45:15:452 000009f0           HttpServer| GC Start.
I/dalvikvm( 2521): Wrote stack traces to '/data/anr/traces.txt'
I/APP     ( 2521): I 03/18/2013 17:45:15:539 000009f0           HttpServer| GC End.
I/APP     ( 2521): I 03/18/2013 17:45:21:444 000009f0           HttpServer| Process URI: '/app/Product/sub_categories'
I/APP     ( 2521): I 03/18/2013 17:45:21:446 000009f0                  APP| RHO serve: /app/Product/sub_categories
I/APP     ( 2521): I 03/18/2013 17:45:21:449 000009f0                  APP| Params: {"category"=>"other_construction_machines"}
I/APP     ( 2521): I 03/18/2013 17:45:21:590 000009f0           HttpServer| GC Start.
I/APP     ( 2521): I 03/18/2013 17:45:21:642 000009f0           HttpServer| GC End.
I/APP     ( 2521): I 03/18/2013 17:45:24:866 000009f0           HttpServer| Process URI: '/app/Product/product_details'
I/APP     ( 2521): I 03/18/2013 17:45:24:868 000009f0                  APP| RHO serve: /app/Product/product_details
I/APP     ( 2521): I 03/18/2013 17:45:24:872 000009f0                  APP| Params: {"sub_category"=>"skid_steer_loader", "category"=>"other_construction_machines"}
I/APP     ( 2521): I 03/18/2013 17:45:25:140 000009f0           HttpServer| GC Start.
I/APP     ( 2521): I 03/18/2013 17:45:25:219 000009f0           HttpServer| GC End.
I/APP     ( 2521): I 03/18/2013 17:45:28:896 000009f0           HttpServer| Process URI: '/app/index_erb.iseq'
I/APP     ( 2521): I 03/18/2013 17:45:28:901 000009f0                  APP| RHO serve_index: /app/index_erb.iseq
I/APP     ( 2521): I 03/18/2013 17:45:28:948 000009f0 RHO Rho::RhoController| inst_render_index
I/APP     ( 2521): I 03/18/2013 17:45:29:075 000009f0           HttpServer| GC Start.
I/APP     ( 2521): I 03/18/2013 17:45:29:123 000009f0           HttpServer| GC End.
I/APP     ( 2521): I 03/18/2013 17:45:34:762 000009f0           HttpServer| Process URI: '/app/Product/get_catalog_data'
I/APP     ( 2521): I 03/18/2013 17:45:34:764 000009f0                  APP| RHO serve: /app/Product/get_catalog_data
I/ActivityManager(   81): START {cmp=com.rhomobile.macotec/com.rhomobile.rhodes.alert.PopupActivity (has extras)} from pid 2521
W/WindowManager(   81): Failure taking screenshot for (180x300) to layer 21010
I/APP     ( 2521): I 03/18/2013 17:45:34:862 000009f0            AsyncHttp| addCommand: GET
I/APP     ( 2521): I 03/18/2013 17:45:34:866 000009fe                  Net| GET request (Pull): http://www.datenloft.com/macotec/catalog.php
I/APP     ( 2521): I 03/18/2013 17:45:34:916 000009f0           HttpServer| GC Start.
I/APP     ( 2521): I 03/18/2013 17:45:35:001 000009f0           HttpServer| GC End.
I/APP     ( 2521): I 03/18/2013 17:45:35:198 000009f0           HttpServer| Process URI: '/app/Product/http_callback'
I/APP     ( 2521): I 03/18/2013 17:45:35:202 000009f0                  APP| RHO serve: /app/Product/http_callback
I/APP     ( 2521): I 03/18/2013 17:45:35:260 000009d9 AndroidFunctionality| Pause WebView
I/APP     ( 2521): I 03/18/2013 17:45:35:280 000009d9       RhodesActivity| onPause
I/APP     ( 2521): I 03/18/2013 17:45:35:290 000009d9    RhodesApplication| New UiState: MainActivityPaused
I/APP     ( 2521): I 03/18/2013 17:45:35:311 000009f0                  APP| Params: {"rho_callback"=>"1", "status"=>"ok", "http_error"=>"200", "headers"=>{"Content-Type"=>"application/x-www-form-urlencoded", "User-Agent"=>"Mozilla-5.0 (ANDROID; unknown generic; 4.0.4)", "charset"=>"UTF-8", "connection"=>"Keep-Alive", "content-type"=>"application/json", "date"=>"Mon, 18 Mar 2013 16:45:35 GMT", "keep-alive"=>"timeout=3, max=100", "server"=>"Apache/2.2.21 (Unix) mod_ssl/2.2.21 OpenSSL/0.9.8r", "transfer-encoding"=>"chunked", "x-pad"=>"avoid browser bug", "x-powered-by"=>"PHP/5.2.17"}, "__rho_object"=>{"body"=>"0"}}
I/APP     ( 2521): I 03/18/2013 17:45:35:398 000009f0                  APP| ::::::::::::::::::::::: update_product_list
V/PhoneStatusBar(  141): setLightsOn(true)
I/Process (   81): Sending signal. PID: 2521 SIG: 3
I/dalvikvm( 2521): threadid=3: reacting to signal 3
D/RhodesService( 2521): +++ onStartCommand
I/RhodesService( 2521): handleCommand: startId=4, source=com.rhomobile.rhodes.BaseActivity
D/RhodesService( 2521): New activity was created
I/dalvikvm( 2521): Wrote stack traces to '/data/anr/traces.txt'
I/Process (   81): Sending signal. PID: 2521 SIG: 3
I/dalvikvm( 2521): threadid=3: reacting to signal 3
E/dalvikvm( 2521): Unable to open stack trace file '/data/anr/traces.txt': Permission denied
I/Process (   81): Sending signal. PID: 2521 SIG: 3
I/dalvikvm( 2521): threadid=3: reacting to signal 3
I/dalvikvm( 2521): Wrote stack traces to '/data/anr/traces.txt'
I/Process (   81): Sending signal. PID: 2521 SIG: 3
I/dalvikvm( 2521): threadid=3: reacting to signal 3
E/dalvikvm( 2521): Unable to open stack trace file '/data/anr/traces.txt': Permission denied
I/Process (   81): Sending signal. PID: 2521 SIG: 3
I/dalvikvm( 2521): threadid=3: reacting to signal 3
E/dalvikvm( 2521): Unable to open stack trace file '/data/anr/traces.txt': Permission denied
I/Process (   81): Sending signal. PID: 2521 SIG: 3
I/dalvikvm( 2521): threadid=3: reacting to signal 3
E/dalvikvm( 2521): Unable to open stack trace file '/data/anr/traces.txt': Permission denied
I/Process (   81): Sending signal. PID: 2521 SIG: 3
I/dalvikvm( 2521): threadid=3: reacting to signal 3
I/Process (   81): Sending signal. PID: 2521 SIG: 3
I/dalvikvm( 2521): Wrote stack traces to '/data/anr/traces.txt'
I/dalvikvm( 2521): threadid=3: reacting to signal 3
I/Process (   81): Sending signal. PID: 2521 SIG: 3
I/dalvikvm( 2521): Wrote stack traces to '/data/anr/traces.txt'
I/dalvikvm( 2521): threadid=3: reacting to signal 3
I/dalvikvm( 2521): Wrote stack traces to '/data/anr/traces.txt'
I/Process (   81): Sending signal. PID: 2521 SIG: 3
I/dalvikvm( 2521): threadid=3: reacting to signal 3
I/dalvikvm( 2521): Wrote stack traces to '/data/anr/traces.txt'
I/ActivityManager(   81): Displayed com.rhomobile.macotec/com.rhomobile.rhodes.alert.PopupActivity: +6s167ms
I/APP     ( 2521): I 03/18/2013 17:45:44:396 000009d9       SimpleMainView| Cleared URL: http://localhost:8080/app/Product
I/APP     ( 2521): I 03/18/2013 17:45:44:443 000009fe            AsyncHttp| ThreadQueue blocked for 4294967295 seconds...
I/APP     ( 2521): I 03/18/2013 17:45:44:447 000009f0           HttpServer| GC Start.
I/APP     ( 2521): I 03/18/2013 17:45:44:510 000009f0           HttpServer| GC End.
I/APP     ( 2521): I 03/18/2013 17:45:44:513 000009f0           HttpServer| Process URI: '/app/Product'
I/APP     ( 2521): I 03/18/2013 17:45:44:546 000009f0                  APP| RHO serve: /app/Product
W/WindowManager(   81): Failure taking screenshot for (180x300) to layer 21020
V/PhoneStatusBar(  141): setLightsOn(true)
I/APP     ( 2521): I 03/18/2013 17:45:44:761 000009d9       RhodesActivity| onResume
I/APP     ( 2521): I 03/18/2013 17:45:44:762 000009d9 AndroidFunctionality| Resume WebView
I/APP     ( 2521): I 03/18/2013 17:45:44:961 000009f0 RHO ProductController| Layout file: /data/data/com.rhomobile.macotec/rhodata/apps/app/layout_erb.iseq. Content size: 3810
I/APP     ( 2521): I 03/18/2013 17:45:45:011 000009f0           HttpServer| GC Start.
I/APP     ( 2521): I 03/18/2013 17:45:45:082 000009f0           HttpServer| GC End.
I/Process (   81): Sending signal. PID: 2521 SIG: 3
I/dalvikvm( 2521): threadid=3: reacting to signal 3
I/dalvikvm( 2521): Wrote stack traces to '/data/anr/traces.txt'
I/APP     ( 2521): I 03/18/2013 17:45:52:265 000009f0           HttpServer| Process URI: '/app/Product/sub_categories'
I/APP     ( 2521): I 03/18/2013 17:45:52:270 000009f0                  APP| RHO serve: /app/Product/sub_categories
I/APP     ( 2521): I 03/18/2013 17:45:52:313 000009f0                  APP| Params: {"category"=>"working_platforms"}
I/APP     ( 2521): I 03/18/2013 17:45:52:490 000009f0           HttpServer| GC Start.
I/APP     ( 2521): I 03/18/2013 17:45:52:545 000009f0           HttpServer| GC End.
I/APP     ( 2521): I 03/18/2013 17:46:03:100 000009f0           HttpServer| Process URI: '/app/index_erb.iseq'
I/APP     ( 2521): I 03/18/2013 17:46:03:106 000009f0                  APP| RHO serve_index: /app/index_erb.iseq
I/APP     ( 2521): I 03/18/2013 17:46:03:135 000009f0 RHO Rho::RhoController| inst_render_index
I/APP     ( 2521): I 03/18/2013 17:46:03:212 000009f0           HttpServer| GC Start.
I/APP     ( 2521): I 03/18/2013 17:46:03:277 000009f0           HttpServer| GC End.
D/dalvikvm(   81): GC_CONCURRENT freed 440K, 11% free 11286K/12679K, paused 6ms+8ms
I/APP     ( 2521): I 03/18/2013 17:46:10:769 000009f0           HttpServer| Process URI: '/app/Product/get_catalog_data'
I/APP     ( 2521): I 03/18/2013 17:46:10:772 000009f0                  APP| RHO serve: /app/Product/get_catalog_data
I/ActivityManager(   81): START {cmp=com.rhomobile.macotec/com.rhomobile.rhodes.alert.PopupActivity (has extras)} from pid 2521
W/WindowManager(   81): Failure taking screenshot for (180x300) to layer 21010
I/APP     ( 2521): I 03/18/2013 17:46:10:861 000009f0            AsyncHttp| addCommand: GET
I/APP     ( 2521): I 03/18/2013 17:46:10:881 000009fe                  Net| GET request (Pull): http://www.datenloft.com/macotec/catalog.php
I/APP     ( 2521): I 03/18/2013 17:46:10:932 000009f0           HttpServer| GC Start.
I/APP     ( 2521): I 03/18/2013 17:46:11:006 000009f0           HttpServer| GC End.
I/APP     ( 2521): I 03/18/2013 17:46:11:205 000009d9 AndroidFunctionality| Pause WebView
I/APP     ( 2521): I 03/18/2013 17:46:11:208 000009d9       RhodesActivity| onPause
I/APP     ( 2521): I 03/18/2013 17:46:11:240 000009d9    RhodesApplication| New UiState: MainActivityPaused
V/PhoneStatusBar(  141): setLightsOn(true)
I/APP     ( 2521): I 03/18/2013 17:46:11:524 000009f0           HttpServer| Process URI: '/app/Product/http_callback'
I/APP     ( 2521): I 03/18/2013 17:46:11:531 000009f0                  APP| RHO serve: /app/Product/http_callback
I/APP     ( 2521): I 03/18/2013 17:46:11:579 000009f0                  APP| Params: {"rho_callback"=>"1", "status"=>"ok", "http_error"=>"200", "headers"=>{"Content-Type"=>"application/x-www-form-urlencoded", "User-Agent"=>"Mozilla-5.0 (ANDROID; unknown generic; 4.0.4)", "charset"=>"UTF-8", "connection"=>"Keep-Alive", "content-type"=>"application/json", "date"=>"Mon, 18 Mar 2013 16:46:11 GMT", "keep-alive"=>"timeout=3, max=100", "server"=>"Apache/2.2.21 (Unix) mod_ssl/2.2.21 OpenSSL/0.9.8r", "transfer-encoding"=>"chunked", "x-pad"=>"avoid browser bug", "x-powered-by"=>"PHP/5.2.17"}, "__rho_object"=>{"body"=>"0"}}
I/APP     ( 2521): I 03/18/2013 17:46:11:630 000009f0                  APP| ::::::::::::::::::::::: update_product_list
I/Process (   81): Sending signal. PID: 2521 SIG: 3
I/dalvikvm( 2521): threadid=3: reacting to signal 3
I/dalvikvm( 2521): Wrote stack traces to '/data/anr/traces.txt'
D/RhodesService( 2521): +++ onStartCommand
I/RhodesService( 2521): handleCommand: startId=5, source=com.rhomobile.rhodes.BaseActivity
D/RhodesService( 2521): New activity was created
I/ActivityManager(   81): Displayed com.rhomobile.macotec/com.rhomobile.rhodes.alert.PopupActivity: +948ms
I/APP     ( 2521): I 03/18/2013 17:46:15:358 000009fe            AsyncHttp| ThreadQueue blocked for 4294967295 seconds...
I/APP     ( 2521): I 03/18/2013 17:46:15:351 000009d9       SimpleMainView| Cleared URL: http://localhost:8080/app/Product
I/APP     ( 2521): I 03/18/2013 17:46:15:410 000009f0           HttpServer| GC Start.
I/APP     ( 2521): I 03/18/2013 17:46:15:467 000009f0           HttpServer| GC End.
I/APP     ( 2521): I 03/18/2013 17:46:15:470 000009f0           HttpServer| Process URI: '/app/Product'
I/APP     ( 2521): I 03/18/2013 17:46:15:542 000009f0                  APP| RHO serve: /app/Product
W/WindowManager(   81): Failure taking screenshot for (180x300) to layer 21020
V/PhoneStatusBar(  141): setLightsOn(true)
I/APP     ( 2521): I 03/18/2013 17:46:15:765 000009d9       RhodesActivity| onResume
I/APP     ( 2521): I 03/18/2013 17:46:15:765 000009d9 AndroidFunctionality| Resume WebView
I/APP     ( 2521): I 03/18/2013 17:46:16:011 000009f0 RHO ProductController| Layout file: /data/data/com.rhomobile.macotec/rhodata/apps/app/layout_erb.iseq. Content size: 3810
I/APP     ( 2521): I 03/18/2013 17:46:16:073 000009f0           HttpServer| GC Start.
I/Process (   81): Sending signal. PID: 2521 SIG: 3
I/dalvikvm( 2521): threadid=3: reacting to signal 3
I/APP     ( 2521): I 03/18/2013 17:46:16:202 000009f0           HttpServer| GC End.
I/dalvikvm( 2521): Wrote stack traces to '/data/anr/traces.txt'
I/APP     ( 2521): I 03/18/2013 17:46:20:960 000009f0           HttpServer| Process URI: '/app/Product/sub_categories'
I/APP     ( 2521): I 03/18/2013 17:46:20:962 000009f0                  APP| RHO serve: /app/Product/sub_categories
I/APP     ( 2521): I 03/18/2013 17:46:20:996 000009f0                  APP| Params: {"category"=>"container"}
I/APP     ( 2521): I 03/18/2013 17:46:21:129 000009f0           HttpServer| GC Start.
I/APP     ( 2521): I 03/18/2013 17:46:21:186 000009f0           HttpServer| GC End.
I/APP     ( 2521): I 03/18/2013 17:46:24:104 000009f0           HttpServer| Process URI: '/app/Product/product_details'
I/APP     ( 2521): I 03/18/2013 17:46:24:108 000009f0                  APP| RHO serve: /app/Product/product_details
I/APP     ( 2521): I 03/18/2013 17:46:24:134 000009f0                  APP| Params: {"sub_category"=>"material_container", "category"=>"container"}
I/APP     ( 2521): I 03/18/2013 17:46:24:292 000009f0           HttpServer| GC Start.
I/APP     ( 2521): I 03/18/2013 17:46:24:396 000009f0           HttpServer| GC End.
I/APP     ( 2521): I 03/18/2013 17:46:26:800 000009f0           HttpServer| Process URI: '/app/index_erb.iseq'
I/APP     ( 2521): I 03/18/2013 17:46:26:805 000009f0                  APP| RHO serve_index: /app/index_erb.iseq
I/APP     ( 2521): I 03/18/2013 17:46:26:833 000009f0 RHO Rho::RhoController| inst_render_index
I/APP     ( 2521): I 03/18/2013 17:46:26:937 000009f0           HttpServer| GC Start.
I/APP     ( 2521): I 03/18/2013 17:46:26:994 000009f0           HttpServer| GC End.
I/APP     ( 2521): I 03/18/2013 17:46:34:738 000009f0           HttpServer| Process URI: '/app/Product/get_catalog_data'
I/APP     ( 2521): I 03/18/2013 17:46:34:741 000009f0                  APP| RHO serve: /app/Product/get_catalog_data
I/ActivityManager(   81): START {cmp=com.rhomobile.macotec/com.rhomobile.rhodes.alert.PopupActivity (has extras)} from pid 2521
W/WindowManager(   81): Failure taking screenshot for (180x300) to layer 21010
I/APP     ( 2521): I 03/18/2013 17:46:34:831 000009f0            AsyncHttp| addCommand: GET
I/APP     ( 2521): I 03/18/2013 17:46:34:836 000009fe                  Net| GET request (Pull): http://www.datenloft.com/macotec/catalog.php
I/APP     ( 2521): I 03/18/2013 17:46:34:895 000009f0           HttpServer| GC Start.
I/APP     ( 2521): I 03/18/2013 17:46:34:966 000009f0           HttpServer| GC End.
I/APP     ( 2521): I 03/18/2013 17:46:35:153 000009d9 AndroidFunctionality| Pause WebView
I/APP     ( 2521): I 03/18/2013 17:46:35:155 000009d9       RhodesActivity| onPause
I/APP     ( 2521): I 03/18/2013 17:46:35:189 000009d9    RhodesApplication| New UiState: MainActivityPaused
I/APP     ( 2521): I 03/18/2013 17:46:35:248 000009f0           HttpServer| Process URI: '/app/Product/http_callback'
I/APP     ( 2521): I 03/18/2013 17:46:35:250 000009f0                  APP| RHO serve: /app/Product/http_callback
V/PhoneStatusBar(  141): setLightsOn(true)
I/APP     ( 2521): I 03/18/2013 17:46:35:331 000009f0                  APP| Params: {"rho_callback"=>"1", "status"=>"ok", "http_error"=>"200", "headers"=>{"Content-Type"=>"application/x-www-form-urlencoded", "User-Agent"=>"Mozilla-5.0 (ANDROID; unknown generic; 4.0.4)", "charset"=>"UTF-8", "connection"=>"Keep-Alive", "content-type"=>"application/json", "date"=>"Mon, 18 Mar 2013 16:46:35 GMT", "keep-alive"=>"timeout=3, max=100", "server"=>"Apache/2.2.21 (Unix) mod_ssl/2.2.21 OpenSSL/0.9.8r", "transfer-encoding"=>"chunked", "x-pad"=>"avoid browser bug", "x-powered-by"=>"PHP/5.2.17"}, "__rho_object"=>{"body"=>"0"}}
I/APP     ( 2521): I 03/18/2013 17:46:35:376 000009f0                  APP| ::::::::::::::::::::::: update_product_list
I/Process (   81): Sending signal. PID: 2521 SIG: 3
I/dalvikvm( 2521): threadid=3: reacting to signal 3
I/dalvikvm( 2521): Wrote stack traces to '/data/anr/traces.txt'
D/RhodesService( 2521): +++ onStartCommand
I/RhodesService( 2521): handleCommand: startId=6, source=com.rhomobile.rhodes.BaseActivity
D/RhodesService( 2521): New activity was created
I/ActivityManager(   81): Displayed com.rhomobile.macotec/com.rhomobile.rhodes.alert.PopupActivity: +867ms
I/APP     ( 2521): I 03/18/2013 17:46:39:149 000009d9       SimpleMainView| Cleared URL: http://localhost:8080/app/Product
I/APP     ( 2521): I 03/18/2013 17:46:39:186 000009fe            AsyncHttp| ThreadQueue blocked for 4294967295 seconds...
I/APP     ( 2521): I 03/18/2013 17:46:39:210 000009f0           HttpServer| GC Start.
I/APP     ( 2521): I 03/18/2013 17:46:39:273 000009f0           HttpServer| GC End.
I/APP     ( 2521): I 03/18/2013 17:46:39:276 000009f0           HttpServer| Process URI: '/app/Product'
I/APP     ( 2521): I 03/18/2013 17:46:39:310 000009f0                  APP| RHO serve: /app/Product
W/WindowManager(   81): Failure taking screenshot for (180x300) to layer 21020
V/PhoneStatusBar(  141): setLightsOn(true)
I/APP     ( 2521): I 03/18/2013 17:46:39:552 000009d9       RhodesActivity| onResume
I/APP     ( 2521): I 03/18/2013 17:46:39:552 000009d9 AndroidFunctionality| Resume WebView
I/APP     ( 2521): I 03/18/2013 17:46:39:754 000009f0 RHO ProductController| Layout file: /data/data/com.rhomobile.macotec/rhodata/apps/app/layout_erb.iseq. Content size: 3810
I/APP     ( 2521): I 03/18/2013 17:46:39:853 000009f0           HttpServer| GC Start.
I/Process (   81): Sending signal. PID: 2521 SIG: 3
I/dalvikvm( 2521): threadid=3: reacting to signal 3
I/dalvikvm( 2521): Wrote stack traces to '/data/anr/traces.txt'
I/APP     ( 2521): I 03/18/2013 17:46:40:019 000009f0           HttpServer| GC End.
F/NetworkStats(   81): problem reading network stats
F/NetworkStats(   81): java.lang.IllegalStateException: problem parsing idx 1
F/NetworkStats(   81): 	at com.android.internal.net.NetworkStatsFactory.readNetworkStatsDetail(NetworkStatsFactory.java:300)
F/NetworkStats(   81): 	at com.android.server.NetworkManagementService.getNetworkStatsUidDetail(NetworkManagementService.java:1282)
F/NetworkStats(   81): 	at com.android.server.net.NetworkStatsService.performPollLocked(NetworkStatsService.java:831)
F/NetworkStats(   81): 	at com.android.server.net.NetworkStatsService.performPoll(NetworkStatsService.java:799)
F/NetworkStats(   81): 	at com.android.server.net.NetworkStatsService.access$100(NetworkStatsService.java:128)
F/NetworkStats(   81): 	at com.android.server.net.NetworkStatsService$3.onReceive(NetworkStatsService.java:633)
F/NetworkStats(   81): 	at android.app.LoadedApk$ReceiverDispatcher$Args.run(LoadedApk.java:728)
F/NetworkStats(   81): 	at android.os.Handler.handleCallback(Handler.java:605)
F/NetworkStats(   81): 	at android.os.Handler.dispatchMessage(Handler.java:92)
F/NetworkStats(   81): 	at android.os.Looper.loop(Looper.java:137)
F/NetworkStats(   81): 	at android.os.HandlerThread.run(HandlerThread.java:60)
F/NetworkStats(   81): Caused by: java.io.FileNotFoundException: /proc/net/xt_qtaguid/stats: open failed: ENOENT (No such file or directory)
F/NetworkStats(   81): 	at libcore.io.IoBridge.open(IoBridge.java:406)
F/NetworkStats(   81): 	at java.io.FileInputStream.<init>(FileInputStream.java:78)
F/NetworkStats(   81): 	at com.android.internal.net.NetworkStatsFactory.readNetworkStatsDetail(NetworkStatsFactory.java:269)
F/NetworkStats(   81): 	... 10 more
F/NetworkStats(   81): Caused by: libcore.io.ErrnoException: open failed: ENOENT (No such file or directory)
F/NetworkStats(   81): 	at libcore.io.Posix.open(Native Method)
F/NetworkStats(   81): 	at libcore.io.BlockGuardOs.open(BlockGuardOs.java:110)
F/NetworkStats(   81): 	at libcore.io.IoBridge.open(IoBridge.java:390)
F/NetworkStats(   81): 	... 12 more
I/APP     ( 2521): I 03/18/2013 17:46:52:878 000009f0           HttpServer| Process URI: '/app/index_erb.iseq'
I/APP     ( 2521): I 03/18/2013 17:46:52:882 000009f0                  APP| RHO serve_index: /app/index_erb.iseq
I/APP     ( 2521): I 03/18/2013 17:46:52:910 000009f0 RHO Rho::RhoController| inst_render_index
I/APP     ( 2521): I 03/18/2013 17:46:53:049 000009f0           HttpServer| GC Start.
I/APP     ( 2521): I 03/18/2013 17:46:53:114 000009f0           HttpServer| GC End.
I/APP     ( 2521): I 03/18/2013 17:46:54:909 000009f0           HttpServer| Process URI: '/app/index_erb.iseq'
I/APP     ( 2521): I 03/18/2013 17:46:54:914 000009f0                  APP| RHO serve_index: /app/index_erb.iseq
I/APP     ( 2521): I 03/18/2013 17:46:54:946 000009f0 RHO Rho::RhoController| inst_render_index
I/APP     ( 2521): I 03/18/2013 17:46:55:115 000009f0           HttpServer| GC Start.
I/APP     ( 2521): I 03/18/2013 17:46:55:184 000009f0           HttpServer| GC End.
I/APP     ( 2521): I 03/18/2013 17:46:57:567 000009f0           HttpServer| Process URI: '/app/Request/request'
I/APP     ( 2521): I 03/18/2013 17:46:57:569 000009f0                  APP| RHO serve: /app/Request/request
I/APP     ( 2521): I 03/18/2013 17:46:57:572 000009f0              RhoRuby| require_compiled: Request/request_controller
I/APP     ( 2521): I 03/18/2013 17:46:57:704 000009f0              RhoRuby| require_compiled: time
I/APP     ( 2521): I 03/18/2013 17:46:58:001 000009f0           HttpServer| GC Start.
I/APP     ( 2521): I 03/18/2013 17:46:58:080 000009f0           HttpServer| GC End.
I/APP     ( 2521): I 03/18/2013 17:46:58:591 000009f0           HttpServer| Process URI: '/public/images/macotec/forklifter_full.png'
I/APP     ( 2521): I 03/18/2013 17:46:58:648 000009f0           HttpServer| Process URI: '/public/images/macotec/request_contract.png'
I/APP     ( 2521): I 03/18/2013 17:47:01:191 000009f0           HttpServer| Process URI: '/app/Settings'
I/APP     ( 2521): I 03/18/2013 17:47:01:192 000009f0                  APP| RHO serve: /app/Settings
I/APP     ( 2521): I 03/18/2013 17:47:01:221 000009f0              RhoRuby| require_compiled: Settings/settings_controller
I/APP     ( 2521): I 03/18/2013 17:47:01:388 000009f0           HttpServer| GC Start.
I/APP     ( 2521): I 03/18/2013 17:47:01:430 000009f0           HttpServer| GC End.
I/APP     ( 2521): I 03/18/2013 17:47:01:494 000009f0           HttpServer| Process URI: '/app/Settings/get_data'
I/APP     ( 2521): I 03/18/2013 17:47:01:498 000009f0                  APP| RHO serve: /app/Settings/get_data
I/APP     ( 2521): I 03/18/2013 17:47:01:526 000009f0                  APP| const_missing: Settings
I/APP     ( 2521): I 03/18/2013 17:47:01:541 000009f0                  APP| load_model: Settings
I/APP     ( 2521): I 03/18/2013 17:47:01:565 000009f0              RhoRuby| require_compiled: Settings/settings
I/APP     ( 2521): I 03/18/2013 17:47:01:616 000009f0                  APP| model name: Settings
I/APP     ( 2521): I 03/18/2013 17:47:01:645 000009f0                  APP| model class found
I/APP     ( 2521): I 03/18/2013 17:47:01:649 000009f0                  APP| Settings : {"schema"=>{"property"=>{"company"=>[:string, nil], "phone"=>[:string, nil], "email"=>[:string, nil]}}}
I/APP     ( 2521): I 03/18/2013 17:47:01:680 000009f0                  APP| init_db_sources
I/APP     ( 2521): I 03/18/2013 17:47:01:702 000009f0                  APP| start_id: 40005
I/APP     ( 2521): I 03/18/2013 17:47:01:727 000009f0                  APP| Migrate schema sources: {}
I/APP     ( 2521): I 03/18/2013 17:47:01:777 000009d9       SimpleMainView| Cleared URL: javascript:setData("Hasenbert","03098327498273","erwin@hasenbert.com");
I/APP     ( 2521): I 03/18/2013 17:47:01:830 000009f0           HttpServer| GC Start.
I/APP     ( 2521): I 03/18/2013 17:47:01:891 000009f0           HttpServer| GC End.
I/APP     ( 2521): I 03/18/2013 17:47:05:437 000009f0           HttpServer| Process URI: '/app/index_erb.iseq'
I/APP     ( 2521): I 03/18/2013 17:47:05:440 000009f0                  APP| RHO serve_index: /app/index_erb.iseq
I/APP     ( 2521): I 03/18/2013 17:47:05:441 000009f0 RHO Rho::RhoController| inst_render_index
I/APP     ( 2521): I 03/18/2013 17:47:05:588 000009f0           HttpServer| GC Start.
I/APP     ( 2521): I 03/18/2013 17:47:05:658 000009f0           HttpServer| GC End.
I/APP     ( 2521): I 03/18/2013 17:47:08:717 000009f0           HttpServer| Process URI: '/app/Product/get_catalog_data'
I/APP     ( 2521): I 03/18/2013 17:47:08:719 000009f0                  APP| RHO serve: /app/Product/get_catalog_data
I/ActivityManager(   81): START {cmp=com.rhomobile.macotec/com.rhomobile.rhodes.alert.PopupActivity (has extras)} from pid 2521
W/WindowManager(   81): Failure taking screenshot for (180x300) to layer 21010
I/APP     ( 2521): I 03/18/2013 17:47:08:792 000009f0            AsyncHttp| addCommand: GET
I/APP     ( 2521): I 03/18/2013 17:47:08:811 000009fe                  Net| GET request (Pull): http://www.datenloft.com/macotec/catalog.php
I/APP     ( 2521): I 03/18/2013 17:47:08:861 000009f0           HttpServer| GC Start.
I/APP     ( 2521): I 03/18/2013 17:47:08:944 000009f0           HttpServer| GC End.
I/APP     ( 2521): I 03/18/2013 17:47:09:176 000009d9 AndroidFunctionality| Pause WebView
I/APP     ( 2521): I 03/18/2013 17:47:09:183 000009d9       RhodesActivity| onPause
I/APP     ( 2521): I 03/18/2013 17:47:09:242 000009f0           HttpServer| Process URI: '/app/Product/http_callback'
I/APP     ( 2521): I 03/18/2013 17:47:09:244 000009f0                  APP| RHO serve: /app/Product/http_callback
I/APP     ( 2521): I 03/18/2013 17:47:09:212 000009d9    RhodesApplication| New UiState: MainActivityPaused
W/ActivityManager(   81): Activity pause timeout for ActivityRecord{413c5350 com.rhomobile.macotec/com.rhomobile.rhodes.RhodesActivity}
I/Process (   81): Sending signal. PID: 2521 SIG: 3
I/dalvikvm( 2521): threadid=3: reacting to signal 3
I/APP     ( 2521): I 03/18/2013 17:47:09:344 000009f0                  APP| Params: {"rho_callback"=>"1", "status"=>"ok", "http_error"=>"200", "headers"=>{"Content-Type"=>"application/x-www-form-urlencoded", "User-Agent"=>"Mozilla-5.0 (ANDROID; unknown generic; 4.0.4)", "charset"=>"UTF-8", "connection"=>"Keep-Alive", "content-type"=>"application/json", "date"=>"Mon, 18 Mar 2013 16:47:09 GMT", "keep-alive"=>"timeout=3, max=100", "server"=>"Apache/2.2.21 (Unix) mod_ssl/2.2.21 OpenSSL/0.9.8r", "transfer-encoding"=>"chunked", "x-pad"=>"avoid browser bug", "x-powered-by"=>"PHP/5.2.17"}, "__rho_object"=>{"body"=>"0"}}
I/dalvikvm( 2521): Wrote stack traces to '/data/anr/traces.txt'
I/APP     ( 2521): I 03/18/2013 17:47:09:418 000009f0                  APP| ::::::::::::::::::::::: update_product_list
V/PhoneStatusBar(  141): setLightsOn(true)
I/Process (   81): Sending signal. PID: 2521 SIG: 3
I/dalvikvm( 2521): threadid=3: reacting to signal 3
D/RhodesService( 2521): +++ onStartCommand
I/RhodesService( 2521): handleCommand: startId=7, source=com.rhomobile.rhodes.BaseActivity
D/RhodesService( 2521): New activity was created
I/dalvikvm( 2521): Wrote stack traces to '/data/anr/traces.txt'
I/ActivityManager(   81): Displayed com.rhomobile.macotec/com.rhomobile.rhodes.alert.PopupActivity: +866ms
I/APP     ( 2521): I 03/18/2013 17:47:13:337 000009d9       SimpleMainView| Cleared URL: http://localhost:8080/app/Product
I/APP     ( 2521): I 03/18/2013 17:47:13:376 000009fe            AsyncHttp| ThreadQueue blocked for 4294967295 seconds...
I/APP     ( 2521): I 03/18/2013 17:47:13:402 000009f0           HttpServer| GC Start.
I/APP     ( 2521): I 03/18/2013 17:47:13:615 000009f0           HttpServer| GC End.
I/APP     ( 2521): I 03/18/2013 17:47:13:695 000009f0           HttpServer| Process URI: '/app/Product'
I/APP     ( 2521): I 03/18/2013 17:47:13:758 000009f0                  APP| RHO serve: /app/Product
W/WindowManager(   81): Failure taking screenshot for (180x300) to layer 21020
V/PhoneStatusBar(  141): setLightsOn(true)
I/APP     ( 2521): I 03/18/2013 17:47:15:647 000009d9       RhodesActivity| onResume
I/APP     ( 2521): I 03/18/2013 17:47:15:715 000009d9 AndroidFunctionality| Resume WebView
I/Process (   81): Sending signal. PID: 2521 SIG: 3
I/dalvikvm( 2521): threadid=3: reacting to signal 3
I/APP     ( 2521): I 03/18/2013 17:47:16:578 000009f0 RHO ProductController| Layout file: /data/data/com.rhomobile.macotec/rhodata/apps/app/layout_erb.iseq. Content size: 3810
E/dalvikvm( 2521): Unable to open stack trace file '/data/anr/traces.txt': Permission denied
I/Process (   81): Sending signal. PID: 2521 SIG: 3
I/dalvikvm( 2521): threadid=3: reacting to signal 3
I/Process (   81): Sending signal. PID: 2521 SIG: 3
I/APP     ( 2521): I 03/18/2013 17:47:17:464 000009f0           HttpServer| GC Start.
I/dalvikvm( 2521): Wrote stack traces to '/data/anr/traces.txt'
I/dalvikvm( 2521): threadid=3: reacting to signal 3
I/Process (   81): Sending signal. PID: 2521 SIG: 3
I/APP     ( 2521): I 03/18/2013 17:47:18:104 000009f0           HttpServer| GC End.
I/dalvikvm( 2521): Wrote stack traces to '/data/anr/traces.txt'
I/dalvikvm( 2521): threadid=3: reacting to signal 3
I/Process (   81): Sending signal. PID: 2521 SIG: 3
I/dalvikvm( 2521): Wrote stack traces to '/data/anr/traces.txt'
D/dalvikvm(   81): GC_CONCURRENT freed 459K, 11% free 11312K/12679K, paused 95ms+191ms
I/dalvikvm( 2521): threadid=3: reacting to signal 3
I/dalvikvm( 2521): Wrote stack traces to '/data/anr/traces.txt'
D/dalvikvm(  183): GC_CONCURRENT freed 384K, 6% free 9533K/10119K, paused 7ms+4ms
