F/NetworkStats(  154): 	at com.android.server.NetworkManagementService.getNetworkStatsUidDetail(NetworkManagementService.java:1282)
F/NetworkStats(  154): 	at com.android.server.net.NetworkStatsService.performPollLocked(NetworkStatsService.java:831)
F/NetworkStats(  154): 	at com.android.server.net.NetworkStatsService.updateIfacesLocked(NetworkStatsService.java:743)
F/NetworkStats(  154): 	at com.android.server.net.NetworkStatsService.updateIfaces(NetworkStatsService.java:721)
F/NetworkStats(  154): 	at com.android.server.net.NetworkStatsService.access$000(NetworkStatsService.java:128)
F/NetworkStats(  154): 	at com.android.server.net.NetworkStatsService$8.handleMessage(NetworkStatsService.java:1633)
F/NetworkStats(  154): 	at android.os.Handler.dispatchMessage(Handler.java:95)
F/NetworkStats(  154): 	at android.os.Looper.loop(Looper.java:137)
F/NetworkStats(  154): 	at android.os.HandlerThread.run(HandlerThread.java:60)
F/NetworkStats(  154): Caused by: java.io.FileNotFoundException: /proc/net/xt_qtaguid/stats: open failed: ENOENT (No such file or directory)
F/NetworkStats(  154): 	at libcore.io.IoBridge.open(IoBridge.java:406)
F/NetworkStats(  154): 	at java.io.FileInputStream.<init>(FileInputStream.java:78)
F/NetworkStats(  154): 	at com.android.internal.net.NetworkStatsFactory.readNetworkStatsDetail(NetworkStatsFactory.java:269)
F/NetworkStats(  154): 	... 9 more
F/NetworkStats(  154): Caused by: libcore.io.ErrnoException: open failed: ENOENT (No such file or directory)
F/NetworkStats(  154): 	at libcore.io.Posix.open(Native Method)
F/NetworkStats(  154): 	at libcore.io.BlockGuardOs.open(BlockGuardOs.java:110)
F/NetworkStats(  154): 	at libcore.io.IoBridge.open(IoBridge.java:390)
F/NetworkStats(  154): 	... 11 more
D/MccTable(  843): updateMccMncConfiguration: mcc=310, mnc=260
D/MccTable(  843): locale set to en_us
D/MccTable(  843): WIFI_COUNTRY_CODE set to us
I/WifiService(  154): WifiService trying to set country code to us with persist set to true
D/dalvikvm(  843): GC_CONCURRENT freed 368K, 5% free 9583K/10055K, paused 4ms+6ms
I/SqliteDatabaseCpp(  843): sqlite returned: error code = 1, msg = duplicate column name: protocol, db=/data/data/com.android.providers.telephony/databases/telephony.db
F/NetworkStats(  154): problem reading network stats
F/NetworkStats(  154): java.lang.IllegalStateException: problem parsing idx 1
F/NetworkStats(  154): 	at com.android.internal.net.NetworkStatsFactory.readNetworkStatsDetail(NetworkStatsFactory.java:300)
F/NetworkStats(  154): 	at com.android.server.NetworkManagementService.getNetworkStatsUidDetail(NetworkManagementService.java:1282)
F/NetworkStats(  154): 	at com.android.server.net.NetworkStatsService.performPollLocked(NetworkStatsService.java:831)
F/NetworkStats(  154): 	at com.android.server.net.NetworkStatsService.updateIfacesLocked(NetworkStatsService.java:743)
F/NetworkStats(  154): 	at com.android.server.net.NetworkStatsService.updateIfaces(NetworkStatsService.java:721)
F/NetworkStats(  154): 	at com.android.server.net.NetworkStatsService.access$000(NetworkStatsService.java:128)
F/NetworkStats(  154): 	at com.android.server.net.NetworkStatsService$8.handleMessage(NetworkStatsService.java:1633)
F/NetworkStats(  154): 	at android.os.Handler.dispatchMessage(Handler.java:95)
F/NetworkStats(  154): 	at android.os.Looper.loop(Looper.java:137)
F/NetworkStats(  154): 	at android.os.HandlerThread.run(HandlerThread.java:60)
F/NetworkStats(  154): Caused by: java.io.FileNotFoundException: /proc/net/xt_qtaguid/stats: open failed: ENOENT (No such file or directory)
F/NetworkStats(  154): 	at libcore.io.IoBridge.open(IoBridge.java:406)
F/NetworkStats(  154): 	at java.io.FileInputStream.<init>(FileInputStream.java:78)
F/NetworkStats(  154): 	at com.android.internal.net.NetworkStatsFactory.readNetworkStatsDetail(NetworkStatsFactory.java:269)
F/NetworkStats(  154): 	... 9 more
F/NetworkStats(  154): Caused by: libcore.io.ErrnoException: open failed: ENOENT (No such file or directory)
F/NetworkStats(  154): 	at libcore.io.Posix.open(Native Method)
F/NetworkStats(  154): 	at libcore.io.BlockGuardOs.open(BlockGuardOs.java:110)
F/NetworkStats(  154): 	at libcore.io.IoBridge.open(IoBridge.java:390)
F/NetworkStats(  154): 	... 11 more
E/SQLiteOpenHelper(  843): Couldn't open telephony.db for writing (will try read-only):
E/SQLiteOpenHelper(  843): android.database.sqlite.SQLiteException: duplicate column name: protocol: , while compiling: ALTER TABLE carriers ADD COLUMN protocol TEXT DEFAULT IP;
E/SQLiteOpenHelper(  843): 	at android.database.sqlite.SQLiteCompiledSql.native_compile(Native Method)
E/SQLiteOpenHelper(  843): 	at android.database.sqlite.SQLiteCompiledSql.<init>(SQLiteCompiledSql.java:68)
E/SQLiteOpenHelper(  843): 	at android.database.sqlite.SQLiteProgram.compileSql(SQLiteProgram.java:134)
E/SQLiteOpenHelper(  843): 	at android.database.sqlite.SQLiteProgram.compileAndbindAllArgs(SQLiteProgram.java:361)
E/SQLiteOpenHelper(  843): 	at android.database.sqlite.SQLiteStatement.acquireAndLock(SQLiteStatement.java:260)
E/SQLiteOpenHelper(  843): 	at android.database.sqlite.SQLiteStatement.executeUpdateDelete(SQLiteStatement.java:84)
E/SQLiteOpenHelper(  843): 	at android.database.sqlite.SQLiteDatabase.executeSql(SQLiteDatabase.java:1899)
E/SQLiteOpenHelper(  843): 	at android.database.sqlite.SQLiteDatabase.execSQL(SQLiteDatabase.java:1839)
E/SQLiteOpenHelper(  843): 	at com.android.providers.telephony.TelephonyProvider$DatabaseHelper.onUpgrade(TelephonyProvider.java:219)
E/SQLiteOpenHelper(  843): 	at android.database.sqlite.SQLiteOpenHelper.getWritableDatabase(SQLiteOpenHelper.java:170)
E/SQLiteOpenHelper(  843): 	at android.database.sqlite.SQLiteOpenHelper.getReadableDatabase(SQLiteOpenHelper.java:231)
E/SQLiteOpenHelper(  843): 	at com.android.providers.telephony.TelephonyProvider.query(TelephonyProvider.java:460)
E/SQLiteOpenHelper(  843): 	at android.content.ContentProvider$Transport.query(ContentProvider.java:178)
E/SQLiteOpenHelper(  843): 	at android.content.ContentResolver.query(ContentResolver.java:311)
E/SQLiteOpenHelper(  843): 	at com.android.internal.telephony.gsm.GsmDataConnectionTracker.createAllApnList(GsmDataConnectionTracker.java:2202)
E/SQLiteOpenHelper(  843): 	at com.android.internal.telephony.gsm.GsmDataConnectionTracker.onRecordsLoaded(GsmDataConnectionTracker.java:1724)
E/SQLiteOpenHelper(  843): 	at com.android.internal.telephony.gsm.GsmDataConnectionTracker.handleMessage(GsmDataConnectionTracker.java:2429)
E/SQLiteOpenHelper(  843): 	at android.os.Handler.dispatchMessage(Handler.java:99)
E/SQLiteOpenHelper(  843): 	at android.os.Looper.loop(Looper.java:137)
E/SQLiteOpenHelper(  843): 	at android.app.ActivityThread.main(ActivityThread.java:4424)
E/SQLiteOpenHelper(  843): 	at java.lang.reflect.Method.invokeNative(Native Method)
E/SQLiteOpenHelper(  843): 	at java.lang.reflect.Method.invoke(Method.java:511)
E/SQLiteOpenHelper(  843): 	at com.android.internal.os.ZygoteInit$MethodAndArgsCaller.run(ZygoteInit.java:784)
E/SQLiteOpenHelper(  843): 	at com.android.internal.os.ZygoteInit.main(ZygoteInit.java:551)
E/SQLiteOpenHelper(  843): 	at dalvik.system.NativeStart.main(Native Method)
D/AndroidRuntime(  843): Shutting down VM
W/dalvikvm(  843): threadid=1: thread exiting with uncaught exception (group=0x409c01f8)
E/AndroidRuntime(  843): FATAL EXCEPTION: main
E/AndroidRuntime(  843): android.database.sqlite.SQLiteException: Can't upgrade read-only database from version 327686 to 458759: /data/data/com.android.providers.telephony/databases/telephony.db
E/AndroidRuntime(  843): 	at android.database.sqlite.SQLiteOpenHelper.getReadableDatabase(SQLiteOpenHelper.java:244)
E/AndroidRuntime(  843): 	at com.android.providers.telephony.TelephonyProvider.query(TelephonyProvider.java:460)
E/AndroidRuntime(  843): 	at android.content.ContentProvider$Transport.query(ContentProvider.java:178)
E/AndroidRuntime(  843): 	at android.content.ContentResolver.query(ContentResolver.java:311)
E/AndroidRuntime(  843): 	at com.android.internal.telephony.gsm.GsmDataConnectionTracker.createAllApnList(GsmDataConnectionTracker.java:2202)
E/AndroidRuntime(  843): 	at com.android.internal.telephony.gsm.GsmDataConnectionTracker.onRecordsLoaded(GsmDataConnectionTracker.java:1724)
E/AndroidRuntime(  843): 	at com.android.internal.telephony.gsm.GsmDataConnectionTracker.handleMessage(GsmDataConnectionTracker.java:2429)
E/AndroidRuntime(  843): 	at android.os.Handler.dispatchMessage(Handler.java:99)
E/AndroidRuntime(  843): 	at android.os.Looper.loop(Looper.java:137)
E/AndroidRuntime(  843): 	at android.app.ActivityThread.main(ActivityThread.java:4424)
E/AndroidRuntime(  843): 	at java.lang.reflect.Method.invokeNative(Native Method)
E/AndroidRuntime(  843): 	at java.lang.reflect.Method.invoke(Method.java:511)
E/AndroidRuntime(  843): 	at com.android.internal.os.ZygoteInit$MethodAndArgsCaller.run(ZygoteInit.java:784)
E/AndroidRuntime(  843): 	at com.android.internal.os.ZygoteInit.main(ZygoteInit.java:551)
E/AndroidRuntime(  843): 	at dalvik.system.NativeStart.main(Native Method)
W/ActivityManager(  154): Process com.android.phone has crashed too many times: killing!
I/Process (  843): Sending signal. PID: 843 SIG: 9
I/ActivityManager(  154): Process com.android.phone (pid 843) has died.
I/ServiceManager(   30): service 'simphonebook' died
I/ServiceManager(   30): service 'iphonesubinfo' died
I/ServiceManager(   30): service 'isms' died
I/ServiceManager(   30): service 'phone' died
I/ActivityManager(  154): Start proc com.android.phone for restart com.android.phone: pid=869 uid=1001 gids={3002, 3001, 3003, 1015}
W/InputManagerService(  154): Window already focused, ignoring focus gain of: com.android.internal.view.IInputMethodClient$Stub$Proxy@4145a470
V/PhoneStatusBar(  239): setLightsOn(true)
I/ActivityThread(  869): Pub mms: com.android.providers.telephony.MmsProvider
I/ActivityThread(  869): Pub sms: com.android.providers.telephony.SmsProvider
I/ActivityThread(  869): Pub telephony: com.android.providers.telephony.TelephonyProvider
W/TelephonyProvider(  869): onCreate: confFile=/system/etc/apns-conf.xml oldCheckSum=-1
I/ActivityThread(  869): Pub icc: com.android.phone.IccProvider
I/ActivityThread(  869): Pub mms-sms: com.android.providers.telephony.MmsSmsProvider
D/dalvikvm(  869): GC_CONCURRENT freed 275K, 5% free 9256K/9671K, paused 5ms+5ms
W/ActivityManager(  154): Unable to start service Intent { act=com.android.internal.telephony.IWapPushManager }: not found
D/        (  869): [ApnContext] set reason as dataEnabled, for type default,current state IDLE
D/        (  869): [ApnContext] set reason as dataEnabled, for type mms,current state IDLE
D/        (  869): [ApnContext] set reason as dataEnabled, for type supl,current state IDLE
D/        (  869): [ApnContext] set reason as dataEnabled, for type hipri,current state IDLE
D/        (  869): [ApnContext] set reason as dataEnabled, for type fota,current state IDLE
D/        (  869): [ApnContext] set reason as dataEnabled, for type ims,current state IDLE
D/        (  869): [ApnContext] set reason as dataEnabled, for type cbs,current state IDLE
D/CAT     (  869): CatService: Running CAT service. STK app installed:false
D/CAT     (  869): CatService: NEW sInstance
D/CallManager(  869): registerPhone(GSM Handler (com.android.internal.telephony.PhoneProxy) {412f7e38})
D/dalvikvm(  154): GC_EXPLICIT freed 517K, 8% free 11652K/12615K, paused 4ms+10ms
W/ActivityManager(  154): Unable to start service Intent { act=com.android.ussd.IExtendedNetworkService }: not found
D/dalvikvm(  869): GC_CONCURRENT freed 359K, 5% free 9389K/9863K, paused 4ms+4ms
D/CAT     (  869): CatService: SIM ready. Reporting STK service running now...
F/NetworkStats(  154): problem reading network stats
F/NetworkStats(  154): java.lang.IllegalStateException: problem parsing idx 1
F/NetworkStats(  154): 	at com.android.internal.net.NetworkStatsFactory.readNetworkStatsDetail(NetworkStatsFactory.java:300)
F/NetworkStats(  154): 	at com.android.server.NetworkManagementService.getNetworkStatsUidDetail(NetworkManagementService.java:1282)
F/NetworkStats(  154): 	at com.android.server.net.NetworkStatsService.performPollLocked(NetworkStatsService.java:831)
F/NetworkStats(  154): 	at com.android.server.net.NetworkStatsService.updateIfacesLocked(NetworkStatsService.java:743)
F/NetworkStats(  154): 	at com.android.server.net.NetworkStatsService.updateIfaces(NetworkStatsService.java:721)
F/NetworkStats(  154): 	at com.android.server.net.NetworkStatsService.access$000(NetworkStatsService.java:128)
F/NetworkStats(  154): 	at com.android.server.net.NetworkStatsService$8.handleMessage(NetworkStatsService.java:1633)
F/NetworkStats(  154): 	at android.os.Handler.dispatchMessage(Handler.java:95)
F/NetworkStats(  154): 	at android.os.Looper.loop(Looper.java:137)
F/NetworkStats(  154): 	at android.os.HandlerThread.run(HandlerThread.java:60)
F/NetworkStats(  154): Caused by: java.io.FileNotFoundException: /proc/net/xt_qtaguid/stats: open failed: ENOENT (No such file or directory)
F/NetworkStats(  154): 	at libcore.io.IoBridge.open(IoBridge.java:406)
F/NetworkStats(  154): 	at java.io.FileInputStream.<init>(FileInputStream.java:78)
F/NetworkStats(  154): 	at com.android.internal.net.NetworkStatsFactory.readNetworkStatsDetail(NetworkStatsFactory.java:269)
F/NetworkStats(  154): 	... 9 more
F/NetworkStats(  154): Caused by: libcore.io.ErrnoException: open failed: ENOENT (No such file or directory)
F/NetworkStats(  154): 	at libcore.io.Posix.open(Native Method)
F/NetworkStats(  154): 	at libcore.io.BlockGuardOs.open(BlockGuardOs.java:110)
F/NetworkStats(  154): 	at libcore.io.IoBridge.open(IoBridge.java:390)
F/NetworkStats(  154): 	... 11 more
D/MccTable(  869): updateMccMncConfiguration: mcc=310, mnc=260
D/MccTable(  869): locale set to en_us
D/MccTable(  869): WIFI_COUNTRY_CODE set to us
I/WifiService(  154): WifiService trying to set country code to us with persist set to true
D/dalvikvm(  869): GC_CONCURRENT freed 372K, 5% free 9557K/10055K, paused 4ms+5ms
I/SqliteDatabaseCpp(  869): sqlite returned: error code = 1, msg = duplicate column name: protocol, db=/data/data/com.android.providers.telephony/databases/telephony.db
E/SQLiteOpenHelper(  869): Couldn't open telephony.db for writing (will try read-only):
E/SQLiteOpenHelper(  869): android.database.sqlite.SQLiteException: duplicate column name: protocol: , while compiling: ALTER TABLE carriers ADD COLUMN protocol TEXT DEFAULT IP;
E/SQLiteOpenHelper(  869): 	at android.database.sqlite.SQLiteCompiledSql.native_compile(Native Method)
E/SQLiteOpenHelper(  869): 	at android.database.sqlite.SQLiteCompiledSql.<init>(SQLiteCompiledSql.java:68)
E/SQLiteOpenHelper(  869): 	at android.database.sqlite.SQLiteProgram.compileSql(SQLiteProgram.java:134)
E/SQLiteOpenHelper(  869): 	at android.database.sqlite.SQLiteProgram.compileAndbindAllArgs(SQLiteProgram.java:361)
E/SQLiteOpenHelper(  869): 	at android.database.sqlite.SQLiteStatement.acquireAndLock(SQLiteStatement.java:260)
E/SQLiteOpenHelper(  869): 	at android.database.sqlite.SQLiteStatement.executeUpdateDelete(SQLiteStatement.java:84)
E/SQLiteOpenHelper(  869): 	at android.database.sqlite.SQLiteDatabase.executeSql(SQLiteDatabase.java:1899)
E/SQLiteOpenHelper(  869): 	at android.database.sqlite.SQLiteDatabase.execSQL(SQLiteDatabase.java:1839)
E/SQLiteOpenHelper(  869): 	at com.android.providers.telephony.TelephonyProvider$DatabaseHelper.onUpgrade(TelephonyProvider.java:219)
E/SQLiteOpenHelper(  869): 	at android.database.sqlite.SQLiteOpenHelper.getWritableDatabase(SQLiteOpenHelper.java:170)
E/SQLiteOpenHelper(  869): 	at android.database.sqlite.SQLiteOpenHelper.getReadableDatabase(SQLiteOpenHelper.java:231)
E/SQLiteOpenHelper(  869): 	at com.android.providers.telephony.TelephonyProvider.query(TelephonyProvider.java:460)
E/SQLiteOpenHelper(  869): 	at android.content.ContentProvider$Transport.query(ContentProvider.java:178)
E/SQLiteOpenHelper(  869): 	at android.content.ContentResolver.query(ContentResolver.java:311)
E/SQLiteOpenHelper(  869): 	at com.android.internal.telephony.gsm.GsmDataConnectionTracker.createAllApnList(GsmDataConnectionTracker.java:2202)
E/SQLiteOpenHelper(  869): 	at com.android.internal.telephony.gsm.GsmDataConnectionTracker.onRecordsLoaded(GsmDataConnectionTracker.java:1724)
E/SQLiteOpenHelper(  869): 	at com.android.internal.telephony.gsm.GsmDataConnectionTracker.handleMessage(GsmDataConnectionTracker.java:2429)
E/SQLiteOpenHelper(  869): 	at android.os.Handler.dispatchMessage(Handler.java:99)
E/SQLiteOpenHelper(  869): 	at android.os.Looper.loop(Looper.java:137)
E/SQLiteOpenHelper(  869): 	at android.app.ActivityThread.main(ActivityThread.java:4424)
E/SQLiteOpenHelper(  869): 	at java.lang.reflect.Method.invokeNative(Native Method)
E/SQLiteOpenHelper(  869): 	at java.lang.reflect.Method.invoke(Method.java:511)
E/SQLiteOpenHelper(  869): 	at com.android.internal.os.ZygoteInit$MethodAndArgsCaller.run(ZygoteInit.java:784)
E/SQLiteOpenHelper(  869): 	at com.android.internal.os.ZygoteInit.main(ZygoteInit.java:551)
E/SQLiteOpenHelper(  869): 	at dalvik.system.NativeStart.main(Native Method)
D/AndroidRuntime(  869): Shutting down VM
W/dalvikvm(  869): threadid=1: thread exiting with uncaught exception (group=0x409c01f8)
E/AndroidRuntime(  869): FATAL EXCEPTION: main
E/AndroidRuntime(  869): android.database.sqlite.SQLiteException: Can't upgrade read-only database from version 327686 to 458759: /data/data/com.android.providers.telephony/databases/telephony.db
E/AndroidRuntime(  869): 	at android.database.sqlite.SQLiteOpenHelper.getReadableDatabase(SQLiteOpenHelper.java:244)
E/AndroidRuntime(  869): 	at com.android.providers.telephony.TelephonyProvider.query(TelephonyProvider.java:460)
E/AndroidRuntime(  869): 	at android.content.ContentProvider$Transport.query(ContentProvider.java:178)
E/AndroidRuntime(  869): 	at android.content.ContentResolver.query(ContentResolver.java:311)
E/AndroidRuntime(  869): 	at com.android.internal.telephony.gsm.GsmDataConnectionTracker.createAllApnList(GsmDataConnectionTracker.java:2202)
E/AndroidRuntime(  869): 	at com.android.internal.telephony.gsm.GsmDataConnectionTracker.onRecordsLoaded(GsmDataConnectionTracker.java:1724)
E/AndroidRuntime(  869): 	at com.android.internal.telephony.gsm.GsmDataConnectionTracker.handleMessage(GsmDataConnectionTracker.java:2429)
E/AndroidRuntime(  869): 	at android.os.Handler.dispatchMessage(Handler.java:99)
E/AndroidRuntime(  869): 	at android.os.Looper.loop(Looper.java:137)
E/AndroidRuntime(  869): 	at android.app.ActivityThread.main(ActivityThread.java:4424)
E/AndroidRuntime(  869): 	at java.lang.reflect.Method.invokeNative(Native Method)
E/AndroidRuntime(  869): 	at java.lang.reflect.Method.invoke(Method.java:511)
E/AndroidRuntime(  869): 	at com.android.internal.os.ZygoteInit$MethodAndArgsCaller.run(ZygoteInit.java:784)
E/AndroidRuntime(  869): 	at com.android.internal.os.ZygoteInit.main(ZygoteInit.java:551)
E/AndroidRuntime(  869): 	at dalvik.system.NativeStart.main(Native Method)
W/ActivityManager(  154): Process com.android.phone has crashed too many times: killing!
F/NetworkStats(  154): problem reading network stats
F/NetworkStats(  154): java.lang.IllegalStateException: problem parsing idx 1
F/NetworkStats(  154): 	at com.android.internal.net.NetworkStatsFactory.readNetworkStatsDetail(NetworkStatsFactory.java:300)
F/NetworkStats(  154): 	at com.android.server.NetworkManagementService.getNetworkStatsUidDetail(NetworkManagementService.java:1282)
F/NetworkStats(  154): 	at com.android.server.net.NetworkStatsService.performPollLocked(NetworkStatsService.java:831)
F/NetworkStats(  154): 	at com.android.server.net.NetworkStatsService.updateIfacesLocked(NetworkStatsService.java:743)
F/NetworkStats(  154): 	at com.android.server.net.NetworkStatsService.updateIfaces(NetworkStatsService.java:721)
F/NetworkStats(  154): 	at com.android.server.net.NetworkStatsService.access$000(NetworkStatsService.java:128)
F/NetworkStats(  154): 	at com.android.server.net.NetworkStatsService$8.handleMessage(NetworkStatsService.java:1633)
F/NetworkStats(  154): 	at android.os.Handler.dispatchMessage(Handler.java:95)
F/NetworkStats(  154): 	at android.os.Looper.loop(Looper.java:137)
F/NetworkStats(  154): 	at android.os.HandlerThread.run(HandlerThread.java:60)
F/NetworkStats(  154): Caused by: java.io.FileNotFoundException: /proc/net/xt_qtaguid/stats: open failed: ENOENT (No such file or directory)
F/NetworkStats(  154): 	at libcore.io.IoBridge.open(IoBridge.java:406)
F/NetworkStats(  154): 	at java.io.FileInputStream.<init>(FileInputStream.java:78)
F/NetworkStats(  154): 	at com.android.internal.net.NetworkStatsFactory.readNetworkStatsDetail(NetworkStatsFactory.java:269)
F/NetworkStats(  154): 	... 9 more
F/NetworkStats(  154): Caused by: libcore.io.ErrnoException: open failed: ENOENT (No such file or directory)
F/NetworkStats(  154): 	at libcore.io.Posix.open(Native Method)
F/NetworkStats(  154): 	at libcore.io.BlockGuardOs.open(BlockGuardOs.java:110)
F/NetworkStats(  154): 	at libcore.io.IoBridge.open(IoBridge.java:390)
F/NetworkStats(  154): 	... 11 more
D/dalvikvm(  154): GC_CONCURRENT freed 525K, 8% free 11722K/12615K, paused 5ms+19ms
I/Process (  869): Sending signal. PID: 869 SIG: 9
I/ActivityManager(  154): Process com.android.phone (pid 869) has died.
I/ServiceManager(   30): service 'isms' died
I/ServiceManager(   30): service 'simphonebook' died
I/ServiceManager(   30): service 'phone' died
I/ServiceManager(   30): service 'iphonesubinfo' died
W/InputManagerService(  154): Window already focused, ignoring focus gain of: com.android.internal.view.IInputMethodClient$Stub$Proxy@414ea138
I/ActivityManager(  154): Start proc com.android.phone for restart com.android.phone: pid=893 uid=1001 gids={3002, 3001, 3003, 1015}
V/PhoneStatusBar(  239): setLightsOn(true)
D/dalvikvm(  123): GC_EXPLICIT freed 37K, 4% free 9069K/9411K, paused 3ms+34ms
D/dalvikvm(  123): GC_EXPLICIT freed <1K, 4% free 9069K/9411K, paused 3ms+17ms
I/ActivityThread(  893): Pub mms: com.android.providers.telephony.MmsProvider
D/dalvikvm(  123): GC_EXPLICIT freed <1K, 4% free 9069K/9411K, paused 2ms+58ms
I/ActivityThread(  893): Pub sms: com.android.providers.telephony.SmsProvider
I/ActivityThread(  893): Pub telephony: com.android.providers.telephony.TelephonyProvider
W/TelephonyProvider(  893): onCreate: confFile=/system/etc/apns-conf.xml oldCheckSum=-1
I/ActivityThread(  893): Pub icc: com.android.phone.IccProvider
I/ActivityThread(  893): Pub mms-sms: com.android.providers.telephony.MmsSmsProvider
D/dalvikvm(  893): GC_CONCURRENT freed 277K, 5% free 9265K/9671K, paused 6ms+4ms
W/ActivityManager(  154): Unable to start service Intent { act=com.android.internal.telephony.IWapPushManager }: not found
D/        (  893): [ApnContext] set reason as dataEnabled, for type default,current state IDLE
D/        (  893): [ApnContext] set reason as dataEnabled, for type mms,current state IDLE
D/        (  893): [ApnContext] set reason as dataEnabled, for type supl,current state IDLE
D/        (  893): [ApnContext] set reason as dataEnabled, for type hipri,current state IDLE
D/        (  893): [ApnContext] set reason as dataEnabled, for type fota,current state IDLE
D/        (  893): [ApnContext] set reason as dataEnabled, for type ims,current state IDLE
D/        (  893): [ApnContext] set reason as dataEnabled, for type cbs,current state IDLE
D/CAT     (  893): CatService: Running CAT service. STK app installed:false
D/CAT     (  893): CatService: NEW sInstance
D/CallManager(  893): registerPhone(GSM Handler (com.android.internal.telephony.PhoneProxy) {4131a9e8})
W/ActivityManager(  154): Unable to start service Intent { act=com.android.ussd.IExtendedNetworkService }: not found
D/dalvikvm(  893): GC_CONCURRENT freed 356K, 5% free 9411K/9863K, paused 10ms+4ms
D/CAT     (  893): CatService: SIM ready. Reporting STK service running now...
F/NetworkStats(  154): problem reading network stats
F/NetworkStats(  154): java.lang.IllegalStateException: problem parsing idx 1
F/NetworkStats(  154): 	at com.android.internal.net.NetworkStatsFactory.readNetworkStatsDetail(NetworkStatsFactory.java:300)
F/NetworkStats(  154): 	at com.android.server.NetworkManagementService.getNetworkStatsUidDetail(NetworkManagementService.java:1282)
F/NetworkStats(  154): 	at com.android.server.net.NetworkStatsService.performPollLocked(NetworkStatsService.java:831)
F/NetworkStats(  154): 	at com.android.server.net.NetworkStatsService.updateIfacesLocked(NetworkStatsService.java:743)
F/NetworkStats(  154): 	at com.android.server.net.NetworkStatsService.updateIfaces(NetworkStatsService.java:721)
F/NetworkStats(  154): 	at com.android.server.net.NetworkStatsService.access$000(NetworkStatsService.java:128)
F/NetworkStats(  154): 	at com.android.server.net.NetworkStatsService$8.handleMessage(NetworkStatsService.java:1633)
F/NetworkStats(  154): 	at android.os.Handler.dispatchMessage(Handler.java:95)
F/NetworkStats(  154): 	at android.os.Looper.loop(Looper.java:137)
F/NetworkStats(  154): 	at android.os.HandlerThread.run(HandlerThread.java:60)
F/NetworkStats(  154): Caused by: java.io.FileNotFoundException: /proc/net/xt_qtaguid/stats: open failed: ENOENT (No such file or directory)
F/NetworkStats(  154): 	at libcore.io.IoBridge.open(IoBridge.java:406)
F/NetworkStats(  154): 	at java.io.FileInputStream.<init>(FileInputStream.java:78)
F/NetworkStats(  154): 	at com.android.internal.net.NetworkStatsFactory.readNetworkStatsDetail(NetworkStatsFactory.java:269)
F/NetworkStats(  154): 	... 9 more
F/NetworkStats(  154): Caused by: libcore.io.ErrnoException: open failed: ENOENT (No such file or directory)
F/NetworkStats(  154): 	at libcore.io.Posix.open(Native Method)
F/NetworkStats(  154): 	at libcore.io.BlockGuardOs.open(BlockGuardOs.java:110)
F/NetworkStats(  154): 	at libcore.io.IoBridge.open(IoBridge.java:390)
F/NetworkStats(  154): 	... 11 more
D/MccTable(  893): updateMccMncConfiguration: mcc=310, mnc=260
D/MccTable(  893): locale set to en_us
D/MccTable(  893): WIFI_COUNTRY_CODE set to us
I/WifiService(  154): WifiService trying to set country code to us with persist set to true
F/NetworkStats(  154): problem reading network stats
F/NetworkStats(  154): java.lang.IllegalStateException: problem parsing idx 1
F/NetworkStats(  154): 	at com.android.internal.net.NetworkStatsFactory.readNetworkStatsDetail(NetworkStatsFactory.java:300)
F/NetworkStats(  154): 	at com.android.server.NetworkManagementService.getNetworkStatsUidDetail(NetworkManagementService.java:1282)
F/NetworkStats(  154): 	at com.android.server.net.NetworkStatsService.performPollLocked(NetworkStatsService.java:831)
F/NetworkStats(  154): 	at com.android.server.net.NetworkStatsService.updateIfacesLocked(NetworkStatsService.java:743)
F/NetworkStats(  154): 	at com.android.server.net.NetworkStatsService.updateIfaces(NetworkStatsService.java:721)
F/NetworkStats(  154): 	at com.android.server.net.NetworkStatsService.access$000(NetworkStatsService.java:128)
F/NetworkStats(  154): 	at com.android.server.net.NetworkStatsService$8.handleMessage(NetworkStatsService.java:1633)
F/NetworkStats(  154): 	at android.os.Handler.dispatchMessage(Handler.java:95)
F/NetworkStats(  154): 	at android.os.Looper.loop(Looper.java:137)
F/NetworkStats(  154): 	at android.os.HandlerThread.run(HandlerThread.java:60)
F/NetworkStats(  154): Caused by: java.io.FileNotFoundException: /proc/net/xt_qtaguid/stats: open failed: ENOENT (No such file or directory)
F/NetworkStats(  154): 	at libcore.io.IoBridge.open(IoBridge.java:406)
F/NetworkStats(  154): 	at java.io.FileInputStream.<init>(FileInputStream.java:78)
F/NetworkStats(  154): 	at com.android.internal.net.NetworkStatsFactory.readNetworkStatsDetail(NetworkStatsFactory.java:269)
F/NetworkStats(  154): 	... 9 more
F/NetworkStats(  154): Caused by: libcore.io.ErrnoException: open failed: ENOENT (No such file or directory)
F/NetworkStats(  154): 	at libcore.io.Posix.open(Native Method)
F/NetworkStats(  154): 	at libcore.io.BlockGuardOs.open(BlockGuardOs.java:110)
F/NetworkStats(  154): 	at libcore.io.IoBridge.open(IoBridge.java:390)
F/NetworkStats(  154): 	... 11 more
D/dalvikvm(  893): GC_CONCURRENT freed 365K, 6% free 9552K/10055K, paused 4ms+5ms
I/SqliteDatabaseCpp(  893): sqlite returned: error code = 1, msg = duplicate column name: protocol, db=/data/data/com.android.providers.telephony/databases/telephony.db
E/SQLiteOpenHelper(  893): Couldn't open telephony.db for writing (will try read-only):
E/SQLiteOpenHelper(  893): android.database.sqlite.SQLiteException: duplicate column name: protocol: , while compiling: ALTER TABLE carriers ADD COLUMN protocol TEXT DEFAULT IP;
E/SQLiteOpenHelper(  893): 	at android.database.sqlite.SQLiteCompiledSql.native_compile(Native Method)
E/SQLiteOpenHelper(  893): 	at android.database.sqlite.SQLiteCompiledSql.<init>(SQLiteCompiledSql.java:68)
E/SQLiteOpenHelper(  893): 	at android.database.sqlite.SQLiteProgram.compileSql(SQLiteProgram.java:134)
E/SQLiteOpenHelper(  893): 	at android.database.sqlite.SQLiteProgram.compileAndbindAllArgs(SQLiteProgram.java:361)
E/SQLiteOpenHelper(  893): 	at android.database.sqlite.SQLiteStatement.acquireAndLock(SQLiteStatement.java:260)
E/SQLiteOpenHelper(  893): 	at android.database.sqlite.SQLiteStatement.executeUpdateDelete(SQLiteStatement.java:84)
E/SQLiteOpenHelper(  893): 	at android.database.sqlite.SQLiteDatabase.executeSql(SQLiteDatabase.java:1899)
E/SQLiteOpenHelper(  893): 	at android.database.sqlite.SQLiteDatabase.execSQL(SQLiteDatabase.java:1839)
E/SQLiteOpenHelper(  893): 	at com.android.providers.telephony.TelephonyProvider$DatabaseHelper.onUpgrade(TelephonyProvider.java:219)
E/SQLiteOpenHelper(  893): 	at android.database.sqlite.SQLiteOpenHelper.getWritableDatabase(SQLiteOpenHelper.java:170)
E/SQLiteOpenHelper(  893): 	at android.database.sqlite.SQLiteOpenHelper.getReadableDatabase(SQLiteOpenHelper.java:231)
E/SQLiteOpenHelper(  893): 	at com.android.providers.telephony.TelephonyProvider.query(TelephonyProvider.java:460)
E/SQLiteOpenHelper(  893): 	at android.content.ContentProvider$Transport.query(ContentProvider.java:178)
E/SQLiteOpenHelper(  893): 	at android.content.ContentResolver.query(ContentResolver.java:311)
E/SQLiteOpenHelper(  893): 	at com.android.internal.telephony.gsm.GsmDataConnectionTracker.createAllApnList(GsmDataConnectionTracker.java:2202)
E/SQLiteOpenHelper(  893): 	at com.android.internal.telephony.gsm.GsmDataConnectionTracker.onRecordsLoaded(GsmDataConnectionTracker.java:1724)
E/SQLiteOpenHelper(  893): 	at com.android.internal.telephony.gsm.GsmDataConnectionTracker.handleMessage(GsmDataConnectionTracker.java:2429)
E/SQLiteOpenHelper(  893): 	at android.os.Handler.dispatchMessage(Handler.java:99)
E/SQLiteOpenHelper(  893): 	at android.os.Looper.loop(Looper.java:137)
E/SQLiteOpenHelper(  893): 	at android.app.ActivityThread.main(ActivityThread.java:4424)
E/SQLiteOpenHelper(  893): 	at java.lang.reflect.Method.invokeNative(Native Method)
E/SQLiteOpenHelper(  893): 	at java.lang.reflect.Method.invoke(Method.java:511)
E/SQLiteOpenHelper(  893): 	at com.android.internal.os.ZygoteInit$MethodAndArgsCaller.run(ZygoteInit.java:784)
E/SQLiteOpenHelper(  893): 	at com.android.internal.os.ZygoteInit.main(ZygoteInit.java:551)
E/SQLiteOpenHelper(  893): 	at dalvik.system.NativeStart.main(Native Method)
D/dalvikvm(  154): GC_CONCURRENT freed 570K, 8% free 11729K/12615K, paused 6ms+21ms
D/AndroidRuntime(  893): Shutting down VM
W/dalvikvm(  893): threadid=1: thread exiting with uncaught exception (group=0x409c01f8)
E/AndroidRuntime(  893): FATAL EXCEPTION: main
E/AndroidRuntime(  893): android.database.sqlite.SQLiteException: Can't upgrade read-only database from version 327686 to 458759: /data/data/com.android.providers.telephony/databases/telephony.db
E/AndroidRuntime(  893): 	at android.database.sqlite.SQLiteOpenHelper.getReadableDatabase(SQLiteOpenHelper.java:244)
E/AndroidRuntime(  893): 	at com.android.providers.telephony.TelephonyProvider.query(TelephonyProvider.java:460)
E/AndroidRuntime(  893): 	at android.content.ContentProvider$Transport.query(ContentProvider.java:178)
E/AndroidRuntime(  893): 	at android.content.ContentResolver.query(ContentResolver.java:311)
E/AndroidRuntime(  893): 	at com.android.internal.telephony.gsm.GsmDataConnectionTracker.createAllApnList(GsmDataConnectionTracker.java:2202)
E/AndroidRuntime(  893): 	at com.android.internal.telephony.gsm.GsmDataConnectionTracker.onRecordsLoaded(GsmDataConnectionTracker.java:1724)
E/AndroidRuntime(  893): 	at com.android.internal.telephony.gsm.GsmDataConnectionTracker.handleMessage(GsmDataConnectionTracker.java:2429)
E/AndroidRuntime(  893): 	at android.os.Handler.dispatchMessage(Handler.java:99)
E/AndroidRuntime(  893): 	at android.os.Looper.loop(Looper.java:137)
E/AndroidRuntime(  893): 	at android.app.ActivityThread.main(ActivityThread.java:4424)
E/AndroidRuntime(  893): 	at java.lang.reflect.Method.invokeNative(Native Method)
E/AndroidRuntime(  893): 	at java.lang.reflect.Method.invoke(Method.java:511)
E/AndroidRuntime(  893): 	at com.android.internal.os.ZygoteInit$MethodAndArgsCaller.run(ZygoteInit.java:784)
E/AndroidRuntime(  893): 	at com.android.internal.os.ZygoteInit.main(ZygoteInit.java:551)
E/AndroidRuntime(  893): 	at dalvik.system.NativeStart.main(Native Method)
W/ActivityManager(  154): Process com.android.phone has crashed too many times: killing!
I/APP     (  674): I 02/14/2013 14:05:57:642 000002a2        RhodesService| Exit application
I/APP     (  674): I 02/14/2013 14:05:57:683 000002b9           HttpServer| Process URI: '/system/uidestroyed'
I/APP     (  674): I 02/14/2013 14:05:57:722 000002a2    RhodesApplication| New UiState: MainActivityPaused
I/APP     (  674): I 02/14/2013 14:05:58:323 000002b7         AppCallbacks| Thread shutdown
I/APP     (  674): I 02/14/2013 14:05:58:326 000002a2           HttpServer| Stopping server...
I/APP     (  674): I 02/14/2013 14:05:58:330 000002b9            RhodesApp| RhodesApp thread shutdown
I/APP     (  674): I 02/14/2013 14:05:58:331 000002b9          GeoLocation| Destroying singleton instance.
I/APP     (  674): I 02/14/2013 14:05:58:332 000002b9                 Sync| Stopping Sync thread
W/WindowManager(  154): Failure taking screenshot for (180x273) to layer 21010
I/Process (  674): Sending signal. PID: 674 SIG: 3
I/dalvikvm(  674): threadid=3: reacting to signal 3
I/APP     (  674): I 02/14/2013 14:05:58:380 000002a2 AndroidFunctionality| Pause WebView
I/APP     (  674): I 02/14/2013 14:05:58:382 000002a2       RhodesActivity| onPause
I/APP     (  674): I 02/14/2013 14:05:58:385 000002a2    RhodesApplication| New UiState: MainActivityPaused
W/NetworkManagementSocketTagger(  154): setKernelCountSet(10009, 1) failed with errno -2
I/dalvikvm(  674): Wrote stack traces to '/data/anr/traces.txt'
I/Process (  674): Sending signal. PID: 674 SIG: 9
I/ActivityManager(  154): Process com.rhomobile.macotec (pid 674) has died.
W/InputDispatcher(  154): channel '41590648 com.rhomobile.macotec/com.rhomobile.rhodes.RhodesActivity (server)' ~ Consumer closed input channel or an error occurred.  events=0x8
E/InputDispatcher(  154): channel '41590648 com.rhomobile.macotec/com.rhomobile.rhodes.RhodesActivity (server)' ~ Channel is unrecoverably broken and will be disposed!
I/WindowManager(  154): WIN DEATH: Window{41590648 com.rhomobile.macotec/com.rhomobile.rhodes.RhodesActivity paused=false}
W/InputDispatcher(  154): Attempted to unregister already unregistered input channel '41590648 com.rhomobile.macotec/com.rhomobile.rhodes.RhodesActivity (server)'
I/WindowManager(  154): WINDOW DIED Window{41590648 com.rhomobile.macotec/com.rhomobile.rhodes.RhodesActivity paused=false}
W/NetworkManagementSocketTagger(  154): setKernelCountSet(10040, 0) failed with errno -2
I/Process (  893): Sending signal. PID: 893 SIG: 9
I/ActivityManager(  154): Process com.android.phone (pid 893) has died.
I/ServiceManager(   30): service 'isms' died
I/ServiceManager(   30): service 'simphonebook' died
I/ServiceManager(   30): service 'phone' died
I/ServiceManager(   30): service 'iphonesubinfo' died
I/ActivityManager(  154): Start proc com.android.phone for restart com.android.phone: pid=917 uid=1001 gids={3002, 3001, 3003, 1015}
W/InputManagerService(  154): Got RemoteException sending setActive(false) notification to pid 674 uid 10040
I/ActivityThread(  917): Pub mms: com.android.providers.telephony.MmsProvider
I/ActivityThread(  917): Pub sms: com.android.providers.telephony.SmsProvider
I/ActivityThread(  917): Pub telephony: com.android.providers.telephony.TelephonyProvider
W/TelephonyProvider(  917): onCreate: confFile=/system/etc/apns-conf.xml oldCheckSum=-1
I/ActivityThread(  917): Pub icc: com.android.phone.IccProvider
I/ActivityThread(  917): Pub mms-sms: com.android.providers.telephony.MmsSmsProvider
D/dalvikvm(  917): GC_CONCURRENT freed 293K, 5% free 9281K/9671K, paused 4ms+4ms
W/ActivityManager(  154): Unable to start service Intent { act=com.android.internal.telephony.IWapPushManager }: not found
D/        (  917): [ApnContext] set reason as dataEnabled, for type default,current state IDLE
D/        (  917): [ApnContext] set reason as dataEnabled, for type mms,current state IDLE
D/        (  917): [ApnContext] set reason as dataEnabled, for type supl,current state IDLE
D/        (  917): [ApnContext] set reason as dataEnabled, for type hipri,current state IDLE
D/        (  917): [ApnContext] set reason as dataEnabled, for type fota,current state IDLE
D/        (  917): [ApnContext] set reason as dataEnabled, for type ims,current state IDLE
D/        (  917): [ApnContext] set reason as dataEnabled, for type cbs,current state IDLE
D/CAT     (  917): CatService: Running CAT service. STK app installed:false
D/CAT     (  917): CatService: NEW sInstance
D/CallManager(  917): registerPhone(GSM Handler (com.android.internal.telephony.PhoneProxy) {41312058})
W/ActivityManager(  154): Unable to start service Intent { act=com.android.ussd.IExtendedNetworkService }: not found
D/dalvikvm(  287): GC_CONCURRENT freed 553K, 6% free 10846K/11527K, paused 4ms+7ms
D/dalvikvm(  917): GC_CONCURRENT freed 364K, 5% free 9392K/9863K, paused 5ms+5ms
F/NetworkStats(  154): problem reading network stats
F/NetworkStats(  154): java.lang.IllegalStateException: problem parsing idx 1
F/NetworkStats(  154): 	at com.android.internal.net.NetworkStatsFactory.readNetworkStatsDetail(NetworkStatsFactory.java:300)
F/NetworkStats(  154): 	at com.android.server.NetworkManagementService.getNetworkStatsUidDetail(NetworkManagementService.java:1282)
F/NetworkStats(  154): 	at com.android.server.net.NetworkStatsService.performPollLocked(NetworkStatsService.java:831)
F/NetworkStats(  154): 	at com.android.server.net.NetworkStatsService.updateIfacesLocked(NetworkStatsService.java:743)
F/NetworkStats(  154): 	at com.android.server.net.NetworkStatsService.updateIfaces(NetworkStatsService.java:721)
F/NetworkStats(  154): 	at com.android.server.net.NetworkStatsService.access$000(NetworkStatsService.java:128)
F/NetworkStats(  154): 	at com.android.server.net.NetworkStatsService$8.handleMessage(NetworkStatsService.java:1633)
F/NetworkStats(  154): 	at android.os.Handler.dispatchMessage(Handler.java:95)
F/NetworkStats(  154): 	at android.os.Looper.loop(Looper.java:137)
F/NetworkStats(  154): 	at android.os.HandlerThread.run(HandlerThread.java:60)
F/NetworkStats(  154): Caused by: java.io.FileNotFoundException: /proc/net/xt_qtaguid/stats: open failed: ENOENT (No such file or directory)
F/NetworkStats(  154): 	at libcore.io.IoBridge.open(IoBridge.java:406)
F/NetworkStats(  154): 	at java.io.FileInputStream.<init>(FileInputStream.java:78)
F/NetworkStats(  154): 	at com.android.internal.net.NetworkStatsFactory.readNetworkStatsDetail(NetworkStatsFactory.java:269)
F/NetworkStats(  154): 	... 9 more
F/NetworkStats(  154): Caused by: libcore.io.ErrnoException: open failed: ENOENT (No such file or directory)
F/NetworkStats(  154): 	at libcore.io.Posix.open(Native Method)
F/NetworkStats(  154): 	at libcore.io.BlockGuardOs.open(BlockGuardOs.java:110)
F/NetworkStats(  154): 	at libcore.io.IoBridge.open(IoBridge.java:390)
F/NetworkStats(  154): 	... 11 more
D/CAT     (  917): CatService: SIM ready. Reporting STK service running now...
D/dalvikvm(  287): GC_FOR_ALLOC freed 104K, 6% free 10846K/11527K, paused 820ms
I/dalvikvm-heap(  287): Grow heap (frag case) to 11.665MB for 1025296-byte allocation
D/dalvikvm(  287): GC_CONCURRENT freed 1K, 6% free 11846K/12551K, paused 30ms+164ms
D/dalvikvm(  287): GC_FOR_ALLOC freed 0K, 6% free 11846K/12551K, paused 638ms
F/NetworkStats(  154): problem reading network stats
F/NetworkStats(  154): java.lang.IllegalStateException: problem parsing idx 1
F/NetworkStats(  154): 	at com.android.internal.net.NetworkStatsFactory.readNetworkStatsDetail(NetworkStatsFactory.java:300)
F/NetworkStats(  154): 	at com.android.server.NetworkManagementService.getNetworkStatsUidDetail(NetworkManagementService.java:1282)
F/NetworkStats(  154): 	at com.android.server.net.NetworkStatsService.performPollLocked(NetworkStatsService.java:831)
F/NetworkStats(  154): 	at com.android.server.net.NetworkStatsService.updateIfacesLocked(NetworkStatsService.java:743)
F/NetworkStats(  154): 	at com.android.server.net.NetworkStatsService.updateIfaces(NetworkStatsService.java:721)
F/NetworkStats(  154): 	at com.android.server.net.NetworkStatsService.access$000(NetworkStatsService.java:128)
F/NetworkStats(  154): 	at com.android.server.net.NetworkStatsService$8.handleMessage(NetworkStatsService.java:1633)
F/NetworkStats(  154): 	at android.os.Handler.dispatchMessage(Handler.java:95)
F/NetworkStats(  154): 	at android.os.Looper.loop(Looper.java:137)
F/NetworkStats(  154): 	at android.os.HandlerThread.run(HandlerThread.java:60)
F/NetworkStats(  154): Caused by: java.io.FileNotFoundException: /proc/net/xt_qtaguid/stats: open failed: ENOENT (No such file or directory)
F/NetworkStats(  154): 	at libcore.io.IoBridge.open(IoBridge.java:406)
F/NetworkStats(  154): 	at java.io.FileInputStream.<init>(FileInputStream.java:78)
F/NetworkStats(  154): 	at com.android.internal.net.NetworkStatsFactory.readNetworkStatsDetail(NetworkStatsFactory.java:269)
F/NetworkStats(  154): 	... 9 more
F/NetworkStats(  154): Caused by: libcore.io.ErrnoException: open failed: ENOENT (No such file or directory)
F/NetworkStats(  154): 	at libcore.io.Posix.open(Native Method)
F/NetworkStats(  154): 	at libcore.io.BlockGuardOs.open(BlockGuardOs.java:110)
F/NetworkStats(  154): 	at libcore.io.IoBridge.open(IoBridge.java:390)
F/NetworkStats(  154): 	... 11 more
I/dalvikvm-heap(  287): Grow heap (frag case) to 12.641MB for 1025296-byte allocation
D/dalvikvm(  287): GC_CONCURRENT freed 0K, 6% free 12847K/13575K, paused 136ms+32ms
D/MccTable(  917): updateMccMncConfiguration: mcc=310, mnc=260
D/MccTable(  917): locale set to en_us
D/MccTable(  917): WIFI_COUNTRY_CODE set to us
D/dalvikvm(  154): GC_CONCURRENT freed 626K, 7% free 11772K/12615K, paused 39ms+48ms
I/WifiService(  154): WifiService trying to set country code to us with persist set to true
D/dalvikvm(  287): GC_FOR_ALLOC freed <1K, 6% free 12848K/13575K, paused 202ms
I/dalvikvm-heap(  287): Grow heap (frag case) to 13.620MB for 1025296-byte allocation
D/dalvikvm(  287): GC_FOR_ALLOC freed 0K, 6% free 13849K/14599K, paused 84ms
D/dalvikvm(  917): GC_CONCURRENT freed 370K, 5% free 9583K/10055K, paused 4ms+4ms
I/SqliteDatabaseCpp(  917): sqlite returned: error code = 1, msg = duplicate column name: protocol, db=/data/data/com.android.providers.telephony/databases/telephony.db
D/dalvikvm(  287): GC_FOR_ALLOC freed 0K, 6% free 13850K/14599K, paused 128ms
E/SQLiteOpenHelper(  917): Couldn't open telephony.db for writing (will try read-only):
E/SQLiteOpenHelper(  917): android.database.sqlite.SQLiteException: duplicate column name: protocol: , while compiling: ALTER TABLE carriers ADD COLUMN protocol TEXT DEFAULT IP;
E/SQLiteOpenHelper(  917): 	at android.database.sqlite.SQLiteCompiledSql.native_compile(Native Method)
E/SQLiteOpenHelper(  917): 	at android.database.sqlite.SQLiteCompiledSql.<init>(SQLiteCompiledSql.java:68)
E/SQLiteOpenHelper(  917): 	at android.database.sqlite.SQLiteProgram.compileSql(SQLiteProgram.java:134)
E/SQLiteOpenHelper(  917): 	at android.database.sqlite.SQLiteProgram.compileAndbindAllArgs(SQLiteProgram.java:361)
E/SQLiteOpenHelper(  917): 	at android.database.sqlite.SQLiteStatement.acquireAndLock(SQLiteStatement.java:260)
E/SQLiteOpenHelper(  917): 	at android.database.sqlite.SQLiteStatement.executeUpdateDelete(SQLiteStatement.java:84)
E/SQLiteOpenHelper(  917): 	at android.database.sqlite.SQLiteDatabase.executeSql(SQLiteDatabase.java:1899)
E/SQLiteOpenHelper(  917): 	at android.database.sqlite.SQLiteDatabase.execSQL(SQLiteDatabase.java:1839)
E/SQLiteOpenHelper(  917): 	at com.android.providers.telephony.TelephonyProvider$DatabaseHelper.onUpgrade(TelephonyProvider.java:219)
E/SQLiteOpenHelper(  917): 	at android.database.sqlite.SQLiteOpenHelper.getWritableDatabase(SQLiteOpenHelper.java:170)
E/SQLiteOpenHelper(  917): 	at android.database.sqlite.SQLiteOpenHelper.getReadableDatabase(SQLiteOpenHelper.java:231)
E/SQLiteOpenHelper(  917): 	at com.android.providers.telephony.TelephonyProvider.query(TelephonyProvider.java:460)
E/SQLiteOpenHelper(  917): 	at android.content.ContentProvider$Transport.query(ContentProvider.java:178)
E/SQLiteOpenHelper(  917): 	at android.content.ContentResolver.query(ContentResolver.java:311)
E/SQLiteOpenHelper(  917): 	at com.android.internal.telephony.gsm.GsmDataConnectionTracker.createAllApnList(GsmDataConnectionTracker.java:2202)
E/SQLiteOpenHelper(  917): 	at com.android.internal.telephony.gsm.GsmDataConnectionTracker.onRecordsLoaded(GsmDataConnectionTracker.java:1724)
E/SQLiteOpenHelper(  917): 	at com.android.internal.telephony.gsm.GsmDataConnectionTracker.handleMessage(GsmDataConnectionTracker.java:2429)
E/SQLiteOpenHelper(  917): 	at android.os.Handler.dispatchMessage(Handler.java:99)
E/SQLiteOpenHelper(  917): 	at android.os.Looper.loop(Looper.java:137)
E/SQLiteOpenHelper(  917): 	at android.app.ActivityThread.main(ActivityThread.java:4424)
E/SQLiteOpenHelper(  917): 	at java.lang.reflect.Method.invokeNative(Native Method)
E/SQLiteOpenHelper(  917): 	at java.lang.reflect.Method.invoke(Method.java:511)
E/SQLiteOpenHelper(  917): 	at com.android.internal.os.ZygoteInit$MethodAndArgsCaller.run(ZygoteInit.java:784)
E/SQLiteOpenHelper(  917): 	at com.android.internal.os.ZygoteInit.main(ZygoteInit.java:551)
E/SQLiteOpenHelper(  917): 	at dalvik.system.NativeStart.main(Native Method)
I/dalvikvm-heap(  287): Grow heap (frag case) to 14.630MB for 1058920-byte allocation
D/dalvikvm(  287): GC_FOR_ALLOC freed 0K, 6% free 14885K/15687K, paused 132ms
D/AndroidRuntime(  917): Shutting down VM
W/dalvikvm(  917): threadid=1: thread exiting with uncaught exception (group=0x409c01f8)
E/AndroidRuntime(  917): FATAL EXCEPTION: main
E/AndroidRuntime(  917): android.database.sqlite.SQLiteException: Can't upgrade read-only database from version 327686 to 458759: /data/data/com.android.providers.telephony/databases/telephony.db
E/AndroidRuntime(  917): 	at android.database.sqlite.SQLiteOpenHelper.getReadableDatabase(SQLiteOpenHelper.java:244)
E/AndroidRuntime(  917): 	at com.android.providers.telephony.TelephonyProvider.query(TelephonyProvider.java:460)
E/AndroidRuntime(  917): 	at android.content.ContentProvider$Transport.query(ContentProvider.java:178)
E/AndroidRuntime(  917): 	at android.content.ContentResolver.query(ContentResolver.java:311)
E/AndroidRuntime(  917): 	at com.android.internal.telephony.gsm.GsmDataConnectionTracker.createAllApnList(GsmDataConnectionTracker.java:2202)
E/AndroidRuntime(  917): 	at com.android.internal.telephony.gsm.GsmDataConnectionTracker.onRecordsLoaded(GsmDataConnectionTracker.java:1724)
E/AndroidRuntime(  917): 	at com.android.internal.telephony.gsm.GsmDataConnectionTracker.handleMessage(GsmDataConnectionTracker.java:2429)
E/AndroidRuntime(  917): 	at android.os.Handler.dispatchMessage(Handler.java:99)
E/AndroidRuntime(  917): 	at android.os.Looper.loop(Looper.java:137)
E/AndroidRuntime(  917): 	at android.app.ActivityThread.main(ActivityThread.java:4424)
E/AndroidRuntime(  917): 	at java.lang.reflect.Method.invokeNative(Native Method)
E/AndroidRuntime(  917): 	at java.lang.reflect.Method.invoke(Method.java:511)
E/AndroidRuntime(  917): 	at com.android.internal.os.ZygoteInit$MethodAndArgsCaller.run(ZygoteInit.java:784)
E/AndroidRuntime(  917): 	at com.android.internal.os.ZygoteInit.main(ZygoteInit.java:551)
E/AndroidRuntime(  917): 	at dalvik.system.NativeStart.main(Native Method)
W/ActivityManager(  154): Process com.android.phone has crashed too many times: killing!
D/dalvikvm(  287): GC_FOR_ALLOC freed 61K, 5% free 15300K/15943K, paused 148ms
I/Process (  917): Sending signal. PID: 917 SIG: 9
I/ServiceManager(   30): service 'phone' died
I/ServiceManager(   30): service 'simphonebook' died
I/ServiceManager(   30): service 'isms' died
I/ServiceManager(   30): service 'iphonesubinfo' died
I/ActivityManager(  154): Process com.android.phone (pid 917) has died.
I/ActivityManager(  154): Start proc com.android.phone for restart com.android.phone: pid=946 uid=1001 gids={3002, 3001, 3003, 1015}
W/InputManagerService(  154): Window already focused, ignoring focus gain of: com.android.internal.view.IInputMethodClient$Stub$Proxy@4142dc58
I/ActivityThread(  946): Pub mms: com.android.providers.telephony.MmsProvider
I/ActivityThread(  946): Pub sms: com.android.providers.telephony.SmsProvider
I/ActivityThread(  946): Pub telephony: com.android.providers.telephony.TelephonyProvider
W/TelephonyProvider(  946): onCreate: confFile=/system/etc/apns-conf.xml oldCheckSum=-1
D/dalvikvm(  287): GC_FOR_ALLOC freed 309K, 5% free 16292K/17031K, paused 115ms
I/ActivityThread(  946): Pub icc: com.android.phone.IccProvider
