V/EmulatedCamera_Camera(   38): getCameraInfo
I/CameraService(   38): Opening camera 0
V/EmulatedCamera_Factory(   38): cameraDeviceOpen: id = 0
V/EmulatedCamera_Camera(   38): connectCamera
V/EmulatedCamera_FakeDevice(   38): connectDevice
V/EmulatedCamera_CallbackNotifier(   38): setCallbacks: 0x405954e9, 0x40595f9d, 0x40595f01, 0x40597359 (0xffa0)
V/EmulatedCamera_CallbackNotifier(   38): enableMessage: msg_type = 0x40d
V/EmulatedCamera_CallbackNotifier(   38):     CAMERA_MSG_ERROR
V/EmulatedCamera_CallbackNotifier(   38):     CAMERA_MSG_FOCUS
V/EmulatedCamera_CallbackNotifier(   38):     CAMERA_MSG_ZOOM
V/EmulatedCamera_CallbackNotifier(   38):     CAMERA_MSG_PREVIEW_METADATA
V/EmulatedCamera_CallbackNotifier(   38): **** Currently enabled messages:
V/EmulatedCamera_CallbackNotifier(   38):     CAMERA_MSG_ERROR
V/EmulatedCamera_CallbackNotifier(   38):     CAMERA_MSG_FOCUS
V/EmulatedCamera_CallbackNotifier(   38):     CAMERA_MSG_ZOOM
V/EmulatedCamera_CallbackNotifier(   38):     CAMERA_MSG_PREVIEW_METADATA
I/AwesomePlayer(   38): setDataSource_l('/system/media/audio/ui/camera_click.ogg')
I/Process (   77): Sending signal. PID: 3479 SIG: 3
I/dalvikvm( 3479): threadid=3: reacting to signal 3
I/dalvikvm( 3479): Wrote stack traces to '/data/anr/traces.txt'
I/AwesomePlayer(   38): setDataSource_l('/system/media/audio/ui/VideoRecord.ogg')
V/PhoneStatusBar(  137): setLightsOn(true)
I/APP     ( 3479): I 02/27/2013 18:28:45:593 00000d97         ImageCapture| surfaceChanged
I/Process (   77): Sending signal. PID: 3479 SIG: 3
I/dalvikvm( 3479): threadid=3: reacting to signal 3
V/EmulatedCamera_Camera(   38): setParameters
V/EmulatedCamera_Preview(   38): setPreviewWindow: current: 0x0 -> new: 0xffb0
V/EmulatedCamera_Camera(   38): doStartPreview
V/EmulatedCamera_Preview(   38): startPreview
D/EmulatedCamera_Camera(   38): Starting camera: 352x288 -> NV21(yuv420sp)
V/EmulatedCamera_FakeDevice(   38): startDevice
V/EmulatedCamera_Device(   38): commonStartDevice: Allocated 0x41b25008 152064 bytes for 101376 pixels in NV21[352x288] frame
V/EmulatedCamera_Device(   38): startDeliveringFrames
V/EmulatedCamera_Device(   38): startWorkerThread
I/dalvikvm( 3479): Wrote stack traces to '/data/anr/traces.txt'
V/EmulatedCamera_Device(   38): Starting emulated camera device worker thread...
V/EmulatedCamera_Device(   38): Emulated device's worker thread has been started.
V/EmulatedCamera_Preview(   38): onNextFrameAvailable: Adjusting preview windows 0xffb0 geometry to 352x288
I/ActivityManager(   77): Displayed com.rhomobile.macotec/com.rhomobile.rhodes.camera.ImageCapture: +1s884ms
I/APP     ( 3479): I 02/27/2013 18:28:46:456 00000d97       RhodesActivity| onStop
D/dalvikvm(   77): GC_EXPLICIT freed 84K, 13% free 11377K/12935K, paused 4ms+38ms
I/APP     ( 3479): I 02/27/2013 18:29:05:222 00000d97         ImageCapture| Camera rotation: 90
I/APP     ( 3479): I 02/27/2013 18:29:05:386 00000d97         ImageCapture| Camera rotation resetup for platforms >= 2.2: 1
V/ImageCapture( 3479): ms[1361986145413] $$$   parameters.set(rotation, 90 );
V/EmulatedCamera_Camera(   38): setParameters
V/EmulatedCamera_CallbackNotifier(   38): enableMessage: msg_type = 0x302
V/EmulatedCamera_CallbackNotifier(   38):     CAMERA_MSG_SHUTTER
V/EmulatedCamera_CallbackNotifier(   38):     CAMERA_MSG_COMPRESSED_IMAGE
V/EmulatedCamera_CallbackNotifier(   38):     CAMERA_MSG_RAW_IMAGE_NOTIFY
V/EmulatedCamera_CallbackNotifier(   38): **** Currently enabled messages:
V/EmulatedCamera_CallbackNotifier(   38):     CAMERA_MSG_ERROR
V/EmulatedCamera_CallbackNotifier(   38):     CAMERA_MSG_SHUTTER
V/EmulatedCamera_CallbackNotifier(   38):     CAMERA_MSG_FOCUS
V/EmulatedCamera_CallbackNotifier(   38):     CAMERA_MSG_ZOOM
V/EmulatedCamera_CallbackNotifier(   38):     CAMERA_MSG_COMPRESSED_IMAGE
V/EmulatedCamera_CallbackNotifier(   38):     CAMERA_MSG_RAW_IMAGE_NOTIFY
V/EmulatedCamera_CallbackNotifier(   38):     CAMERA_MSG_PREVIEW_METADATA
V/EmulatedCamera_Camera(   38): takePicture
V/EmulatedCamera_Camera(   38): doStopPreview
V/EmulatedCamera_Device(   38): stopDeliveringFrames
V/EmulatedCamera_Device(   38): stopWorkerThread
V/EmulatedCamera_Device(   38): Stopping emulated camera device's worker thread...
V/EmulatedCamera_Device(   38): Select: THREAD_STOP message is received
V/EmulatedCamera_FakeDevice(   38): inWorkerThread: Worker thread has been terminated.
V/EmulatedCamera_Device(   38): Emulated camera device's worker thread has been stopped.
V/EmulatedCamera_FakeDevice(   38): stopDevice
V/EmulatedCamera_Preview(   38): stopPreview
D/EmulatedCamera_Camera(   38): Starting camera for picture: NV21(jpeg)[640x480]
V/EmulatedCamera_FakeDevice(   38): startDevice
V/EmulatedCamera_Device(   38): commonStartDevice: Allocated 0x41b25008 460800 bytes for 307200 pixels in NV21[640x480] frame
V/EmulatedCamera_Device(   38): startDeliveringFrames
V/EmulatedCamera_Device(   38): startWorkerThread
V/EmulatedCamera_Device(   38): Starting emulated camera device worker thread...
V/EmulatedCamera_Device(   38): Emulated device's worker thread has been started.
D/AudioSink(   38): bufferCount (4) is too small and increased to 12
I/APP     ( 3479): I 02/27/2013 18:29:06:002 00000d97         ImageCapture| SHUTTER CALLBACK
V/EmulatedCamera_CallbackNotifier(   38): disableMessage: msg_type = 0x2
V/EmulatedCamera_CallbackNotifier(   38):     CAMERA_MSG_SHUTTER
V/EmulatedCamera_CallbackNotifier(   38): **** Currently enabled messages:
V/EmulatedCamera_CallbackNotifier(   38):     CAMERA_MSG_ERROR
V/EmulatedCamera_CallbackNotifier(   38):     CAMERA_MSG_FOCUS
V/EmulatedCamera_CallbackNotifier(   38):     CAMERA_MSG_ZOOM
V/EmulatedCamera_CallbackNotifier(   38):     CAMERA_MSG_COMPRESSED_IMAGE
V/EmulatedCamera_CallbackNotifier(   38):     CAMERA_MSG_RAW_IMAGE_NOTIFY
V/EmulatedCamera_CallbackNotifier(   38):     CAMERA_MSG_PREVIEW_METADATA
I/APP     ( 3479): I 02/27/2013 18:29:06:103 00000d97         ImageCapture| PICTURE CALLBACK RAW
V/EmulatedCamera_JPEG(   38): compressRawImage: 0x41b25008[640x480]
D/skia    (   38): onFlyCompress
V/EmulatedCamera_JPEG(   38): compressRawImage: Compressed JPEG: 460800[640x480] -> 15734 bytes
V/EmulatedCamera_CallbackNotifier(   38): disableMessage: msg_type = 0x100
V/EmulatedCamera_CallbackNotifier(   38):     CAMERA_MSG_COMPRESSED_IMAGE
V/EmulatedCamera_CallbackNotifier(   38): **** Currently enabled messages:
V/EmulatedCamera_CallbackNotifier(   38):     CAMERA_MSG_ERROR
V/EmulatedCamera_CallbackNotifier(   38):     CAMERA_MSG_FOCUS
V/EmulatedCamera_CallbackNotifier(   38):     CAMERA_MSG_ZOOM
V/EmulatedCamera_CallbackNotifier(   38):     CAMERA_MSG_RAW_IMAGE_NOTIFY
V/EmulatedCamera_CallbackNotifier(   38):     CAMERA_MSG_PREVIEW_METADATA
I/APP     ( 3479): I 02/27/2013 18:29:06:398 00000d97         ImageCapture| PICTURE CALLBACK JPEG: 15734 bytes
I/APP     ( 3479): I 02/27/2013 18:29:06:418 00000dae           HttpServer| Process URI: '/app/Image/camera_callback'
I/APP     ( 3479): I 02/27/2013 18:29:06:420 00000dae                  APP| RHO serve: /app/Image/camera_callback
I/APP     ( 3479): I 02/27/2013 18:29:06:425 00000dae                  APP| Params: {"rho_callback"=>"1", "status"=>"ok", "image_uri"=>"db/db-files/Image_20130227182903706.jpg", "image_width"=>"640", "image_height"=>"480", "image_format"=>"jpg"}
I/APP     ( 3479): I 02/27/2013 18:29:06:523 00000dae                  APP| Captured Image  Size: 640x480, Format: jpg 
I/APP     ( 3479): I 02/27/2013 18:29:06:562 00000d97         ImageCapture| finish
W/WindowManager(   77): Failure taking screenshot for (180x300) to layer 21020
I/APP     ( 3479): I 02/27/2013 18:29:06:631 00000dae           HttpServer| GC Start.
I/InputReader(   77): Reconfiguring input devices.  changes=0x00000004
I/InputReader(   77): Device reconfigured: id=0, name='qwerty2', surface size is now 480x800, mode is 1
I/APP     ( 3479): I 02/27/2013 18:29:06:921 00000dae           HttpServer| GC End.
W/SurfaceFlinger(   36): createScreenshotSurface failed (Function not implemented)
I/ActivityManager(   77): Config changed: {1.0 310mcc260mnc en_US layoutdir=0 sw320dp w320dp h508dp nrml long port finger qwerty/v/v tball/v s.94}
I/Process (   77): Sending signal. PID: 3479 SIG: 3
I/dalvikvm( 3479): threadid=3: reacting to signal 3
I/APP     ( 3479): I 02/27/2013 18:29:07:308 00000d97       RhodesActivity| onStart
I/APP     ( 3479): I 02/27/2013 18:29:07:313 00000d97    RhodesApplication| New UiState: MainActivityStarted
I/APP     ( 3479): I 02/27/2013 18:29:07:342 00000d97       RhodesActivity| onResume
I/APP     ( 3479): I 02/27/2013 18:29:07:346 00000d97 AndroidFunctionality| Resume WebView
I/dalvikvm( 3479): Wrote stack traces to '/data/anr/traces.txt'
I/APP     ( 3479): I 02/27/2013 18:29:07:458 00000d97         ImageCapture| surfaceDestroyed
V/EmulatedCamera_CallbackNotifier(   38): disableMessage: msg_type = 0x10
V/EmulatedCamera_CallbackNotifier(   38):     CAMERA_MSG_PREVIEW_FRAME
V/EmulatedCamera_CallbackNotifier(   38): **** Currently enabled messages:
V/EmulatedCamera_CallbackNotifier(   38):     CAMERA_MSG_ERROR
V/EmulatedCamera_CallbackNotifier(   38):     CAMERA_MSG_FOCUS
V/EmulatedCamera_CallbackNotifier(   38):     CAMERA_MSG_ZOOM
V/EmulatedCamera_CallbackNotifier(   38):     CAMERA_MSG_RAW_IMAGE_NOTIFY
V/EmulatedCamera_CallbackNotifier(   38):     CAMERA_MSG_PREVIEW_METADATA
V/EmulatedCamera_Camera(   38): doStopPreview
V/EmulatedCamera_CallbackNotifier(   38): disableMessage: msg_type = 0x10
V/EmulatedCamera_CallbackNotifier(   38):     CAMERA_MSG_PREVIEW_FRAME
V/EmulatedCamera_CallbackNotifier(   38): **** Currently enabled messages:
V/EmulatedCamera_CallbackNotifier(   38):     CAMERA_MSG_ERROR
V/EmulatedCamera_CallbackNotifier(   38):     CAMERA_MSG_FOCUS
V/EmulatedCamera_CallbackNotifier(   38):     CAMERA_MSG_ZOOM
V/EmulatedCamera_CallbackNotifier(   38):     CAMERA_MSG_RAW_IMAGE_NOTIFY
V/EmulatedCamera_CallbackNotifier(   38):     CAMERA_MSG_PREVIEW_METADATA
V/EmulatedCamera_CallbackNotifier(   38): disableMessage: msg_type = 0xffff
V/EmulatedCamera_CallbackNotifier(   38):     CAMERA_MSG_ERROR
V/EmulatedCamera_CallbackNotifier(   38):     CAMERA_MSG_SHUTTER
V/EmulatedCamera_CallbackNotifier(   38):     CAMERA_MSG_FOCUS
V/EmulatedCamera_CallbackNotifier(   38):     CAMERA_MSG_ZOOM
V/EmulatedCamera_CallbackNotifier(   38):     CAMERA_MSG_PREVIEW_FRAME
V/EmulatedCamera_CallbackNotifier(   38):     CAMERA_MSG_VIDEO_FRAME
V/EmulatedCamera_CallbackNotifier(   38):     CAMERA_MSG_POSTVIEW_FRAME
V/EmulatedCamera_CallbackNotifier(   38):     CAMERA_MSG_RAW_IMAGE
V/EmulatedCamera_CallbackNotifier(   38):     CAMERA_MSG_COMPRESSED_IMAGE
V/EmulatedCamera_CallbackNotifier(   38):     CAMERA_MSG_RAW_IMAGE_NOTIFY
V/EmulatedCamera_CallbackNotifier(   38):     CAMERA_MSG_PREVIEW_METADATA
V/EmulatedCamera_CallbackNotifier(   38): **** Currently enabled messages:
V/EmulatedCamera_Camera(   38): doStopPreview
V/EmulatedCamera_Camera(   38): cancelPicture
V/EmulatedCamera_Camera(   38): releaseCamera
V/EmulatedCamera_Camera(   38): doStopPreview
V/EmulatedCamera_Device(   38): stopDeliveringFrames
V/EmulatedCamera_Device(   38): stopWorkerThread
V/EmulatedCamera_Device(   38): Stopping emulated camera device's worker thread...
V/EmulatedCamera_Device(   38): Emulated camera device's worker thread has been stopped.
V/EmulatedCamera_FakeDevice(   38): stopDevice
V/EmulatedCamera_FakeDevice(   38): disconnectDevice
V/EmulatedCamera_Preview(   38): setPreviewWindow: current: 0xffb0 -> new: 0x0
I/CameraService(   38): Destroying camera 0
V/EmulatedCamera_Camera(   38): closeCamera
V/EmulatedCamera_Camera(   38): doStopPreview
W/AudioFlinger(   38): session id 157 not found for pid 38
W/AudioFlinger(   38): session id 158 not found for pid 38
I/Process (   77): Sending signal. PID: 3479 SIG: 3
I/dalvikvm( 3479): threadid=3: reacting to signal 3
I/dalvikvm( 3479): Wrote stack traces to '/data/anr/traces.txt'
V/PhoneStatusBar(  137): setLightsOn(true)
I/Process (   77): Sending signal. PID: 3479 SIG: 3
I/dalvikvm( 3479): threadid=3: reacting to signal 3
I/dalvikvm( 3479): Wrote stack traces to '/data/anr/traces.txt'
W/WindowManager(   77): Window freeze timeout expired.
W/WindowManager(   77): Force clearing orientation change: Window{414e2198 com.rhomobile.macotec/com.rhomobile.rhodes.RhodesActivity paused=false}
I/Process (   77): Sending signal. PID: 3479 SIG: 3
I/dalvikvm( 3479): threadid=3: reacting to signal 3
I/Process (   77): Sending signal. PID: 3479 SIG: 3
I/dalvikvm( 3479): Wrote stack traces to '/data/anr/traces.txt'
I/dalvikvm( 3479): threadid=3: reacting to signal 3
I/Process (   77): Sending signal. PID: 3479 SIG: 3
I/dalvikvm( 3479): Wrote stack traces to '/data/anr/traces.txt'
I/dalvikvm( 3479): threadid=3: reacting to signal 3
I/Process (   77): Sending signal. PID: 3479 SIG: 3
E/dalvikvm( 3479): Unable to open stack trace file '/data/anr/traces.txt': Permission denied
I/dalvikvm( 3479): threadid=3: reacting to signal 3
I/Process (   77): Sending signal. PID: 3479 SIG: 3
I/Process (   77): Sending signal. PID: 3479 SIG: 3
I/dalvikvm( 3479): Wrote stack traces to '/data/anr/traces.txt'
I/dalvikvm( 3479): threadid=3: reacting to signal 3
D/dalvikvm(   77): GC_EXPLICIT freed 131K, 12% free 11387K/12935K, paused 41ms+212ms
I/Process (   77): Sending signal. PID: 3479 SIG: 3
I/dalvikvm( 3479): Wrote stack traces to '/data/anr/traces.txt'
I/dalvikvm( 3479): threadid=3: reacting to signal 3
I/dalvikvm( 3479): Wrote stack traces to '/data/anr/traces.txt'
I/APP     ( 3479): I 02/27/2013 18:29:14:508 00000dae           HttpServer| Process URI: '/app/Image/new'
I/APP     ( 3479): I 02/27/2013 18:29:14:513 00000dae                  APP| RHO serve: /app/Image/new
I/APP     ( 3479): I 02/27/2013 18:29:14:601 00000dae           HttpServer| GC Start.
I/APP     ( 3479): I 02/27/2013 18:29:14:702 00000dae           HttpServer| GC End.
I/ActivityManager(   77): START {cmp=com.rhomobile.macotec/com.rhomobile.rhodes.camera.ImageCapture (has extras)} from pid 3479
W/WindowManager(   77): Failure taking screenshot for (180x300) to layer 21010
I/APP     ( 3479): I 02/27/2013 18:29:15:043 00000d97   RhoWebChromeClient| /data/data/com.rhomobile.macotec/rhodata/db/db-files/Image_20130227182412691.jpg -- From line 14 of null
I/Web Console( 3479): /data/data/com.rhomobile.macotec/rhodata/db/db-files/Image_20130227182412691.jpg at null:14
I/APP     ( 3479): I 02/27/2013 18:29:15:072 00000d97 AndroidFunctionality| Pause WebView
I/APP     ( 3479): I 02/27/2013 18:29:15:092 00000d97       RhodesActivity| onPause
I/APP     ( 3479): I 02/27/2013 18:29:15:128 00000dae           HttpServer| Process URI: '/system/uidestroyed'
I/APP     ( 3479): I 02/27/2013 18:29:15:151 00000d97    RhodesApplication| New UiState: MainActivityPaused
I/InputReader(   77): Reconfiguring input devices.  changes=0x00000004
W/SurfaceFlinger(   36): createScreenshotSurface failed (Function not implemented)
I/InputReader(   77): Device reconfigured: id=0, name='qwerty2', surface size is now 480x800, mode is 1
I/ActivityManager(   77): Config changed: {1.0 310mcc260mnc en_US layoutdir=0 sw320dp w533dp h294dp nrml long land finger qwerty/v/v tball/v s.95}
I/APP     ( 3479): I 02/27/2013 18:29:15:549 00000d97         ImageCapture| onCreate
I/APP     ( 3479): I 02/27/2013 18:29:15:620 00000d97         ImageCapture| myOrientationEventListener.enable()
I/APP     ( 3479): I 02/27/2013 18:29:15:675 00000d97         ImageCapture| onResume
I/Process (   77): Sending signal. PID: 3479 SIG: 3
I/dalvikvm( 3479): threadid=3: reacting to signal 3
I/Process (   77): Sending signal. PID: 3479 SIG: 3
I/dalvikvm( 3479): Wrote stack traces to '/data/anr/traces.txt'
I/dalvikvm( 3479): threadid=3: reacting to signal 3
W/ActivityManager(   77): Launch timeout has expired, giving up wake lock!
W/WindowManager(   77): Window freeze timeout expired.
W/WindowManager(   77): Force clearing orientation change: Window{4146de78 StatusBar paused=false}
W/WindowManager(   77): Force clearing orientation change: Window{4159ed78 StatusBarExpanded paused=false}
I/Process (   77): Sending signal. PID: 3479 SIG: 3
I/dalvikvm( 3479): Wrote stack traces to '/data/anr/traces.txt'
I/APP     ( 3479): I 02/27/2013 18:29:18:283 00000dae           HttpServer| Process URI: '/app/Request/request_rental'
I/dalvikvm( 3479): threadid=3: reacting to signal 3
I/APP     ( 3479): I 02/27/2013 18:29:18:471 00000dae                  APP| RHO serve: /app/Request/request_rental
W/ActivityManager(   77): Activity idle timeout for ActivityRecord{41462268 com.rhomobile.macotec/com.rhomobile.rhodes.RhodesActivity}
D/RhodesService( 3479): +++ onStartCommand
I/RhodesService( 3479): handleCommand: startId=6, source=com.rhomobile.rhodes.BaseActivity
D/RhodesService( 3479): New activity was created
I/dalvikvm( 3479): Wrote stack traces to '/data/anr/traces.txt'
I/APP     ( 3479): I 02/27/2013 18:29:20:310 00000d97         ImageCapture| onOrientationChanged(0)
W/WindowManager(   77): App freeze timeout expired.
W/WindowManager(   77): Force clearing freeze: AppWindowToken{415e9868 token=Token{4145fe50 ActivityRecord{414d4da8 com.rhomobile.macotec/com.rhomobile.rhodes.camera.ImageCapture}}}
V/PhoneStatusBar(  137): setLightsOn(true)
I/APP     ( 3479): I 02/27/2013 18:29:21:139 00000d97         ImageCapture| surfaceCreated
V/EmulatedCamera_Factory(   38): getCameraInfo: id = 0
V/EmulatedCamera_Camera(   38): getCameraInfo
V/EmulatedCamera_Factory(   38): getCameraInfo: id = 0
V/EmulatedCamera_Camera(   38): getCameraInfo
I/CameraService(   38): Opening camera 0
V/EmulatedCamera_Factory(   38): cameraDeviceOpen: id = 0
V/EmulatedCamera_Camera(   38): connectCamera
V/EmulatedCamera_FakeDevice(   38): connectDevice
V/EmulatedCamera_CallbackNotifier(   38): setCallbacks: 0x405954e9, 0x40595f9d, 0x40595f01, 0x40597359 (0x101f0)
V/EmulatedCamera_CallbackNotifier(   38): enableMessage: msg_type = 0x40d
V/EmulatedCamera_CallbackNotifier(   38):     CAMERA_MSG_ERROR
V/EmulatedCamera_CallbackNotifier(   38):     CAMERA_MSG_FOCUS
V/EmulatedCamera_CallbackNotifier(   38):     CAMERA_MSG_ZOOM
V/EmulatedCamera_CallbackNotifier(   38):     CAMERA_MSG_PREVIEW_METADATA
V/EmulatedCamera_CallbackNotifier(   38): **** Currently enabled messages:
V/EmulatedCamera_CallbackNotifier(   38):     CAMERA_MSG_ERROR
V/EmulatedCamera_CallbackNotifier(   38):     CAMERA_MSG_FOCUS
V/EmulatedCamera_CallbackNotifier(   38):     CAMERA_MSG_ZOOM
V/EmulatedCamera_CallbackNotifier(   38):     CAMERA_MSG_PREVIEW_METADATA
I/AwesomePlayer(   38): setDataSource_l('/system/media/audio/ui/camera_click.ogg')
I/APP     ( 3479): I 02/27/2013 18:29:21:713 00000dae                  APP| ++++++++++++++++++++++++++++++++++++ /data/data/com.rhomobile.macotec/rhodata/db/db-files/Image_20130227182903706.jpg
I/AwesomePlayer(   38): setDataSource_l('/system/media/audio/ui/VideoRecord.ogg')
I/APP     ( 3479): I 02/27/2013 18:29:22:799 00000dae RHO RequestController| Layout file: /data/data/com.rhomobile.macotec/rhodata/apps/app/layout_erb.iseq. Content size: 7470
I/APP     ( 3479): I 02/27/2013 18:29:23:021 00000dae           HttpServer| GC Start.
I/APP     ( 3479): I 02/27/2013 18:29:23:926 00000dae           HttpServer| GC End.
D/dalvikvm(   77): GC_EXPLICIT freed 101K, 12% free 11385K/12935K, paused 124ms+106ms
I/APP     ( 3479): I 02/27/2013 18:29:25:145 00000d97         ImageCapture| surfaceChanged
V/EmulatedCamera_Camera(   38): setParameters
V/EmulatedCamera_Preview(   38): setPreviewWindow: current: 0x0 -> new: 0x10200
V/EmulatedCamera_Camera(   38): doStartPreview
V/EmulatedCamera_Preview(   38): startPreview
W/ActivityManager(   77): Activity idle timeout for ActivityRecord{414d4da8 com.rhomobile.macotec/com.rhomobile.rhodes.camera.ImageCapture}
D/EmulatedCamera_Camera(   38): Starting camera: 352x288 -> NV21(yuv420sp)
V/EmulatedCamera_FakeDevice(   38): startDevice
V/EmulatedCamera_Device(   38): commonStartDevice: Allocated 0x41b25008 152064 bytes for 101376 pixels in NV21[352x288] frame
V/EmulatedCamera_Device(   38): startDeliveringFrames
V/EmulatedCamera_Device(   38): startWorkerThread
V/EmulatedCamera_Device(   38): Starting emulated camera device worker thread...
V/EmulatedCamera_Device(   38): Emulated device's worker thread has been started.
I/APP     ( 3479): I 02/27/2013 18:29:26:014 00000d97         ImageCapture| onStop
V/EmulatedCamera_Preview(   38): onNextFrameAvailable: Adjusting preview windows 0x10200 geometry to 352x288
I/ActivityManager(   77): Displayed com.rhomobile.macotec/com.rhomobile.rhodes.camera.ImageCapture: +11s314ms
I/APP     ( 3479): I 02/27/2013 18:29:26:623 00000d97       RhodesActivity| onStop
F/BatteryStatsImpl(   77): problem reading network stats
F/BatteryStatsImpl(   77): java.lang.IllegalStateException: problem parsing idx 1
F/BatteryStatsImpl(   77): 	at com.android.internal.net.NetworkStatsFactory.readNetworkStatsDetail(NetworkStatsFactory.java:300)
F/BatteryStatsImpl(   77): 	at com.android.internal.net.NetworkStatsFactory.readNetworkStatsDetail(NetworkStatsFactory.java:250)
F/BatteryStatsImpl(   77): 	at com.android.internal.os.BatteryStatsImpl.getNetworkStatsDetailGroupedByUid(BatteryStatsImpl.java:5734)
F/BatteryStatsImpl(   77): 	at com.android.internal.os.BatteryStatsImpl.access$100(BatteryStatsImpl.java:76)
F/BatteryStatsImpl(   77): 	at com.android.internal.os.BatteryStatsImpl$Uid.computeCurrentTcpBytesReceived(BatteryStatsImpl.java:2457)
F/BatteryStatsImpl(   77): 	at com.android.internal.os.BatteryStatsImpl$Uid.getTcpBytesReceived(BatteryStatsImpl.java:2446)
F/BatteryStatsImpl(   77): 	at com.android.internal.os.BatteryStatsImpl.writeSummaryToParcel(BatteryStatsImpl.java:5437)
F/BatteryStatsImpl(   77): 	at com.android.internal.os.BatteryStatsImpl.writeLocked(BatteryStatsImpl.java:4836)
F/BatteryStatsImpl(   77): 	at com.android.internal.os.BatteryStatsImpl.writeAsyncLocked(BatteryStatsImpl.java:4818)
F/BatteryStatsImpl(   77): 	at com.android.server.am.ActivityManagerService.updateCpuStatsNow(ActivityManagerService.java:1652)
F/BatteryStatsImpl(   77): 	at com.android.server.am.ActivityManagerService$3.run(ActivityManagerService.java:1534)
F/BatteryStatsImpl(   77): Caused by: java.io.FileNotFoundException: /proc/net/xt_qtaguid/stats: open failed: ENOENT (No such file or directory)
F/BatteryStatsImpl(   77): 	at libcore.io.IoBridge.open(IoBridge.java:406)
F/BatteryStatsImpl(   77): 	at java.io.FileInputStream.<init>(FileInputStream.java:78)
F/BatteryStatsImpl(   77): 	at com.android.internal.net.NetworkStatsFactory.readNetworkStatsDetail(NetworkStatsFactory.java:269)
F/BatteryStatsImpl(   77): 	... 10 more
F/BatteryStatsImpl(   77): Caused by: libcore.io.ErrnoException: open failed: ENOENT (No such file or directory)
F/BatteryStatsImpl(   77): 	at libcore.io.Posix.open(Native Method)
F/BatteryStatsImpl(   77): 	at libcore.io.BlockGuardOs.open(BlockGuardOs.java:110)
F/BatteryStatsImpl(   77): 	at libcore.io.IoBridge.open(IoBridge.java:390)
F/BatteryStatsImpl(   77): 	... 12 more
I/APP     ( 3479): E 02/27/2013 18:29:28:978 00000dae           HttpServer| Connection gracefully closed before we send any data
I/APP     ( 3479): E 02/27/2013 18:29:28:979 00000dae           HttpServer| Parsing error
I/APP     ( 3479): E 02/27/2013 18:29:28:981 00000dae           HttpServer| Connection gracefully closed before we send any data
I/APP     ( 3479): E 02/27/2013 18:29:28:981 00000dae           HttpServer| Parsing error
I/APP     ( 3479): E 02/27/2013 18:29:28:982 00000dae           HttpServer| Connection gracefully closed before we send any data
I/APP     ( 3479): E 02/27/2013 18:29:29:027 00000dae           HttpServer| Parsing error
I/APP     ( 3479): E 02/27/2013 18:29:29:031 00000dae           HttpServer| Connection gracefully closed before we send any data
I/APP     ( 3479): E 02/27/2013 18:29:29:060 00000dae           HttpServer| Parsing error
I/APP     ( 3479): E 02/27/2013 18:29:29:065 00000dae           HttpServer| Connection gracefully closed before we send any data
I/APP     ( 3479): E 02/27/2013 18:29:29:093 00000dae           HttpServer| Parsing error
I/APP     ( 3479): I 02/27/2013 18:29:31:601 00000d97         ImageCapture| Camera rotation: 90
I/APP     ( 3479): I 02/27/2013 18:29:31:605 00000d97         ImageCapture| Camera rotation resetup for platforms >= 2.2: 1
V/ImageCapture( 3479): ms[1361986171647] $$$   parameters.set(rotation, 90 );
V/EmulatedCamera_Camera(   38): setParameters
V/EmulatedCamera_CallbackNotifier(   38): enableMessage: msg_type = 0x302
V/EmulatedCamera_CallbackNotifier(   38):     CAMERA_MSG_SHUTTER
V/EmulatedCamera_CallbackNotifier(   38):     CAMERA_MSG_COMPRESSED_IMAGE
V/EmulatedCamera_CallbackNotifier(   38):     CAMERA_MSG_RAW_IMAGE_NOTIFY
V/EmulatedCamera_CallbackNotifier(   38): **** Currently enabled messages:
V/EmulatedCamera_CallbackNotifier(   38):     CAMERA_MSG_ERROR
V/EmulatedCamera_CallbackNotifier(   38):     CAMERA_MSG_SHUTTER
V/EmulatedCamera_CallbackNotifier(   38):     CAMERA_MSG_FOCUS
V/EmulatedCamera_CallbackNotifier(   38):     CAMERA_MSG_ZOOM
V/EmulatedCamera_CallbackNotifier(   38):     CAMERA_MSG_COMPRESSED_IMAGE
V/EmulatedCamera_CallbackNotifier(   38):     CAMERA_MSG_RAW_IMAGE_NOTIFY
V/EmulatedCamera_CallbackNotifier(   38):     CAMERA_MSG_PREVIEW_METADATA
V/EmulatedCamera_Camera(   38): takePicture
V/EmulatedCamera_Camera(   38): doStopPreview
V/EmulatedCamera_Device(   38): stopDeliveringFrames
V/EmulatedCamera_Device(   38): stopWorkerThread
V/EmulatedCamera_Device(   38): Stopping emulated camera device's worker thread...
V/EmulatedCamera_Device(   38): Emulated camera device's worker thread has been stopped.
V/EmulatedCamera_FakeDevice(   38): stopDevice
V/EmulatedCamera_Preview(   38): stopPreview
D/EmulatedCamera_Camera(   38): Starting camera for picture: NV21(jpeg)[640x480]
V/EmulatedCamera_FakeDevice(   38): startDevice
V/EmulatedCamera_Device(   38): commonStartDevice: Allocated 0x41b25008 460800 bytes for 307200 pixels in NV21[640x480] frame
V/EmulatedCamera_Device(   38): startDeliveringFrames
V/EmulatedCamera_Device(   38): startWorkerThread
V/EmulatedCamera_Device(   38): Starting emulated camera device worker thread...
V/EmulatedCamera_Device(   38): Emulated device's worker thread has been started.
D/AudioSink(   38): bufferCount (4) is too small and increased to 12
I/APP     ( 3479): I 02/27/2013 18:29:34:055 00000d97         ImageCapture| SHUTTER CALLBACK
V/EmulatedCamera_CallbackNotifier(   38): disableMessage: msg_type = 0x2
V/EmulatedCamera_CallbackNotifier(   38):     CAMERA_MSG_SHUTTER
V/EmulatedCamera_CallbackNotifier(   38): **** Currently enabled messages:
V/EmulatedCamera_CallbackNotifier(   38):     CAMERA_MSG_ERROR
V/EmulatedCamera_CallbackNotifier(   38):     CAMERA_MSG_FOCUS
V/EmulatedCamera_CallbackNotifier(   38):     CAMERA_MSG_ZOOM
V/EmulatedCamera_CallbackNotifier(   38):     CAMERA_MSG_COMPRESSED_IMAGE
V/EmulatedCamera_CallbackNotifier(   38):     CAMERA_MSG_RAW_IMAGE_NOTIFY
V/EmulatedCamera_CallbackNotifier(   38):     CAMERA_MSG_PREVIEW_METADATA
I/APP     ( 3479): I 02/27/2013 18:29:34:533 00000d97         ImageCapture| PICTURE CALLBACK RAW
V/EmulatedCamera_JPEG(   38): compressRawImage: 0x41b25008[640x480]
D/skia    (   38): onFlyCompress
W/AudioTrack(   38): obtainBuffer() track 0x18f98 disabled, restarting
V/EmulatedCamera_JPEG(   38): compressRawImage: Compressed JPEG: 460800[640x480] -> 21351 bytes
V/EmulatedCamera_CallbackNotifier(   38): disableMessage: msg_type = 0x100
V/EmulatedCamera_CallbackNotifier(   38):     CAMERA_MSG_COMPRESSED_IMAGE
V/EmulatedCamera_CallbackNotifier(   38): **** Currently enabled messages:
V/EmulatedCamera_CallbackNotifier(   38):     CAMERA_MSG_ERROR
V/EmulatedCamera_CallbackNotifier(   38):     CAMERA_MSG_FOCUS
V/EmulatedCamera_CallbackNotifier(   38):     CAMERA_MSG_ZOOM
V/EmulatedCamera_CallbackNotifier(   38):     CAMERA_MSG_RAW_IMAGE_NOTIFY
V/EmulatedCamera_CallbackNotifier(   38):     CAMERA_MSG_PREVIEW_METADATA
I/APP     ( 3479): I 02/27/2013 18:29:36:527 00000d97         ImageCapture| PICTURE CALLBACK JPEG: 21351 bytes
I/APP     ( 3479): I 02/27/2013 18:29:36:694 00000dae           HttpServer| Process URI: '/app/Image/camera_callback'
I/APP     ( 3479): I 02/27/2013 18:29:36:696 00000dae                  APP| RHO serve: /app/Image/camera_callback
I/APP     ( 3479): I 02/27/2013 18:29:36:723 00000dae                  APP| Params: {"rho_callback"=>"1", "status"=>"ok", "image_uri"=>"db/db-files/Image_20130227182931473.jpg", "image_width"=>"640", "image_height"=>"480", "image_format"=>"jpg"}
I/APP     ( 3479): I 02/27/2013 18:29:36:845 00000dae                  APP| Captured Image  Size: 640x480, Format: jpg 
I/APP     ( 3479): I 02/27/2013 18:29:36:874 00000d97         ImageCapture| finish
W/WindowManager(   77): Failure taking screenshot for (180x300) to layer 21020
I/InputReader(   77): Reconfiguring input devices.  changes=0x00000004
I/InputReader(   77): Device reconfigured: id=0, name='qwerty2', surface size is now 480x800, mode is 1
W/SurfaceFlinger(   36): createScreenshotSurface failed (Function not implemented)
I/ActivityManager(   77): Config changed: {1.0 310mcc260mnc en_US layoutdir=0 sw320dp w320dp h508dp nrml long port finger qwerty/v/v tball/v s.96}
I/APP     ( 3479): I 02/27/2013 18:29:37:004 00000dae           HttpServer| GC Start.
D/dalvikvm( 3479): GC_CONCURRENT freed 967K, 8% free 12609K/13703K, paused 37ms+13ms
I/APP     ( 3479): I 02/27/2013 18:29:37:210 00000dae           HttpServer| GC End.
I/APP     ( 3479): I 02/27/2013 18:29:37:410 00000d97       RhodesActivity| onStart
I/APP     ( 3479): I 02/27/2013 18:29:37:416 00000d97    RhodesApplication| New UiState: MainActivityStarted
I/APP     ( 3479): I 02/27/2013 18:29:37:458 00000d97       RhodesActivity| onResume
I/APP     ( 3479): I 02/27/2013 18:29:37:462 00000d97 AndroidFunctionality| Resume WebView
I/Process (   77): Sending signal. PID: 3479 SIG: 3
I/dalvikvm( 3479): threadid=3: reacting to signal 3
I/dalvikvm( 3479): Wrote stack traces to '/data/anr/traces.txt'
I/APP     ( 3479): I 02/27/2013 18:29:37:850 00000d97         ImageCapture| surfaceDestroyed
V/EmulatedCamera_CallbackNotifier(   38): disableMessage: msg_type = 0x10
V/EmulatedCamera_CallbackNotifier(   38):     CAMERA_MSG_PREVIEW_FRAME
V/EmulatedCamera_CallbackNotifier(   38): **** Currently enabled messages:
V/EmulatedCamera_CallbackNotifier(   38):     CAMERA_MSG_ERROR
V/EmulatedCamera_CallbackNotifier(   38):     CAMERA_MSG_FOCUS
V/EmulatedCamera_CallbackNotifier(   38):     CAMERA_MSG_ZOOM
V/EmulatedCamera_CallbackNotifier(   38):     CAMERA_MSG_RAW_IMAGE_NOTIFY
V/EmulatedCamera_CallbackNotifier(   38):     CAMERA_MSG_PREVIEW_METADATA
V/EmulatedCamera_Camera(   38): doStopPreview
V/EmulatedCamera_CallbackNotifier(   38): disableMessage: msg_type = 0x10
V/EmulatedCamera_CallbackNotifier(   38):     CAMERA_MSG_PREVIEW_FRAME
V/EmulatedCamera_CallbackNotifier(   38): **** Currently enabled messages:
V/EmulatedCamera_CallbackNotifier(   38):     CAMERA_MSG_ERROR
V/EmulatedCamera_CallbackNotifier(   38):     CAMERA_MSG_FOCUS
V/EmulatedCamera_CallbackNotifier(   38):     CAMERA_MSG_ZOOM
V/EmulatedCamera_CallbackNotifier(   38):     CAMERA_MSG_RAW_IMAGE_NOTIFY
V/EmulatedCamera_CallbackNotifier(   38):     CAMERA_MSG_PREVIEW_METADATA
V/EmulatedCamera_CallbackNotifier(   38): disableMessage: msg_type = 0xffff
V/EmulatedCamera_CallbackNotifier(   38):     CAMERA_MSG_ERROR
V/EmulatedCamera_CallbackNotifier(   38):     CAMERA_MSG_SHUTTER
V/EmulatedCamera_CallbackNotifier(   38):     CAMERA_MSG_FOCUS
V/EmulatedCamera_CallbackNotifier(   38):     CAMERA_MSG_ZOOM
V/EmulatedCamera_CallbackNotifier(   38):     CAMERA_MSG_PREVIEW_FRAME
V/EmulatedCamera_CallbackNotifier(   38):     CAMERA_MSG_VIDEO_FRAME
V/EmulatedCamera_CallbackNotifier(   38):     CAMERA_MSG_POSTVIEW_FRAME
V/EmulatedCamera_CallbackNotifier(   38):     CAMERA_MSG_RAW_IMAGE
V/EmulatedCamera_CallbackNotifier(   38):     CAMERA_MSG_COMPRESSED_IMAGE
V/EmulatedCamera_CallbackNotifier(   38):     CAMERA_MSG_RAW_IMAGE_NOTIFY
V/EmulatedCamera_CallbackNotifier(   38):     CAMERA_MSG_PREVIEW_METADATA
V/EmulatedCamera_CallbackNotifier(   38): **** Currently enabled messages:
V/EmulatedCamera_Camera(   38): doStopPreview
V/EmulatedCamera_Camera(   38): cancelPicture
V/EmulatedCamera_Camera(   38): releaseCamera
V/EmulatedCamera_Camera(   38): doStopPreview
V/EmulatedCamera_Device(   38): stopDeliveringFrames
V/EmulatedCamera_Device(   38): stopWorkerThread
V/EmulatedCamera_Device(   38): Stopping emulated camera device's worker thread...
V/EmulatedCamera_Device(   38): Emulated camera device's worker thread has been stopped.
V/EmulatedCamera_FakeDevice(   38): stopDevice
V/EmulatedCamera_FakeDevice(   38): disconnectDevice
V/EmulatedCamera_Preview(   38): setPreviewWindow: current: 0x10200 -> new: 0x0
I/CameraService(   38): Destroying camera 0
V/EmulatedCamera_Camera(   38): closeCamera
V/EmulatedCamera_Camera(   38): doStopPreview
W/AudioFlinger(   38): session id 159 not found for pid 38
W/AudioFlinger(   38): session id 160 not found for pid 38
I/Process (   77): Sending signal. PID: 3479 SIG: 3
I/dalvikvm( 3479): threadid=3: reacting to signal 3
I/dalvikvm( 3479): Wrote stack traces to '/data/anr/traces.txt'
V/PhoneStatusBar(  137): setLightsOn(true)
I/Process (   77): Sending signal. PID: 3479 SIG: 3
I/dalvikvm( 3479): threadid=3: reacting to signal 3
I/dalvikvm( 3479): Wrote stack traces to '/data/anr/traces.txt'
D/dalvikvm(   77): GC_EXPLICIT freed 229K, 12% free 11387K/12935K, paused 4ms+9ms
I/APP     ( 3479): I 02/27/2013 18:29:39:937 00000d97         ImageCapture| onStop
I/APP     ( 3479): I 02/27/2013 18:29:42:797 00000dae           HttpServer| Process URI: '/app/Image/new'
I/APP     ( 3479): I 02/27/2013 18:29:42:802 00000dae                  APP| RHO serve: /app/Image/new
I/APP     ( 3479): I 02/27/2013 18:29:42:904 00000dae           HttpServer| GC Start.
I/APP     ( 3479): I 02/27/2013 18:29:43:328 00000dae           HttpServer| GC End.
I/ActivityManager(   77): START {cmp=com.rhomobile.macotec/com.rhomobile.rhodes.camera.ImageCapture (has extras)} from pid 3479
W/WindowManager(   77): Failure taking screenshot for (180x300) to layer 21010
I/APP     ( 3479): I 02/27/2013 18:29:45:514 00000d97   RhoWebChromeClient| /data/data/com.rhomobile.macotec/rhodata/db/db-files/Image_20130227182412691.jpg -- From line 14 of null
I/Web Console( 3479): /data/data/com.rhomobile.macotec/rhodata/db/db-files/Image_20130227182412691.jpg at null:14
I/APP     ( 3479): I 02/27/2013 18:29:45:690 00000d97 AndroidFunctionality| Pause WebView
I/APP     ( 3479): I 02/27/2013 18:29:45:749 00000d97       RhodesActivity| onPause
I/APP     ( 3479): I 02/27/2013 18:29:45:856 00000dae           HttpServer| Process URI: '/system/uidestroyed'
I/APP     ( 3479): I 02/27/2013 18:29:45:942 00000d97    RhodesApplication| New UiState: MainActivityPaused
W/ActivityManager(   77): Activity pause timeout for ActivityRecord{41462268 com.rhomobile.macotec/com.rhomobile.rhodes.RhodesActivity}
I/Process (   77): Sending signal. PID: 3479 SIG: 3
I/dalvikvm( 3479): threadid=3: reacting to signal 3
I/dalvikvm( 3479): Wrote stack traces to '/data/anr/traces.txt'
W/SurfaceFlinger(   36): createScreenshotSurface failed (Function not implemented)
I/InputReader(   77): Reconfiguring input devices.  changes=0x00000004
I/InputReader(   77): Device reconfigured: id=0, name='qwerty2', surface size is now 480x800, mode is 1
I/ActivityManager(   77): Config changed: {1.0 310mcc260mnc en_US layoutdir=0 sw320dp w533dp h294dp nrml long land finger qwerty/v/v tball/v s.97}
I/Process (   77): Sending signal. PID: 3479 SIG: 3
I/dalvikvm( 3479): threadid=3: reacting to signal 3
I/dalvikvm( 3479): Wrote stack traces to '/data/anr/traces.txt'
I/APP     ( 3479): I 02/27/2013 18:29:48:345 00000d97         ImageCapture| onCreate
I/Process (   77): Sending signal. PID: 3479 SIG: 3
I/dalvikvm( 3479): threadid=3: reacting to signal 3
W/WindowManager(   77): Window freeze timeout expired.
W/WindowManager(   77): Force clearing orientation change: Window{4146de78 StatusBar paused=false}
I/Process (   77): Sending signal. PID: 3479 SIG: 3
I/dalvikvm( 3479): Wrote stack traces to '/data/anr/traces.txt'
I/dalvikvm( 3479): threadid=3: reacting to signal 3
I/Process (   77): Sending signal. PID: 3479 SIG: 3
I/dalvikvm( 3479): Wrote stack traces to '/data/anr/traces.txt'
I/APP     ( 3479): I 02/27/2013 18:29:50:114 00000d97         ImageCapture| myOrientationEventListener.enable()
I/dalvikvm( 3479): threadid=3: reacting to signal 3
I/Process (   77): Sending signal. PID: 3479 SIG: 3
I/APP     ( 3479): I 02/27/2013 18:29:50:731 00000d97         ImageCapture| onResume
I/dalvikvm( 3479): Wrote stack traces to '/data/anr/traces.txt'
I/dalvikvm( 3479): threadid=3: reacting to signal 3
I/Process (   77): Sending signal. PID: 3479 SIG: 3
I/dalvikvm( 3479): Wrote stack traces to '/data/anr/traces.txt'
I/dalvikvm( 3479): threadid=3: reacting to signal 3
I/Process (   77): Sending signal. PID: 3479 SIG: 3
W/WindowManager(   77): App freeze timeout expired.
W/WindowManager(   77): Force clearing freeze: AppWindowToken{415ca6e0 token=Token{4158b658 ActivityRecord{414ecce8 com.rhomobile.macotec/com.rhomobile.rhodes.camera.ImageCapture}}}
I/dalvikvm( 3479): Wrote stack traces to '/data/anr/traces.txt'
I/dalvikvm( 3479): threadid=3: reacting to signal 3
I/Process (   77): Sending signal. PID: 3479 SIG: 3
D/RhodesService( 3479): +++ onStartCommand
I/RhodesService( 3479): handleCommand: startId=7, source=com.rhomobile.rhodes.BaseActivity
D/RhodesService( 3479): New activity was created
E/dalvikvm( 3479): Unable to open stack trace file '/data/anr/traces.txt': Permission denied
I/dalvikvm( 3479): threadid=3: reacting to signal 3
I/Process (   77): Sending signal. PID: 3479 SIG: 3
I/dalvikvm( 3479): Wrote stack traces to '/data/anr/traces.txt'
V/PhoneStatusBar(  137): setLightsOn(true)
I/dalvikvm( 3479): threadid=3: reacting to signal 3
I/APP     ( 3479): I 02/27/2013 18:29:53:697 00000d97         ImageCapture| surfaceCreated
V/EmulatedCamera_Factory(   38): getCameraInfo: id = 0
V/EmulatedCamera_Camera(   38): getCameraInfo
V/EmulatedCamera_Factory(   38): getCameraInfo: id = 0
V/EmulatedCamera_Camera(   38): getCameraInfo
I/CameraService(   38): Opening camera 0
V/EmulatedCamera_Factory(   38): cameraDeviceOpen: id = 0
V/EmulatedCamera_Camera(   38): connectCamera
V/EmulatedCamera_FakeDevice(   38): connectDevice
V/EmulatedCamera_CallbackNotifier(   38): setCallbacks: 0x405954e9, 0x40595f9d, 0x40595f01, 0x40597359 (0xffa0)
V/EmulatedCamera_CallbackNotifier(   38): enableMessage: msg_type = 0x40d
V/EmulatedCamera_CallbackNotifier(   38):     CAMERA_MSG_ERROR
V/EmulatedCamera_CallbackNotifier(   38):     CAMERA_MSG_FOCUS
V/EmulatedCamera_CallbackNotifier(   38):     CAMERA_MSG_ZOOM
V/EmulatedCamera_CallbackNotifier(   38):     CAMERA_MSG_PREVIEW_METADATA
V/EmulatedCamera_CallbackNotifier(   38): **** Currently enabled messages:
V/EmulatedCamera_CallbackNotifier(   38):     CAMERA_MSG_ERROR
V/EmulatedCamera_CallbackNotifier(   38):     CAMERA_MSG_FOCUS
V/EmulatedCamera_CallbackNotifier(   38):     CAMERA_MSG_ZOOM
V/EmulatedCamera_CallbackNotifier(   38):     CAMERA_MSG_PREVIEW_METADATA
I/AwesomePlayer(   38): setDataSource_l('/system/media/audio/ui/camera_click.ogg')
I/Process (   77): Sending signal. PID: 3479 SIG: 3
I/dalvikvm( 3479): Wrote stack traces to '/data/anr/traces.txt'
I/dalvikvm( 3479): threadid=3: reacting to signal 3
I/AwesomePlayer(   38): setDataSource_l('/system/media/audio/ui/VideoRecord.ogg')
I/dalvikvm( 3479): Wrote stack traces to '/data/anr/traces.txt'
I/APP     ( 3479): I 02/27/2013 18:29:54:322 00000d97         ImageCapture| surfaceChanged
V/EmulatedCamera_Camera(   38): setParameters
I/Process (   77): Sending signal. PID: 3479 SIG: 3
V/EmulatedCamera_Preview(   38): setPreviewWindow: current: 0x0 -> new: 0xffb0
V/EmulatedCamera_Camera(   38): doStartPreview
V/EmulatedCamera_Preview(   38): startPreview
D/EmulatedCamera_Camera(   38): Starting camera: 352x288 -> NV21(yuv420sp)
V/EmulatedCamera_FakeDevice(   38): startDevice
V/EmulatedCamera_Device(   38): commonStartDevice: Allocated 0x41b25008 152064 bytes for 101376 pixels in NV21[352x288] frame
V/EmulatedCamera_Device(   38): startDeliveringFrames
V/EmulatedCamera_Device(   38): startWorkerThread
I/dalvikvm( 3479): threadid=3: reacting to signal 3
V/EmulatedCamera_Device(   38): Starting emulated camera device worker thread...
V/EmulatedCamera_Device(   38): Emulated device's worker thread has been started.
I/APP     ( 3479): I 02/27/2013 18:29:54:558 00000d97         ImageCapture| onOrientationChanged(0)
V/EmulatedCamera_Preview(   38): onNextFrameAvailable: Adjusting preview windows 0xffb0 geometry to 352x288
I/dalvikvm( 3479): Wrote stack traces to '/data/anr/traces.txt'
I/Process (   77): Sending signal. PID: 3479 SIG: 3
I/dalvikvm( 3479): threadid=3: reacting to signal 3
I/dalvikvm( 3479): Wrote stack traces to '/data/anr/traces.txt'
D/dalvikvm(   77): GC_EXPLICIT freed 186K, 12% free 11392K/12935K, paused 4ms+33ms
I/ActivityManager(   77): Displayed com.rhomobile.macotec/com.rhomobile.rhodes.camera.ImageCapture: +8s479ms
I/APP     ( 3479): I 02/27/2013 18:29:55:316 00000d97       RhodesActivity| onStop
I/APP     ( 3479): I 02/27/2013 18:30:03:248 00000d97         ImageCapture| Camera rotation: 90
I/APP     ( 3479): I 02/27/2013 18:30:03:415 00000d97         ImageCapture| Camera rotation resetup for platforms >= 2.2: 1
V/ImageCapture( 3479): ms[1361986203518] $$$   parameters.set(rotation, 90 );
V/EmulatedCamera_Camera(   38): setParameters
V/EmulatedCamera_CallbackNotifier(   38): enableMessage: msg_type = 0x302
V/EmulatedCamera_CallbackNotifier(   38):     CAMERA_MSG_SHUTTER
V/EmulatedCamera_CallbackNotifier(   38):     CAMERA_MSG_COMPRESSED_IMAGE
V/EmulatedCamera_CallbackNotifier(   38):     CAMERA_MSG_RAW_IMAGE_NOTIFY
V/EmulatedCamera_CallbackNotifier(   38): **** Currently enabled messages:
V/EmulatedCamera_CallbackNotifier(   38):     CAMERA_MSG_ERROR
V/EmulatedCamera_CallbackNotifier(   38):     CAMERA_MSG_SHUTTER
V/EmulatedCamera_CallbackNotifier(   38):     CAMERA_MSG_FOCUS
V/EmulatedCamera_CallbackNotifier(   38):     CAMERA_MSG_ZOOM
V/EmulatedCamera_CallbackNotifier(   38):     CAMERA_MSG_COMPRESSED_IMAGE
V/EmulatedCamera_CallbackNotifier(   38):     CAMERA_MSG_RAW_IMAGE_NOTIFY
V/EmulatedCamera_CallbackNotifier(   38):     CAMERA_MSG_PREVIEW_METADATA
V/EmulatedCamera_Camera(   38): takePicture
V/EmulatedCamera_Camera(   38): doStopPreview
V/EmulatedCamera_Device(   38): stopDeliveringFrames
V/EmulatedCamera_Device(   38): stopWorkerThread
V/EmulatedCamera_Device(   38): Stopping emulated camera device's worker thread...
V/EmulatedCamera_Device(   38): Emulated camera device's worker thread has been stopped.
V/EmulatedCamera_FakeDevice(   38): stopDevice
V/EmulatedCamera_Preview(   38): stopPreview
D/EmulatedCamera_Camera(   38): Starting camera for picture: NV21(jpeg)[640x480]
V/EmulatedCamera_FakeDevice(   38): startDevice
V/EmulatedCamera_Device(   38): commonStartDevice: Allocated 0x41b25008 460800 bytes for 307200 pixels in NV21[640x480] frame
V/EmulatedCamera_Device(   38): startDeliveringFrames
V/EmulatedCamera_Device(   38): startWorkerThread
V/EmulatedCamera_Device(   38): Starting emulated camera device worker thread...
V/EmulatedCamera_Device(   38): Emulated device's worker thread has been started.
D/AudioSink(   38): bufferCount (4) is too small and increased to 12
I/APP     ( 3479): I 02/27/2013 18:30:04:093 00000d97         ImageCapture| SHUTTER CALLBACK
V/EmulatedCamera_CallbackNotifier(   38): disableMessage: msg_type = 0x2
V/EmulatedCamera_CallbackNotifier(   38):     CAMERA_MSG_SHUTTER
V/EmulatedCamera_CallbackNotifier(   38): **** Currently enabled messages:
V/EmulatedCamera_CallbackNotifier(   38):     CAMERA_MSG_ERROR
V/EmulatedCamera_CallbackNotifier(   38):     CAMERA_MSG_FOCUS
V/EmulatedCamera_CallbackNotifier(   38):     CAMERA_MSG_ZOOM
V/EmulatedCamera_CallbackNotifier(   38):     CAMERA_MSG_COMPRESSED_IMAGE
V/EmulatedCamera_CallbackNotifier(   38):     CAMERA_MSG_RAW_IMAGE_NOTIFY
V/EmulatedCamera_CallbackNotifier(   38):     CAMERA_MSG_PREVIEW_METADATA
I/APP     ( 3479): I 02/27/2013 18:30:04:183 00000d97         ImageCapture| PICTURE CALLBACK RAW
V/EmulatedCamera_JPEG(   38): compressRawImage: 0x41b25008[640x480]
D/skia    (   38): onFlyCompress
V/EmulatedCamera_JPEG(   38): compressRawImage: Compressed JPEG: 460800[640x480] -> 22338 bytes
V/EmulatedCamera_CallbackNotifier(   38): disableMessage: msg_type = 0x100
V/EmulatedCamera_CallbackNotifier(   38):     CAMERA_MSG_COMPRESSED_IMAGE
V/EmulatedCamera_CallbackNotifier(   38): **** Currently enabled messages:
V/EmulatedCamera_CallbackNotifier(   38):     CAMERA_MSG_ERROR
V/EmulatedCamera_CallbackNotifier(   38):     CAMERA_MSG_FOCUS
V/EmulatedCamera_CallbackNotifier(   38):     CAMERA_MSG_ZOOM
V/EmulatedCamera_CallbackNotifier(   38):     CAMERA_MSG_RAW_IMAGE_NOTIFY
V/EmulatedCamera_CallbackNotifier(   38):     CAMERA_MSG_PREVIEW_METADATA
I/APP     ( 3479): I 02/27/2013 18:30:04:474 00000d97         ImageCapture| PICTURE CALLBACK JPEG: 22338 bytes
I/APP     ( 3479): I 02/27/2013 18:30:04:489 00000dae           HttpServer| Process URI: '/app/Image/camera_callback'
I/APP     ( 3479): I 02/27/2013 18:30:04:491 00000dae                  APP| RHO serve: /app/Image/camera_callback
I/APP     ( 3479): I 02/27/2013 18:30:04:496 00000dae                  APP| Params: {"rho_callback"=>"1", "status"=>"ok", "image_uri"=>"db/db-files/Image_20130227183001323.jpg", "image_width"=>"640", "image_height"=>"480", "image_format"=>"jpg"}
I/APP     ( 3479): I 02/27/2013 18:30:04:603 00000dae                  APP| Captured Image  Size: 640x480, Format: jpg 
I/APP     ( 3479): I 02/27/2013 18:30:04:636 00000d97         ImageCapture| finish
W/WindowManager(   77): Failure taking screenshot for (180x300) to layer 21020
I/InputReader(   77): Reconfiguring input devices.  changes=0x00000004
I/InputReader(   77): Device reconfigured: id=0, name='qwerty2', surface size is now 480x800, mode is 1
W/SurfaceFlinger(   36): createScreenshotSurface failed (Function not implemented)
I/ActivityManager(   77): Config changed: {1.0 310mcc260mnc en_US layoutdir=0 sw320dp w320dp h508dp nrml long port finger qwerty/v/v tball/v s.98}
I/APP     ( 3479): I 02/27/2013 18:30:04:766 00000dae           HttpServer| GC Start.
I/APP     ( 3479): I 02/27/2013 18:30:04:954 00000dae           HttpServer| GC End.
I/APP     ( 3479): I 02/27/2013 18:30:05:103 00000d97       RhodesActivity| onStart
I/APP     ( 3479): I 02/27/2013 18:30:05:107 00000d97    RhodesApplication| New UiState: MainActivityStarted
I/APP     ( 3479): I 02/27/2013 18:30:05:132 00000d97       RhodesActivity| onResume
I/APP     ( 3479): I 02/27/2013 18:30:05:136 00000d97 AndroidFunctionality| Resume WebView
I/Process (   77): Sending signal. PID: 3479 SIG: 3
I/dalvikvm( 3479): threadid=3: reacting to signal 3
I/APP     ( 3479): I 02/27/2013 18:30:05:253 00000d97         ImageCapture| surfaceDestroyed
V/EmulatedCamera_CallbackNotifier(   38): disableMessage: msg_type = 0x10
V/EmulatedCamera_CallbackNotifier(   38):     CAMERA_MSG_PREVIEW_FRAME
V/EmulatedCamera_CallbackNotifier(   38): **** Currently enabled messages:
V/EmulatedCamera_CallbackNotifier(   38):     CAMERA_MSG_ERROR
V/EmulatedCamera_CallbackNotifier(   38):     CAMERA_MSG_FOCUS
V/EmulatedCamera_CallbackNotifier(   38):     CAMERA_MSG_ZOOM
V/EmulatedCamera_CallbackNotifier(   38):     CAMERA_MSG_RAW_IMAGE_NOTIFY
V/EmulatedCamera_CallbackNotifier(   38):     CAMERA_MSG_PREVIEW_METADATA
V/EmulatedCamera_Camera(   38): doStopPreview
V/EmulatedCamera_CallbackNotifier(   38): disableMessage: msg_type = 0x10
V/EmulatedCamera_CallbackNotifier(   38):     CAMERA_MSG_PREVIEW_FRAME
V/EmulatedCamera_CallbackNotifier(   38): **** Currently enabled messages:
V/EmulatedCamera_CallbackNotifier(   38):     CAMERA_MSG_ERROR
V/EmulatedCamera_CallbackNotifier(   38):     CAMERA_MSG_FOCUS
V/EmulatedCamera_CallbackNotifier(   38):     CAMERA_MSG_ZOOM
V/EmulatedCamera_CallbackNotifier(   38):     CAMERA_MSG_RAW_IMAGE_NOTIFY
V/EmulatedCamera_CallbackNotifier(   38):     CAMERA_MSG_PREVIEW_METADATA
V/EmulatedCamera_CallbackNotifier(   38): disableMessage: msg_type = 0xffff
V/EmulatedCamera_CallbackNotifier(   38):     CAMERA_MSG_ERROR
V/EmulatedCamera_CallbackNotifier(   38):     CAMERA_MSG_SHUTTER
V/EmulatedCamera_CallbackNotifier(   38):     CAMERA_MSG_FOCUS
V/EmulatedCamera_CallbackNotifier(   38):     CAMERA_MSG_ZOOM
V/EmulatedCamera_CallbackNotifier(   38):     CAMERA_MSG_PREVIEW_FRAME
V/EmulatedCamera_CallbackNotifier(   38):     CAMERA_MSG_VIDEO_FRAME
V/EmulatedCamera_CallbackNotifier(   38):     CAMERA_MSG_POSTVIEW_FRAME
V/EmulatedCamera_CallbackNotifier(   38):     CAMERA_MSG_RAW_IMAGE
V/EmulatedCamera_CallbackNotifier(   38):     CAMERA_MSG_COMPRESSED_IMAGE
V/EmulatedCamera_CallbackNotifier(   38):     CAMERA_MSG_RAW_IMAGE_NOTIFY
V/EmulatedCamera_CallbackNotifier(   38):     CAMERA_MSG_PREVIEW_METADATA
V/EmulatedCamera_CallbackNotifier(   38): **** Currently enabled messages:
V/EmulatedCamera_Camera(   38): doStopPreview
V/EmulatedCamera_Camera(   38): cancelPicture
V/EmulatedCamera_Camera(   38): releaseCamera
V/EmulatedCamera_Camera(   38): doStopPreview
V/EmulatedCamera_Device(   38): stopDeliveringFrames
V/EmulatedCamera_Device(   38): stopWorkerThread
V/EmulatedCamera_Device(   38): Stopping emulated camera device's worker thread...
V/EmulatedCamera_Device(   38): Emulated camera device's worker thread has been stopped.
V/EmulatedCamera_FakeDevice(   38): stopDevice
V/EmulatedCamera_FakeDevice(   38): disconnectDevice
V/EmulatedCamera_Preview(   38): setPreviewWindow: current: 0xffb0 -> new: 0x0
I/CameraService(   38): Destroying camera 0
V/EmulatedCamera_Camera(   38): closeCamera
V/EmulatedCamera_Camera(   38): doStopPreview
