W/NetworkManagementSocketTagger(   77): setKernelCountSet(10009, 1) failed with errno -2
I/Process (   77): Sending signal. PID: 171 SIG: 3
I/dalvikvm(  171): threadid=3: reacting to signal 3
I/dalvikvm(  171): Wrote stack traces to '/data/anr/traces.txt'
W/InputManagerService(   77): Starting input on non-focused client com.android.internal.view.IInputMethodClient$Stub$Proxy@413c8648 (uid=10040 pid=1014)
I/APP     ( 1014): I 02/04/2013 17:34:59:227 000003f6    RhodesApplication| New AppState: AppDeactivated
I/APP     ( 1014): I 02/04/2013 17:34:59:228 000003f6        RhodesService| activityStopped() temporary release wakeLock object
I/APP     ( 1014): I 02/04/2013 17:34:59:229 000003f6            RhodesApp| callAppActiveCallback
I/APP     ( 1014): I 02/04/2013 17:34:59:229 000003f6         AppCallbacks| addCommand: APP-DEACTIVATED
I/APP     ( 1014): I 02/04/2013 17:34:59:230 0000040a         AppCallbacks| process command: APP-DEACTIVATED
I/APP     ( 1014): I 02/04/2013 17:34:59:231 0000040a         AppCallbacks| ThreadQueue blocked for 4294967295 seconds...
I/APP     ( 1014): I 02/04/2013 17:34:59:264 0000040c           HttpServer| Process URI: '/system/deactivateapp'
I/APP     ( 1014): I 02/04/2013 17:34:59:282 000003f6       RhodesActivity| onStop
W/NetworkManagementSocketTagger(   77): setKernelCountSet(10040, 0) failed with errno -2
D/dalvikvm(  171): GC_FOR_ALLOC freed 4312K, 28% free 16605K/22791K, paused 155ms
D/dalvikvm(   77): GC_CONCURRENT freed 366K, 13% free 11306K/12935K, paused 5ms+19ms
D/dalvikvm(  171): GC_CONCURRENT freed 709K, 22% free 17863K/22791K, paused 4ms+25ms
D/dalvikvm(  171): GC_FOR_ALLOC freed 2335K, 24% free 17333K/22791K, paused 64ms
I/ActivityManager(   77): START {act=android.intent.action.MAIN cat=[android.intent.category.LAUNCHER] flg=0x10200000 cmp=com.example.android.apis/.ApiDemos} from pid 171
W/WindowManager(   77): Failure taking screenshot for (180x273) to layer 21010
I/ActivityManager(   77): Start proc com.example.android.apis for activity com.example.android.apis/.ApiDemos: pid=1058 uid=10037 gids={3003, 1015, 1006}
I/dalvikvm(   77): DexOpt: mismatch dep signature for '/system/framework/core.odex'
E/dalvikvm(   77): /data/app/ApiDemos.apk odex has stale dependencies
E/dalvikvm(   77): odex source not available -- failing
W/PackageManager(   77): StaleDexCacheError when reading apk: /data/app/ApiDemos.apk
W/PackageManager(   77): dalvik.system.StaleDexCacheError: /data/app/ApiDemos.apk
W/PackageManager(   77): 	at dalvik.system.DexFile.isDexOptNeeded(Native Method)
W/PackageManager(   77): 	at com.android.server.pm.PackageManagerService.performDexOptLI(PackageManagerService.java:3060)
W/PackageManager(   77): 	at com.android.server.pm.PackageManagerService.performDexOpt(PackageManagerService.java:3045)
W/PackageManager(   77): 	at com.android.server.am.ActivityManagerService.ensurePackageDexOpt(ActivityManagerService.java:1803)
W/PackageManager(   77): 	at com.android.server.am.ActivityManagerService.generateApplicationProvidersLocked(ActivityManagerService.java:5790)
W/PackageManager(   77): 	at com.android.server.am.ActivityManagerService.attachApplicationLocked(ActivityManagerService.java:3844)
W/PackageManager(   77): 	at com.android.server.am.ActivityManagerService.attachApplication(ActivityManagerService.java:4020)
W/PackageManager(   77): 	at android.app.ActivityManagerNative.onTransact(ActivityManagerNative.java:347)
W/PackageManager(   77): 	at com.android.server.am.ActivityManagerService.onTransact(ActivityManagerService.java:1548)
W/PackageManager(   77): 	at android.os.Binder.execTransact(Binder.java:338)
W/PackageManager(   77): 	at dalvik.system.NativeStart.run(Native Method)
I/dalvikvm(   77): DexOpt: mismatch dep signature for '/system/framework/core.odex'
E/dalvikvm(   77): /data/app/ApiDemos.apk odex has stale dependencies
E/dalvikvm(   77): odex source not available -- failing
W/PackageManager(   77): StaleDexCacheError when reading apk: /data/app/ApiDemos.apk
W/PackageManager(   77): dalvik.system.StaleDexCacheError: /data/app/ApiDemos.apk
W/PackageManager(   77): 	at dalvik.system.DexFile.isDexOptNeeded(Native Method)
W/PackageManager(   77): 	at com.android.server.pm.PackageManagerService.performDexOptLI(PackageManagerService.java:3060)
W/PackageManager(   77): 	at com.android.server.pm.PackageManagerService.performDexOpt(PackageManagerService.java:3045)
W/PackageManager(   77): 	at com.android.server.am.ActivityManagerService.ensurePackageDexOpt(ActivityManagerService.java:1803)
W/PackageManager(   77): 	at com.android.server.am.ActivityManagerService.generateApplicationProvidersLocked(ActivityManagerService.java:5790)
W/PackageManager(   77): 	at com.android.server.am.ActivityManagerService.attachApplicationLocked(ActivityManagerService.java:3844)
W/PackageManager(   77): 	at com.android.server.am.ActivityManagerService.attachApplication(ActivityManagerService.java:4020)
W/PackageManager(   77): 	at android.app.ActivityManagerNative.onTransact(ActivityManagerNative.java:347)
W/PackageManager(   77): 	at com.android.server.am.ActivityManagerService.onTransact(ActivityManagerService.java:1548)
W/PackageManager(   77): 	at android.os.Binder.execTransact(Binder.java:338)
W/PackageManager(   77): 	at dalvik.system.NativeStart.run(Native Method)
I/dalvikvm(   77): DexOpt: mismatch dep signature for '/system/framework/core.odex'
E/dalvikvm(   77): /data/app/ApiDemos.apk odex has stale dependencies
E/dalvikvm(   77): odex source not available -- failing
W/PackageManager(   77): StaleDexCacheError when reading apk: /data/app/ApiDemos.apk
W/PackageManager(   77): dalvik.system.StaleDexCacheError: /data/app/ApiDemos.apk
W/PackageManager(   77): 	at dalvik.system.DexFile.isDexOptNeeded(Native Method)
W/PackageManager(   77): 	at com.android.server.pm.PackageManagerService.performDexOptLI(PackageManagerService.java:3060)
W/PackageManager(   77): 	at com.android.server.pm.PackageManagerService.performDexOpt(PackageManagerService.java:3045)
W/PackageManager(   77): 	at com.android.server.am.ActivityManagerService.ensurePackageDexOpt(ActivityManagerService.java:1803)
W/PackageManager(   77): 	at com.android.server.am.ActivityManagerService.generateApplicationProvidersLocked(ActivityManagerService.java:5790)
W/PackageManager(   77): 	at com.android.server.am.ActivityManagerService.attachApplicationLocked(ActivityManagerService.java:3844)
W/PackageManager(   77): 	at com.android.server.am.ActivityManagerService.attachApplication(ActivityManagerService.java:4020)
W/PackageManager(   77): 	at android.app.ActivityManagerNative.onTransact(ActivityManagerNative.java:347)
W/PackageManager(   77): 	at com.android.server.am.ActivityManagerService.onTransact(ActivityManagerService.java:1548)
W/PackageManager(   77): 	at android.os.Binder.execTransact(Binder.java:338)
W/PackageManager(   77): 	at dalvik.system.NativeStart.run(Native Method)
I/dalvikvm(   77): DexOpt: mismatch dep signature for '/system/framework/core.odex'
E/dalvikvm(   77): /data/app/ApiDemos.apk odex has stale dependencies
E/dalvikvm(   77): odex source not available -- failing
W/PackageManager(   77): StaleDexCacheError when reading apk: /data/app/ApiDemos.apk
W/PackageManager(   77): dalvik.system.StaleDexCacheError: /data/app/ApiDemos.apk
W/PackageManager(   77): 	at dalvik.system.DexFile.isDexOptNeeded(Native Method)
W/PackageManager(   77): 	at com.android.server.pm.PackageManagerService.performDexOptLI(PackageManagerService.java:3060)
W/PackageManager(   77): 	at com.android.server.pm.PackageManagerService.performDexOpt(PackageManagerService.java:3045)
W/PackageManager(   77): 	at com.android.server.am.ActivityManagerService.ensurePackageDexOpt(ActivityManagerService.java:1803)
W/PackageManager(   77): 	at com.android.server.am.ActivityManagerService.attachApplicationLocked(ActivityManagerService.java:3883)
W/PackageManager(   77): 	at com.android.server.am.ActivityManagerService.attachApplication(ActivityManagerService.java:4020)
W/PackageManager(   77): 	at android.app.ActivityManagerNative.onTransact(ActivityManagerNative.java:347)
W/PackageManager(   77): 	at com.android.server.am.ActivityManagerService.onTransact(ActivityManagerService.java:1548)
W/PackageManager(   77): 	at android.os.Binder.execTransact(Binder.java:338)
W/PackageManager(   77): 	at dalvik.system.NativeStart.run(Native Method)
W/NetworkManagementSocketTagger(   77): setKernelCountSet(10037, 1) failed with errno -2
I/dalvikvm(   77): DexOpt: mismatch dep signature for '/system/framework/core.odex'
E/dalvikvm(   77): /data/app/ApiDemos.apk odex has stale dependencies
E/dalvikvm(   77): odex source not available -- failing
W/PackageManager(   77): StaleDexCacheError when reading apk: /data/app/ApiDemos.apk
W/PackageManager(   77): dalvik.system.StaleDexCacheError: /data/app/ApiDemos.apk
W/PackageManager(   77): 	at dalvik.system.DexFile.isDexOptNeeded(Native Method)
W/PackageManager(   77): 	at com.android.server.pm.PackageManagerService.performDexOptLI(PackageManagerService.java:3060)
W/PackageManager(   77): 	at com.android.server.pm.PackageManagerService.performDexOpt(PackageManagerService.java:3045)
W/PackageManager(   77): 	at com.android.server.am.ActivityManagerService.ensurePackageDexOpt(ActivityManagerService.java:1803)
W/PackageManager(   77): 	at com.android.server.am.ActivityStack.realStartActivityLocked(ActivityStack.java:590)
W/PackageManager(   77): 	at com.android.server.am.ActivityManagerService.attachApplicationLocked(ActivityManagerService.java:3932)
W/PackageManager(   77): 	at com.android.server.am.ActivityManagerService.attachApplication(ActivityManagerService.java:4020)
W/PackageManager(   77): 	at android.app.ActivityManagerNative.onTransact(ActivityManagerNative.java:347)
W/PackageManager(   77): 	at com.android.server.am.ActivityManagerService.onTransact(ActivityManagerService.java:1548)
W/PackageManager(   77): 	at android.os.Binder.execTransact(Binder.java:338)
W/PackageManager(   77): 	at dalvik.system.NativeStart.run(Native Method)
I/Process (   77): Sending signal. PID: 1058 SIG: 3
I/dalvikvm( 1058): threadid=3: reacting to signal 3
I/dalvikvm( 1058): Wrote stack traces to '/data/anr/traces.txt'
I/dalvikvm( 1058): DexOpt: mismatch dep signature for '/system/framework/core.odex'
E/dalvikvm( 1058): /data/app/ApiDemos.apk odex has stale dependencies
I/dalvikvm( 1058): Zip is good, but no classes.dex inside, and no valid .odex file in the same directory
D/AndroidRuntime( 1058): Shutting down VM
W/dalvikvm( 1058): threadid=1: thread exiting with uncaught exception (group=0x409c01f8)
E/AndroidRuntime( 1058): FATAL EXCEPTION: main
E/AndroidRuntime( 1058): java.lang.RuntimeException: Unable to instantiate application com.example.android.apis.ApiDemosApplication: java.lang.ClassNotFoundException: com.example.android.apis.ApiDemosApplication
E/AndroidRuntime( 1058): 	at android.app.LoadedApk.makeApplication(LoadedApk.java:482)
E/AndroidRuntime( 1058): 	at android.app.ActivityThread.handleBindApplication(ActivityThread.java:3938)
E/AndroidRuntime( 1058): 	at android.app.ActivityThread.access$1300(ActivityThread.java:123)
E/AndroidRuntime( 1058): 	at android.app.ActivityThread$H.handleMessage(ActivityThread.java:1185)
E/AndroidRuntime( 1058): 	at android.os.Handler.dispatchMessage(Handler.java:99)
E/AndroidRuntime( 1058): 	at android.os.Looper.loop(Looper.java:137)
E/AndroidRuntime( 1058): 	at android.app.ActivityThread.main(ActivityThread.java:4424)
E/AndroidRuntime( 1058): 	at java.lang.reflect.Method.invokeNative(Native Method)
E/AndroidRuntime( 1058): 	at java.lang.reflect.Method.invoke(Method.java:511)
E/AndroidRuntime( 1058): 	at com.android.internal.os.ZygoteInit$MethodAndArgsCaller.run(ZygoteInit.java:784)
E/AndroidRuntime( 1058): 	at com.android.internal.os.ZygoteInit.main(ZygoteInit.java:551)
E/AndroidRuntime( 1058): 	at dalvik.system.NativeStart.main(Native Method)
E/AndroidRuntime( 1058): Caused by: java.lang.ClassNotFoundException: com.example.android.apis.ApiDemosApplication
E/AndroidRuntime( 1058): 	at dalvik.system.BaseDexClassLoader.findClass(BaseDexClassLoader.java:61)
E/AndroidRuntime( 1058): 	at java.lang.ClassLoader.loadClass(ClassLoader.java:501)
E/AndroidRuntime( 1058): 	at java.lang.ClassLoader.loadClass(ClassLoader.java:461)
E/AndroidRuntime( 1058): 	at android.app.Instrumentation.newApplication(Instrumentation.java:942)
E/AndroidRuntime( 1058): 	at android.app.LoadedApk.makeApplication(LoadedApk.java:477)
E/AndroidRuntime( 1058): 	... 11 more
W/ActivityManager(   77):   Force finishing activity com.example.android.apis/.ApiDemos
W/WindowManager(   77): Failure taking screenshot for (180x273) to layer 21015
I/Process (   77): Sending signal. PID: 1058 SIG: 3
I/dalvikvm( 1058): threadid=3: reacting to signal 3
I/dalvikvm( 1058): Wrote stack traces to '/data/anr/traces.txt'
D/dalvikvm(  171): GC_FOR_ALLOC freed 629K, 19% free 18506K/22791K, paused 1569ms
W/ActivityManager(   77): Activity pause timeout for ActivityRecord{4140cb30 com.example.android.apis/.ApiDemos}
I/Process (   77): Sending signal. PID: 1058 SIG: 3
I/dalvikvm( 1058): threadid=3: reacting to signal 3
I/dalvikvm( 1058): Wrote stack traces to '/data/anr/traces.txt'
I/Process (   77): Sending signal. PID: 171 SIG: 3
I/dalvikvm(  171): threadid=3: reacting to signal 3
I/dalvikvm(  171): Wrote stack traces to '/data/anr/traces.txt'
I/Process (   77): Sending signal. PID: 171 SIG: 3
I/dalvikvm(  171): threadid=3: reacting to signal 3
I/dalvikvm(  171): Wrote stack traces to '/data/anr/traces.txt'
D/dalvikvm(  171): GC_CONCURRENT freed 3565K, 26% free 16889K/22791K, paused 5ms+10ms
I/Process ( 1058): Sending signal. PID: 1058 SIG: 9
I/ActivityManager(   77): Process com.example.android.apis (pid 1058) has died.
W/NetworkManagementSocketTagger(   77): setKernelCountSet(10037, 0) failed with errno -2
W/InputManagerService(   77): Window already focused, ignoring focus gain of: com.android.internal.view.IInputMethodClient$Stub$Proxy@41552f78
D/dalvikvm(  171): GC_CONCURRENT freed 1432K, 24% free 17493K/22791K, paused 4ms+7ms
D/dalvikvm(  171): GC_FOR_ALLOC freed 1645K, 23% free 17612K/22791K, paused 55ms
D/dalvikvm(  171): GC_FOR_ALLOC freed 1239K, 22% free 17956K/22791K, paused 64ms
D/dalvikvm(  171): GC_CONCURRENT freed 2332K, 23% free 17653K/22791K, paused 6ms+8ms
D/dalvikvm(  171): GC_FOR_ALLOC freed 340K, 17% free 19098K/22791K, paused 100ms
D/AndroidRuntime( 1078): 
D/AndroidRuntime( 1078): >>>>>> AndroidRuntime START com.android.internal.os.RuntimeInit <<<<<<
D/AndroidRuntime( 1078): CheckJNI is ON
D/AndroidRuntime( 1078): Calling main entry com.android.commands.pm.Pm
W/ActivityManager(   77): No content provider found for permission revoke: file:///data/local/tmp/macotec-debug.apk
D/dalvikvm(   77): GC_CONCURRENT freed 398K, 13% free 11353K/12935K, paused 5ms+9ms
W/ActivityManager(   77): No content provider found for permission revoke: file:///data/local/tmp/macotec-debug.apk
D/dalvikvm(   77): GC_CONCURRENT freed 272K, 11% free 11536K/12935K, paused 7ms+8ms
D/dalvikvm(   77): GC_CONCURRENT freed 380K, 10% free 11708K/12935K, paused 7ms+7ms
D/dalvikvm(   77): GC_CONCURRENT freed 538K, 10% free 11720K/12935K, paused 6ms+8ms
D/dalvikvm(   77): GC_CONCURRENT freed 547K, 10% free 11724K/12935K, paused 9ms+8ms
D/dalvikvm(   77): GC_CONCURRENT freed 575K, 10% free 11729K/12935K, paused 7ms+8ms
D/dalvikvm(   77): GC_CONCURRENT freed 560K, 10% free 11726K/12935K, paused 5ms+7ms
I/PackageManager(   77): Removing non-system package:com.rhomobile.macotec
I/ActivityManager(   77): Force stopping package com.rhomobile.macotec uid=10040
I/ActivityManager(   77): Killing proc 1014:com.rhomobile.macotec/10040: force stop
I/ActivityManager(   77):   Force finishing activity ActivityRecord{4141ecf0 com.rhomobile.macotec/com.rhomobile.rhodes.RhodesActivity}
I/WindowManager(   77): WIN DEATH: Window{414bbd40 com.rhomobile.macotec/com.rhomobile.rhodes.RhodesActivity paused=true}
I/PackageManager(   77): Package com.rhomobile.macotec codePath changed from /data/app/com.rhomobile.macotec-1.apk to /data/app/com.rhomobile.macotec-2.apk; Retaining data and using new
I/PackageManager(   77): Running dexopt on: com.rhomobile.macotec
D/dalvikvm( 1089): DexOpt: load 92ms, verify+opt 524ms
W/PackageManager(   77): Code path for pkg : com.rhomobile.macotec changing from /data/app/com.rhomobile.macotec-1.apk to /data/app/com.rhomobile.macotec-2.apk
W/PackageManager(   77): Resource path for pkg : com.rhomobile.macotec changing from /data/app/com.rhomobile.macotec-1.apk to /data/app/com.rhomobile.macotec-2.apk
I/ActivityManager(   77): Force stopping package com.rhomobile.macotec uid=10040
D/PackageManager(   77): New package installed in /data/app/com.rhomobile.macotec-2.apk
D/dalvikvm(   77): GC_CONCURRENT freed 539K, 10% free 11752K/12935K, paused 12ms+17ms
I/ActivityManager(   77): Force stopping package com.rhomobile.macotec uid=10040
D/dalvikvm(  171): GC_EXPLICIT freed 2596K, 24% free 17379K/22791K, paused 4ms+10ms
D/dalvikvm(  224): GC_EXPLICIT freed 156K, 4% free 9391K/9735K, paused 3ms+5ms
D/dalvikvm(   77): GC_EXPLICIT freed 440K, 12% free 11392K/12935K, paused 6ms+10ms
I/AccountTypeManager(  257): Loaded meta-data for 1 account types, 0 accounts in 97ms(wall) 5ms(cpu)
D/PackageManager(   77): generateServicesMap(android.accounts.AccountAuthenticator): 2 services unchanged
D/PackageManager(   77): generateServicesMap(android.content.SyncAdapter): 4 services unchanged
D/BackupManagerService(   77): Received broadcast Intent { act=android.intent.action.PACKAGE_REMOVED dat=package:com.rhomobile.macotec flg=0x10000010 (has extras) }
D/dalvikvm(   77): GC_EXPLICIT freed 48K, 12% free 11384K/12935K, paused 5ms+9ms
D/PackageManager(   77): generateServicesMap(android.accounts.AccountAuthenticator): 2 services unchanged
D/PackageManager(   77): generateServicesMap(android.content.SyncAdapter): 4 services unchanged
D/BackupManagerService(   77): Received broadcast Intent { act=android.intent.action.PACKAGE_ADDED dat=package:com.rhomobile.macotec flg=0x10000010 (has extras) }
V/BackupManagerService(   77): updatePackageParticipantsLocked: #1
W/RecognitionManagerService(   77): no available voice recognition services found
D/BackupManagerService(   77): Received broadcast Intent { act=android.intent.action.PACKAGE_REPLACED dat=package:com.rhomobile.macotec flg=0x10000010 (has extras) }
V/BackupManagerService(   77): updatePackageParticipantsLocked: #1
I/AccountTypeManager(  257): Loaded meta-data for 1 account types, 0 accounts in 338ms(wall) 6ms(cpu)
D/dalvikvm(  171): GC_FOR_ALLOC freed 3027K, 31% free 15774K/22791K, paused 55ms
D/dalvikvm(   77): GC_EXPLICIT freed 414K, 11% free 11562K/12935K, paused 5ms+17ms
D/dalvikvm(  171): GC_CONCURRENT freed 718K, 25% free 17095K/22791K, paused 4ms+16ms
D/dalvikvm(  171): GC_FOR_ALLOC freed 46K, 22% free 17951K/22791K, paused 104ms
D/AndroidRuntime( 1078): Shutting down VM
D/dalvikvm( 1078): GC_CONCURRENT freed 97K, 79% free 450K/2048K, paused 1ms+1ms
I/AndroidRuntime( 1078): NOTE: attach of thread 'Binder Thread #3' failed
D/dalvikvm(  171): GC_FOR_ALLOC freed 4877K, 36% free 14776K/22791K, paused 61ms
D/dalvikvm(  171): GC_FOR_ALLOC freed 64K, 31% free 15746K/22791K, paused 66ms
D/AndroidRuntime( 1097): 
D/AndroidRuntime( 1097): >>>>>> AndroidRuntime START com.android.internal.os.RuntimeInit <<<<<<
D/AndroidRuntime( 1097): CheckJNI is ON
W/dalvikvm(  171): threadid=14: spin on suspend #1 threadid=1 (pcf=0)
D/AndroidRuntime( 1097): Calling main entry com.android.commands.am.Am
I/ActivityManager(   77): START {act=android.intent.action.MAIN flg=0x10000000 cmp=com.rhomobile.macotec/com.rhomobile.rhodes.RhodesActivity} from pid 1097
W/WindowManager(   77): Failure taking screenshot for (180x273) to layer 21005
D/AndroidRuntime( 1097): Shutting down VM
I/AndroidRuntime( 1097): NOTE: attach of thread 'Binder Thread #3' failed
W/dalvikvm(  171): threadid=14: spin on suspend #2 threadid=1 (pcf=0)
I/dalvikvm(  171): "AsyncTask #2" prio=5 tid=14 RUNNABLE
I/dalvikvm(  171):   | group="main" sCount=0 dsCount=0 obj=0x41539de0 self=0x2b7b30
I/dalvikvm(  171):   | sysTid=585 nice=1 sched=0/0 cgrp=default handle=2845784
I/dalvikvm(  171):   | schedstat=( 6565159067 31920248760 1362 ) utm=548 stm=108 core=0
I/dalvikvm(  171):   at android.graphics.BitmapFactory.nativeDecodeAsset(Native Method)
I/dalvikvm(  171):   at android.graphics.BitmapFactory.decodeStream(BitmapFactory.java:483)
I/dalvikvm(  171):   at android.graphics.BitmapFactory.decodeResourceStream(BitmapFactory.java:351)
I/dalvikvm(  171):   at android.graphics.drawable.Drawable.createFromResourceStream(Drawable.java:773)
I/dalvikvm(  171):   at android.content.res.Resources.loadDrawable(Resources.java:1935)
I/dalvikvm(  171):   at android.content.res.Resources.getDrawable(Resources.java:664)
I/dalvikvm(  171):   at android.app.ApplicationPackageManager.getDrawable(ApplicationPackageManager.java:580)
I/dalvikvm(  171):   at com.android.launcher2.AppsCustomizePagedView.getWidgetPreview(AppsCustomizePagedView.java:1015)
I/dalvikvm(  171):   at com.android.launcher2.AppsCustomizePagedView.loadWidgetPreviewsInBackground(AppsCustomizePagedView.java:1207)
I/dalvikvm(  171):   at com.android.launcher2.AppsCustomizePagedView.access$100(AppsCustomizePagedView.java:169)
I/dalvikvm(  171):   at com.android.launcher2.AppsCustomizePagedView$4.run(AppsCustomizePagedView.java:858)
W/ActivityManager(   77): Activity pause timeout for ActivityRecord{4146fbc0 com.android.launcher/com.android.launcher2.Launcher}
I/dalvikvm(  171):   at com.android.launcher2.AppsCustomizeAsyncTask.doInBackground(AppsCustomizePagedView.java:144)
I/dalvikvm(  171):   at com.android.launcher2.AppsCustomizeAsyncTask.doInBackground(AppsCustomizePagedView.java:134)
I/dalvikvm(  171):   at android.os.AsyncTask$2.call(AsyncTask.java:264)
I/dalvikvm(  171):   at java.util.concurrent.FutureTask$Sync.innerRun(FutureTask.java:305)
I/dalvikvm(  171):   at java.util.concurrent.FutureTask.run(FutureTask.java:137)
I/dalvikvm(  171):   at java.util.concurrent.ThreadPoolExecutor.runWorker(ThreadPoolExecutor.java:1076)
I/dalvikvm(  171):   at java.util.concurrent.ThreadPoolExecutor$Worker.run(ThreadPoolExecutor.java:569)
I/dalvikvm(  171):   at java.lang.Thread.run(Thread.java:856)
I/dalvikvm(  171): 
D/dalvikvm( 1097): GC_CONCURRENT freed 97K, 77% free 480K/2048K, paused 4ms+16ms
I/Process (   77): Sending signal. PID: 171 SIG: 3
I/dalvikvm(  171): "main" prio=5 tid=1 RUNNABLE
I/dalvikvm(  171):   | group="main" sCount=1 dsCount=0 obj=0x409c1460 self=0x12810
I/dalvikvm(  171):   | sysTid=171 nice=0 sched=0/0 cgrp=default handle=1074082952
I/dalvikvm(  171):   | schedstat=( 31075691065 67950370282 8856 ) utm=2876 stm=231 core=0
I/dalvikvm(  171): threadid=3: reacting to signal 3
I/dalvikvm(  171):   at android.widget.GridLayout.onLayout(GridLayout.java:~1033)
I/dalvikvm(  171):   at com.android.launcher2.PagedViewGridLayout.onLayout(PagedViewGridLayout.java:82)
I/dalvikvm(  171):   at android.view.View.layout(View.java:11278)
I/dalvikvm(  171):   at android.view.ViewGroup.layout(ViewGroup.java:4224)
I/dalvikvm(  171):   at com.android.launcher2.PagedView.onLayout(PagedView.java:597)
I/dalvikvm(  171):   at android.view.View.layout(View.java:11278)
I/dalvikvm(  171):   at android.view.ViewGroup.layout(ViewGroup.java:4224)
I/dalvikvm(  171):   at android.widget.FrameLayout.onLayout(FrameLayout.java:431)
I/dalvikvm(  171):   at android.view.View.layout(View.java:11278)
I/dalvikvm(  171):   at android.view.ViewGroup.layout(ViewGroup.java:4224)
I/dalvikvm(  171):   at android.widget.LinearLayout.setChildFrame(LinearLayout.java:1628)
I/dalvikvm(  171):   at android.widget.LinearLayout.layoutVertical(LinearLayout.java:1486)
I/dalvikvm(  171):   at android.widget.LinearLayout.onLayout(LinearLayout.java:1399)
I/dalvikvm(  171):   at android.view.View.layout(View.java:11278)
I/dalvikvm(  171):   at android.view.ViewGroup.layout(ViewGroup.java:4224)
I/dalvikvm(  171):   at android.widget.FrameLayout.onLayout(FrameLayout.java:431)
I/dalvikvm(  171):   at com.android.launcher2.AppsCustomizeTabHost.onLayout(AppsCustomizeTabHost.java:345)
I/dalvikvm(  171):   at android.view.View.layout(View.java:11278)
I/dalvikvm(  171):   at android.view.ViewGroup.layout(ViewGroup.java:4224)
I/dalvikvm(  171):   at android.widget.FrameLayout.onLayout(FrameLayout.java:431)
I/dalvikvm(  171):   at com.android.launcher2.DragLayer.onLayout(DragLayer.java:366)
I/dalvikvm(  171):   at android.view.View.layout(View.java:11278)
I/dalvikvm(  171):   at android.view.ViewGroup.layout(ViewGroup.java:4224)
I/dalvikvm(  171):   at android.widget.FrameLayout.onLayout(FrameLayout.java:431)
I/dalvikvm(  171):   at android.view.View.layout(View.java:11278)
I/dalvikvm(  171):   at android.view.ViewGroup.layout(ViewGroup.java:4224)
I/dalvikvm(  171):   at android.widget.LinearLayout.setChildFrame(LinearLayout.java:1628)
I/dalvikvm(  171):   at android.widget.LinearLayout.layoutVertical(LinearLayout.java:1486)
I/dalvikvm(  171):   at android.widget.LinearLayout.onLayout(LinearLayout.java:1399)
I/dalvikvm(  171):   at android.view.View.layout(View.java:11278)
I/dalvikvm(  171):   at android.view.ViewGroup.layout(ViewGroup.java:4224)
I/dalvikvm(  171):   at android.widget.FrameLayout.onLayout(FrameLayout.java:431)
I/dalvikvm(  171):   at android.view.View.layout(View.java:11278)
I/dalvikvm(  171):   at android.view.ViewGroup.layout(ViewGroup.java:4224)
I/dalvikvm(  171):   at android.view.ViewRootImpl.performTraversals(ViewRootImpl.java:1489)
I/dalvikvm(  171):   at android.view.ViewRootImpl.handleMessage(ViewRootImpl.java:2442)
I/dalvikvm(  171):   at android.os.Handler.dispatchMessage(Handler.java:99)
I/dalvikvm(  171):   at android.os.Looper.loop(Looper.java:137)
I/dalvikvm(  171):   at android.app.ActivityThread.main(ActivityThread.java:4424)
I/dalvikvm(  171):   at java.lang.reflect.Method.invokeNative(Native Method)
I/dalvikvm(  171):   at java.lang.reflect.Method.invoke(Method.java:511)
I/dalvikvm(  171):   at com.android.internal.os.ZygoteInit$MethodAndArgsCaller.run(ZygoteInit.java:784)
I/dalvikvm(  171):   at com.android.internal.os.ZygoteInit.main(ZygoteInit.java:551)
I/dalvikvm(  171):   at dalvik.system.NativeStart.main(Native Method)
I/dalvikvm(  171): 
I/ActivityManager(   77): Start proc com.rhomobile.macotec for activity com.rhomobile.macotec/com.rhomobile.rhodes.RhodesActivity: pid=1108 uid=10040 gids={3003}
W/dalvikvm(  171): threadid=14: spin on suspend resolved in 3496 msec
I/dalvikvm( 1108): Turning on JNI app bug workarounds for target SDK version 4...
W/NetworkManagementSocketTagger(   77): setKernelCountSet(10040, 1) failed with errno -2
I/Process (   77): Sending signal. PID: 1108 SIG: 3
I/dalvikvm( 1108): threadid=3: reacting to signal 3
I/dalvikvm( 1108): Wrote stack traces to '/data/anr/traces.txt'
I/Process (   77): Sending signal. PID: 1108 SIG: 3
I/dalvikvm( 1108): threadid=3: reacting to signal 3
I/dalvikvm( 1108): Wrote stack traces to '/data/anr/traces.txt'
D/dalvikvm( 1108): Trying to load lib /data/data/com.rhomobile.macotec/lib/librhodes.so 0x412a3db8
D/dalvikvm( 1108): Added shared lib /data/data/com.rhomobile.macotec/lib/librhodes.so 0x412a3db8
D/dalvikvm( 1108): Trying to load lib /data/data/com.rhomobile.macotec/lib/librhodes.so 0x412a3db8
D/dalvikvm( 1108): Shared lib '/data/data/com.rhomobile.macotec/lib/librhodes.so' already loaded in same CL 0x412a3db8
I/ActivityThread( 1108): Pub com.rhomobile.macotec: com.rhomobile.rhodes.LocalFileProvider
I/RhodesApplication( 1108): Initializing...
D/RhoFileApi( 1108): App root path: /data/data/com.rhomobile.macotec/rhodata/
D/RhoFileApi( 1108): Sqlite journals path: /data/data/com.rhomobile.macotec/sqlite_stmt_journals/
D/RhoFileApi( 1108): Shared path: /data/data/com.rhomobile.macotec/rhodata/
D/RhodesApplication( 1108): Root path: /data/data/com.rhomobile.macotec/rhodata/
I/RhodesApplication( 1108): Application hash was changed
D/RhoFileApi( 1108): Copy hash to FS
D/RhoFileApi( 1108): File hash copied
D/RhoFileApi( 1108): Copy rho.dat to FS
D/RhoFileApi( 1108): File rho.dat copied
D/RhoFileApi( 1108): Copy apps/rhoconfig.txt to FS
D/RhoFileApi( 1108): File apps/rhoconfig.txt copied
I/RhoFileApi( 1108): Opening stat table from FS: /data/data/com.rhomobile.macotec/rhodata/rho.dat
I/Process (   77): Sending signal. PID: 1108 SIG: 3
I/dalvikvm( 1108): threadid=3: reacting to signal 3
I/dalvikvm( 1108): Wrote stack traces to '/data/anr/traces.txt'
D/RhoFileApi( 1108): Copy apps/rhoconfig.txt to FS
D/RhoFileApi( 1108): File apps/rhoconfig.txt copied
D/RhoFileApi( 1108): App root path: /data/data/com.rhomobile.macotec/rhodata/
D/RhoFileApi( 1108): Sqlite journals path: /data/data/com.rhomobile.macotec/sqlite_stmt_journals/
D/RhoFileApi( 1108): Shared path: /data/data/com.rhomobile.macotec/rhodata/
I/APP     ( 1108): I 02/04/2013 17:37:17:562 00000454    RhodesApplication| Initialized
I/APP     ( 1108): I 02/04/2013 17:37:17:604 00000454         BaseActivity| New screen properties - width: 480, height: 728, orientation: 1
I/APP     ( 1108): I 02/04/2013 17:37:17:738 00000454         SplashScreen| Looking for start page source
D/dalvikvm( 1108): GC_CONCURRENT freed 299K, 4% free 9226K/9607K, paused 4ms+4ms
I/Process (   77): Sending signal. PID: 1108 SIG: 3
I/dalvikvm( 1108): threadid=3: reacting to signal 3
D/dalvikvm( 1108): GC_FOR_ALLOC freed 5K, 5% free 9220K/9607K, paused 70ms
I/dalvikvm( 1108): Wrote stack traces to '/data/anr/traces.txt'
I/dalvikvm-heap( 1108): Grow heap (frag case) to 12.139MB for 3217300-byte allocation
D/dalvikvm( 1108): GC_FOR_ALLOC freed <1K, 4% free 12362K/12807K, paused 66ms
D/dalvikvm(  171): GC_FOR_ALLOC freed 327K, 25% free 17103K/22791K, paused 2039ms
I/Process (   77): Sending signal. PID: 1108 SIG: 3
I/dalvikvm( 1108): threadid=3: reacting to signal 3
I/dalvikvm( 1108): Wrote stack traces to '/data/anr/traces.txt'
I/APP     ( 1108): I 02/04/2013 17:37:18:505 00000454         SplashScreen| Done
I/APP     ( 1108): I 02/04/2013 17:37:18:509 00000454    RhodesApplication| New UiState: MainActivityCreated
I/APP     ( 1108): I 02/04/2013 17:37:18:526 00000454       RhodesActivity| onStart
I/APP     ( 1108): I 02/04/2013 17:37:18:531 00000454    RhodesApplication| New UiState: MainActivityStarted
I/APP     ( 1108): I 02/04/2013 17:37:18:545 00000454       RhodesActivity| onResume
I/APP     ( 1108): I 02/04/2013 17:37:18:549 00000454 AndroidFunctionality| Resume WebView
I/APP     ( 1108): I 02/04/2013 17:37:18:585 00000454        RhodesService| onCreate
I/APP     ( 1108): I 02/04/2013 17:37:18:587 00000454    LocalFileProvider| Revoke URI permissions: content:///com.rhomobile.macotec
W/ActivityManager(   77): No content provider found for permission revoke: content:///com.rhomobile.macotec
I/APP     ( 1108): I 02/04/2013 17:37:18:605 00000454               Rhodes| Loading...
I/APP     ( 1108): I 02/04/2013 17:37:18:623 00000454            RhodesApp| Trying to get free listening port.
I/APP     ( 1108): I 02/04/2013 17:37:18:627 00000454            RhodesApp| Trying to bind of 8080 port...
I/APP     ( 1108): I 02/04/2013 17:37:18:633 00000454            RhodesApp| Got port to bind on: 8080
I/APP     ( 1108): I 02/04/2013 17:37:18:644 00000454            RhodesApp| Free listening port: 8080
I/APP     ( 1108): I 02/04/2013 17:37:18:663 00000468         AppCallbacks| Starting main routine...
I/APP     ( 1108): I 02/04/2013 17:37:18:665 00000468         AppCallbacks| ThreadQueue blocked for 4294967295 seconds...
I/APP     ( 1108): I 02/04/2013 17:37:18:722 00000454        RhodesService| Push is disabled
I/APP     ( 1108): I 02/04/2013 17:37:18:724 00000454            RhodesApp| callAppActiveCallback
I/APP     ( 1108): I 02/04/2013 17:37:18:738 00000454         AppCallbacks| addCommand: APP-ACTIVATED
I/APP     ( 1108): I 02/04/2013 17:37:18:741 00000468         AppCallbacks| Received command APP-ACTIVATED which is greater than expected (LOCAL-SERVER-STARTED) - postpone it
I/APP     ( 1108): I 02/04/2013 17:37:18:742 00000468         AppCallbacks| ThreadQueue blocked for 4294967295 seconds...
I/APP     ( 1108): I 02/04/2013 17:37:18:756 00000454         AppActivated| Cannot commit now, application will be activated when started.
I/APP     ( 1108): I 02/04/2013 17:37:18:772 00000454    RhodesApplication| New AppState: Undefined
D/RhodesService( 1108): +++ onStartCommand
I/APP     ( 1108): I 02/04/2013 17:37:18:789 0000046a            RhodesApp| Starting RhodesApp main routine...
I/RhodesService( 1108): handleCommand: startId=1, source=com.rhomobile.rhodes.BaseActivity
D/RhodesService( 1108): New activity was created
I/APP     ( 1108): I 02/04/2013 17:37:18:817 00000454        RhodesService| onBind
I/APP     ( 1108): I 02/04/2013 17:37:18:863 00000454         AppCallbacks| addCommand: UI-CREATED
I/APP     ( 1108): I 02/04/2013 17:37:18:865 00000468         AppCallbacks| Received command UI-CREATED which is greater than expected (LOCAL-SERVER-STARTED) - postpone it
I/APP     ( 1108): I 02/04/2013 17:37:18:866 00000468         AppCallbacks| ThreadQueue blocked for 4294967295 seconds...
I/Process (   77): Sending signal. PID: 1108 SIG: 3
I/dalvikvm( 1108): threadid=3: reacting to signal 3
I/dalvikvm( 1108): Wrote stack traces to '/data/anr/traces.txt'
I/APP     ( 1108): I 02/04/2013 17:37:19:044 00000454       RhodesActivity| onServiceConnected: {com.rhomobile.macotec/com.rhomobile.rhodes.RhodesService}
I/APP     ( 1108): I 02/04/2013 17:37:19:072 00000454       RhodesActivity| New start parameters: 
I/APP     ( 1108): I 02/04/2013 17:37:19:074 00000454            RhodesApp| New start params: 
V/PhoneStatusBar(  131): setLightsOn(true)
D/gralloc_goldfish( 1108): Emulator without GPU emulation detected.
I/ActivityManager(   77): Displayed com.rhomobile.macotec/com.rhomobile.rhodes.RhodesActivity: +4s557ms (total +2m17s56ms)
I/APP     ( 1108): I 02/04/2013 17:37:19:740 0000046a              RhoRuby| Init_RhoBlobs: /data/data/com.rhomobile.macotec/rhodata/db/db-files
I/APP     ( 1108): I 02/04/2013 17:37:19:869 0000046a              RhoRuby| require_compiled: rhoframework
I/APP     ( 1108): I 02/04/2013 17:37:19:957 0000046a              RhoRuby| require_compiled: rational
I/APP     ( 1108): I 02/04/2013 17:37:19:979 0000046a              RhoRuby| require_compiled: rhom/rhom_db_adapter
I/APP     ( 1108): I 02/04/2013 17:37:20:048 0000046a              RhoRuby| require_compiled: rhodes
I/APP     ( 1108): I 02/04/2013 17:37:20:066 0000046a              RhoRuby| require_compiled: rhom/rhom_object
I/APP     ( 1108): I 02/04/2013 17:37:20:107 0000046a              RhoRuby| require_compiled: rhofsconnector
I/APP     ( 1108): I 02/04/2013 17:37:20:114 0000046a              RhoRuby| require_compiled: rho/rhofsconnector
I/APP     ( 1108): I 02/04/2013 17:37:20:172 0000046a              RhoRuby| require_compiled: rhom/rhom_object_factory
I/APP     ( 1108): I 02/04/2013 17:37:20:581 0000046a              RhoRuby| require_compiled: rhom/rhom
I/APP     ( 1108): I 02/04/2013 17:37:20:625 0000046a              RhoRuby| require_compiled: rhom/rhom_model
I/APP     ( 1108): I 02/04/2013 17:37:20:657 0000046a              RhoRuby| require_compiled: rhom
I/APP     ( 1108): I 02/04/2013 17:37:20:663 0000046a              RhoRuby| require_compiled: rho/rhoapplication
I/APP     ( 1108): I 02/04/2013 17:37:20:711 0000046a              RhoRuby| require_compiled: rholang/localization_simplified
I/APP     ( 1108): I 02/04/2013 17:37:20:749 0000046a              RhoRuby| require_compiled: rho/rhomsg
I/APP     ( 1108): I 02/04/2013 17:37:20:767 0000046a              RhoRuby| require_compiled: rho/rhotabbar
I/APP     ( 1108): I 02/04/2013 17:37:20:791 0000046a              RhoRuby| require_compiled: rho/rhotoolbar
I/APP     ( 1108): I 02/04/2013 17:37:20:815 0000046a                  APP| Current locale: ; Country code: 
I/APP     ( 1108): I 02/04/2013 17:37:20:820 0000046a                  APP| Locilized file: /data/data/com.rhomobile.macotec/rhodata/lib/rholang/lang_
I/APP     ( 1108): I 02/04/2013 17:37:20:837 0000046a              RhoRuby| require_compiled: /data/data/com.rhomobile.macotec/rhodata/lib/rholang/lang_en
I/APP     ( 1108): I 02/04/2013 17:37:20:861 0000046a                  APP| Locilized file: /data/data/com.rhomobile.macotec/rhodata/apps/app/lang/lang_
I/APP     ( 1108): I 02/04/2013 17:37:20:864 0000046a                  APP| Locilized file: /data/data/com.rhomobile.macotec/rhodata/lib/rholang/rhoerror_
I/APP     ( 1108): I 02/04/2013 17:37:20:884 0000046a              RhoRuby| require_compiled: /data/data/com.rhomobile.macotec/rhodata/lib/rholang/rhoerror_en
I/APP     ( 1108): I 02/04/2013 17:37:20:905 0000046a                  APP| Locilized file: /data/data/com.rhomobile.macotec/rhodata/lib/rholang/rhomsg_
I/APP     ( 1108): I 02/04/2013 17:37:20:907 0000046a              RhoRuby| require_compiled: /data/data/com.rhomobile.macotec/rhodata/lib/rholang/rhomsg_en
I/APP     ( 1108): I 02/04/2013 17:37:20:935 0000046a              RhoRuby| require_compiled: indifferent_access
I/APP     ( 1108): I 02/04/2013 17:37:20:963 0000046a              RhoRuby| require_compiled: rho/rhosupport
I/APP     ( 1108): I 02/04/2013 17:37:21:016 0000046a              RhoRuby| require_compiled: rho/rhocontroller
I/APP     ( 1108): I 02/04/2013 17:37:21:045 0000046a              RhoRuby| require_compiled: rho/render
I/APP     ( 1108): I 02/04/2013 17:37:21:097 0000046a              RhoRuby| require_compiled: rho/rho
I/APP     ( 1108): I 02/04/2013 17:37:21:255 0000046a              RhoRuby| require_compiled: rho/rhoerror
I/APP     ( 1108): I 02/04/2013 17:37:21:269 0000046a              RhoRuby| require_compiled: rhom/rhom_source
I/APP     ( 1108): I 02/04/2013 17:37:21:302 0000046a              RhoRuby| require_compiled: rho/rhoviewhelpers
I/APP     ( 1108): I 02/04/2013 17:37:21:331 0000046a              RhoRuby| require_compiled: rho
I/APP     ( 1108): I 02/04/2013 17:37:21:335 0000046a                  APP| RHO loaded
I/APP     ( 1108): I 02/04/2013 17:37:21:350 0000046a                  APP| Calling RHO.initialize
I/APP     ( 1108): I 02/04/2013 17:37:21:367 0000046a                  APP| model file: Product/product
I/APP     ( 1108): I 02/04/2013 17:37:21:370 0000046a                  APP| model file: Request/request
I/APP     ( 1108): I 02/04/2013 17:37:21:390 0000046a                   DB| Open DB: /data/data/com.rhomobile.macotec/rhodata/db/syncdbuser.sqlite
I/APP     ( 1108): I 02/04/2013 17:37:21:411 0000046a          GeoLocation| Creating singleton instance.
I/APP     ( 1108): I 02/04/2013 17:37:21:413 0000046a            RhodesApp| Starting sync engine...
I/APP     ( 1108): I 02/04/2013 17:37:21:433 0000046a                 Sync| sync_poll_interval: 0
I/APP     ( 1108): I 02/04/2013 17:37:21:434 0000046a                 Sync| syncserver: 
I/APP     ( 1108): I 02/04/2013 17:37:21:441 0000046a                 Sync| bulksync_state: 0
I/APP     ( 1108): I 02/04/2013 17:37:21:460 0000046a            RhodesApp| RhoRubyInitApp...
I/APP     ( 1108): I 02/04/2013 17:37:21:462 0000046a                  APP| init_app
I/APP     ( 1108): I 02/04/2013 17:37:21:475 0000046a              RhoRuby| require_compiled: application
I/APP     ( 1108): I 02/04/2013 17:37:21:493 0000046a                 Sync| Set notification. Source ID: -1;Url :http://localhost:8080/app/Settings/sync_notify; Params: 
I/APP     ( 1108): I 02/04/2013 17:37:21:495 0000046a           HttpServer| Start HTTP server
I/APP     ( 1108): I 02/04/2013 17:37:21:514 0000046a           HttpServer| Listen for connections on port 8080
I/APP     ( 1108): I 02/04/2013 17:37:21:518 0000046a         AppCallbacks| addCommand: LOCAL-SERVER-STARTED
I/APP     ( 1108): I 02/04/2013 17:37:21:533 00000468         AppCallbacks| process command: LOCAL-SERVER-STARTED
I/APP     ( 1108): I 02/04/2013 17:37:21:534 00000468 RhodesAppActiveObserver| Ready
I/APP     ( 1108): I 02/04/2013 17:37:21:541 00000454 AndroidFunctionality| Disable WebView zoom
I/APP     ( 1108): I 02/04/2013 17:37:21:542 00000454 AndroidFunctionality| Set web plugins state 'OFF'
I/APP     ( 1108): I 02/04/2013 17:37:21:562 00000468    RhodesApplication| New AppState: AppActivated
I/APP     ( 1108): I 02/04/2013 17:37:21:564 00000468         AppCallbacks| process command: UI-CREATED
I/APP     ( 1108): I 02/04/2013 17:37:21:595 0000046a           HttpServer| Process URI: '/system/uicreated'
I/APP     ( 1108): I 02/04/2013 17:37:21:599 0000046a                  APP| on_ui_created.navigate to start url: '/app'
I/APP     ( 1108): I 02/04/2013 17:37:21:617 00000454         SplashScreen| navigate: url=http://localhost:8080/app
I/APP     ( 1108): I 02/04/2013 17:37:21:618 00000454         SplashScreen| DELAY for SplashScreen = 0
I/APP     ( 1108): I 02/04/2013 17:37:21:647 00000468         AppCallbacks| process command: APP-ACTIVATED
I/APP     ( 1108): I 02/04/2013 17:37:21:661 00000454        GoogleWebView| Creating new RhoWebChromeClient
I/APP     ( 1108): I 02/04/2013 17:37:21:673 00000454       SimpleMainView| Cleared URL: http://localhost:8080/app
V/SimpleMainView.View( 1108): ms[1359995841704]  Main Window :: onSizeChanged() old [ 480 x 652 ]  new [ 0 x 0 ]
I/APP     ( 1108): I 02/04/2013 17:37:21:710 0000046a           HttpServer| Process URI: '/system/activateapp'
I/APP     ( 1108): I 02/04/2013 17:37:21:731 00000468         AppCallbacks| ThreadQueue blocked for 4294967295 seconds...
I/APP     ( 1108): I 02/04/2013 17:37:21:762 00000454        GoogleWebView| Setting RhoWebChromeClient
I/APP     ( 1108): I 02/04/2013 17:37:21:926 0000046a           HttpServer| Process URI: '/app'
I/dalvikvm(  171): Wrote stack traces to '/data/anr/traces.txt'
I/APP     ( 1108): I 02/04/2013 17:37:21:958 00000454     RhoWebViewClient| Loading URL: http://localhost:8080/app/index_erb.iseq
I/APP     ( 1108): I 02/04/2013 17:37:21:987 0000046a           HttpServer| Process URI: '/app/index_erb.iseq'
I/APP     ( 1108): I 02/04/2013 17:37:21:993 0000046a                  APP| RHO serve_index: /app/index_erb.iseq
I/APP     ( 1108): I 02/04/2013 17:37:22:018 0000046a RHO Rho::RhoController| inst_render_index
I/APP     ( 1108): I 02/04/2013 17:37:22:111 0000046a RHO Rho::RhoController| index layout
I/APP     ( 1108): I 02/04/2013 17:37:22:210 0000046a           HttpServer| GC Start.
I/APP     ( 1108): I 02/04/2013 17:37:22:332 0000046a           HttpServer| GC End.
I/APP     ( 1108): I 02/04/2013 17:37:22:664 0000046a           HttpServer| Process URI: '/public/jquery/jquery-1.6.4.min.js'
I/APP     ( 1108): I 02/04/2013 17:37:22:736 0000046a           HttpServer| Process URI: '/public/jquery/jquery.json-2.3.min.js'
I/APP     ( 1108): I 02/04/2013 17:37:22:789 0000046a           HttpServer| Process URI: '/public/jqmobile/jquery.mobile-1.0.1.min.css'
I/APP     ( 1108): I 02/04/2013 17:37:22:850 0000046a           HttpServer| Process URI: '/public/css/jqmobile-patch.css'
I/APP     ( 1108): I 02/04/2013 17:37:22:909 0000046a           HttpServer| Process URI: '/public/jqmobile/jquery.mobile-1.0.1.min.js'
I/APP     ( 1108): I 02/04/2013 17:37:23:033 0000046a           HttpServer| Process URI: '/public/js/jqmobile-patch.js'
I/APP     ( 1108): I 02/04/2013 17:37:23:067 0000046a           HttpServer| Process URI: '/public/css/macotec_style.css'
W/InputManagerService(   77): Starting input on non-focused client com.android.internal.view.IInputMethodClient$Stub$Proxy@415da468 (uid=10009 pid=171)
W/NetworkManagementSocketTagger(   77): setKernelCountSet(10009, 0) failed with errno -2
I/APP     ( 1108): I 02/04/2013 17:37:26:594 0000046a           HttpServer| Process URI: '/public/images/macotec/logo.png'
I/APP     ( 1108): I 02/04/2013 17:37:27:175 0000046a           HttpServer| Process URI: '/public/images/macotec/request.png'
I/APP     ( 1108): I 02/04/2013 17:37:27:253 0000046a           HttpServer| Process URI: '/public/images/macotec/contact.png'
I/APP     ( 1108): I 02/04/2013 17:37:27:261 0000046a           HttpServer| Process URI: '/public/images/macotec/products.png'
I/APP     ( 1108): I 02/04/2013 17:37:27:291 0000046a           HttpServer| Process URI: '/public/images/macotec/info.png'
D/dalvikvm(  162): GC_CONCURRENT freed 384K, 6% free 9534K/10119K, paused 9ms+4ms
I/APP     ( 1108): I 02/04/2013 17:41:16:862 0000046a           HttpServer| Process URI: '/app/Request/request'
I/APP     ( 1108): I 02/04/2013 17:41:16:866 0000046a                  APP| RHO serve: /app/Request/request
I/APP     ( 1108): I 02/04/2013 17:41:16:893 0000046a              RhoRuby| require_compiled: Request/request_controller
I/APP     ( 1108): I 02/04/2013 17:41:16:917 0000046a              RhoRuby| require_compiled: helpers/browser_helper
I/APP     ( 1108): I 02/04/2013 17:41:16:941 0000046a                  APP| const_missing: Product
I/APP     ( 1108): I 02/04/2013 17:41:16:942 0000046a                  APP| load_model: Product
I/APP     ( 1108): I 02/04/2013 17:41:16:966 0000046a              RhoRuby| require_compiled: Product/product
I/APP     ( 1108): I 02/04/2013 17:41:16:993 0000046a                  APP| model name: Product
I/APP     ( 1108): I 02/04/2013 17:41:16:995 0000046a                  APP| model class found
I/APP     ( 1108): I 02/04/2013 17:41:17:011 0000046a                  APP| Product : {"property"=>{}}
I/APP     ( 1108): I 02/04/2013 17:41:17:016 0000046a                   DB| Open DB: /data/data/com.rhomobile.macotec/rhodata/db/syncdblocal.sqlite
I/APP     ( 1108): I 02/04/2013 17:41:17:046 0000046a                  APP| init_db_sources
I/APP     ( 1108): I 02/04/2013 17:41:17:103 0000046a                  APP| start_id: 40005
I/APP     ( 1108): I 02/04/2013 17:41:17:105 0000046a                  APP| Migrate schema sources: {}
I/APP     ( 1108): I 02/04/2013 17:41:17:278 0000046a           HttpServer| GC Start.
I/APP     ( 1108): I 02/04/2013 17:41:17:337 0000046a           HttpServer| GC End.
I/APP     ( 1108): I 02/04/2013 17:41:17:992 0000046a           HttpServer| Process URI: '/public/jqmobile/images/icons-36-white.png'
E/libEGL  ( 1108): call to OpenGL ES API with no current context (logged once per thread)
D/ShaderProgram( 1108): couldn't load the vertex shader!
E/libEGL  ( 1108): call to OpenGL ES API with no current context (logged once per thread)
D/ShaderProgram( 1108): couldn't load the vertex shader!
E/libEGL  ( 1108): call to OpenGL ES API with no current context (logged once per thread)
D/ShaderProgram( 1108): couldn't load the vertex shader!
E/libEGL  ( 1108): call to OpenGL ES API with no current context (logged once per thread)
D/ShaderProgram( 1108): couldn't load the vertex shader!
E/libEGL  ( 1108): call to OpenGL ES API with no current context (logged once per thread)
D/ShaderProgram( 1108): couldn't load the vertex shader!
D/dalvikvm(  131): GC_CONCURRENT freed 540K, 30% free 10305K/14599K, paused 4ms+7ms
D/dalvikvm(  131): GC_CONCURRENT freed 256K, 29% free 10472K/14599K, paused 5ms+15ms
D/dalvikvm(  145): GC_EXPLICIT freed 185K, 7% free 9362K/10055K, paused 5ms+5ms
E/ActivityThread(  145): Failed to find provider info for com.android.inputmethod.latin.dictionarypack
E/BinaryDictionaryGetter(  145): Could not find a dictionary pack
W/ThrottleService(   77): unable to find stats for iface rmnet0
I/APP     ( 1108): I 02/04/2013 17:41:34:297 0000046a           HttpServer| Process URI: '/app/Request/submit'
I/APP     ( 1108): I 02/04/2013 17:41:34:301 0000046a                  APP| RHO serve: /app/Request/submit
I/APP     ( 1108): I 02/04/2013 17:41:34:354 0000046a                  APP| Params: {"product"=>"nothing", "rental_begin"=>"", "operation_period"=>"", "amount_product"=>"", "location"=>"", "information"=>"", "company"=>"", "phone"=>"", "email"=>"d@hase.de"}
I/APP     ( 1108): I 02/04/2013 17:41:34:386 0000046a            AsyncHttp| addCommand: POST
I/APP     ( 1108): I 02/04/2013 17:41:34:474 00000477            AsyncHttp| Starting main routine...
I/APP     ( 1108): I 02/04/2013 17:41:34:514 00000477                  Net| POST request (Pull): http://www.datenloft.com/macotec/send_request_test.php
I/APP     ( 1108): I 02/04/2013 17:41:34:572 0000046a           HttpServer| GC Start.
I/APP     ( 1108): I 02/04/2013 17:41:34:669 0000046a           HttpServer| GC End.
I/APP     ( 1108): I 02/04/2013 17:41:35:083 0000046a           HttpServer| Process URI: '/app/Request/http_callback'
I/APP     ( 1108): I 02/04/2013 17:41:35:085 0000046a                  APP| RHO serve: /app/Request/http_callback
I/APP     ( 1108): I 02/04/2013 17:41:35:120 0000046a                  APP| Params: {"rho_callback"=>"1", "status"=>"ok", "http_error"=>"200", "headers"=>{"Content-Type"=>"application/x-www-form-urlencoded", "User-Agent"=>"Mozilla-5.0 (ANDROID; unknown generic; 4.0.4)", "charset"=>"UTF-8", "connection"=>"Keep-Alive", "content-type"=>"text/html; charset=utf-8", "date"=>"Mon, 04 Feb 2013 16:41:36 GMT", "keep-alive"=>"timeout=3, max=100", "server"=>"Apache/2.2.21 (Unix) mod_ssl/2.2.21 OpenSSL/0.9.8r", "transfer-encoding"=>"chunked", "x-powered-by"=>"PHP/5.2.17"}, "__rho_object"=>{"body"=>"0"}}
I/APP     ( 1108): I 02/04/2013 17:41:39:153 00000454       SimpleMainView| Cleared URL: http://localhost:8080/app/Request/submit_success
I/APP     ( 1108): I 02/04/2013 17:41:39:192 00000477            AsyncHttp| ThreadQueue blocked for 4294967295 seconds...
I/APP     ( 1108): I 02/04/2013 17:41:39:194 0000046a           HttpServer| GC Start.
I/APP     ( 1108): I 02/04/2013 17:41:39:220 0000046a           HttpServer| GC End.
I/APP     ( 1108): E 02/04/2013 17:41:39:222 0000046a           HttpServer| Connection gracefully closed before we send any data
I/APP     ( 1108): E 02/04/2013 17:41:39:238 0000046a           HttpServer| Parsing error
I/APP     ( 1108): I 02/04/2013 17:41:39:243 0000046a           HttpServer| Process URI: '/app/Request/submit_success'
