I/APP     ( 2141): I 02/15/2013 16:06:00:163 00000875           HttpServer| GC Start.
I/APP     ( 2141): I 02/15/2013 16:06:00:260 00000875           HttpServer| GC End.
W/webview ( 2141): Stale touch event ACTION_CANCEL received from webcore; ignoring
I/APP     ( 2141): I 02/15/2013 16:06:14:558 00000875           HttpServer| Process URI: '/app/index_erb.iseq'
I/APP     ( 2141): I 02/15/2013 16:06:14:561 00000875                  APP| RHO serve_index: /app/index_erb.iseq
I/APP     ( 2141): I 02/15/2013 16:06:14:562 00000875 RHO Rho::RhoController| inst_render_index
I/APP     ( 2141): I 02/15/2013 16:06:14:654 00000875           HttpServer| GC Start.
I/APP     ( 2141): I 02/15/2013 16:06:14:701 00000875           HttpServer| GC End.
I/APP     ( 2141): I 02/15/2013 16:06:16:975 00000875           HttpServer| Process URI: '/app/Product'
I/APP     ( 2141): I 02/15/2013 16:06:16:977 00000875                  APP| RHO serve: /app/Product
I/APP     ( 2141): I 02/15/2013 16:06:17:006 00000875              RhoRuby| require_compiled: Product/product_controller
I/APP     ( 2141): I 02/15/2013 16:06:17:158 00000875           HttpServer| GC Start.
I/APP     ( 2141): I 02/15/2013 16:06:17:228 00000875           HttpServer| GC End.
I/APP     ( 2141): I 02/15/2013 16:06:21:457 00000875           HttpServer| Process URI: '/app/index_erb.iseq'
I/APP     ( 2141): I 02/15/2013 16:06:21:462 00000875                  APP| RHO serve_index: /app/index_erb.iseq
I/APP     ( 2141): I 02/15/2013 16:06:21:489 00000875 RHO Rho::RhoController| inst_render_index
I/APP     ( 2141): I 02/15/2013 16:06:21:600 00000875           HttpServer| GC Start.
I/APP     ( 2141): I 02/15/2013 16:06:21:649 00000875           HttpServer| GC End.
D/dalvikvm(  167): GC_CONCURRENT freed 383K, 6% free 9533K/10119K, paused 18ms+18ms
F/NetworkStats(   78): problem reading network stats
F/NetworkStats(   78): java.lang.IllegalStateException: problem parsing idx 1
F/NetworkStats(   78): 	at com.android.internal.net.NetworkStatsFactory.readNetworkStatsDetail(NetworkStatsFactory.java:300)
F/NetworkStats(   78): 	at com.android.server.NetworkManagementService.getNetworkStatsUidDetail(NetworkManagementService.java:1282)
F/NetworkStats(   78): 	at com.android.server.net.NetworkStatsService.performPollLocked(NetworkStatsService.java:831)
F/NetworkStats(   78): 	at com.android.server.net.NetworkStatsService.performPoll(NetworkStatsService.java:799)
F/NetworkStats(   78): 	at com.android.server.net.NetworkStatsService.access$100(NetworkStatsService.java:128)
F/NetworkStats(   78): 	at com.android.server.net.NetworkStatsService$3.onReceive(NetworkStatsService.java:633)
F/NetworkStats(   78): 	at android.app.LoadedApk$ReceiverDispatcher$Args.run(LoadedApk.java:728)
F/NetworkStats(   78): 	at android.os.Handler.handleCallback(Handler.java:605)
F/NetworkStats(   78): 	at android.os.Handler.dispatchMessage(Handler.java:92)
F/NetworkStats(   78): 	at android.os.Looper.loop(Looper.java:137)
F/NetworkStats(   78): 	at android.os.HandlerThread.run(HandlerThread.java:60)
F/NetworkStats(   78): Caused by: java.io.FileNotFoundException: /proc/net/xt_qtaguid/stats: open failed: ENOENT (No such file or directory)
F/NetworkStats(   78): 	at libcore.io.IoBridge.open(IoBridge.java:406)
F/NetworkStats(   78): 	at java.io.FileInputStream.<init>(FileInputStream.java:78)
F/NetworkStats(   78): 	at com.android.internal.net.NetworkStatsFactory.readNetworkStatsDetail(NetworkStatsFactory.java:269)
F/NetworkStats(   78): 	... 10 more
F/NetworkStats(   78): Caused by: libcore.io.ErrnoException: open failed: ENOENT (No such file or directory)
F/NetworkStats(   78): 	at libcore.io.Posix.open(Native Method)
F/NetworkStats(   78): 	at libcore.io.BlockGuardOs.open(BlockGuardOs.java:110)
F/NetworkStats(   78): 	at libcore.io.IoBridge.open(IoBridge.java:390)
F/NetworkStats(   78): 	... 12 more
D/dalvikvm(  134): GC_CONCURRENT freed 385K, 31% free 9765K/13959K, paused 5ms+6ms
D/dalvikvm(  167): GC_CONCURRENT freed 386K, 6% free 9533K/10119K, paused 4ms+4ms
W/ThrottleService(   78): unable to find stats for iface rmnet0
D/dalvikvm(   78): GC_CONCURRENT freed 467K, 15% free 11304K/13255K, paused 5ms+8ms
D/dalvikvm(  167): GC_CONCURRENT freed 385K, 6% free 9532K/10119K, paused 6ms+3ms
F/BatteryStatsImpl(   78): problem reading network stats
F/BatteryStatsImpl(   78): java.lang.IllegalStateException: problem parsing idx 1
F/BatteryStatsImpl(   78): 	at com.android.internal.net.NetworkStatsFactory.readNetworkStatsDetail(NetworkStatsFactory.java:300)
F/BatteryStatsImpl(   78): 	at com.android.internal.net.NetworkStatsFactory.readNetworkStatsDetail(NetworkStatsFactory.java:250)
F/BatteryStatsImpl(   78): 	at com.android.internal.os.BatteryStatsImpl.getNetworkStatsDetailGroupedByUid(BatteryStatsImpl.java:5734)
F/BatteryStatsImpl(   78): 	at com.android.internal.os.BatteryStatsImpl.access$100(BatteryStatsImpl.java:76)
F/BatteryStatsImpl(   78): 	at com.android.internal.os.BatteryStatsImpl$Uid.computeCurrentTcpBytesReceived(BatteryStatsImpl.java:2457)
F/BatteryStatsImpl(   78): 	at com.android.internal.os.BatteryStatsImpl$Uid.getTcpBytesReceived(BatteryStatsImpl.java:2446)
F/BatteryStatsImpl(   78): 	at com.android.internal.os.BatteryStatsImpl.writeSummaryToParcel(BatteryStatsImpl.java:5437)
F/BatteryStatsImpl(   78): 	at com.android.internal.os.BatteryStatsImpl.writeLocked(BatteryStatsImpl.java:4836)
F/BatteryStatsImpl(   78): 	at com.android.internal.os.BatteryStatsImpl.writeAsyncLocked(BatteryStatsImpl.java:4818)
F/BatteryStatsImpl(   78): 	at com.android.server.am.ActivityManagerService.updateCpuStatsNow(ActivityManagerService.java:1652)
F/BatteryStatsImpl(   78): 	at com.android.server.am.ActivityManagerService$3.run(ActivityManagerService.java:1534)
F/BatteryStatsImpl(   78): Caused by: java.io.FileNotFoundException: /proc/net/xt_qtaguid/stats: open failed: ENOENT (No such file or directory)
F/BatteryStatsImpl(   78): 	at libcore.io.IoBridge.open(IoBridge.java:406)
F/BatteryStatsImpl(   78): 	at java.io.FileInputStream.<init>(FileInputStream.java:78)
F/BatteryStatsImpl(   78): 	at com.android.internal.net.NetworkStatsFactory.readNetworkStatsDetail(NetworkStatsFactory.java:269)
F/BatteryStatsImpl(   78): 	... 10 more
F/BatteryStatsImpl(   78): Caused by: libcore.io.ErrnoException: open failed: ENOENT (No such file or directory)
F/BatteryStatsImpl(   78): 	at libcore.io.Posix.open(Native Method)
F/BatteryStatsImpl(   78): 	at libcore.io.BlockGuardOs.open(BlockGuardOs.java:110)
F/BatteryStatsImpl(   78): 	at libcore.io.IoBridge.open(IoBridge.java:390)
F/BatteryStatsImpl(   78): 	... 12 more
D/dalvikvm(   78): GC_CONCURRENT freed 455K, 15% free 11294K/13255K, paused 7ms+6ms
V/BackupManagerService(   78): Running a backup pass
V/BackupManagerService(   78): Backup requested but nothing pending
W/ThrottleService(   78): unable to find stats for iface rmnet0
D/dalvikvm(  167): GC_CONCURRENT freed 384K, 6% free 9533K/10119K, paused 5ms+4ms
D/dalvikvm(  167): GC_CONCURRENT freed 384K, 6% free 9532K/10119K, paused 5ms+4ms
W/ThrottleService(   78): unable to find stats for iface rmnet0
F/NetworkStats(   78): problem reading network stats
F/NetworkStats(   78): java.lang.IllegalStateException: problem parsing idx 1
F/NetworkStats(   78): 	at com.android.internal.net.NetworkStatsFactory.readNetworkStatsDetail(NetworkStatsFactory.java:300)
F/NetworkStats(   78): 	at com.android.server.NetworkManagementService.getNetworkStatsUidDetail(NetworkManagementService.java:1282)
F/NetworkStats(   78): 	at com.android.server.net.NetworkStatsService.performPollLocked(NetworkStatsService.java:831)
F/NetworkStats(   78): 	at com.android.server.net.NetworkStatsService.performPoll(NetworkStatsService.java:799)
F/NetworkStats(   78): 	at com.android.server.net.NetworkStatsService.access$100(NetworkStatsService.java:128)
F/NetworkStats(   78): 	at com.android.server.net.NetworkStatsService$3.onReceive(NetworkStatsService.java:633)
F/NetworkStats(   78): 	at android.app.LoadedApk$ReceiverDispatcher$Args.run(LoadedApk.java:728)
F/NetworkStats(   78): 	at android.os.Handler.handleCallback(Handler.java:605)
F/NetworkStats(   78): 	at android.os.Handler.dispatchMessage(Handler.java:92)
F/NetworkStats(   78): 	at android.os.Looper.loop(Looper.java:137)
F/NetworkStats(   78): 	at android.os.HandlerThread.run(HandlerThread.java:60)
F/NetworkStats(   78): Caused by: java.io.FileNotFoundException: /proc/net/xt_qtaguid/stats: open failed: ENOENT (No such file or directory)
F/NetworkStats(   78): 	at libcore.io.IoBridge.open(IoBridge.java:406)
F/NetworkStats(   78): 	at java.io.FileInputStream.<init>(FileInputStream.java:78)
F/NetworkStats(   78): 	at com.android.internal.net.NetworkStatsFactory.readNetworkStatsDetail(NetworkStatsFactory.java:269)
F/NetworkStats(   78): 	... 10 more
F/NetworkStats(   78): Caused by: libcore.io.ErrnoException: open failed: ENOENT (No such file or directory)
F/NetworkStats(   78): 	at libcore.io.Posix.open(Native Method)
F/NetworkStats(   78): 	at libcore.io.BlockGuardOs.open(BlockGuardOs.java:110)
F/NetworkStats(   78): 	at libcore.io.IoBridge.open(IoBridge.java:390)
F/NetworkStats(   78): 	... 12 more
D/dalvikvm(   78): GC_CONCURRENT freed 438K, 15% free 11345K/13255K, paused 14ms+8ms
D/dalvikvm(  167): GC_CONCURRENT freed 386K, 6% free 9533K/10119K, paused 4ms+3ms
W/ThrottleService(   78): unable to find stats for iface rmnet0
D/dalvikvm(  167): GC_CONCURRENT freed 384K, 6% free 9533K/10119K, paused 11ms+4ms
F/BatteryStatsImpl(   78): problem reading network stats
F/BatteryStatsImpl(   78): java.lang.IllegalStateException: problem parsing idx 1
F/BatteryStatsImpl(   78): 	at com.android.internal.net.NetworkStatsFactory.readNetworkStatsDetail(NetworkStatsFactory.java:300)
F/BatteryStatsImpl(   78): 	at com.android.internal.net.NetworkStatsFactory.readNetworkStatsDetail(NetworkStatsFactory.java:250)
F/BatteryStatsImpl(   78): 	at com.android.internal.os.BatteryStatsImpl.getNetworkStatsDetailGroupedByUid(BatteryStatsImpl.java:5734)
F/BatteryStatsImpl(   78): 	at com.android.internal.os.BatteryStatsImpl.access$100(BatteryStatsImpl.java:76)
F/BatteryStatsImpl(   78): 	at com.android.internal.os.BatteryStatsImpl$Uid.computeCurrentTcpBytesReceived(BatteryStatsImpl.java:2457)
F/BatteryStatsImpl(   78): 	at com.android.internal.os.BatteryStatsImpl$Uid.getTcpBytesReceived(BatteryStatsImpl.java:2446)
F/BatteryStatsImpl(   78): 	at com.android.internal.os.BatteryStatsImpl.writeSummaryToParcel(BatteryStatsImpl.java:5437)
F/BatteryStatsImpl(   78): 	at com.android.internal.os.BatteryStatsImpl.writeLocked(BatteryStatsImpl.java:4836)
F/BatteryStatsImpl(   78): 	at com.android.internal.os.BatteryStatsImpl.writeAsyncLocked(BatteryStatsImpl.java:4818)
F/BatteryStatsImpl(   78): 	at com.android.server.am.ActivityManagerService.updateCpuStatsNow(ActivityManagerService.java:1652)
F/BatteryStatsImpl(   78): 	at com.android.server.am.ActivityManagerService$3.run(ActivityManagerService.java:1534)
F/BatteryStatsImpl(   78): Caused by: java.io.FileNotFoundException: /proc/net/xt_qtaguid/stats: open failed: ENOENT (No such file or directory)
F/BatteryStatsImpl(   78): 	at libcore.io.IoBridge.open(IoBridge.java:406)
F/BatteryStatsImpl(   78): 	at java.io.FileInputStream.<init>(FileInputStream.java:78)
F/BatteryStatsImpl(   78): 	at com.android.internal.net.NetworkStatsFactory.readNetworkStatsDetail(NetworkStatsFactory.java:269)
F/BatteryStatsImpl(   78): 	... 10 more
F/BatteryStatsImpl(   78): Caused by: libcore.io.ErrnoException: open failed: ENOENT (No such file or directory)
F/BatteryStatsImpl(   78): 	at libcore.io.Posix.open(Native Method)
F/BatteryStatsImpl(   78): 	at libcore.io.BlockGuardOs.open(BlockGuardOs.java:110)
F/BatteryStatsImpl(   78): 	at libcore.io.IoBridge.open(IoBridge.java:390)
F/BatteryStatsImpl(   78): 	... 12 more
D/dalvikvm(   78): GC_CONCURRENT freed 494K, 15% free 11346K/13255K, paused 15ms+8ms
D/dalvikvm(  167): GC_CONCURRENT freed 383K, 6% free 9533K/10119K, paused 9ms+4ms
W/ThrottleService(   78): unable to find stats for iface rmnet0
D/dalvikvm(  167): GC_CONCURRENT freed 384K, 6% free 9533K/10119K, paused 7ms+4ms
W/ThrottleService(   78): unable to find stats for iface rmnet0
F/NetworkStats(   78): problem reading network stats
F/NetworkStats(   78): java.lang.IllegalStateException: problem parsing idx 1
F/NetworkStats(   78): 	at com.android.internal.net.NetworkStatsFactory.readNetworkStatsDetail(NetworkStatsFactory.java:300)
F/NetworkStats(   78): 	at com.android.server.NetworkManagementService.getNetworkStatsUidDetail(NetworkManagementService.java:1282)
F/NetworkStats(   78): 	at com.android.server.net.NetworkStatsService.performPollLocked(NetworkStatsService.java:831)
F/NetworkStats(   78): 	at com.android.server.net.NetworkStatsService.performPoll(NetworkStatsService.java:799)
F/NetworkStats(   78): 	at com.android.server.net.NetworkStatsService.access$100(NetworkStatsService.java:128)
F/NetworkStats(   78): 	at com.android.server.net.NetworkStatsService$3.onReceive(NetworkStatsService.java:633)
F/NetworkStats(   78): 	at android.app.LoadedApk$ReceiverDispatcher$Args.run(LoadedApk.java:728)
F/NetworkStats(   78): 	at android.os.Handler.handleCallback(Handler.java:605)
F/NetworkStats(   78): 	at android.os.Handler.dispatchMessage(Handler.java:92)
F/NetworkStats(   78): 	at android.os.Looper.loop(Looper.java:137)
F/NetworkStats(   78): 	at android.os.HandlerThread.run(HandlerThread.java:60)
F/NetworkStats(   78): Caused by: java.io.FileNotFoundException: /proc/net/xt_qtaguid/stats: open failed: ENOENT (No such file or directory)
F/NetworkStats(   78): 	at libcore.io.IoBridge.open(IoBridge.java:406)
F/NetworkStats(   78): 	at java.io.FileInputStream.<init>(FileInputStream.java:78)
F/NetworkStats(   78): 	at com.android.internal.net.NetworkStatsFactory.readNetworkStatsDetail(NetworkStatsFactory.java:269)
F/NetworkStats(   78): 	... 10 more
F/NetworkStats(   78): Caused by: libcore.io.ErrnoException: open failed: ENOENT (No such file or directory)
F/NetworkStats(   78): 	at libcore.io.Posix.open(Native Method)
F/NetworkStats(   78): 	at libcore.io.BlockGuardOs.open(BlockGuardOs.java:110)
F/NetworkStats(   78): 	at libcore.io.IoBridge.open(IoBridge.java:390)
F/NetworkStats(   78): 	... 12 more
D/dalvikvm(   78): GC_CONCURRENT freed 512K, 15% free 11346K/13255K, paused 7ms+8ms
D/dalvikvm(  167): GC_CONCURRENT freed 384K, 6% free 9533K/10119K, paused 5ms+4ms
W/ThrottleService(   78): unable to find stats for iface rmnet0
D/dalvikvm(  167): GC_CONCURRENT freed 384K, 6% free 9533K/10119K, paused 9ms+4ms
D/dalvikvm(  134): GC_CONCURRENT freed 376K, 30% free 9776K/13959K, paused 5ms+7ms
D/AndroidRuntime( 2189): 
D/AndroidRuntime( 2189): >>>>>> AndroidRuntime START com.android.internal.os.RuntimeInit <<<<<<
D/AndroidRuntime( 2189): CheckJNI is ON
D/AndroidRuntime( 2189): Calling main entry com.android.commands.pm.Pm
W/ActivityManager(   78): No content provider found for permission revoke: file:///data/local/tmp/MacoTec-debug.apk
W/ActivityManager(   78): No content provider found for permission revoke: file:///data/local/tmp/MacoTec-debug.apk
D/dalvikvm(   78): GC_CONCURRENT freed 427K, 14% free 11416K/13255K, paused 8ms+8ms
D/dalvikvm(   78): GC_CONCURRENT freed 269K, 13% free 11625K/13255K, paused 7ms+8ms
D/dalvikvm(   78): GC_CONCURRENT freed 452K, 12% free 11708K/13255K, paused 6ms+7ms
D/dalvikvm(   78): GC_CONCURRENT freed 549K, 12% free 11714K/13255K, paused 7ms+13ms
D/dalvikvm(   78): GC_CONCURRENT freed 572K, 12% free 11710K/13255K, paused 16ms+10ms
D/dalvikvm(   78): GC_CONCURRENT freed 586K, 12% free 11735K/13255K, paused 6ms+14ms
D/dalvikvm(   78): GC_CONCURRENT freed 612K, 12% free 11719K/13255K, paused 6ms+10ms
I/PackageManager(   78): Removing non-system package:com.rhomobile.macotec
I/ActivityManager(   78): Force stopping package com.rhomobile.macotec uid=10040
I/ActivityManager(   78): Killing proc 2141:com.rhomobile.macotec/10040: force stop
W/ActivityManager(   78): Force removing ActivityRecord{4132f800 com.rhomobile.macotec/com.rhomobile.rhodes.RhodesActivity}: app died, no saved state
I/WindowManager(   78): WIN DEATH: Window{4155f158 com.rhomobile.macotec/com.rhomobile.rhodes.RhodesActivity paused=false}
W/NetworkManagementSocketTagger(   78): setKernelCountSet(10040, 0) failed with errno -2
W/NetworkManagementSocketTagger(   78): setKernelCountSet(10009, 1) failed with errno -2
I/PackageManager(   78): Package com.rhomobile.macotec codePath changed from /data/app/com.rhomobile.macotec-2.apk to /data/app/com.rhomobile.macotec-1.apk; Retaining data and using new
W/InputManagerService(   78): Got RemoteException sending setActive(false) notification to pid 2141 uid 10040
I/PackageManager(   78): Running dexopt on: com.rhomobile.macotec
D/dalvikvm( 2200): DexOpt: load 99ms, verify+opt 497ms
W/PackageManager(   78): Code path for pkg : com.rhomobile.macotec changing from /data/app/com.rhomobile.macotec-2.apk to /data/app/com.rhomobile.macotec-1.apk
W/PackageManager(   78): Resource path for pkg : com.rhomobile.macotec changing from /data/app/com.rhomobile.macotec-2.apk to /data/app/com.rhomobile.macotec-1.apk
I/ActivityManager(   78): Force stopping package com.rhomobile.macotec uid=10040
D/PackageManager(   78): New package installed in /data/app/com.rhomobile.macotec-1.apk
D/dalvikvm(   78): GC_CONCURRENT freed 531K, 12% free 11747K/13255K, paused 10ms+16ms
I/ActivityManager(   78): Force stopping package com.rhomobile.macotec uid=10040
D/dalvikvm(  179): GC_EXPLICIT freed 344K, 6% free 11332K/11975K, paused 21ms+4ms
D/dalvikvm(  230): GC_EXPLICIT freed 144K, 4% free 9398K/9735K, paused 23ms+4ms
D/dalvikvm(   78): GC_EXPLICIT freed 546K, 15% free 11293K/13255K, paused 5ms+9ms
D/PackageManager(   78): generateServicesMap(android.accounts.AccountAuthenticator): 2 services unchanged
D/PackageManager(   78): generateServicesMap(android.content.SyncAdapter): 4 services unchanged
D/BackupManagerService(   78): Received broadcast Intent { act=android.intent.action.PACKAGE_REMOVED dat=package:com.rhomobile.macotec flg=0x10000010 (has extras) }
D/PackageManager(   78): generateServicesMap(android.accounts.AccountAuthenticator): 2 services unchanged
D/PackageManager(   78): generateServicesMap(android.content.SyncAdapter): 4 services unchanged
D/BackupManagerService(   78): Received broadcast Intent { act=android.intent.action.PACKAGE_ADDED dat=package:com.rhomobile.macotec flg=0x10000010 (has extras) }
V/BackupManagerService(   78): updatePackageParticipantsLocked: #1
W/RecognitionManagerService(   78): no available voice recognition services found
D/BackupManagerService(   78): Received broadcast Intent { act=android.intent.action.PACKAGE_REPLACED dat=package:com.rhomobile.macotec flg=0x10000010 (has extras) }
V/BackupManagerService(   78): updatePackageParticipantsLocked: #1
D/dalvikvm(   78): GC_CONCURRENT freed 453K, 14% free 11408K/13255K, paused 6ms+20ms
D/dalvikvm(  481): GC_CONCURRENT freed 291K, 4% free 9180K/9543K, paused 5ms+5ms
D/dalvikvm(   78): GC_EXPLICIT freed 204K, 16% free 11264K/13255K, paused 4ms+19ms
D/AndroidRuntime( 2189): Shutting down VM
D/dalvikvm( 2189): GC_CONCURRENT freed 97K, 79% free 450K/2048K, paused 2ms+1ms
I/AndroidRuntime( 2189): NOTE: attach of thread 'Binder Thread #3' failed
D/AndroidRuntime( 2208): 
D/AndroidRuntime( 2208): >>>>>> AndroidRuntime START com.android.internal.os.RuntimeInit <<<<<<
D/AndroidRuntime( 2208): CheckJNI is ON
D/AndroidRuntime( 2208): Calling main entry com.android.commands.am.Am
I/ActivityManager(   78): START {act=android.intent.action.MAIN flg=0x10000000 cmp=com.rhomobile.macotec/com.rhomobile.rhodes.RhodesActivity} from pid 2208
W/WindowManager(   78): Failure taking screenshot for (180x300) to layer 21005
D/AndroidRuntime( 2208): Shutting down VM
D/dalvikvm( 2208): GC_CONCURRENT freed 97K, 77% free 480K/2048K, paused 1ms+1ms
I/AndroidRuntime( 2208): NOTE: attach of thread 'Binder Thread #3' failed
I/ActivityManager(   78): Start proc com.rhomobile.macotec for activity com.rhomobile.macotec/com.rhomobile.rhodes.RhodesActivity: pid=2219 uid=10040 gids={3003}
I/dalvikvm( 2219): Turning on JNI app bug workarounds for target SDK version 4...
W/NetworkManagementSocketTagger(   78): setKernelCountSet(10040, 1) failed with errno -2
I/Process (   78): Sending signal. PID: 2219 SIG: 3
I/dalvikvm( 2219): threadid=3: reacting to signal 3
I/dalvikvm( 2219): Wrote stack traces to '/data/anr/traces.txt'
D/dalvikvm( 2219): Trying to load lib /data/data/com.rhomobile.macotec/lib/librhodes.so 0x4129fa60
D/dalvikvm( 2219): Added shared lib /data/data/com.rhomobile.macotec/lib/librhodes.so 0x4129fa60
D/dalvikvm( 2219): Trying to load lib /data/data/com.rhomobile.macotec/lib/librhodes.so 0x4129fa60
D/dalvikvm( 2219): Shared lib '/data/data/com.rhomobile.macotec/lib/librhodes.so' already loaded in same CL 0x4129fa60
I/ActivityThread( 2219): Pub com.rhomobile.macotec: com.rhomobile.rhodes.LocalFileProvider
I/RhodesApplication( 2219): Initializing...
D/RhoFileApi( 2219): App root path: /data/data/com.rhomobile.macotec/rhodata/
D/RhoFileApi( 2219): Sqlite journals path: /data/data/com.rhomobile.macotec/sqlite_stmt_journals/
D/RhoFileApi( 2219): Shared path: /data/data/com.rhomobile.macotec/rhodata/
D/RhodesApplication( 2219): Root path: /data/data/com.rhomobile.macotec/rhodata/
I/RhodesApplication( 2219): Application hash was changed
I/Process (   78): Sending signal. PID: 2219 SIG: 3
I/dalvikvm( 2219): threadid=3: reacting to signal 3
I/dalvikvm( 2219): Wrote stack traces to '/data/anr/traces.txt'
D/RhoFileApi( 2219): Copy hash to FS
D/RhoFileApi( 2219): File hash copied
D/RhoFileApi( 2219): Copy rho.dat to FS
D/RhoFileApi( 2219): File rho.dat copied
D/RhoFileApi( 2219): Copy apps/rhoconfig.txt to FS
D/RhoFileApi( 2219): File apps/rhoconfig.txt copied
I/RhoFileApi( 2219): Opening stat table from FS: /data/data/com.rhomobile.macotec/rhodata/rho.dat
D/RhoFileApi( 2219): Copy apps/rhoconfig.txt to FS
D/RhoFileApi( 2219): File apps/rhoconfig.txt copied
D/RhoFileApi( 2219): App root path: /data/data/com.rhomobile.macotec/rhodata/
D/RhoFileApi( 2219): Sqlite journals path: /data/data/com.rhomobile.macotec/sqlite_stmt_journals/
D/RhoFileApi( 2219): Shared path: /data/data/com.rhomobile.macotec/rhodata/
I/APP     ( 2219): I 02/15/2013 17:21:37:952 000008ab    RhodesApplication| Initialized
I/APP     ( 2219): I 02/15/2013 17:21:38:008 000008ab         BaseActivity| New screen properties - width: 480, height: 800, orientation: 1
I/Process (   78): Sending signal. PID: 2219 SIG: 3
I/dalvikvm( 2219): threadid=3: reacting to signal 3
I/dalvikvm( 2219): Wrote stack traces to '/data/anr/traces.txt'
D/dalvikvm( 2219): GC_CONCURRENT freed 283K, 5% free 9200K/9607K, paused 16ms+3ms
I/APP     ( 2219): I 02/15/2013 17:21:38:431 000008ab         SplashScreen| Looking for start page source
D/dalvikvm( 2219): GC_FOR_ALLOC freed 14K, 4% free 9228K/9607K, paused 54ms
I/Process (   78): Sending signal. PID: 2219 SIG: 3
I/dalvikvm( 2219): threadid=3: reacting to signal 3
I/dalvikvm-heap( 2219): Grow heap (frag case) to 12.147MB for 3217300-byte allocation
I/dalvikvm( 2219): Wrote stack traces to '/data/anr/traces.txt'
D/dalvikvm( 2219): GC_CONCURRENT freed 1K, 4% free 12369K/12807K, paused 3ms+16ms
I/Process (   78): Sending signal. PID: 2219 SIG: 3
I/dalvikvm( 2219): threadid=3: reacting to signal 3
I/dalvikvm( 2219): Wrote stack traces to '/data/anr/traces.txt'
I/APP     ( 2219): I 02/15/2013 17:21:39:183 000008ab         SplashScreen| Done
I/APP     ( 2219): I 02/15/2013 17:21:39:228 000008ab    RhodesApplication| New UiState: MainActivityCreated
I/APP     ( 2219): I 02/15/2013 17:21:39:231 000008ab       RhodesActivity| onStart
I/APP     ( 2219): I 02/15/2013 17:21:39:260 000008ab    RhodesApplication| New UiState: MainActivityStarted
I/APP     ( 2219): I 02/15/2013 17:21:39:263 000008ab       RhodesActivity| onResume
I/APP     ( 2219): I 02/15/2013 17:21:39:284 000008ab AndroidFunctionality| Resume WebView
I/APP     ( 2219): I 02/15/2013 17:21:39:326 000008ab        RhodesService| onCreate
I/APP     ( 2219): I 02/15/2013 17:21:39:340 000008ab    LocalFileProvider| Revoke URI permissions: content:///com.rhomobile.macotec
W/ActivityManager(   78): No content provider found for permission revoke: content:///com.rhomobile.macotec
I/APP     ( 2219): I 02/15/2013 17:21:39:363 000008ab               Rhodes| Loading...
I/APP     ( 2219): I 02/15/2013 17:21:39:367 000008ab            RhodesApp| Trying to get free listening port.
I/APP     ( 2219): I 02/15/2013 17:21:39:389 000008ab            RhodesApp| Trying to bind of 8080 port...
I/APP     ( 2219): I 02/15/2013 17:21:39:392 000008ab            RhodesApp| Got port to bind on: 8080
I/APP     ( 2219): I 02/15/2013 17:21:39:398 000008ab            RhodesApp| Free listening port: 8080
I/APP     ( 2219): I 02/15/2013 17:21:39:408 000008c0         AppCallbacks| Starting main routine...
I/APP     ( 2219): I 02/15/2013 17:21:39:426 000008c0         AppCallbacks| ThreadQueue blocked for 4294967295 seconds...
I/APP     ( 2219): I 02/15/2013 17:21:39:499 000008ab        RhodesService| Push is disabled
I/APP     ( 2219): I 02/15/2013 17:21:39:504 000008ab            RhodesApp| callAppActiveCallback
I/APP     ( 2219): I 02/15/2013 17:21:39:528 000008ab         AppCallbacks| addCommand: APP-ACTIVATED
I/APP     ( 2219): I 02/15/2013 17:21:39:549 000008c0         AppCallbacks| Received command APP-ACTIVATED which is greater than expected (LOCAL-SERVER-STARTED) - postpone it
I/APP     ( 2219): I 02/15/2013 17:21:39:551 000008c0         AppCallbacks| ThreadQueue blocked for 4294967295 seconds...
I/APP     ( 2219): I 02/15/2013 17:21:39:569 000008ab         AppActivated| Cannot commit now, application will be activated when started.
I/APP     ( 2219): I 02/15/2013 17:21:39:572 000008ab    RhodesApplication| New AppState: Undefined
D/RhodesService( 2219): +++ onStartCommand
I/RhodesService( 2219): handleCommand: startId=1, source=com.rhomobile.rhodes.BaseActivity
I/APP     ( 2219): I 02/15/2013 17:21:39:590 000008c2            RhodesApp| Starting RhodesApp main routine...
D/RhodesService( 2219): New activity was created
I/APP     ( 2219): I 02/15/2013 17:21:39:623 000008ab        RhodesService| onBind
I/Process (   78): Sending signal. PID: 2219 SIG: 3
I/dalvikvm( 2219): threadid=3: reacting to signal 3
I/dalvikvm( 2219): Wrote stack traces to '/data/anr/traces.txt'
I/APP     ( 2219): I 02/15/2013 17:21:39:737 000008ab         AppCallbacks| addCommand: UI-CREATED
I/APP     ( 2219): I 02/15/2013 17:21:39:751 000008c0         AppCallbacks| Received command UI-CREATED which is greater than expected (LOCAL-SERVER-STARTED) - postpone it
I/APP     ( 2219): I 02/15/2013 17:21:39:752 000008c0         AppCallbacks| ThreadQueue blocked for 4294967295 seconds...
V/PhoneStatusBar(  134): setLightsOn(true)
I/APP     ( 2219): I 02/15/2013 17:21:39:873 000008ab       RhodesActivity| onServiceConnected: {com.rhomobile.macotec/com.rhomobile.rhodes.RhodesService}
I/APP     ( 2219): I 02/15/2013 17:21:39:907 000008ab       RhodesActivity| New start parameters: 
I/APP     ( 2219): I 02/15/2013 17:21:39:910 000008ab            RhodesApp| New start params: 
D/gralloc_goldfish( 2219): Emulator without GPU emulation detected.
I/Process (   78): Sending signal. PID: 2219 SIG: 3
I/dalvikvm( 2219): threadid=3: reacting to signal 3
I/dalvikvm( 2219): Wrote stack traces to '/data/anr/traces.txt'
I/ActivityManager(   78): Displayed com.rhomobile.macotec/com.rhomobile.rhodes.RhodesActivity: +4s6ms
I/APP     ( 2219): I 02/15/2013 17:21:40:543 000008c2              RhoRuby| Init_RhoBlobs: /data/data/com.rhomobile.macotec/rhodata/db/db-files
W/NetworkManagementSocketTagger(   78): setKernelCountSet(10009, 0) failed with errno -2
I/APP     ( 2219): I 02/15/2013 17:21:40:636 000008c2              RhoRuby| require_compiled: rhoframework
I/APP     ( 2219): I 02/15/2013 17:21:40:702 000008c2              RhoRuby| require_compiled: rational
I/APP     ( 2219): I 02/15/2013 17:21:40:731 000008c2              RhoRuby| require_compiled: rhom/rhom_db_adapter
I/APP     ( 2219): I 02/15/2013 17:21:40:789 000008c2              RhoRuby| require_compiled: rhodes
I/APP     ( 2219): I 02/15/2013 17:21:40:820 000008c2              RhoRuby| require_compiled: rhom/rhom_object
I/APP     ( 2219): I 02/15/2013 17:21:40:852 000008c2              RhoRuby| require_compiled: rhofsconnector
I/APP     ( 2219): I 02/15/2013 17:21:40:879 000008c2              RhoRuby| require_compiled: rho/rhofsconnector
I/APP     ( 2219): I 02/15/2013 17:21:40:916 000008c2              RhoRuby| require_compiled: rhom/rhom_object_factory
I/APP     ( 2219): I 02/15/2013 17:21:41:215 000008c2              RhoRuby| require_compiled: rhom/rhom
I/APP     ( 2219): I 02/15/2013 17:21:41:327 000008c2              RhoRuby| require_compiled: rhom/rhom_model
I/APP     ( 2219): I 02/15/2013 17:21:41:396 000008c2              RhoRuby| require_compiled: rhom
I/APP     ( 2219): I 02/15/2013 17:21:41:428 000008c2              RhoRuby| require_compiled: rho/rhoapplication
I/APP     ( 2219): I 02/15/2013 17:21:41:530 000008c2              RhoRuby| require_compiled: rholang/localization_simplified
I/APP     ( 2219): I 02/15/2013 17:21:41:600 000008c2              RhoRuby| require_compiled: rho/rhomsg
I/APP     ( 2219): I 02/15/2013 17:21:41:624 000008c2              RhoRuby| require_compiled: rho/rhotabbar
I/APP     ( 2219): I 02/15/2013 17:21:41:657 000008c2              RhoRuby| require_compiled: rho/rhotoolbar
I/APP     ( 2219): I 02/15/2013 17:21:41:690 000008c2                  APP| Current locale: ; Country code: 
I/APP     ( 2219): I 02/15/2013 17:21:41:695 000008c2                  APP| Locilized file: /data/data/com.rhomobile.macotec/rhodata/lib/rholang/lang_
I/APP     ( 2219): I 02/15/2013 17:21:41:727 000008c2              RhoRuby| require_compiled: /data/data/com.rhomobile.macotec/rhodata/lib/rholang/lang_en
I/APP     ( 2219): I 02/15/2013 17:21:41:761 000008c2                  APP| Locilized file: /data/data/com.rhomobile.macotec/rhodata/apps/app/lang/lang_
I/APP     ( 2219): I 02/15/2013 17:21:41:767 000008c2              RhoRuby| require_compiled: /data/data/com.rhomobile.macotec/rhodata/apps/app/lang/lang_en
I/APP     ( 2219): I 02/15/2013 17:21:41:813 000008c2                  APP| Locilized file: /data/data/com.rhomobile.macotec/rhodata/lib/rholang/rhoerror_
I/APP     ( 2219): I 02/15/2013 17:21:41:816 000008c2              RhoRuby| require_compiled: /data/data/com.rhomobile.macotec/rhodata/lib/rholang/rhoerror_en
I/APP     ( 2219): I 02/15/2013 17:21:41:859 000008c2                  APP| Locilized file: /data/data/com.rhomobile.macotec/rhodata/lib/rholang/rhomsg_
I/APP     ( 2219): I 02/15/2013 17:21:41:864 000008c2              RhoRuby| require_compiled: /data/data/com.rhomobile.macotec/rhodata/lib/rholang/rhomsg_en
I/APP     ( 2219): I 02/15/2013 17:21:41:910 000008c2              RhoRuby| require_compiled: indifferent_access
I/APP     ( 2219): I 02/15/2013 17:21:41:952 000008c2              RhoRuby| require_compiled: rho/rhosupport
I/APP     ( 2219): I 02/15/2013 17:21:42:011 000008c2              RhoRuby| require_compiled: rho/rhocontroller
I/APP     ( 2219): I 02/15/2013 17:21:42:050 000008c2              RhoRuby| require_compiled: rho/render
I/APP     ( 2219): I 02/15/2013 17:21:42:114 000008c2              RhoRuby| require_compiled: rho/rho
I/APP     ( 2219): I 02/15/2013 17:21:42:280 000008c2              RhoRuby| require_compiled: rho/rhoerror
I/APP     ( 2219): I 02/15/2013 17:21:42:306 000008c2              RhoRuby| require_compiled: rhom/rhom_source
I/APP     ( 2219): I 02/15/2013 17:21:42:354 000008c2              RhoRuby| require_compiled: rho/rhoviewhelpers
I/APP     ( 2219): I 02/15/2013 17:21:42:395 000008c2              RhoRuby| require_compiled: rho
I/APP     ( 2219): I 02/15/2013 17:21:42:400 000008c2                  APP| RHO loaded
I/APP     ( 2219): I 02/15/2013 17:21:42:432 000008c2                  APP| Calling RHO.initialize
I/APP     ( 2219): I 02/15/2013 17:21:42:458 000008c2                  APP| model file: Settings/settings
I/APP     ( 2219): I 02/15/2013 17:21:42:462 000008c2                  APP| model file: Product/product
I/APP     ( 2219): I 02/15/2013 17:21:42:488 000008c2                  APP| model file: Request/request
I/APP     ( 2219): I 02/15/2013 17:21:42:492 000008c2                   DB| Open DB: /data/data/com.rhomobile.macotec/rhodata/db/syncdbuser.sqlite
I/APP     ( 2219): I 02/15/2013 17:21:42:542 000008c2          GeoLocation| Creating singleton instance.
I/APP     ( 2219): I 02/15/2013 17:21:42:548 000008c2            RhodesApp| Starting sync engine...
I/APP     ( 2219): I 02/15/2013 17:21:42:572 000008c2                 Sync| sync_poll_interval: 0
I/APP     ( 2219): I 02/15/2013 17:21:42:594 000008c2                 Sync| syncserver: 
I/APP     ( 2219): I 02/15/2013 17:21:42:598 000008c2                 Sync| bulksync_state: 0
I/APP     ( 2219): I 02/15/2013 17:21:42:611 000008c2            RhodesApp| RhoRubyInitApp...
I/APP     ( 2219): I 02/15/2013 17:21:42:617 000008c2                  APP| init_app
I/APP     ( 2219): I 02/15/2013 17:21:42:635 000008c2              RhoRuby| require_compiled: application
I/APP     ( 2219): I 02/15/2013 17:21:42:660 000008c2                 Sync| Set notification. Source ID: -1;Url :http://localhost:8080/app/Settings/sync_notify; Params: 
I/APP     ( 2219): I 02/15/2013 17:21:42:682 000008c2           HttpServer| Start HTTP server
I/APP     ( 2219): I 02/15/2013 17:21:42:686 000008c2           HttpServer| Listen for connections on port 8080
I/APP     ( 2219): I 02/15/2013 17:21:42:706 000008c2         AppCallbacks| addCommand: LOCAL-SERVER-STARTED
I/APP     ( 2219): I 02/15/2013 17:21:42:712 000008c0         AppCallbacks| process command: LOCAL-SERVER-STARTED
I/APP     ( 2219): I 02/15/2013 17:21:42:713 000008c0 RhodesAppActiveObserver| Ready
I/APP     ( 2219): I 02/15/2013 17:21:42:719 000008ab AndroidFunctionality| Disable WebView zoom
I/APP     ( 2219): I 02/15/2013 17:21:42:738 000008c0    RhodesApplication| New AppState: AppActivated
I/APP     ( 2219): I 02/15/2013 17:21:42:746 000008c0         AppCallbacks| process command: UI-CREATED
I/APP     ( 2219): I 02/15/2013 17:21:42:769 000008ab AndroidFunctionality| Set web plugins state 'OFF'
I/APP     ( 2219): I 02/15/2013 17:21:42:850 000008c2           HttpServer| Process URI: '/system/uicreated'
I/APP     ( 2219): I 02/15/2013 17:21:42:855 000008c2                  APP| on_ui_created.navigate to start url: '/app'
I/APP     ( 2219): I 02/15/2013 17:21:42:870 000008ab         SplashScreen| navigate: url=http://localhost:8080/app
I/APP     ( 2219): I 02/15/2013 17:21:42:873 000008ab         SplashScreen| DELAY for SplashScreen = 0
I/APP     ( 2219): I 02/15/2013 17:21:42:895 000008c0         AppCallbacks| process command: APP-ACTIVATED
I/APP     ( 2219): I 02/15/2013 17:21:42:931 000008ab        GoogleWebView| Creating new RhoWebChromeClient
I/APP     ( 2219): I 02/15/2013 17:21:42:987 000008ab       SimpleMainView| Cleared URL: http://localhost:8080/app
I/APP     ( 2219): I 02/15/2013 17:21:43:006 000008c2           HttpServer| Process URI: '/system/activateapp'
I/APP     ( 2219): I 02/15/2013 17:21:43:017 000008c0         AppCallbacks| ThreadQueue blocked for 4294967295 seconds...
V/SimpleMainView.View( 2219): ms[1360945303344]  Main Window :: onSizeChanged() old [ 480 x 762 ]  new [ 0 x 0 ]
I/APP     ( 2219): I 02/15/2013 17:21:43:654 000008ab        GoogleWebView| Setting RhoWebChromeClient
I/APP     ( 2219): I 02/15/2013 17:21:44:276 000008c2           HttpServer| Process URI: '/app'
I/APP     ( 2219): I 02/15/2013 17:21:44:801 000008ab     RhoWebViewClient| Loading URL: http://localhost:8080/app/index_erb.iseq
I/APP     ( 2219): I 02/15/2013 17:21:45:009 000008c2           HttpServer| Process URI: '/app/index_erb.iseq'
I/APP     ( 2219): I 02/15/2013 17:21:45:103 000008c2                  APP| RHO serve_index: /app/index_erb.iseq
I/APP     ( 2219): I 02/15/2013 17:21:45:329 000008c2 RHO Rho::RhoController| inst_render_index
I/APP     ( 2219): I 02/15/2013 17:21:46:753 000008c2 RHO Rho::RhoController| index layout
I/APP     ( 2219): I 02/15/2013 17:21:47:336 000008c2           HttpServer| GC Start.
I/APP     ( 2219): I 02/15/2013 17:21:47:832 000008c2           HttpServer| GC End.
I/APP     ( 2219): I 02/15/2013 17:21:48:351 000008c2           HttpServer| Process URI: '/public/js/request.js'
I/APP     ( 2219): I 02/15/2013 17:21:48:390 000008c2           HttpServer| Process URI: '/public/jquery/jquery-1.6.4.min.js'
I/APP     ( 2219): I 02/15/2013 17:21:48:510 000008c2           HttpServer| Process URI: '/public/jquery/jquery.json-2.3.min.js'
I/APP     ( 2219): I 02/15/2013 17:21:48:580 000008c2           HttpServer| Process URI: '/public/jqmobile/jquery.mobile-1.0.1.min.css'
I/APP     ( 2219): I 02/15/2013 17:21:48:636 000008c2           HttpServer| Process URI: '/public/css/jqmobile-patch.css'
I/APP     ( 2219): I 02/15/2013 17:21:48:671 000008c2           HttpServer| Process URI: '/public/jqmobile/jquery.mobile-1.0.1.min.js'
I/APP     ( 2219): I 02/15/2013 17:21:48:776 000008c2           HttpServer| Process URI: '/public/js/jqmobile-patch.js'
I/APP     ( 2219): I 02/15/2013 17:21:48:826 000008c2           HttpServer| Process URI: '/public/css/macotec_style.css'
I/APP     ( 2219): I 02/15/2013 17:21:51:883 000008c2           HttpServer| Process URI: '/public/images/macotec/logo.png'
I/APP     ( 2219): I 02/15/2013 17:21:52:571 000008c2           HttpServer| Process URI: '/public/images/macotec/request_top.png'
I/APP     ( 2219): I 02/15/2013 17:21:52:660 000008c2           HttpServer| Process URI: '/public/images/macotec/contact_png.png'
I/APP     ( 2219): I 02/15/2013 17:21:52:668 000008c2           HttpServer| Process URI: '/public/images/macotec/products_png.png'
I/APP     ( 2219): I 02/15/2013 17:21:52:721 000008c2           HttpServer| Process URI: '/public/images/macotec/info_png.png'
I/ActivityManager(   78): moveTaskToBack: 27
W/WindowManager(   78): Failure taking screenshot for (180x300) to layer 21010
I/APP     ( 2219): I 02/15/2013 17:21:57:208 000008ab AndroidFunctionality| Pause WebView
I/APP     ( 2219): I 02/15/2013 17:21:57:211 000008ab       RhodesActivity| onPause
I/APP     ( 2219): I 02/15/2013 17:21:57:278 000008c2           HttpServer| Process URI: '/system/uidestroyed'
I/APP     ( 2219): I 02/15/2013 17:21:57:306 000008ab    RhodesApplication| New UiState: MainActivityPaused
W/NetworkManagementSocketTagger(   78): setKernelCountSet(10009, 1) failed with errno -2
D/InputEventConsistencyVerifier(  179): KeyEvent: ACTION_UP but key was not down.
D/InputEventConsistencyVerifier(  179):   in Handler (android.view.ViewRootImpl) {412df548}
D/InputEventConsistencyVerifier(  179):   0: sent at 14292627000000, KeyEvent { action=ACTION_UP, keyCode=KEYCODE_BACK, scanCode=158, metaState=0, flags=0x8, repeatCount=0, eventTime=14292627, downTime=14292497, deviceId=0, source=0x301 }
D/InputEventConsistencyVerifier(  179):   -- recent events --
D/InputEventConsistencyVerifier(  179):   1: sent at 5539862771000, MotionEvent { action=ACTION_UP, id[0]=0, x[0]=421.0, y[0]=648.0, toolType[0]=TOOL_TYPE_FINGER, buttonState=0, metaState=0, flags=0x0, edgeFlags=0x0, pointerCount=1, historySize=0, eventTime=5539862, downTime=5539772, deviceId=0, source=0x1002 }
D/InputEventConsistencyVerifier(  179):   2: sent at 5539862618000, MotionEvent { action=ACTION_MOVE, id[0]=0, x[0]=421.0, y[0]=648.0, toolType[0]=TOOL_TYPE_FINGER, buttonState=0, metaState=0, flags=0x0, edgeFlags=0x0, pointerCount=1, historySize=1, eventTime=5539862, downTime=5539772, deviceId=0, source=0x1002 }
D/InputEventConsistencyVerifier(  179):   3: sent at 5539772615000, MotionEvent { action=ACTION_DOWN, id[0]=0, x[0]=421.0, y[0]=646.0, toolType[0]=TOOL_TYPE_FINGER, buttonState=0, metaState=0, flags=0x0, edgeFlags=0x0, pointerCount=1, historySize=0, eventTime=5539772, downTime=5539772, deviceId=0, source=0x1002 }
D/InputEventConsistencyVerifier(  179):   4: sent at 4377005956000, MotionEvent { action=ACTION_UP, id[0]=0, x[0]=377.0, y[0]=611.0, toolType[0]=TOOL_TYPE_FINGER, buttonState=0, metaState=0, flags=0x0, edgeFlags=0x0, pointerCount=1, historySize=0, eventTime=4377005, downTime=4376883, deviceId=0, source=0x1002 }
D/InputEventConsistencyVerifier(  179):   5: sent at 4376988439000, MotionEvent { action=ACTION_MOVE, id[0]=0, x[0]=377.0, y[0]=611.0, toolType[0]=TOOL_TYPE_FINGER, buttonState=0, metaState=0, flags=0x0, edgeFlags=0x0, pointerCount=1, historySize=1, eventTime=4376988, downTime=4376883, deviceId=0, source=0x1002 }
W/InputManagerService(   78): Starting input on non-focused client com.android.internal.view.IInputMethodClient$Stub$Proxy@413bd8b0 (uid=10040 pid=2219)
I/APP     ( 2219): I 02/15/2013 17:21:58:229 000008ab    RhodesApplication| New AppState: AppDeactivated
I/APP     ( 2219): I 02/15/2013 17:21:58:231 000008ab        RhodesService| activityStopped() temporary release wakeLock object
I/APP     ( 2219): I 02/15/2013 17:21:58:263 000008ab            RhodesApp| callAppActiveCallback
I/APP     ( 2219): I 02/15/2013 17:21:58:267 000008ab         AppCallbacks| addCommand: APP-DEACTIVATED
I/APP     ( 2219): I 02/15/2013 17:21:58:305 000008c0         AppCallbacks| process command: APP-DEACTIVATED
I/APP     ( 2219): I 02/15/2013 17:21:58:309 000008c0         AppCallbacks| ThreadQueue blocked for 4294967295 seconds...
I/APP     ( 2219): I 02/15/2013 17:21:58:354 000008c2           HttpServer| Process URI: '/system/deactivateapp'
I/APP     ( 2219): I 02/15/2013 17:21:58:384 000008ab       RhodesActivity| onStop
W/NetworkManagementSocketTagger(   78): setKernelCountSet(10040, 0) failed with errno -2
D/dalvikvm(  179): GC_FOR_ALLOC freed 422K, 5% free 11455K/11975K, paused 119ms
I/dalvikvm-heap(  179): Grow heap (frag case) to 12.364MB for 1157776-byte allocation
D/dalvikvm(  179): GC_FOR_ALLOC freed 6K, 5% free 12579K/13127K, paused 51ms
D/dalvikvm(  179): GC_CONCURRENT freed <1K, 5% free 12580K/13127K, paused 4ms+12ms
D/dalvikvm(  179): GC_FOR_ALLOC freed 0K, 5% free 12581K/13127K, paused 39ms
I/dalvikvm-heap(  179): Grow heap (frag case) to 13.506MB for 1203064-byte allocation
D/dalvikvm(  179): GC_CONCURRENT freed 0K, 5% free 13756K/14343K, paused 6ms+5ms
D/dalvikvm(  179): GC_FOR_ALLOC freed 4K, 5% free 13753K/14343K, paused 41ms
I/dalvikvm-heap(  179): Grow heap (frag case) to 14.607MB for 1157776-byte allocation
D/dalvikvm(  179): GC_FOR_ALLOC freed 0K, 4% free 14884K/15495K, paused 66ms
D/dalvikvm(  179): GC_FOR_ALLOC freed 1K, 4% free 16015K/16647K, paused 70ms
D/dalvikvm(  179): GC_FOR_ALLOC freed 56K, 3% free 17577K/18055K, paused 46ms
D/dalvikvm(  179): GC_FOR_ALLOC freed 252K, 3% free 18836K/19399K, paused 48ms
D/dalvikvm(  179): GC_FOR_ALLOC freed 3K, 3% free 20348K/20871K, paused 56ms
D/dalvikvm(  179): GC_FOR_ALLOC freed 61K, 2% free 21989K/22343K, paused 58ms
D/dalvikvm(  179): GC_FOR_ALLOC freed 1763K, 9% free 21996K/24007K, paused 73ms
D/dalvikvm(  179): GC_FOR_ALLOC freed 1069K, 7% free 22557K/24007K, paused 86ms
D/dalvikvm(  179): GC_FOR_ALLOC freed 2164K, 10% free 21918K/24263K, paused 58ms
D/dalvikvm(  179): GC_FOR_ALLOC freed 71K, 7% free 22799K/24263K, paused 103ms
I/dalvikvm-heap(  179): Grow heap (frag case) to 23.563MB for 1286224-byte allocation
D/dalvikvm(  179): GC_FOR_ALLOC freed <1K, 6% free 24055K/25543K, paused 70ms
D/dalvikvm(  179): GC_FOR_ALLOC freed 4353K, 18% free 21551K/26183K, paused 54ms
D/dalvikvm(  179): GC_FOR_ALLOC freed 1440K, 18% free 21544K/26183K, paused 53ms
I/ActivityManager(   78): START {act=android.intent.action.MAIN cat=[android.intent.category.LAUNCHER] flg=0x10200000 cmp=com.rhomobile.macotec/com.rhomobile.rhodes.RhodesActivity} from pid 179
W/WindowManager(   78): Failure taking screenshot for (180x300) to layer 21010
W/NetworkManagementSocketTagger(   78): setKernelCountSet(10040, 1) failed with errno -2
I/APP     ( 2219): I 02/15/2013 17:22:25:824 000008ab       RhodesActivity| onNewIntent
I/APP     ( 2219): I 02/15/2013 17:22:25:827 000008ab       RhodesActivity| New start parameters: 
I/APP     ( 2219): I 02/15/2013 17:22:25:853 000008ab            RhodesApp| New start params: 
I/APP     ( 2219): I 02/15/2013 17:22:25:857 000008ab            RhodesApp| callAppActiveCallback
I/APP     ( 2219): I 02/15/2013 17:22:25:889 000008ab         AppCallbacks| addCommand: APP-ACTIVATED
I/APP     ( 2219): I 02/15/2013 17:22:25:892 000008c0            RhodesApp| restart local server.
I/APP     ( 2219): I 02/15/2013 17:22:25:904 000008c0           HttpServer| Stopping server...
I/APP     ( 2219): I 02/15/2013 17:22:25:910 000008c2           HttpServer| Start HTTP server
I/APP     ( 2219): I 02/15/2013 17:22:25:923 000008c2           HttpServer| Listen for connections on port 8080
I/APP     ( 2219): I 02/15/2013 17:22:25:925 000008c2         AppCallbacks| addCommand: LOCAL-SERVER-STARTED
I/APP     ( 2219): I 02/15/2013 17:22:25:933 000008c0         AppCallbacks| Received command APP-ACTIVATED which is greater than expected (LOCAL-SERVER-STARTED) - postpone it
I/APP     ( 2219): I 02/15/2013 17:22:25:943 000008c0         AppCallbacks| process command: LOCAL-SERVER-STARTED
I/APP     ( 2219): I 02/15/2013 17:22:25:951 000008c0 RhodesAppActiveObserver| Ready
I/APP     ( 2219): I 02/15/2013 17:22:25:939 000008ab    RhodesApplication| New AppState: AppActivated
I/APP     ( 2219): I 02/15/2013 17:22:25:967 000008ab       RhodesActivity| onStart
I/APP     ( 2219): I 02/15/2013 17:22:25:990 000008ab    RhodesApplication| New UiState: MainActivityStarted
I/APP     ( 2219): I 02/15/2013 17:22:25:993 000008ab       RhodesActivity| onResume
I/APP     ( 2219): I 02/15/2013 17:22:26:022 000008ab AndroidFunctionality| Resume WebView
I/APP     ( 2219): I 02/15/2013 17:22:26:012 000008c0    RhodesApplication| New AppState: AppActivated
I/APP     ( 2219): I 02/15/2013 17:22:26:047 000008c0         AppCallbacks| process command: APP-ACTIVATED
I/APP     ( 2219): I 02/15/2013 17:22:26:065 000008c2           HttpServer| Process URI: '/system/activateapp'
I/APP     ( 2219): I 02/15/2013 17:22:26:093 000008c0         AppCallbacks| ThreadQueue blocked for 4294967295 seconds...
I/APP     ( 2219): I 02/15/2013 17:22:26:117 000008c0         AppCallbacks| ThreadQueue blocked for 4294967295 seconds...
I/Process (   78): Sending signal. PID: 2219 SIG: 3
I/dalvikvm( 2219): threadid=3: reacting to signal 3
I/dalvikvm( 2219): Wrote stack traces to '/data/anr/traces.txt'
V/PhoneStatusBar(  134): setLightsOn(true)
W/InputManagerService(   78): Starting input on non-focused client com.android.internal.view.IInputMethodClient$Stub$Proxy@41384060 (uid=10009 pid=179)
W/NetworkManagementSocketTagger(   78): setKernelCountSet(10009, 0) failed with errno -2
I/APP     ( 2219): I 02/15/2013 17:22:31:058 000008c2           HttpServer| Process URI: '/app/Request/request'
I/APP     ( 2219): I 02/15/2013 17:22:31:062 000008c2                  APP| RHO serve: /app/Request/request
I/APP     ( 2219): I 02/15/2013 17:22:31:106 000008c2              RhoRuby| require_compiled: Request/request_controller
I/APP     ( 2219): I 02/15/2013 17:22:31:240 000008c2              RhoRuby| require_compiled: helpers/browser_helper
I/APP     ( 2219): I 02/15/2013 17:22:31:276 000008c2              RhoRuby| require_compiled: time
I/APP     ( 2219): I 02/15/2013 17:22:31:501 000008c2              RhoRuby| require_compiled: date/format
I/APP     ( 2219): I 02/15/2013 17:22:31:853 000008c2              RhoRuby| require_compiled: date
I/APP     ( 2219): I 02/15/2013 17:22:31:902 000008c2              RhoRuby| require_compiled: dateOrig
D/dalvikvm( 2219): GC_CONCURRENT freed 899K, 8% free 12508K/13575K, paused 13ms+5ms
D/webviewglue( 2219): nativeDestroy view: 0x28ae50
I/APP     ( 2219): E 02/15/2013 17:22:32:237 000008c2               RubyVM| lib/date.rb:14: warning: already initialized constant MONTHNAMES
I/APP     ( 2219): E 02/15/2013 17:22:32:239 000008c2               RubyVM| lib/date.rb:15: warning: already initialized constant ABBR_MONTHNAMES
I/APP     ( 2219): E 02/15/2013 17:22:32:270 000008c2               RubyVM| lib/date.rb:16: warning: already initialized constant DAYNAMES
I/APP     ( 2219): E 02/15/2013 17:22:32:273 000008c2               RubyVM| lib/date.rb:17: warning: already initialized constant ABBR_DAYNAMES
I/APP     ( 2219): I 02/15/2013 17:22:32:301 000008c2              RhoRuby| require_compiled: json
I/APP     ( 2219): I 02/15/2013 17:22:32:325 000008c2              RhoRuby| require_compiled: json/common
I/APP     ( 2219): I 02/15/2013 17:22:32:376 000008c2              RhoRuby| require_compiled: json/version
I/APP     ( 2219): I 02/15/2013 17:22:32:407 000008c2              RhoRuby| require_compiled: json/pure
I/APP     ( 2219): I 02/15/2013 17:22:32:444 000008c2              RhoRuby| require_compiled: json/pure/generator
I/APP     ( 2219): I 02/15/2013 17:22:32:567 000008c2           HttpServer| GC Start.
I/APP     ( 2219): I 02/15/2013 17:22:32:647 000008c2           HttpServer| GC End.
I/APP     ( 2219): I 02/15/2013 17:22:32:932 000008c2           HttpServer| Process URI: '/public/images/macotec/forklifter_full.png'
I/APP     ( 2219): I 02/15/2013 17:22:32:987 000008c2           HttpServer| Process URI: '/public/images/macotec/request_contract.png'
I/APP     ( 2219): I 02/15/2013 17:22:33:104 000008c2           HttpServer| Process URI: '/public/jqmobile/images/icons-36-white.png'
E/libEGL  ( 2219): call to OpenGL ES API with no current context (logged once per thread)
D/ShaderProgram( 2219): couldn't load the vertex shader!
E/libEGL  ( 2219): call to OpenGL ES API with no current context (logged once per thread)
D/ShaderProgram( 2219): couldn't load the vertex shader!
E/libEGL  ( 2219): call to OpenGL ES API with no current context (logged once per thread)
D/ShaderProgram( 2219): couldn't load the vertex shader!
