I/APP     ( 2363): I 02/06/2013 12:28:52:204 00000953           HttpServer| Process URI: '/app/Request/request'
I/APP     ( 2363): I 02/06/2013 12:28:52:206 00000953                  APP| RHO serve: /app/Request/request
I/APP     ( 2363): I 02/06/2013 12:28:52:300 00000953           HttpServer| GC Start.
I/APP     ( 2363): I 02/06/2013 12:28:52:350 00000953           HttpServer| GC End.
I/APP     ( 2363): I 02/06/2013 12:28:55:566 00000953           HttpServer| Process URI: '/app/Request/popup'
I/APP     ( 2363): I 02/06/2013 12:28:55:568 00000953                  APP| RHO serve: /app/Request/popup
I/APP     ( 2363): I 02/06/2013 12:28:55:603 00000953                  APP| Params: {"flag"=>"1", "title"=>"Mietbeginn", "field_key"=>"date"}
I/ActivityManager(   78): START {cmp=com.rhomobile.macotec/com.rhomobile.rhodes.datetime.DateTimePickerScreen (has extras)} from pid 2363
W/WindowManager(   78): Failure taking screenshot for (180x273) to layer 21010
I/APP     ( 2363): I 02/06/2013 12:28:55:709 00000953           HttpServer| GC Start.
I/APP     ( 2363): I 02/06/2013 12:28:55:782 00000953           HttpServer| GC End.
I/APP     ( 2363): I 02/06/2013 12:28:55:974 0000093b       SimpleMainView| Cleared URL: javascript:setFieldValue("date","2013-02-06");
I/APP     ( 2363): I 02/06/2013 12:28:56:024 0000093b AndroidFunctionality| Pause WebView
I/APP     ( 2363): I 02/06/2013 12:28:56:027 0000093b       RhodesActivity| onPause
I/APP     ( 2363): I 02/06/2013 12:28:56:064 0000093b    RhodesApplication| New UiState: MainActivityPaused
I/APP     ( 2363): I 02/06/2013 12:28:56:183 0000093b       DateTimePicker| onCreate
D/dalvikvm( 2363): GC_CONCURRENT freed 474K, 5% free 13147K/13703K, paused 4ms+12ms
I/Process (   78): Sending signal. PID: 2363 SIG: 3
I/dalvikvm( 2363): threadid=3: reacting to signal 3
I/dalvikvm( 2363): Wrote stack traces to '/data/anr/traces.txt'
I/Process (   78): Sending signal. PID: 2363 SIG: 3
I/dalvikvm( 2363): threadid=3: reacting to signal 3
D/RhodesService( 2363): +++ onStartCommand
I/RhodesService( 2363): handleCommand: startId=4, source=com.rhomobile.rhodes.BaseActivity
D/RhodesService( 2363): New activity was created
I/dalvikvm( 2363): Wrote stack traces to '/data/anr/traces.txt'
V/PhoneStatusBar(  136): setLightsOn(true)
I/ActivityManager(   78): Displayed com.rhomobile.macotec/com.rhomobile.rhodes.datetime.DateTimePickerScreen: +1s421ms
I/APP     ( 2363): I 02/06/2013 12:28:57:714 0000093b       RhodesActivity| onStop
I/APP     ( 2363): I 02/06/2013 12:29:02:955 0000093b       DateTimePicker| Return result: 1402309680
I/APP     ( 2363): I 02/06/2013 12:29:02:983 00000953           HttpServer| Process URI: '/app/Request/callback'
I/APP     ( 2363): I 02/06/2013 12:29:02:985 00000953                  APP| RHO serve: /app/Request/callback
I/APP     ( 2363): I 02/06/2013 12:29:03:012 00000953                  APP| Params: {"status"=>"ok", "result"=>"1402309680", "opaque"=>"\x04\b{\a:\tflag\"\x061:\x0Efield_key\"\tdate", "rho_callback"=>"1"}
I/APP     ( 2363): I 02/06/2013 12:29:03:018 00000953           HttpServer| GC Start.
W/WindowManager(   78): Failure taking screenshot for (180x273) to layer 21015
I/APP     ( 2363): I 02/06/2013 12:29:03:101 00000953           HttpServer| GC End.
I/APP     ( 2363): I 02/06/2013 12:29:03:178 0000093b       SimpleMainView| Cleared URL: javascript:setFieldValue("date","09. June 2014");
I/APP     ( 2363): I 02/06/2013 12:29:03:329 0000093b       RhodesActivity| onStart
I/APP     ( 2363): I 02/06/2013 12:29:03:363 0000093b    RhodesApplication| New UiState: MainActivityStarted
I/APP     ( 2363): I 02/06/2013 12:29:03:366 0000093b       RhodesActivity| onResume
I/APP     ( 2363): I 02/06/2013 12:29:03:405 0000093b AndroidFunctionality| Resume WebView
V/PhoneStatusBar(  136): setLightsOn(true)
I/Process (   78): Sending signal. PID: 2363 SIG: 3
I/dalvikvm( 2363): threadid=3: reacting to signal 3
I/dalvikvm( 2363): Wrote stack traces to '/data/anr/traces.txt'
I/APP     ( 2363): I 02/06/2013 12:29:12:821 00000953           HttpServer| Process URI: '/app/Request/callback_alert'
I/APP     ( 2363): I 02/06/2013 12:29:12:823 00000953                  APP| RHO serve: /app/Request/callback_alert
I/APP     ( 2363): I 02/06/2013 12:29:12:826 00000953                  APP| Params: {"rho_callback"=>"1"}
I/ActivityManager(   78): START {cmp=com.rhomobile.macotec/com.rhomobile.rhodes.alert.PopupActivity (has extras)} from pid 2363
W/WindowManager(   78): Failure taking screenshot for (180x273) to layer 21010
I/APP     ( 2363): I 02/06/2013 12:29:12:908 0000093b AndroidFunctionality| Pause WebView
I/APP     ( 2363): I 02/06/2013 12:29:12:911 0000093b       RhodesActivity| onPause
I/APP     ( 2363): I 02/06/2013 12:29:12:943 00000953           HttpServer| GC Start.
I/APP     ( 2363): I 02/06/2013 12:29:13:022 00000953           HttpServer| GC End.
I/APP     ( 2363): I 02/06/2013 12:29:13:025 00000953           HttpServer| Process URI: '/system/uidestroyed'
I/APP     ( 2363): I 02/06/2013 12:29:13:051 0000093b    RhodesApplication| New UiState: MainActivityPaused
V/PhoneStatusBar(  136): setLightsOn(true)
D/InputEventConsistencyVerifier( 2363): KeyEvent: ACTION_UP but key was not down.
D/InputEventConsistencyVerifier( 2363):   in Handler (android.view.ViewRootImpl) {416f3c58}
D/InputEventConsistencyVerifier( 2363):   0: sent at 9053448000000, KeyEvent { action=ACTION_UP, keyCode=KEYCODE_BACK, scanCode=0, metaState=0, flags=0x48, repeatCount=0, eventTime=9053448, downTime=9053271, deviceId=-1, source=0x101 }
D/RhodesService( 2363): +++ onStartCommand
I/RhodesService( 2363): handleCommand: startId=5, source=com.rhomobile.rhodes.BaseActivity
D/RhodesService( 2363): New activity was created
I/Process (   78): Sending signal. PID: 2363 SIG: 3
I/dalvikvm( 2363): threadid=3: reacting to signal 3
I/dalvikvm( 2363): Wrote stack traces to '/data/anr/traces.txt'
I/Process (   78): Sending signal. PID: 2363 SIG: 3
I/dalvikvm( 2363): threadid=3: reacting to signal 3
I/dalvikvm( 2363): Wrote stack traces to '/data/anr/traces.txt'
I/ActivityManager(   78): Displayed com.rhomobile.macotec/com.rhomobile.rhodes.alert.PopupActivity: +1s204ms
I/APP     ( 2363): I 02/06/2013 12:29:15:086 00000953           HttpServer| Process URI: '/app/Request/popup_callback'
I/APP     ( 2363): I 02/06/2013 12:29:15:088 00000953                  APP| RHO serve: /app/Request/popup_callback
I/APP     ( 2363): I 02/06/2013 12:29:15:091 00000953                  APP| Params: {"button_id"=>"Ok", "button_title"=>"Ok", "rho_callback"=>"1"}
I/APP     ( 2363): I 02/06/2013 12:29:15:125 00000953                  APP| popup_callback: id: 'Ok', title: 'Ok'
I/APP     ( 2363): I 02/06/2013 12:29:15:148 00000953           HttpServer| GC Start.
I/APP     ( 2363): I 02/06/2013 12:29:15:184 0000093b       SimpleMainView| Cleared URL: http://localhost:8080/app
I/APP     ( 2363): I 02/06/2013 12:29:15:296 00000953           HttpServer| GC End.
W/WindowManager(   78): Failure taking screenshot for (180x273) to layer 21020
I/APP     ( 2363): I 02/06/2013 12:29:15:337 0000093b     RhoWebViewClient| Loading URL: http://localhost:8080/app/index_erb.iseq
V/PhoneStatusBar(  136): setLightsOn(true)
I/APP     ( 2363): I 02/06/2013 12:29:15:586 00000953           HttpServer| Process URI: '/app/index_erb.iseq'
I/APP     ( 2363): I 02/06/2013 12:29:15:589 00000953                  APP| RHO serve_index: /app/index_erb.iseq
I/APP     ( 2363): I 02/06/2013 12:29:15:590 00000953 RHO Rho::RhoController| inst_render_index
I/APP     ( 2363): I 02/06/2013 12:29:15:756 00000953 RHO Rho::RhoController| index layout
I/APP     ( 2363): I 02/06/2013 12:29:15:788 0000093b       RhodesActivity| onResume
I/APP     ( 2363): I 02/06/2013 12:29:15:811 0000093b AndroidFunctionality| Resume WebView
I/Process (   78): Sending signal. PID: 2363 SIG: 3
I/dalvikvm( 2363): threadid=3: reacting to signal 3
I/dalvikvm( 2363): Wrote stack traces to '/data/anr/traces.txt'
I/APP     ( 2363): I 02/06/2013 12:29:16:176 00000953           HttpServer| GC Start.
I/APP     ( 2363): I 02/06/2013 12:29:16:234 00000953           HttpServer| GC End.
I/APP     ( 2363): I 02/06/2013 12:29:19:332 00000953           HttpServer| Process URI: '/app/Request/request'
I/APP     ( 2363): I 02/06/2013 12:29:19:334 00000953                  APP| RHO serve: /app/Request/request
I/APP     ( 2363): I 02/06/2013 12:29:19:435 00000953           HttpServer| GC Start.
I/APP     ( 2363): I 02/06/2013 12:29:19:489 00000953           HttpServer| GC End.
W/ThrottleService(   78): unable to find stats for iface rmnet0
D/dalvikvm(  181): GC_CONCURRENT freed 384K, 6% free 9533K/10119K, paused 5ms+4ms
