F/NetworkStats(  154): 	at java.io.FileInputStream.<init>(FileInputStream.java:78)
F/NetworkStats(  154): 	at com.android.internal.net.NetworkStatsFactory.readNetworkStatsDetail(NetworkStatsFactory.java:269)
F/NetworkStats(  154): 	... 9 more
F/NetworkStats(  154): Caused by: libcore.io.ErrnoException: open failed: ENOENT (No such file or directory)
F/NetworkStats(  154): 	at libcore.io.Posix.open(Native Method)
F/NetworkStats(  154): 	at libcore.io.BlockGuardOs.open(BlockGuardOs.java:110)
F/NetworkStats(  154): 	at libcore.io.IoBridge.open(IoBridge.java:390)
F/NetworkStats(  154): 	... 11 more
D/dalvikvm(  154): GC_CONCURRENT freed 557K, 9% free 11487K/12615K, paused 5ms+28ms
D/CAT     (  745): CatService: SIM ready. Reporting STK service running now...
D/MccTable(  745): updateMccMncConfiguration: mcc=310, mnc=260
D/MccTable(  745): locale set to en_us
D/MccTable(  745): WIFI_COUNTRY_CODE set to us
I/WifiService(  154): WifiService trying to set country code to us with persist set to true
F/NetworkStats(  154): problem reading network stats
F/NetworkStats(  154): java.lang.IllegalStateException: problem parsing idx 1
F/NetworkStats(  154): 	at com.android.internal.net.NetworkStatsFactory.readNetworkStatsDetail(NetworkStatsFactory.java:300)
F/NetworkStats(  154): 	at com.android.server.NetworkManagementService.getNetworkStatsUidDetail(NetworkManagementService.java:1282)
F/NetworkStats(  154): 	at com.android.server.net.NetworkStatsService.performPollLocked(NetworkStatsService.java:831)
F/NetworkStats(  154): 	at com.android.server.net.NetworkStatsService.updateIfacesLocked(NetworkStatsService.java:743)
F/NetworkStats(  154): 	at com.android.server.net.NetworkStatsService.updateIfaces(NetworkStatsService.java:721)
F/NetworkStats(  154): 	at com.android.server.net.NetworkStatsService.access$000(NetworkStatsService.java:128)
F/NetworkStats(  154): 	at com.android.server.net.NetworkStatsService$8.handleMessage(NetworkStatsService.java:1633)
F/NetworkStats(  154): 	at android.os.Handler.dispatchMessage(Handler.java:95)
F/NetworkStats(  154): 	at android.os.Looper.loop(Looper.java:137)
F/NetworkStats(  154): 	at android.os.HandlerThread.run(HandlerThread.java:60)
F/NetworkStats(  154): Caused by: java.io.FileNotFoundException: /proc/net/xt_qtaguid/stats: open failed: ENOENT (No such file or directory)
F/NetworkStats(  154): 	at libcore.io.IoBridge.open(IoBridge.java:406)
F/NetworkStats(  154): 	at java.io.FileInputStream.<init>(FileInputStream.java:78)
F/NetworkStats(  154): 	at com.android.internal.net.NetworkStatsFactory.readNetworkStatsDetail(NetworkStatsFactory.java:269)
F/NetworkStats(  154): 	... 9 more
F/NetworkStats(  154): Caused by: libcore.io.ErrnoException: open failed: ENOENT (No such file or directory)
F/NetworkStats(  154): 	at libcore.io.Posix.open(Native Method)
F/NetworkStats(  154): 	at libcore.io.BlockGuardOs.open(BlockGuardOs.java:110)
F/NetworkStats(  154): 	at libcore.io.IoBridge.open(IoBridge.java:390)
F/NetworkStats(  154): 	... 11 more
D/dalvikvm(  745): GC_CONCURRENT freed 366K, 5% free 9585K/10055K, paused 7ms+5ms
I/SqliteDatabaseCpp(  745): sqlite returned: error code = 1, msg = duplicate column name: protocol, db=/data/data/com.android.providers.telephony/databases/telephony.db
E/SQLiteOpenHelper(  745): Couldn't open telephony.db for writing (will try read-only):
E/SQLiteOpenHelper(  745): android.database.sqlite.SQLiteException: duplicate column name: protocol: , while compiling: ALTER TABLE carriers ADD COLUMN protocol TEXT DEFAULT IP;
E/SQLiteOpenHelper(  745): 	at android.database.sqlite.SQLiteCompiledSql.native_compile(Native Method)
E/SQLiteOpenHelper(  745): 	at android.database.sqlite.SQLiteCompiledSql.<init>(SQLiteCompiledSql.java:68)
E/SQLiteOpenHelper(  745): 	at android.database.sqlite.SQLiteProgram.compileSql(SQLiteProgram.java:134)
E/SQLiteOpenHelper(  745): 	at android.database.sqlite.SQLiteProgram.compileAndbindAllArgs(SQLiteProgram.java:361)
E/SQLiteOpenHelper(  745): 	at android.database.sqlite.SQLiteStatement.acquireAndLock(SQLiteStatement.java:260)
E/SQLiteOpenHelper(  745): 	at android.database.sqlite.SQLiteStatement.executeUpdateDelete(SQLiteStatement.java:84)
E/SQLiteOpenHelper(  745): 	at android.database.sqlite.SQLiteDatabase.executeSql(SQLiteDatabase.java:1899)
E/SQLiteOpenHelper(  745): 	at android.database.sqlite.SQLiteDatabase.execSQL(SQLiteDatabase.java:1839)
E/SQLiteOpenHelper(  745): 	at com.android.providers.telephony.TelephonyProvider$DatabaseHelper.onUpgrade(TelephonyProvider.java:219)
E/SQLiteOpenHelper(  745): 	at android.database.sqlite.SQLiteOpenHelper.getWritableDatabase(SQLiteOpenHelper.java:170)
E/SQLiteOpenHelper(  745): 	at android.database.sqlite.SQLiteOpenHelper.getReadableDatabase(SQLiteOpenHelper.java:231)
E/SQLiteOpenHelper(  745): 	at com.android.providers.telephony.TelephonyProvider.query(TelephonyProvider.java:460)
E/SQLiteOpenHelper(  745): 	at android.content.ContentProvider$Transport.query(ContentProvider.java:178)
E/SQLiteOpenHelper(  745): 	at android.content.ContentResolver.query(ContentResolver.java:311)
E/SQLiteOpenHelper(  745): 	at com.android.internal.telephony.gsm.GsmDataConnectionTracker.createAllApnList(GsmDataConnectionTracker.java:2202)
E/SQLiteOpenHelper(  745): 	at com.android.internal.telephony.gsm.GsmDataConnectionTracker.onRecordsLoaded(GsmDataConnectionTracker.java:1724)
E/SQLiteOpenHelper(  745): 	at com.android.internal.telephony.gsm.GsmDataConnectionTracker.handleMessage(GsmDataConnectionTracker.java:2429)
E/SQLiteOpenHelper(  745): 	at android.os.Handler.dispatchMessage(Handler.java:99)
E/SQLiteOpenHelper(  745): 	at android.os.Looper.loop(Looper.java:137)
E/SQLiteOpenHelper(  745): 	at android.app.ActivityThread.main(ActivityThread.java:4424)
E/SQLiteOpenHelper(  745): 	at java.lang.reflect.Method.invokeNative(Native Method)
E/SQLiteOpenHelper(  745): 	at java.lang.reflect.Method.invoke(Method.java:511)
E/SQLiteOpenHelper(  745): 	at com.android.internal.os.ZygoteInit$MethodAndArgsCaller.run(ZygoteInit.java:784)
E/SQLiteOpenHelper(  745): 	at com.android.internal.os.ZygoteInit.main(ZygoteInit.java:551)
E/SQLiteOpenHelper(  745): 	at dalvik.system.NativeStart.main(Native Method)
D/AndroidRuntime(  745): Shutting down VM
W/dalvikvm(  745): threadid=1: thread exiting with uncaught exception (group=0x409c01f8)
E/AndroidRuntime(  745): FATAL EXCEPTION: main
E/AndroidRuntime(  745): android.database.sqlite.SQLiteException: Can't upgrade read-only database from version 327686 to 458759: /data/data/com.android.providers.telephony/databases/telephony.db
E/AndroidRuntime(  745): 	at android.database.sqlite.SQLiteOpenHelper.getReadableDatabase(SQLiteOpenHelper.java:244)
E/AndroidRuntime(  745): 	at com.android.providers.telephony.TelephonyProvider.query(TelephonyProvider.java:460)
E/AndroidRuntime(  745): 	at android.content.ContentProvider$Transport.query(ContentProvider.java:178)
E/AndroidRuntime(  745): 	at android.content.ContentResolver.query(ContentResolver.java:311)
E/AndroidRuntime(  745): 	at com.android.internal.telephony.gsm.GsmDataConnectionTracker.createAllApnList(GsmDataConnectionTracker.java:2202)
E/AndroidRuntime(  745): 	at com.android.internal.telephony.gsm.GsmDataConnectionTracker.onRecordsLoaded(GsmDataConnectionTracker.java:1724)
E/AndroidRuntime(  745): 	at com.android.internal.telephony.gsm.GsmDataConnectionTracker.handleMessage(GsmDataConnectionTracker.java:2429)
E/AndroidRuntime(  745): 	at android.os.Handler.dispatchMessage(Handler.java:99)
E/AndroidRuntime(  745): 	at android.os.Looper.loop(Looper.java:137)
E/AndroidRuntime(  745): 	at android.app.ActivityThread.main(ActivityThread.java:4424)
E/AndroidRuntime(  745): 	at java.lang.reflect.Method.invokeNative(Native Method)
E/AndroidRuntime(  745): 	at java.lang.reflect.Method.invoke(Method.java:511)
E/AndroidRuntime(  745): 	at com.android.internal.os.ZygoteInit$MethodAndArgsCaller.run(ZygoteInit.java:784)
E/AndroidRuntime(  745): 	at com.android.internal.os.ZygoteInit.main(ZygoteInit.java:551)
E/AndroidRuntime(  745): 	at dalvik.system.NativeStart.main(Native Method)
W/ActivityManager(  154): Process com.android.phone has crashed too many times: killing!
I/Process (  745): Sending signal. PID: 745 SIG: 9
I/ServiceManager(   30): service 'isms' died
I/ServiceManager(   30): service 'iphonesubinfo' died
I/ServiceManager(   30): service 'simphonebook' died
I/ServiceManager(   30): service 'phone' died
I/ActivityManager(  154): Process com.android.phone (pid 745) has died.
I/ActivityManager(  154): Start proc com.android.phone for restart com.android.phone: pid=771 uid=1001 gids={3002, 3001, 3003, 1015}
V/PhoneStatusBar(  239): setLightsOn(true)
W/InputManagerService(  154): Window already focused, ignoring focus gain of: com.android.internal.view.IInputMethodClient$Stub$Proxy@4141f498
I/ActivityThread(  771): Pub mms: com.android.providers.telephony.MmsProvider
I/ActivityThread(  771): Pub sms: com.android.providers.telephony.SmsProvider
I/ActivityThread(  771): Pub telephony: com.android.providers.telephony.TelephonyProvider
W/TelephonyProvider(  771): onCreate: confFile=/system/etc/apns-conf.xml oldCheckSum=-1
I/ActivityThread(  771): Pub icc: com.android.phone.IccProvider
I/ActivityThread(  771): Pub mms-sms: com.android.providers.telephony.MmsSmsProvider
W/ActivityManager(  154): Unable to start service Intent { act=com.android.internal.telephony.IWapPushManager }: not found
D/dalvikvm(  771): GC_CONCURRENT freed 273K, 4% free 9300K/9671K, paused 6ms+28ms
D/        (  771): [ApnContext] set reason as dataEnabled, for type default,current state IDLE
D/        (  771): [ApnContext] set reason as dataEnabled, for type mms,current state IDLE
D/        (  771): [ApnContext] set reason as dataEnabled, for type supl,current state IDLE
D/        (  771): [ApnContext] set reason as dataEnabled, for type hipri,current state IDLE
D/        (  771): [ApnContext] set reason as dataEnabled, for type fota,current state IDLE
D/        (  771): [ApnContext] set reason as dataEnabled, for type ims,current state IDLE
D/        (  771): [ApnContext] set reason as dataEnabled, for type cbs,current state IDLE
D/CAT     (  771): CatService: Running CAT service. STK app installed:false
D/CAT     (  771): CatService: NEW sInstance
D/CallManager(  771): registerPhone(GSM Handler (com.android.internal.telephony.PhoneProxy) {4130e248})
W/ActivityManager(  154): Unable to start service Intent { act=com.android.ussd.IExtendedNetworkService }: not found
D/dalvikvm(  771): GC_CONCURRENT freed 359K, 5% free 9404K/9863K, paused 3ms+4ms
D/dalvikvm(  154): GC_CONCURRENT freed 579K, 9% free 11510K/12615K, paused 4ms+43ms
I/APP     (  674): I 02/14/2013 14:04:38:503 000002b9           HttpServer| Process URI: '/app/Request/request_rental'
I/APP     (  674): I 02/14/2013 14:04:38:505 000002b9                  APP| RHO serve: /app/Request/request_rental
I/APP     (  674): I 02/14/2013 14:04:38:515 000002b9                  APP| const_missing: Product
I/APP     (  674): I 02/14/2013 14:04:38:516 000002b9                  APP| load_model: Product
I/APP     (  674): I 02/14/2013 14:04:38:528 000002b9              RhoRuby| require_compiled: Product/product
I/APP     (  674): I 02/14/2013 14:04:38:678 000002b9                  APP| model name: Product
I/APP     (  674): I 02/14/2013 14:04:38:679 000002b9                  APP| model class found
I/APP     (  674): I 02/14/2013 14:04:38:698 000002b9                  APP| Product : {"property"=>{}}
I/APP     (  674): I 02/14/2013 14:04:38:701 000002b9                   DB| Open DB: /data/data/com.rhomobile.macotec/rhodata/db/syncdblocal.sqlite
I/APP     (  674): I 02/14/2013 14:04:38:758 000002b9                  APP| init_db_sources
D/dalvikvm(  154): GC_EXPLICIT freed 54K, 10% free 11456K/12615K, paused 4ms+42ms
F/NetworkStats(  154): problem reading network stats
F/NetworkStats(  154): java.lang.IllegalStateException: problem parsing idx 1
F/NetworkStats(  154): 	at com.android.internal.net.NetworkStatsFactory.readNetworkStatsDetail(NetworkStatsFactory.java:300)
F/NetworkStats(  154): 	at com.android.server.NetworkManagementService.getNetworkStatsUidDetail(NetworkManagementService.java:1282)
F/NetworkStats(  154): 	at com.android.server.net.NetworkStatsService.performPollLocked(NetworkStatsService.java:831)
F/NetworkStats(  154): 	at com.android.server.net.NetworkStatsService.updateIfacesLocked(NetworkStatsService.java:743)
F/NetworkStats(  154): 	at com.android.server.net.NetworkStatsService.updateIfaces(NetworkStatsService.java:721)
F/NetworkStats(  154): 	at com.android.server.net.NetworkStatsService.access$000(NetworkStatsService.java:128)
F/NetworkStats(  154): 	at com.android.server.net.NetworkStatsService$8.handleMessage(NetworkStatsService.java:1633)
F/NetworkStats(  154): 	at android.os.Handler.dispatchMessage(Handler.java:95)
F/NetworkStats(  154): 	at android.os.Looper.loop(Looper.java:137)
F/NetworkStats(  154): 	at android.os.HandlerThread.run(HandlerThread.java:60)
F/NetworkStats(  154): Caused by: java.io.FileNotFoundException: /proc/net/xt_qtaguid/stats: open failed: ENOENT (No such file or directory)
F/NetworkStats(  154): 	at libcore.io.IoBridge.open(IoBridge.java:406)
F/NetworkStats(  154): 	at java.io.FileInputStream.<init>(FileInputStream.java:78)
F/NetworkStats(  154): 	at com.android.internal.net.NetworkStatsFactory.readNetworkStatsDetail(NetworkStatsFactory.java:269)
F/NetworkStats(  154): 	... 9 more
F/NetworkStats(  154): Caused by: libcore.io.ErrnoException: open failed: ENOENT (No such file or directory)
F/NetworkStats(  154): 	at libcore.io.Posix.open(Native Method)
F/NetworkStats(  154): 	at libcore.io.BlockGuardOs.open(BlockGuardOs.java:110)
F/NetworkStats(  154): 	at libcore.io.IoBridge.open(IoBridge.java:390)
F/NetworkStats(  154): 	... 11 more
I/APP     (  674): I 02/14/2013 14:04:39:039 000002b9                  APP| start_id: 40005
I/APP     (  674): I 02/14/2013 14:04:39:040 000002b9                  APP| Migrate schema sources: {}
I/APP     (  674): I 02/14/2013 14:04:39:102 000002b9                  APP| const_missing: Settings
I/APP     (  674): I 02/14/2013 14:04:39:134 000002b9                  APP| load_model: Settings
I/APP     (  674): I 02/14/2013 14:04:39:139 000002b9              RhoRuby| require_compiled: Settings/settings
I/APP     (  674): I 02/14/2013 14:04:39:240 000002b9                  APP| model name: Settings
I/APP     (  674): I 02/14/2013 14:04:39:241 000002b9                  APP| model class found
D/CAT     (  771): CatService: SIM ready. Reporting STK service running now...
I/APP     (  674): I 02/14/2013 14:04:39:246 000002b9                  APP| Settings : {"schema"=>{"property"=>{"company"=>[:string, nil], "phone"=>[:string, nil], "email"=>[:string, nil]}}}
I/APP     (  674): I 02/14/2013 14:04:39:293 000002b9                  APP| init_db_sources
I/APP     (  674): I 02/14/2013 14:04:39:295 000002b9                  APP| start_id: 40005
I/APP     (  674): I 02/14/2013 14:04:39:299 000002b9                  APP| Migrate schema sources: {}
I/APP     (  674): I 02/14/2013 14:04:39:668 000002b9           HttpServer| GC Start.
I/APP     (  674): I 02/14/2013 14:04:39:756 000002b9           HttpServer| GC End.
D/MccTable(  771): updateMccMncConfiguration: mcc=310, mnc=260
D/MccTable(  771): locale set to en_us
D/MccTable(  771): WIFI_COUNTRY_CODE set to us
I/WifiService(  154): WifiService trying to set country code to us with persist set to true
F/NetworkStats(  154): problem reading network stats
F/NetworkStats(  154): java.lang.IllegalStateException: problem parsing idx 1
F/NetworkStats(  154): 	at com.android.internal.net.NetworkStatsFactory.readNetworkStatsDetail(NetworkStatsFactory.java:300)
F/NetworkStats(  154): 	at com.android.server.NetworkManagementService.getNetworkStatsUidDetail(NetworkManagementService.java:1282)
F/NetworkStats(  154): 	at com.android.server.net.NetworkStatsService.performPollLocked(NetworkStatsService.java:831)
F/NetworkStats(  154): 	at com.android.server.net.NetworkStatsService.updateIfacesLocked(NetworkStatsService.java:743)
F/NetworkStats(  154): 	at com.android.server.net.NetworkStatsService.updateIfaces(NetworkStatsService.java:721)
F/NetworkStats(  154): 	at com.android.server.net.NetworkStatsService.access$000(NetworkStatsService.java:128)
F/NetworkStats(  154): 	at com.android.server.net.NetworkStatsService$8.handleMessage(NetworkStatsService.java:1633)
F/NetworkStats(  154): 	at android.os.Handler.dispatchMessage(Handler.java:95)
F/NetworkStats(  154): 	at android.os.Looper.loop(Looper.java:137)
F/NetworkStats(  154): 	at android.os.HandlerThread.run(HandlerThread.java:60)
F/NetworkStats(  154): Caused by: java.io.FileNotFoundException: /proc/net/xt_qtaguid/stats: open failed: ENOENT (No such file or directory)
F/NetworkStats(  154): 	at libcore.io.IoBridge.open(IoBridge.java:406)
F/NetworkStats(  154): 	at java.io.FileInputStream.<init>(FileInputStream.java:78)
F/NetworkStats(  154): 	at com.android.internal.net.NetworkStatsFactory.readNetworkStatsDetail(NetworkStatsFactory.java:269)
F/NetworkStats(  154): 	... 9 more
F/NetworkStats(  154): Caused by: libcore.io.ErrnoException: open failed: ENOENT (No such file or directory)
F/NetworkStats(  154): 	at libcore.io.Posix.open(Native Method)
F/NetworkStats(  154): 	at libcore.io.BlockGuardOs.open(BlockGuardOs.java:110)
F/NetworkStats(  154): 	at libcore.io.IoBridge.open(IoBridge.java:390)
F/NetworkStats(  154): 	... 11 more
D/dalvikvm(  771): GC_CONCURRENT freed 373K, 5% free 9570K/10055K, paused 4ms+4ms
I/SqliteDatabaseCpp(  771): sqlite returned: error code = 1, msg = duplicate column name: protocol, db=/data/data/com.android.providers.telephony/databases/telephony.db
E/SQLiteOpenHelper(  771): Couldn't open telephony.db for writing (will try read-only):
E/SQLiteOpenHelper(  771): android.database.sqlite.SQLiteException: duplicate column name: protocol: , while compiling: ALTER TABLE carriers ADD COLUMN protocol TEXT DEFAULT IP;
E/SQLiteOpenHelper(  771): 	at android.database.sqlite.SQLiteCompiledSql.native_compile(Native Method)
E/SQLiteOpenHelper(  771): 	at android.database.sqlite.SQLiteCompiledSql.<init>(SQLiteCompiledSql.java:68)
E/SQLiteOpenHelper(  771): 	at android.database.sqlite.SQLiteProgram.compileSql(SQLiteProgram.java:134)
E/SQLiteOpenHelper(  771): 	at android.database.sqlite.SQLiteProgram.compileAndbindAllArgs(SQLiteProgram.java:361)
E/SQLiteOpenHelper(  771): 	at android.database.sqlite.SQLiteStatement.acquireAndLock(SQLiteStatement.java:260)
E/SQLiteOpenHelper(  771): 	at android.database.sqlite.SQLiteStatement.executeUpdateDelete(SQLiteStatement.java:84)
E/SQLiteOpenHelper(  771): 	at android.database.sqlite.SQLiteDatabase.executeSql(SQLiteDatabase.java:1899)
E/SQLiteOpenHelper(  771): 	at android.database.sqlite.SQLiteDatabase.execSQL(SQLiteDatabase.java:1839)
E/SQLiteOpenHelper(  771): 	at com.android.providers.telephony.TelephonyProvider$DatabaseHelper.onUpgrade(TelephonyProvider.java:219)
E/SQLiteOpenHelper(  771): 	at android.database.sqlite.SQLiteOpenHelper.getWritableDatabase(SQLiteOpenHelper.java:170)
E/SQLiteOpenHelper(  771): 	at android.database.sqlite.SQLiteOpenHelper.getReadableDatabase(SQLiteOpenHelper.java:231)
E/SQLiteOpenHelper(  771): 	at com.android.providers.telephony.TelephonyProvider.query(TelephonyProvider.java:460)
E/SQLiteOpenHelper(  771): 	at android.content.ContentProvider$Transport.query(ContentProvider.java:178)
E/SQLiteOpenHelper(  771): 	at android.content.ContentResolver.query(ContentResolver.java:311)
E/SQLiteOpenHelper(  771): 	at com.android.internal.telephony.gsm.GsmDataConnectionTracker.createAllApnList(GsmDataConnectionTracker.java:2202)
E/SQLiteOpenHelper(  771): 	at com.android.internal.telephony.gsm.GsmDataConnectionTracker.onRecordsLoaded(GsmDataConnectionTracker.java:1724)
E/SQLiteOpenHelper(  771): 	at com.android.internal.telephony.gsm.GsmDataConnectionTracker.handleMessage(GsmDataConnectionTracker.java:2429)
E/SQLiteOpenHelper(  771): 	at android.os.Handler.dispatchMessage(Handler.java:99)
E/SQLiteOpenHelper(  771): 	at android.os.Looper.loop(Looper.java:137)
E/SQLiteOpenHelper(  771): 	at android.app.ActivityThread.main(ActivityThread.java:4424)
E/SQLiteOpenHelper(  771): 	at java.lang.reflect.Method.invokeNative(Native Method)
E/SQLiteOpenHelper(  771): 	at java.lang.reflect.Method.invoke(Method.java:511)
E/SQLiteOpenHelper(  771): 	at com.android.internal.os.ZygoteInit$MethodAndArgsCaller.run(ZygoteInit.java:784)
E/SQLiteOpenHelper(  771): 	at com.android.internal.os.ZygoteInit.main(ZygoteInit.java:551)
E/SQLiteOpenHelper(  771): 	at dalvik.system.NativeStart.main(Native Method)
D/AndroidRuntime(  771): Shutting down VM
W/dalvikvm(  771): threadid=1: thread exiting with uncaught exception (group=0x409c01f8)
E/AndroidRuntime(  771): FATAL EXCEPTION: main
E/AndroidRuntime(  771): android.database.sqlite.SQLiteException: Can't upgrade read-only database from version 327686 to 458759: /data/data/com.android.providers.telephony/databases/telephony.db
E/AndroidRuntime(  771): 	at android.database.sqlite.SQLiteOpenHelper.getReadableDatabase(SQLiteOpenHelper.java:244)
E/AndroidRuntime(  771): 	at com.android.providers.telephony.TelephonyProvider.query(TelephonyProvider.java:460)
E/AndroidRuntime(  771): 	at android.content.ContentProvider$Transport.query(ContentProvider.java:178)
E/AndroidRuntime(  771): 	at android.content.ContentResolver.query(ContentResolver.java:311)
E/AndroidRuntime(  771): 	at com.android.internal.telephony.gsm.GsmDataConnectionTracker.createAllApnList(GsmDataConnectionTracker.java:2202)
E/AndroidRuntime(  771): 	at com.android.internal.telephony.gsm.GsmDataConnectionTracker.onRecordsLoaded(GsmDataConnectionTracker.java:1724)
E/AndroidRuntime(  771): 	at com.android.internal.telephony.gsm.GsmDataConnectionTracker.handleMessage(GsmDataConnectionTracker.java:2429)
E/AndroidRuntime(  771): 	at android.os.Handler.dispatchMessage(Handler.java:99)
E/AndroidRuntime(  771): 	at android.os.Looper.loop(Looper.java:137)
E/AndroidRuntime(  771): 	at android.app.ActivityThread.main(ActivityThread.java:4424)
E/AndroidRuntime(  771): 	at java.lang.reflect.Method.invokeNative(Native Method)
E/AndroidRuntime(  771): 	at java.lang.reflect.Method.invoke(Method.java:511)
E/AndroidRuntime(  771): 	at com.android.internal.os.ZygoteInit$MethodAndArgsCaller.run(ZygoteInit.java:784)
E/AndroidRuntime(  771): 	at com.android.internal.os.ZygoteInit.main(ZygoteInit.java:551)
E/AndroidRuntime(  771): 	at dalvik.system.NativeStart.main(Native Method)
W/ActivityManager(  154): Process com.android.phone has crashed too many times: killing!
I/Process (  771): Sending signal. PID: 771 SIG: 9
I/ActivityManager(  154): Process com.android.phone (pid 771) has died.
I/ServiceManager(   30): service 'isms' died
I/ServiceManager(   30): service 'phone' died
I/ServiceManager(   30): service 'simphonebook' died
I/ServiceManager(   30): service 'iphonesubinfo' died
I/ActivityManager(  154): Start proc com.android.phone for restart com.android.phone: pid=795 uid=1001 gids={3002, 3001, 3003, 1015}
V/PhoneStatusBar(  239): setLightsOn(true)
W/InputManagerService(  154): Window already focused, ignoring focus gain of: com.android.internal.view.IInputMethodClient$Stub$Proxy@414b25d8
I/ActivityThread(  795): Pub mms: com.android.providers.telephony.MmsProvider
I/ActivityThread(  795): Pub sms: com.android.providers.telephony.SmsProvider
I/ActivityThread(  795): Pub telephony: com.android.providers.telephony.TelephonyProvider
W/TelephonyProvider(  795): onCreate: confFile=/system/etc/apns-conf.xml oldCheckSum=-1
I/ActivityThread(  795): Pub icc: com.android.phone.IccProvider
I/ActivityThread(  795): Pub mms-sms: com.android.providers.telephony.MmsSmsProvider
D/dalvikvm(  795): GC_CONCURRENT freed 306K, 5% free 9268K/9671K, paused 4ms+5ms
W/ActivityManager(  154): Unable to start service Intent { act=com.android.internal.telephony.IWapPushManager }: not found
D/        (  795): [ApnContext] set reason as dataEnabled, for type default,current state IDLE
D/        (  795): [ApnContext] set reason as dataEnabled, for type mms,current state IDLE
D/        (  795): [ApnContext] set reason as dataEnabled, for type supl,current state IDLE
D/        (  795): [ApnContext] set reason as dataEnabled, for type hipri,current state IDLE
D/        (  795): [ApnContext] set reason as dataEnabled, for type fota,current state IDLE
D/        (  795): [ApnContext] set reason as dataEnabled, for type ims,current state IDLE
D/        (  795): [ApnContext] set reason as dataEnabled, for type cbs,current state IDLE
D/CAT     (  795): CatService: Running CAT service. STK app installed:false
D/CAT     (  795): CatService: NEW sInstance
D/CallManager(  795): registerPhone(GSM Handler (com.android.internal.telephony.PhoneProxy) {41317240})
W/ActivityManager(  154): Unable to start service Intent { act=com.android.ussd.IExtendedNetworkService }: not found
D/dalvikvm(  795): GC_CONCURRENT freed 360K, 5% free 9399K/9863K, paused 4ms+5ms
D/dalvikvm(  154): GC_CONCURRENT freed 518K, 9% free 11539K/12615K, paused 5ms+35ms
F/NetworkStats(  154): problem reading network stats
F/NetworkStats(  154): java.lang.IllegalStateException: problem parsing idx 1
F/NetworkStats(  154): 	at com.android.internal.net.NetworkStatsFactory.readNetworkStatsDetail(NetworkStatsFactory.java:300)
F/NetworkStats(  154): 	at com.android.server.NetworkManagementService.getNetworkStatsUidDetail(NetworkManagementService.java:1282)
F/NetworkStats(  154): 	at com.android.server.net.NetworkStatsService.performPollLocked(NetworkStatsService.java:831)
F/NetworkStats(  154): 	at com.android.server.net.NetworkStatsService.updateIfacesLocked(NetworkStatsService.java:743)
F/NetworkStats(  154): 	at com.android.server.net.NetworkStatsService.updateIfaces(NetworkStatsService.java:721)
F/NetworkStats(  154): 	at com.android.server.net.NetworkStatsService.access$000(NetworkStatsService.java:128)
F/NetworkStats(  154): 	at com.android.server.net.NetworkStatsService$8.handleMessage(NetworkStatsService.java:1633)
F/NetworkStats(  154): 	at android.os.Handler.dispatchMessage(Handler.java:95)
F/NetworkStats(  154): 	at android.os.Looper.loop(Looper.java:137)
F/NetworkStats(  154): 	at android.os.HandlerThread.run(HandlerThread.java:60)
F/NetworkStats(  154): Caused by: java.io.FileNotFoundException: /proc/net/xt_qtaguid/stats: open failed: ENOENT (No such file or directory)
F/NetworkStats(  154): 	at libcore.io.IoBridge.open(IoBridge.java:406)
F/NetworkStats(  154): 	at java.io.FileInputStream.<init>(FileInputStream.java:78)
F/NetworkStats(  154): 	at com.android.internal.net.NetworkStatsFactory.readNetworkStatsDetail(NetworkStatsFactory.java:269)
F/NetworkStats(  154): 	... 9 more
F/NetworkStats(  154): Caused by: libcore.io.ErrnoException: open failed: ENOENT (No such file or directory)
F/NetworkStats(  154): 	at libcore.io.Posix.open(Native Method)
F/NetworkStats(  154): 	at libcore.io.BlockGuardOs.open(BlockGuardOs.java:110)
F/NetworkStats(  154): 	at libcore.io.IoBridge.open(IoBridge.java:390)
F/NetworkStats(  154): 	... 11 more
D/CAT     (  795): CatService: SIM ready. Reporting STK service running now...
D/MccTable(  795): updateMccMncConfiguration: mcc=310, mnc=260
D/MccTable(  795): locale set to en_us
D/MccTable(  795): WIFI_COUNTRY_CODE set to us
I/WifiService(  154): WifiService trying to set country code to us with persist set to true
D/dalvikvm(  795): GC_CONCURRENT freed 351K, 5% free 9572K/10055K, paused 4ms+6ms
I/SqliteDatabaseCpp(  795): sqlite returned: error code = 1, msg = duplicate column name: protocol, db=/data/data/com.android.providers.telephony/databases/telephony.db
E/SQLiteOpenHelper(  795): Couldn't open telephony.db for writing (will try read-only):
E/SQLiteOpenHelper(  795): android.database.sqlite.SQLiteException: duplicate column name: protocol: , while compiling: ALTER TABLE carriers ADD COLUMN protocol TEXT DEFAULT IP;
E/SQLiteOpenHelper(  795): 	at android.database.sqlite.SQLiteCompiledSql.native_compile(Native Method)
E/SQLiteOpenHelper(  795): 	at android.database.sqlite.SQLiteCompiledSql.<init>(SQLiteCompiledSql.java:68)
E/SQLiteOpenHelper(  795): 	at android.database.sqlite.SQLiteProgram.compileSql(SQLiteProgram.java:134)
E/SQLiteOpenHelper(  795): 	at android.database.sqlite.SQLiteProgram.compileAndbindAllArgs(SQLiteProgram.java:361)
E/SQLiteOpenHelper(  795): 	at android.database.sqlite.SQLiteStatement.acquireAndLock(SQLiteStatement.java:260)
E/SQLiteOpenHelper(  795): 	at android.database.sqlite.SQLiteStatement.executeUpdateDelete(SQLiteStatement.java:84)
E/SQLiteOpenHelper(  795): 	at android.database.sqlite.SQLiteDatabase.executeSql(SQLiteDatabase.java:1899)
E/SQLiteOpenHelper(  795): 	at android.database.sqlite.SQLiteDatabase.execSQL(SQLiteDatabase.java:1839)
E/SQLiteOpenHelper(  795): 	at com.android.providers.telephony.TelephonyProvider$DatabaseHelper.onUpgrade(TelephonyProvider.java:219)
E/SQLiteOpenHelper(  795): 	at android.database.sqlite.SQLiteOpenHelper.getWritableDatabase(SQLiteOpenHelper.java:170)
E/SQLiteOpenHelper(  795): 	at android.database.sqlite.SQLiteOpenHelper.getReadableDatabase(SQLiteOpenHelper.java:231)
E/SQLiteOpenHelper(  795): 	at com.android.providers.telephony.TelephonyProvider.query(TelephonyProvider.java:460)
E/SQLiteOpenHelper(  795): 	at android.content.ContentProvider$Transport.query(ContentProvider.java:178)
E/SQLiteOpenHelper(  795): 	at android.content.ContentResolver.query(ContentResolver.java:311)
E/SQLiteOpenHelper(  795): 	at com.android.internal.telephony.gsm.GsmDataConnectionTracker.createAllApnList(GsmDataConnectionTracker.java:2202)
E/SQLiteOpenHelper(  795): 	at com.android.internal.telephony.gsm.GsmDataConnectionTracker.onRecordsLoaded(GsmDataConnectionTracker.java:1724)
E/SQLiteOpenHelper(  795): 	at com.android.internal.telephony.gsm.GsmDataConnectionTracker.handleMessage(GsmDataConnectionTracker.java:2429)
E/SQLiteOpenHelper(  795): 	at android.os.Handler.dispatchMessage(Handler.java:99)
E/SQLiteOpenHelper(  795): 	at android.os.Looper.loop(Looper.java:137)
E/SQLiteOpenHelper(  795): 	at android.app.ActivityThread.main(ActivityThread.java:4424)
E/SQLiteOpenHelper(  795): 	at java.lang.reflect.Method.invokeNative(Native Method)
E/SQLiteOpenHelper(  795): 	at java.lang.reflect.Method.invoke(Method.java:511)
E/SQLiteOpenHelper(  795): 	at com.android.internal.os.ZygoteInit$MethodAndArgsCaller.run(ZygoteInit.java:784)
E/SQLiteOpenHelper(  795): 	at com.android.internal.os.ZygoteInit.main(ZygoteInit.java:551)
E/SQLiteOpenHelper(  795): 	at dalvik.system.NativeStart.main(Native Method)
F/NetworkStats(  154): problem reading network stats
F/NetworkStats(  154): java.lang.IllegalStateException: problem parsing idx 1
F/NetworkStats(  154): 	at com.android.internal.net.NetworkStatsFactory.readNetworkStatsDetail(NetworkStatsFactory.java:300)
F/NetworkStats(  154): 	at com.android.server.NetworkManagementService.getNetworkStatsUidDetail(NetworkManagementService.java:1282)
F/NetworkStats(  154): 	at com.android.server.net.NetworkStatsService.performPollLocked(NetworkStatsService.java:831)
F/NetworkStats(  154): 	at com.android.server.net.NetworkStatsService.updateIfacesLocked(NetworkStatsService.java:743)
F/NetworkStats(  154): 	at com.android.server.net.NetworkStatsService.updateIfaces(NetworkStatsService.java:721)
F/NetworkStats(  154): 	at com.android.server.net.NetworkStatsService.access$000(NetworkStatsService.java:128)
F/NetworkStats(  154): 	at com.android.server.net.NetworkStatsService$8.handleMessage(NetworkStatsService.java:1633)
F/NetworkStats(  154): 	at android.os.Handler.dispatchMessage(Handler.java:95)
F/NetworkStats(  154): 	at android.os.Looper.loop(Looper.java:137)
F/NetworkStats(  154): 	at android.os.HandlerThread.run(HandlerThread.java:60)
F/NetworkStats(  154): Caused by: java.io.FileNotFoundException: /proc/net/xt_qtaguid/stats: open failed: ENOENT (No such file or directory)
F/NetworkStats(  154): 	at libcore.io.IoBridge.open(IoBridge.java:406)
F/NetworkStats(  154): 	at java.io.FileInputStream.<init>(FileInputStream.java:78)
F/NetworkStats(  154): 	at com.android.internal.net.NetworkStatsFactory.readNetworkStatsDetail(NetworkStatsFactory.java:269)
F/NetworkStats(  154): 	... 9 more
F/NetworkStats(  154): Caused by: libcore.io.ErrnoException: open failed: ENOENT (No such file or directory)
F/NetworkStats(  154): 	at libcore.io.Posix.open(Native Method)
F/NetworkStats(  154): 	at libcore.io.BlockGuardOs.open(BlockGuardOs.java:110)
F/NetworkStats(  154): 	at libcore.io.IoBridge.open(IoBridge.java:390)
F/NetworkStats(  154): 	... 11 more
D/AndroidRuntime(  795): Shutting down VM
W/dalvikvm(  795): threadid=1: thread exiting with uncaught exception (group=0x409c01f8)
E/AndroidRuntime(  795): FATAL EXCEPTION: main
E/AndroidRuntime(  795): android.database.sqlite.SQLiteException: Can't upgrade read-only database from version 327686 to 458759: /data/data/com.android.providers.telephony/databases/telephony.db
E/AndroidRuntime(  795): 	at android.database.sqlite.SQLiteOpenHelper.getReadableDatabase(SQLiteOpenHelper.java:244)
E/AndroidRuntime(  795): 	at com.android.providers.telephony.TelephonyProvider.query(TelephonyProvider.java:460)
E/AndroidRuntime(  795): 	at android.content.ContentProvider$Transport.query(ContentProvider.java:178)
E/AndroidRuntime(  795): 	at android.content.ContentResolver.query(ContentResolver.java:311)
E/AndroidRuntime(  795): 	at com.android.internal.telephony.gsm.GsmDataConnectionTracker.createAllApnList(GsmDataConnectionTracker.java:2202)
E/AndroidRuntime(  795): 	at com.android.internal.telephony.gsm.GsmDataConnectionTracker.onRecordsLoaded(GsmDataConnectionTracker.java:1724)
E/AndroidRuntime(  795): 	at com.android.internal.telephony.gsm.GsmDataConnectionTracker.handleMessage(GsmDataConnectionTracker.java:2429)
E/AndroidRuntime(  795): 	at android.os.Handler.dispatchMessage(Handler.java:99)
E/AndroidRuntime(  795): 	at android.os.Looper.loop(Looper.java:137)
E/AndroidRuntime(  795): 	at android.app.ActivityThread.main(ActivityThread.java:4424)
E/AndroidRuntime(  795): 	at java.lang.reflect.Method.invokeNative(Native Method)
E/AndroidRuntime(  795): 	at java.lang.reflect.Method.invoke(Method.java:511)
E/AndroidRuntime(  795): 	at com.android.internal.os.ZygoteInit$MethodAndArgsCaller.run(ZygoteInit.java:784)
E/AndroidRuntime(  795): 	at com.android.internal.os.ZygoteInit.main(ZygoteInit.java:551)
E/AndroidRuntime(  795): 	at dalvik.system.NativeStart.main(Native Method)
W/ActivityManager(  154): Process com.android.phone has crashed too many times: killing!
I/Process (  795): Sending signal. PID: 795 SIG: 9
I/ActivityManager(  154): Process com.android.phone (pid 795) has died.
I/ServiceManager(   30): service 'phone' died
I/ServiceManager(   30): service 'iphonesubinfo' died
I/ServiceManager(   30): service 'isms' died
I/ServiceManager(   30): service 'simphonebook' died
I/ActivityManager(  154): Start proc com.android.phone for restart com.android.phone: pid=819 uid=1001 gids={3002, 3001, 3003, 1015}
V/PhoneStatusBar(  239): setLightsOn(true)
W/InputManagerService(  154): Window already focused, ignoring focus gain of: com.android.internal.view.IInputMethodClient$Stub$Proxy@4143aa20
I/ActivityThread(  819): Pub mms: com.android.providers.telephony.MmsProvider
I/ActivityThread(  819): Pub sms: com.android.providers.telephony.SmsProvider
I/ActivityThread(  819): Pub telephony: com.android.providers.telephony.TelephonyProvider
W/TelephonyProvider(  819): onCreate: confFile=/system/etc/apns-conf.xml oldCheckSum=-1
I/ActivityThread(  819): Pub icc: com.android.phone.IccProvider
I/ActivityThread(  819): Pub mms-sms: com.android.providers.telephony.MmsSmsProvider
D/dalvikvm(  819): GC_CONCURRENT freed 278K, 4% free 9296K/9671K, paused 8ms+4ms
W/ActivityManager(  154): Unable to start service Intent { act=com.android.internal.telephony.IWapPushManager }: not found
D/        (  819): [ApnContext] set reason as dataEnabled, for type default,current state IDLE
D/        (  819): [ApnContext] set reason as dataEnabled, for type mms,current state IDLE
D/        (  819): [ApnContext] set reason as dataEnabled, for type supl,current state IDLE
D/        (  819): [ApnContext] set reason as dataEnabled, for type hipri,current state IDLE
D/        (  819): [ApnContext] set reason as dataEnabled, for type fota,current state IDLE
D/        (  819): [ApnContext] set reason as dataEnabled, for type ims,current state IDLE
D/        (  819): [ApnContext] set reason as dataEnabled, for type cbs,current state IDLE
D/CAT     (  819): CatService: Running CAT service. STK app installed:false
D/CAT     (  819): CatService: NEW sInstance
D/CallManager(  819): registerPhone(GSM Handler (com.android.internal.telephony.PhoneProxy) {41318028})
W/ActivityManager(  154): Unable to start service Intent { act=com.android.ussd.IExtendedNetworkService }: not found
D/dalvikvm(  819): GC_CONCURRENT freed 364K, 5% free 9392K/9863K, paused 5ms+32ms
D/dalvikvm(  154): GC_CONCURRENT freed 546K, 8% free 11626K/12615K, paused 6ms+53ms
F/NetworkStats(  154): problem reading network stats
F/NetworkStats(  154): java.lang.IllegalStateException: problem parsing idx 1
F/NetworkStats(  154): 	at com.android.internal.net.NetworkStatsFactory.readNetworkStatsDetail(NetworkStatsFactory.java:300)
F/NetworkStats(  154): 	at com.android.server.NetworkManagementService.getNetworkStatsUidDetail(NetworkManagementService.java:1282)
F/NetworkStats(  154): 	at com.android.server.net.NetworkStatsService.performPollLocked(NetworkStatsService.java:831)
F/NetworkStats(  154): 	at com.android.server.net.NetworkStatsService.updateIfacesLocked(NetworkStatsService.java:743)
F/NetworkStats(  154): 	at com.android.server.net.NetworkStatsService.updateIfaces(NetworkStatsService.java:721)
F/NetworkStats(  154): 	at com.android.server.net.NetworkStatsService.access$000(NetworkStatsService.java:128)
F/NetworkStats(  154): 	at com.android.server.net.NetworkStatsService$8.handleMessage(NetworkStatsService.java:1633)
F/NetworkStats(  154): 	at android.os.Handler.dispatchMessage(Handler.java:95)
F/NetworkStats(  154): 	at android.os.Looper.loop(Looper.java:137)
F/NetworkStats(  154): 	at android.os.HandlerThread.run(HandlerThread.java:60)
F/NetworkStats(  154): Caused by: java.io.FileNotFoundException: /proc/net/xt_qtaguid/stats: open failed: ENOENT (No such file or directory)
F/NetworkStats(  154): 	at libcore.io.IoBridge.open(IoBridge.java:406)
F/NetworkStats(  154): 	at java.io.FileInputStream.<init>(FileInputStream.java:78)
F/NetworkStats(  154): 	at com.android.internal.net.NetworkStatsFactory.readNetworkStatsDetail(NetworkStatsFactory.java:269)
F/NetworkStats(  154): 	... 9 more
F/NetworkStats(  154): Caused by: libcore.io.ErrnoException: open failed: ENOENT (No such file or directory)
F/NetworkStats(  154): 	at libcore.io.Posix.open(Native Method)
F/NetworkStats(  154): 	at libcore.io.BlockGuardOs.open(BlockGuardOs.java:110)
F/NetworkStats(  154): 	at libcore.io.IoBridge.open(IoBridge.java:390)
F/NetworkStats(  154): 	... 11 more
D/CAT     (  819): CatService: SIM ready. Reporting STK service running now...
I/APP     (  674): I 02/14/2013 14:04:54:099 000002b9           HttpServer| Process URI: '/app/index_erb.iseq'
I/APP     (  674): I 02/14/2013 14:04:54:103 000002b9                  APP| RHO serve_index: /app/index_erb.iseq
I/APP     (  674): I 02/14/2013 14:04:54:106 000002b9 RHO Rho::RhoController| inst_render_index
I/APP     (  674): I 02/14/2013 14:04:54:296 000002b9           HttpServer| GC Start.
I/APP     (  674): I 02/14/2013 14:04:54:346 000002b9           HttpServer| GC End.
D/MccTable(  819): updateMccMncConfiguration: mcc=310, mnc=260
D/MccTable(  819): locale set to en_us
D/MccTable(  819): WIFI_COUNTRY_CODE set to us
I/WifiService(  154): WifiService trying to set country code to us with persist set to true
F/NetworkStats(  154): problem reading network stats
F/NetworkStats(  154): java.lang.IllegalStateException: problem parsing idx 1
F/NetworkStats(  154): 	at com.android.internal.net.NetworkStatsFactory.readNetworkStatsDetail(NetworkStatsFactory.java:300)
F/NetworkStats(  154): 	at com.android.server.NetworkManagementService.getNetworkStatsUidDetail(NetworkManagementService.java:1282)
F/NetworkStats(  154): 	at com.android.server.net.NetworkStatsService.performPollLocked(NetworkStatsService.java:831)
F/NetworkStats(  154): 	at com.android.server.net.NetworkStatsService.updateIfacesLocked(NetworkStatsService.java:743)
F/NetworkStats(  154): 	at com.android.server.net.NetworkStatsService.updateIfaces(NetworkStatsService.java:721)
F/NetworkStats(  154): 	at com.android.server.net.NetworkStatsService.access$000(NetworkStatsService.java:128)
F/NetworkStats(  154): 	at com.android.server.net.NetworkStatsService$8.handleMessage(NetworkStatsService.java:1633)
F/NetworkStats(  154): 	at android.os.Handler.dispatchMessage(Handler.java:95)
F/NetworkStats(  154): 	at android.os.Looper.loop(Looper.java:137)
F/NetworkStats(  154): 	at android.os.HandlerThread.run(HandlerThread.java:60)
F/NetworkStats(  154): Caused by: java.io.FileNotFoundException: /proc/net/xt_qtaguid/stats: open failed: ENOENT (No such file or directory)
F/NetworkStats(  154): 	at libcore.io.IoBridge.open(IoBridge.java:406)
F/NetworkStats(  154): 	at java.io.FileInputStream.<init>(FileInputStream.java:78)
F/NetworkStats(  154): 	at com.android.internal.net.NetworkStatsFactory.readNetworkStatsDetail(NetworkStatsFactory.java:269)
F/NetworkStats(  154): 	... 9 more
F/NetworkStats(  154): Caused by: libcore.io.ErrnoException: open failed: ENOENT (No such file or directory)
F/NetworkStats(  154): 	at libcore.io.Posix.open(Native Method)
F/NetworkStats(  154): 	at libcore.io.BlockGuardOs.open(BlockGuardOs.java:110)
F/NetworkStats(  154): 	at libcore.io.IoBridge.open(IoBridge.java:390)
F/NetworkStats(  154): 	... 11 more
D/dalvikvm(  819): GC_CONCURRENT freed 351K, 5% free 9576K/10055K, paused 4ms+5ms
I/SqliteDatabaseCpp(  819): sqlite returned: error code = 1, msg = duplicate column name: protocol, db=/data/data/com.android.providers.telephony/databases/telephony.db
E/SQLiteOpenHelper(  819): Couldn't open telephony.db for writing (will try read-only):
E/SQLiteOpenHelper(  819): android.database.sqlite.SQLiteException: duplicate column name: protocol: , while compiling: ALTER TABLE carriers ADD COLUMN protocol TEXT DEFAULT IP;
E/SQLiteOpenHelper(  819): 	at android.database.sqlite.SQLiteCompiledSql.native_compile(Native Method)
E/SQLiteOpenHelper(  819): 	at android.database.sqlite.SQLiteCompiledSql.<init>(SQLiteCompiledSql.java:68)
E/SQLiteOpenHelper(  819): 	at android.database.sqlite.SQLiteProgram.compileSql(SQLiteProgram.java:134)
E/SQLiteOpenHelper(  819): 	at android.database.sqlite.SQLiteProgram.compileAndbindAllArgs(SQLiteProgram.java:361)
E/SQLiteOpenHelper(  819): 	at android.database.sqlite.SQLiteStatement.acquireAndLock(SQLiteStatement.java:260)
E/SQLiteOpenHelper(  819): 	at android.database.sqlite.SQLiteStatement.executeUpdateDelete(SQLiteStatement.java:84)
E/SQLiteOpenHelper(  819): 	at android.database.sqlite.SQLiteDatabase.executeSql(SQLiteDatabase.java:1899)
E/SQLiteOpenHelper(  819): 	at android.database.sqlite.SQLiteDatabase.execSQL(SQLiteDatabase.java:1839)
E/SQLiteOpenHelper(  819): 	at com.android.providers.telephony.TelephonyProvider$DatabaseHelper.onUpgrade(TelephonyProvider.java:219)
E/SQLiteOpenHelper(  819): 	at android.database.sqlite.SQLiteOpenHelper.getWritableDatabase(SQLiteOpenHelper.java:170)
E/SQLiteOpenHelper(  819): 	at android.database.sqlite.SQLiteOpenHelper.getReadableDatabase(SQLiteOpenHelper.java:231)
E/SQLiteOpenHelper(  819): 	at com.android.providers.telephony.TelephonyProvider.query(TelephonyProvider.java:460)
E/SQLiteOpenHelper(  819): 	at android.content.ContentProvider$Transport.query(ContentProvider.java:178)
E/SQLiteOpenHelper(  819): 	at android.content.ContentResolver.query(ContentResolver.java:311)
E/SQLiteOpenHelper(  819): 	at com.android.internal.telephony.gsm.GsmDataConnectionTracker.createAllApnList(GsmDataConnectionTracker.java:2202)
E/SQLiteOpenHelper(  819): 	at com.android.internal.telephony.gsm.GsmDataConnectionTracker.onRecordsLoaded(GsmDataConnectionTracker.java:1724)
E/SQLiteOpenHelper(  819): 	at com.android.internal.telephony.gsm.GsmDataConnectionTracker.handleMessage(GsmDataConnectionTracker.java:2429)
E/SQLiteOpenHelper(  819): 	at android.os.Handler.dispatchMessage(Handler.java:99)
E/SQLiteOpenHelper(  819): 	at android.os.Looper.loop(Looper.java:137)
E/SQLiteOpenHelper(  819): 	at android.app.ActivityThread.main(ActivityThread.java:4424)
E/SQLiteOpenHelper(  819): 	at java.lang.reflect.Method.invokeNative(Native Method)
E/SQLiteOpenHelper(  819): 	at java.lang.reflect.Method.invoke(Method.java:511)
E/SQLiteOpenHelper(  819): 	at com.android.internal.os.ZygoteInit$MethodAndArgsCaller.run(ZygoteInit.java:784)
E/SQLiteOpenHelper(  819): 	at com.android.internal.os.ZygoteInit.main(ZygoteInit.java:551)
E/SQLiteOpenHelper(  819): 	at dalvik.system.NativeStart.main(Native Method)
D/AndroidRuntime(  819): Shutting down VM
W/dalvikvm(  819): threadid=1: thread exiting with uncaught exception (group=0x409c01f8)
E/AndroidRuntime(  819): FATAL EXCEPTION: main
E/AndroidRuntime(  819): android.database.sqlite.SQLiteException: Can't upgrade read-only database from version 327686 to 458759: /data/data/com.android.providers.telephony/databases/telephony.db
E/AndroidRuntime(  819): 	at android.database.sqlite.SQLiteOpenHelper.getReadableDatabase(SQLiteOpenHelper.java:244)
E/AndroidRuntime(  819): 	at com.android.providers.telephony.TelephonyProvider.query(TelephonyProvider.java:460)
E/AndroidRuntime(  819): 	at android.content.ContentProvider$Transport.query(ContentProvider.java:178)
E/AndroidRuntime(  819): 	at android.content.ContentResolver.query(ContentResolver.java:311)
E/AndroidRuntime(  819): 	at com.android.internal.telephony.gsm.GsmDataConnectionTracker.createAllApnList(GsmDataConnectionTracker.java:2202)
E/AndroidRuntime(  819): 	at com.android.internal.telephony.gsm.GsmDataConnectionTracker.onRecordsLoaded(GsmDataConnectionTracker.java:1724)
E/AndroidRuntime(  819): 	at com.android.internal.telephony.gsm.GsmDataConnectionTracker.handleMessage(GsmDataConnectionTracker.java:2429)
E/AndroidRuntime(  819): 	at android.os.Handler.dispatchMessage(Handler.java:99)
E/AndroidRuntime(  819): 	at android.os.Looper.loop(Looper.java:137)
E/AndroidRuntime(  819): 	at android.app.ActivityThread.main(ActivityThread.java:4424)
E/AndroidRuntime(  819): 	at java.lang.reflect.Method.invokeNative(Native Method)
E/AndroidRuntime(  819): 	at java.lang.reflect.Method.invoke(Method.java:511)
E/AndroidRuntime(  819): 	at com.android.internal.os.ZygoteInit$MethodAndArgsCaller.run(ZygoteInit.java:784)
E/AndroidRuntime(  819): 	at com.android.internal.os.ZygoteInit.main(ZygoteInit.java:551)
E/AndroidRuntime(  819): 	at dalvik.system.NativeStart.main(Native Method)
W/ActivityManager(  154): Process com.android.phone has crashed too many times: killing!
I/Process (  819): Sending signal. PID: 819 SIG: 9
I/ActivityManager(  154): Process com.android.phone (pid 819) has died.
I/ServiceManager(   30): service 'phone' died
I/ServiceManager(   30): service 'simphonebook' died
I/ServiceManager(   30): service 'isms' died
I/ServiceManager(   30): service 'iphonesubinfo' died
I/ActivityManager(  154): Start proc com.android.phone for restart com.android.phone: pid=843 uid=1001 gids={3002, 3001, 3003, 1015}
V/PhoneStatusBar(  239): setLightsOn(true)
I/ActivityThread(  843): Pub mms: com.android.providers.telephony.MmsProvider
W/InputManagerService(  154): Window already focused, ignoring focus gain of: com.android.internal.view.IInputMethodClient$Stub$Proxy@41477ee0
I/ActivityThread(  843): Pub sms: com.android.providers.telephony.SmsProvider
I/ActivityThread(  843): Pub telephony: com.android.providers.telephony.TelephonyProvider
W/TelephonyProvider(  843): onCreate: confFile=/system/etc/apns-conf.xml oldCheckSum=-1
I/ActivityThread(  843): Pub icc: com.android.phone.IccProvider
I/ActivityThread(  843): Pub mms-sms: com.android.providers.telephony.MmsSmsProvider
D/dalvikvm(  843): GC_CONCURRENT freed 292K, 5% free 9282K/9671K, paused 4ms+5ms
W/ActivityManager(  154): Unable to start service Intent { act=com.android.internal.telephony.IWapPushManager }: not found
D/        (  843): [ApnContext] set reason as dataEnabled, for type default,current state IDLE
D/        (  843): [ApnContext] set reason as dataEnabled, for type mms,current state IDLE
D/        (  843): [ApnContext] set reason as dataEnabled, for type supl,current state IDLE
D/        (  843): [ApnContext] set reason as dataEnabled, for type hipri,current state IDLE
D/        (  843): [ApnContext] set reason as dataEnabled, for type fota,current state IDLE
D/        (  843): [ApnContext] set reason as dataEnabled, for type ims,current state IDLE
D/        (  843): [ApnContext] set reason as dataEnabled, for type cbs,current state IDLE
D/CAT     (  843): CatService: Running CAT service. STK app installed:false
D/CAT     (  843): CatService: NEW sInstance
D/CallManager(  843): registerPhone(GSM Handler (com.android.internal.telephony.PhoneProxy) {41310b00})
W/ActivityManager(  154): Unable to start service Intent { act=com.android.ussd.IExtendedNetworkService }: not found
D/dalvikvm(  154): GC_CONCURRENT freed 602K, 8% free 11676K/12615K, paused 5ms+24ms
D/dalvikvm(  843): GC_CONCURRENT freed 343K, 5% free 9402K/9863K, paused 4ms+13ms
D/CAT     (  843): CatService: SIM ready. Reporting STK service running now...
F/NetworkStats(  154): problem reading network stats
F/NetworkStats(  154): java.lang.IllegalStateException: problem parsing idx 1
F/NetworkStats(  154): 	at com.android.internal.net.NetworkStatsFactory.readNetworkStatsDetail(NetworkStatsFactory.java:300)
