I/APP     ( 1280): I 03/05/2013 13:56:32:623 00000516                  APP| Params: {"rho_callback"=>"1", "status"=>"ok", "image_uri"=>"db/db-files/Image_20130305135631546.jpg", "image_width"=>"640", "image_height"=>"480", "image_format"=>"jpg"}
I/APP     ( 1280): I 03/05/2013 13:56:32:636 00000516                  APP| const_missing: Image
I/APP     ( 1280): I 03/05/2013 13:56:32:642 00000516                  APP| load_model: Image
I/APP     ( 1280): I 03/05/2013 13:56:32:667 00000516              RhoRuby| require_compiled: Image/image
I/APP     ( 1280): I 03/05/2013 13:56:32:673 00000516                  APP| model name: Image
I/APP     ( 1280): I 03/05/2013 13:56:32:696 00000516                  APP| model class found
I/APP     ( 1280): I 03/05/2013 13:56:32:698 00000516                  APP| Image : {"sync_type"=>"incremental", "property"=>{"name"=>[:string, nil], "filename"=>[:string, nil], "image_uri"=>[:blob, :overwrite]}}
I/APP     ( 1280): I 03/05/2013 13:56:32:712 00000516                  APP| init_db_sources
I/APP     ( 1280): I 03/05/2013 13:56:32:737 00000516                  APP| start_id: 4
I/APP     ( 1280): I 03/05/2013 13:56:32:739 00000516                  APP| Migrate schema sources: {}
I/APP     ( 1280): I 03/05/2013 13:56:32:836 00000500         ImageCapture| finish
W/WindowManager(   77): Failure taking screenshot for (180x300) to layer 21020
I/APP     ( 1280): I 03/05/2013 13:56:32:870 00000500       SimpleMainView| Cleared URL: javascript:showImage("/data/data/com.rhomobile.macotec/rhodata/db/db-files/Image_20130305135631546.jpg");
I/APP     ( 1280): I 03/05/2013 13:56:32:889 00000516           HttpServer| GC Start.
I/APP     ( 1280): I 03/05/2013 13:56:32:966 00000500         BaseActivity| New screen properties - width: 800, height: 480, orientation: 0
I/APP     ( 1280): I 03/05/2013 13:56:32:968 00000500       RhodesActivity| onStart
I/APP     ( 1280): I 03/05/2013 13:56:32:989 00000500    RhodesApplication| New UiState: MainActivityStarted
I/APP     ( 1280): I 03/05/2013 13:56:32:990 00000500       RhodesActivity| onResume
I/APP     ( 1280): I 03/05/2013 13:56:33:011 00000500 AndroidFunctionality| Resume WebView
V/PhoneStatusBar(  134): setLightsOn(true)
I/APP     ( 1280): I 03/05/2013 13:56:33:102 00000516           HttpServer| GC End.
I/APP     ( 1280): I 03/05/2013 13:56:33:105 00000516           HttpServer| Process URI: '/data/data/com.rhomobile.macotec/rhodata/db/db-files/Image_20130305135631546.jpg'
I/Process (   77): Sending signal. PID: 1280 SIG: 3
I/dalvikvm( 1280): threadid=3: reacting to signal 3
I/dalvikvm( 1280): Wrote stack traces to '/data/anr/traces.txt'
V/SimpleMainView.View( 1280): ms[1362488193928]  Main Window :: onSizeChanged() old [ 800 x 442 ]  new [ 480 x 762 ]
I/APP     ( 1280): I 03/05/2013 13:56:34:330 00000500         ImageCapture| surfaceDestroyed
V/EmulatedCamera_CallbackNotifier(   38): disableMessage: msg_type = 0x10
V/EmulatedCamera_CallbackNotifier(   38):     CAMERA_MSG_PREVIEW_FRAME
V/EmulatedCamera_CallbackNotifier(   38): **** Currently enabled messages:
V/EmulatedCamera_CallbackNotifier(   38):     CAMERA_MSG_ERROR
V/EmulatedCamera_CallbackNotifier(   38):     CAMERA_MSG_FOCUS
V/EmulatedCamera_CallbackNotifier(   38):     CAMERA_MSG_ZOOM
V/EmulatedCamera_CallbackNotifier(   38):     CAMERA_MSG_RAW_IMAGE_NOTIFY
V/EmulatedCamera_CallbackNotifier(   38):     CAMERA_MSG_PREVIEW_METADATA
V/EmulatedCamera_Camera(   38): doStopPreview
V/EmulatedCamera_CallbackNotifier(   38): disableMessage: msg_type = 0x10
V/EmulatedCamera_CallbackNotifier(   38):     CAMERA_MSG_PREVIEW_FRAME
V/EmulatedCamera_CallbackNotifier(   38): **** Currently enabled messages:
V/EmulatedCamera_CallbackNotifier(   38):     CAMERA_MSG_ERROR
V/EmulatedCamera_CallbackNotifier(   38):     CAMERA_MSG_FOCUS
V/EmulatedCamera_CallbackNotifier(   38):     CAMERA_MSG_ZOOM
V/EmulatedCamera_CallbackNotifier(   38):     CAMERA_MSG_RAW_IMAGE_NOTIFY
V/EmulatedCamera_CallbackNotifier(   38):     CAMERA_MSG_PREVIEW_METADATA
V/EmulatedCamera_CallbackNotifier(   38): disableMessage: msg_type = 0xffff
V/EmulatedCamera_CallbackNotifier(   38):     CAMERA_MSG_ERROR
V/EmulatedCamera_CallbackNotifier(   38):     CAMERA_MSG_SHUTTER
V/EmulatedCamera_CallbackNotifier(   38):     CAMERA_MSG_FOCUS
V/EmulatedCamera_CallbackNotifier(   38):     CAMERA_MSG_ZOOM
V/EmulatedCamera_CallbackNotifier(   38):     CAMERA_MSG_PREVIEW_FRAME
V/EmulatedCamera_CallbackNotifier(   38):     CAMERA_MSG_VIDEO_FRAME
V/EmulatedCamera_CallbackNotifier(   38):     CAMERA_MSG_POSTVIEW_FRAME
V/EmulatedCamera_CallbackNotifier(   38):     CAMERA_MSG_RAW_IMAGE
V/EmulatedCamera_CallbackNotifier(   38):     CAMERA_MSG_COMPRESSED_IMAGE
V/EmulatedCamera_CallbackNotifier(   38):     CAMERA_MSG_RAW_IMAGE_NOTIFY
V/EmulatedCamera_CallbackNotifier(   38):     CAMERA_MSG_PREVIEW_METADATA
V/EmulatedCamera_CallbackNotifier(   38): **** Currently enabled messages:
V/EmulatedCamera_Camera(   38): doStopPreview
V/EmulatedCamera_Camera(   38): cancelPicture
V/EmulatedCamera_Camera(   38): releaseCamera
V/EmulatedCamera_Camera(   38): doStopPreview
V/EmulatedCamera_Device(   38): stopDeliveringFrames
V/EmulatedCamera_Device(   38): stopWorkerThread
V/EmulatedCamera_Device(   38): Stopping emulated camera device's worker thread...
V/EmulatedCamera_Device(   38): Emulated camera device's worker thread has been stopped.
V/EmulatedCamera_FakeDevice(   38): stopDevice
V/EmulatedCamera_FakeDevice(   38): disconnectDevice
V/EmulatedCamera_Preview(   38): setPreviewWindow: current: 0x15e20 -> new: 0x0
I/CameraService(   38): Destroying camera 0
V/EmulatedCamera_Camera(   38): closeCamera
V/EmulatedCamera_Camera(   38): doStopPreview
W/AudioFlinger(   38): session id 29 not found for pid 38
W/AudioFlinger(   38): session id 30 not found for pid 38
I/APP     ( 1280): I 03/05/2013 13:56:36:220 00000500         ImageCapture| onStop
I/InputReader(   77): Reconfiguring input devices.  changes=0x00000004
I/InputReader(   77): Device reconfigured: id=0, name='qwerty2', surface size is now 480x800, mode is 1
W/SurfaceFlinger(   36): createScreenshotSurface failed (Function not implemented)
I/ActivityManager(   77): Config changed: {1.0 310mcc260mnc en_US layoutdir=0 sw320dp w320dp h508dp nrml long port finger qwerty/v/v tball/v s.14}
I/APP     ( 1280): I 03/05/2013 13:56:40:662 00000500         BaseActivity| New screen properties - width: 480, height: 800, orientation: 1
V/SimpleMainView.View( 1280): ms[1362488200757]  Main Window :: onSizeChanged() old [ 480 x 762 ]  new [ 800 x 442 ]
D/dalvikvm(   77): GC_EXPLICIT freed 83K, 13% free 11265K/12871K, paused 8ms+8ms
I/APP     ( 1280): I 03/05/2013 13:56:52:650 00000516           HttpServer| Process URI: '/app/Request/submit_request_project'
I/APP     ( 1280): I 03/05/2013 13:56:52:653 00000516                  APP| RHO serve: /app/Request/submit_request_project
I/APP     ( 1280): I 03/05/2013 13:56:52:676 00000516                  APP| Params: {"project_number"=>"", "information"=>"", "hiddenImagePath"=>"/data/data/com.rhomobile.macotec/rhodata/db/db-files/Image_20130305135631546.jpg", "company"=>"Hasenbert", "phone"=>"0304987987", "email"=>"erwin@hasenbert.de"}
I/APP     ( 1280): I 03/05/2013 13:56:52:702 00000516            AsyncHttp| addCommand: Upload
I/APP     ( 1280): I 03/05/2013 13:56:52:721 00000531            AsyncHttp| Starting main routine...
I/APP     ( 1280): I 03/05/2013 13:56:52:740 00000531                  Net| POST request (Push): http://www.datenloft.com/macotec/send_request_project_test.php
I/APP     ( 1280): I 03/05/2013 13:56:52:792 00000516           HttpServer| GC Start.
I/APP     ( 1280): I 03/05/2013 13:56:52:856 00000516           HttpServer| GC End.
I/APP     ( 1280): I 03/05/2013 13:56:53:148 00000516           HttpServer| Process URI: '/public/images/macotec/macotec_loader.gif'
I/APP     ( 1280): I 03/05/2013 13:56:53:351 00000516           HttpServer| Process URI: '/app/Request/http_callback'
I/APP     ( 1280): I 03/05/2013 13:56:53:353 00000516                  APP| RHO serve: /app/Request/http_callback
I/APP     ( 1280): I 03/05/2013 13:56:53:375 00000516                  APP| Params: {"rho_callback"=>"1", "status"=>"ok", "http_error"=>"200", "headers"=>{"User-Agent"=>"Mozilla-5.0 (ANDROID; unknown generic; 4.0.4)"}, "__rho_object"=>{"body"=>"0"}}
I/APP     ( 1280): I 03/05/2013 13:56:57:386 00000531            AsyncHttp| ThreadQueue blocked for 4294967295 seconds...
I/APP     ( 1280): I 03/05/2013 13:56:57:389 00000500       SimpleMainView| Cleared URL: http://localhost:8080/app/Request/submit_success?result=SUCCESS&message=
I/APP     ( 1280): I 03/05/2013 13:56:57:413 00000516           HttpServer| GC Start.
I/APP     ( 1280): I 03/05/2013 13:56:57:452 00000516           HttpServer| GC End.
I/APP     ( 1280): I 03/05/2013 13:56:57:500 00000516           HttpServer| Process URI: '/app/Request/submit_success'
I/APP     ( 1280): I 03/05/2013 13:56:57:505 00000516                  APP| RHO serve: /app/Request/submit_success
I/APP     ( 1280): I 03/05/2013 13:56:57:525 00000516                  APP| Params: {"result"=>"SUCCESS", "message"=>""}
I/APP     ( 1280): I 03/05/2013 13:56:57:577 00000516 RHO RequestController| Layout file: /data/data/com.rhomobile.macotec/rhodata/apps/app/layout_erb.iseq. Content size: 3150
I/APP     ( 1280): I 03/05/2013 13:56:57:615 00000516           HttpServer| GC Start.
I/APP     ( 1280): I 03/05/2013 13:56:57:696 00000516           HttpServer| GC End.
I/APP     ( 1280): I 03/05/2013 13:56:59:094 00000516           HttpServer| Process URI: '/public/images/macotec/success.png'
D/dalvikvm(  151): GC_EXPLICIT freed 393K, 7% free 9385K/10055K, paused 4ms+5ms
I/APP     ( 1280): I 03/05/2013 13:57:07:278 00000500       SimpleMainView| Cleared URL: http://localhost:8080/app
I/APP     ( 1280): I 03/05/2013 13:57:07:322 00000500     RhoWebViewClient| Loading URL: http://localhost:8080/app/index_erb.iseq
I/APP     ( 1280): I 03/05/2013 13:57:07:347 00000516           HttpServer| Process URI: '/app/index_erb.iseq'
I/APP     ( 1280): I 03/05/2013 13:57:07:350 00000516                  APP| RHO serve_index: /app/index_erb.iseq
I/APP     ( 1280): I 03/05/2013 13:57:07:352 00000516 RHO Rho::RhoController| inst_render_index
I/APP     ( 1280): I 03/05/2013 13:57:07:405 00000516 RHO Rho::RhoController| index layout
I/APP     ( 1280): I 03/05/2013 13:57:07:473 00000516           HttpServer| GC Start.
I/APP     ( 1280): I 03/05/2013 13:57:07:504 00000516           HttpServer| GC End.
I/APP     ( 1280): I 03/05/2013 13:57:10:802 00000516           HttpServer| Process URI: '/app/Request/request'
I/APP     ( 1280): I 03/05/2013 13:57:10:803 00000516                  APP| RHO serve: /app/Request/request
I/APP     ( 1280): I 03/05/2013 13:57:10:878 00000516           HttpServer| GC Start.
I/APP     ( 1280): I 03/05/2013 13:57:10:920 00000516           HttpServer| GC End.
I/APP     ( 1280): I 03/05/2013 13:57:13:541 00000516           HttpServer| Process URI: '/app/Request/request_project'
I/APP     ( 1280): I 03/05/2013 13:57:13:544 00000516                  APP| RHO serve: /app/Request/request_project
I/APP     ( 1280): I 03/05/2013 13:57:13:727 00000516           HttpServer| GC Start.
I/APP     ( 1280): I 03/05/2013 13:57:13:779 00000516           HttpServer| GC End.
I/APP     ( 1280): I 03/05/2013 13:57:23:486 00000516           HttpServer| Process URI: '/app/Request/new_image'
I/APP     ( 1280): I 03/05/2013 13:57:23:487 00000516                  APP| RHO serve: /app/Request/new_image
I/APP     ( 1280): I 03/05/2013 13:57:23:525 00000516           HttpServer| GC Start.
I/APP     ( 1280): I 03/05/2013 13:57:23:581 00000516           HttpServer| GC End.
F/NetworkStats(   77): problem reading network stats
F/NetworkStats(   77): java.lang.IllegalStateException: problem parsing idx 1
F/NetworkStats(   77): 	at com.android.internal.net.NetworkStatsFactory.readNetworkStatsDetail(NetworkStatsFactory.java:300)
F/NetworkStats(   77): 	at com.android.server.NetworkManagementService.getNetworkStatsUidDetail(NetworkManagementService.java:1282)
F/NetworkStats(   77): 	at com.android.server.net.NetworkStatsService.performPollLocked(NetworkStatsService.java:831)
F/NetworkStats(   77): 	at com.android.server.net.NetworkStatsService.performPoll(NetworkStatsService.java:799)
F/NetworkStats(   77): 	at com.android.server.net.NetworkStatsService.access$100(NetworkStatsService.java:128)
F/NetworkStats(   77): 	at com.android.server.net.NetworkStatsService$3.onReceive(NetworkStatsService.java:633)
F/NetworkStats(   77): 	at android.app.LoadedApk$ReceiverDispatcher$Args.run(LoadedApk.java:728)
F/NetworkStats(   77): 	at android.os.Handler.handleCallback(Handler.java:605)
F/NetworkStats(   77): 	at android.os.Handler.dispatchMessage(Handler.java:92)
F/NetworkStats(   77): 	at android.os.Looper.loop(Looper.java:137)
F/NetworkStats(   77): 	at android.os.HandlerThread.run(HandlerThread.java:60)
F/NetworkStats(   77): Caused by: java.io.FileNotFoundException: /proc/net/xt_qtaguid/stats: open failed: ENOENT (No such file or directory)
F/NetworkStats(   77): 	at libcore.io.IoBridge.open(IoBridge.java:406)
F/NetworkStats(   77): 	at java.io.FileInputStream.<init>(FileInputStream.java:78)
F/NetworkStats(   77): 	at com.android.internal.net.NetworkStatsFactory.readNetworkStatsDetail(NetworkStatsFactory.java:269)
F/NetworkStats(   77): 	... 10 more
F/NetworkStats(   77): Caused by: libcore.io.ErrnoException: open failed: ENOENT (No such file or directory)
F/NetworkStats(   77): 	at libcore.io.Posix.open(Native Method)
F/NetworkStats(   77): 	at libcore.io.BlockGuardOs.open(BlockGuardOs.java:110)
F/NetworkStats(   77): 	at libcore.io.IoBridge.open(IoBridge.java:390)
F/NetworkStats(   77): 	... 12 more
I/ActivityManager(   77): START {cmp=com.rhomobile.macotec/com.rhomobile.rhodes.camera.ImageCapture (has extras)} from pid 1280
W/WindowManager(   77): Failure taking screenshot for (180x300) to layer 21010
I/APP     ( 1280): I 03/05/2013 13:57:23:873 00000500 AndroidFunctionality| Pause WebView
I/APP     ( 1280): I 03/05/2013 13:57:23:876 00000500       RhodesActivity| onPause
I/APP     ( 1280): I 03/05/2013 13:57:23:897 00000516           HttpServer| Process URI: '/system/uidestroyed'
I/APP     ( 1280): I 03/05/2013 13:57:23:904 00000500    RhodesApplication| New UiState: MainActivityPaused
I/InputReader(   77): Reconfiguring input devices.  changes=0x00000004
I/InputReader(   77): Device reconfigured: id=0, name='qwerty2', surface size is now 480x800, mode is 1
W/SurfaceFlinger(   36): createScreenshotSurface failed (Function not implemented)
I/ActivityManager(   77): Config changed: {1.0 310mcc260mnc en_US layoutdir=0 sw320dp w533dp h294dp nrml long land finger qwerty/v/v tball/v s.15}
I/APP     ( 1280): I 03/05/2013 13:57:24:258 00000500         ImageCapture| onCreate
I/APP     ( 1280): I 03/05/2013 13:57:24:314 00000500         ImageCapture| myOrientationEventListener.enable()
I/APP     ( 1280): I 03/05/2013 13:57:24:317 00000500         ImageCapture| onResume
D/RhodesService( 1280): +++ onStartCommand
I/Process (   77): Sending signal. PID: 1280 SIG: 3
I/dalvikvm( 1280): threadid=3: reacting to signal 3
I/RhodesService( 1280): handleCommand: startId=3, source=com.rhomobile.rhodes.BaseActivity
D/RhodesService( 1280): New activity was created
I/dalvikvm( 1280): Wrote stack traces to '/data/anr/traces.txt'
I/APP     ( 1280): I 03/05/2013 13:57:24:586 00000500         ImageCapture| surfaceCreated
V/EmulatedCamera_Factory(   38): getCameraInfo: id = 0
V/EmulatedCamera_Camera(   38): getCameraInfo
V/EmulatedCamera_Factory(   38): getCameraInfo: id = 0
V/EmulatedCamera_Camera(   38): getCameraInfo
I/CameraService(   38): Opening camera 0
V/EmulatedCamera_Factory(   38): cameraDeviceOpen: id = 0
V/EmulatedCamera_Camera(   38): connectCamera
V/EmulatedCamera_FakeDevice(   38): connectDevice
V/EmulatedCamera_CallbackNotifier(   38): setCallbacks: 0x405954e9, 0x40595f9d, 0x40595f01, 0x40597359 (0x15e10)
V/EmulatedCamera_CallbackNotifier(   38): enableMessage: msg_type = 0x40d
V/EmulatedCamera_CallbackNotifier(   38):     CAMERA_MSG_ERROR
V/EmulatedCamera_CallbackNotifier(   38):     CAMERA_MSG_FOCUS
V/EmulatedCamera_CallbackNotifier(   38):     CAMERA_MSG_ZOOM
V/EmulatedCamera_CallbackNotifier(   38):     CAMERA_MSG_PREVIEW_METADATA
V/EmulatedCamera_CallbackNotifier(   38): **** Currently enabled messages:
V/EmulatedCamera_CallbackNotifier(   38):     CAMERA_MSG_ERROR
V/EmulatedCamera_CallbackNotifier(   38):     CAMERA_MSG_FOCUS
V/EmulatedCamera_CallbackNotifier(   38):     CAMERA_MSG_ZOOM
V/EmulatedCamera_CallbackNotifier(   38):     CAMERA_MSG_PREVIEW_METADATA
I/AwesomePlayer(   38): setDataSource_l('/system/media/audio/ui/camera_click.ogg')
V/PhoneStatusBar(  134): setLightsOn(true)
I/AwesomePlayer(   38): setDataSource_l('/system/media/audio/ui/VideoRecord.ogg')
I/APP     ( 1280): I 03/05/2013 13:57:24:863 00000500         ImageCapture| surfaceChanged
V/EmulatedCamera_Camera(   38): setParameters
V/EmulatedCamera_Preview(   38): setPreviewWindow: current: 0x0 -> new: 0x15e20
V/EmulatedCamera_Camera(   38): doStartPreview
V/EmulatedCamera_Preview(   38): startPreview
D/EmulatedCamera_Camera(   38): Starting camera: 352x288 -> NV21(yuv420sp)
V/EmulatedCamera_FakeDevice(   38): startDevice
V/EmulatedCamera_Device(   38): commonStartDevice: Allocated 0x41a26008 152064 bytes for 101376 pixels in NV21[352x288] frame
V/EmulatedCamera_Device(   38): startDeliveringFrames
V/EmulatedCamera_Device(   38): startWorkerThread
I/Process (   77): Sending signal. PID: 1280 SIG: 3
I/dalvikvm( 1280): threadid=3: reacting to signal 3
V/EmulatedCamera_Device(   38): Starting emulated camera device worker thread...
V/EmulatedCamera_Device(   38): Emulated device's worker thread has been started.
I/APP     ( 1280): I 03/05/2013 13:57:25:010 00000500         ImageCapture| onOrientationChanged(0)
V/EmulatedCamera_Preview(   38): onNextFrameAvailable: Adjusting preview windows 0x15e20 geometry to 352x288
I/dalvikvm( 1280): Wrote stack traces to '/data/anr/traces.txt'
I/ActivityManager(   77): Displayed com.rhomobile.macotec/com.rhomobile.rhodes.camera.ImageCapture: +1s233ms
I/APP     ( 1280): I 03/05/2013 13:57:25:482 00000500       RhodesActivity| onStop
D/dalvikvm(   77): GC_EXPLICIT freed 224K, 13% free 11255K/12871K, paused 4ms+18ms
I/APP     ( 1280): I 03/05/2013 13:57:33:388 00000500         ImageCapture| Camera rotation: 90
I/APP     ( 1280): I 03/05/2013 13:57:33:389 00000500         ImageCapture| Camera rotation resetup for platforms >= 2.2: 1
V/ImageCapture( 1280): ms[1362488253405] $$$   parameters.set(rotation, 90 );
V/EmulatedCamera_Camera(   38): setParameters
V/EmulatedCamera_CallbackNotifier(   38): enableMessage: msg_type = 0x302
V/EmulatedCamera_CallbackNotifier(   38):     CAMERA_MSG_SHUTTER
V/EmulatedCamera_CallbackNotifier(   38):     CAMERA_MSG_COMPRESSED_IMAGE
V/EmulatedCamera_CallbackNotifier(   38):     CAMERA_MSG_RAW_IMAGE_NOTIFY
V/EmulatedCamera_CallbackNotifier(   38): **** Currently enabled messages:
V/EmulatedCamera_CallbackNotifier(   38):     CAMERA_MSG_ERROR
V/EmulatedCamera_CallbackNotifier(   38):     CAMERA_MSG_SHUTTER
V/EmulatedCamera_CallbackNotifier(   38):     CAMERA_MSG_FOCUS
V/EmulatedCamera_CallbackNotifier(   38):     CAMERA_MSG_ZOOM
V/EmulatedCamera_CallbackNotifier(   38):     CAMERA_MSG_COMPRESSED_IMAGE
V/EmulatedCamera_CallbackNotifier(   38):     CAMERA_MSG_RAW_IMAGE_NOTIFY
V/EmulatedCamera_CallbackNotifier(   38):     CAMERA_MSG_PREVIEW_METADATA
V/EmulatedCamera_Camera(   38): takePicture
V/EmulatedCamera_Camera(   38): doStopPreview
V/EmulatedCamera_Device(   38): stopDeliveringFrames
V/EmulatedCamera_Device(   38): stopWorkerThread
V/EmulatedCamera_Device(   38): Stopping emulated camera device's worker thread...
V/EmulatedCamera_Device(   38): Select: THREAD_STOP message is received
V/EmulatedCamera_FakeDevice(   38): inWorkerThread: Worker thread has been terminated.
V/EmulatedCamera_Device(   38): Emulated camera device's worker thread has been stopped.
V/EmulatedCamera_FakeDevice(   38): stopDevice
V/EmulatedCamera_Preview(   38): stopPreview
D/EmulatedCamera_Camera(   38): Starting camera for picture: NV21(jpeg)[640x480]
V/EmulatedCamera_FakeDevice(   38): startDevice
V/EmulatedCamera_Device(   38): commonStartDevice: Allocated 0x41bf4008 460800 bytes for 307200 pixels in NV21[640x480] frame
V/EmulatedCamera_Device(   38): startDeliveringFrames
V/EmulatedCamera_Device(   38): startWorkerThread
V/EmulatedCamera_Device(   38): Starting emulated camera device worker thread...
V/EmulatedCamera_Device(   38): Emulated device's worker thread has been started.
D/AudioSink(   38): bufferCount (4) is too small and increased to 12
V/EmulatedCamera_CallbackNotifier(   38): disableMessage: msg_type = 0x2
V/EmulatedCamera_CallbackNotifier(   38):     CAMERA_MSG_SHUTTER
V/EmulatedCamera_CallbackNotifier(   38): **** Currently enabled messages:
V/EmulatedCamera_CallbackNotifier(   38):     CAMERA_MSG_ERROR
V/EmulatedCamera_CallbackNotifier(   38):     CAMERA_MSG_FOCUS
V/EmulatedCamera_CallbackNotifier(   38):     CAMERA_MSG_ZOOM
V/EmulatedCamera_CallbackNotifier(   38):     CAMERA_MSG_COMPRESSED_IMAGE
V/EmulatedCamera_CallbackNotifier(   38):     CAMERA_MSG_RAW_IMAGE_NOTIFY
V/EmulatedCamera_CallbackNotifier(   38):     CAMERA_MSG_PREVIEW_METADATA
V/EmulatedCamera_JPEG(   38): compressRawImage: 0x41bf4008[640x480]
D/skia    (   38): onFlyCompress
I/APP     ( 1280): I 03/05/2013 13:57:33:790 00000500         ImageCapture| SHUTTER CALLBACK
I/APP     ( 1280): I 03/05/2013 13:57:33:792 00000500         ImageCapture| PICTURE CALLBACK RAW
V/EmulatedCamera_JPEG(   38): compressRawImage: Compressed JPEG: 460800[640x480] -> 22731 bytes
V/EmulatedCamera_CallbackNotifier(   38): disableMessage: msg_type = 0x100
V/EmulatedCamera_CallbackNotifier(   38):     CAMERA_MSG_COMPRESSED_IMAGE
V/EmulatedCamera_CallbackNotifier(   38): **** Currently enabled messages:
V/EmulatedCamera_CallbackNotifier(   38):     CAMERA_MSG_ERROR
V/EmulatedCamera_CallbackNotifier(   38):     CAMERA_MSG_FOCUS
V/EmulatedCamera_CallbackNotifier(   38):     CAMERA_MSG_ZOOM
V/EmulatedCamera_CallbackNotifier(   38):     CAMERA_MSG_RAW_IMAGE_NOTIFY
V/EmulatedCamera_CallbackNotifier(   38):     CAMERA_MSG_PREVIEW_METADATA
I/APP     ( 1280): I 03/05/2013 13:57:34:028 00000500         ImageCapture| PICTURE CALLBACK JPEG: 22731 bytes
I/APP     ( 1280): I 03/05/2013 13:57:34:040 00000516           HttpServer| Process URI: '/app/Request/camera_callback'
I/APP     ( 1280): I 03/05/2013 13:57:34:042 00000516                  APP| RHO serve: /app/Request/camera_callback
I/APP     ( 1280): I 03/05/2013 13:57:34:050 00000516                  APP| Params: {"rho_callback"=>"1", "status"=>"ok", "image_uri"=>"db/db-files/Image_20130305135733171.jpg", "image_width"=>"640", "image_height"=>"480", "image_format"=>"jpg"}
I/APP     ( 1280): I 03/05/2013 13:57:34:128 00000500         ImageCapture| finish
W/WindowManager(   77): Failure taking screenshot for (180x300) to layer 21020
I/APP     ( 1280): I 03/05/2013 13:57:34:164 00000500       SimpleMainView| Cleared URL: javascript:showImage("/data/data/com.rhomobile.macotec/rhodata/db/db-files/Image_20130305135733171.jpg");
I/InputReader(   77): Reconfiguring input devices.  changes=0x00000004
I/InputReader(   77): Device reconfigured: id=0, name='qwerty2', surface size is now 480x800, mode is 1
W/SurfaceFlinger(   36): createScreenshotSurface failed (Function not implemented)
I/ActivityManager(   77): Config changed: {1.0 310mcc260mnc en_US layoutdir=0 sw320dp w320dp h508dp nrml long port finger qwerty/v/v tball/v s.16}
I/APP     ( 1280): I 03/05/2013 13:57:34:248 00000516           HttpServer| GC Start.
I/APP     ( 1280): I 03/05/2013 13:57:34:428 00000516           HttpServer| GC End.
I/APP     ( 1280): I 03/05/2013 13:57:34:456 00000516           HttpServer| Process URI: '/data/data/com.rhomobile.macotec/rhodata/db/db-files/Image_20130305135733171.jpg'
I/APP     ( 1280): I 03/05/2013 13:57:34:606 00000500       RhodesActivity| onStart
I/APP     ( 1280): I 03/05/2013 13:57:34:608 00000500    RhodesApplication| New UiState: MainActivityStarted
I/APP     ( 1280): I 03/05/2013 13:57:34:626 00000500       RhodesActivity| onResume
I/APP     ( 1280): I 03/05/2013 13:57:34:627 00000500 AndroidFunctionality| Resume WebView
I/Process (   77): Sending signal. PID: 1280 SIG: 3
I/dalvikvm( 1280): threadid=3: reacting to signal 3
I/APP     ( 1280): I 03/05/2013 13:57:34:744 00000500         ImageCapture| surfaceDestroyed
V/EmulatedCamera_CallbackNotifier(   38): disableMessage: msg_type = 0x10
V/EmulatedCamera_CallbackNotifier(   38):     CAMERA_MSG_PREVIEW_FRAME
V/EmulatedCamera_CallbackNotifier(   38): **** Currently enabled messages:
V/EmulatedCamera_CallbackNotifier(   38):     CAMERA_MSG_ERROR
V/EmulatedCamera_CallbackNotifier(   38):     CAMERA_MSG_FOCUS
V/EmulatedCamera_CallbackNotifier(   38):     CAMERA_MSG_ZOOM
V/EmulatedCamera_CallbackNotifier(   38):     CAMERA_MSG_RAW_IMAGE_NOTIFY
V/EmulatedCamera_CallbackNotifier(   38):     CAMERA_MSG_PREVIEW_METADATA
V/EmulatedCamera_Camera(   38): doStopPreview
V/EmulatedCamera_CallbackNotifier(   38): disableMessage: msg_type = 0x10
V/EmulatedCamera_CallbackNotifier(   38):     CAMERA_MSG_PREVIEW_FRAME
V/EmulatedCamera_CallbackNotifier(   38): **** Currently enabled messages:
V/EmulatedCamera_CallbackNotifier(   38):     CAMERA_MSG_ERROR
V/EmulatedCamera_CallbackNotifier(   38):     CAMERA_MSG_FOCUS
V/EmulatedCamera_CallbackNotifier(   38):     CAMERA_MSG_ZOOM
V/EmulatedCamera_CallbackNotifier(   38):     CAMERA_MSG_RAW_IMAGE_NOTIFY
V/EmulatedCamera_CallbackNotifier(   38):     CAMERA_MSG_PREVIEW_METADATA
V/EmulatedCamera_CallbackNotifier(   38): disableMessage: msg_type = 0xffff
V/EmulatedCamera_CallbackNotifier(   38):     CAMERA_MSG_ERROR
V/EmulatedCamera_CallbackNotifier(   38):     CAMERA_MSG_SHUTTER
V/EmulatedCamera_CallbackNotifier(   38):     CAMERA_MSG_FOCUS
V/EmulatedCamera_CallbackNotifier(   38):     CAMERA_MSG_ZOOM
V/EmulatedCamera_CallbackNotifier(   38):     CAMERA_MSG_PREVIEW_FRAME
V/EmulatedCamera_CallbackNotifier(   38):     CAMERA_MSG_VIDEO_FRAME
V/EmulatedCamera_CallbackNotifier(   38):     CAMERA_MSG_POSTVIEW_FRAME
V/EmulatedCamera_CallbackNotifier(   38):     CAMERA_MSG_RAW_IMAGE
V/EmulatedCamera_CallbackNotifier(   38):     CAMERA_MSG_COMPRESSED_IMAGE
V/EmulatedCamera_CallbackNotifier(   38):     CAMERA_MSG_RAW_IMAGE_NOTIFY
V/EmulatedCamera_CallbackNotifier(   38):     CAMERA_MSG_PREVIEW_METADATA
V/EmulatedCamera_CallbackNotifier(   38): **** Currently enabled messages:
V/EmulatedCamera_Camera(   38): doStopPreview
V/EmulatedCamera_Camera(   38): cancelPicture
V/EmulatedCamera_Camera(   38): releaseCamera
V/EmulatedCamera_Camera(   38): doStopPreview
V/EmulatedCamera_Device(   38): stopDeliveringFrames
V/EmulatedCamera_Device(   38): stopWorkerThread
V/EmulatedCamera_Device(   38): Stopping emulated camera device's worker thread...
V/EmulatedCamera_Device(   38): Emulated camera device's worker thread has been stopped.
V/EmulatedCamera_FakeDevice(   38): stopDevice
V/EmulatedCamera_FakeDevice(   38): disconnectDevice
V/EmulatedCamera_Preview(   38): setPreviewWindow: current: 0x15e20 -> new: 0x0
I/CameraService(   38): Destroying camera 0
V/EmulatedCamera_Camera(   38): closeCamera
V/EmulatedCamera_Camera(   38): doStopPreview
W/AudioFlinger(   38): session id 31 not found for pid 38
W/AudioFlinger(   38): session id 32 not found for pid 38
I/dalvikvm( 1280): Wrote stack traces to '/data/anr/traces.txt'
V/PhoneStatusBar(  134): setLightsOn(true)
I/Process (   77): Sending signal. PID: 1280 SIG: 3
I/dalvikvm( 1280): threadid=3: reacting to signal 3
I/dalvikvm( 1280): Wrote stack traces to '/data/anr/traces.txt'
I/APP     ( 1280): I 03/05/2013 13:57:36:857 00000500         ImageCapture| onStop
D/dalvikvm(   77): GC_EXPLICIT freed 62K, 13% free 11250K/12871K, paused 16ms+8ms
I/APP     ( 1280): I 03/05/2013 13:58:17:979 00000516           HttpServer| Process URI: '/app/Request/request'
I/APP     ( 1280): I 03/05/2013 13:58:17:981 00000516                  APP| RHO serve: /app/Request/request
I/APP     ( 1280): I 03/05/2013 13:58:18:071 00000516           HttpServer| GC Start.
I/APP     ( 1280): I 03/05/2013 13:58:18:126 00000516           HttpServer| GC End.
I/APP     ( 1280): I 03/05/2013 13:58:24:884 00000516           HttpServer| Process URI: '/app/index_erb.iseq'
I/APP     ( 1280): I 03/05/2013 13:58:24:888 00000516                  APP| RHO serve_index: /app/index_erb.iseq
I/APP     ( 1280): I 03/05/2013 13:58:24:905 00000516 RHO Rho::RhoController| inst_render_index
I/APP     ( 1280): I 03/05/2013 13:58:24:974 00000516           HttpServer| GC Start.
I/APP     ( 1280): I 03/05/2013 13:58:25:023 00000516           HttpServer| GC End.
I/APP     ( 1280): I 03/05/2013 13:58:31:527 00000516           HttpServer| Process URI: '/app/Menu/info'
I/APP     ( 1280): I 03/05/2013 13:58:31:529 00000516                  APP| RHO serve: /app/Menu/info
I/APP     ( 1280): I 03/05/2013 13:58:31:547 00000516              RhoRuby| require_compiled: Menu/menu_controller
I/APP     ( 1280): I 03/05/2013 13:58:31:648 00000516           HttpServer| GC Start.
I/APP     ( 1280): I 03/05/2013 13:58:31:734 00000516           HttpServer| GC End.
D/dalvikvm(  179): GC_CONCURRENT freed 383K, 6% free 9533K/10119K, paused 10ms+4ms
W/ThrottleService(   77): unable to find stats for iface rmnet0
I/APP     ( 1280): I 03/05/2013 14:05:09:584 00000516           HttpServer| Process URI: '/app/index_erb.iseq'
I/APP     ( 1280): I 03/05/2013 14:05:09:586 00000516                  APP| RHO serve_index: /app/index_erb.iseq
I/APP     ( 1280): I 03/05/2013 14:05:09:609 00000516 RHO Rho::RhoController| inst_render_index
I/APP     ( 1280): I 03/05/2013 14:05:09:667 00000516           HttpServer| GC Start.
I/APP     ( 1280): I 03/05/2013 14:05:09:752 00000516           HttpServer| GC End.
I/APP     ( 1280): I 03/05/2013 14:05:14:516 00000516           HttpServer| Process URI: '/app/Product'
I/APP     ( 1280): I 03/05/2013 14:05:14:517 00000516                  APP| RHO serve: /app/Product
I/APP     ( 1280): I 03/05/2013 14:05:14:520 00000516              RhoRuby| require_compiled: Product/product_controller
I/APP     ( 1280): I 03/05/2013 14:05:14:561 00000516                  APP| const_missing: Product
I/APP     ( 1280): I 03/05/2013 14:05:14:563 00000516                  APP| load_model: Product
I/APP     ( 1280): I 03/05/2013 14:05:14:599 00000516              RhoRuby| require_compiled: Product/product
I/APP     ( 1280): I 03/05/2013 14:05:14:699 00000516                  APP| model name: Product
I/APP     ( 1280): I 03/05/2013 14:05:14:711 00000516                  APP| model class found
I/APP     ( 1280): I 03/05/2013 14:05:14:714 00000516                  APP| Product : {"property"=>{}}
I/APP     ( 1280): I 03/05/2013 14:05:14:732 00000516                  APP| init_db_sources
I/APP     ( 1280): I 03/05/2013 14:05:14:735 00000516                  APP| start_id: 40005
I/APP     ( 1280): I 03/05/2013 14:05:14:761 00000516                  APP| Migrate schema sources: {}
I/APP     ( 1280): I 03/05/2013 14:05:14:920 00000516           HttpServer| GC Start.
I/APP     ( 1280): I 03/05/2013 14:05:14:987 00000516           HttpServer| GC End.
D/dalvikvm(  134): GC_CONCURRENT freed 371K, 30% free 9823K/13959K, paused 4ms+6ms
D/dalvikvm(  179): GC_CONCURRENT freed 384K, 6% free 9533K/10119K, paused 11ms+4ms
D/dalvikvm(  198): GC_CONCURRENT freed 643K, 7% free 11322K/12103K, paused 12ms+5ms
I/APP     ( 1280): I 03/05/2013 14:10:13:891 00000516           HttpServer| Process URI: '/app/Product/sub_categories'
I/APP     ( 1280): I 03/05/2013 14:10:13:893 00000516                  APP| RHO serve: /app/Product/sub_categories
I/APP     ( 1280): I 03/05/2013 14:10:13:913 00000516                  APP| Params: {"product"=>"arbeitsbuehnen"}
I/APP     ( 1280): I 03/05/2013 14:10:14:002 00000516           HttpServer| GC Start.
I/APP     ( 1280): I 03/05/2013 14:10:14:042 00000516           HttpServer| GC End.
I/APP     ( 1280): I 03/05/2013 14:10:17:012 00000516           HttpServer| Process URI: '/app/Product/product_details'
I/APP     ( 1280): I 03/05/2013 14:10:17:013 00000516                  APP| RHO serve: /app/Product/product_details
I/APP     ( 1280): I 03/05/2013 14:10:17:035 00000516                  APP| Params: {"product"=>"scherenbuehnen", "category"=>"arbeitsbuehnen"}
I/APP     ( 1280): I 03/05/2013 14:10:17:126 00000516           HttpServer| GC Start.
I/APP     ( 1280): I 03/05/2013 14:10:17:172 00000516           HttpServer| GC End.
I/APP     ( 1280): I 03/05/2013 14:10:21:967 00000516           HttpServer| Process URI: '/app/Product/sub_categories'
I/APP     ( 1280): I 03/05/2013 14:10:21:969 00000516                  APP| RHO serve: /app/Product/sub_categories
I/APP     ( 1280): I 03/05/2013 14:10:22:005 00000516                  APP| Params: {"product"=>"arbeitsbuehnen"}
I/APP     ( 1280): I 03/05/2013 14:10:22:113 00000516           HttpServer| GC Start.
I/APP     ( 1280): I 03/05/2013 14:10:22:152 00000516           HttpServer| GC End.
I/APP     ( 1280): I 03/05/2013 14:10:50:900 00000516           HttpServer| Process URI: '/app/Product'
I/APP     ( 1280): I 03/05/2013 14:10:50:902 00000516                  APP| RHO serve: /app/Product
I/APP     ( 1280): I 03/05/2013 14:10:50:985 00000516           HttpServer| GC Start.
I/APP     ( 1280): I 03/05/2013 14:10:51:031 00000516           HttpServer| GC End.
I/APP     ( 1280): I 03/05/2013 14:11:13:926 00000516           HttpServer| Process URI: '/app/Product/sub_categories'
I/APP     ( 1280): I 03/05/2013 14:11:13:928 00000516                  APP| RHO serve: /app/Product/sub_categories
I/APP     ( 1280): I 03/05/2013 14:11:13:930 00000516                  APP| Params: {"product"=>"arbeitsbuehnen"}
I/APP     ( 1280): I 03/05/2013 14:11:14:011 00000516           HttpServer| GC Start.
I/APP     ( 1280): I 03/05/2013 14:11:14:050 00000516           HttpServer| GC End.
I/APP     ( 1280): I 03/05/2013 14:11:35:145 00000516           HttpServer| Process URI: '/app/Product/product_details'
I/APP     ( 1280): I 03/05/2013 14:11:35:147 00000516                  APP| RHO serve: /app/Product/product_details
I/APP     ( 1280): I 03/05/2013 14:11:35:169 00000516                  APP| Params: {"product"=>"scherenbuehnen", "category"=>"arbeitsbuehnen"}
I/APP     ( 1280): I 03/05/2013 14:11:35:265 00000516           HttpServer| GC Start.
I/APP     ( 1280): I 03/05/2013 14:11:35:314 00000516           HttpServer| GC End.
I/APP     ( 1280): I 03/05/2013 14:12:18:499 00000516           HttpServer| Process URI: '/app/Product/sub_categories'
I/APP     ( 1280): I 03/05/2013 14:12:18:501 00000516                  APP| RHO serve: /app/Product/sub_categories
I/APP     ( 1280): I 03/05/2013 14:12:18:504 00000516                  APP| Params: {"product"=>"arbeitsbuehnen"}
I/APP     ( 1280): I 03/05/2013 14:12:18:587 00000516           HttpServer| GC Start.
I/APP     ( 1280): I 03/05/2013 14:12:18:632 00000516           HttpServer| GC End.
F/BatteryStatsImpl(   77): problem reading network stats
F/BatteryStatsImpl(   77): java.lang.IllegalStateException: problem parsing idx 1
F/BatteryStatsImpl(   77): 	at com.android.internal.net.NetworkStatsFactory.readNetworkStatsDetail(NetworkStatsFactory.java:300)
F/BatteryStatsImpl(   77): 	at com.android.internal.net.NetworkStatsFactory.readNetworkStatsDetail(NetworkStatsFactory.java:250)
F/BatteryStatsImpl(   77): 	at com.android.internal.os.BatteryStatsImpl.getNetworkStatsDetailGroupedByUid(BatteryStatsImpl.java:5734)
F/BatteryStatsImpl(   77): 	at com.android.internal.os.BatteryStatsImpl.access$100(BatteryStatsImpl.java:76)
F/BatteryStatsImpl(   77): 	at com.android.internal.os.BatteryStatsImpl$Uid.computeCurrentTcpBytesReceived(BatteryStatsImpl.java:2457)
F/BatteryStatsImpl(   77): 	at com.android.internal.os.BatteryStatsImpl$Uid.getTcpBytesReceived(BatteryStatsImpl.java:2446)
F/BatteryStatsImpl(   77): 	at com.android.internal.os.BatteryStatsImpl.writeSummaryToParcel(BatteryStatsImpl.java:5437)
F/BatteryStatsImpl(   77): 	at com.android.internal.os.BatteryStatsImpl.writeLocked(BatteryStatsImpl.java:4836)
F/BatteryStatsImpl(   77): 	at com.android.internal.os.BatteryStatsImpl.writeAsyncLocked(BatteryStatsImpl.java:4818)
F/BatteryStatsImpl(   77): 	at com.android.server.am.ActivityManagerService.updateCpuStatsNow(ActivityManagerService.java:1652)
F/BatteryStatsImpl(   77): 	at com.android.server.am.ActivityManagerService$3.run(ActivityManagerService.java:1534)
F/BatteryStatsImpl(   77): Caused by: java.io.FileNotFoundException: /proc/net/xt_qtaguid/stats: open failed: ENOENT (No such file or directory)
F/BatteryStatsImpl(   77): 	at libcore.io.IoBridge.open(IoBridge.java:406)
F/BatteryStatsImpl(   77): 	at java.io.FileInputStream.<init>(FileInputStream.java:78)
F/BatteryStatsImpl(   77): 	at com.android.internal.net.NetworkStatsFactory.readNetworkStatsDetail(NetworkStatsFactory.java:269)
F/BatteryStatsImpl(   77): 	... 10 more
F/BatteryStatsImpl(   77): Caused by: libcore.io.ErrnoException: open failed: ENOENT (No such file or directory)
F/BatteryStatsImpl(   77): 	at libcore.io.Posix.open(Native Method)
F/BatteryStatsImpl(   77): 	at libcore.io.BlockGuardOs.open(BlockGuardOs.java:110)
F/BatteryStatsImpl(   77): 	at libcore.io.IoBridge.open(IoBridge.java:390)
F/BatteryStatsImpl(   77): 	... 12 more
D/dalvikvm(   77): GC_CONCURRENT freed 514K, 13% free 11293K/12871K, paused 9ms+9ms
I/APP     ( 1280): I 03/05/2013 14:12:34:513 00000516           HttpServer| Process URI: '/app/Product/product_details'
I/APP     ( 1280): I 03/05/2013 14:12:34:515 00000516                  APP| RHO serve: /app/Product/product_details
I/APP     ( 1280): I 03/05/2013 14:12:34:533 00000516                  APP| Params: {"product"=>"teleskopbuehnen", "category"=>"arbeitsbuehnen"}
I/APP     ( 1280): I 03/05/2013 14:12:34:623 00000516           HttpServer| GC Start.
I/APP     ( 1280): I 03/05/2013 14:12:34:664 00000516           HttpServer| GC End.
D/dalvikvm( 1280): GC_CONCURRENT freed 1016K, 9% free 12556K/13703K, paused 7ms+7ms
I/APP     ( 1280): I 03/05/2013 14:13:15:213 00000516           HttpServer| Process URI: '/app/Product/sub_categories'
I/APP     ( 1280): I 03/05/2013 14:13:15:215 00000516                  APP| RHO serve: /app/Product/sub_categories
I/APP     ( 1280): I 03/05/2013 14:13:15:218 00000516                  APP| Params: {"product"=>"arbeitsbuehnen"}
I/APP     ( 1280): I 03/05/2013 14:13:15:306 00000516           HttpServer| GC Start.
I/APP     ( 1280): I 03/05/2013 14:13:15:352 00000516           HttpServer| GC End.
I/APP     ( 1280): I 03/05/2013 14:13:36:629 00000516           HttpServer| Process URI: '/app/Product/product_details'
I/APP     ( 1280): I 03/05/2013 14:13:36:630 00000516                  APP| RHO serve: /app/Product/product_details
I/APP     ( 1280): I 03/05/2013 14:13:36:651 00000516                  APP| Params: {"product"=>"gelenkarbeitsbuehnen", "category"=>"arbeitsbuehnen"}
I/APP     ( 1280): I 03/05/2013 14:13:36:734 00000516           HttpServer| GC Start.
I/APP     ( 1280): I 03/05/2013 14:13:36:769 00000516           HttpServer| GC End.
I/APP     ( 1280): I 03/05/2013 14:14:39:156 00000516           HttpServer| Process URI: '/app/Product/sub_categories'
I/APP     ( 1280): I 03/05/2013 14:14:39:158 00000516                  APP| RHO serve: /app/Product/sub_categories
I/APP     ( 1280): I 03/05/2013 14:14:39:161 00000516                  APP| Params: {"product"=>"arbeitsbuehnen"}
I/APP     ( 1280): I 03/05/2013 14:14:39:236 00000516           HttpServer| GC Start.
I/APP     ( 1280): I 03/05/2013 14:14:39:290 00000516           HttpServer| GC End.
W/ThrottleService(   77): unable to find stats for iface rmnet0
I/APP     ( 1280): I 03/05/2013 14:14:42:061 00000516           HttpServer| Process URI: '/app/Product'
I/APP     ( 1280): I 03/05/2013 14:14:42:064 00000516                  APP| RHO serve: /app/Product
I/APP     ( 1280): I 03/05/2013 14:14:42:148 00000516           HttpServer| GC Start.
I/APP     ( 1280): I 03/05/2013 14:14:42:195 00000516           HttpServer| GC End.
D/dalvikvm(  179): GC_CONCURRENT freed 384K, 6% free 9533K/10119K, paused 4ms+4ms
D/dalvikvm(  179): GC_CONCURRENT freed 383K, 6% free 9533K/10119K, paused 5ms+4ms
I/APP     ( 1280): I 03/05/2013 14:24:27:033 00000516           HttpServer| Process URI: '/app/Product/sub_categories'
I/APP     ( 1280): I 03/05/2013 14:24:27:035 00000516                  APP| RHO serve: /app/Product/sub_categories
I/APP     ( 1280): I 03/05/2013 14:24:27:057 00000516                  APP| Params: {"product"=>"arbeitsbuehnen"}
I/APP     ( 1280): I 03/05/2013 14:24:27:146 00000516           HttpServer| GC Start.
I/APP     ( 1280): I 03/05/2013 14:24:27:185 00000516           HttpServer| GC End.
W/ThrottleService(   77): unable to find stats for iface rmnet0
F/NetworkStats(   77): problem reading network stats
F/NetworkStats(   77): java.lang.IllegalStateException: problem parsing idx 1
F/NetworkStats(   77): 	at com.android.internal.net.NetworkStatsFactory.readNetworkStatsDetail(NetworkStatsFactory.java:300)
F/NetworkStats(   77): 	at com.android.server.NetworkManagementService.getNetworkStatsUidDetail(NetworkManagementService.java:1282)
F/NetworkStats(   77): 	at com.android.server.net.NetworkStatsService.performPollLocked(NetworkStatsService.java:831)
F/NetworkStats(   77): 	at com.android.server.net.NetworkStatsService.performPoll(NetworkStatsService.java:799)
F/NetworkStats(   77): 	at com.android.server.net.NetworkStatsService.access$100(NetworkStatsService.java:128)
F/NetworkStats(   77): 	at com.android.server.net.NetworkStatsService$3.onReceive(NetworkStatsService.java:633)
F/NetworkStats(   77): 	at android.app.LoadedApk$ReceiverDispatcher$Args.run(LoadedApk.java:728)
F/NetworkStats(   77): 	at android.os.Handler.handleCallback(Handler.java:605)
F/NetworkStats(   77): 	at android.os.Handler.dispatchMessage(Handler.java:92)
F/NetworkStats(   77): 	at android.os.Looper.loop(Looper.java:137)
F/NetworkStats(   77): 	at android.os.HandlerThread.run(HandlerThread.java:60)
F/NetworkStats(   77): Caused by: java.io.FileNotFoundException: /proc/net/xt_qtaguid/stats: open failed: ENOENT (No such file or directory)
F/NetworkStats(   77): 	at libcore.io.IoBridge.open(IoBridge.java:406)
F/NetworkStats(   77): 	at java.io.FileInputStream.<init>(FileInputStream.java:78)
F/NetworkStats(   77): 	at com.android.internal.net.NetworkStatsFactory.readNetworkStatsDetail(NetworkStatsFactory.java:269)
F/NetworkStats(   77): 	... 10 more
F/NetworkStats(   77): Caused by: libcore.io.ErrnoException: open failed: ENOENT (No such file or directory)
F/NetworkStats(   77): 	at libcore.io.Posix.open(Native Method)
F/NetworkStats(   77): 	at libcore.io.BlockGuardOs.open(BlockGuardOs.java:110)
F/NetworkStats(   77): 	at libcore.io.IoBridge.open(IoBridge.java:390)
F/NetworkStats(   77): 	... 12 more
D/dalvikvm(   77): GC_CONCURRENT freed 570K, 13% free 11267K/12871K, paused 7ms+7ms
D/dalvikvm(  179): GC_CONCURRENT freed 384K, 6% free 9533K/10119K, paused 12ms+4ms
I/APP     ( 1280): I 03/05/2013 14:28:53:154 00000516           HttpServer| Process URI: '/app/Product'
I/APP     ( 1280): I 03/05/2013 14:28:53:155 00000516                  APP| RHO serve: /app/Product
I/APP     ( 1280): I 03/05/2013 14:28:53:238 00000516           HttpServer| GC Start.
I/APP     ( 1280): I 03/05/2013 14:28:53:304 00000516           HttpServer| GC End.
I/APP     ( 1280): I 03/05/2013 14:28:56:594 00000516           HttpServer| Process URI: '/app/Product/sub_categories'
I/APP     ( 1280): I 03/05/2013 14:28:56:595 00000516                  APP| RHO serve: /app/Product/sub_categories
I/APP     ( 1280): I 03/05/2013 14:28:56:616 00000516                  APP| Params: {"product"=>"arbeitsbuehnen"}
I/APP     ( 1280): I 03/05/2013 14:28:56:698 00000516           HttpServer| GC Start.
I/APP     ( 1280): I 03/05/2013 14:28:56:743 00000516           HttpServer| GC End.
I/APP     ( 1280): I 03/05/2013 14:29:02:609 00000516           HttpServer| Process URI: '/app/Product'
I/APP     ( 1280): I 03/05/2013 14:29:02:611 00000516                  APP| RHO serve: /app/Product
I/APP     ( 1280): I 03/05/2013 14:29:02:691 00000516           HttpServer| GC Start.
I/APP     ( 1280): I 03/05/2013 14:29:02:734 00000516           HttpServer| GC End.
I/APP     ( 1280): I 03/05/2013 14:29:04:756 00000516           HttpServer| Process URI: '/app/Product/sub_categories'
I/APP     ( 1280): I 03/05/2013 14:29:04:758 00000516                  APP| RHO serve: /app/Product/sub_categories
I/APP     ( 1280): I 03/05/2013 14:29:04:778 00000516                  APP| Params: {"product"=>"teleskopstapler"}
I/APP     ( 1280): I 03/05/2013 14:29:04:864 00000516           HttpServer| GC Start.
I/APP     ( 1280): I 03/05/2013 14:29:04:906 00000516           HttpServer| GC End.
W/webview ( 1280): Stale touch event ACTION_DOWN received from webcore; ignoring
I/APP     ( 1280): I 03/05/2013 14:31:10:152 00000516           HttpServer| Process URI: '/app/Product'
I/APP     ( 1280): I 03/05/2013 14:31:10:153 00000516                  APP| RHO serve: /app/Product
I/APP     ( 1280): I 03/05/2013 14:31:10:232 00000516           HttpServer| GC Start.
I/APP     ( 1280): I 03/05/2013 14:31:10:278 00000516           HttpServer| GC End.
I/APP     ( 1280): I 03/05/2013 14:31:15:165 00000516           HttpServer| Process URI: '/app/Product/sub_categories'
I/APP     ( 1280): I 03/05/2013 14:31:15:167 00000516                  APP| RHO serve: /app/Product/sub_categories
I/APP     ( 1280): I 03/05/2013 14:31:15:186 00000516                  APP| Params: {"product"=>"industriestapler"}
I/APP     ( 1280): I 03/05/2013 14:31:15:266 00000516           HttpServer| GC Start.
I/APP     ( 1280): I 03/05/2013 14:31:15:313 00000516           HttpServer| GC End.
W/ThrottleService(   77): unable to find stats for iface rmnet0
D/dalvikvm(  179): GC_CONCURRENT freed 384K, 6% free 9533K/10119K, paused 25ms+4ms
I/APP     ( 1280): I 03/05/2013 14:38:20:214 00000516           HttpServer| Process URI: '/app/Product'
I/APP     ( 1280): I 03/05/2013 14:38:20:216 00000516                  APP| RHO serve: /app/Product
I/APP     ( 1280): I 03/05/2013 14:38:20:298 00000516           HttpServer| GC Start.
I/APP     ( 1280): I 03/05/2013 14:38:20:340 00000516           HttpServer| GC End.
I/APP     ( 1280): I 03/05/2013 14:38:28:815 00000516           HttpServer| Process URI: '/app/Product/sub_categories'
I/APP     ( 1280): I 03/05/2013 14:38:28:817 00000516                  APP| RHO serve: /app/Product/sub_categories
I/APP     ( 1280): I 03/05/2013 14:38:28:820 00000516                  APP| Params: {"product"=>"industriestapler"}
I/APP     ( 1280): I 03/05/2013 14:38:28:906 00000516           HttpServer| GC Start.
I/APP     ( 1280): I 03/05/2013 14:38:28:947 00000516           HttpServer| GC End.
I/APP     ( 1280): I 03/05/2013 14:38:58:347 00000516           HttpServer| Process URI: '/app/Product/product_details'
I/APP     ( 1280): I 03/05/2013 14:38:58:350 00000516                  APP| RHO serve: /app/Product/product_details
I/APP     ( 1280): I 03/05/2013 14:38:58:371 00000516                  APP| Params: {"product"=>"industrie_diesel_gas", "category"=>"industriestapler"}
I/APP     ( 1280): I 03/05/2013 14:38:58:491 00000516           HttpServer| GC Start.
I/APP     ( 1280): I 03/05/2013 14:38:58:537 00000516           HttpServer| GC End.
I/APP     ( 1280): I 03/05/2013 14:39:00:645 00000516           HttpServer| Process URI: '/app/Product/sub_categories'
I/APP     ( 1280): I 03/05/2013 14:39:00:647 00000516                  APP| RHO serve: /app/Product/sub_categories
I/APP     ( 1280): I 03/05/2013 14:39:00:649 00000516                  APP| Params: {"product"=>"industriestapler"}
I/APP     ( 1280): I 03/05/2013 14:39:00:743 00000516           HttpServer| GC Start.
I/APP     ( 1280): I 03/05/2013 14:39:00:806 00000516           HttpServer| GC End.
I/APP     ( 1280): I 03/05/2013 14:39:51:658 00000516           HttpServer| Process URI: '/app/Product'
I/APP     ( 1280): I 03/05/2013 14:39:51:659 00000516                  APP| RHO serve: /app/Product
I/APP     ( 1280): I 03/05/2013 14:39:51:736 00000516           HttpServer| GC Start.
I/APP     ( 1280): I 03/05/2013 14:39:51:782 00000516           HttpServer| GC End.
I/APP     ( 1280): I 03/05/2013 14:41:01:478 00000516           HttpServer| Process URI: '/app/Product/sub_categories'
I/APP     ( 1280): I 03/05/2013 14:41:01:480 00000516                  APP| RHO serve: /app/Product/sub_categories
I/APP     ( 1280): I 03/05/2013 14:41:01:502 00000516                  APP| Params: {"product"=>"gelaendestapler"}
I/APP     ( 1280): I 03/05/2013 14:41:01:574 00000516           HttpServer| GC Start.
I/APP     ( 1280): I 03/05/2013 14:41:01:625 00000516           HttpServer| GC End.
D/dalvikvm(   77): GC_CONCURRENT freed 454K, 13% free 11249K/12871K, paused 17ms+10ms
I/APP     ( 1280): I 03/05/2013 14:42:16:156 00000516           HttpServer| Process URI: '/app/Product'
I/APP     ( 1280): I 03/05/2013 14:42:16:158 00000516                  APP| RHO serve: /app/Product
I/APP     ( 1280): I 03/05/2013 14:42:16:236 00000516           HttpServer| GC Start.
I/APP     ( 1280): I 03/05/2013 14:42:16:283 00000516           HttpServer| GC End.
D/dalvikvm(  179): GC_CONCURRENT freed 384K, 6% free 9533K/10119K, paused 11ms+4ms
F/BatteryStatsImpl(   77): problem reading network stats
F/BatteryStatsImpl(   77): java.lang.IllegalStateException: problem parsing idx 1
F/BatteryStatsImpl(   77): 	at com.android.internal.net.NetworkStatsFactory.readNetworkStatsDetail(NetworkStatsFactory.java:300)
F/BatteryStatsImpl(   77): 	at com.android.internal.net.NetworkStatsFactory.readNetworkStatsDetail(NetworkStatsFactory.java:250)
