I/APP     (  627): I 03/25/2013 10:28:27:981 00000288         AppCallbacks| process command: LOCAL-SERVER-STARTED
I/APP     (  627): I 03/25/2013 10:28:27:982 00000288 RhodesAppActiveObserver| Ready
I/APP     (  627): I 03/25/2013 10:28:27:987 00000273 AndroidFunctionality| Disable WebView zoom
I/APP     (  627): I 03/25/2013 10:28:27:987 00000273 AndroidFunctionality| Set web plugins state 'OFF'
I/APP     (  627): I 03/25/2013 10:28:28:003 00000288    RhodesApplication| New AppState: AppActivated
I/APP     (  627): I 03/25/2013 10:28:28:004 00000288         AppCallbacks| process command: UI-CREATED
V/EmulatedCamera_Factory(   38): getCameraInfo: id = 0
V/EmulatedCamera_Camera(   38): getCameraInfo
V/EmulatedCamera_Factory(   38): getCameraInfo: id = 0
V/EmulatedCamera_Camera(   38): getCameraInfo
I/CameraService(   38): Opening camera 0
V/EmulatedCamera_Factory(   38): cameraDeviceOpen: id = 0
V/EmulatedCamera_Camera(   38): connectCamera
V/EmulatedCamera_FakeDevice(   38): connectDevice
V/EmulatedCamera_CallbackNotifier(   38): setCallbacks: 0x405954e9, 0x40595f9d, 0x40595f01, 0x40597359 (0x15a48)
V/EmulatedCamera_CallbackNotifier(   38): enableMessage: msg_type = 0x40d
V/EmulatedCamera_CallbackNotifier(   38):     CAMERA_MSG_ERROR
V/EmulatedCamera_CallbackNotifier(   38):     CAMERA_MSG_FOCUS
V/EmulatedCamera_CallbackNotifier(   38):     CAMERA_MSG_ZOOM
V/EmulatedCamera_CallbackNotifier(   38):     CAMERA_MSG_PREVIEW_METADATA
V/EmulatedCamera_CallbackNotifier(   38): **** Currently enabled messages:
V/EmulatedCamera_CallbackNotifier(   38):     CAMERA_MSG_ERROR
V/EmulatedCamera_CallbackNotifier(   38):     CAMERA_MSG_FOCUS
V/EmulatedCamera_CallbackNotifier(   38):     CAMERA_MSG_ZOOM
V/EmulatedCamera_CallbackNotifier(   38):     CAMERA_MSG_PREVIEW_METADATA
I/AwesomePlayer(   38): setDataSource_l('/system/media/audio/ui/camera_click.ogg')
I/APP     (  627): I 03/25/2013 10:28:28:096 0000028a           HttpServer| Process URI: '/system/uicreated'
I/APP     (  627): I 03/25/2013 10:28:28:100 0000028a                  APP| on_ui_created.navigate to start url: '/app'
I/APP     (  627): I 03/25/2013 10:28:28:176 00000288         AppCallbacks| process command: APP-ACTIVATED
I/APP     (  627): I 03/25/2013 10:28:28:181 0000028a           HttpServer| Process URI: '/system/activateapp'
I/APP     (  627): I 03/25/2013 10:28:28:211 00000288         AppCallbacks| ThreadQueue blocked for 4294967295 seconds...
I/AwesomePlayer(   38): setDataSource_l('/system/media/audio/ui/VideoRecord.ogg')
V/EmulatedCamera_CallbackNotifier(   38): disableMessage: msg_type = 0x10
V/EmulatedCamera_CallbackNotifier(   38):     CAMERA_MSG_PREVIEW_FRAME
V/EmulatedCamera_CallbackNotifier(   38): **** Currently enabled messages:
V/EmulatedCamera_CallbackNotifier(   38):     CAMERA_MSG_ERROR
V/EmulatedCamera_CallbackNotifier(   38):     CAMERA_MSG_FOCUS
V/EmulatedCamera_CallbackNotifier(   38):     CAMERA_MSG_ZOOM
V/EmulatedCamera_CallbackNotifier(   38):     CAMERA_MSG_PREVIEW_METADATA
V/EmulatedCamera_CallbackNotifier(   38): disableMessage: msg_type = 0xffff
V/EmulatedCamera_CallbackNotifier(   38):     CAMERA_MSG_ERROR
V/EmulatedCamera_CallbackNotifier(   38):     CAMERA_MSG_SHUTTER
V/EmulatedCamera_CallbackNotifier(   38):     CAMERA_MSG_FOCUS
V/EmulatedCamera_CallbackNotifier(   38):     CAMERA_MSG_ZOOM
V/EmulatedCamera_CallbackNotifier(   38):     CAMERA_MSG_PREVIEW_FRAME
V/EmulatedCamera_CallbackNotifier(   38):     CAMERA_MSG_VIDEO_FRAME
V/EmulatedCamera_CallbackNotifier(   38):     CAMERA_MSG_POSTVIEW_FRAME
V/EmulatedCamera_CallbackNotifier(   38):     CAMERA_MSG_RAW_IMAGE
V/EmulatedCamera_CallbackNotifier(   38):     CAMERA_MSG_COMPRESSED_IMAGE
V/EmulatedCamera_CallbackNotifier(   38):     CAMERA_MSG_RAW_IMAGE_NOTIFY
V/EmulatedCamera_CallbackNotifier(   38):     CAMERA_MSG_PREVIEW_METADATA
V/EmulatedCamera_CallbackNotifier(   38): **** Currently enabled messages:
V/EmulatedCamera_Camera(   38): doStopPreview
V/EmulatedCamera_Camera(   38): cancelPicture
V/EmulatedCamera_Camera(   38): releaseCamera
V/EmulatedCamera_Camera(   38): doStopPreview
V/EmulatedCamera_FakeDevice(   38): disconnectDevice
I/CameraService(   38): Destroying camera 0
V/EmulatedCamera_Camera(   38): closeCamera
V/EmulatedCamera_Camera(   38): doStopPreview
W/AudioFlinger(   38): session id 5 not found for pid 38
V/EmulatedCamera_Factory(   38): getCameraInfo: id = 0
V/EmulatedCamera_Camera(   38): getCameraInfo
W/AudioFlinger(   38): session id 6 not found for pid 38
I/APP     (  627): I 03/25/2013 10:28:28:437 00000273         SplashScreen| navigate: url=http://localhost:8080/app
I/APP     (  627): I 03/25/2013 10:28:28:442 00000273         SplashScreen| DELAY for SplashScreen = 0
I/APP     (  627): I 03/25/2013 10:28:28:470 00000273        GoogleWebView| Creating new RhoWebChromeClient
I/APP     (  627): I 03/25/2013 10:28:28:478 00000273       SimpleMainView| Cleared URL: http://localhost:8080/app
V/SimpleMainView.View(  627): ms[1364203708525]  Main Window :: onSizeChanged() old [ 480 x 762 ]  new [ 0 x 0 ]
I/APP     (  627): I 03/25/2013 10:28:28:560 00000273        GoogleWebView| Setting RhoWebChromeClient
I/APP     (  627): I 03/25/2013 10:28:28:597 0000028a           HttpServer| Process URI: '/app'
I/APP     (  627): I 03/25/2013 10:28:28:645 00000273     RhoWebViewClient| Loading URL: http://localhost:8080/app/index_erb.iseq
I/APP     (  627): I 03/25/2013 10:28:28:663 0000028a           HttpServer| Process URI: '/app/index_erb.iseq'
I/APP     (  627): I 03/25/2013 10:28:28:669 0000028a                  APP| RHO serve_index: /app/index_erb.iseq
I/APP     (  627): I 03/25/2013 10:28:28:676 0000028a RHO Rho::RhoController| inst_render_index
I/APP     (  627): I 03/25/2013 10:28:28:726 0000028a RHO Rho::RhoController| index layout
I/APP     (  627): I 03/25/2013 10:28:28:789 0000028a           HttpServer| GC Start.
I/APP     (  627): I 03/25/2013 10:28:28:853 0000028a           HttpServer| GC End.
I/APP     (  627): I 03/25/2013 10:28:28:981 0000028a           HttpServer| Process URI: '/public/js/request.js'
I/APP     (  627): I 03/25/2013 10:28:29:129 0000028a           HttpServer| Process URI: '/public/jquery/jquery-1.6.4.min.js'
I/APP     (  627): I 03/25/2013 10:28:29:185 0000028a           HttpServer| Process URI: '/public/jquery/jquery.json-2.3.min.js'
I/APP     (  627): I 03/25/2013 10:28:29:237 0000028a           HttpServer| Process URI: '/public/jqmobile/jquery.mobile-1.0.1.min.css'
I/APP     (  627): I 03/25/2013 10:28:29:294 0000028a           HttpServer| Process URI: '/public/css/jqmobile-patch.css'
I/APP     (  627): I 03/25/2013 10:28:29:317 0000028a           HttpServer| Process URI: '/public/jqmobile/jquery.mobile-1.0.1.min.js'
I/APP     (  627): I 03/25/2013 10:28:29:387 0000028a           HttpServer| Process URI: '/public/js/jqmobile-patch.js'
I/APP     (  627): I 03/25/2013 10:28:29:415 0000028a           HttpServer| Process URI: '/public/css/macotec_style.css'
I/APP     (  627): I 03/25/2013 10:28:32:651 0000028a           HttpServer| Process URI: '/public/images/macotec/logo.png'
I/APP     (  627): I 03/25/2013 10:28:33:303 0000028a           HttpServer| Process URI: '/public/images/macotec/request_top.png'
I/APP     (  627): I 03/25/2013 10:28:33:379 0000028a           HttpServer| Process URI: '/public/images/macotec/contact_png.png'
I/APP     (  627): I 03/25/2013 10:28:33:477 0000028a           HttpServer| Process URI: '/public/images/macotec/products_png.png'
I/APP     (  627): I 03/25/2013 10:28:33:513 0000028a           HttpServer| Process URI: '/public/images/macotec/info_png.png'
I/APP     (  627): I 03/25/2013 10:28:33:564 0000028a           HttpServer| Process URI: '/public/images/macotec/attention.png'
I/APP     (  627): I 03/25/2013 10:28:40:717 0000028a           HttpServer| Process URI: '/app/Menu/info'
I/APP     (  627): I 03/25/2013 10:28:40:719 0000028a                  APP| RHO serve: /app/Menu/info
I/APP     (  627): I 03/25/2013 10:28:40:733 0000028a              RhoRuby| require_compiled: Menu/menu_controller
I/APP     (  627): I 03/25/2013 10:28:40:754 0000028a              RhoRuby| require_compiled: helpers/browser_helper
I/APP     (  627): I 03/25/2013 10:28:40:834 0000028a              RhoRuby| require_compiled: json
I/APP     (  627): I 03/25/2013 10:28:40:847 0000028a              RhoRuby| require_compiled: json/common
I/APP     (  627): I 03/25/2013 10:28:40:941 0000028a              RhoRuby| require_compiled: json/version
I/APP     (  627): I 03/25/2013 10:28:40:966 0000028a              RhoRuby| require_compiled: json/pure
I/APP     (  627): I 03/25/2013 10:28:41:024 0000028a              RhoRuby| require_compiled: json/pure/generator
I/APP     (  627): I 03/25/2013 10:28:41:180 0000028a                  APP| const_missing: Device
I/APP     (  627): I 03/25/2013 10:28:41:188 0000028a                  APP| load_model: Device
I/APP     (  627): I 03/25/2013 10:28:41:208 0000028a              RhoRuby| require_compiled: Device/device
I/APP     (  627): I 03/25/2013 10:28:41:235 0000028a              RhoRuby| require_compiled: date
I/APP     (  627): I 03/25/2013 10:28:41:265 0000028a              RhoRuby| require_compiled: dateOrig
I/APP     (  627): I 03/25/2013 10:28:41:544 0000028a              RhoRuby| require_compiled: date/format
D/dalvikvm(  627): GC_CONCURRENT freed 927K, 8% free 12504K/13511K, paused 4ms+28ms
D/webviewglue(  627): nativeDestroy view: 0x282a20
I/APP     (  627): E 03/25/2013 10:28:41:921 0000028a               RubyVM| lib/date.rb:14: warning: already initialized constant MONTHNAMES
I/APP     (  627): E 03/25/2013 10:28:41:922 0000028a               RubyVM| lib/date.rb:15: warning: already initialized constant ABBR_MONTHNAMES
I/APP     (  627): E 03/25/2013 10:28:41:925 0000028a               RubyVM| lib/date.rb:16: warning: already initialized constant DAYNAMES
I/APP     (  627): E 03/25/2013 10:28:41:926 0000028a               RubyVM| lib/date.rb:17: warning: already initialized constant ABBR_DAYNAMES
I/APP     (  627): I 03/25/2013 10:28:41:932 0000028a              RhoRuby| require_compiled: Connection/connection_controller
I/APP     (  627): I 03/25/2013 10:28:41:948 0000028a                  APP| model name: Device
I/APP     (  627): I 03/25/2013 10:28:41:949 0000028a                  APP| model class found
I/APP     (  627): I 03/25/2013 10:28:41:964 0000028a                  APP| Device : {"schema"=>{"property"=>{"device_id"=>[:string, nil], "device_os"=>[:string, nil], "last_sync"=>[:string, nil], "language"=>[:string, nil], "device_os_version"=>[:string, nil], "token"=>[:string, nil], "model"=>[:string, nil]}}}
I/APP     (  627): I 03/25/2013 10:28:41:969 0000028a                   DB| Open DB: /data/data/com.rhomobile.macotec/rhodata/db/syncdblocal.sqlite
I/APP     (  627): I 03/25/2013 10:28:41:986 0000028a                  APP| init_db_sources
I/APP     (  627): I 03/25/2013 10:28:42:016 0000028a                  APP| start_id: 40005
I/APP     (  627): I 03/25/2013 10:28:42:053 0000028a                  APP| Migrate schema sources: {}
I/APP     (  627): I 03/25/2013 10:28:42:115 0000028a                  APP| found device:
I/APP     (  627): I 03/25/2013 10:28:42:132 0000028a                  APP| 
I/APP     (  627): I 03/25/2013 10:28:42:216 0000028a              PhoneId| Serial#: 
I/APP     (  627): I 03/25/2013 10:28:42:234 0000028a              PhoneId| ANDROID_ID: e9cd8f4ebe4066fb
I/APP     (  627): E 03/25/2013 10:28:42:236 0000028a              PhoneId| Phone capability is disabled< cannot access telephony service for its device id.
I/APP     (  627): I 03/25/2013 10:28:42:249 0000028a              PhoneId| Generated phone id: 7823dd1e-9f70-348d-86c3-3e1ec83a2e0a
I/APP     (  627): I 03/25/2013 10:28:42:254 0000028a                  APP| App error: Non-exist property : hardware_id. For model : Device
I/APP     (  627):  lib/rhom/rhom_object_factory.rb:118:in `check_freezing_model'
I/APP     (  627): lib/rhom/rhom_object_factory.rb:99:in `method_missing'
I/APP     (  627): apps/app/Device/device.rb:25:in `create_from_system'
I/APP     (  627): apps/app/Device/device.rb:39:in `get_device'
I/APP     (  627): apps/app/Device/device.rb:29:in `instance'
I/APP     (  627): apps/app/Menu/menu_controller.rb:16:in `info'
I/APP     (  627): lib/rho/rhocontroller.rb:104:in `serve'
I/APP     (  627): lib/rho/rhoapplication.rb:226:in `serve'
I/APP     (  627): lib/rho/rho.rb:879:in `serve'
I/APP     (  627): I 03/25/2013 10:28:42:325 0000028a           HttpServer| GC Start.
I/APP     (  627): I 03/25/2013 10:28:42:401 0000028a           HttpServer| GC End.
W/ThrottleService(   81): unable to find stats for iface rmnet0
D/AndroidRuntime(  669): 
D/AndroidRuntime(  669): >>>>>> AndroidRuntime START com.android.internal.os.RuntimeInit <<<<<<
D/AndroidRuntime(  669): CheckJNI is ON
D/AndroidRuntime(  669): Calling main entry com.android.commands.pm.Pm
W/ActivityManager(   81): No content provider found for permission revoke: file:///data/local/tmp/MacoTec-debug.apk
W/ActivityManager(   81): No content provider found for permission revoke: file:///data/local/tmp/MacoTec-debug.apk
D/dalvikvm(   81): GC_CONCURRENT freed 342K, 12% free 11353K/12807K, paused 9ms+26ms
D/dalvikvm(   81): GC_CONCURRENT freed 289K, 10% free 11548K/12807K, paused 15ms+6ms
D/dalvikvm(   81): GC_CONCURRENT freed 486K, 10% free 11612K/12807K, paused 6ms+8ms
D/dalvikvm(   81): GC_CONCURRENT freed 549K, 10% free 11607K/12807K, paused 6ms+8ms
D/dalvikvm(   81): GC_CONCURRENT freed 533K, 10% free 11619K/12807K, paused 16ms+7ms
D/dalvikvm(   81): GC_CONCURRENT freed 554K, 10% free 11626K/12807K, paused 17ms+9ms
D/dalvikvm(   81): GC_CONCURRENT freed 569K, 10% free 11629K/12807K, paused 6ms+9ms
D/dalvikvm(  167): GC_CONCURRENT freed 384K, 6% free 9533K/10119K, paused 4ms+4ms
I/PackageManager(   81): Removing non-system package:com.rhomobile.macotec
I/ActivityManager(   81): Force stopping package com.rhomobile.macotec uid=10040
I/ActivityManager(   81): Killing proc 627:com.rhomobile.macotec/10040: force stop
W/ActivityManager(   81): Force removing ActivityRecord{413f3eb8 com.rhomobile.macotec/com.rhomobile.rhodes.RhodesActivity}: app died, no saved state
I/WindowManager(   81): WIN DEATH: Window{41492f68 com.rhomobile.macotec/com.rhomobile.rhodes.RhodesActivity paused=false}
W/NetworkManagementSocketTagger(   81): setKernelCountSet(10040, 0) failed with errno -2
W/NetworkManagementSocketTagger(   81): setKernelCountSet(10009, 1) failed with errno -2
W/InputManagerService(   81): Got RemoteException sending setActive(false) notification to pid 627 uid 10040
I/PackageManager(   81): Package com.rhomobile.macotec codePath changed from /data/app/com.rhomobile.macotec-2.apk to /data/app/com.rhomobile.macotec-1.apk; Retaining data and using new
I/PackageManager(   81): Running dexopt on: com.rhomobile.macotec
D/dalvikvm(  680): DexOpt: load 86ms, verify+opt 518ms
W/PackageManager(   81): Code path for pkg : com.rhomobile.macotec changing from /data/app/com.rhomobile.macotec-2.apk to /data/app/com.rhomobile.macotec-1.apk
W/PackageManager(   81): Resource path for pkg : com.rhomobile.macotec changing from /data/app/com.rhomobile.macotec-2.apk to /data/app/com.rhomobile.macotec-1.apk
I/ActivityManager(   81): Force stopping package com.rhomobile.macotec uid=10040
D/dalvikvm(   81): GC_CONCURRENT freed 536K, 9% free 11658K/12807K, paused 5ms+13ms
D/PackageManager(   81): New package installed in /data/app/com.rhomobile.macotec-1.apk
I/ActivityManager(   81): Force stopping package com.rhomobile.macotec uid=10040
D/dalvikvm(  184): GC_EXPLICIT freed 261K, 6% free 11323K/11975K, paused 7ms+4ms
D/dalvikvm(  235): GC_EXPLICIT freed 149K, 4% free 9387K/9735K, paused 2ms+5ms
D/PackageManager(   81): generateServicesMap(android.accounts.AccountAuthenticator): 2 services unchanged
D/PackageManager(   81): generateServicesMap(android.content.SyncAdapter): 4 services unchanged
D/BackupManagerService(   81): Received broadcast Intent { act=android.intent.action.PACKAGE_REMOVED dat=package:com.rhomobile.macotec flg=0x10000010 (has extras) }
D/dalvikvm(   81): GC_EXPLICIT freed 742K, 13% free 11183K/12807K, paused 4ms+7ms
I/AccountTypeManager(  307): Loaded meta-data for 1 account types, 0 accounts in 217ms(wall) 7ms(cpu)
D/PackageManager(   81): generateServicesMap(android.accounts.AccountAuthenticator): 2 services unchanged
D/PackageManager(   81): generateServicesMap(android.content.SyncAdapter): 4 services unchanged
D/BackupManagerService(   81): Received broadcast Intent { act=android.intent.action.PACKAGE_ADDED dat=package:com.rhomobile.macotec flg=0x10000010 (has extras) }
V/BackupManagerService(   81): updatePackageParticipantsLocked: #1
W/RecognitionManagerService(   81): no available voice recognition services found
I/AccountTypeManager(  307): Loaded meta-data for 1 account types, 0 accounts in 449ms(wall) 8ms(cpu)
D/BackupManagerService(   81): Received broadcast Intent { act=android.intent.action.PACKAGE_REPLACED dat=package:com.rhomobile.macotec flg=0x10000010 (has extras) }
V/BackupManagerService(   81): updatePackageParticipantsLocked: #1
D/dalvikvm(   81): GC_CONCURRENT freed 416K, 12% free 11308K/12807K, paused 5ms+9ms
D/dalvikvm(   81): GC_EXPLICIT freed 189K, 13% free 11181K/12807K, paused 4ms+18ms
D/AndroidRuntime(  669): Shutting down VM
D/dalvikvm(  669): GC_CONCURRENT freed 97K, 79% free 450K/2048K, paused 1ms+1ms
I/AndroidRuntime(  669): NOTE: attach of thread 'Binder Thread #3' failed
D/AndroidRuntime(  688): 
D/AndroidRuntime(  688): >>>>>> AndroidRuntime START com.android.internal.os.RuntimeInit <<<<<<
D/AndroidRuntime(  688): CheckJNI is ON
D/AndroidRuntime(  688): Calling main entry com.android.commands.am.Am
I/ActivityManager(   81): START {act=android.intent.action.MAIN flg=0x10000000 cmp=com.rhomobile.macotec/com.rhomobile.rhodes.RhodesActivity} from pid 688
W/WindowManager(   81): Failure taking screenshot for (180x300) to layer 21005
D/AndroidRuntime(  688): Shutting down VM
D/dalvikvm(  688): GC_CONCURRENT freed 97K, 77% free 479K/2048K, paused 1ms+1ms
I/AndroidRuntime(  688): NOTE: attach of thread 'Binder Thread #3' failed
I/ActivityManager(   81): Start proc com.rhomobile.macotec for activity com.rhomobile.macotec/com.rhomobile.rhodes.RhodesActivity: pid=698 uid=10040 gids={3003, 1006}
I/dalvikvm(  698): Turning on JNI app bug workarounds for target SDK version 4...
W/NetworkManagementSocketTagger(   81): setKernelCountSet(10040, 1) failed with errno -2
I/Process (   81): Sending signal. PID: 698 SIG: 3
I/dalvikvm(  698): threadid=3: reacting to signal 3
I/dalvikvm(  698): Wrote stack traces to '/data/anr/traces.txt'
D/dalvikvm(  698): Trying to load lib /data/data/com.rhomobile.macotec/lib/librhodes.so 0x4129dd30
D/dalvikvm(  698): Added shared lib /data/data/com.rhomobile.macotec/lib/librhodes.so 0x4129dd30
D/dalvikvm(  698): Trying to load lib /data/data/com.rhomobile.macotec/lib/librhodes.so 0x4129dd30
D/dalvikvm(  698): Shared lib '/data/data/com.rhomobile.macotec/lib/librhodes.so' already loaded in same CL 0x4129dd30
I/ActivityThread(  698): Pub com.rhomobile.macotec: com.rhomobile.rhodes.LocalFileProvider
I/RhodesApplication(  698): Initializing...
D/RhoFileApi(  698): App root path: /data/data/com.rhomobile.macotec/rhodata/
D/RhoFileApi(  698): Sqlite journals path: /data/data/com.rhomobile.macotec/sqlite_stmt_journals/
D/RhoFileApi(  698): Shared path: /data/data/com.rhomobile.macotec/rhodata/
D/RhodesApplication(  698): Root path: /data/data/com.rhomobile.macotec/rhodata/
I/RhodesApplication(  698): Application hash was changed
D/RhoFileApi(  698): Copy hash to FS
D/RhoFileApi(  698): File hash copied
D/RhoFileApi(  698): Copy rho.dat to FS
D/RhoFileApi(  698): File rho.dat copied
D/RhoFileApi(  698): Copy apps/rhoconfig.txt to FS
D/RhoFileApi(  698): File apps/rhoconfig.txt copied
I/RhoFileApi(  698): Opening stat table from FS: /data/data/com.rhomobile.macotec/rhodata/rho.dat
D/RhoFileApi(  698): Copy apps/rhoconfig.txt to FS
D/RhoFileApi(  698): File apps/rhoconfig.txt copied
D/RhoFileApi(  698): App root path: /data/data/com.rhomobile.macotec/rhodata/
D/RhoFileApi(  698): Sqlite journals path: /data/data/com.rhomobile.macotec/sqlite_stmt_journals/
D/RhoFileApi(  698): Shared path: /data/data/com.rhomobile.macotec/rhodata/
I/APP     (  698): I 03/25/2013 10:33:13:084 000002ba    RhodesApplication| Initialized
I/Process (   81): Sending signal. PID: 698 SIG: 3
I/dalvikvm(  698): threadid=3: reacting to signal 3
I/dalvikvm(  698): Wrote stack traces to '/data/anr/traces.txt'
I/APP     (  698): I 03/25/2013 10:33:13:175 000002ba         BaseActivity| New screen properties - width: 480, height: 800, orientation: 1
I/APP     (  698): I 03/25/2013 10:33:13:293 000002ba         SplashScreen| Looking for start page source
D/dalvikvm(  698): GC_CONCURRENT freed 288K, 4% free 9236K/9607K, paused 9ms+4ms
D/dalvikvm(  698): GC_FOR_ALLOC freed 7K, 4% free 9228K/9607K, paused 53ms
I/dalvikvm-heap(  698): Grow heap (frag case) to 12.147MB for 3217300-byte allocation
I/Process (   81): Sending signal. PID: 698 SIG: 3
I/dalvikvm(  698): threadid=3: reacting to signal 3
I/dalvikvm(  698): Wrote stack traces to '/data/anr/traces.txt'
D/dalvikvm(  698): GC_FOR_ALLOC freed <1K, 4% free 12370K/12807K, paused 75ms
I/APP     (  698): I 03/25/2013 10:33:13:965 000002ba         SplashScreen| Done
I/APP     (  698): I 03/25/2013 10:33:13:968 000002ba    RhodesApplication| New UiState: MainActivityCreated
I/APP     (  698): I 03/25/2013 10:33:13:972 000002ba       RhodesActivity| onStart
I/APP     (  698): I 03/25/2013 10:33:13:977 000002ba    RhodesApplication| New UiState: MainActivityStarted
I/APP     (  698): I 03/25/2013 10:33:13:982 000002ba       RhodesActivity| onResume
I/APP     (  698): I 03/25/2013 10:33:13:985 000002ba AndroidFunctionality| Resume WebView
I/APP     (  698): I 03/25/2013 10:33:14:020 000002ba        RhodesService| onCreate
I/APP     (  698): I 03/25/2013 10:33:14:021 000002ba    LocalFileProvider| Revoke URI permissions: content:///com.rhomobile.macotec
W/ActivityManager(   81): No content provider found for permission revoke: content:///com.rhomobile.macotec
I/APP     (  698): I 03/25/2013 10:33:14:038 000002ba               Rhodes| Loading...
I/APP     (  698): I 03/25/2013 10:33:14:041 000002ba            RhodesApp| Trying to get free listening port.
I/APP     (  698): I 03/25/2013 10:33:14:047 000002ba            RhodesApp| Trying to bind of 8080 port...
I/APP     (  698): I 03/25/2013 10:33:14:051 000002ba            RhodesApp| Got port to bind on: 8080
I/APP     (  698): I 03/25/2013 10:33:14:054 000002ba            RhodesApp| Free listening port: 8080
I/APP     (  698): I 03/25/2013 10:33:14:059 000002d0         AppCallbacks| Starting main routine...
I/APP     (  698): I 03/25/2013 10:33:14:068 000002d0         AppCallbacks| ThreadQueue blocked for 4294967295 seconds...
I/Process (   81): Sending signal. PID: 698 SIG: 3
I/dalvikvm(  698): threadid=3: reacting to signal 3
I/dalvikvm(  698): Wrote stack traces to '/data/anr/traces.txt'
I/APP     (  698): I 03/25/2013 10:33:14:150 000002ba        RhodesService| Push is disabled
I/APP     (  698): I 03/25/2013 10:33:14:151 000002ba            RhodesApp| callAppActiveCallback
I/APP     (  698): I 03/25/2013 10:33:14:157 000002ba         AppCallbacks| addCommand: APP-ACTIVATED
I/APP     (  698): I 03/25/2013 10:33:14:164 000002d0         AppCallbacks| Received command APP-ACTIVATED which is greater than expected (LOCAL-SERVER-STARTED) - postpone it
I/APP     (  698): I 03/25/2013 10:33:14:165 000002d0         AppCallbacks| ThreadQueue blocked for 4294967295 seconds...
I/APP     (  698): I 03/25/2013 10:33:14:170 000002ba         AppActivated| Cannot commit now, application will be activated when started.
I/APP     (  698): I 03/25/2013 10:33:14:174 000002ba    RhodesApplication| New AppState: Undefined
D/RhodesService(  698): +++ onStartCommand
I/APP     (  698): I 03/25/2013 10:33:14:183 000002d2            RhodesApp| Starting RhodesApp main routine...
I/RhodesService(  698): handleCommand: startId=1, source=com.rhomobile.rhodes.BaseActivity
D/RhodesService(  698): New activity was created
I/APP     (  698): I 03/25/2013 10:33:14:214 000002ba        RhodesService| onBind
I/APP     (  698): I 03/25/2013 10:33:14:239 000002ba         AppCallbacks| addCommand: UI-CREATED
I/APP     (  698): I 03/25/2013 10:33:14:251 000002d0         AppCallbacks| Received command UI-CREATED which is greater than expected (LOCAL-SERVER-STARTED) - postpone it
I/APP     (  698): I 03/25/2013 10:33:14:254 000002d0         AppCallbacks| ThreadQueue blocked for 4294967295 seconds...
V/PhoneStatusBar(  140): setLightsOn(true)
I/APP     (  698): I 03/25/2013 10:33:14:329 000002ba       RhodesActivity| onServiceConnected: {com.rhomobile.macotec/com.rhomobile.rhodes.RhodesService}
I/APP     (  698): I 03/25/2013 10:33:14:340 000002ba       RhodesActivity| New start parameters: 
I/APP     (  698): I 03/25/2013 10:33:14:341 000002ba            RhodesApp| New start params: 
D/gralloc_goldfish(  698): Emulator without GPU emulation detected.
I/ActivityManager(   81): Displayed com.rhomobile.macotec/com.rhomobile.rhodes.RhodesActivity: +2s763ms
I/APP     (  698): I 03/25/2013 10:33:14:876 000002d2              RhoRuby| Init_RhoBlobs: /data/data/com.rhomobile.macotec/rhodata/db/db-files
W/NetworkManagementSocketTagger(   81): setKernelCountSet(10009, 0) failed with errno -2
I/APP     (  698): I 03/25/2013 10:33:14:960 000002d2              RhoRuby| require_compiled: rhoframework
I/APP     (  698): I 03/25/2013 10:33:14:999 000002d2              RhoRuby| require_compiled: rational
I/APP     (  698): I 03/25/2013 10:33:15:010 000002d2              RhoRuby| require_compiled: rhom/rhom_db_adapter
I/APP     (  698): I 03/25/2013 10:33:15:060 000002d2              RhoRuby| require_compiled: rhodes
I/APP     (  698): I 03/25/2013 10:33:15:072 000002d2              RhoRuby| require_compiled: rhom/rhom_object
I/APP     (  698): I 03/25/2013 10:33:15:090 000002d2              RhoRuby| require_compiled: rhofsconnector
I/APP     (  698): I 03/25/2013 10:33:15:093 000002d2              RhoRuby| require_compiled: rho/rhofsconnector
I/APP     (  698): I 03/25/2013 10:33:15:116 000002d2              RhoRuby| require_compiled: rhom/rhom_object_factory
I/APP     (  698): I 03/25/2013 10:33:15:267 000002d2              RhoRuby| require_compiled: rhom/rhom
I/APP     (  698): I 03/25/2013 10:33:15:297 000002d2              RhoRuby| require_compiled: rhom/rhom_model
I/APP     (  698): I 03/25/2013 10:33:15:323 000002d2              RhoRuby| require_compiled: rhom
I/APP     (  698): I 03/25/2013 10:33:15:327 000002d2              RhoRuby| require_compiled: rho/rhoapplication
I/APP     (  698): I 03/25/2013 10:33:15:364 000002d2              RhoRuby| require_compiled: rholang/localization_simplified
I/APP     (  698): I 03/25/2013 10:33:15:395 000002d2              RhoRuby| require_compiled: rho/rhomsg
I/APP     (  698): I 03/25/2013 10:33:15:406 000002d2              RhoRuby| require_compiled: rho/rhotabbar
I/APP     (  698): I 03/25/2013 10:33:15:418 000002d2              RhoRuby| require_compiled: rho/rhotoolbar
I/APP     (  698): I 03/25/2013 10:33:15:428 000002d2                  APP| Current locale: ; Country code: 
I/APP     (  698): I 03/25/2013 10:33:15:433 000002d2                  APP| Locilized file: /data/data/com.rhomobile.macotec/rhodata/lib/rholang/lang_
I/APP     (  698): I 03/25/2013 10:33:15:443 000002d2              RhoRuby| require_compiled: /data/data/com.rhomobile.macotec/rhodata/lib/rholang/lang_en
I/APP     (  698): I 03/25/2013 10:33:15:459 000002d2                  APP| Locilized file: /data/data/com.rhomobile.macotec/rhodata/apps/app/lang/lang_
I/APP     (  698): I 03/25/2013 10:33:15:461 000002d2              RhoRuby| require_compiled: /data/data/com.rhomobile.macotec/rhodata/apps/app/lang/lang_en
I/APP     (  698): I 03/25/2013 10:33:15:505 000002d2                  APP| Locilized file: /data/data/com.rhomobile.macotec/rhodata/lib/rholang/rhoerror_
I/APP     (  698): I 03/25/2013 10:33:15:516 000002d2              RhoRuby| require_compiled: /data/data/com.rhomobile.macotec/rhodata/lib/rholang/rhoerror_en
I/APP     (  698): I 03/25/2013 10:33:15:540 000002d2                  APP| Locilized file: /data/data/com.rhomobile.macotec/rhodata/lib/rholang/rhomsg_
I/APP     (  698): I 03/25/2013 10:33:15:542 000002d2              RhoRuby| require_compiled: /data/data/com.rhomobile.macotec/rhodata/lib/rholang/rhomsg_en
I/APP     (  698): I 03/25/2013 10:33:15:561 000002d2              RhoRuby| require_compiled: indifferent_access
I/APP     (  698): I 03/25/2013 10:33:15:632 000002d2              RhoRuby| require_compiled: rho/rhosupport
I/APP     (  698): I 03/25/2013 10:33:15:710 000002d2              RhoRuby| require_compiled: rho/rhocontroller
I/APP     (  698): I 03/25/2013 10:33:15:772 000002d2              RhoRuby| require_compiled: rho/render
I/APP     (  698): I 03/25/2013 10:33:15:845 000002d2              RhoRuby| require_compiled: rho/rho
I/APP     (  698): I 03/25/2013 10:33:16:065 000002d2              RhoRuby| require_compiled: rho/rhoerror
I/APP     (  698): I 03/25/2013 10:33:16:078 000002d2              RhoRuby| require_compiled: rhom/rhom_source
I/APP     (  698): I 03/25/2013 10:33:16:105 000002d2              RhoRuby| require_compiled: rho/rhoviewhelpers
I/APP     (  698): I 03/25/2013 10:33:16:128 000002d2              RhoRuby| require_compiled: rho
I/APP     (  698): I 03/25/2013 10:33:16:132 000002d2                  APP| RHO loaded
I/APP     (  698): I 03/25/2013 10:33:16:141 000002d2                  APP| Calling RHO.initialize
I/APP     (  698): I 03/25/2013 10:33:16:148 000002d2                  APP| model file: Device/device
I/APP     (  698): I 03/25/2013 10:33:16:153 000002d2                  APP| model file: Settings/settings
I/APP     (  698): I 03/25/2013 10:33:16:157 000002d2                  APP| model file: Devproduct/devproduct
I/APP     (  698): I 03/25/2013 10:33:16:161 000002d2                  APP| model file: Image/image
I/APP     (  698): I 03/25/2013 10:33:16:171 000002d2                  APP| model file: Product/product
I/APP     (  698): I 03/25/2013 10:33:16:173 000002d2                  APP| model file: Request/request
I/APP     (  698): I 03/25/2013 10:33:16:183 000002d2                   DB| Open DB: /data/data/com.rhomobile.macotec/rhodata/db/syncdbuser.sqlite
I/APP     (  698): I 03/25/2013 10:33:16:200 000002d2          GeoLocation| Creating singleton instance.
I/APP     (  698): I 03/25/2013 10:33:16:201 000002d2            RhodesApp| Starting sync engine...
I/APP     (  698): I 03/25/2013 10:33:16:206 000002d2                 Sync| sync_poll_interval: 0
I/APP     (  698): I 03/25/2013 10:33:16:209 000002d2                 Sync| syncserver: 
I/APP     (  698): I 03/25/2013 10:33:16:214 000002d2                 Sync| bulksync_state: 0
I/APP     (  698): I 03/25/2013 10:33:16:218 000002d2            RhodesApp| RhoRubyInitApp...
I/APP     (  698): I 03/25/2013 10:33:16:219 000002d2                  APP| init_app
I/APP     (  698): I 03/25/2013 10:33:16:223 000002d2              RhoRuby| require_compiled: application
I/APP     (  698): I 03/25/2013 10:33:16:238 000002d2                 Sync| Set notification. Source ID: -1;Url :http://localhost:8080/app/Settings/sync_notify; Params: 
I/APP     (  698): I 03/25/2013 10:33:16:239 000002d2           HttpServer| Start HTTP server
I/APP     (  698): I 03/25/2013 10:33:16:243 000002d2           HttpServer| Listen for connections on port 8080
I/APP     (  698): I 03/25/2013 10:33:16:248 000002d2         AppCallbacks| addCommand: LOCAL-SERVER-STARTED
I/APP     (  698): I 03/25/2013 10:33:16:252 000002d0         AppCallbacks| process command: LOCAL-SERVER-STARTED
I/APP     (  698): I 03/25/2013 10:33:16:253 000002d0 RhodesAppActiveObserver| Ready
I/APP     (  698): I 03/25/2013 10:33:16:261 000002ba AndroidFunctionality| Disable WebView zoom
I/APP     (  698): I 03/25/2013 10:33:16:262 000002ba AndroidFunctionality| Set web plugins state 'OFF'
I/APP     (  698): I 03/25/2013 10:33:16:281 000002d0    RhodesApplication| New AppState: AppActivated
I/APP     (  698): I 03/25/2013 10:33:16:282 000002d0         AppCallbacks| process command: UI-CREATED
V/EmulatedCamera_Factory(   38): getCameraInfo: id = 0
V/EmulatedCamera_Camera(   38): getCameraInfo
V/EmulatedCamera_Factory(   38): getCameraInfo: id = 0
V/EmulatedCamera_Camera(   38): getCameraInfo
I/CameraService(   38): Opening camera 0
V/EmulatedCamera_Factory(   38): cameraDeviceOpen: id = 0
V/EmulatedCamera_Camera(   38): connectCamera
V/EmulatedCamera_FakeDevice(   38): connectDevice
V/EmulatedCamera_CallbackNotifier(   38): setCallbacks: 0x405954e9, 0x40595f9d, 0x40595f01, 0x40597359 (0x15a48)
V/EmulatedCamera_CallbackNotifier(   38): enableMessage: msg_type = 0x40d
V/EmulatedCamera_CallbackNotifier(   38):     CAMERA_MSG_ERROR
V/EmulatedCamera_CallbackNotifier(   38):     CAMERA_MSG_FOCUS
V/EmulatedCamera_CallbackNotifier(   38):     CAMERA_MSG_ZOOM
V/EmulatedCamera_CallbackNotifier(   38):     CAMERA_MSG_PREVIEW_METADATA
V/EmulatedCamera_CallbackNotifier(   38): **** Currently enabled messages:
V/EmulatedCamera_CallbackNotifier(   38):     CAMERA_MSG_ERROR
V/EmulatedCamera_CallbackNotifier(   38):     CAMERA_MSG_FOCUS
V/EmulatedCamera_CallbackNotifier(   38):     CAMERA_MSG_ZOOM
V/EmulatedCamera_CallbackNotifier(   38):     CAMERA_MSG_PREVIEW_METADATA
I/AwesomePlayer(   38): setDataSource_l('/system/media/audio/ui/camera_click.ogg')
I/APP     (  698): I 03/25/2013 10:33:16:410 000002d2           HttpServer| Process URI: '/system/uicreated'
I/APP     (  698): I 03/25/2013 10:33:16:413 000002d2                  APP| on_ui_created.navigate to start url: '/app'
I/APP     (  698): I 03/25/2013 10:33:16:468 000002d0         AppCallbacks| process command: APP-ACTIVATED
I/APP     (  698): I 03/25/2013 10:33:16:517 000002d2           HttpServer| Process URI: '/system/activateapp'
I/APP     (  698): I 03/25/2013 10:33:16:529 000002d0         AppCallbacks| ThreadQueue blocked for 4294967295 seconds...
I/AwesomePlayer(   38): setDataSource_l('/system/media/audio/ui/VideoRecord.ogg')
V/EmulatedCamera_CallbackNotifier(   38): disableMessage: msg_type = 0x10
V/EmulatedCamera_CallbackNotifier(   38):     CAMERA_MSG_PREVIEW_FRAME
V/EmulatedCamera_CallbackNotifier(   38): **** Currently enabled messages:
V/EmulatedCamera_CallbackNotifier(   38):     CAMERA_MSG_ERROR
V/EmulatedCamera_CallbackNotifier(   38):     CAMERA_MSG_FOCUS
V/EmulatedCamera_CallbackNotifier(   38):     CAMERA_MSG_ZOOM
V/EmulatedCamera_CallbackNotifier(   38):     CAMERA_MSG_PREVIEW_METADATA
V/EmulatedCamera_CallbackNotifier(   38): disableMessage: msg_type = 0xffff
V/EmulatedCamera_CallbackNotifier(   38):     CAMERA_MSG_ERROR
V/EmulatedCamera_CallbackNotifier(   38):     CAMERA_MSG_SHUTTER
V/EmulatedCamera_CallbackNotifier(   38):     CAMERA_MSG_FOCUS
V/EmulatedCamera_CallbackNotifier(   38):     CAMERA_MSG_ZOOM
V/EmulatedCamera_CallbackNotifier(   38):     CAMERA_MSG_PREVIEW_FRAME
V/EmulatedCamera_CallbackNotifier(   38):     CAMERA_MSG_VIDEO_FRAME
V/EmulatedCamera_CallbackNotifier(   38):     CAMERA_MSG_POSTVIEW_FRAME
V/EmulatedCamera_CallbackNotifier(   38):     CAMERA_MSG_RAW_IMAGE
V/EmulatedCamera_CallbackNotifier(   38):     CAMERA_MSG_COMPRESSED_IMAGE
V/EmulatedCamera_CallbackNotifier(   38):     CAMERA_MSG_RAW_IMAGE_NOTIFY
V/EmulatedCamera_CallbackNotifier(   38):     CAMERA_MSG_PREVIEW_METADATA
V/EmulatedCamera_CallbackNotifier(   38): **** Currently enabled messages:
V/EmulatedCamera_Camera(   38): doStopPreview
V/EmulatedCamera_Camera(   38): cancelPicture
V/EmulatedCamera_Camera(   38): releaseCamera
V/EmulatedCamera_Camera(   38): doStopPreview
V/EmulatedCamera_FakeDevice(   38): disconnectDevice
I/CameraService(   38): Destroying camera 0
V/EmulatedCamera_Camera(   38): closeCamera
V/EmulatedCamera_Camera(   38): doStopPreview
W/AudioFlinger(   38): session id 7 not found for pid 38
V/EmulatedCamera_Factory(   38): getCameraInfo: id = 0
V/EmulatedCamera_Camera(   38): getCameraInfo
W/AudioFlinger(   38): session id 8 not found for pid 38
I/APP     (  698): I 03/25/2013 10:33:16:703 000002ba         SplashScreen| navigate: url=http://localhost:8080/app
I/APP     (  698): I 03/25/2013 10:33:16:715 000002ba         SplashScreen| DELAY for SplashScreen = 0
I/APP     (  698): I 03/25/2013 10:33:16:736 000002ba        GoogleWebView| Creating new RhoWebChromeClient
I/APP     (  698): I 03/25/2013 10:33:16:741 000002ba       SimpleMainView| Cleared URL: http://localhost:8080/app
V/SimpleMainView.View(  698): ms[1364203996815]  Main Window :: onSizeChanged() old [ 480 x 762 ]  new [ 0 x 0 ]
I/APP     (  698): I 03/25/2013 10:33:16:855 000002ba        GoogleWebView| Setting RhoWebChromeClient
I/APP     (  698): I 03/25/2013 10:33:16:909 000002d2           HttpServer| Process URI: '/app'
I/APP     (  698): I 03/25/2013 10:33:16:948 000002ba     RhoWebViewClient| Loading URL: http://localhost:8080/app/index_erb.iseq
I/APP     (  698): I 03/25/2013 10:33:16:978 000002d2           HttpServer| Process URI: '/app/index_erb.iseq'
I/APP     (  698): I 03/25/2013 10:33:16:984 000002d2                  APP| RHO serve_index: /app/index_erb.iseq
I/APP     (  698): I 03/25/2013 10:33:16:996 000002d2 RHO Rho::RhoController| inst_render_index
I/APP     (  698): I 03/25/2013 10:33:17:044 000002d2 RHO Rho::RhoController| index layout
I/APP     (  698): I 03/25/2013 10:33:17:116 000002d2           HttpServer| GC Start.
I/APP     (  698): I 03/25/2013 10:33:17:182 000002d2           HttpServer| GC End.
I/APP     (  698): I 03/25/2013 10:33:17:319 000002d2           HttpServer| Process URI: '/public/js/request.js'
I/APP     (  698): I 03/25/2013 10:33:17:401 000002d2           HttpServer| Process URI: '/public/jquery/jquery-1.6.4.min.js'
I/APP     (  698): I 03/25/2013 10:33:17:479 000002d2           HttpServer| Process URI: '/public/jquery/jquery.json-2.3.min.js'
I/APP     (  698): I 03/25/2013 10:33:17:513 000002d2           HttpServer| Process URI: '/public/jqmobile/jquery.mobile-1.0.1.min.css'
I/APP     (  698): I 03/25/2013 10:33:17:569 000002d2           HttpServer| Process URI: '/public/css/jqmobile-patch.css'
I/APP     (  698): I 03/25/2013 10:33:17:592 000002d2           HttpServer| Process URI: '/public/jqmobile/jquery.mobile-1.0.1.min.js'
I/APP     (  698): I 03/25/2013 10:33:17:676 000002d2           HttpServer| Process URI: '/public/js/jqmobile-patch.js'
I/APP     (  698): I 03/25/2013 10:33:17:697 000002d2           HttpServer| Process URI: '/public/css/macotec_style.css'
I/APP     (  698): I 03/25/2013 10:33:21:048 000002d2           HttpServer| Process URI: '/public/images/macotec/logo.png'
I/APP     (  698): I 03/25/2013 10:33:21:610 000002d2           HttpServer| Process URI: '/public/images/macotec/request_top.png'
I/APP     (  698): I 03/25/2013 10:33:21:697 000002d2           HttpServer| Process URI: '/public/images/macotec/contact_png.png'
I/APP     (  698): I 03/25/2013 10:33:21:704 000002d2           HttpServer| Process URI: '/public/images/macotec/products_png.png'
I/APP     (  698): I 03/25/2013 10:33:21:727 000002d2           HttpServer| Process URI: '/public/images/macotec/info_png.png'
I/APP     (  698): I 03/25/2013 10:33:21:755 000002d2           HttpServer| Process URI: '/public/images/macotec/attention.png'
F/BatteryStatsImpl(   81): problem reading network stats
F/BatteryStatsImpl(   81): java.lang.IllegalStateException: problem parsing idx 1
F/BatteryStatsImpl(   81): 	at com.android.internal.net.NetworkStatsFactory.readNetworkStatsDetail(NetworkStatsFactory.java:300)
F/BatteryStatsImpl(   81): 	at com.android.internal.net.NetworkStatsFactory.readNetworkStatsDetail(NetworkStatsFactory.java:250)
F/BatteryStatsImpl(   81): 	at com.android.internal.os.BatteryStatsImpl.getNetworkStatsDetailGroupedByUid(BatteryStatsImpl.java:5734)
F/BatteryStatsImpl(   81): 	at com.android.internal.os.BatteryStatsImpl.access$100(BatteryStatsImpl.java:76)
F/BatteryStatsImpl(   81): 	at com.android.internal.os.BatteryStatsImpl$Uid.computeCurrentTcpBytesReceived(BatteryStatsImpl.java:2457)
F/BatteryStatsImpl(   81): 	at com.android.internal.os.BatteryStatsImpl$Uid.getTcpBytesReceived(BatteryStatsImpl.java:2446)
F/BatteryStatsImpl(   81): 	at com.android.internal.os.BatteryStatsImpl.writeSummaryToParcel(BatteryStatsImpl.java:5437)
F/BatteryStatsImpl(   81): 	at com.android.internal.os.BatteryStatsImpl.writeLocked(BatteryStatsImpl.java:4836)
F/BatteryStatsImpl(   81): 	at com.android.internal.os.BatteryStatsImpl.writeAsyncLocked(BatteryStatsImpl.java:4818)
F/BatteryStatsImpl(   81): 	at com.android.server.am.ActivityManagerService.updateCpuStatsNow(ActivityManagerService.java:1652)
F/BatteryStatsImpl(   81): 	at com.android.server.am.ActivityManagerService$3.run(ActivityManagerService.java:1534)
F/BatteryStatsImpl(   81): Caused by: java.io.FileNotFoundException: /proc/net/xt_qtaguid/stats: open failed: ENOENT (No such file or directory)
F/BatteryStatsImpl(   81): 	at libcore.io.IoBridge.open(IoBridge.java:406)
F/BatteryStatsImpl(   81): 	at java.io.FileInputStream.<init>(FileInputStream.java:78)
F/BatteryStatsImpl(   81): 	at com.android.internal.net.NetworkStatsFactory.readNetworkStatsDetail(NetworkStatsFactory.java:269)
F/BatteryStatsImpl(   81): 	... 10 more
F/BatteryStatsImpl(   81): Caused by: libcore.io.ErrnoException: open failed: ENOENT (No such file or directory)
F/BatteryStatsImpl(   81): 	at libcore.io.Posix.open(Native Method)
F/BatteryStatsImpl(   81): 	at libcore.io.BlockGuardOs.open(BlockGuardOs.java:110)
F/BatteryStatsImpl(   81): 	at libcore.io.IoBridge.open(IoBridge.java:390)
F/BatteryStatsImpl(   81): 	... 12 more
W/ThrottleService(   81): unable to find stats for iface rmnet0
D/dalvikvm(   81): GC_CONCURRENT freed 404K, 13% free 11235K/12807K, paused 21ms+8ms
D/dalvikvm(  167): GC_CONCURRENT freed 383K, 6% free 9533K/10119K, paused 13ms+5ms
D/dalvikvm(  140): GC_CONCURRENT freed 452K, 30% free 9780K/13959K, paused 6ms+6ms
V/BackupManagerService(   81): Running a backup pass
V/BackupManagerService(   81): Backup requested but nothing pending
D/dalvikvm(  167): GC_CONCURRENT freed 384K, 6% free 9533K/10119K, paused 4ms+4ms
W/ThrottleService(   81): unable to find stats for iface rmnet0
I/APP     (  698): I 03/25/2013 10:50:50:932 000002d2           HttpServer| Process URI: '/app/Menu/info'
I/APP     (  698): I 03/25/2013 10:50:50:935 000002d2                  APP| RHO serve: /app/Menu/info
I/APP     (  698): I 03/25/2013 10:50:50:951 000002d2              RhoRuby| require_compiled: Menu/menu_controller
I/APP     (  698): I 03/25/2013 10:50:50:976 000002d2              RhoRuby| require_compiled: helpers/browser_helper
I/APP     (  698): I 03/25/2013 10:50:51:021 000002d2              RhoRuby| require_compiled: json
I/APP     (  698): I 03/25/2013 10:50:51:025 000002d2              RhoRuby| require_compiled: json/common
I/APP     (  698): I 03/25/2013 10:50:51:109 000002d2              RhoRuby| require_compiled: json/version
I/APP     (  698): I 03/25/2013 10:50:51:167 000002d2              RhoRuby| require_compiled: json/pure
I/APP     (  698): I 03/25/2013 10:50:51:223 000002d2              RhoRuby| require_compiled: json/pure/generator
I/APP     (  698): I 03/25/2013 10:50:51:371 000002d2                  APP| const_missing: Device
I/APP     (  698): I 03/25/2013 10:50:51:412 000002d2                  APP| load_model: Device
I/APP     (  698): I 03/25/2013 10:50:51:450 000002d2              RhoRuby| require_compiled: Device/device
I/APP     (  698): I 03/25/2013 10:50:51:467 000002d2              RhoRuby| require_compiled: date
I/APP     (  698): I 03/25/2013 10:50:51:498 000002d2              RhoRuby| require_compiled: dateOrig
I/APP     (  698): I 03/25/2013 10:50:51:777 000002d2              RhoRuby| require_compiled: date/format
D/dalvikvm(  698): GC_CONCURRENT freed 927K, 8% free 12503K/13511K, paused 9ms+4ms
D/webviewglue(  698): nativeDestroy view: 0x28d550
I/APP     (  698): E 03/25/2013 10:50:52:066 000002d2               RubyVM| lib/date.rb:14: warning: already initialized constant MONTHNAMES
I/APP     (  698): E 03/25/2013 10:50:52:067 000002d2               RubyVM| lib/date.rb:15: warning: already initialized constant ABBR_MONTHNAMES
I/APP     (  698): E 03/25/2013 10:50:52:069 000002d2               RubyVM| lib/date.rb:16: warning: already initialized constant DAYNAMES
I/APP     (  698): E 03/25/2013 10:50:52:071 000002d2               RubyVM| lib/date.rb:17: warning: already initialized constant ABBR_DAYNAMES
I/APP     (  698): I 03/25/2013 10:50:52:079 000002d2              RhoRuby| require_compiled: Connection/connection_controller
I/APP     (  698): I 03/25/2013 10:50:52:100 000002d2                  APP| model name: Device
I/APP     (  698): I 03/25/2013 10:50:52:101 000002d2                  APP| model class found
I/APP     (  698): I 03/25/2013 10:50:52:113 000002d2                  APP| Device : {"schema"=>{"property"=>{"device_id"=>[:string, nil], "device_os"=>[:string, nil], "last_sync"=>[:string, nil], "language"=>[:string, nil], "device_os_version"=>[:string, nil], "token"=>[:string, nil], "model"=>[:string, nil]}}}
I/APP     (  698): I 03/25/2013 10:50:52:116 000002d2                   DB| Open DB: /data/data/com.rhomobile.macotec/rhodata/db/syncdblocal.sqlite
I/APP     (  698): I 03/25/2013 10:50:52:134 000002d2                  APP| init_db_sources
I/APP     (  698): I 03/25/2013 10:50:52:164 000002d2                  APP| start_id: 40006
I/APP     (  698): I 03/25/2013 10:50:52:167 000002d2                  APP| Migrate schema sources: {}
I/APP     (  698): I 03/25/2013 10:50:52:193 000002d2                  APP| found device:
I/APP     (  698): I 03/25/2013 10:50:52:195 000002d2                  APP| 
I/APP     (  698): I 03/25/2013 10:50:52:212 000002d2              PhoneId| Serial#: 
I/APP     (  698): I 03/25/2013 10:50:52:216 000002d2              PhoneId| ANDROID_ID: e9cd8f4ebe4066fb
I/APP     (  698): E 03/25/2013 10:50:52:225 000002d2              PhoneId| Phone capability is disabled< cannot access telephony service for its device id.
I/APP     (  698): I 03/25/2013 10:50:52:231 000002d2              PhoneId| Generated phone id: 7823dd1e-9f70-348d-86c3-3e1ec83a2e0a
I/APP     (  698): I 03/25/2013 10:50:52:242 000002d2                  APP| App error: Non-exist property : hardware_id. For model : Device
I/APP     (  698):  lib/rhom/rhom_object_factory.rb:118:in `check_freezing_model'
I/APP     (  698): lib/rhom/rhom_object_factory.rb:99:in `method_missing'
I/APP     (  698): apps/app/Device/device.rb:25:in `create_from_system'
I/APP     (  698): apps/app/Device/device.rb:39:in `get_device'
I/APP     (  698): apps/app/Device/device.rb:29:in `instance'
I/APP     (  698): apps/app/Menu/menu_controller.rb:16:in `info'
I/APP     (  698): lib/rho/rhocontroller.rb:104:in `serve'
I/APP     (  698): lib/rho/rhoapplication.rb:226:in `serve'
I/APP     (  698): lib/rho/rho.rb:879:in `serve'
I/APP     (  698): I 03/25/2013 10:50:52:276 000002d2           HttpServer| GC Start.
I/APP     (  698): I 03/25/2013 10:50:52:332 000002d2           HttpServer| GC End.
