I/APP     ( 5031): I 03/14/2013 14:49:36:255 000013be                  APP| ################# {"rho_callback"=>"1", "status"=>"ok", "http_error"=>"200", "headers"=>{"Content-Type"=>"application/x-www-form-urlencoded", "User-Agent"=>"Mozilla-5.0 (ANDROID; unknown generic; 4.0.4)", "charset"=>"UTF-8", "connection"=>"Keep-Alive", "content-type"=>"application/json", "date"=>"Thu, 14 Mar 2013 13:49:36 GMT", "keep-alive"=>"timeout=3, max=100", "server"=>"Apache/2.2.21 (Unix) mod_ssl/2.2.21 OpenSSL/0.9.8r", "transfer-encoding"=>"chunked", "x-pad"=>"avoid browser bug", "x-powered-by"=>"PHP/5.2.17"}, "body"=>"{\n    \"product1\": {\n        \"category\": \"working_platforms\",\n        \"category_name\": \"Arbeitsb\xC3\xBChnen\",\n        \"category_img_url\": \"\",\n        \"sub_category\": \"scissorslifts\",\n        \"sub_category_name\": \"Scherenb\xC3\xBChnen\",\n        \"sub_category_img_url\": \"\",\n        \"details\": \"scissors_lifts_diesel\",\n        \"details_name\": \"Scherenb\xC3\xBChne Diesel\",\n        \"detail_img_url\": \"http://www.maco-tec.de/images/content_pics/scherenbuehne_diesel_gr.jpg\",\n        \"header\": \"SCHERENB\xC3\x9CHNE DIESEL\",\n        \"attribute_1\": \"10,0 m - 33,0 m\",\n        \"attribute_title_1\": \"Arbeitsh\xC3\xB6he\",\n        \"attribute_2\": \"560 Kg - 1000 Kg\",\n        \"attribute_title_2\": \"Hublast\",\n        \"attribute_3\": \"3500 Kg - 33000 Kg\",\n        \"attribute_title_3\": \"Leergewicht\",\n        \"attribute_4\": \"Diesel\",\n        \"attribute_title_4\": \"Antrieb\",\n        \"attribute_5\": \"\",\n        \"attribute_title_5\": \"\",\n        \"attribute_list_title\": \"Ausstattungs-M\xC3\xB6glichkeiten\",\n        \"attribute_list\": \"4WD,Pendelachse,Differentialsperre,schmale oder breite Bauweise\"\n    },\n    \"product2\": {\n        \"category\": \"working_platforms\",\n        \"category_name\": \"Arbeitsb\xC3\xBChnen\",\n        \"category_img_url\": \"\",\n        \"sub_category\": \"scissorslifts\",\n        \"sub_category_name\": \"Scherenb\xC3\xBChnen\",\n        \"sub_category_img_url\": \"\",\n        \"details\": \"scissors_lifts_electro\",\n        \"details_name\": \"Scherenb\xC3\xBChne Elektro\",\n        \"detail_img_url\": \"http://www.maco-tec.de/images/content_pics/scherenbuehne_elektro_diesel_gr.jpg\",\n        \"header\": \"SCHERENB\xC3\x9CHNE ELEKTRO\",\n        \"attribute_1\": \"4,8 m - 28,0 m\",\n        \"attribute_title_1\": \"Arbeitsh\xC3\xB6he\",\n        \"attribute_2\": \"180 Kg - 750 Kg\",\n        \"attribute_title_2\": \"Hublast\",\n        \"attribute_3\": \"450 Kg - 18700 Kg\",\n        \"attribute_title_3\": \"Leergewicht\",\n        \"attribute_4\": \"Elektro\",\n        \"attribute_title_4\": \"Antrieb\",\n        \"attribute_5\": \"\",\n        \"attribute_title_5\": \"\",\n        \"attribute_list_title\": \"Ausstattungs-M\xC3\xB6glichkeiten\",\n        \"attribute_list\": \"4WD,Pendelachse,Differentialsperre,hydraulischer Niveauausgleich\"\n    },\n    \"product3\": {\n        \"category\": \"working_platforms\",\n        \"category_name\": \"Arbeitsb\xC3\xBChnen\",\n        \"category_img_url\": \"\",\n        \"sub_category\": \"telescopic_platforms\",\n        \"sub_category_name\": \"Teleskopb\xC3\xBChnen\",\n        \"sub_category_img_url\": \"\",\n        \"details\": \"telescopic_platform_diesel\",\n        \"details_name\": \"Teleskopb\xC3\xBChne Diesel\",\n        \"detail_img_url\": \"http://www.maco-tec.de/images/content_pics/teleskopbuehne_elektro_diesel_gr.jpg\",\n        \"header\": \"TELESKOPB\xC3\x9CHNE DIESEL\",\n        \"attribute_1\": \"14,0 m - 47,6 m\",\n        \"attribute_title_1\": \"Arbeitsh\xC3\xB6he\",\n        \"attribute_2\": \"10,4 m - 24,4 m\",\n        \"attribute_title_2\": \"seitliche Reichweite\",\n        \"attribute_3\": \"230 Kg - 450 Kg\",\n        \"attribute_title_3\": \"Korblast\",\n        \"attribute_4\": \"Diesel\",\n        \"attribute_title_4\": \"Antrieb\",\n        \"attribute_5\": \"6000 Kg - 21750 Kg\",\n        \"attribute_title_5\": \"Eigengewicht\",\
I/APP     ( 5031): I 03/14/2013 14:49:36:351 000013be                  APP| ::::::::::::::::::::::: update_product_list
I/APP     ( 5031): I 03/14/2013 14:49:41:497 000013cc            AsyncHttp| ThreadQueue blocked for 4294967295 seconds...
I/APP     ( 5031): I 03/14/2013 14:49:41:532 000013be           HttpServer| GC Start.
I/APP     ( 5031): I 03/14/2013 14:49:41:573 000013a7       SimpleMainView| Cleared URL: http://localhost:8080/app/Product
I/APP     ( 5031): I 03/14/2013 14:49:41:701 000013be           HttpServer| GC End.
I/APP     ( 5031): I 03/14/2013 14:49:41:707 000013be           HttpServer| Process URI: '/app/Product'
I/APP     ( 5031): I 03/14/2013 14:49:41:770 000013be                  APP| RHO serve: /app/Product
I/APP     ( 5031): I 03/14/2013 14:49:41:935 000013be RHO ProductController| Layout file: /data/data/com.rhomobile.macotec/rhodata/apps/app/layout_erb.iseq. Content size: 3718
I/APP     ( 5031): I 03/14/2013 14:49:42:012 000013be           HttpServer| GC Start.
I/APP     ( 5031): I 03/14/2013 14:49:42:096 000013be           HttpServer| GC End.
I/APP     ( 5031): I 03/14/2013 14:49:50:966 000013a7       SimpleMainView| Cleared URL: http://localhost:8080/app
I/APP     ( 5031): I 03/14/2013 14:49:51:020 000013a7     RhoWebViewClient| Loading URL: http://localhost:8080/app/index_erb.iseq
I/APP     ( 5031): I 03/14/2013 14:49:51:066 000013be           HttpServer| Process URI: '/app/index_erb.iseq'
I/APP     ( 5031): I 03/14/2013 14:49:51:069 000013be                  APP| RHO serve_index: /app/index_erb.iseq
I/APP     ( 5031): I 03/14/2013 14:49:51:109 000013be RHO Rho::RhoController| inst_render_index
I/APP     ( 5031): I 03/14/2013 14:49:51:228 000013be RHO Rho::RhoController| index layout
I/APP     ( 5031): I 03/14/2013 14:49:51:362 000013be           HttpServer| GC Start.
I/APP     ( 5031): I 03/14/2013 14:49:51:448 000013be           HttpServer| GC End.
I/APP     ( 5031): I 03/14/2013 14:49:56:979 000013be           HttpServer| Process URI: '/app/Product'
I/APP     ( 5031): I 03/14/2013 14:49:57:011 000013be                  APP| RHO serve: /app/Product
I/APP     ( 5031): I 03/14/2013 14:49:57:360 000013be           HttpServer| GC Start.
I/APP     ( 5031): I 03/14/2013 14:49:57:486 000013be           HttpServer| GC End.
I/APP     ( 5031): I 03/14/2013 14:49:59:428 000013a7       SimpleMainView| Cleared URL: http://localhost:8080/app
I/APP     ( 5031): I 03/14/2013 14:49:59:493 000013a7     RhoWebViewClient| Loading URL: http://localhost:8080/app/index_erb.iseq
I/APP     ( 5031): I 03/14/2013 14:49:59:532 000013be           HttpServer| Process URI: '/app/index_erb.iseq'
I/APP     ( 5031): I 03/14/2013 14:49:59:540 000013be                  APP| RHO serve_index: /app/index_erb.iseq
I/APP     ( 5031): I 03/14/2013 14:49:59:573 000013be RHO Rho::RhoController| inst_render_index
I/APP     ( 5031): I 03/14/2013 14:49:59:687 000013be RHO Rho::RhoController| index layout
I/APP     ( 5031): I 03/14/2013 14:49:59:809 000013be           HttpServer| GC Start.
I/APP     ( 5031): I 03/14/2013 14:50:00:213 000013be           HttpServer| GC End.
W/ThrottleService(   78): unable to find stats for iface rmnet0
D/dalvikvm(  161): GC_CONCURRENT freed 384K, 6% free 9533K/10119K, paused 7ms+4ms
F/BatteryStatsImpl(   78): problem reading network stats
F/BatteryStatsImpl(   78): java.lang.IllegalStateException: problem parsing idx 1
F/BatteryStatsImpl(   78): 	at com.android.internal.net.NetworkStatsFactory.readNetworkStatsDetail(NetworkStatsFactory.java:300)
F/BatteryStatsImpl(   78): 	at com.android.internal.net.NetworkStatsFactory.readNetworkStatsDetail(NetworkStatsFactory.java:250)
F/BatteryStatsImpl(   78): 	at com.android.internal.os.BatteryStatsImpl.getNetworkStatsDetailGroupedByUid(BatteryStatsImpl.java:5734)
F/BatteryStatsImpl(   78): 	at com.android.internal.os.BatteryStatsImpl.access$100(BatteryStatsImpl.java:76)
F/BatteryStatsImpl(   78): 	at com.android.internal.os.BatteryStatsImpl$Uid.computeCurrentTcpBytesReceived(BatteryStatsImpl.java:2457)
F/BatteryStatsImpl(   78): 	at com.android.internal.os.BatteryStatsImpl$Uid.getTcpBytesReceived(BatteryStatsImpl.java:2446)
F/BatteryStatsImpl(   78): 	at com.android.internal.os.BatteryStatsImpl.writeSummaryToParcel(BatteryStatsImpl.java:5437)
F/BatteryStatsImpl(   78): 	at com.android.internal.os.BatteryStatsImpl.writeLocked(BatteryStatsImpl.java:4836)
F/BatteryStatsImpl(   78): 	at com.android.internal.os.BatteryStatsImpl.writeAsyncLocked(BatteryStatsImpl.java:4818)
F/BatteryStatsImpl(   78): 	at com.android.server.am.ActivityManagerService.updateCpuStatsNow(ActivityManagerService.java:1652)
F/BatteryStatsImpl(   78): 	at com.android.server.am.ActivityManagerService$3.run(ActivityManagerService.java:1534)
F/BatteryStatsImpl(   78): Caused by: java.io.FileNotFoundException: /proc/net/xt_qtaguid/stats: open failed: ENOENT (No such file or directory)
F/BatteryStatsImpl(   78): 	at libcore.io.IoBridge.open(IoBridge.java:406)
F/BatteryStatsImpl(   78): 	at java.io.FileInputStream.<init>(FileInputStream.java:78)
F/BatteryStatsImpl(   78): 	at com.android.internal.net.NetworkStatsFactory.readNetworkStatsDetail(NetworkStatsFactory.java:269)
F/BatteryStatsImpl(   78): 	... 10 more
F/BatteryStatsImpl(   78): Caused by: libcore.io.ErrnoException: open failed: ENOENT (No such file or directory)
F/BatteryStatsImpl(   78): 	at libcore.io.Posix.open(Native Method)
F/BatteryStatsImpl(   78): 	at libcore.io.BlockGuardOs.open(BlockGuardOs.java:110)
F/BatteryStatsImpl(   78): 	at libcore.io.IoBridge.open(IoBridge.java:390)
F/BatteryStatsImpl(   78): 	... 12 more
D/dalvikvm(   78): GC_CONCURRENT freed 583K, 14% free 11436K/13255K, paused 6ms+8ms
D/dalvikvm(  161): GC_CONCURRENT freed 383K, 6% free 9534K/10119K, paused 8ms+4ms
W/ThrottleService(   78): unable to find stats for iface rmnet0
D/dalvikvm(  161): GC_CONCURRENT freed 384K, 6% free 9533K/10119K, paused 7ms+4ms
W/ThrottleService(   78): unable to find stats for iface rmnet0
F/NetworkStats(   78): problem reading network stats
F/NetworkStats(   78): java.lang.IllegalStateException: problem parsing idx 1
F/NetworkStats(   78): 	at com.android.internal.net.NetworkStatsFactory.readNetworkStatsDetail(NetworkStatsFactory.java:300)
F/NetworkStats(   78): 	at com.android.server.NetworkManagementService.getNetworkStatsUidDetail(NetworkManagementService.java:1282)
F/NetworkStats(   78): 	at com.android.server.net.NetworkStatsService.performPollLocked(NetworkStatsService.java:831)
F/NetworkStats(   78): 	at com.android.server.net.NetworkStatsService.performPoll(NetworkStatsService.java:799)
F/NetworkStats(   78): 	at com.android.server.net.NetworkStatsService.access$100(NetworkStatsService.java:128)
F/NetworkStats(   78): 	at com.android.server.net.NetworkStatsService$3.onReceive(NetworkStatsService.java:633)
F/NetworkStats(   78): 	at android.app.LoadedApk$ReceiverDispatcher$Args.run(LoadedApk.java:728)
F/NetworkStats(   78): 	at android.os.Handler.handleCallback(Handler.java:605)
F/NetworkStats(   78): 	at android.os.Handler.dispatchMessage(Handler.java:92)
F/NetworkStats(   78): 	at android.os.Looper.loop(Looper.java:137)
F/NetworkStats(   78): 	at android.os.HandlerThread.run(HandlerThread.java:60)
F/NetworkStats(   78): Caused by: java.io.FileNotFoundException: /proc/net/xt_qtaguid/stats: open failed: ENOENT (No such file or directory)
F/NetworkStats(   78): 	at libcore.io.IoBridge.open(IoBridge.java:406)
F/NetworkStats(   78): 	at java.io.FileInputStream.<init>(FileInputStream.java:78)
F/NetworkStats(   78): 	at com.android.internal.net.NetworkStatsFactory.readNetworkStatsDetail(NetworkStatsFactory.java:269)
F/NetworkStats(   78): 	... 10 more
F/NetworkStats(   78): Caused by: libcore.io.ErrnoException: open failed: ENOENT (No such file or directory)
F/NetworkStats(   78): 	at libcore.io.Posix.open(Native Method)
F/NetworkStats(   78): 	at libcore.io.BlockGuardOs.open(BlockGuardOs.java:110)
F/NetworkStats(   78): 	at libcore.io.IoBridge.open(IoBridge.java:390)
F/NetworkStats(   78): 	... 12 more
D/dalvikvm(   78): GC_CONCURRENT freed 500K, 14% free 11468K/13255K, paused 5ms+8ms
D/dalvikvm(  161): GC_CONCURRENT freed 384K, 6% free 9533K/10119K, paused 13ms+4ms
V/BackupManagerService(   78): Running a backup pass
V/BackupManagerService(   78): Backup requested but nothing pending
D/dalvikvm(  161): GC_CONCURRENT freed 383K, 6% free 9533K/10119K, paused 12ms+4ms
W/ThrottleService(   78): unable to find stats for iface rmnet0
D/dalvikvm(  134): GC_CONCURRENT freed 368K, 31% free 9807K/14023K, paused 4ms+5ms
D/dalvikvm(  161): GC_CONCURRENT freed 386K, 6% free 9533K/10119K, paused 6ms+4ms
F/BatteryStatsImpl(   78): problem reading network stats
F/BatteryStatsImpl(   78): java.lang.IllegalStateException: problem parsing idx 1
F/BatteryStatsImpl(   78): 	at com.android.internal.net.NetworkStatsFactory.readNetworkStatsDetail(NetworkStatsFactory.java:300)
F/BatteryStatsImpl(   78): 	at com.android.internal.net.NetworkStatsFactory.readNetworkStatsDetail(NetworkStatsFactory.java:250)
F/BatteryStatsImpl(   78): 	at com.android.internal.os.BatteryStatsImpl.getNetworkStatsDetailGroupedByUid(BatteryStatsImpl.java:5734)
F/BatteryStatsImpl(   78): 	at com.android.internal.os.BatteryStatsImpl.access$100(BatteryStatsImpl.java:76)
F/BatteryStatsImpl(   78): 	at com.android.internal.os.BatteryStatsImpl$Uid.computeCurrentTcpBytesReceived(BatteryStatsImpl.java:2457)
F/BatteryStatsImpl(   78): 	at com.android.internal.os.BatteryStatsImpl$Uid.getTcpBytesReceived(BatteryStatsImpl.java:2446)
F/BatteryStatsImpl(   78): 	at com.android.internal.os.BatteryStatsImpl.writeSummaryToParcel(BatteryStatsImpl.java:5437)
F/BatteryStatsImpl(   78): 	at com.android.internal.os.BatteryStatsImpl.writeLocked(BatteryStatsImpl.java:4836)
F/BatteryStatsImpl(   78): 	at com.android.internal.os.BatteryStatsImpl.writeAsyncLocked(BatteryStatsImpl.java:4818)
F/BatteryStatsImpl(   78): 	at com.android.server.am.ActivityManagerService.updateCpuStatsNow(ActivityManagerService.java:1652)
F/BatteryStatsImpl(   78): 	at com.android.server.am.ActivityManagerService$3.run(ActivityManagerService.java:1534)
F/BatteryStatsImpl(   78): Caused by: java.io.FileNotFoundException: /proc/net/xt_qtaguid/stats: open failed: ENOENT (No such file or directory)
F/BatteryStatsImpl(   78): 	at libcore.io.IoBridge.open(IoBridge.java:406)
F/BatteryStatsImpl(   78): 	at java.io.FileInputStream.<init>(FileInputStream.java:78)
F/BatteryStatsImpl(   78): 	at com.android.internal.net.NetworkStatsFactory.readNetworkStatsDetail(NetworkStatsFactory.java:269)
F/BatteryStatsImpl(   78): 	... 10 more
F/BatteryStatsImpl(   78): Caused by: libcore.io.ErrnoException: open failed: ENOENT (No such file or directory)
F/BatteryStatsImpl(   78): 	at libcore.io.Posix.open(Native Method)
F/BatteryStatsImpl(   78): 	at libcore.io.BlockGuardOs.open(BlockGuardOs.java:110)
F/BatteryStatsImpl(   78): 	at libcore.io.IoBridge.open(IoBridge.java:390)
F/BatteryStatsImpl(   78): 	... 12 more
D/dalvikvm(   78): GC_CONCURRENT freed 539K, 14% free 11437K/13255K, paused 5ms+7ms
W/ThrottleService(   78): unable to find stats for iface rmnet0
D/dalvikvm(  161): GC_CONCURRENT freed 384K, 6% free 9533K/10119K, paused 7ms+4ms
W/ThrottleService(   78): unable to find stats for iface rmnet0
D/dalvikvm(  161): GC_CONCURRENT freed 387K, 6% free 9534K/10119K, paused 4ms+3ms
F/NetworkStats(   78): problem reading network stats
F/NetworkStats(   78): java.lang.IllegalStateException: problem parsing idx 1
F/NetworkStats(   78): 	at com.android.internal.net.NetworkStatsFactory.readNetworkStatsDetail(NetworkStatsFactory.java:300)
F/NetworkStats(   78): 	at com.android.server.NetworkManagementService.getNetworkStatsUidDetail(NetworkManagementService.java:1282)
F/NetworkStats(   78): 	at com.android.server.net.NetworkStatsService.performPollLocked(NetworkStatsService.java:831)
F/NetworkStats(   78): 	at com.android.server.net.NetworkStatsService.performPoll(NetworkStatsService.java:799)
F/NetworkStats(   78): 	at com.android.server.net.NetworkStatsService.access$100(NetworkStatsService.java:128)
F/NetworkStats(   78): 	at com.android.server.net.NetworkStatsService$3.onReceive(NetworkStatsService.java:633)
F/NetworkStats(   78): 	at android.app.LoadedApk$ReceiverDispatcher$Args.run(LoadedApk.java:728)
F/NetworkStats(   78): 	at android.os.Handler.handleCallback(Handler.java:605)
F/NetworkStats(   78): 	at android.os.Handler.dispatchMessage(Handler.java:92)
F/NetworkStats(   78): 	at android.os.Looper.loop(Looper.java:137)
F/NetworkStats(   78): 	at android.os.HandlerThread.run(HandlerThread.java:60)
F/NetworkStats(   78): Caused by: java.io.FileNotFoundException: /proc/net/xt_qtaguid/stats: open failed: ENOENT (No such file or directory)
F/NetworkStats(   78): 	at libcore.io.IoBridge.open(IoBridge.java:406)
F/NetworkStats(   78): 	at java.io.FileInputStream.<init>(FileInputStream.java:78)
F/NetworkStats(   78): 	at com.android.internal.net.NetworkStatsFactory.readNetworkStatsDetail(NetworkStatsFactory.java:269)
F/NetworkStats(   78): 	... 10 more
F/NetworkStats(   78): Caused by: libcore.io.ErrnoException: open failed: ENOENT (No such file or directory)
F/NetworkStats(   78): 	at libcore.io.Posix.open(Native Method)
F/NetworkStats(   78): 	at libcore.io.BlockGuardOs.open(BlockGuardOs.java:110)
F/NetworkStats(   78): 	at libcore.io.IoBridge.open(IoBridge.java:390)
F/NetworkStats(   78): 	... 12 more
D/dalvikvm(   78): GC_CONCURRENT freed 477K, 14% free 11469K/13255K, paused 5ms+8ms
V/PhoneStatusBar(  134): setLightsOn(true)
W/InputManagerService(   78): Window already focused, ignoring focus gain of: com.android.internal.view.IInputMethodClient$Stub$Proxy@4144fde0
D/AndroidRuntime( 5089): 
D/AndroidRuntime( 5089): >>>>>> AndroidRuntime START com.android.internal.os.RuntimeInit <<<<<<
D/AndroidRuntime( 5089): CheckJNI is ON
D/AndroidRuntime( 5089): Calling main entry com.android.commands.pm.Pm
W/ActivityManager(   78): No content provider found for permission revoke: file:///data/local/tmp/MacoTec-debug.apk
W/ActivityManager(   78): No content provider found for permission revoke: file:///data/local/tmp/MacoTec-debug.apk
D/dalvikvm(   78): GC_CONCURRENT freed 369K, 13% free 11597K/13255K, paused 10ms+9ms
D/dalvikvm(   78): GC_CONCURRENT freed 301K, 11% free 11824K/13255K, paused 7ms+9ms
D/dalvikvm(   78): GC_CONCURRENT freed 603K, 11% free 11842K/13255K, paused 14ms+17ms
D/dalvikvm(   78): GC_CONCURRENT freed 616K, 11% free 11843K/13255K, paused 6ms+8ms
D/dalvikvm(   78): GC_CONCURRENT freed 633K, 11% free 11863K/13255K, paused 7ms+10ms
D/dalvikvm(   78): GC_CONCURRENT freed 659K, 11% free 11847K/13255K, paused 9ms+7ms
I/PackageManager(   78): Removing non-system package:com.rhomobile.macotec
I/ActivityManager(   78): Force stopping package com.rhomobile.macotec uid=10040
I/ActivityManager(   78): Killing proc 5031:com.rhomobile.macotec/10040: force stop
W/ActivityManager(   78): Force removing ActivityRecord{41455d68 com.rhomobile.macotec/com.rhomobile.rhodes.RhodesActivity}: app died, no saved state
W/NetworkManagementSocketTagger(   78): setKernelCountSet(10040, 0) failed with errno -2
W/NetworkManagementSocketTagger(   78): setKernelCountSet(10009, 1) failed with errno -2
I/Process (   78): Sending signal. PID: 175 SIG: 3
I/dalvikvm(  175): threadid=3: reacting to signal 3
I/WindowManager(   78): WIN DEATH: Window{4149fd40 com.rhomobile.macotec/com.rhomobile.rhodes.RhodesActivity paused=false}
I/dalvikvm(  175): Wrote stack traces to '/data/anr/traces.txt'
I/PackageManager(   78): Package com.rhomobile.macotec codePath changed from /data/app/com.rhomobile.macotec-1.apk to /data/app/com.rhomobile.macotec-2.apk; Retaining data and using new
D/dalvikvm(  175): GC_CONCURRENT freed 2247K, 24% free 19318K/25223K, paused 5ms+9ms
D/dalvikvm(  175): GC_CONCURRENT freed 1656K, 22% free 19696K/25223K, paused 4ms+8ms
I/PackageManager(   78): Running dexopt on: com.rhomobile.macotec
D/dalvikvm( 5100): DexOpt: load 85ms, verify+opt 486ms
W/PackageManager(   78): Code path for pkg : com.rhomobile.macotec changing from /data/app/com.rhomobile.macotec-1.apk to /data/app/com.rhomobile.macotec-2.apk
W/PackageManager(   78): Resource path for pkg : com.rhomobile.macotec changing from /data/app/com.rhomobile.macotec-1.apk to /data/app/com.rhomobile.macotec-2.apk
I/ActivityManager(   78): Force stopping package com.rhomobile.macotec uid=10040
D/dalvikvm(   78): GC_CONCURRENT freed 564K, 11% free 11887K/13255K, paused 10ms+13ms
D/PackageManager(   78): New package installed in /data/app/com.rhomobile.macotec-2.apk
I/ActivityManager(   78): Force stopping package com.rhomobile.macotec uid=10040
D/dalvikvm(  175): GC_EXPLICIT freed 2903K, 28% free 18249K/25223K, paused 3ms+10ms
D/dalvikvm(  227): GC_EXPLICIT freed 156K, 4% free 9401K/9735K, paused 3ms+5ms
D/dalvikvm(   78): GC_EXPLICIT freed 639K, 14% free 11410K/13255K, paused 6ms+9ms
D/PackageManager(   78): generateServicesMap(android.accounts.AccountAuthenticator): 2 services unchanged
D/PackageManager(   78): generateServicesMap(android.content.SyncAdapter): 4 services unchanged
D/BackupManagerService(   78): Received broadcast Intent { act=android.intent.action.PACKAGE_REMOVED dat=package:com.rhomobile.macotec flg=0x10000010 (has extras) }
I/AccountTypeManager(  307): Loaded meta-data for 1 account types, 0 accounts in 12ms(wall) 7ms(cpu)
D/PackageManager(   78): generateServicesMap(android.accounts.AccountAuthenticator): 2 services unchanged
D/PackageManager(   78): generateServicesMap(android.content.SyncAdapter): 4 services unchanged
D/BackupManagerService(   78): Received broadcast Intent { act=android.intent.action.PACKAGE_ADDED dat=package:com.rhomobile.macotec flg=0x10000010 (has extras) }
V/BackupManagerService(   78): updatePackageParticipantsLocked: #1
W/RecognitionManagerService(   78): no available voice recognition services found
I/AccountTypeManager(  307): Loaded meta-data for 1 account types, 0 accounts in 439ms(wall) 5ms(cpu)
D/BackupManagerService(   78): Received broadcast Intent { act=android.intent.action.PACKAGE_REPLACED dat=package:com.rhomobile.macotec flg=0x10000010 (has extras) }
V/BackupManagerService(   78): updatePackageParticipantsLocked: #1
D/dalvikvm(  175): GC_FOR_ALLOC freed 3499K, 36% free 16298K/25223K, paused 151ms
D/dalvikvm(   78): GC_EXPLICIT freed 451K, 13% free 11557K/13255K, paused 5ms+10ms
D/dalvikvm(  175): GC_FOR_ALLOC freed 179K, 29% free 17922K/25223K, paused 115ms
D/dalvikvm(  175): GC_FOR_ALLOC freed 4496K, 40% free 15207K/25223K, paused 59ms
D/dalvikvm(  175): GC_FOR_ALLOC freed 59K, 36% free 16323K/25223K, paused 52ms
D/dalvikvm(  175): GC_FOR_ALLOC freed 340K, 30% free 17832K/25223K, paused 51ms
D/AndroidRuntime( 5089): Shutting down VM
D/dalvikvm( 5089): GC_CONCURRENT freed 97K, 79% free 450K/2048K, paused 1ms+1ms
I/AndroidRuntime( 5089): NOTE: attach of thread 'Binder Thread #3' failed
D/dalvikvm(  175): GC_FOR_ALLOC freed 1708K, 29% free 17974K/25223K, paused 102ms
D/AndroidRuntime( 5108): 
D/AndroidRuntime( 5108): >>>>>> AndroidRuntime START com.android.internal.os.RuntimeInit <<<<<<
D/AndroidRuntime( 5108): CheckJNI is ON
D/dalvikvm(  175): GC_CONCURRENT freed 323K, 22% free 19697K/25223K, paused 4ms+28ms
D/AndroidRuntime( 5108): Calling main entry com.android.commands.am.Am
I/ActivityManager(   78): START {act=android.intent.action.MAIN flg=0x10000000 cmp=com.rhomobile.macotec/com.rhomobile.rhodes.RhodesActivity} from pid 5108
W/WindowManager(   78): Failure taking screenshot for (180x300) to layer 21015
D/AndroidRuntime( 5108): Shutting down VM
D/dalvikvm( 5108): GC_CONCURRENT freed 97K, 77% free 480K/2048K, paused 1ms+1ms
I/AndroidRuntime( 5108): NOTE: attach of thread 'Binder Thread #3' failed
I/ActivityManager(   78): Start proc com.rhomobile.macotec for activity com.rhomobile.macotec/com.rhomobile.rhodes.RhodesActivity: pid=5120 uid=10040 gids={3003, 1006}
I/dalvikvm( 5120): Turning on JNI app bug workarounds for target SDK version 4...
W/NetworkManagementSocketTagger(   78): setKernelCountSet(10040, 1) failed with errno -2
I/Process (   78): Sending signal. PID: 5120 SIG: 3
I/dalvikvm( 5120): threadid=3: reacting to signal 3
D/dalvikvm( 5120): Trying to load lib /data/data/com.rhomobile.macotec/lib/librhodes.so 0x412a31d0
I/dalvikvm( 5120): Wrote stack traces to '/data/anr/traces.txt'
D/dalvikvm( 5120): Added shared lib /data/data/com.rhomobile.macotec/lib/librhodes.so 0x412a31d0
D/dalvikvm( 5120): Trying to load lib /data/data/com.rhomobile.macotec/lib/librhodes.so 0x412a31d0
D/dalvikvm( 5120): Shared lib '/data/data/com.rhomobile.macotec/lib/librhodes.so' already loaded in same CL 0x412a31d0
I/Process (   78): Sending signal. PID: 5120 SIG: 3
I/dalvikvm( 5120): threadid=3: reacting to signal 3
I/ActivityThread( 5120): Pub com.rhomobile.macotec: com.rhomobile.rhodes.LocalFileProvider
I/dalvikvm( 5120): Wrote stack traces to '/data/anr/traces.txt'
I/RhodesApplication( 5120): Initializing...
D/RhoFileApi( 5120): App root path: /data/data/com.rhomobile.macotec/rhodata/
D/RhoFileApi( 5120): Sqlite journals path: /data/data/com.rhomobile.macotec/sqlite_stmt_journals/
D/RhoFileApi( 5120): Shared path: /data/data/com.rhomobile.macotec/rhodata/
D/RhodesApplication( 5120): Root path: /data/data/com.rhomobile.macotec/rhodata/
I/RhodesApplication( 5120): Application hash was changed
D/RhoFileApi( 5120): Copy hash to FS
D/RhoFileApi( 5120): File hash copied
D/RhoFileApi( 5120): Copy rho.dat to FS
D/RhoFileApi( 5120): File rho.dat copied
D/RhoFileApi( 5120): Copy apps/rhoconfig.txt to FS
D/RhoFileApi( 5120): File apps/rhoconfig.txt copied
I/RhoFileApi( 5120): Opening stat table from FS: /data/data/com.rhomobile.macotec/rhodata/rho.dat
I/Process (   78): Sending signal. PID: 5120 SIG: 3
I/dalvikvm( 5120): threadid=3: reacting to signal 3
I/dalvikvm( 5120): Wrote stack traces to '/data/anr/traces.txt'
D/RhoFileApi( 5120): Copy apps/rhoconfig.txt to FS
D/RhoFileApi( 5120): File apps/rhoconfig.txt copied
D/RhoFileApi( 5120): App root path: /data/data/com.rhomobile.macotec/rhodata/
D/RhoFileApi( 5120): Sqlite journals path: /data/data/com.rhomobile.macotec/sqlite_stmt_journals/
D/RhoFileApi( 5120): Shared path: /data/data/com.rhomobile.macotec/rhodata/
I/APP     ( 5120): I 03/14/2013 15:47:04:500 00001400    RhodesApplication| Initialized
I/APP     ( 5120): I 03/14/2013 15:47:04:585 00001400         BaseActivity| New screen properties - width: 480, height: 800, orientation: 1
I/Process (   78): Sending signal. PID: 5120 SIG: 3
I/dalvikvm( 5120): threadid=3: reacting to signal 3
I/dalvikvm( 5120): Wrote stack traces to '/data/anr/traces.txt'
I/APP     ( 5120): I 03/14/2013 15:47:04:926 00001400         SplashScreen| Looking for start page source
D/dalvikvm( 5120): GC_CONCURRENT freed 305K, 5% free 9220K/9607K, paused 4ms+4ms
I/Process (   78): Sending signal. PID: 5120 SIG: 3
I/dalvikvm( 5120): threadid=3: reacting to signal 3
D/dalvikvm( 5120): GC_FOR_ALLOC freed 8K, 4% free 9228K/9607K, paused 134ms
I/dalvikvm( 5120): Wrote stack traces to '/data/anr/traces.txt'
I/dalvikvm-heap( 5120): Grow heap (frag case) to 12.147MB for 3217300-byte allocation
D/dalvikvm( 5120): GC_CONCURRENT freed <1K, 4% free 12369K/12807K, paused 4ms+4ms
I/Process (   78): Sending signal. PID: 5120 SIG: 3
I/dalvikvm( 5120): threadid=3: reacting to signal 3
I/dalvikvm( 5120): Wrote stack traces to '/data/anr/traces.txt'
I/APP     ( 5120): I 03/14/2013 15:47:06:041 00001400         SplashScreen| Done
I/APP     ( 5120): I 03/14/2013 15:47:06:086 00001400    RhodesApplication| New UiState: MainActivityCreated
I/APP     ( 5120): I 03/14/2013 15:47:06:116 00001400       RhodesActivity| onStart
I/APP     ( 5120): I 03/14/2013 15:47:06:150 00001400    RhodesApplication| New UiState: MainActivityStarted
I/Process (   78): Sending signal. PID: 5120 SIG: 3
I/dalvikvm( 5120): threadid=3: reacting to signal 3
I/dalvikvm( 5120): Wrote stack traces to '/data/anr/traces.txt'
I/APP     ( 5120): I 03/14/2013 15:47:06:219 00001400       RhodesActivity| onResume
I/APP     ( 5120): I 03/14/2013 15:47:06:244 00001400 AndroidFunctionality| Resume WebView
I/APP     ( 5120): I 03/14/2013 15:47:06:309 00001400        RhodesService| onCreate
I/APP     ( 5120): I 03/14/2013 15:47:06:315 00001400    LocalFileProvider| Revoke URI permissions: content:///com.rhomobile.macotec
W/ActivityManager(   78): No content provider found for permission revoke: content:///com.rhomobile.macotec
I/APP     ( 5120): I 03/14/2013 15:47:06:359 00001400               Rhodes| Loading...
I/APP     ( 5120): I 03/14/2013 15:47:06:377 00001400            RhodesApp| Trying to get free listening port.
I/APP     ( 5120): I 03/14/2013 15:47:06:396 00001400            RhodesApp| Trying to bind of 8080 port...
I/APP     ( 5120): I 03/14/2013 15:47:06:430 00001400            RhodesApp| Got port to bind on: 8080
I/APP     ( 5120): I 03/14/2013 15:47:06:436 00001400            RhodesApp| Free listening port: 8080
I/APP     ( 5120): I 03/14/2013 15:47:06:461 00001414         AppCallbacks| Starting main routine...
I/APP     ( 5120): I 03/14/2013 15:47:06:482 00001414         AppCallbacks| ThreadQueue blocked for 4294967295 seconds...
I/APP     ( 5120): I 03/14/2013 15:47:06:610 00001400        RhodesService| Push is disabled
I/APP     ( 5120): I 03/14/2013 15:47:06:617 00001400            RhodesApp| callAppActiveCallback
I/Process (   78): Sending signal. PID: 5120 SIG: 3
I/dalvikvm( 5120): threadid=3: reacting to signal 3
I/APP     ( 5120): I 03/14/2013 15:47:06:720 00001400         AppCallbacks| addCommand: APP-ACTIVATED
I/APP     ( 5120): I 03/14/2013 15:47:06:726 00001414         AppCallbacks| Received command APP-ACTIVATED which is greater than expected (LOCAL-SERVER-STARTED) - postpone it
I/APP     ( 5120): I 03/14/2013 15:47:06:727 00001414         AppCallbacks| ThreadQueue blocked for 4294967295 seconds...
I/dalvikvm( 5120): Wrote stack traces to '/data/anr/traces.txt'
I/APP     ( 5120): I 03/14/2013 15:47:06:781 00001400         AppActivated| Cannot commit now, application will be activated when started.
I/APP     ( 5120): I 03/14/2013 15:47:06:818 00001400    RhodesApplication| New AppState: Undefined
I/APP     ( 5120): I 03/14/2013 15:47:06:836 00001416            RhodesApp| Starting RhodesApp main routine...
D/RhodesService( 5120): +++ onStartCommand
I/RhodesService( 5120): handleCommand: startId=1, source=com.rhomobile.rhodes.BaseActivity
D/RhodesService( 5120): New activity was created
I/APP     ( 5120): I 03/14/2013 15:47:06:909 00001400        RhodesService| onBind
I/APP     ( 5120): I 03/14/2013 15:47:07:009 00001400         AppCallbacks| addCommand: UI-CREATED
I/APP     ( 5120): I 03/14/2013 15:47:07:016 00001414         AppCallbacks| Received command UI-CREATED which is greater than expected (LOCAL-SERVER-STARTED) - postpone it
I/APP     ( 5120): I 03/14/2013 15:47:07:017 00001414         AppCallbacks| ThreadQueue blocked for 4294967295 seconds...
V/PhoneStatusBar(  134): setLightsOn(true)
I/APP     ( 5120): I 03/14/2013 15:47:07:172 00001400       RhodesActivity| onServiceConnected: {com.rhomobile.macotec/com.rhomobile.rhodes.RhodesService}
I/Process (   78): Sending signal. PID: 5120 SIG: 3
I/dalvikvm( 5120): threadid=3: reacting to signal 3
I/APP     ( 5120): I 03/14/2013 15:47:07:259 00001400       RhodesActivity| New start parameters: 
I/APP     ( 5120): I 03/14/2013 15:47:07:264 00001400            RhodesApp| New start params: 
I/dalvikvm( 5120): Wrote stack traces to '/data/anr/traces.txt'
D/gralloc_goldfish( 5120): Emulator without GPU emulation detected.
I/Process (   78): Sending signal. PID: 5120 SIG: 3
I/dalvikvm( 5120): threadid=3: reacting to signal 3
I/dalvikvm( 5120): Wrote stack traces to '/data/anr/traces.txt'
I/ActivityManager(   78): Displayed com.rhomobile.macotec/com.rhomobile.rhodes.RhodesActivity: +5s622ms
I/APP     ( 5120): I 03/14/2013 15:47:08:307 00001416              RhoRuby| Init_RhoBlobs: /data/data/com.rhomobile.macotec/rhodata/db/db-files
I/APP     ( 5120): I 03/14/2013 15:47:08:408 00001416              RhoRuby| require_compiled: rhoframework
I/APP     ( 5120): I 03/14/2013 15:47:08:521 00001416              RhoRuby| require_compiled: rational
I/APP     ( 5120): I 03/14/2013 15:47:08:590 00001416              RhoRuby| require_compiled: rhom/rhom_db_adapter
I/APP     ( 5120): I 03/14/2013 15:47:08:728 00001416              RhoRuby| require_compiled: rhodes
I/APP     ( 5120): I 03/14/2013 15:47:08:788 00001416              RhoRuby| require_compiled: rhom/rhom_object
I/APP     ( 5120): I 03/14/2013 15:47:08:861 00001416              RhoRuby| require_compiled: rhofsconnector
I/APP     ( 5120): I 03/14/2013 15:47:08:915 00001416              RhoRuby| require_compiled: rho/rhofsconnector
I/APP     ( 5120): I 03/14/2013 15:47:09:010 00001416              RhoRuby| require_compiled: rhom/rhom_object_factory
W/InputManagerService(   78): Starting input on non-focused client com.android.internal.view.IInputMethodClient$Stub$Proxy@41489948 (uid=10009 pid=175)
I/APP     ( 5120): I 03/14/2013 15:47:09:297 00001416              RhoRuby| require_compiled: rhom/rhom
I/APP     ( 5120): I 03/14/2013 15:47:09:373 00001416              RhoRuby| require_compiled: rhom/rhom_model
I/APP     ( 5120): I 03/14/2013 15:47:09:449 00001416              RhoRuby| require_compiled: rhom
I/APP     ( 5120): I 03/14/2013 15:47:09:501 00001416              RhoRuby| require_compiled: rho/rhoapplication
I/APP     ( 5120): I 03/14/2013 15:47:09:581 00001416              RhoRuby| require_compiled: rholang/localization_simplified
I/APP     ( 5120): I 03/14/2013 15:47:09:655 00001416              RhoRuby| require_compiled: rho/rhomsg
I/APP     ( 5120): I 03/14/2013 15:47:09:709 00001416              RhoRuby| require_compiled: rho/rhotabbar
I/APP     ( 5120): I 03/14/2013 15:47:09:739 00001416              RhoRuby| require_compiled: rho/rhotoolbar
I/APP     ( 5120): I 03/14/2013 15:47:09:781 00001416                  APP| Current locale: ; Country code: 
I/APP     ( 5120): I 03/14/2013 15:47:09:816 00001416                  APP| Locilized file: /data/data/com.rhomobile.macotec/rhodata/lib/rholang/lang_
I/APP     ( 5120): I 03/14/2013 15:47:09:841 00001416              RhoRuby| require_compiled: /data/data/com.rhomobile.macotec/rhodata/lib/rholang/lang_en
I/APP     ( 5120): I 03/14/2013 15:47:09:879 00001416                  APP| Locilized file: /data/data/com.rhomobile.macotec/rhodata/apps/app/lang/lang_
I/APP     ( 5120): I 03/14/2013 15:47:09:913 00001416              RhoRuby| require_compiled: /data/data/com.rhomobile.macotec/rhodata/apps/app/lang/lang_en
I/APP     ( 5120): I 03/14/2013 15:47:09:970 00001416                  APP| Locilized file: /data/data/com.rhomobile.macotec/rhodata/lib/rholang/rhoerror_
I/APP     ( 5120): I 03/14/2013 15:47:10:003 00001416              RhoRuby| require_compiled: /data/data/com.rhomobile.macotec/rhodata/lib/rholang/rhoerror_en
I/APP     ( 5120): I 03/14/2013 15:47:10:037 00001416                  APP| Locilized file: /data/data/com.rhomobile.macotec/rhodata/lib/rholang/rhomsg_
I/APP     ( 5120): I 03/14/2013 15:47:10:074 00001416              RhoRuby| require_compiled: /data/data/com.rhomobile.macotec/rhodata/lib/rholang/rhomsg_en
I/APP     ( 5120): I 03/14/2013 15:47:10:103 00001416              RhoRuby| require_compiled: indifferent_access
I/APP     ( 5120): I 03/14/2013 15:47:10:182 00001416              RhoRuby| require_compiled: rho/rhosupport
I/APP     ( 5120): I 03/14/2013 15:47:10:312 00001416              RhoRuby| require_compiled: rho/rhocontroller
I/APP     ( 5120): I 03/14/2013 15:47:10:388 00001416              RhoRuby| require_compiled: rho/render
I/APP     ( 5120): I 03/14/2013 15:47:10:473 00001416              RhoRuby| require_compiled: rho/rho
W/InputManagerService(   78): Starting input on non-focused client com.android.internal.view.IInputMethodClient$Stub$Proxy@41489948 (uid=10009 pid=175)
I/APP     ( 5120): I 03/14/2013 15:47:10:716 00001416              RhoRuby| require_compiled: rho/rhoerror
I/APP     ( 5120): I 03/14/2013 15:47:10:762 00001416              RhoRuby| require_compiled: rhom/rhom_source
I/APP     ( 5120): I 03/14/2013 15:47:10:845 00001416              RhoRuby| require_compiled: rho/rhoviewhelpers
I/APP     ( 5120): I 03/14/2013 15:47:10:917 00001416              RhoRuby| require_compiled: rho
I/APP     ( 5120): I 03/14/2013 15:47:10:962 00001416                  APP| RHO loaded
I/APP     ( 5120): I 03/14/2013 15:47:10:993 00001416                  APP| Calling RHO.initialize
I/APP     ( 5120): I 03/14/2013 15:47:11:021 00001416                  APP| model file: Settings/settings
I/APP     ( 5120): I 03/14/2013 15:47:11:050 00001416                  APP| model file: Devproduct/devproduct
I/APP     ( 5120): I 03/14/2013 15:47:11:055 00001416                  APP| model file: Image/image
I/APP     ( 5120): I 03/14/2013 15:47:11:083 00001416                  APP| model file: Product/product
I/APP     ( 5120): I 03/14/2013 15:47:11:089 00001416                  APP| model file: Request/request
I/APP     ( 5120): I 03/14/2013 15:47:11:121 00001416                   DB| Open DB: /data/data/com.rhomobile.macotec/rhodata/db/syncdbuser.sqlite
W/NetworkManagementSocketTagger(   78): setKernelCountSet(10009, 0) failed with errno -2
I/APP     ( 5120): I 03/14/2013 15:47:11:187 00001416          GeoLocation| Creating singleton instance.
I/APP     ( 5120): I 03/14/2013 15:47:11:227 00001416            RhodesApp| Starting sync engine...
I/APP     ( 5120): I 03/14/2013 15:47:11:233 00001416                 Sync| sync_poll_interval: 0
I/APP     ( 5120): I 03/14/2013 15:47:11:261 00001416                 Sync| syncserver: 
I/APP     ( 5120): I 03/14/2013 15:47:11:279 00001416                 Sync| bulksync_state: 0
I/APP     ( 5120): I 03/14/2013 15:47:11:284 00001416            RhodesApp| RhoRubyInitApp...
I/APP     ( 5120): I 03/14/2013 15:47:11:314 00001416                  APP| init_app
I/APP     ( 5120): I 03/14/2013 15:47:11:321 00001416              RhoRuby| require_compiled: application
I/APP     ( 5120): I 03/14/2013 15:47:11:377 00001416                 Sync| Set notification. Source ID: -1;Url :http://localhost:8080/app/Settings/sync_notify; Params: 
I/APP     ( 5120): I 03/14/2013 15:47:11:403 00001416           HttpServer| Start HTTP server
I/APP     ( 5120): I 03/14/2013 15:47:11:428 00001416           HttpServer| Listen for connections on port 8080
I/APP     ( 5120): I 03/14/2013 15:47:11:450 00001416         AppCallbacks| addCommand: LOCAL-SERVER-STARTED
I/APP     ( 5120): I 03/14/2013 15:47:11:455 00001414         AppCallbacks| process command: LOCAL-SERVER-STARTED
I/APP     ( 5120): I 03/14/2013 15:47:11:457 00001414 RhodesAppActiveObserver| Ready
I/APP     ( 5120): I 03/14/2013 15:47:11:501 00001400 AndroidFunctionality| Disable WebView zoom
I/APP     ( 5120): I 03/14/2013 15:47:11:507 00001400 AndroidFunctionality| Set web plugins state 'OFF'
I/APP     ( 5120): I 03/14/2013 15:47:11:547 00001414    RhodesApplication| New AppState: AppActivated
V/EmulatedCamera_Factory(   38): getCameraInfo: id = 0
V/EmulatedCamera_Camera(   38): getCameraInfo
I/APP     ( 5120): I 03/14/2013 15:47:11:607 00001414         AppCallbacks| process command: UI-CREATED
V/EmulatedCamera_Factory(   38): getCameraInfo: id = 0
V/EmulatedCamera_Camera(   38): getCameraInfo
I/CameraService(   38): Opening camera 0
V/EmulatedCamera_Factory(   38): cameraDeviceOpen: id = 0
V/EmulatedCamera_Camera(   38): connectCamera
V/EmulatedCamera_FakeDevice(   38): connectDevice
V/EmulatedCamera_CallbackNotifier(   38): setCallbacks: 0x405954e9, 0x40595f9d, 0x40595f01, 0x40597359 (0x19b50)
V/EmulatedCamera_CallbackNotifier(   38): enableMessage: msg_type = 0x40d
V/EmulatedCamera_CallbackNotifier(   38):     CAMERA_MSG_ERROR
V/EmulatedCamera_CallbackNotifier(   38):     CAMERA_MSG_FOCUS
V/EmulatedCamera_CallbackNotifier(   38):     CAMERA_MSG_ZOOM
V/EmulatedCamera_CallbackNotifier(   38):     CAMERA_MSG_PREVIEW_METADATA
V/EmulatedCamera_CallbackNotifier(   38): **** Currently enabled messages:
V/EmulatedCamera_CallbackNotifier(   38):     CAMERA_MSG_ERROR
V/EmulatedCamera_CallbackNotifier(   38):     CAMERA_MSG_FOCUS
V/EmulatedCamera_CallbackNotifier(   38):     CAMERA_MSG_ZOOM
V/EmulatedCamera_CallbackNotifier(   38):     CAMERA_MSG_PREVIEW_METADATA
I/AwesomePlayer(   38): setDataSource_l('/system/media/audio/ui/camera_click.ogg')
I/APP     ( 5120): I 03/14/2013 15:47:11:987 00001416           HttpServer| Process URI: '/system/uicreated'
I/APP     ( 5120): I 03/14/2013 15:47:12:005 00001416                  APP| on_ui_created.navigate to start url: '/app'
I/APP     ( 5120): I 03/14/2013 15:47:12:049 00001414         AppCallbacks| process command: APP-ACTIVATED
I/APP     ( 5120): I 03/14/2013 15:47:12:097 00001416           HttpServer| Process URI: '/system/activateapp'
I/APP     ( 5120): I 03/14/2013 15:47:12:128 00001414         AppCallbacks| ThreadQueue blocked for 4294967295 seconds...
I/AwesomePlayer(   38): setDataSource_l('/system/media/audio/ui/VideoRecord.ogg')
V/EmulatedCamera_CallbackNotifier(   38): disableMessage: msg_type = 0x10
V/EmulatedCamera_CallbackNotifier(   38):     CAMERA_MSG_PREVIEW_FRAME
V/EmulatedCamera_CallbackNotifier(   38): **** Currently enabled messages:
V/EmulatedCamera_CallbackNotifier(   38):     CAMERA_MSG_ERROR
V/EmulatedCamera_CallbackNotifier(   38):     CAMERA_MSG_FOCUS
V/EmulatedCamera_CallbackNotifier(   38):     CAMERA_MSG_ZOOM
V/EmulatedCamera_CallbackNotifier(   38):     CAMERA_MSG_PREVIEW_METADATA
V/EmulatedCamera_CallbackNotifier(   38): disableMessage: msg_type = 0xffff
V/EmulatedCamera_CallbackNotifier(   38):     CAMERA_MSG_ERROR
V/EmulatedCamera_CallbackNotifier(   38):     CAMERA_MSG_SHUTTER
V/EmulatedCamera_CallbackNotifier(   38):     CAMERA_MSG_FOCUS
V/EmulatedCamera_CallbackNotifier(   38):     CAMERA_MSG_ZOOM
V/EmulatedCamera_CallbackNotifier(   38):     CAMERA_MSG_PREVIEW_FRAME
V/EmulatedCamera_CallbackNotifier(   38):     CAMERA_MSG_VIDEO_FRAME
V/EmulatedCamera_CallbackNotifier(   38):     CAMERA_MSG_POSTVIEW_FRAME
V/EmulatedCamera_CallbackNotifier(   38):     CAMERA_MSG_RAW_IMAGE
V/EmulatedCamera_CallbackNotifier(   38):     CAMERA_MSG_COMPRESSED_IMAGE
V/EmulatedCamera_CallbackNotifier(   38):     CAMERA_MSG_RAW_IMAGE_NOTIFY
V/EmulatedCamera_CallbackNotifier(   38):     CAMERA_MSG_PREVIEW_METADATA
V/EmulatedCamera_CallbackNotifier(   38): **** Currently enabled messages:
V/EmulatedCamera_Camera(   38): doStopPreview
V/EmulatedCamera_Camera(   38): cancelPicture
V/EmulatedCamera_Camera(   38): releaseCamera
V/EmulatedCamera_Camera(   38): doStopPreview
V/EmulatedCamera_FakeDevice(   38): disconnectDevice
I/CameraService(   38): Destroying camera 0
V/EmulatedCamera_Camera(   38): closeCamera
V/EmulatedCamera_Camera(   38): doStopPreview
W/AudioFlinger(   38): session id 127 not found for pid 38
V/EmulatedCamera_Factory(   38): getCameraInfo: id = 0
V/EmulatedCamera_Camera(   38): getCameraInfo
I/APP     ( 5120): I 03/14/2013 15:47:12:873 00001400         SplashScreen| navigate: url=http://localhost:8080/app
W/AudioFlinger(   38): session id 128 not found for pid 38
I/APP     ( 5120): I 03/14/2013 15:47:12:922 00001400         SplashScreen| DELAY for SplashScreen = 0
I/APP     ( 5120): I 03/14/2013 15:47:12:963 00001400        GoogleWebView| Creating new RhoWebChromeClient
I/APP     ( 5120): I 03/14/2013 15:47:12:999 00001400       SimpleMainView| Cleared URL: http://localhost:8080/app
V/SimpleMainView.View( 5120): ms[1363272433075]  Main Window :: onSizeChanged() old [ 480 x 762 ]  new [ 0 x 0 ]
I/APP     ( 5120): I 03/14/2013 15:47:13:177 00001400        GoogleWebView| Setting RhoWebChromeClient
I/APP     ( 5120): I 03/14/2013 15:47:13:333 00001416           HttpServer| Process URI: '/app'
I/APP     ( 5120): I 03/14/2013 15:47:13:414 00001400     RhoWebViewClient| Loading URL: http://localhost:8080/app/index_erb.iseq
I/APP     ( 5120): I 03/14/2013 15:47:13:484 00001416           HttpServer| Process URI: '/app/index_erb.iseq'
I/APP     ( 5120): I 03/14/2013 15:47:13:517 00001416                  APP| RHO serve_index: /app/index_erb.iseq
I/APP     ( 5120): I 03/14/2013 15:47:13:551 00001416 RHO Rho::RhoController| inst_render_index
I/APP     ( 5120): I 03/14/2013 15:47:13:659 00001416 RHO Rho::RhoController| index layout
I/APP     ( 5120): I 03/14/2013 15:47:13:785 00001416           HttpServer| GC Start.
I/APP     ( 5120): I 03/14/2013 15:47:13:884 00001416           HttpServer| GC End.
I/APP     ( 5120): I 03/14/2013 15:47:14:122 00001416           HttpServer| Process URI: '/public/js/request.js'
I/APP     ( 5120): I 03/14/2013 15:47:14:274 00001416           HttpServer| Process URI: '/public/jquery/jquery-1.6.4.min.js'
I/APP     ( 5120): I 03/14/2013 15:47:14:424 00001416           HttpServer| Process URI: '/public/jquery/jquery.json-2.3.min.js'
I/APP     ( 5120): I 03/14/2013 15:47:14:579 00001416           HttpServer| Process URI: '/public/jqmobile/jquery.mobile-1.0.1.min.css'
I/APP     ( 5120): I 03/14/2013 15:47:14:660 00001416           HttpServer| Process URI: '/public/css/jqmobile-patch.css'
I/APP     ( 5120): I 03/14/2013 15:47:14:703 00001416           HttpServer| Process URI: '/public/jqmobile/jquery.mobile-1.0.1.min.js'
I/APP     ( 5120): I 03/14/2013 15:47:14:834 00001416           HttpServer| Process URI: '/public/js/jqmobile-patch.js'
I/APP     ( 5120): I 03/14/2013 15:47:14:900 00001416           HttpServer| Process URI: '/public/css/macotec_style.css'
I/APP     ( 5120): I 03/14/2013 15:47:18:231 00001416           HttpServer| Process URI: '/public/images/macotec/logo.png'
I/APP     ( 5120): I 03/14/2013 15:47:19:048 00001416           HttpServer| Process URI: '/public/images/macotec/request_top.png'
I/APP     ( 5120): I 03/14/2013 15:47:19:168 00001416           HttpServer| Process URI: '/public/images/macotec/contact_png.png'
I/APP     ( 5120): I 03/14/2013 15:47:19:233 00001416           HttpServer| Process URI: '/public/images/macotec/products_png.png'
I/APP     ( 5120): I 03/14/2013 15:47:19:258 00001416           HttpServer| Process URI: '/public/images/macotec/info_png.png'
I/APP     ( 5120): I 03/14/2013 15:47:19:299 00001416           HttpServer| Process URI: '/public/images/macotec/attention.png'
D/dalvikvm(  161): GC_CONCURRENT freed 384K, 6% free 9533K/10119K, paused 9ms+4ms
I/APP     ( 5120): I 03/14/2013 15:49:51:574 00001416           HttpServer| Process URI: '/app/Product'
I/APP     ( 5120): I 03/14/2013 15:49:51:606 00001416                  APP| RHO serve: /app/Product
I/APP     ( 5120): I 03/14/2013 15:49:51:631 00001416              RhoRuby| require_compiled: Product/product_controller
I/APP     ( 5120): I 03/14/2013 15:49:51:744 00001416              RhoRuby| require_compiled: helpers/browser_helper
I/APP     ( 5120): I 03/14/2013 15:49:51:826 00001416              RhoRuby| require_compiled: json
I/APP     ( 5120): I 03/14/2013 15:49:51:853 00001416              RhoRuby| require_compiled: json/common
I/APP     ( 5120): I 03/14/2013 15:49:52:057 00001416              RhoRuby| require_compiled: json/version
I/APP     ( 5120): I 03/14/2013 15:49:52:136 00001416              RhoRuby| require_compiled: json/pure
I/APP     ( 5120): I 03/14/2013 15:49:52:231 00001416              RhoRuby| require_compiled: json/pure/generator
I/APP     ( 5120): I 03/14/2013 15:49:52:415 00001416              RhoRuby| require_compiled: Connection/connection_controller
I/APP     ( 5120): I 03/14/2013 15:49:52:491 00001416              RhoRuby| require_compiled: date
I/APP     ( 5120): I 03/14/2013 15:49:52:572 00001416              RhoRuby| require_compiled: dateOrig
I/APP     ( 5120): I 03/14/2013 15:49:52:860 00001416              RhoRuby| require_compiled: date/format
D/dalvikvm( 5120): GC_CONCURRENT freed 931K, 8% free 12503K/13511K, paused 19ms+4ms
D/webviewglue( 5120): nativeDestroy view: 0x293018
I/APP     ( 5120): E 03/14/2013 15:49:53:277 00001416               RubyVM| lib/date.rb:14: warning: already initialized constant MONTHNAMES
I/APP     ( 5120): E 03/14/2013 15:49:53:282 00001416               RubyVM| lib/date.rb:15: warning: already initialized constant ABBR_MONTHNAMES
I/APP     ( 5120): E 03/14/2013 15:49:53:348 00001416               RubyVM| lib/date.rb:16: warning: already initialized constant DAYNAMES
I/APP     ( 5120): E 03/14/2013 15:49:53:372 00001416               RubyVM| lib/date.rb:17: warning: already initialized constant ABBR_DAYNAMES
I/APP     ( 5120): I 03/14/2013 15:49:53:413 00001416            AsyncHttp| addCommand: GET
I/APP     ( 5120): I 03/14/2013 15:49:53:449 00001416                  APP| const_missing: Product
I/APP     ( 5120): I 03/14/2013 15:49:53:454 00001416                  APP| load_model: Product
I/APP     ( 5120): I 03/14/2013 15:49:53:486 00001416              RhoRuby| require_compiled: Product/product
I/APP     ( 5120): I 03/14/2013 15:49:53:480 00001426            AsyncHttp| Starting main routine...
I/APP     ( 5120): I 03/14/2013 15:49:53:531 00001426                  Net| GET request (Pull): http://www.datenloft.com/macotec/catalog.php?request=version
I/APP     ( 5120): I 03/14/2013 15:49:53:610 00001416                  APP| model name: Product
I/APP     ( 5120): I 03/14/2013 15:49:53:631 00001416                  APP| model class found
