I/dalvikvm( 1186): Wrote stack traces to '/data/anr/traces.txt'
D/RhoFileApi( 1186): Copy apps/rhoconfig.txt to FS
D/RhoFileApi( 1186): File apps/rhoconfig.txt copied
D/RhoFileApi( 1186): App root path: /data/data/com.rhomobile.macotec/rhodata/
D/RhoFileApi( 1186): Sqlite journals path: /data/data/com.rhomobile.macotec/sqlite_stmt_journals/
D/RhoFileApi( 1186): Shared path: /data/data/com.rhomobile.macotec/rhodata/
I/APP     ( 1186): I 03/05/2013 13:52:33:584 000004a2    RhodesApplication| Initialized
I/APP     ( 1186): I 03/05/2013 13:52:33:628 000004a2         BaseActivity| New screen properties - width: 480, height: 800, orientation: 1
I/APP     ( 1186): I 03/05/2013 13:52:33:800 000004a2         SplashScreen| Looking for start page source
I/Process (   77): Sending signal. PID: 1186 SIG: 3
I/dalvikvm( 1186): threadid=3: reacting to signal 3
D/dalvikvm( 1186): GC_CONCURRENT freed 301K, 5% free 9218K/9607K, paused 10ms+6ms
I/dalvikvm( 1186): Wrote stack traces to '/data/anr/traces.txt'
D/dalvikvm( 1186): GC_FOR_ALLOC freed 7K, 4% free 9228K/9607K, paused 68ms
I/dalvikvm-heap( 1186): Grow heap (frag case) to 12.147MB for 3217300-byte allocation
D/dalvikvm( 1186): GC_FOR_ALLOC freed <1K, 4% free 12369K/12807K, paused 32ms
D/dalvikvm( 1186): GC_CONCURRENT freed <1K, 4% free 12373K/12807K, paused 4ms+15ms
I/Process (   77): Sending signal. PID: 1186 SIG: 3
I/dalvikvm( 1186): threadid=3: reacting to signal 3
I/dalvikvm( 1186): Wrote stack traces to '/data/anr/traces.txt'
I/APP     ( 1186): I 03/05/2013 13:52:34:678 000004a2         SplashScreen| Done
I/APP     ( 1186): I 03/05/2013 13:52:34:681 000004a2    RhodesApplication| New UiState: MainActivityCreated
I/APP     ( 1186): I 03/05/2013 13:52:34:699 000004a2       RhodesActivity| onStart
I/APP     ( 1186): I 03/05/2013 13:52:34:701 000004a2    RhodesApplication| New UiState: MainActivityStarted
I/APP     ( 1186): I 03/05/2013 13:52:34:714 000004a2       RhodesActivity| onResume
I/APP     ( 1186): I 03/05/2013 13:52:34:718 000004a2 AndroidFunctionality| Resume WebView
I/APP     ( 1186): I 03/05/2013 13:52:34:757 000004a2        RhodesService| onCreate
I/APP     ( 1186): I 03/05/2013 13:52:34:759 000004a2    LocalFileProvider| Revoke URI permissions: content:///com.rhomobile.macotec
W/ActivityManager(   77): No content provider found for permission revoke: content:///com.rhomobile.macotec
I/APP     ( 1186): I 03/05/2013 13:52:34:780 000004a2               Rhodes| Loading...
I/APP     ( 1186): I 03/05/2013 13:52:34:794 000004a2            RhodesApp| Trying to get free listening port.
I/APP     ( 1186): I 03/05/2013 13:52:34:800 000004a2            RhodesApp| Trying to bind of 8080 port...
I/APP     ( 1186): I 03/05/2013 13:52:34:812 000004a2            RhodesApp| Got port to bind on: 8080
I/APP     ( 1186): I 03/05/2013 13:52:34:829 000004a2            RhodesApp| Free listening port: 8080
I/APP     ( 1186): I 03/05/2013 13:52:34:841 000004b7         AppCallbacks| Starting main routine...
I/APP     ( 1186): I 03/05/2013 13:52:34:843 000004b7         AppCallbacks| ThreadQueue blocked for 4294967295 seconds...
I/APP     ( 1186): I 03/05/2013 13:52:34:889 000004a2        RhodesService| Push is disabled
I/APP     ( 1186): I 03/05/2013 13:52:34:891 000004a2            RhodesApp| callAppActiveCallback
I/APP     ( 1186): I 03/05/2013 13:52:34:906 000004a2         AppCallbacks| addCommand: APP-ACTIVATED
I/APP     ( 1186): I 03/05/2013 13:52:34:909 000004b7         AppCallbacks| Received command APP-ACTIVATED which is greater than expected (LOCAL-SERVER-STARTED) - postpone it
I/APP     ( 1186): I 03/05/2013 13:52:34:911 000004b7         AppCallbacks| ThreadQueue blocked for 4294967295 seconds...
I/APP     ( 1186): I 03/05/2013 13:52:34:924 000004a2         AppActivated| Cannot commit now, application will be activated when started.
I/APP     ( 1186): I 03/05/2013 13:52:34:926 000004a2    RhodesApplication| New AppState: Undefined
I/Process (   77): Sending signal. PID: 1186 SIG: 3
I/dalvikvm( 1186): threadid=3: reacting to signal 3
I/APP     ( 1186): I 03/05/2013 13:52:34:981 000004b9            RhodesApp| Starting RhodesApp main routine...
D/RhodesService( 1186): +++ onStartCommand
I/RhodesService( 1186): handleCommand: startId=1, source=com.rhomobile.rhodes.BaseActivity
D/RhodesService( 1186): New activity was created
I/dalvikvm( 1186): Wrote stack traces to '/data/anr/traces.txt'
I/APP     ( 1186): I 03/05/2013 13:52:35:018 000004a2        RhodesService| onBind
I/APP     ( 1186): I 03/05/2013 13:52:35:064 000004a2         AppCallbacks| addCommand: UI-CREATED
I/APP     ( 1186): I 03/05/2013 13:52:35:088 000004b7         AppCallbacks| Received command UI-CREATED which is greater than expected (LOCAL-SERVER-STARTED) - postpone it
I/APP     ( 1186): I 03/05/2013 13:52:35:089 000004b7         AppCallbacks| ThreadQueue blocked for 4294967295 seconds...
V/PhoneStatusBar(  134): setLightsOn(true)
I/APP     ( 1186): I 03/05/2013 13:52:35:184 000004a2       RhodesActivity| onServiceConnected: {com.rhomobile.macotec/com.rhomobile.rhodes.RhodesService}
I/APP     ( 1186): I 03/05/2013 13:52:35:186 000004a2       RhodesActivity| New start parameters: 
I/APP     ( 1186): I 03/05/2013 13:52:35:199 000004a2            RhodesApp| New start params: 
D/gralloc_goldfish( 1186): Emulator without GPU emulation detected.
I/ActivityManager(   77): Displayed com.rhomobile.macotec/com.rhomobile.rhodes.RhodesActivity: +3s275ms
I/APP     ( 1186): I 03/05/2013 13:52:35:781 000004b9              RhoRuby| Init_RhoBlobs: /data/data/com.rhomobile.macotec/rhodata/db/db-files
I/APP     ( 1186): I 03/05/2013 13:52:35:825 000004b9              RhoRuby| require_compiled: rhoframework
W/NetworkManagementSocketTagger(   77): setKernelCountSet(10009, 0) failed with errno -2
I/APP     ( 1186): I 03/05/2013 13:52:35:885 000004b9              RhoRuby| require_compiled: rational
I/APP     ( 1186): I 03/05/2013 13:52:35:902 000004b9              RhoRuby| require_compiled: rhom/rhom_db_adapter
I/APP     ( 1186): I 03/05/2013 13:52:35:953 000004b9              RhoRuby| require_compiled: rhodes
I/APP     ( 1186): I 03/05/2013 13:52:35:973 000004b9              RhoRuby| require_compiled: rhom/rhom_object
I/APP     ( 1186): I 03/05/2013 13:52:35:991 000004b9              RhoRuby| require_compiled: rhofsconnector
I/APP     ( 1186): I 03/05/2013 13:52:35:997 000004b9              RhoRuby| require_compiled: rho/rhofsconnector
I/APP     ( 1186): I 03/05/2013 13:52:36:030 000004b9              RhoRuby| require_compiled: rhom/rhom_object_factory
I/APP     ( 1186): I 03/05/2013 13:52:36:195 000004b9              RhoRuby| require_compiled: rhom/rhom
I/APP     ( 1186): I 03/05/2013 13:52:36:238 000004b9              RhoRuby| require_compiled: rhom/rhom_model
I/APP     ( 1186): I 03/05/2013 13:52:36:277 000004b9              RhoRuby| require_compiled: rhom
I/APP     ( 1186): I 03/05/2013 13:52:36:282 000004b9              RhoRuby| require_compiled: rho/rhoapplication
I/APP     ( 1186): I 03/05/2013 13:52:36:363 000004b9              RhoRuby| require_compiled: rholang/localization_simplified
I/APP     ( 1186): I 03/05/2013 13:52:36:461 000004b9              RhoRuby| require_compiled: rho/rhomsg
I/APP     ( 1186): I 03/05/2013 13:52:36:483 000004b9              RhoRuby| require_compiled: rho/rhotabbar
I/APP     ( 1186): I 03/05/2013 13:52:36:513 000004b9              RhoRuby| require_compiled: rho/rhotoolbar
I/APP     ( 1186): I 03/05/2013 13:52:36:533 000004b9                  APP| Current locale: ; Country code: 
I/APP     ( 1186): I 03/05/2013 13:52:36:549 000004b9                  APP| Locilized file: /data/data/com.rhomobile.macotec/rhodata/lib/rholang/lang_
I/APP     ( 1186): I 03/05/2013 13:52:36:581 000004b9              RhoRuby| require_compiled: /data/data/com.rhomobile.macotec/rhodata/lib/rholang/lang_en
I/APP     ( 1186): I 03/05/2013 13:52:36:620 000004b9                  APP| Locilized file: /data/data/com.rhomobile.macotec/rhodata/apps/app/lang/lang_
I/APP     ( 1186): I 03/05/2013 13:52:36:623 000004b9              RhoRuby| require_compiled: /data/data/com.rhomobile.macotec/rhodata/apps/app/lang/lang_en
I/APP     ( 1186): I 03/05/2013 13:52:36:669 000004b9                  APP| Locilized file: /data/data/com.rhomobile.macotec/rhodata/lib/rholang/rhoerror_
I/APP     ( 1186): I 03/05/2013 13:52:36:671 000004b9              RhoRuby| require_compiled: /data/data/com.rhomobile.macotec/rhodata/lib/rholang/rhoerror_en
I/APP     ( 1186): I 03/05/2013 13:52:36:702 000004b9                  APP| Locilized file: /data/data/com.rhomobile.macotec/rhodata/lib/rholang/rhomsg_
I/APP     ( 1186): I 03/05/2013 13:52:36:733 000004b9              RhoRuby| require_compiled: /data/data/com.rhomobile.macotec/rhodata/lib/rholang/rhomsg_en
I/APP     ( 1186): I 03/05/2013 13:52:36:751 000004b9              RhoRuby| require_compiled: indifferent_access
I/APP     ( 1186): I 03/05/2013 13:52:36:807 000004b9              RhoRuby| require_compiled: rho/rhosupport
I/APP     ( 1186): I 03/05/2013 13:52:36:869 000004b9              RhoRuby| require_compiled: rho/rhocontroller
I/APP     ( 1186): I 03/05/2013 13:52:36:896 000004b9              RhoRuby| require_compiled: rho/render
I/APP     ( 1186): I 03/05/2013 13:52:36:946 000004b9              RhoRuby| require_compiled: rho/rho
I/APP     ( 1186): I 03/05/2013 13:52:37:156 000004b9              RhoRuby| require_compiled: rho/rhoerror
I/APP     ( 1186): I 03/05/2013 13:52:37:173 000004b9              RhoRuby| require_compiled: rhom/rhom_source
I/APP     ( 1186): I 03/05/2013 13:52:37:208 000004b9              RhoRuby| require_compiled: rho/rhoviewhelpers
I/APP     ( 1186): I 03/05/2013 13:52:37:239 000004b9              RhoRuby| require_compiled: rho
I/APP     ( 1186): I 03/05/2013 13:52:37:243 000004b9                  APP| RHO loaded
I/APP     ( 1186): I 03/05/2013 13:52:37:258 000004b9                  APP| Calling RHO.initialize
I/APP     ( 1186): I 03/05/2013 13:52:37:264 000004b9                  APP| model file: Settings/settings
I/APP     ( 1186): I 03/05/2013 13:52:37:282 000004b9                  APP| model file: Image/image
I/APP     ( 1186): I 03/05/2013 13:52:37:284 000004b9                  APP| model file: Product/product
I/APP     ( 1186): I 03/05/2013 13:52:37:306 000004b9                  APP| model file: Request/request
I/APP     ( 1186): I 03/05/2013 13:52:37:311 000004b9                   DB| Open DB: /data/data/com.rhomobile.macotec/rhodata/db/syncdbuser.sqlite
I/APP     ( 1186): I 03/05/2013 13:52:37:348 000004b9          GeoLocation| Creating singleton instance.
I/APP     ( 1186): I 03/05/2013 13:52:37:351 000004b9            RhodesApp| Starting sync engine...
I/APP     ( 1186): I 03/05/2013 13:52:37:370 000004b9                 Sync| sync_poll_interval: 0
I/APP     ( 1186): I 03/05/2013 13:52:37:372 000004b9                 Sync| syncserver: 
I/APP     ( 1186): I 03/05/2013 13:52:37:390 000004b9                 Sync| bulksync_state: 0
I/APP     ( 1186): I 03/05/2013 13:52:37:391 000004b9            RhodesApp| RhoRubyInitApp...
I/APP     ( 1186): I 03/05/2013 13:52:37:407 000004b9                  APP| init_app
I/APP     ( 1186): I 03/05/2013 13:52:37:423 000004b9              RhoRuby| require_compiled: application
I/APP     ( 1186): I 03/05/2013 13:52:37:438 000004b9                 Sync| Set notification. Source ID: -1;Url :http://localhost:8080/app/Settings/sync_notify; Params: 
I/APP     ( 1186): I 03/05/2013 13:52:37:440 000004b9           HttpServer| Start HTTP server
I/APP     ( 1186): I 03/05/2013 13:52:37:457 000004b9           HttpServer| Listen for connections on port 8080
I/APP     ( 1186): I 03/05/2013 13:52:37:460 000004b9         AppCallbacks| addCommand: LOCAL-SERVER-STARTED
I/APP     ( 1186): I 03/05/2013 13:52:37:467 000004b7         AppCallbacks| process command: LOCAL-SERVER-STARTED
I/APP     ( 1186): I 03/05/2013 13:52:37:469 000004b7 RhodesAppActiveObserver| Ready
I/APP     ( 1186): I 03/05/2013 13:52:37:475 000004a2 AndroidFunctionality| Disable WebView zoom
I/APP     ( 1186): I 03/05/2013 13:52:37:476 000004a2 AndroidFunctionality| Set web plugins state 'OFF'
I/APP     ( 1186): I 03/05/2013 13:52:37:495 000004b7    RhodesApplication| New AppState: AppActivated
I/APP     ( 1186): I 03/05/2013 13:52:37:516 000004b7         AppCallbacks| process command: UI-CREATED
V/EmulatedCamera_Factory(   38): getCameraInfo: id = 0
V/EmulatedCamera_Camera(   38): getCameraInfo
V/EmulatedCamera_Factory(   38): getCameraInfo: id = 0
V/EmulatedCamera_Camera(   38): getCameraInfo
I/CameraService(   38): Opening camera 0
V/EmulatedCamera_Factory(   38): cameraDeviceOpen: id = 0
V/EmulatedCamera_Camera(   38): connectCamera
V/EmulatedCamera_FakeDevice(   38): connectDevice
V/EmulatedCamera_CallbackNotifier(   38): setCallbacks: 0x405954e9, 0x40595f9d, 0x40595f01, 0x40597359 (0x244e0)
V/EmulatedCamera_CallbackNotifier(   38): enableMessage: msg_type = 0x40d
V/EmulatedCamera_CallbackNotifier(   38):     CAMERA_MSG_ERROR
V/EmulatedCamera_CallbackNotifier(   38):     CAMERA_MSG_FOCUS
V/EmulatedCamera_CallbackNotifier(   38):     CAMERA_MSG_ZOOM
V/EmulatedCamera_CallbackNotifier(   38):     CAMERA_MSG_PREVIEW_METADATA
V/EmulatedCamera_CallbackNotifier(   38): **** Currently enabled messages:
V/EmulatedCamera_CallbackNotifier(   38):     CAMERA_MSG_ERROR
V/EmulatedCamera_CallbackNotifier(   38):     CAMERA_MSG_FOCUS
V/EmulatedCamera_CallbackNotifier(   38):     CAMERA_MSG_ZOOM
V/EmulatedCamera_CallbackNotifier(   38):     CAMERA_MSG_PREVIEW_METADATA
I/AwesomePlayer(   38): setDataSource_l('/system/media/audio/ui/camera_click.ogg')
I/APP     ( 1186): I 03/05/2013 13:52:37:616 000004b9           HttpServer| Process URI: '/system/uicreated'
I/APP     ( 1186): I 03/05/2013 13:52:37:620 000004b9                  APP| on_ui_created.navigate to start url: '/app'
I/APP     ( 1186): I 03/05/2013 13:52:37:647 000004b7         AppCallbacks| process command: APP-ACTIVATED
I/APP     ( 1186): I 03/05/2013 13:52:37:705 000004b9           HttpServer| Process URI: '/system/activateapp'
I/APP     ( 1186): I 03/05/2013 13:52:37:743 000004b7         AppCallbacks| ThreadQueue blocked for 4294967295 seconds...
I/AwesomePlayer(   38): setDataSource_l('/system/media/audio/ui/VideoRecord.ogg')
V/EmulatedCamera_CallbackNotifier(   38): disableMessage: msg_type = 0x10
V/EmulatedCamera_CallbackNotifier(   38):     CAMERA_MSG_PREVIEW_FRAME
V/EmulatedCamera_CallbackNotifier(   38): **** Currently enabled messages:
V/EmulatedCamera_CallbackNotifier(   38):     CAMERA_MSG_ERROR
V/EmulatedCamera_CallbackNotifier(   38):     CAMERA_MSG_FOCUS
V/EmulatedCamera_CallbackNotifier(   38):     CAMERA_MSG_ZOOM
V/EmulatedCamera_CallbackNotifier(   38):     CAMERA_MSG_PREVIEW_METADATA
V/EmulatedCamera_CallbackNotifier(   38): disableMessage: msg_type = 0xffff
V/EmulatedCamera_CallbackNotifier(   38):     CAMERA_MSG_ERROR
V/EmulatedCamera_CallbackNotifier(   38):     CAMERA_MSG_SHUTTER
V/EmulatedCamera_CallbackNotifier(   38):     CAMERA_MSG_FOCUS
V/EmulatedCamera_CallbackNotifier(   38):     CAMERA_MSG_ZOOM
V/EmulatedCamera_CallbackNotifier(   38):     CAMERA_MSG_PREVIEW_FRAME
V/EmulatedCamera_CallbackNotifier(   38):     CAMERA_MSG_VIDEO_FRAME
V/EmulatedCamera_CallbackNotifier(   38):     CAMERA_MSG_POSTVIEW_FRAME
V/EmulatedCamera_CallbackNotifier(   38):     CAMERA_MSG_RAW_IMAGE
V/EmulatedCamera_CallbackNotifier(   38):     CAMERA_MSG_COMPRESSED_IMAGE
V/EmulatedCamera_CallbackNotifier(   38):     CAMERA_MSG_RAW_IMAGE_NOTIFY
V/EmulatedCamera_CallbackNotifier(   38):     CAMERA_MSG_PREVIEW_METADATA
V/EmulatedCamera_CallbackNotifier(   38): **** Currently enabled messages:
V/EmulatedCamera_Camera(   38): doStopPreview
V/EmulatedCamera_Camera(   38): cancelPicture
V/EmulatedCamera_Camera(   38): releaseCamera
V/EmulatedCamera_Camera(   38): doStopPreview
V/EmulatedCamera_FakeDevice(   38): disconnectDevice
I/CameraService(   38): Destroying camera 0
V/EmulatedCamera_Camera(   38): closeCamera
V/EmulatedCamera_Camera(   38): doStopPreview
W/AudioFlinger(   38): session id 21 not found for pid 38
V/EmulatedCamera_Factory(   38): getCameraInfo: id = 0
V/EmulatedCamera_Camera(   38): getCameraInfo
I/APP     ( 1186): I 03/05/2013 13:52:37:987 000004a2         SplashScreen| navigate: url=http://localhost:8080/app
I/APP     ( 1186): I 03/05/2013 13:52:37:989 000004a2         SplashScreen| DELAY for SplashScreen = 0
W/AudioFlinger(   38): session id 22 not found for pid 38
I/APP     ( 1186): I 03/05/2013 13:52:38:023 000004a2        GoogleWebView| Creating new RhoWebChromeClient
I/APP     ( 1186): I 03/05/2013 13:52:38:040 000004a2       SimpleMainView| Cleared URL: http://localhost:8080/app
V/SimpleMainView.View( 1186): ms[1362487958088]  Main Window :: onSizeChanged() old [ 480 x 762 ]  new [ 0 x 0 ]
I/APP     ( 1186): I 03/05/2013 13:52:38:127 000004a2        GoogleWebView| Setting RhoWebChromeClient
I/APP     ( 1186): I 03/05/2013 13:52:38:173 000004b9           HttpServer| Process URI: '/app'
I/APP     ( 1186): I 03/05/2013 13:52:38:213 000004a2     RhoWebViewClient| Loading URL: http://localhost:8080/app/index_erb.iseq
I/APP     ( 1186): I 03/05/2013 13:52:38:241 000004b9           HttpServer| Process URI: '/app/index_erb.iseq'
I/APP     ( 1186): I 03/05/2013 13:52:38:246 000004b9                  APP| RHO serve_index: /app/index_erb.iseq
I/APP     ( 1186): I 03/05/2013 13:52:38:269 000004b9 RHO Rho::RhoController| inst_render_index
I/APP     ( 1186): I 03/05/2013 13:52:38:314 000004b9 RHO Rho::RhoController| index layout
I/APP     ( 1186): I 03/05/2013 13:52:38:414 000004b9           HttpServer| GC Start.
I/APP     ( 1186): I 03/05/2013 13:52:38:540 000004b9           HttpServer| GC End.
I/APP     ( 1186): I 03/05/2013 13:52:38:899 000004b9           HttpServer| Process URI: '/public/js/request.js'
I/APP     ( 1186): I 03/05/2013 13:52:38:934 000004b9           HttpServer| Process URI: '/public/jquery/jquery-1.6.4.min.js'
I/APP     ( 1186): I 03/05/2013 13:52:39:038 000004b9           HttpServer| Process URI: '/public/jquery/jquery.json-2.3.min.js'
I/APP     ( 1186): I 03/05/2013 13:52:39:085 000004b9           HttpServer| Process URI: '/public/jqmobile/jquery.mobile-1.0.1.min.css'
I/APP     ( 1186): I 03/05/2013 13:52:39:136 000004b9           HttpServer| Process URI: '/public/css/jqmobile-patch.css'
I/APP     ( 1186): I 03/05/2013 13:52:39:157 000004b9           HttpServer| Process URI: '/public/jqmobile/jquery.mobile-1.0.1.min.js'
I/APP     ( 1186): I 03/05/2013 13:52:39:288 000004b9           HttpServer| Process URI: '/public/js/jqmobile-patch.js'
I/APP     ( 1186): I 03/05/2013 13:52:39:311 000004b9           HttpServer| Process URI: '/public/css/macotec_style.css'
I/APP     ( 1186): I 03/05/2013 13:52:42:506 000004b9           HttpServer| Process URI: '/public/images/macotec/logo.png'
I/APP     ( 1186): I 03/05/2013 13:52:43:245 000004b9           HttpServer| Process URI: '/public/images/macotec/request_top.png'
I/APP     ( 1186): I 03/05/2013 13:52:43:317 000004b9           HttpServer| Process URI: '/public/images/macotec/contact_png.png'
I/APP     ( 1186): I 03/05/2013 13:52:43:324 000004b9           HttpServer| Process URI: '/public/images/macotec/products_png.png'
I/APP     ( 1186): I 03/05/2013 13:52:43:385 000004b9           HttpServer| Process URI: '/public/images/macotec/info_png.png'
I/APP     ( 1186): I 03/05/2013 13:52:49:164 000004b9           HttpServer| Process URI: '/app/Request/request'
I/APP     ( 1186): I 03/05/2013 13:52:49:171 000004b9                  APP| RHO serve: /app/Request/request
I/APP     ( 1186): I 03/05/2013 13:52:49:230 000004b9              RhoRuby| require_compiled: Request/request_controller
I/APP     ( 1186): I 03/05/2013 13:52:49:353 000004b9              RhoRuby| require_compiled: helpers/browser_helper
I/APP     ( 1186): I 03/05/2013 13:52:49:382 000004b9              RhoRuby| require_compiled: time
I/APP     ( 1186): I 03/05/2013 13:52:49:613 000004b9              RhoRuby| require_compiled: date/format
I/APP     ( 1186): I 03/05/2013 13:52:49:954 000004b9              RhoRuby| require_compiled: date
I/APP     ( 1186): I 03/05/2013 13:52:49:969 000004b9              RhoRuby| require_compiled: dateOrig
D/dalvikvm( 1186): GC_CONCURRENT freed 900K, 8% free 12507K/13575K, paused 5ms+5ms
D/webviewglue( 1186): nativeDestroy view: 0x2909f8
I/APP     ( 1186): E 03/05/2013 13:52:50:276 000004b9               RubyVM| lib/date.rb:14: warning: already initialized constant MONTHNAMES
I/APP     ( 1186): E 03/05/2013 13:52:50:278 000004b9               RubyVM| lib/date.rb:15: warning: already initialized constant ABBR_MONTHNAMES
I/APP     ( 1186): E 03/05/2013 13:52:50:292 000004b9               RubyVM| lib/date.rb:16: warning: already initialized constant DAYNAMES
I/APP     ( 1186): E 03/05/2013 13:52:50:293 000004b9               RubyVM| lib/date.rb:17: warning: already initialized constant ABBR_DAYNAMES
I/APP     ( 1186): I 03/05/2013 13:52:50:306 000004b9              RhoRuby| require_compiled: json
I/APP     ( 1186): I 03/05/2013 13:52:50:320 000004b9              RhoRuby| require_compiled: json/common
I/APP     ( 1186): I 03/05/2013 13:52:50:365 000004b9              RhoRuby| require_compiled: json/version
I/APP     ( 1186): I 03/05/2013 13:52:50:390 000004b9              RhoRuby| require_compiled: json/pure
I/APP     ( 1186): I 03/05/2013 13:52:50:417 000004b9              RhoRuby| require_compiled: json/pure/generator
I/APP     ( 1186): I 03/05/2013 13:52:50:478 000004b9              RhoRuby| require_compiled: Connection/connection_controller
I/APP     ( 1186): I 03/05/2013 13:52:50:555 000004b9           HttpServer| GC Start.
I/APP     ( 1186): I 03/05/2013 13:52:50:616 000004b9           HttpServer| GC End.
I/APP     ( 1186): I 03/05/2013 13:52:50:901 000004b9           HttpServer| Process URI: '/public/images/macotec/forklifter_full.png'
I/APP     ( 1186): I 03/05/2013 13:52:50:940 000004b9           HttpServer| Process URI: '/public/images/macotec/request_contract.png'
I/APP     ( 1186): I 03/05/2013 13:52:51:166 000004b9           HttpServer| Process URI: '/public/jqmobile/images/icons-36-white.png'
E/libEGL  ( 1186): call to OpenGL ES API with no current context (logged once per thread)
D/ShaderProgram( 1186): couldn't load the vertex shader!
E/libEGL  ( 1186): call to OpenGL ES API with no current context (logged once per thread)
D/ShaderProgram( 1186): couldn't load the vertex shader!
E/libEGL  ( 1186): call to OpenGL ES API with no current context (logged once per thread)
D/ShaderProgram( 1186): couldn't load the vertex shader!
E/libEGL  ( 1186): call to OpenGL ES API with no current context (logged once per thread)
D/ShaderProgram( 1186): couldn't load the vertex shader!
E/libEGL  ( 1186): call to OpenGL ES API with no current context (logged once per thread)
D/ShaderProgram( 1186): couldn't load the vertex shader!
I/APP     ( 1186): I 03/05/2013 13:52:53:661 000004b9           HttpServer| Process URI: '/app/Request/request_project'
I/APP     ( 1186): I 03/05/2013 13:52:53:663 000004b9                  APP| RHO serve: /app/Request/request_project
I/APP     ( 1186): I 03/05/2013 13:52:53:683 000004b9                  APP| const_missing: Settings
I/APP     ( 1186): I 03/05/2013 13:52:53:686 000004b9                  APP| load_model: Settings
I/APP     ( 1186): I 03/05/2013 13:52:53:714 000004b9              RhoRuby| require_compiled: Settings/settings
I/APP     ( 1186): I 03/05/2013 13:52:53:750 000004b9                  APP| model name: Settings
I/APP     ( 1186): I 03/05/2013 13:52:53:768 000004b9                  APP| model class found
I/APP     ( 1186): I 03/05/2013 13:52:53:794 000004b9                  APP| Settings : {"schema"=>{"property"=>{"company"=>[:string, nil], "phone"=>[:string, nil], "email"=>[:string, nil]}}}
I/APP     ( 1186): I 03/05/2013 13:52:53:819 000004b9                   DB| Open DB: /data/data/com.rhomobile.macotec/rhodata/db/syncdblocal.sqlite
I/APP     ( 1186): I 03/05/2013 13:52:53:880 000004b9                  APP| init_db_sources
I/APP     ( 1186): I 03/05/2013 13:52:54:009 000004b9                  APP| start_id: 40005
I/APP     ( 1186): I 03/05/2013 13:52:54:012 000004b9                  APP| Migrate schema sources: {}
I/APP     ( 1186): I 03/05/2013 13:52:54:336 000004b9           HttpServer| GC Start.
I/APP     ( 1186): I 03/05/2013 13:52:54:383 000004b9           HttpServer| GC End.
I/APP     ( 1186): I 03/05/2013 13:52:59:983 000004b9           HttpServer| Process URI: '/app/Request/new_image'
I/APP     ( 1186): I 03/05/2013 13:52:59:985 000004b9                  APP| RHO serve: /app/Request/new_image
I/APP     ( 1186): I 03/05/2013 13:53:00:095 000004b9           HttpServer| GC Start.
I/APP     ( 1186): I 03/05/2013 13:53:00:163 000004b9           HttpServer| GC End.
I/ActivityManager(   77): START {cmp=com.rhomobile.macotec/com.rhomobile.rhodes.camera.ImageCapture (has extras)} from pid 1186
W/WindowManager(   77): Failure taking screenshot for (180x300) to layer 21010
I/APP     ( 1186): I 03/05/2013 13:53:00:488 000004a2 AndroidFunctionality| Pause WebView
I/APP     ( 1186): I 03/05/2013 13:53:00:490 000004a2       RhodesActivity| onPause
I/APP     ( 1186): I 03/05/2013 13:53:00:523 000004b9           HttpServer| Process URI: '/system/uidestroyed'
I/APP     ( 1186): I 03/05/2013 13:53:00:544 000004a2    RhodesApplication| New UiState: MainActivityPaused
I/InputReader(   77): Reconfiguring input devices.  changes=0x00000004
I/InputReader(   77): Device reconfigured: id=0, name='qwerty2', surface size is now 480x800, mode is 1
W/SurfaceFlinger(   36): createScreenshotSurface failed (Function not implemented)
I/ActivityManager(   77): Config changed: {1.0 310mcc260mnc en_US layoutdir=0 sw320dp w533dp h294dp nrml long land finger qwerty/v/v tball/v s.9}
I/APP     ( 1186): I 03/05/2013 13:53:00:912 000004a2         ImageCapture| onCreate
I/Process (   77): Sending signal. PID: 1186 SIG: 3
I/dalvikvm( 1186): threadid=3: reacting to signal 3
I/APP     ( 1186): I 03/05/2013 13:53:01:152 000004a2         ImageCapture| myOrientationEventListener.enable()
I/dalvikvm( 1186): Wrote stack traces to '/data/anr/traces.txt'
I/APP     ( 1186): I 03/05/2013 13:53:01:221 000004a2         ImageCapture| onResume
D/RhodesService( 1186): +++ onStartCommand
I/RhodesService( 1186): handleCommand: startId=2, source=com.rhomobile.rhodes.BaseActivity
D/RhodesService( 1186): New activity was created
V/PhoneStatusBar(  134): setLightsOn(true)
I/APP     ( 1186): I 03/05/2013 13:53:01:390 000004a2         ImageCapture| surfaceCreated
V/EmulatedCamera_Factory(   38): getCameraInfo: id = 0
V/EmulatedCamera_Camera(   38): getCameraInfo
V/EmulatedCamera_Factory(   38): getCameraInfo: id = 0
V/EmulatedCamera_Camera(   38): getCameraInfo
I/CameraService(   38): Opening camera 0
V/EmulatedCamera_Factory(   38): cameraDeviceOpen: id = 0
V/EmulatedCamera_Camera(   38): connectCamera
V/EmulatedCamera_FakeDevice(   38): connectDevice
V/EmulatedCamera_CallbackNotifier(   38): setCallbacks: 0x405954e9, 0x40595f9d, 0x40595f01, 0x40597359 (0x244e0)
V/EmulatedCamera_CallbackNotifier(   38): enableMessage: msg_type = 0x40d
V/EmulatedCamera_CallbackNotifier(   38):     CAMERA_MSG_ERROR
V/EmulatedCamera_CallbackNotifier(   38):     CAMERA_MSG_FOCUS
V/EmulatedCamera_CallbackNotifier(   38):     CAMERA_MSG_ZOOM
V/EmulatedCamera_CallbackNotifier(   38):     CAMERA_MSG_PREVIEW_METADATA
V/EmulatedCamera_CallbackNotifier(   38): **** Currently enabled messages:
V/EmulatedCamera_CallbackNotifier(   38):     CAMERA_MSG_ERROR
V/EmulatedCamera_CallbackNotifier(   38):     CAMERA_MSG_FOCUS
V/EmulatedCamera_CallbackNotifier(   38):     CAMERA_MSG_ZOOM
V/EmulatedCamera_CallbackNotifier(   38):     CAMERA_MSG_PREVIEW_METADATA
I/AwesomePlayer(   38): setDataSource_l('/system/media/audio/ui/camera_click.ogg')
I/Process (   77): Sending signal. PID: 1186 SIG: 3
I/dalvikvm( 1186): threadid=3: reacting to signal 3
I/AwesomePlayer(   38): setDataSource_l('/system/media/audio/ui/VideoRecord.ogg')
I/dalvikvm( 1186): Wrote stack traces to '/data/anr/traces.txt'
I/APP     ( 1186): I 03/05/2013 13:53:01:753 000004a2         ImageCapture| surfaceChanged
V/EmulatedCamera_Camera(   38): setParameters
V/EmulatedCamera_Preview(   38): setPreviewWindow: current: 0x0 -> new: 0x244f0
V/EmulatedCamera_Camera(   38): doStartPreview
V/EmulatedCamera_Preview(   38): startPreview
D/EmulatedCamera_Camera(   38): Starting camera: 352x288 -> NV21(yuv420sp)
V/EmulatedCamera_FakeDevice(   38): startDevice
V/EmulatedCamera_Device(   38): commonStartDevice: Allocated 0x41a26008 152064 bytes for 101376 pixels in NV21[352x288] frame
V/EmulatedCamera_Device(   38): startDeliveringFrames
V/EmulatedCamera_Device(   38): startWorkerThread
I/APP     ( 1186): I 03/05/2013 13:53:01:852 000004a2         ImageCapture| onOrientationChanged(0)
V/EmulatedCamera_Device(   38): Starting emulated camera device worker thread...
V/EmulatedCamera_Device(   38): Emulated device's worker thread has been started.
V/EmulatedCamera_Preview(   38): onNextFrameAvailable: Adjusting preview windows 0x244f0 geometry to 352x288
I/ActivityManager(   77): Displayed com.rhomobile.macotec/com.rhomobile.rhodes.camera.ImageCapture: +1s467ms
I/APP     ( 1186): I 03/05/2013 13:53:02:418 000004a2       RhodesActivity| onStop
I/APP     ( 1186): I 03/05/2013 13:53:03:630 000004a2         ImageCapture| onOrientationChanged(270)
D/dalvikvm(   77): GC_EXPLICIT freed 228K, 13% free 11272K/12871K, paused 9ms+45ms
I/APP     ( 1186): I 03/05/2013 13:53:09:722 000004a2         ImageCapture| Camera rotation: 0
I/APP     ( 1186): I 03/05/2013 13:53:09:723 000004a2         ImageCapture| Camera rotation resetup for platforms >= 2.2: 1
V/ImageCapture( 1186): ms[1362487989740] $$$   parameters.set(rotation, 0 );
V/EmulatedCamera_Camera(   38): setParameters
V/EmulatedCamera_CallbackNotifier(   38): enableMessage: msg_type = 0x302
V/EmulatedCamera_CallbackNotifier(   38):     CAMERA_MSG_SHUTTER
V/EmulatedCamera_CallbackNotifier(   38):     CAMERA_MSG_COMPRESSED_IMAGE
V/EmulatedCamera_CallbackNotifier(   38):     CAMERA_MSG_RAW_IMAGE_NOTIFY
V/EmulatedCamera_CallbackNotifier(   38): **** Currently enabled messages:
V/EmulatedCamera_CallbackNotifier(   38):     CAMERA_MSG_ERROR
V/EmulatedCamera_CallbackNotifier(   38):     CAMERA_MSG_SHUTTER
V/EmulatedCamera_CallbackNotifier(   38):     CAMERA_MSG_FOCUS
V/EmulatedCamera_CallbackNotifier(   38):     CAMERA_MSG_ZOOM
V/EmulatedCamera_CallbackNotifier(   38):     CAMERA_MSG_COMPRESSED_IMAGE
V/EmulatedCamera_CallbackNotifier(   38):     CAMERA_MSG_RAW_IMAGE_NOTIFY
V/EmulatedCamera_CallbackNotifier(   38):     CAMERA_MSG_PREVIEW_METADATA
V/EmulatedCamera_Camera(   38): takePicture
V/EmulatedCamera_Camera(   38): doStopPreview
V/EmulatedCamera_Device(   38): stopDeliveringFrames
V/EmulatedCamera_Device(   38): stopWorkerThread
V/EmulatedCamera_Device(   38): Stopping emulated camera device's worker thread...
V/EmulatedCamera_Device(   38): Emulated camera device's worker thread has been stopped.
V/EmulatedCamera_FakeDevice(   38): stopDevice
V/EmulatedCamera_Preview(   38): stopPreview
D/EmulatedCamera_Camera(   38): Starting camera for picture: NV21(jpeg)[640x480]
V/EmulatedCamera_FakeDevice(   38): startDevice
V/EmulatedCamera_Device(   38): commonStartDevice: Allocated 0x41bf4008 460800 bytes for 307200 pixels in NV21[640x480] frame
V/EmulatedCamera_Device(   38): startDeliveringFrames
V/EmulatedCamera_Device(   38): startWorkerThread
V/EmulatedCamera_Device(   38): Starting emulated camera device worker thread...
V/EmulatedCamera_Device(   38): Emulated device's worker thread has been started.
D/AudioSink(   38): bufferCount (4) is too small and increased to 12
I/APP     ( 1186): I 03/05/2013 13:53:10:057 000004a2         ImageCapture| SHUTTER CALLBACK
V/EmulatedCamera_CallbackNotifier(   38): disableMessage: msg_type = 0x2
V/EmulatedCamera_CallbackNotifier(   38):     CAMERA_MSG_SHUTTER
V/EmulatedCamera_CallbackNotifier(   38): **** Currently enabled messages:
V/EmulatedCamera_CallbackNotifier(   38):     CAMERA_MSG_ERROR
V/EmulatedCamera_CallbackNotifier(   38):     CAMERA_MSG_FOCUS
V/EmulatedCamera_CallbackNotifier(   38):     CAMERA_MSG_ZOOM
V/EmulatedCamera_CallbackNotifier(   38):     CAMERA_MSG_COMPRESSED_IMAGE
V/EmulatedCamera_CallbackNotifier(   38):     CAMERA_MSG_RAW_IMAGE_NOTIFY
V/EmulatedCamera_CallbackNotifier(   38):     CAMERA_MSG_PREVIEW_METADATA
I/APP     ( 1186): I 03/05/2013 13:53:10:094 000004a2         ImageCapture| PICTURE CALLBACK RAW
V/EmulatedCamera_JPEG(   38): compressRawImage: 0x41bf4008[640x480]
D/skia    (   38): onFlyCompress
V/EmulatedCamera_JPEG(   38): compressRawImage: Compressed JPEG: 460800[640x480] -> 13260 bytes
V/EmulatedCamera_CallbackNotifier(   38): disableMessage: msg_type = 0x100
V/EmulatedCamera_CallbackNotifier(   38):     CAMERA_MSG_COMPRESSED_IMAGE
V/EmulatedCamera_CallbackNotifier(   38): **** Currently enabled messages:
V/EmulatedCamera_CallbackNotifier(   38):     CAMERA_MSG_ERROR
V/EmulatedCamera_CallbackNotifier(   38):     CAMERA_MSG_FOCUS
V/EmulatedCamera_CallbackNotifier(   38):     CAMERA_MSG_ZOOM
V/EmulatedCamera_CallbackNotifier(   38):     CAMERA_MSG_RAW_IMAGE_NOTIFY
V/EmulatedCamera_CallbackNotifier(   38):     CAMERA_MSG_PREVIEW_METADATA
I/APP     ( 1186): I 03/05/2013 13:53:10:339 000004a2         ImageCapture| PICTURE CALLBACK JPEG: 13260 bytes
I/APP     ( 1186): I 03/05/2013 13:53:10:379 000004b9           HttpServer| Process URI: '/app/Request/camera_callback'
I/APP     ( 1186): I 03/05/2013 13:53:10:381 000004b9                  APP| RHO serve: /app/Request/camera_callback
I/APP     ( 1186): I 03/05/2013 13:53:10:406 000004b9                  APP| Params: {"rho_callback"=>"1", "status"=>"ok", "image_uri"=>"db/db-files/Image_20130305135309317.jpg", "image_width"=>"640", "image_height"=>"480", "image_format"=>"jpg"}
I/APP     ( 1186): I 03/05/2013 13:53:10:409 000004b9                  APP| const_missing: Image
I/APP     ( 1186): I 03/05/2013 13:53:10:424 000004b9                  APP| load_model: Image
I/APP     ( 1186): I 03/05/2013 13:53:10:441 000004b9              RhoRuby| require_compiled: Image/image
I/APP     ( 1186): I 03/05/2013 13:53:10:454 000004b9                  APP| model name: Image
I/APP     ( 1186): I 03/05/2013 13:53:10:457 000004b9                  APP| model class found
I/APP     ( 1186): I 03/05/2013 13:53:10:474 000004b9                  APP| Image : {"sync_type"=>"incremental", "property"=>{"name"=>[:string, nil], "filename"=>[:string, nil], "image_uri"=>[:blob, :overwrite]}}
I/APP     ( 1186): I 03/05/2013 13:53:10:480 000004b9                  APP| init_db_sources
I/APP     ( 1186): I 03/05/2013 13:53:10:505 000004b9                  APP| start_id: 4
I/APP     ( 1186): I 03/05/2013 13:53:10:506 000004b9                  APP| Migrate schema sources: {}
I/APP     ( 1186): I 03/05/2013 13:53:10:609 000004a2         ImageCapture| finish
W/WindowManager(   77): Failure taking screenshot for (180x300) to layer 21020
I/APP     ( 1186): I 03/05/2013 13:53:10:642 000004a2       SimpleMainView| Cleared URL: javascript:showImage("/data/data/com.rhomobile.macotec/rhodata/db/db-files/Image_20130305135309317.jpg");
I/APP     ( 1186): I 03/05/2013 13:53:10:714 000004a2         BaseActivity| New screen properties - width: 800, height: 480, orientation: 0
I/APP     ( 1186): I 03/05/2013 13:53:10:715 000004a2       RhodesActivity| onStart
I/APP     ( 1186): I 03/05/2013 13:53:10:731 000004a2    RhodesApplication| New UiState: MainActivityStarted
I/APP     ( 1186): I 03/05/2013 13:53:10:735 000004a2       RhodesActivity| onResume
I/APP     ( 1186): I 03/05/2013 13:53:10:741 000004a2 AndroidFunctionality| Resume WebView
V/PhoneStatusBar(  134): setLightsOn(true)
I/APP     ( 1186): I 03/05/2013 13:53:10:734 000004b9           HttpServer| GC Start.
I/APP     ( 1186): I 03/05/2013 13:53:10:903 000004b9           HttpServer| GC End.
I/APP     ( 1186): I 03/05/2013 13:53:10:905 000004b9           HttpServer| Process URI: '/data/data/com.rhomobile.macotec/rhodata/db/db-files/Image_20130305135309317.jpg'
I/Process (   77): Sending signal. PID: 1186 SIG: 3
I/dalvikvm( 1186): threadid=3: reacting to signal 3
I/dalvikvm( 1186): Wrote stack traces to '/data/anr/traces.txt'
V/SimpleMainView.View( 1186): ms[1362487992084]  Main Window :: onSizeChanged() old [ 800 x 442 ]  new [ 480 x 762 ]
I/APP     ( 1186): I 03/05/2013 13:53:12:248 000004a2         ImageCapture| surfaceDestroyed
V/EmulatedCamera_CallbackNotifier(   38): disableMessage: msg_type = 0x10
V/EmulatedCamera_CallbackNotifier(   38):     CAMERA_MSG_PREVIEW_FRAME
V/EmulatedCamera_CallbackNotifier(   38): **** Currently enabled messages:
V/EmulatedCamera_CallbackNotifier(   38):     CAMERA_MSG_ERROR
V/EmulatedCamera_CallbackNotifier(   38):     CAMERA_MSG_FOCUS
V/EmulatedCamera_CallbackNotifier(   38):     CAMERA_MSG_ZOOM
V/EmulatedCamera_CallbackNotifier(   38):     CAMERA_MSG_RAW_IMAGE_NOTIFY
V/EmulatedCamera_CallbackNotifier(   38):     CAMERA_MSG_PREVIEW_METADATA
V/EmulatedCamera_Camera(   38): doStopPreview
V/EmulatedCamera_CallbackNotifier(   38): disableMessage: msg_type = 0x10
V/EmulatedCamera_CallbackNotifier(   38):     CAMERA_MSG_PREVIEW_FRAME
V/EmulatedCamera_CallbackNotifier(   38): **** Currently enabled messages:
V/EmulatedCamera_CallbackNotifier(   38):     CAMERA_MSG_ERROR
V/EmulatedCamera_CallbackNotifier(   38):     CAMERA_MSG_FOCUS
V/EmulatedCamera_CallbackNotifier(   38):     CAMERA_MSG_ZOOM
V/EmulatedCamera_CallbackNotifier(   38):     CAMERA_MSG_RAW_IMAGE_NOTIFY
V/EmulatedCamera_CallbackNotifier(   38):     CAMERA_MSG_PREVIEW_METADATA
V/EmulatedCamera_CallbackNotifier(   38): disableMessage: msg_type = 0xffff
V/EmulatedCamera_CallbackNotifier(   38):     CAMERA_MSG_ERROR
V/EmulatedCamera_CallbackNotifier(   38):     CAMERA_MSG_SHUTTER
V/EmulatedCamera_CallbackNotifier(   38):     CAMERA_MSG_FOCUS
V/EmulatedCamera_CallbackNotifier(   38):     CAMERA_MSG_ZOOM
V/EmulatedCamera_CallbackNotifier(   38):     CAMERA_MSG_PREVIEW_FRAME
V/EmulatedCamera_CallbackNotifier(   38):     CAMERA_MSG_VIDEO_FRAME
V/EmulatedCamera_CallbackNotifier(   38):     CAMERA_MSG_POSTVIEW_FRAME
V/EmulatedCamera_CallbackNotifier(   38):     CAMERA_MSG_RAW_IMAGE
V/EmulatedCamera_CallbackNotifier(   38):     CAMERA_MSG_COMPRESSED_IMAGE
V/EmulatedCamera_CallbackNotifier(   38):     CAMERA_MSG_RAW_IMAGE_NOTIFY
V/EmulatedCamera_CallbackNotifier(   38):     CAMERA_MSG_PREVIEW_METADATA
V/EmulatedCamera_CallbackNotifier(   38): **** Currently enabled messages:
V/EmulatedCamera_Camera(   38): doStopPreview
V/EmulatedCamera_Camera(   38): cancelPicture
V/EmulatedCamera_Camera(   38): releaseCamera
V/EmulatedCamera_Camera(   38): doStopPreview
V/EmulatedCamera_Device(   38): stopDeliveringFrames
V/EmulatedCamera_Device(   38): stopWorkerThread
V/EmulatedCamera_Device(   38): Stopping emulated camera device's worker thread...
V/EmulatedCamera_Device(   38): Emulated camera device's worker thread has been stopped.
V/EmulatedCamera_FakeDevice(   38): stopDevice
V/EmulatedCamera_FakeDevice(   38): disconnectDevice
V/EmulatedCamera_Preview(   38): setPreviewWindow: current: 0x244f0 -> new: 0x0
I/CameraService(   38): Destroying camera 0
V/EmulatedCamera_Camera(   38): closeCamera
V/EmulatedCamera_Camera(   38): doStopPreview
W/AudioFlinger(   38): session id 23 not found for pid 38
W/AudioFlinger(   38): session id 24 not found for pid 38
I/APP     ( 1186): I 03/05/2013 13:53:13:515 000004a2         ImageCapture| onStop
I/InputReader(   77): Reconfiguring input devices.  changes=0x00000004
I/InputReader(   77): Device reconfigured: id=0, name='qwerty2', surface size is now 480x800, mode is 1
W/SurfaceFlinger(   36): createScreenshotSurface failed (Function not implemented)
I/ActivityManager(   77): Config changed: {1.0 310mcc260mnc en_US layoutdir=0 sw320dp w320dp h508dp nrml long port finger qwerty/v/v tball/v s.10}
I/APP     ( 1186): I 03/05/2013 13:53:18:138 000004a2         BaseActivity| New screen properties - width: 480, height: 800, orientation: 1
V/SimpleMainView.View( 1186): ms[1362487998219]  Main Window :: onSizeChanged() old [ 480 x 762 ]  new [ 800 x 442 ]
D/dalvikvm(   77): GC_EXPLICIT freed 84K, 13% free 11260K/12871K, paused 9ms+9ms
I/APP     ( 1186): I 03/05/2013 13:53:26:314 000004b9           HttpServer| Process URI: '/app/Request/submit_request_project'
I/APP     ( 1186): I 03/05/2013 13:53:26:316 000004b9                  APP| RHO serve: /app/Request/submit_request_project
I/APP     ( 1186): I 03/05/2013 13:53:26:348 000004b9                  APP| Params: {"project_number"=>"", "information"=>"", "hiddenImagePath"=>"/data/data/com.rhomobile.macotec/rhodata/db/db-files/Image_20130305135309317.jpg", "company"=>"Hasenbert", "phone"=>"0304987987", "email"=>"erwin@hasenbert.de"}
I/APP     ( 1186): I 03/05/2013 13:53:26:422 000004b9           HttpServer| GC Start.
I/APP     ( 1186): I 03/05/2013 13:53:26:506 000004b9           HttpServer| GC End.
I/APP     ( 1186): I 03/05/2013 13:53:26:840 000004b9           HttpServer| Process URI: '/public/images/macotec/macotec_loader.gif'
I/APP     ( 1186): I 03/05/2013 13:53:57:525 000004b9           HttpServer| Process URI: '/app/Request/request_project'
I/APP     ( 1186): I 03/05/2013 13:53:57:527 000004b9                  APP| RHO serve: /app/Request/request_project
I/APP     ( 1186): I 03/05/2013 13:53:57:827 000004b9           HttpServer| GC Start.
I/APP     ( 1186): I 03/05/2013 13:53:57:903 000004b9           HttpServer| GC End.
I/APP     ( 1186): I 03/05/2013 13:54:01:480 000004b9           HttpServer| Process URI: '/app/Request/request'
I/APP     ( 1186): I 03/05/2013 13:54:01:482 000004b9                  APP| RHO serve: /app/Request/request
I/APP     ( 1186): I 03/05/2013 13:54:01:572 000004b9           HttpServer| GC Start.
I/APP     ( 1186): I 03/05/2013 13:54:01:637 000004b9           HttpServer| GC End.
I/APP     ( 1186): I 03/05/2013 13:54:04:661 000004b9           HttpServer| Process URI: '/app/Request/request_rental'
I/APP     ( 1186): I 03/05/2013 13:54:04:663 000004b9                  APP| RHO serve: /app/Request/request_rental
I/APP     ( 1186): I 03/05/2013 13:54:04:665 000004b9                  APP| const_missing: Product
I/APP     ( 1186): I 03/05/2013 13:54:04:666 000004b9                  APP| load_model: Product
I/APP     ( 1186): I 03/05/2013 13:54:04:696 000004b9              RhoRuby| require_compiled: Product/product
I/APP     ( 1186): I 03/05/2013 13:54:04:804 000004b9                  APP| model name: Product
I/APP     ( 1186): I 03/05/2013 13:54:04:859 000004b9                  APP| model class found
I/APP     ( 1186): I 03/05/2013 13:54:04:861 000004b9                  APP| Product : {"property"=>{}}
I/APP     ( 1186): I 03/05/2013 13:54:04:893 000004b9                  APP| init_db_sources
I/APP     ( 1186): I 03/05/2013 13:54:04:895 000004b9                  APP| start_id: 40005
I/APP     ( 1186): I 03/05/2013 13:54:04:918 000004b9                  APP| Migrate schema sources: {}
I/APP     ( 1186): I 03/05/2013 13:54:05:181 000004b9           HttpServer| GC Start.
I/APP     ( 1186): I 03/05/2013 13:54:05:248 000004b9           HttpServer| GC End.
I/APP     ( 1186): I 03/05/2013 13:54:14:586 000004b9           HttpServer| Process URI: '/app/Request/new_image'
I/APP     ( 1186): I 03/05/2013 13:54:14:588 000004b9                  APP| RHO serve: /app/Request/new_image
I/APP     ( 1186): I 03/05/2013 13:54:14:623 000004b9           HttpServer| GC Start.
I/APP     ( 1186): I 03/05/2013 13:54:14:680 000004b9           HttpServer| GC End.
I/ActivityManager(   77): START {cmp=com.rhomobile.macotec/com.rhomobile.rhodes.camera.ImageCapture (has extras)} from pid 1186
W/WindowManager(   77): Failure taking screenshot for (180x300) to layer 21010
I/APP     ( 1186): I 03/05/2013 13:54:14:904 000004a2 AndroidFunctionality| Pause WebView
I/APP     ( 1186): I 03/05/2013 13:54:14:906 000004a2       RhodesActivity| onPause
I/APP     ( 1186): I 03/05/2013 13:54:14:927 000004b9           HttpServer| Process URI: '/system/uidestroyed'
I/APP     ( 1186): I 03/05/2013 13:54:14:971 000004a2    RhodesApplication| New UiState: MainActivityPaused
I/InputReader(   77): Reconfiguring input devices.  changes=0x00000004
W/SurfaceFlinger(   36): createScreenshotSurface failed (Function not implemented)
I/InputReader(   77): Device reconfigured: id=0, name='qwerty2', surface size is now 480x800, mode is 1
I/ActivityManager(   77): Config changed: {1.0 310mcc260mnc en_US layoutdir=0 sw320dp w533dp h294dp nrml long land finger qwerty/v/v tball/v s.11}
I/APP     ( 1186): I 03/05/2013 13:54:15:283 000004a2         ImageCapture| onCreate
I/APP     ( 1186): I 03/05/2013 13:54:15:349 000004a2         ImageCapture| myOrientationEventListener.enable()
I/APP     ( 1186): I 03/05/2013 13:54:15:363 000004a2         ImageCapture| onResume
D/RhodesService( 1186): +++ onStartCommand
I/RhodesService( 1186): handleCommand: startId=3, source=com.rhomobile.rhodes.BaseActivity
D/RhodesService( 1186): New activity was created
I/Process (   77): Sending signal. PID: 1186 SIG: 3
I/dalvikvm( 1186): threadid=3: reacting to signal 3
I/dalvikvm( 1186): Wrote stack traces to '/data/anr/traces.txt'
I/APP     ( 1186): I 03/05/2013 13:54:15:612 000004a2         ImageCapture| surfaceCreated
V/EmulatedCamera_Factory(   38): getCameraInfo: id = 0
V/EmulatedCamera_Camera(   38): getCameraInfo
V/EmulatedCamera_Factory(   38): getCameraInfo: id = 0
V/EmulatedCamera_Camera(   38): getCameraInfo
I/CameraService(   38): Opening camera 0
V/EmulatedCamera_Factory(   38): cameraDeviceOpen: id = 0
V/EmulatedCamera_Camera(   38): connectCamera
V/EmulatedCamera_FakeDevice(   38): connectDevice
V/EmulatedCamera_CallbackNotifier(   38): setCallbacks: 0x405954e9, 0x40595f9d, 0x40595f01, 0x40597359 (0x15e10)
V/EmulatedCamera_CallbackNotifier(   38): enableMessage: msg_type = 0x40d
V/EmulatedCamera_CallbackNotifier(   38):     CAMERA_MSG_ERROR
V/EmulatedCamera_CallbackNotifier(   38):     CAMERA_MSG_FOCUS
V/EmulatedCamera_CallbackNotifier(   38):     CAMERA_MSG_ZOOM
V/EmulatedCamera_CallbackNotifier(   38):     CAMERA_MSG_PREVIEW_METADATA
V/EmulatedCamera_CallbackNotifier(   38): **** Currently enabled messages:
V/EmulatedCamera_CallbackNotifier(   38):     CAMERA_MSG_ERROR
V/EmulatedCamera_CallbackNotifier(   38):     CAMERA_MSG_FOCUS
V/EmulatedCamera_CallbackNotifier(   38):     CAMERA_MSG_ZOOM
V/EmulatedCamera_CallbackNotifier(   38):     CAMERA_MSG_PREVIEW_METADATA
I/AwesomePlayer(   38): setDataSource_l('/system/media/audio/ui/camera_click.ogg')
V/PhoneStatusBar(  134): setLightsOn(true)
I/AwesomePlayer(   38): setDataSource_l('/system/media/audio/ui/VideoRecord.ogg')
I/Process (   77): Sending signal. PID: 1186 SIG: 3
I/dalvikvm( 1186): threadid=3: reacting to signal 3
I/dalvikvm( 1186): Wrote stack traces to '/data/anr/traces.txt'
I/APP     ( 1186): I 03/05/2013 13:54:16:063 000004a2         ImageCapture| surfaceChanged
V/EmulatedCamera_Camera(   38): setParameters
V/EmulatedCamera_Preview(   38): setPreviewWindow: current: 0x0 -> new: 0x15e20
V/EmulatedCamera_Camera(   38): doStartPreview
V/EmulatedCamera_Preview(   38): startPreview
D/EmulatedCamera_Camera(   38): Starting camera: 352x288 -> NV21(yuv420sp)
V/EmulatedCamera_FakeDevice(   38): startDevice
V/EmulatedCamera_Device(   38): commonStartDevice: Allocated 0x41a26008 152064 bytes for 101376 pixels in NV21[352x288] frame
V/EmulatedCamera_Device(   38): startDeliveringFrames
V/EmulatedCamera_Device(   38): startWorkerThread
I/APP     ( 1186): I 03/05/2013 13:54:16:133 000004a2         ImageCapture| onOrientationChanged(0)
V/EmulatedCamera_Device(   38): Starting emulated camera device worker thread...
V/EmulatedCamera_Device(   38): Emulated device's worker thread has been started.
V/EmulatedCamera_Preview(   38): onNextFrameAvailable: Adjusting preview windows 0x15e20 geometry to 352x288
I/ActivityManager(   77): Displayed com.rhomobile.macotec/com.rhomobile.rhodes.camera.ImageCapture: +1s348ms
I/APP     ( 1186): I 03/05/2013 13:54:16:829 000004a2       RhodesActivity| onStop
D/dalvikvm(   77): GC_EXPLICIT freed 133K, 13% free 11251K/12871K, paused 4ms+37ms
I/APP     ( 1186): I 03/05/2013 13:54:18:845 000004a2         ImageCapture| onOrientationChanged(270)
I/APP     ( 1186): I 03/05/2013 13:54:21:213 000004a2         ImageCapture| Camera rotation: 0
I/APP     ( 1186): I 03/05/2013 13:54:21:214 000004a2         ImageCapture| Camera rotation resetup for platforms >= 2.2: 1
V/ImageCapture( 1186): ms[1362488061228] $$$   parameters.set(rotation, 0 );
V/EmulatedCamera_Camera(   38): setParameters
V/EmulatedCamera_CallbackNotifier(   38): enableMessage: msg_type = 0x302
V/EmulatedCamera_CallbackNotifier(   38):     CAMERA_MSG_SHUTTER
V/EmulatedCamera_CallbackNotifier(   38):     CAMERA_MSG_COMPRESSED_IMAGE
V/EmulatedCamera_CallbackNotifier(   38):     CAMERA_MSG_RAW_IMAGE_NOTIFY
V/EmulatedCamera_CallbackNotifier(   38): **** Currently enabled messages:
V/EmulatedCamera_CallbackNotifier(   38):     CAMERA_MSG_ERROR
V/EmulatedCamera_CallbackNotifier(   38):     CAMERA_MSG_SHUTTER
V/EmulatedCamera_CallbackNotifier(   38):     CAMERA_MSG_FOCUS
V/EmulatedCamera_CallbackNotifier(   38):     CAMERA_MSG_ZOOM
V/EmulatedCamera_CallbackNotifier(   38):     CAMERA_MSG_COMPRESSED_IMAGE
V/EmulatedCamera_CallbackNotifier(   38):     CAMERA_MSG_RAW_IMAGE_NOTIFY
V/EmulatedCamera_CallbackNotifier(   38):     CAMERA_MSG_PREVIEW_METADATA
V/EmulatedCamera_Camera(   38): takePicture
V/EmulatedCamera_Camera(   38): doStopPreview
V/EmulatedCamera_Device(   38): stopDeliveringFrames
V/EmulatedCamera_Device(   38): stopWorkerThread
V/EmulatedCamera_Device(   38): Stopping emulated camera device's worker thread...
V/EmulatedCamera_Device(   38): Emulated camera device's worker thread has been stopped.
V/EmulatedCamera_FakeDevice(   38): stopDevice
V/EmulatedCamera_Preview(   38): stopPreview
